Mobile Suit Arena - Battle logs
Game started!

Kiraya

Choose to play second

Choose to keep starting hand

Gordon

Choose to keep starting hand

Turn 1 started!

Turn end phase started

Kiraya

Passed

Gordon

Passed

Turn ended!

Turn 2 started!

Kiraya

Graze Custom deployed

Turn end phase started

Gordon

Passed

Kiraya

Passed

Turn ended!

Turn 3 started!

Turn end phase started

Kiraya

Passed

Gordon

Passed

Turn ended!

Turn 4 started!

Kiraya

Hyakuren deployed

Battle initiated

Kiraya

Battle declared: Graze Custom against Enemy Player

Gordon

No blockers available

Action step

Gordon

Passed

Kiraya

Passed

Battle started: Graze Custom against EX Base

Gordon

EX Base received 2 damage, leaving 1 HP remaining

Battle ended

Turn end phase started

Gordon

Passed

Kiraya

Passed

Turn ended!

Turn 5 started!

Gordon

Played action: Improved Technique

Improved Technique: Dealt 3 damage to Hyakuren, now destroyed

Turn end phase started

Kiraya

Passed

Gordon

Passed

Turn ended!

Turn 6 started!

Battle initiated

Kiraya

Battle declared: Graze Custom against Enemy Player

Gordon

No blockers available

Action step

Gordon

Passed

Kiraya

Passed

Battle started: Graze Custom against EX Base

Gordon

EX Base received 2 damage, now destroyed

Battle ended

Kiraya

Gundam Barbatos 1st Form deployed

Replaced EX Base base: Isaribi

Shield card added to hand

Turn end phase started

Gordon

Passed

Kiraya

Passed

Turn ended!

Turn 7 started!

Gordon

Geara Doga (Sleeves) deployed

Geara Doga (Sleeves) deployed

Turn end phase started

Kiraya

Passed

Gordon

Passed

Turn ended!

Turn 8 started!

Kiraya

Gundam Barbatos Adapt deployed

Selecting target for Gundam Barbatos Adapt

Gundam Barbatos Adapt: Dealt 1 damage to: Gundam Barbatos 1st Form and Geara Doga (Sleeves)

Battle initiated

Kiraya

Battle declared: Graze Custom against Enemy Player

Gordon

No blockers available

Action step

Gordon

Passed

Kiraya

Passed

Battle started: Graze Custom against Enemy Shield

Gordon

Shield card: Airframe Seizure revealed and discarded

Battle ended

Battle initiated

Kiraya

Battle declared: Gundam Barbatos 1st Form against Enemy Player

Gundam Barbatos 1st Form: Draw a card

Gordon

No blockers available

Action step

Gordon

Passed

Kiraya

Passed

Battle started: Gundam Barbatos 1st Form against Enemy Shield

Gordon

Shield card: Gyunei Guss revealed

Shield card added to hand: Gyunei Guss

Battle ended

Kiraya

Linked pilot: Mikazuki Augus on unit Gundam Barbatos 1st Form

Selecting target for Mikazuki Augus

Mikazuki Augus: Dealt 1 damage to: Gundam Barbatos Adapt and Geara Doga (Sleeves)

Played command: Airframe Seizure

Selecting target for Airframe Seizure

Gundam Gusion Rebake Full City discarded

Airframe Seizure: Draw 2 cards

Turn end phase started

Gordon

Passed

Kiraya

Passed

Turn ended!

Turn 9 started!

Battle initiated

Gordon

Battle declared: Geara Doga (Sleeves) against Gundam Barbatos 1st Form

Kiraya

No blockers available

Action step

Kiraya

Passed

Gordon

Passed

Battle started: Geara Doga (Sleeves) against Gundam Barbatos 1st Form

Kiraya

Gundam Barbatos 1st Form received 2 damage, now destroyed

Gordon

Geara Doga (Sleeves) received 5 damage, now destroyed

Selecting target for Geara Doga (Sleeves)

Geara Doga (Sleeves): Dealt 1 damage to Gundam Barbatos Adapt, leaving 2 HP remaining

Battle ended

Battle initiated

Gordon

Battle declared: Geara Doga (Sleeves) against Graze Custom

Kiraya

No blockers available

Action step

Kiraya

Passed

Gordon

Passed

Battle started: Geara Doga (Sleeves) against Graze Custom

Kiraya

Graze Custom received 2 damage, now destroyed

Gordon

Geara Doga (Sleeves) received 2 damage, leaving 1 HP remaining

Battle ended

Gordon

Quess's Jagd Doga deployed

Quess's Jagd Doga deployed

Turn end phase started

Kiraya

Passed

Gordon

Passed

Turn ended!

Turn 10 started!

Kiraya

Gundam Barbatos Adapt deployed

Selecting target for Gundam Barbatos Adapt

Gundam Barbatos Adapt: Dealt 1 damage to: Gundam Barbatos Adapt and Geara Doga (Sleeves)

Gordon

Selecting target for Geara Doga (Sleeves)

Geara Doga (Sleeves): Dealt 1 damage to Gundam Barbatos Adapt, leaving 1 HP remaining

Battle initiated

Kiraya

Battle declared: Gundam Barbatos Adapt against Enemy Player

Gordon

No blockers available

Action step

Gordon

Passed

Kiraya

Passed

Battle started: Gundam Barbatos Adapt against Enemy Shield

Gordon

Shield card: Widespread Annihilation revealed and discarded

Battle ended

Kiraya

Shiden Custom (Ryusei-Go) deployed

Turn end phase started

Gordon

Passed

Kiraya

Passed

Turn ended!

Turn 11 started!

Battle initiated

Gordon

Battle declared: Quess's Jagd Doga against Enemy Player

Kiraya

Assigned no blocker

Action step

Kiraya

Passed

Gordon

Passed

Battle started: Quess's Jagd Doga against Isaribi

Kiraya

Isaribi received 3 damage, leaving 2 HP remaining

Battle ended

Battle initiated

Gordon

Battle declared: Quess's Jagd Doga against Enemy Player

Kiraya

Assigned no blocker

Action step

Kiraya

Passed

Gordon

Passed

Battle started: Quess's Jagd Doga against Isaribi

Kiraya

Isaribi received 3 damage, now destroyed

Battle ended

Gordon

Sazabi deployed

Selecting target for Sazabi

Sazabi milled 3: Sazabi and Geara Doga (Sleeves) and Airframe Seizure moved to trash

Selecting target for Sazabi

Geara Doga (Sleeves) returned to hand

Quess's Jagd Doga returned to hand

Paired pilot: Gyunei Guss on unit Sazabi

Played action: Darkness Finger

Darkness Finger: Dealt 2 damage to Gundam Barbatos Adapt, now destroyed

Turn end phase started

Kiraya

Passed

Gordon

Passed

Turn ended!

Turn 12 started!

Battle initiated

Kiraya

Battle declared: Gundam Barbatos Adapt against Quess's Jagd Doga

Gordon

Assigned Sazabi to block

Action step

Gordon

Passed

Kiraya

Passed

Battle started: Gundam Barbatos Adapt against Sazabi

Gordon

Sazabi received 2 damage, leaving 3 HP remaining

Kiraya

Gundam Barbatos Adapt received 7 damage, now destroyed

Battle ended

Kiraya

Gundam Barbatos Lupus deployed

Activated: Gundam Barbatos Lupus

Gundam Gusion Rebake Full City, Gundam Barbatos Adapt and Gundam Barbatos Adapt exiled from the game

Selecting target for Gundam Barbatos Lupus

Gundam Barbatos Lupus: Dealt 2 damage to Sazabi, leaving 1 HP remaining

Activated: Gundam Barbatos Lupus

Hyakuren, Gundam Barbatos 1st Form and Graze Custom exiled from the game

Selecting target for Gundam Barbatos Lupus

Gundam Barbatos Lupus: Dealt 2 damage to Sazabi, now destroyed

Played base: Isaribi

Shield card added to hand

Turn end phase started

Gordon

Passed

Kiraya

Passed

Turn ended!

Turn 13 started!

Battle initiated

Gordon

Battle declared: Quess's Jagd Doga against Enemy Player

Kiraya

Assigned no blocker

Action step

Kiraya

Passed

Gordon

Passed

Battle started: Quess's Jagd Doga against Isaribi

Kiraya

Isaribi received 3 damage, leaving 2 HP remaining

Battle ended

Gordon

Sazabi deployed

Geara Doga (Sleeves) deployed

Turn end phase started

Kiraya

Passed

Gordon

Passed

Turn ended!

Turn 14 started!

Kiraya

Gundam Gusion Rebake deployed

Selecting target for Gundam Gusion Rebake

Gundam Gusion Rebake: Dealt 1 damage to: Gundam Gusion Rebake and Quess's Jagd Doga

Hyakuren deployed

Paired pilot: Mikazuki Augus on unit Gundam Gusion Rebake

Selecting target for Mikazuki Augus

Mikazuki Augus: Dealt 1 damage to: Hyakuren and Quess's Jagd Doga

Battle initiated

Kiraya

Battle declared: Gundam Barbatos Lupus against Enemy Player

Gordon

No blockers available

Action step

Gordon

Passed

Kiraya

Passed

Battle started: Gundam Barbatos Lupus against Enemy Shield

Gordon

Shield card: Axis revealed

Played base: Axis

Shield card added to hand

Battle ended

Turn end phase started

Gordon

Passed

Kiraya

Passed

Turn ended!

Turn 15 started!

Gordon

Alpha Azieru deployed

Battle initiated

Gordon

Battle declared: Sazabi against Gundam Barbatos Lupus

Selecting target for Sazabi

Sazabi: destroyed Geara Doga (Sleeves)

Kiraya

Selecting target for Sazabi

Gordon

Sazabi: destroyed Gundam Gusion Rebake

Selecting target for Geara Doga (Sleeves)

Geara Doga (Sleeves): Dealt 1 damage to Hyakuren, leaving 1 HP remaining

Alpha Azieru: Draw a card

Kiraya

Assigned Shiden Custom (Ryusei-Go) to block

Action step

Kiraya

Passed

Gordon

Passed

Battle started: Sazabi against Shiden Custom (Ryusei-Go)

Kiraya

Shiden Custom (Ryusei-Go) received 5 damage, now destroyed

Gordon

Sazabi received 4 damage, leaving 1 HP remaining

Battle ended

Gordon

Activated: Axis

Rested base: Axis

Quess's Jagd Doga deployed

Turn end phase started

Kiraya

Passed

Gordon

Passed

Turn ended!

Turn 16 started!

Kiraya

Activated: Isaribi

Rested base: Isaribi

Isaribi: Modifier applied to: Hyakuren

Battle initiated

Kiraya

Battle declared: Hyakuren against Enemy Player

Gordon

Assigned no blocker

Action step

Gordon

Passed

Kiraya

Passed

Battle started: Hyakuren against Axis

Gordon

Axis received 6 damage, now destroyed

Battle ended

Kiraya

Shiden Custom (Ryusei-Go) deployed

Linked pilot: Mikazuki Augus on unit Shiden Custom (Ryusei-Go)

Selecting target for Mikazuki Augus

Mikazuki Augus: Dealt 1 damage to: Shiden Custom (Ryusei-Go) and Sazabi

Graze Custom deployed

Battle initiated

Kiraya

Battle declared: Gundam Barbatos Lupus against Enemy Player

Gordon

Assigned Alpha Azieru to block

Action step

Gordon

Passed

Kiraya

Passed

Battle started: Gundam Barbatos Lupus against Alpha Azieru

Gordon

Alpha Azieru received 5 damage, now destroyed

Kiraya

Gundam Barbatos Lupus received 6 damage, now destroyed

Battle ended

Turn end phase started

Gordon

Passed

Kiraya

Passed

Turn ended!

Turn 17 started!

Battle initiated

Gordon

Battle declared: Quess's Jagd Doga against Hyakuren

Kiraya

Assigned no blocker

Action step

Kiraya

Passed

Gordon

Passed

Battle started: Quess's Jagd Doga against Hyakuren

Kiraya

Hyakuren received 3 damage, now destroyed

Gordon

Quess's Jagd Doga received 4 damage, now destroyed

Battle ended

Gordon

Alpha Azieru deployed

Rezin's Geara Doga deployed

Turn end phase started

Kiraya

Passed

Gordon

Passed

Turn ended!

Turn 18 started!

Kiraya

Gundam Barbatos Lupus deployed

Battle initiated

Kiraya

Battle declared: Shiden Custom (Ryusei-Go) against Enemy Player

Gordon

Assigned no blocker

Action step

Gordon

Passed

Kiraya

Passed

Battle started: Shiden Custom (Ryusei-Go) against Enemy Shield

Gordon

Shield card: Gwadan revealed

Played base: Gwadan

No more Shield cards to add to hand

Battle ended

Turn end phase started

Gordon

Passed

Kiraya

Passed

Turn ended!

Turn 19 started!

Battle initiated

Gordon

Battle declared: Rezin's Geara Doga against Shiden Custom (Ryusei-Go)

Kiraya

No blockers available

Action step

Kiraya

Passed

Gordon

Passed

Battle started: Rezin's Geara Doga against Shiden Custom (Ryusei-Go)

Kiraya

Shiden Custom (Ryusei-Go) received 3 damage, now destroyed

Gordon

Rezin's Geara Doga received 6 damage, now destroyed

Battle ended

Gordon

Sazabi deployed

Linked pilot: Char Aznable on unit Sazabi

Selecting target for Char Aznable

Replaced Gwadan base: Axis

No more Shield cards to add to hand

Quess's Jagd Doga deployed

Battle initiated

Gordon

Battle declared: Sazabi against Enemy Player

Selecting target for Sazabi

Sazabi: destroyed Quess's Jagd Doga

Kiraya

Selecting target for Sazabi

Gordon

Sazabi: destroyed Graze Custom

Alpha Azieru: Draw a card

Quess's Jagd Doga returned to hand

Kiraya

No blockers available

Action step

Kiraya

Passed

Gordon

Passed

Battle started: Sazabi against Isaribi

Kiraya

Isaribi received 7 damage, now destroyed

Battle ended

Turn end phase started

Kiraya

Passed

Gordon

Passed

Turn ended!

Turn 20 started!

Kiraya

Activated: Gundam Barbatos Lupus

Hyakuren, Shiden Custom (Ryusei-Go) and Graze Custom exiled from the game

Selecting target for Gundam Barbatos Lupus

Gundam Barbatos Lupus: Dealt 2 damage to Alpha Azieru, leaving 3 HP remaining

Activated: Gundam Barbatos Lupus

Gundam Gusion Rebake, Shiden Custom (Ryusei-Go) and Gundam Barbatos Lupus exiled from the game

Selecting target for Gundam Barbatos Lupus

Gundam Barbatos Lupus: Dealt 2 damage to Sazabi, leaving 5 HP remaining

Turn end phase started

Gordon

Passed

Kiraya

Passed

Turn ended!

Turn 21 started!

Gordon

Quess's Jagd Doga deployed

Battle initiated

Gordon

Battle declared: Sazabi against Enemy Player

Selecting target for Sazabi

Sazabi: destroyed Quess's Jagd Doga

Kiraya

Selecting target for Sazabi

Gordon

Sazabi: destroyed Gundam Barbatos Lupus

Alpha Azieru: Draw a card

Quess's Jagd Doga returned to hand

Kiraya

No blockers available

Action step

Kiraya

Passed

Gordon

Passed

Battle started: Sazabi against Enemy Shield

Kiraya

Shield cards: Isaribi and Gundam Barbatos 1st Form revealed

Shield cards: Gundam Barbatos 1st Form moved to trash

Played base: Isaribi

Shield card added to hand

Battle ended

Gordon

Activated: Axis

Rested base: Axis

Quess's Jagd Doga deployed

Paired pilot: Full Frontal on unit Quess's Jagd Doga

Selecting target for Full Frontal

Rezin's Geara Doga deployed

Linked pilot: Gyunei Guss on unit Rezin's Geara Doga

Turn end phase started

Kiraya

Passed

Gordon

Passed

Turn ended!

Turn 22 started!

Kiraya

Shiden Custom (Ryusei-Go) deployed

Shiden Custom (Ryusei-Go) deployed

Turn end phase started

Gordon

Played action: Improved Technique

Improved Technique: Dealt 3 damage to Shiden Custom (Ryusei-Go), now destroyed

Kiraya

Passed