Mobile Suit Arena - Battle logs
Game started!

Berry

Choose to play second

Kiraya

Choose to mulligan starting hand

Berry

Choose to mulligan starting hand

Turn 1 started!

Kiraya

Played command: Airframe Seizure

Selecting target for Airframe Seizure

Hyakuren discarded

Airframe Seizure: Draw 2 cards

Turn end phase started

Berry

Passed

Kiraya

Passed

Turn ended!

Turn 2 started!

Turn end phase started

Kiraya

Passed

Berry

Passed

Turn ended!

Turn 3 started!

Turn end phase started

Berry

Passed

Kiraya

Passed

Turn ended!

Turn 4 started!

Turn end phase started

Kiraya

Passed

Berry

Passed

Turn ended!

Turn 5 started!

Kiraya

Hyakuren deployed

Turn end phase started

Berry

Passed

Kiraya

Passed

Turn ended!

Turn 6 started!

Berry

Strike Rouge (Kira's Unit) deployed

Graze Custom deployed

Turn end phase started

Kiraya

Passed

Berry

Passed

Turn ended!

Turn 7 started!

Battle initiated

Kiraya

Battle declared: Hyakuren against Enemy Player

Berry

No blockers available

Action step

Berry

Passed

Kiraya

Passed

Battle started: Hyakuren against EX Base

Berry

EX Base received 4 damage, now destroyed

Battle ended

Kiraya

Gundam Barbatos 1st Form deployed

Linked pilot: Mikazuki Augus on unit Gundam Barbatos 1st Form

Selecting target for Mikazuki Augus

Mikazuki Augus: Dealt 1 damage to: Gundam Barbatos 1st Form and Strike Rouge (Kira's Unit)

Battle initiated

Kiraya

Battle declared: Gundam Barbatos 1st Form against Enemy Player

Gundam Barbatos 1st Form: Draw a card

Berry

No blockers available

Action step

Berry

Passed

Kiraya

Passed

Battle started: Gundam Barbatos 1st Form against Enemy Shield

Berry

Shield card: Gundam Gusion Rebake revealed and discarded

Battle ended

Kiraya

Graze Custom deployed

Turn end phase started

Berry

Passed

Kiraya

Passed

Turn ended!

Turn 8 started!

Berry

Gundam Barbatos Adapt deployed

Selecting target for Gundam Barbatos Adapt

Gundam Barbatos Adapt: Dealt 1 damage to: Gundam Barbatos Adapt and Gundam Barbatos 1st Form

Linked pilot: Mikazuki Augus on unit Gundam Barbatos Adapt

Selecting target for Mikazuki Augus

Mikazuki Augus: Dealt 1 damage to: Gundam Barbatos Adapt and Gundam Barbatos 1st Form

Battle initiated

Berry

Battle declared: Strike Rouge (Kira's Unit) against Enemy Player

Kiraya

No blockers available

Action step

Kiraya

Passed

Berry

Passed

Battle started: Strike Rouge (Kira's Unit) against EX Base

Kiraya

EX Base received 3 damage, now destroyed

Battle ended

Battle initiated

Berry

Battle declared: Gundam Barbatos Adapt against Enemy Player

Kiraya

No blockers available

Action step

Kiraya

Passed

Berry

Passed

Battle started: Gundam Barbatos Adapt against Enemy Shield

Kiraya

Shield card: Gundam Gusion Rebake revealed and discarded

Battle ended

Berry

Paired pilot: Andrew Waldfeld on unit Graze Custom

Battle initiated

Berry

Battle declared: Graze Custom against Hyakuren

Kiraya

No blockers available

Action step

Kiraya

Passed

Berry

Passed

Battle started: Graze Custom against Hyakuren

Kiraya

Hyakuren received 4 damage, now destroyed

Berry

Graze Custom received 4 damage, now destroyed

Battle ended

Turn end phase started

Kiraya

Passed

Berry

Passed

Turn ended!

Turn 9 started!

Kiraya

Gundam Barbatos Adapt deployed

Selecting target for Gundam Barbatos Adapt

Gundam Barbatos Adapt: Dealt 1 damage to: Gundam Barbatos Adapt and Gundam Barbatos Adapt

Battle initiated

Kiraya

Battle declared: Graze Custom against Gundam Barbatos Adapt

Berry

No blockers available

Action step

Berry

Passed

Kiraya

Passed

Battle started: Graze Custom against Gundam Barbatos Adapt

Berry

Gundam Barbatos Adapt received 2 damage, now destroyed

Kiraya

Graze Custom received 4 damage, now destroyed

Battle ended

Kiraya

Shiden Custom (Ryusei-Go) deployed

Turn end phase started

Berry

Passed

Kiraya

Passed

Turn ended!

Turn 10 started!

Berry

Strike Rouge (Ootori) deployed

Linked pilot: Andrew Waldfeld on unit Strike Rouge (Ootori)

Battle initiated

Berry

Battle declared: Strike Rouge (Kira's Unit) against Enemy Player

Kiraya

Assigned Shiden Custom (Ryusei-Go) to block

Action step

Kiraya

Passed

Berry

Passed

Battle started: Strike Rouge (Kira's Unit) against Shiden Custom (Ryusei-Go)

Kiraya

Shiden Custom (Ryusei-Go) received 3 damage, now destroyed

Berry

Strike Rouge (Kira's Unit) received 4 damage, now destroyed

Battle ended

Turn end phase started

Kiraya

Passed

Berry

Passed

Turn ended!

Turn 11 started!

Kiraya

Gundam Gusion Rebake Full City deployed

Paired pilot: Zeheart Galette on unit Gundam Gusion Rebake Full City

Zeheart Galette milled 2: Mikazuki Augus and Isaribi moved to trash

Battle initiated

Kiraya

Battle declared: Gundam Barbatos Adapt against Enemy Player

Berry

Assigned no blocker

Action step

Berry

Passed

Kiraya

Passed

Battle started: Gundam Barbatos Adapt against Enemy Shield

Berry

Shield card: Graze Custom revealed and discarded

Battle ended

Turn end phase started

Berry

Passed

Kiraya

Passed

Turn ended!

Turn 12 started!

Berry

Strike Rouge (Ootori) deployed

Turn end phase started

Kiraya

Passed

Berry

Passed

Turn ended!

Turn 13 started!

Kiraya

Gundam Barbatos 1st Form deployed

Gundam Gusion Rebake deployed

Selecting target for Gundam Gusion Rebake

Gundam Gusion Rebake: Dealt 1 damage to: Gundam Barbatos 1st Form and Strike Rouge (Ootori)

Selecting target for Gundam Gusion Rebake Full City

Rested unit: Strike Rouge (Ootori)

Paired pilot: Zeheart Galette on unit Gundam Barbatos Adapt

Zeheart Galette milled 2: Isaribi and Shiden Custom (Ryusei-Go) moved to trash

Battle initiated

Kiraya

Battle declared: Gundam Barbatos Adapt against Strike Rouge (Ootori)

Berry

Assigned no blocker

Action step

Berry

Passed

Kiraya

Passed

Battle started: Gundam Barbatos Adapt against Strike Rouge (Ootori)

Berry

Strike Rouge (Ootori) received 4 damage, now destroyed

Kiraya

Gundam Barbatos Adapt received 5 damage, now destroyed

Battle ended

Battle initiated

Kiraya

Battle declared: Gundam Gusion Rebake Full City against Enemy Player

Berry

Assigned no blocker

Action step

Berry

Passed

Kiraya

Passed

Battle started: Gundam Gusion Rebake Full City against Enemy Shield

Berry

Shield card: Murasame (Andrew Waldfeld Unit) revealed and discarded

Battle ended

Turn end phase started

Berry

Passed

Kiraya

Passed

Turn ended!

Turn 14 started!

Berry

Played base: Isaribi

Shield card added to hand

Strike Freedom Gundam deployed

Selecting target for Strike Freedom Gundam

Strike Freedom Gundam: Modifier applied to: Strike Rouge (Ootori)

Strike Freedom Gundam: Modifier applied to: Strike Freedom Gundam

Strike Freedom Gundam: chose Strike Rouge (Ootori) and Strike Freedom Gundam

Linked pilot: Andrew Waldfeld on unit Strike Rouge (Ootori)

Battle initiated

Berry

Battle declared: Strike Rouge (Ootori) against Enemy Player

Kiraya

Assigned no blocker

Action step

Kiraya

Passed

Berry

Passed

Battle started: Strike Rouge (Ootori) against Enemy Shield

Kiraya

Shield card: Shiden Custom (Ryusei-Go) revealed and discarded

Berry

Strike Freedom Gundam: Draw a card

Battle ended

Turn end phase started

Kiraya

Passed

Berry

Passed

Turn ended!

Turn 15 started!

Kiraya

Gundam Barbatos 1st Form deployed

Gundam Gusion Rebake deployed

Selecting target for Gundam Gusion Rebake

Gundam Gusion Rebake: Dealt 1 damage to: Gundam Barbatos 1st Form and Strike Rouge (Ootori)

Selecting target for Gundam Gusion Rebake Full City

Already rested unit: Strike Rouge (Ootori)

Gundam Exia Repair deployed

Battle initiated

Kiraya

Battle declared: Gundam Gusion Rebake Full City against Enemy Player

Berry

No blockers available

Action step

Berry

Passed

Kiraya

Passed

Battle started: Gundam Gusion Rebake Full City against Isaribi

Berry

Isaribi received 7 damage, now destroyed

Battle ended

Battle initiated

Kiraya

Battle declared: Gundam Barbatos 1st Form against Enemy Player

Gundam Barbatos 1st Form: Draw a card

Berry

No blockers available

Action step

Berry

Passed

Kiraya

Passed

Battle started: Gundam Barbatos 1st Form against Enemy Shield

Berry

Shield card: Strike Freedom Gundam revealed and discarded

Battle ended

Turn end phase started

Berry

Passed

Kiraya

Passed

Turn ended!

Turn 16 started!

Berry

Strike Freedom Gundam deployed

Selecting target for Strike Freedom Gundam

Strike Freedom Gundam: Modifier applied to: Strike Rouge (Ootori)

Strike Freedom Gundam: Modifier applied to: Strike Freedom Gundam

Strike Freedom Gundam: chose Strike Rouge (Ootori) and Strike Freedom Gundam

M1 Astray (Shrike) deployed

Selecting target for M1 Astray (Shrike)

M1 Astray (Shrike): Dealt 1 damage to Gundam Gusion Rebake Full City, leaving 5 HP remaining

Battle initiated

Berry

Battle declared: Strike Rouge (Ootori) against Gundam Gusion Rebake Full City

Kiraya

Assigned no blocker

Action step

Kiraya

Passed

Berry

Passed

Battle started: Strike Rouge (Ootori) against Gundam Gusion Rebake Full City

Kiraya

Gundam Gusion Rebake Full City received 5 damage, now destroyed

Berry

Strike Rouge (Ootori) received 7 damage, now destroyed

Strike Freedom Gundam: Draw a card

Battle ended

Battle initiated

Berry

Battle declared: Strike Freedom Gundam against Gundam Barbatos 1st Form

Kiraya

Assigned Gundam Gusion Rebake to block

Action step

Kiraya

Passed

Berry

Passed

Battle started: Strike Freedom Gundam against Gundam Gusion Rebake

Kiraya

Gundam Gusion Rebake received 5 damage, now destroyed

Berry

Strike Freedom Gundam received 3 damage, leaving 3 HP remaining

Strike Freedom Gundam: Draw a card

Battle ended

Berry

M1 Astray (Shrike) deployed

Selecting target for M1 Astray (Shrike)

M1 Astray (Shrike): Dealt 1 damage to Gundam Barbatos 1st Form, now destroyed

Turn end phase started

Kiraya

Passed

Berry

Passed

Turn ended!

Turn 17 started!

Kiraya

Played base: Isaribi

Shield card added to hand

Battle initiated

Kiraya

Battle declared: Gundam Exia Repair against Enemy Player

Berry

No blockers available

Action step

Berry

Passed

Kiraya

Passed

Battle started: Gundam Exia Repair against Enemy Shield

Berry

Shield card: Murasame (Andrew Waldfeld Unit) revealed and discarded

Battle ended

Battle initiated

Kiraya

Battle declared: Gundam Barbatos 1st Form against Enemy Player

Gundam Barbatos 1st Form: Draw a card

Berry

No blockers available

Action step

Kiraya

Played action: Darkness Finger

Darkness Finger: Dealt 2 damage to M1 Astray (Shrike), now destroyed

Berry

Passed

Kiraya

Passed

Battle started: Gundam Barbatos 1st Form against Enemy Player

Berry

No more shields available, game is over!

Kiraya

Winner!

Game ended!