Mobile Suit Arena - Battle logs
Game started!

AeroSC

Choose to play first

Choose to keep starting hand

Kiraya

Choose to keep starting hand

Turn 1 started!

Turn end phase started

Kiraya

Passed

AeroSC

Passed

Turn ended!

Turn 2 started!

Kiraya

Graze Custom deployed

Turn end phase started

AeroSC

Passed

Kiraya

Passed

Turn ended!

Turn 3 started!

AeroSC

Gundam Exia Repair deployed

Graze Custom deployed

Turn end phase started

Kiraya

Passed

AeroSC

Passed

Turn ended!

Turn 4 started!

Battle initiated

Kiraya

Battle declared: Graze Custom against Enemy Player

AeroSC

No blockers available

Action step

AeroSC

Passed

Kiraya

Passed

Battle started: Graze Custom against EX Base

AeroSC

EX Base received 2 damage, leaving 1 HP remaining

Battle ended

Kiraya

Replaced EX Base base: Isaribi

Shield card added to hand

Turn end phase started

AeroSC

Passed

Kiraya

Passed

Turn ended!

Turn 5 started!

AeroSC

Replaced EX Base base: Mining Asteroid Palau

Shield card added to hand

Graze Custom deployed

Battle initiated

AeroSC

Battle declared: Gundam Exia Repair against Graze Custom

Kiraya

No blockers available

Action step

Kiraya

Passed

AeroSC

Passed

Battle started: Gundam Exia Repair against Graze Custom

Kiraya

Graze Custom received 2 damage, now destroyed

AeroSC

Gundam Exia Repair received 2 damage, now destroyed

Gundam Exia Repair milled 2: Graze Custom and Gundam Barbatos Adapt moved to trash

Battle ended

Battle initiated

AeroSC

Battle declared: Graze Custom against Enemy Player

Kiraya

No blockers available

Action step

Kiraya

Passed

AeroSC

Passed

Battle started: Graze Custom against Isaribi

Kiraya

Isaribi received 2 damage, leaving 3 HP remaining

Battle ended

Turn end phase started

Kiraya

Passed

AeroSC

Passed

Turn ended!

Turn 6 started!

Kiraya

Replaced Isaribi base: Isaribi

Shield card added to hand

Hyakuren deployed

Paired pilot: Mikazuki Augus on unit Hyakuren

Selecting target for Mikazuki Augus

Mikazuki Augus: Dealt 1 damage to: Hyakuren and Graze Custom

Turn end phase started

AeroSC

Passed

Kiraya

Passed

Turn ended!

Turn 7 started!

AeroSC

Played command: Airframe Seizure

Selecting target for Airframe Seizure

Char Aznable discarded

Airframe Seizure: Draw 2 cards

Gundam Barbatos Adapt deployed

Selecting target for Gundam Barbatos Adapt

Gundam Barbatos Adapt: Dealt 1 damage to: Gundam Barbatos Adapt and Hyakuren

Linked pilot: Mikazuki Augus on unit Gundam Barbatos Adapt

Selecting target for Mikazuki Augus

Mikazuki Augus: Dealt 1 damage to: Gundam Barbatos Adapt and Hyakuren

Turn end phase started

Kiraya

Passed

AeroSC

Passed

Turn ended!

Turn 8 started!

Battle initiated

Kiraya

Battle declared: Hyakuren against Enemy Player

AeroSC

No blockers available

Action step

AeroSC

Passed

Kiraya

Passed

Battle started: Hyakuren against Mining Asteroid Palau

AeroSC

Mining Asteroid Palau received 6 damage, now destroyed

Battle ended

Kiraya

Shiden Custom (Ryusei-Go) deployed

Graze Custom deployed

Turn end phase started

AeroSC

Passed

Kiraya

Passed

Turn ended!

Turn 9 started!

AeroSC

Gundam Barbatos Adapt deployed

Selecting target for Gundam Barbatos Adapt

Gundam Barbatos Adapt: Dealt 1 damage to: Gundam Barbatos Adapt and Hyakuren

Played command: Airframe Seizure

Selecting target for Airframe Seizure

Char Aznable discarded

Airframe Seizure: Draw 2 cards

Battle initiated

AeroSC

Battle declared: Graze Custom against Enemy Player

Kiraya

Assigned no blocker

Action step

Kiraya

Passed

AeroSC

Passed

Battle started: Graze Custom against Isaribi

Kiraya

Isaribi received 2 damage, leaving 3 HP remaining

Battle ended

Battle initiated

AeroSC

Battle declared: Gundam Barbatos Adapt against Enemy Player

Kiraya

Assigned Shiden Custom (Ryusei-Go) to block

Action step

Kiraya

Passed

AeroSC

Passed

Battle started: Gundam Barbatos Adapt against Shiden Custom (Ryusei-Go)

Kiraya

Shiden Custom (Ryusei-Go) received 4 damage, now destroyed

AeroSC

Gundam Barbatos Adapt received 4 damage, now destroyed

Battle ended

AeroSC

Gundam Exia Repair deployed

Battle initiated

AeroSC

Battle declared: Graze Custom against Enemy Player

Kiraya

No blockers available

Action step

Kiraya

Passed

AeroSC

Passed

Battle started: Graze Custom against Isaribi

Kiraya

Isaribi received 2 damage, leaving 1 HP remaining

Battle ended

Turn end phase started

Kiraya

Passed

AeroSC

Passed

Turn ended!

Turn 10 started!

Kiraya

Replaced Isaribi base: Isaribi

Shield card added to hand

Gundam Barbatos 1st Form deployed

Linked pilot: Mikazuki Augus on unit Gundam Barbatos 1st Form

Selecting target for Mikazuki Augus

Mikazuki Augus: Dealt 1 damage to: Gundam Barbatos 1st Form and Graze Custom

Paired pilot: Zeheart Galette on unit Graze Custom

Zeheart Galette milled 2: Darkness Finger and Airframe Seizure moved to trash

Battle initiated

Kiraya

Battle declared: Graze Custom against Enemy Player

AeroSC

No blockers available

Action step

AeroSC

Passed

Kiraya

Passed

Battle started: Graze Custom against Enemy Shield

AeroSC

Shield card: Shiden Custom (Ryusei-Go) revealed and discarded

Battle ended

Battle initiated

Kiraya

Battle declared: Gundam Barbatos 1st Form against Enemy Player

Gundam Barbatos 1st Form: Draw a card

AeroSC

No blockers available

Action step

AeroSC

Passed

Kiraya

Passed

Battle started: Gundam Barbatos 1st Form against Enemy Shield

AeroSC

Shield card: Widespread Annihilation revealed and discarded

Battle ended

Turn end phase started

AeroSC

Passed

Kiraya

Passed

Turn ended!

Turn 11 started!

AeroSC

Linked pilot: Mikazuki Augus on unit Gundam Barbatos Adapt

Selecting target for Mikazuki Augus

Mikazuki Augus: Dealt 1 damage to: Gundam Barbatos Adapt and Gundam Barbatos 1st Form

Paired pilot: Mikazuki Augus on unit Graze Custom

Selecting target for Mikazuki Augus

Mikazuki Augus: Dealt 1 damage to: Gundam Barbatos Adapt and Gundam Barbatos 1st Form

Battle initiated

AeroSC

Battle declared: Gundam Barbatos Adapt against Graze Custom

Kiraya

No blockers available

Action step

Kiraya

Passed

AeroSC

Passed

Battle started: Gundam Barbatos Adapt against Graze Custom

Kiraya

Graze Custom received 4 damage, now destroyed

AeroSC

Gundam Barbatos Adapt received 4 damage, now destroyed

Battle ended

Battle initiated

AeroSC

Battle declared: Graze Custom against Enemy Player

Kiraya

No blockers available

Action step

Kiraya

Passed

AeroSC

Passed

Battle started: Graze Custom against Isaribi

Kiraya

Isaribi received 4 damage, leaving 1 HP remaining

Battle ended

Battle initiated

AeroSC

Battle declared: Gundam Exia Repair against Enemy Player

Kiraya

No blockers available

Action step

Kiraya

Passed

AeroSC

Passed

Battle started: Gundam Exia Repair against Isaribi

Kiraya

Isaribi received 2 damage, now destroyed

Battle ended

Turn end phase started

Kiraya

Passed

AeroSC

Passed

Turn ended!

Turn 12 started!

Kiraya

Gundam Barbatos 1st Form deployed

Turn end phase started

AeroSC

Passed

Kiraya

Passed

Turn ended!

Turn 13 started!

AeroSC

Gundam Barbatos Lupus deployed

Activated: Gundam Barbatos Lupus

Gundam Barbatos Adapt, Shiden Custom (Ryusei-Go) and Gundam Barbatos Adapt exiled from the game

Selecting target for Gundam Barbatos Lupus

Gundam Barbatos Lupus: Dealt 2 damage to Gundam Barbatos 1st Form, now destroyed

Battle initiated

AeroSC

Battle declared: Gundam Exia Repair against Enemy Player

Kiraya

No blockers available

Action step

Kiraya

Passed

AeroSC

Passed

Battle started: Gundam Exia Repair against Enemy Shield

Kiraya

Shield card: Gundam Barbatos 1st Form revealed and discarded

Battle ended

Battle initiated

AeroSC

Battle declared: Graze Custom against Enemy Player

Kiraya

No blockers available

Action step

Kiraya

Passed

AeroSC

Passed

Battle started: Graze Custom against Enemy Shield

Kiraya

Shield card: Gundam Exia Repair revealed and discarded

Battle ended

Turn end phase started

Kiraya

Passed

AeroSC

Passed

Turn ended!

Turn 14 started!

Kiraya

Gundam Barbatos Lupus deployed

Activated: Gundam Barbatos Lupus

Graze Custom, Gundam Barbatos 1st Form and Gundam Barbatos 1st Form exiled from the game

Selecting target for Gundam Barbatos Lupus

Gundam Barbatos Lupus: Dealt 2 damage to Gundam Exia Repair, now destroyed

AeroSC

Gundam Exia Repair milled 2: Sazabi and Airframe Seizure moved to trash

Turn end phase started

AeroSC

Passed

Kiraya

Passed

Turn ended!

Turn 15 started!

AeroSC

Sazabi deployed

Battle initiated

AeroSC

Battle declared: Graze Custom against Enemy Player

Kiraya

No blockers available

Action step

Kiraya

Passed

AeroSC

Passed

Battle started: Graze Custom against Enemy Shield

Kiraya

Shield card: Airframe Seizure revealed and discarded

Battle ended

Battle initiated

AeroSC

Battle declared: Gundam Barbatos Lupus against Enemy Player

Kiraya

No blockers available

Action step

Kiraya

Passed

AeroSC

Winner!

Game ended!