Mobile Suit Arena - Battle logs
Game started!

GravityI

Choose to play first

Kiraya

Choose to mulligan starting hand

GravityI

Choose to mulligan starting hand

Turn 1 started!

GravityI

Played command: Airframe Seizure

Selecting target for Airframe Seizure

Cyclone Punch discarded

Airframe Seizure: Draw 2 cards

Turn end phase started

Kiraya

Passed

GravityI

Passed

Turn ended!

Turn 2 started!

Kiraya

Graze Custom deployed

Turn end phase started

GravityI

Passed

Kiraya

Passed

Turn ended!

Turn 3 started!

GravityI

Played command: Overflowing Affection

Overflowing Affection: Draw 2 cards

Selecting target for Overflowing Affection

Rising Gundam discarded

Shining Gundam deployed

Turn end phase started

Kiraya

Passed

GravityI

Passed

Turn ended!

Turn 4 started!

Kiraya

Graze Custom deployed

Gundam Exia Repair deployed

Battle initiated

Kiraya

Battle declared: Graze Custom against Enemy Player

GravityI

No blockers available

Action step

GravityI

Passed

Kiraya

Passed

Battle started: Graze Custom against EX Base

GravityI

EX Base received 2 damage, leaving 1 HP remaining

Battle ended

Turn end phase started

GravityI

Passed

Kiraya

Passed

Turn ended!

Turn 5 started!

GravityI

Played command: Overflowing Affection

Overflowing Affection: Draw 2 cards

Selecting target for Overflowing Affection

Rising Gundam discarded

Played command: Airframe Seizure

Selecting target for Airframe Seizure

Shining Gundam discarded

Airframe Seizure: Draw 2 cards

Played command: Airframe Seizure

Selecting target for Airframe Seizure

Shining Gundam (Super Mode) discarded

Airframe Seizure: Draw 2 cards

Battle initiated

GravityI

Battle declared: Shining Gundam against Graze Custom

Kiraya

No blockers available

Action step

Kiraya

Passed

GravityI

Passed

Battle started: Shining Gundam against Graze Custom

Kiraya

Graze Custom received 2 damage, now destroyed

GravityI

Shining Gundam received 2 damage, now destroyed

Battle ended

Turn end phase started

Kiraya

Passed

GravityI

Passed

Turn ended!

Turn 6 started!

Battle initiated

Kiraya

Battle declared: Graze Custom against Enemy Player

GravityI

No blockers available

Action step

GravityI

Passed

Kiraya

Passed

Battle started: Graze Custom against EX Base

GravityI

EX Base received 2 damage, now destroyed

Battle ended

Battle initiated

Kiraya

Battle declared: Gundam Exia Repair against Enemy Player

GravityI

No blockers available

Action step

GravityI

Passed

Kiraya

Passed

Battle started: Gundam Exia Repair against Enemy Shield

GravityI

Shield card: Shining Gundam revealed and discarded

Battle ended

Kiraya

Shiden Custom (Ryusei-Go) deployed

Turn end phase started

GravityI

Passed

Kiraya

Passed

Turn ended!

Turn 7 started!

GravityI

Shining Gundam deployed

Selecting target for Shining Gundam

Shining Gundam and Shining Gundam exiled from the game

Selecting target for Shining Gundam

Cyclone Punch returned to hand

Linked pilot: Domon Kasshu on unit Shining Gundam

Domon Kasshu: Draw a card

Selecting target for Domon Kasshu

Darkness Finger discarded

Selecting target for Domon Kasshu

Selecting target for Darkness Finger

Darkness Finger: Dealt 2 damage to Graze Custom, now destroyed

Battle initiated

GravityI

Battle declared: Shining Gundam against Gundam Exia Repair

Shining Gundam: 1 resource set as active

Kiraya

Assigned Shiden Custom (Ryusei-Go) to block

Action step

Kiraya

Passed

GravityI

Passed

Battle started: Shining Gundam against Shiden Custom (Ryusei-Go)

Kiraya

Shiden Custom (Ryusei-Go) received 5 damage, now destroyed

GravityI

Shining Gundam received 4 damage, leaving 1 HP remaining

Battle ended

GravityI

Played action: Darkness Finger

Darkness Finger: Dealt 2 damage to Gundam Exia Repair, now destroyed

Kiraya

Gundam Exia Repair milled 2: Airframe Seizure and Mikazuki Augus moved to trash

Turn end phase started

Kiraya

Passed

GravityI

Passed

Turn ended!

Turn 8 started!

Kiraya

Played action: Darkness Finger

Darkness Finger: Dealt 2 damage to Shining Gundam, now destroyed

Hyakuren deployed

Replaced EX Base base: Isaribi

Shield card added to hand

Turn end phase started

GravityI

Passed

Kiraya

Passed

Turn ended!

Turn 9 started!

GravityI

Played command: Overflowing Affection

Overflowing Affection: Draw 2 cards

Selecting target for Overflowing Affection

Shining Finger discarded

Rising Gundam deployed

Played command: Cyclone Punch

Cyclone Punch: Modifier applied to: Hyakuren

Selecting target for Cyclone Punch

Linked pilot: Chibodee Crocket on unit Rising Gundam

Selecting target for Rising Gundam

Rested unit: Hyakuren

Battle initiated

GravityI

Battle declared: Rising Gundam against Hyakuren

Kiraya

No blockers available

Action step

Kiraya

Passed

GravityI

Passed

Battle started: Rising Gundam against Hyakuren

Kiraya

Hyakuren received 5 damage, now destroyed

GravityI

Rising Gundam received 2 damage, leaving 2 HP remaining

Battle ended

Turn end phase started

Kiraya

Passed

GravityI

Passed

Turn ended!

Turn 10 started!

Kiraya

Gundam Barbatos 1st Form deployed

Gundam Gusion Rebake deployed

Selecting target for Gundam Gusion Rebake

Gundam Gusion Rebake: Dealt 1 damage to: Gundam Barbatos 1st Form and Rising Gundam

Turn end phase started

GravityI

Passed

Kiraya

Passed

Turn ended!

Turn 11 started!

GravityI

Played base: Mining Asteroid Palau

Shield card added to hand

Battle initiated

GravityI

Battle declared: Rising Gundam against Enemy Player

Kiraya

Assigned Gundam Gusion Rebake to block

Action step

Kiraya

Passed

GravityI

Passed

Battle started: Rising Gundam against Gundam Gusion Rebake

Kiraya

Gundam Gusion Rebake received 5 damage, now destroyed

GravityI

Rising Gundam received 3 damage, now destroyed

Battle ended

GravityI

Rising Gundam deployed

Played command: Hoka Kyoten Juzetsujin

Hoka Kyoten Juzetsujin: Modifier applied to: Rising Gundam

Selecting target for Hoka Kyoten Juzetsujin

Linked pilot: Sai Saici on unit Rising Gundam

Selecting target for Rising Gundam

Rested unit: Gundam Barbatos 1st Form

Battle initiated

GravityI

Battle declared: Rising Gundam against Gundam Barbatos 1st Form

Kiraya

No blockers available

Action step

Kiraya

Passed

GravityI

Passed

Battle started: Rising Gundam against Gundam Barbatos 1st Form

Kiraya

Gundam Barbatos 1st Form received 6 damage, now destroyed

GravityI

Rising Gundam received 3 damage, now destroyed

Kiraya

Breach 3: : Isaribi received 3 damage, leaving 2 HP remaining

Battle ended

Turn end phase started

Kiraya

Passed

GravityI

Passed

Turn ended!

Turn 12 started!

Kiraya

Gundam Exia Repair deployed

Paired pilot: Zeheart Galette on unit Gundam Exia Repair

Zeheart Galette milled 2: Graze Custom and Gundam Barbatos Lupus moved to trash

Turn end phase started

GravityI

Passed

Kiraya

Passed

Turn ended!

Turn 13 started!

GravityI

Master Gundam deployed

Gundam Maxter deployed

Turn end phase started

Kiraya

Passed

GravityI

Passed

Turn ended!

Turn 14 started!

Kiraya

Gundam Barbatos Lupus deployed

Activated: Gundam Barbatos Lupus

Gundam Barbatos 1st Form, Graze Custom and Gundam Barbatos Lupus exiled from the game

Selecting target for Gundam Barbatos Lupus

Gundam Barbatos Lupus: Dealt 2 damage to Gundam Maxter, now destroyed

Battle initiated

Kiraya

Battle declared: Gundam Exia Repair against Enemy Player

GravityI

No blockers available

Action step

GravityI

Passed

Kiraya

Passed

Battle started: Gundam Exia Repair against Mining Asteroid Palau

GravityI

Mining Asteroid Palau received 4 damage, leaving 2 HP remaining

Battle ended

Turn end phase started

GravityI

Passed

Kiraya

Passed

Turn ended!

Turn 15 started!

Battle initiated

GravityI

Battle declared: Master Gundam against Enemy Player

Selecting target for Master Gundam

Darkness Finger and Cyclone Punch exiled from the game

Kiraya

Isaribi received 5 damage, now destroyed

No blockers available

Action step

Kiraya

Passed

GravityI

Passed

Battle started: Master Gundam against Enemy Shield

Kiraya

Shield card: Gundam Gusion Rebake revealed and discarded

Battle ended

GravityI

Master Gundam deployed

Shining Gundam deployed

Turn end phase started

Kiraya

Passed

GravityI

Passed

Turn ended!

Turn 16 started!

Kiraya

Activated: Gundam Barbatos Lupus

Hyakuren, Gundam Gusion Rebake and Gundam Gusion Rebake exiled from the game

Selecting target for Gundam Barbatos Lupus

Gundam Barbatos Lupus: Dealt 2 damage to Master Gundam, leaving 3 HP remaining

Battle initiated

Kiraya

Battle declared: Gundam Exia Repair against Master Gundam

GravityI

No blockers available

Action step

GravityI

Passed

Kiraya

Passed

Battle started: Gundam Exia Repair against Master Gundam

GravityI

Master Gundam received 4 damage, now destroyed

Kiraya

Gundam Exia Repair received 5 damage, now destroyed

Gundam Exia Repair milled 2: Gundam Gusion Rebake and Gundam Barbatos Adapt moved to trash

Battle ended

Kiraya

Activated: Gundam Barbatos Lupus

Graze Custom, Graze Custom and Shiden Custom (Ryusei-Go) exiled from the game

Selecting target for Gundam Barbatos Lupus

Gundam Barbatos Lupus: Dealt 2 damage to Shining Gundam, now destroyed

Battle initiated

Kiraya

Battle declared: Gundam Barbatos Lupus against Enemy Player

GravityI

No blockers available

Action step

GravityI

Passed

Kiraya

Passed

Battle started: Gundam Barbatos Lupus against Mining Asteroid Palau

GravityI

Mining Asteroid Palau received 5 damage, now destroyed

Battle ended

Kiraya

Shiden Custom (Ryusei-Go) deployed

Gundam Barbatos 1st Form deployed

Turn end phase started

GravityI

Passed

Kiraya

Passed

Turn ended!

Turn 17 started!

GravityI

Played command: Overflowing Affection

Overflowing Affection: Draw 2 cards

Selecting target for Overflowing Affection

Dragon Gundam discarded

Played command: Cyclone Punch

Cyclone Punch: Modifier applied to: Gundam Barbatos Lupus

Selecting target for Cyclone Punch

Paired pilot: Chibodee Crocket on unit Master Gundam

Battle initiated

GravityI

Battle declared: Master Gundam against Gundam Barbatos Lupus

Selecting target for Master Gundam

Shining Finger and Hoka Kyoten Juzetsujin exiled from the game

Kiraya

Shield card: Isaribi revealed

Played base: Isaribi

Shield card added to hand

Assigned Shiden Custom (Ryusei-Go) to block

Action step

Kiraya

Passed

GravityI

Passed

Battle started: Master Gundam against Shiden Custom (Ryusei-Go)

Kiraya

Shiden Custom (Ryusei-Go) received 6 damage, now destroyed

GravityI

Master Gundam received 4 damage, leaving 2 HP remaining

Battle ended

GravityI

Master Gundam deployed

Linked pilot: Master Asia on unit Master Gundam

Battle initiated

GravityI

Battle declared: Master Gundam against Gundam Barbatos Lupus

Selecting target for Master Asia

Master Gundam: Dealt 2 damage to Gundam Barbatos 1st Form, now destroyed

Kiraya

No blockers available

Action step

Kiraya

Passed

GravityI

Passed

Battle started: Master Gundam against Gundam Barbatos Lupus

Kiraya

Gundam Barbatos Lupus received 7 damage, now destroyed

GravityI

Master Gundam received 3 damage, leaving 4 HP remaining

Battle ended

Turn end phase started

Kiraya

Passed

GravityI

Passed

Turn ended!

Turn 18 started!

Kiraya

Gundam Exia Repair deployed

Paired pilot: Zeheart Galette on unit Gundam Exia Repair

Zeheart Galette milled 2: Gundam Barbatos 1st Form and Ryusei-Go (Graze Custom Ⅱ) moved to trash

Turn end phase started

GravityI

Passed

Kiraya

Passed

Turn ended!

Turn 19 started!

GravityI

Played command: Cyclone Punch

Cyclone Punch: Modifier applied to: Gundam Exia Repair

Battle initiated

GravityI

Battle declared: Master Gundam against Enemy Player

Selecting target for Master Gundam

Darkness Finger and Cyclone Punch exiled from the game

Kiraya

Isaribi received 5 damage, now destroyed

No blockers available

Action step

Kiraya

Passed

GravityI

Passed

Battle started: Master Gundam against Enemy Shield

Kiraya

Shield card: Gundam Exia Repair revealed and discarded

Battle ended

Battle initiated

GravityI

Battle declared: Master Gundam against Enemy Player

Selecting target for Master Asia

Master Gundam: Dealt 2 damage to Gundam Exia Repair, leaving 1 HP remaining

Kiraya

No blockers available

Action step

Kiraya

Passed

GravityI

Passed

Battle started: Master Gundam against Enemy Shield

Kiraya

Shield card: Hyakuren revealed and discarded

Battle ended

Turn end phase started

Kiraya

Passed

GravityI

Passed

Turn ended!

Turn 20 started!

Kiraya

Played action: Darkness Finger

Darkness Finger: Dealt 2 damage to Master Gundam, now destroyed

Battle initiated

Kiraya

Battle declared: Gundam Exia Repair against Master Gundam

GravityI

No blockers available

Action step

GravityI

Passed

Kiraya

Passed

Battle started: Gundam Exia Repair against Master Gundam

GravityI

Master Gundam received 4 damage, now destroyed

Kiraya

Gundam Exia Repair received 7 damage, now destroyed

Gundam Exia Repair milled 2: Gundam Barbatos Lupus and Mikazuki Augus moved to trash

Battle ended

Turn end phase started

GravityI

Passed

Kiraya

Passed

Turn ended!

Turn 21 started!

Turn end phase started

Kiraya

Passed

GravityI

Passed

Turn ended!

Turn 22 started!

Kiraya

Hyakuren deployed

Turn end phase started

GravityI

Passed

Kiraya

Passed

Turn ended!

Turn 23 started!

Turn end phase started

Kiraya

Passed

GravityI

Passed

Turn ended!

Turn 24 started!

Battle initiated

Kiraya

Battle declared: Hyakuren against Enemy Player

GravityI

No blockers available

Action step

GravityI

Passed

Kiraya

Passed

Battle started: Hyakuren against Enemy Shield

GravityI

Shield card: Darkness Finger revealed

Shield card: Darkness Finger moved to trash

Selecting target for Darkness Finger

Darkness Finger: Dealt 2 damage to Hyakuren, leaving 1 HP remaining

Battle ended

Kiraya

Hyakuren deployed

Turn end phase started

GravityI

Passed

Kiraya

Passed

Turn ended!

Turn 25 started!

GravityI

Played base: Mining Asteroid Palau

Shield card added to hand

Shining Gundam deployed

Selecting target for Shining Gundam

Master Gundam and Master Gundam exiled from the game

Selecting target for Shining Gundam

Darkness Finger returned to hand

Linked pilot: Domon Kasshu on unit Shining Gundam

Domon Kasshu: Draw a card

Selecting target for Domon Kasshu

Darkness Finger discarded

Selecting target for Domon Kasshu

Selecting target for Darkness Finger

Darkness Finger: Dealt 2 damage to Hyakuren, now destroyed

Battle initiated

GravityI

Battle declared: Shining Gundam against Enemy Player

Shining Gundam: 1 resource set as active

Kiraya

No blockers available

Action step

Kiraya

Passed

GravityI

Passed

Battle started: Shining Gundam against Enemy Player

Kiraya

No more shields available, game is over!

GravityI

Winner!

Game ended!