Mobile Suit Arena - Battle logs
Game started!

WALKER

Choose to play first

Choose to mulligan starting hand

Kiraya

Choose to keep starting hand

Turn 1 started!

Turn end phase started

Kiraya

Passed

WALKER

Passed

Turn ended!

Turn 2 started!

Turn end phase started

WALKER

Passed

Kiraya

Passed

Turn ended!

Turn 3 started!

Turn end phase started

Kiraya

Passed

WALKER

Passed

Turn ended!

Turn 4 started!

Kiraya

Ryusei-Go (Graze Custom Ⅱ) deployed

Selecting target for Ryusei-Go (Graze Custom Ⅱ)

Ryusei-Go (Graze Custom Ⅱ): Dealt 1 damage to Ryusei-Go (Graze Custom Ⅱ), leaving 1 HP remaining

Ryusei-Go (Graze Custom Ⅱ): Draw a card

Selecting target for Ryusei-Go (Graze Custom Ⅱ)

Gundam Barbatos 1st Form discarded

Turn end phase started

WALKER

Passed

Kiraya

Passed

Turn ended!

Turn 5 started!

WALKER

Gundam Barbatos 1st Form deployed

Turn end phase started

Kiraya

Passed

WALKER

Passed

Turn ended!

Turn 6 started!

Kiraya

Gundam Barbatos Adapt deployed

Selecting target for Gundam Barbatos Adapt

Gundam Barbatos Adapt: Dealt 1 damage to: Gundam Barbatos Adapt and Gundam Barbatos 1st Form

Linked pilot: Mikazuki Augus on unit Gundam Barbatos Adapt

Selecting target for Mikazuki Augus

Mikazuki Augus: Dealt 1 damage to: Gundam Barbatos Adapt and Gundam Barbatos 1st Form

Battle initiated

Kiraya

Battle declared: Gundam Barbatos Adapt against Enemy Player

WALKER

No blockers available

Action step

WALKER

Passed

Kiraya

Passed

Battle started: Gundam Barbatos Adapt against EX Base

WALKER

EX Base received 4 damage, now destroyed

Battle ended

Battle initiated

Kiraya

Battle declared: Ryusei-Go (Graze Custom Ⅱ) against Enemy Player

WALKER

No blockers available

Action step

WALKER

Passed

Kiraya

Passed

Battle started: Ryusei-Go (Graze Custom Ⅱ) against Enemy Shield

WALKER

Shield card: Isaribi revealed

Played base: Isaribi

Shield card added to hand

Battle ended

Turn end phase started

WALKER

Passed

Kiraya

Passed

Turn ended!

Turn 7 started!

WALKER

Hyakuren deployed

Ryusei-Go (Graze Custom Ⅱ) deployed

Selecting target for Ryusei-Go (Graze Custom Ⅱ)

Ryusei-Go (Graze Custom Ⅱ): Dealt 1 damage to Ryusei-Go (Graze Custom Ⅱ), leaving 1 HP remaining

Ryusei-Go (Graze Custom Ⅱ): Draw a card

Selecting target for Ryusei-Go (Graze Custom Ⅱ)

Gundam Barbatos Lupus discarded

Turn end phase started

Kiraya

Passed

WALKER

Passed

Turn ended!

Turn 8 started!

Kiraya

Replaced EX Base base: Isaribi

Shield card added to hand

Activated: Isaribi

Rested base: Isaribi

Isaribi: Modifier applied to: Gundam Barbatos Adapt

Battle initiated

Kiraya

Battle declared: Gundam Barbatos Adapt against Enemy Player

WALKER

No blockers available

Action step

WALKER

Passed

Kiraya

Passed

Battle started: Gundam Barbatos Adapt against Isaribi

WALKER

Isaribi received 6 damage, now destroyed

Battle ended

Battle initiated

Kiraya

Battle declared: Ryusei-Go (Graze Custom Ⅱ) against Enemy Player

WALKER

No blockers available

Action step

WALKER

Passed

Kiraya

Passed

Battle started: Ryusei-Go (Graze Custom Ⅱ) against Enemy Shield

WALKER

Shield card: Gundam Barbatos Adapt revealed and discarded

Battle ended

Kiraya

Played action: Darkness Finger

Darkness Finger: Dealt 2 damage to Ryusei-Go (Graze Custom Ⅱ), now destroyed

Gundam Barbatos 1st Form deployed

Turn end phase started

WALKER

Passed

Kiraya

Passed

Turn ended!

Turn 9 started!

WALKER

Gundam Barbatos Adapt deployed

Selecting target for Gundam Barbatos Adapt

Gundam Barbatos Adapt: Dealt 1 damage to: Hyakuren and Gundam Barbatos 1st Form

Linked pilot: Mikazuki Augus on unit Gundam Barbatos Adapt

Selecting target for Mikazuki Augus

Mikazuki Augus: Dealt 1 damage to: Hyakuren and Gundam Barbatos 1st Form

Battle initiated

WALKER

Battle declared: Hyakuren against Gundam Barbatos Adapt

Kiraya

No blockers available

Action step

Kiraya

Passed

WALKER

Passed

Battle started: Hyakuren against Gundam Barbatos Adapt

Kiraya

Gundam Barbatos Adapt received 4 damage, now destroyed

WALKER

Hyakuren received 4 damage, now destroyed

Battle ended

Battle initiated

WALKER

Battle declared: Gundam Barbatos Adapt against Ryusei-Go (Graze Custom Ⅱ)

Kiraya

No blockers available

Action step

Kiraya

Passed

WALKER

Passed

Battle started: Gundam Barbatos Adapt against Ryusei-Go (Graze Custom Ⅱ)

Kiraya

Ryusei-Go (Graze Custom Ⅱ) received 4 damage, now destroyed

WALKER

Gundam Barbatos Adapt received 2 damage, leaving 3 HP remaining

Battle ended

WALKER

Played base: Isaribi

Shield card added to hand

Turn end phase started

Kiraya

Passed

WALKER

Passed

Turn ended!

Turn 10 started!

Kiraya

Shiden Custom (Ryusei-Go) deployed

Hyakuren deployed

Turn end phase started

WALKER

Passed

Kiraya

Passed

Turn ended!

Turn 11 started!

WALKER

Ryusei-Go (Graze Custom Ⅱ) deployed

Selecting target for Ryusei-Go (Graze Custom Ⅱ)

Ryusei-Go (Graze Custom Ⅱ): Dealt 1 damage to Ryusei-Go (Graze Custom Ⅱ), leaving 1 HP remaining

Ryusei-Go (Graze Custom Ⅱ): Draw a card

Selecting target for Ryusei-Go (Graze Custom Ⅱ)

Gundam Flauros (Ryusei-Go) discarded

Activated: Isaribi

Rested base: Isaribi

Isaribi: Modifier applied to: Gundam Barbatos Adapt

Battle initiated

WALKER

Battle declared: Gundam Barbatos Adapt against Enemy Player

Kiraya

Assigned Shiden Custom (Ryusei-Go) to block

Action step

Kiraya

Passed

WALKER

Passed

Battle started: Gundam Barbatos Adapt against Shiden Custom (Ryusei-Go)

Kiraya

Shiden Custom (Ryusei-Go) received 6 damage, now destroyed

WALKER

Gundam Barbatos Adapt received 4 damage, now destroyed

Battle ended

WALKER

Gundam Flauros (Ryusei-Go) deployed

No targets for Gundam Flauros (Ryusei-Go)

Turn end phase started

Kiraya

Passed

WALKER

Passed

Turn ended!

Turn 12 started!

Kiraya

Paired pilot: Zeheart Galette on unit Hyakuren

Zeheart Galette milled 2: Graze Custom and Ryusei-Go (Graze Custom Ⅱ) moved to trash

Battle initiated

Kiraya

Battle declared: Hyakuren against Enemy Player

WALKER

No blockers available

Action step

WALKER

Passed

Kiraya

Passed

Battle started: Hyakuren against Isaribi

WALKER

Isaribi received 6 damage, now destroyed

Battle ended

Kiraya

Shiden Custom (Ryusei-Go) deployed

Gundam Barbatos 1st Form deployed

Turn end phase started

WALKER

Passed

Kiraya

Passed

Turn ended!

Turn 13 started!

WALKER

Gundam Barbatos Lupus deployed

Activated: Gundam Barbatos Lupus

Gundam Barbatos 1st Form, Gundam Barbatos Lupus and Gundam Flauros (Ryusei-Go) exiled from the game

Selecting target for Gundam Barbatos Lupus

Gundam Barbatos Lupus: Dealt 2 damage to Shiden Custom (Ryusei-Go), leaving 1 HP remaining

Activated: Gundam Barbatos Lupus

Gundam Barbatos Adapt, Ryusei-Go (Graze Custom Ⅱ) and Hyakuren exiled from the game

Selecting target for Gundam Barbatos Lupus

Gundam Barbatos Lupus: Dealt 2 damage to Shiden Custom (Ryusei-Go), now destroyed

Battle initiated

WALKER

Battle declared: Gundam Flauros (Ryusei-Go) against Hyakuren

No targets for Gundam Flauros (Ryusei-Go)

Kiraya

No blockers available

Action step

Kiraya

Passed

WALKER

Passed

Battle started: Gundam Flauros (Ryusei-Go) against Hyakuren

Kiraya

Hyakuren received 5 damage, now destroyed

WALKER

Gundam Flauros (Ryusei-Go) received 6 damage, now destroyed

Battle ended

WALKER

Played base: Isaribi

Shield card added to hand

Activated: Isaribi

Rested base: Isaribi

Isaribi: Modifier applied to: Ryusei-Go (Graze Custom Ⅱ)

Battle initiated

WALKER

Battle declared: Ryusei-Go (Graze Custom Ⅱ) against Enemy Player

Kiraya

No blockers available

Action step

Kiraya

Passed

WALKER

Passed

Battle started: Ryusei-Go (Graze Custom Ⅱ) against Isaribi

Kiraya

Isaribi received 4 damage, leaving 1 HP remaining

Battle ended

Turn end phase started

Kiraya

Passed

WALKER

Passed

Turn ended!

Turn 14 started!

Kiraya

Paired pilot: Zeheart Galette on unit Gundam Barbatos 1st Form

Zeheart Galette milled 2: Gundam Barbatos Lupus and Shiden Custom (Ryusei-Go) moved to trash

Battle initiated

Kiraya

Battle declared: Gundam Barbatos 1st Form against Enemy Player

WALKER

No blockers available

Action step

WALKER

Passed

Kiraya

Passed

Battle started: Gundam Barbatos 1st Form against Isaribi

WALKER

Isaribi received 5 damage, now destroyed

Battle ended

Kiraya

Graze Custom deployed

Turn end phase started

WALKER

Passed

Kiraya

Passed

Turn ended!

Turn 15 started!

Battle initiated

WALKER

Battle declared: Ryusei-Go (Graze Custom Ⅱ) against Gundam Barbatos 1st Form

Kiraya

No blockers available

Action step

Kiraya

Passed

WALKER

Passed

Battle started: Ryusei-Go (Graze Custom Ⅱ) against Gundam Barbatos 1st Form

Kiraya

Gundam Barbatos 1st Form received 2 damage, leaving 2 HP remaining

WALKER

Ryusei-Go (Graze Custom Ⅱ) received 5 damage, now destroyed

Battle ended

WALKER

Activated: Gundam Barbatos Lupus

Gundam Barbatos Adapt, Gundam Flauros (Ryusei-Go) and Ryusei-Go (Graze Custom Ⅱ) exiled from the game

Selecting target for Gundam Barbatos Lupus

Gundam Barbatos Lupus: Dealt 2 damage to Gundam Barbatos 1st Form, now destroyed

Strike Freedom Gundam deployed

Selecting target for Strike Freedom Gundam

Strike Freedom Gundam: Modifier applied to: Gundam Barbatos Lupus

Strike Freedom Gundam: Modifier applied to: Strike Freedom Gundam

Strike Freedom Gundam: chose Gundam Barbatos Lupus and Strike Freedom Gundam

Battle initiated

WALKER

Battle declared: Gundam Barbatos Lupus against Enemy Player

Kiraya

No blockers available

Action step

Kiraya

Passed

WALKER

Passed

Battle started: Gundam Barbatos Lupus against Isaribi

Kiraya

Isaribi received 5 damage, now destroyed

WALKER

Strike Freedom Gundam: Draw a card

Battle ended

WALKER

Linked pilot: Kira Yamato on unit Strike Freedom Gundam

Kira Yamato: Draw a card

Battle initiated

WALKER

Battle declared: Strike Freedom Gundam against Enemy Player

Selecting target for Strike Freedom Gundam

Hyakuren and Hyakuren discarded

Selecting target for Strike Freedom Gundam

Kiraya

Graze Custom returned to deck

No blockers available

Action step

Kiraya

Passed

WALKER

Passed

Battle started: Strike Freedom Gundam against Enemy Shield

Kiraya

Shield card: Gundam Gusion Rebake revealed and discarded

WALKER

Strike Freedom Gundam: Draw a card

Battle ended

Turn end phase started

Kiraya

Passed

WALKER

Passed

Turn ended!

Turn 16 started!

Turn end phase started

WALKER

Passed

Kiraya

Passed

Turn ended!

Turn 17 started!

WALKER

Played command: A Show of Resolve

A Show of Resolve: Draw 2 cards

Shiden Custom (Ryusei-Go) deployed

Ryusei-Go (Graze Custom Ⅱ) deployed

Selecting target for Ryusei-Go (Graze Custom Ⅱ)

Ryusei-Go (Graze Custom Ⅱ): Dealt 1 damage to Ryusei-Go (Graze Custom Ⅱ), leaving 1 HP remaining

Ryusei-Go (Graze Custom Ⅱ): Draw a card

Selecting target for Ryusei-Go (Graze Custom Ⅱ)

Gundam Barbatos 1st Form discarded

Battle initiated

WALKER

Battle declared: Gundam Barbatos Lupus against Enemy Player

Kiraya

No blockers available

Action step

Kiraya

Passed

WALKER

Passed

Battle started: Gundam Barbatos Lupus against Enemy Shield

Kiraya

Shield card: Shiden Custom (Ryusei-Go) revealed and discarded

Battle ended

Battle initiated

WALKER

Battle declared: Strike Freedom Gundam against Enemy Player

Kiraya

No blockers available

Action step

Kiraya

Passed

WALKER

Passed

Battle started: Strike Freedom Gundam against Enemy Shield

Kiraya

Shield card: Hyakuren revealed and discarded

Battle ended

Turn end phase started

Kiraya

Passed

WALKER

Passed

Turn ended!

Turn 18 started!

Kiraya

Gundam Barbatos Lupus deployed

Activated: Gundam Barbatos Lupus

Gundam Gusion Rebake, Shiden Custom (Ryusei-Go) and Hyakuren exiled from the game

Selecting target for Gundam Barbatos Lupus

Gundam Barbatos Lupus: Dealt 2 damage to Strike Freedom Gundam, leaving 6 HP remaining

Activated: Gundam Barbatos Lupus

Shiden Custom (Ryusei-Go), Hyakuren and Gundam Barbatos 1st Form exiled from the game

Selecting target for Gundam Barbatos Lupus

Gundam Barbatos Lupus: Dealt 2 damage to Strike Freedom Gundam, leaving 4 HP remaining

Activated: Gundam Barbatos Lupus

Gundam Barbatos 1st Form, Ryusei-Go (Graze Custom Ⅱ) and Shiden Custom (Ryusei-Go) exiled from the game

Selecting target for Gundam Barbatos Lupus

Gundam Barbatos Lupus: Dealt 2 damage to Strike Freedom Gundam, leaving 2 HP remaining

Activated: Gundam Barbatos Lupus

Gundam Barbatos Adapt, Gundam Barbatos Lupus and Shiden Custom (Ryusei-Go) exiled from the game

Selecting target for Gundam Barbatos Lupus

Gundam Barbatos Lupus: Dealt 2 damage to Strike Freedom Gundam, now destroyed

Activated: Gundam Barbatos Lupus

Gundam Barbatos 1st Form, Ryusei-Go (Graze Custom Ⅱ) and Graze Custom exiled from the game

Selecting target for Gundam Barbatos Lupus

Gundam Barbatos Lupus: Dealt 2 damage to Ryusei-Go (Graze Custom Ⅱ), now destroyed

Turn end phase started

WALKER

Passed

Kiraya

Passed

Turn ended!

Turn 19 started!

WALKER

Battle initiated

WALKER

Battle declared: Gundam Barbatos 1st Form against Enemy Player

Gundam Barbatos 1st Form: Draw a card

Kiraya

No blockers available

Action step

Kiraya

Passed

WALKER

Passed

Battle started: Gundam Barbatos 1st Form against Enemy Shield

Kiraya

Shield card: Airframe Seizure revealed and discarded

Battle ended

Battle initiated

WALKER

Battle declared: Shiden Custom (Ryusei-Go) against Enemy Player

Kiraya

No blockers available

Action step

Kiraya

Passed

WALKER

Battle started: Shiden Custom (Ryusei-Go) against Enemy Shield

Kiraya

Shield card: Gundam Gusion Rebake revealed and discarded

Battle ended

Battle initiated

WALKER

Battle declared: Gundam Barbatos Lupus against Enemy Player

Kiraya

No blockers available

Action step

Kiraya

Passed

WALKER

Passed

Battle started: Gundam Barbatos Lupus against Enemy Player

Kiraya

Isaribi received 4 damage, leaving 1 HP remaining