Mobile Suit Arena - Battle logs
Game started!

Kiraya

Choose to play second

Choose to keep starting hand

GuyManSon

Choose to keep starting hand

Turn 1 started!

Turn end phase started

Kiraya

Passed

GuyManSon

Passed

Turn ended!

Turn 2 started!

Kiraya

Graze Custom deployed

Turn end phase started

GuyManSon

Passed

Kiraya

Passed

Turn ended!

Turn 3 started!

Turn end phase started

Kiraya

Passed

GuyManSon

Passed

Turn ended!

Turn 4 started!

Kiraya

Gundam Barbatos 1st Form deployed

Turn end phase started

GuyManSon

Passed

Kiraya

Passed

Turn ended!

Turn 5 started!

Turn end phase started

Kiraya

Passed

GuyManSon

Passed

Turn ended!

Turn 6 started!

Battle initiated

Kiraya

Battle declared: Gundam Barbatos 1st Form against Enemy Player

GuyManSon

No blockers available

Action step

GuyManSon

Passed

Kiraya

Passed

Battle started: Gundam Barbatos 1st Form against EX Base

GuyManSon

EX Base received 3 damage, now destroyed

Battle ended

Battle initiated

Kiraya

Battle declared: Graze Custom against Enemy Player

GuyManSon

No blockers available

Action step

GuyManSon

Passed

Kiraya

Passed

Battle started: Graze Custom against Enemy Shield

GuyManSon

Shield card: Corsica Base revealed

Played base: Corsica Base

Shield card added to hand

Battle ended

Kiraya

Graze Custom deployed

Gundam Exia Repair deployed

Gundam Exia Repair deployed

Turn end phase started

GuyManSon

Passed

Kiraya

Passed

Turn ended!

Turn 7 started!

GuyManSon

Gundam Barbatos Adapt deployed

Selecting target for Gundam Barbatos Adapt

Gundam Barbatos Adapt: Dealt 1 damage to: Gundam Barbatos Adapt and Gundam Barbatos 1st Form

Linked pilot: Mikazuki Augus on unit Gundam Barbatos Adapt

Selecting target for Mikazuki Augus

Mikazuki Augus: Dealt 1 damage to: Gundam Barbatos Adapt and Gundam Barbatos 1st Form

Battle initiated

GuyManSon

Battle declared: Gundam Barbatos Adapt against Graze Custom

Kiraya

No blockers available

Action step

Kiraya

Passed

GuyManSon

Passed

Battle started: Gundam Barbatos Adapt against Graze Custom

Kiraya

Graze Custom received 4 damage, now destroyed

GuyManSon

Gundam Barbatos Adapt received 2 damage, leaving 1 HP remaining

Battle ended

Turn end phase started

Kiraya

Passed

GuyManSon

Passed

Turn ended!

Turn 8 started!

Kiraya

Gundam Barbatos 1st Form deployed

Linked pilot: Mikazuki Augus on unit Gundam Barbatos 1st Form

Selecting target for Mikazuki Augus

Mikazuki Augus: Dealt 1 damage to: Gundam Barbatos 1st Form and Gundam Barbatos Adapt

Battle initiated

Kiraya

Battle declared: Gundam Barbatos 1st Form against Enemy Player

Gundam Barbatos 1st Form: Draw a card

GuyManSon

No blockers available

Action step

GuyManSon

Passed

Kiraya

Passed

Battle started: Gundam Barbatos 1st Form against Corsica Base

GuyManSon

Corsica Base received 5 damage, now destroyed

Battle ended

Battle initiated

Kiraya

Battle declared: Gundam Exia Repair against Enemy Player

GuyManSon

No blockers available

Action step

GuyManSon

Passed

Kiraya

Passed

Battle started: Gundam Exia Repair against Enemy Shield

GuyManSon

Shield card: Gundam Barbatos 1st Form revealed and discarded

Battle ended

Battle initiated

Kiraya

Battle declared: Gundam Exia Repair against Enemy Player

GuyManSon

No blockers available

Action step

GuyManSon

Passed

Kiraya

Passed

Battle started: Gundam Exia Repair against Enemy Shield

GuyManSon

Shield card: Hyakuren revealed and discarded

Battle ended

Battle initiated

Kiraya

Battle declared: Graze Custom against Enemy Player

GuyManSon

No blockers available

Action step

GuyManSon

Passed

Kiraya

Passed

Battle started: Graze Custom against Enemy Shield

GuyManSon

Shield card: Gundam Barbatos 1st Form revealed and discarded

Battle ended

Kiraya

Hyakuren deployed

Turn end phase started

GuyManSon

Passed

Kiraya

Passed

Turn ended!

Turn 9 started!

GuyManSon

Gundam Barbatos Adapt deployed

Selecting target for Gundam Barbatos Adapt

Gundam Barbatos Adapt: Dealt 1 damage to: Gundam Barbatos Adapt and Gundam Exia Repair

Kiraya

Gundam Exia Repair milled 2: Airframe Seizure and Graze Custom moved to trash

GuyManSon

Linked pilot: Mikazuki Augus on unit Gundam Barbatos Adapt

Selecting target for Mikazuki Augus

Mikazuki Augus: Dealt 1 damage to: Gundam Barbatos Adapt and Gundam Exia Repair

Kiraya

Gundam Exia Repair milled 2: Shiden Custom (Ryusei-Go) and Isaribi moved to trash

Battle initiated

GuyManSon

Battle declared: Gundam Barbatos Adapt against Gundam Barbatos 1st Form

Kiraya

No blockers available

Action step

Kiraya

Passed

GuyManSon

Passed

Battle started: Gundam Barbatos Adapt against Gundam Barbatos 1st Form

Kiraya

Gundam Barbatos 1st Form received 4 damage, now destroyed

GuyManSon

Gundam Barbatos Adapt received 5 damage, now destroyed

Battle ended

Turn end phase started

Kiraya

Passed

GuyManSon

Passed

Turn ended!

Turn 10 started!

Battle initiated

Kiraya

Battle declared: Graze Custom against Enemy Player

GuyManSon

No blockers available

Action step

GuyManSon

Passed

Kiraya

Passed

Battle started: Graze Custom against Enemy Shield

GuyManSon

Shield card: Shiden Custom (Ryusei-Go) revealed and discarded

Battle ended

Battle initiated

Kiraya

Battle declared: Hyakuren against Enemy Player

GuyManSon

No blockers available

Action step

GuyManSon

Passed

Kiraya

Passed

Battle started: Hyakuren against Enemy Player

GuyManSon

No more shields available, game is over!

Kiraya

Winner!

Game ended!