Mobile Suit Arena - Battle logs
Game started!

Kiraya

Choose to play second

Zafty

Choose to keep starting hand

Kiraya

Choose to mulligan starting hand

Turn 1 started!

Turn end phase started

Kiraya

Passed

Zafty

Passed

Turn ended!

Turn 2 started!

Kiraya

Graze Custom deployed

Turn end phase started

Zafty

Passed

Kiraya

Passed

Turn ended!

Turn 3 started!

Zafty

Zaku (Four Snake Eyes') [YETI] (GQ) deployed

Zaku (Four Snake Eyes') [YETI] (GQ) deployed

Turn end phase started

Kiraya

Passed

Zafty

Passed

Turn ended!

Turn 4 started!

Kiraya

Hyakuren deployed

Turn end phase started

Zafty

Passed

Kiraya

Passed

Turn ended!

Turn 5 started!

Battle initiated

Zafty

Battle declared: Zaku (Four Snake Eyes') [YETI] (GQ) against Enemy Player

Kiraya

No blockers available

Action step

Kiraya

Passed

Zafty

Passed

Battle started: Zaku (Four Snake Eyes') [YETI] (GQ) against EX Base

Kiraya

EX Base received 2 damage, leaving 1 HP remaining

Battle ended

Battle initiated

Zafty

Battle declared: Zaku (Four Snake Eyes') [YETI] (GQ) against Enemy Player

Kiraya

No blockers available

Action step

Kiraya

Passed

Zafty

Passed

Battle started: Zaku (Four Snake Eyes') [YETI] (GQ) against EX Base

Kiraya

EX Base received 2 damage, now destroyed

Battle ended

Turn end phase started

Kiraya

Passed

Zafty

Passed

Turn ended!

Turn 6 started!

Battle initiated

Kiraya

Battle declared: Hyakuren against Enemy Player

Zafty

No blockers available

Action step

Zafty

Passed

Kiraya

Passed

Battle started: Hyakuren against EX Base

Zafty

EX Base received 4 damage, now destroyed

Battle ended

Battle initiated

Kiraya

Battle declared: Graze Custom against Enemy Player

Zafty

No blockers available

Action step

Zafty

Passed

Kiraya

Passed

Battle started: Graze Custom against Enemy Shield

Zafty

Shield card: Amate Yuzuriha (Machu) revealed

Shield card added to hand: Amate Yuzuriha (Machu)

Battle ended

Kiraya

Gundam Barbatos Adapt deployed

Selecting target for Gundam Barbatos Adapt

Gundam Barbatos Adapt: Dealt 1 damage to: Gundam Barbatos Adapt and Zaku (Four Snake Eyes') [YETI] (GQ)

Gundam Exia Repair deployed

Turn end phase started

Zafty

Played action: Close Combat

Close Combat: Dealt 2 damage to Gundam Exia Repair, now destroyed

Kiraya

Gundam Exia Repair milled 2: Gundam Barbatos Lupus and Zeheart Galette moved to trash

Passed

Zafty

Passed

Kiraya

Turn ended!

Turn 7 started!

Battle initiated

Zafty

Battle declared: Zaku (Four Snake Eyes') [YETI] (GQ) against Graze Custom

Kiraya

No blockers available

Action step

Kiraya

Passed

Zafty

Passed

Battle started: Zaku (Four Snake Eyes') [YETI] (GQ) against Graze Custom

Kiraya

Graze Custom received 2 damage, now destroyed

Zafty

Zaku (Four Snake Eyes') [YETI] (GQ) received 2 damage, now destroyed

Battle ended

Battle initiated

Zafty

Battle declared: Zaku (Four Snake Eyes') [YETI] (GQ) against Enemy Player

Kiraya

No blockers available

Action step

Kiraya

Passed

Zafty

Passed

Battle started: Zaku (Four Snake Eyes') [YETI] (GQ) against Enemy Shield

Kiraya

Shield card: Shiden Custom (Ryusei-Go) revealed and discarded

Battle ended

Turn end phase started

Kiraya

Passed

Zafty

Passed

Turn ended!

Turn 8 started!

Battle initiated

Kiraya

Battle declared: Gundam Barbatos Adapt against Zaku (Four Snake Eyes') [YETI] (GQ)

Zafty

No blockers available

Action step

Zafty

Passed

Kiraya

Passed

Battle started: Gundam Barbatos Adapt against Zaku (Four Snake Eyes') [YETI] (GQ)

Zafty

Zaku (Four Snake Eyes') [YETI] (GQ) received 2 damage, now destroyed

Kiraya

Gundam Barbatos Adapt received 2 damage, leaving 1 HP remaining

Battle ended

Battle initiated

Kiraya

Battle declared: Hyakuren against Enemy Player

Zafty

No blockers available

Action step

Zafty

Passed

Kiraya

Passed

Battle started: Hyakuren against Enemy Shield

Zafty

Shield card: Shuji Itō revealed

Shield card added to hand: Shuji Itō

Battle ended

Kiraya

Played command: Airframe Seizure

Selecting target for Airframe Seizure

Zeheart Galette discarded

Airframe Seizure: Draw 2 cards

Shiden Custom (Ryusei-Go) deployed

Turn end phase started

Zafty

Played action: Undying Persistence

Undying Persistence: Dealt 1 damage to Gundam Barbatos Adapt, now destroyed

Kiraya

Passed

Zafty

Passed

Kiraya

Turn ended!

Turn 9 started!

Zafty

Red Gundam deployed

Linked pilot: Amate Yuzuriha (Machu) on unit Red Gundam

Selecting target for Amate Yuzuriha (Machu)

Card added to hand: GQuuuuuuX (Omega Psycommu)

Battle initiated

Zafty

Battle declared: Red Gundam against Hyakuren

Kiraya

Can't block High-maneuver

Action step

Kiraya

Passed

Zafty

Passed

Battle started: Red Gundam against Hyakuren

Kiraya

Hyakuren received 6 damage, now destroyed

Zafty

Red Gundam received 4 damage, leaving 1 HP remaining

Battle ended

Turn end phase started

Kiraya

Passed

Zafty

Passed

Turn ended!

Turn 10 started!

Kiraya

Gundam Gusion Rebake deployed

Selecting target for Gundam Gusion Rebake

Gundam Gusion Rebake: Dealt 1 damage to: Gundam Gusion Rebake and Red Gundam

Battle initiated

Kiraya

Battle declared: Shiden Custom (Ryusei-Go) against Enemy Player

Zafty

No blockers available

Action step

Zafty

Passed

Kiraya

Passed

Battle started: Shiden Custom (Ryusei-Go) against Enemy Shield

Zafty

Shield card: Sugai's Gelgoog (GQ) revealed and discarded

Battle ended

Turn end phase started

Zafty

Passed

Kiraya

Passed

Turn ended!

Turn 11 started!

Zafty

GQuuuuuuX (Omega Psycommu) deployed

Red Gundam deployed

Selecting target for Red Gundam

Rested unit: GQuuuuuuX (Omega Psycommu)

No targets for Red Gundam

Linked pilot: Shuji Itō on unit Red Gundam

Battle initiated

Zafty

Battle declared: Red Gundam against Shiden Custom (Ryusei-Go)

Selecting target for Shuji Itō

Returned to deck top

Kiraya

Assigned no blocker

Action step

Kiraya

Passed

Zafty

Passed

Battle started: Red Gundam against Shiden Custom (Ryusei-Go)

Kiraya

Shiden Custom (Ryusei-Go) received 3 damage, now destroyed

Zafty

Red Gundam received 4 damage, leaving 2 HP remaining

Battle ended

Turn end phase started

Kiraya

Passed

Zafty

Passed

Turn ended!

Turn 12 started!

Kiraya

Played action: Darkness Finger

Darkness Finger: Dealt 2 damage to Red Gundam, now destroyed

Gundam Barbatos Lupus deployed

Activated: Gundam Barbatos Lupus

Gundam Barbatos Adapt, Hyakuren and Shiden Custom (Ryusei-Go) exiled from the game

Selecting target for Gundam Barbatos Lupus

Gundam Barbatos Lupus: Dealt 2 damage to GQuuuuuuX (Omega Psycommu), now destroyed

Battle initiated

Kiraya

Battle declared: Gundam Gusion Rebake against Enemy Player

Zafty

No blockers available

Action step

Zafty

Passed

Kiraya

Passed

Battle started: Gundam Gusion Rebake against Enemy Shield

Zafty

Shield card: Improved Technique revealed

No targets for Improved Technique

Shield card: Improved Technique moved to trash

Battle ended

Turn end phase started

Zafty

Passed

Kiraya

Passed

Turn ended!

Turn 13 started!

Zafty

GQuuuuuuX (Omega Psycommu) deployed

Selecting target for GQuuuuuuX (Omega Psycommu)

Linked pilot: Amate Yuzuriha (Machu) on unit GQuuuuuuX (Omega Psycommu)

Selecting target for Amate Yuzuriha (Machu)

Returned to deck bottom

Battle initiated

Zafty

Battle declared: GQuuuuuuX (Omega Psycommu) against Gundam Gusion Rebake

Kiraya

No blockers available

Action step

Kiraya

Passed

Zafty

Passed

Battle started: GQuuuuuuX (Omega Psycommu) against Gundam Gusion Rebake

Kiraya

Gundam Gusion Rebake received 7 damage, now destroyed

Zafty

GQuuuuuuX (Omega Psycommu) received 3 damage, leaving 2 HP remaining

Battle ended

Turn end phase started

Kiraya

Passed

Zafty

Passed

Turn ended!

Turn 14 started!

Kiraya

Activated: Gundam Barbatos Lupus

Gundam Barbatos Lupus, Graze Custom and Gundam Gusion Rebake exiled from the game

Selecting target for Gundam Barbatos Lupus

Gundam Barbatos Lupus: Dealt 2 damage to GQuuuuuuX (Omega Psycommu), now destroyed

Gundam Gusion Rebake Full City deployed

Graze Custom deployed

Battle initiated

Kiraya

Battle declared: Gundam Barbatos Lupus against Enemy Player

Zafty

No blockers available

Action step

Zafty

Passed

Kiraya

Passed

Battle started: Gundam Barbatos Lupus against Enemy Shield

Zafty

Shield card: Shuji Itō revealed

Shield card added to hand: Shuji Itō

Battle ended

Turn end phase started

Zafty

Passed

Kiraya

Passed

Turn ended!

Turn 15 started!

Zafty

GQuuuuuuX (Omega Psycommu) deployed

Selecting target for GQuuuuuuX (Omega Psycommu)

GQuuuuuuX (Omega Psycommu): Dealt 3 damage to Graze Custom, now destroyed

Linked pilot: Amate Yuzuriha (Machu) on unit GQuuuuuuX (Omega Psycommu)

Selecting target for Amate Yuzuriha (Machu)

Card added to hand: Shuji Itō

Battle initiated

Zafty

Battle declared: GQuuuuuuX (Omega Psycommu) against Gundam Barbatos Lupus

Kiraya

Assigned Gundam Gusion Rebake Full City to block

Action step

Kiraya

Passed

Zafty

Passed

Battle started: GQuuuuuuX (Omega Psycommu) against Gundam Gusion Rebake Full City

Kiraya

Gundam Gusion Rebake Full City received 8 damage, now destroyed

Zafty

GQuuuuuuX (Omega Psycommu) received 5 damage, leaving 1 HP remaining

Battle ended

Turn end phase started

Kiraya

Passed

Zafty

Passed

Turn ended!

Turn 16 started!

Kiraya

Gundam Barbatos Adapt deployed

Selecting target for Gundam Barbatos Adapt

Gundam Barbatos Adapt: Dealt 1 damage to: Gundam Barbatos Adapt and GQuuuuuuX (Omega Psycommu)

Linked pilot: Mikazuki Augus on unit Gundam Barbatos Adapt

Battle initiated

Kiraya

Battle declared: Gundam Barbatos Adapt against Enemy Player

Zafty

No blockers available

Action step

Zafty

Passed

Kiraya

Passed

Battle started: Gundam Barbatos Adapt against Enemy Shield

Zafty

Shield card: Close Combat revealed

Shield card: Close Combat moved to trash

Selecting target for Close Combat

Close Combat: Dealt 2 damage to Gundam Barbatos Lupus, leaving 3 HP remaining

Battle ended

Battle initiated

Kiraya

Battle declared: Gundam Barbatos Lupus against Enemy Player

Zafty

No blockers available

Action step

Zafty

Passed

Kiraya

Passed

Battle started: Gundam Barbatos Lupus against Enemy Player

Zafty

No more shields available, game is over!

Kiraya

Winner!

Game ended!