Mobile Suit Arena - Battle logs
Game started!

Kiraya

Choose to play second

2444

Choose to mulligan starting hand

Kiraya

Choose to keep starting hand

Turn 1 started!

Turn end phase started

Kiraya

Passed

2444

Passed

Turn ended!

Turn 2 started!

Turn end phase started

2444

Passed

Kiraya

Passed

Turn ended!

Turn 3 started!

2444

Replaced EX Base base: Underground Desert Base

Shield card added to hand

Turn end phase started

Kiraya

Passed

2444

Passed

Turn ended!

Turn 4 started!

Kiraya

Hyakuren deployed

Played command: Airframe Seizure

Selecting target for Airframe Seizure

Ryusei-Go (Graze Custom Ⅱ) discarded

Airframe Seizure: Draw 2 cards

Turn end phase started

2444

Passed

Kiraya

Passed

Turn ended!

Turn 5 started!

2444

Kayra's Re-GZ deployed

Selecting target for Kayra's Re-GZ

Returned to deck bottom

Turn end phase started

Kiraya

Passed

2444

Passed

Turn ended!

Turn 6 started!

Kiraya

Gundam Barbatos 1st Form deployed

Battle initiated

Kiraya

Battle declared: Hyakuren against Enemy Player

2444

No blockers available

Action step

2444

Passed

Kiraya

Passed

Battle started: Hyakuren against Underground Desert Base

2444

Underground Desert Base received 4 damage, leaving 2 HP remaining

Battle ended

Turn end phase started

2444

Passed

Kiraya

Passed

Turn ended!

Turn 7 started!

2444

Gundam deployed

Linked pilot: Amuro Ray on unit Gundam

Selecting target for Amuro Ray

Rested unit: Gundam Barbatos 1st Form

Battle initiated

2444

Battle declared: Gundam against Gundam Barbatos 1st Form

Kiraya

No blockers available

Action step

Kiraya

Passed

2444

Passed

Battle started: Gundam against Gundam Barbatos 1st Form

Kiraya

Gundam Barbatos 1st Form received 6 damage, now destroyed

2444

Gundam received 3 damage, leaving 2 HP remaining

Battle ended

Battle initiated

2444

Battle declared: Kayra's Re-GZ against Hyakuren

Kiraya

No blockers available

Action step

Kiraya

Passed

2444

Passed

Battle started: Kayra's Re-GZ against Hyakuren

Kiraya

Hyakuren received 4 damage, now destroyed

2444

Kayra's Re-GZ received 4 damage, now destroyed

Battle ended

Turn end phase started

Kiraya

Passed

2444

Passed

Gundam repaired 2 from [Repair 2]

Turn ended!

Turn 8 started!

Kiraya

Played action: Darkness Finger

Darkness Finger: Dealt 2 damage to Gundam, leaving 2 HP remaining

Gundam Barbatos Adapt deployed

Selecting target for Gundam Barbatos Adapt

Gundam Barbatos Adapt: Dealt 1 damage to: Gundam Barbatos Adapt and Gundam

Linked pilot: Mikazuki Augus on unit Gundam Barbatos Adapt

Selecting target for Mikazuki Augus

Mikazuki Augus: Dealt 1 damage to: Gundam Barbatos Adapt and Gundam

Battle initiated

Kiraya

Battle declared: Gundam Barbatos Adapt against Enemy Player

2444

No blockers available

Action step

2444

Passed

Kiraya

Passed

Battle started: Gundam Barbatos Adapt against Underground Desert Base

2444

Underground Desert Base received 4 damage, now destroyed

Battle ended

Turn end phase started

2444

Passed

Kiraya

Passed

Turn ended!

Turn 9 started!

2444

Played base: Underground Desert Base

Shield card added to hand

Gundam AGE-1 Normal deployed

Selecting target for Gundam AGE-1 Normal

Kayra's Jegan discarded

Placed 1 Resource EX

Gundam AGE-1 Normal deployed

Selecting target for Gundam AGE-1 Normal

Gundam AGE-2 Double Bullet discarded

Placed 1 Resource EX

Gundam AGE-1 Normal: Draw a card

Turn end phase started

Kiraya

Passed

2444

Passed

Turn ended!

Turn 10 started!

Battle initiated

Kiraya

Battle declared: Gundam Barbatos Adapt against Enemy Player

2444

No blockers available

Action step

2444

Passed

Kiraya

Passed

Battle started: Gundam Barbatos Adapt against Underground Desert Base

2444

Underground Desert Base received 4 damage, leaving 2 HP remaining

Battle ended

Kiraya

Gundam Exia Repair deployed

Ryusei-Go (Graze Custom Ⅱ) deployed

Selecting target for Ryusei-Go (Graze Custom Ⅱ)

Ryusei-Go (Graze Custom Ⅱ): Dealt 1 damage to Ryusei-Go (Graze Custom Ⅱ), leaving 1 HP remaining

Ryusei-Go (Graze Custom Ⅱ): Draw a card

Selecting target for Ryusei-Go (Graze Custom Ⅱ)

Zeheart Galette discarded

Gundam Barbatos Adapt deployed

Selecting target for Gundam Barbatos Adapt

Gundam Barbatos Adapt: Dealt 1 damage to: Gundam Barbatos Adapt and Gundam AGE-1 Normal

Turn end phase started

2444

Passed

Kiraya

Passed

Turn ended!

Turn 11 started!

2444

Gundam AGE-2 Double Bullet deployed

Linked pilot: Asemu Asuno on unit Gundam AGE-2 Double Bullet

Battle initiated

2444

Battle declared: Gundam AGE-1 Normal against Enemy Player

Kiraya

No blockers available

Action step

Kiraya

Passed

2444

Passed

Battle started: Gundam AGE-1 Normal against EX Base

Kiraya

EX Base received 2 damage, leaving 1 HP remaining

Battle ended

Battle initiated

2444

Battle declared: Gundam AGE-2 Double Bullet against Gundam Barbatos Adapt

Kiraya

No blockers available

Action step

Kiraya

Passed

2444

Passed

Battle started: Gundam AGE-2 Double Bullet against Gundam Barbatos Adapt

Kiraya

Gundam Barbatos Adapt received 7 damage, now destroyed

2444

Gundam AGE-2 Double Bullet received 4 damage, reduced by 2, leaving 4 HP remaining

Kiraya

Breach 1: : EX Base received 1 damage, now destroyed

Battle ended

Battle initiated

2444

Battle declared: Gundam AGE-1 Normal against Enemy Player

Kiraya

No blockers available

Action step

Kiraya

Passed

2444

Passed

Battle started: Gundam AGE-1 Normal against Enemy Shield

Kiraya

Shield card: Graze Custom revealed and discarded

Battle ended

Turn end phase started

Kiraya

Passed

2444

Passed

Turn ended!

Turn 12 started!

Kiraya

Gundam Gusion Rebake deployed

Selecting target for Gundam Gusion Rebake

Gundam Gusion Rebake: Dealt 1 damage to: Gundam Gusion Rebake and Gundam AGE-1 Normal

Battle initiated

Kiraya

Battle declared: Gundam Exia Repair against Gundam AGE-1 Normal

2444

No blockers available

Action step

2444

Passed

Kiraya

Passed

Battle started: Gundam Exia Repair against Gundam AGE-1 Normal

2444

Gundam AGE-1 Normal received 2 damage, now destroyed

Kiraya

Gundam Exia Repair received 2 damage, now destroyed

Gundam Exia Repair milled 2: Hyakuren and Darkness Finger moved to trash

Battle ended

Kiraya

Linked pilot: Mikazuki Augus on unit Gundam Barbatos Adapt

Selecting target for Mikazuki Augus

Mikazuki Augus: Dealt 1 damage to: Gundam Barbatos Adapt and Gundam AGE-2 Double Bullet (reduced by 2)

Battle initiated

Kiraya

Battle declared: Gundam Barbatos Adapt against Gundam AGE-2 Double Bullet

2444

No blockers available

Action step

2444

Passed

Kiraya

Passed

Battle started: Gundam Barbatos Adapt against Gundam AGE-2 Double Bullet

2444

Gundam AGE-2 Double Bullet received 4 damage, now destroyed

Kiraya

Gundam Barbatos Adapt received 7 damage, now destroyed

Battle ended

Battle initiated

Kiraya

Battle declared: Ryusei-Go (Graze Custom Ⅱ) against Enemy Player

2444

No blockers available

Action step

2444

Passed

Kiraya

Passed

Battle started: Ryusei-Go (Graze Custom Ⅱ) against Underground Desert Base

2444

Underground Desert Base received 2 damage, now destroyed

Battle ended

Turn end phase started

2444

Passed

Kiraya

Passed

Turn ended!

Turn 13 started!

2444

Played command: A Show of Resolve

A Show of Resolve: Draw 2 cards

Nu Gundam deployed

Placed 1 Resource EX

Linked pilot: Amuro Ray on unit Nu Gundam

Battle initiated

2444

Battle declared: Nu Gundam against Ryusei-Go (Graze Custom Ⅱ)

Kiraya

Assigned Gundam Gusion Rebake to block

Action step

Kiraya

Passed

2444

Passed

Battle started: Nu Gundam against Gundam Gusion Rebake

Kiraya

Gundam Gusion Rebake received 6 damage, now destroyed

2444

Nu Gundam received 3 damage, leaving 3 HP remaining

Healed 2 damage to: Nu Gundam

Kiraya

Breach 3 Shield card: Darkness Finger revealed

Shield card: Darkness Finger moved to trash

Selecting target for Darkness Finger

Darkness Finger: Dealt 2 damage to Nu Gundam, leaving 3 HP remaining

Battle ended

Turn end phase started

Kiraya

Passed

2444

Passed

Turn ended!

Turn 14 started!

Kiraya

Played base: Isaribi

Shield card added to hand

Activated: Isaribi

Rested base: Isaribi

Isaribi: Modifier applied to: Ryusei-Go (Graze Custom Ⅱ)

Battle initiated

Kiraya

Battle declared: Ryusei-Go (Graze Custom Ⅱ) against Nu Gundam

2444

No blockers available

Action step

2444

Passed

Kiraya

Passed

Battle started: Ryusei-Go (Graze Custom Ⅱ) against Nu Gundam

2444

Nu Gundam received 4 damage, now destroyed

Kiraya

Ryusei-Go (Graze Custom Ⅱ) received 6 damage, now destroyed

Battle ended

Kiraya

Gundam Barbatos Lupus deployed

Turn end phase started

2444

Passed

Kiraya

Passed

Turn ended!

Turn 15 started!

2444

Nu Gundam deployed

Placed 1 Resource EX

Played command: A Show of Resolve

A Show of Resolve: Draw 2 cards

Re-GZ deployed

Turn end phase started

Kiraya

Passed

2444

Passed

Turn ended!

Turn 16 started!

Kiraya

Activated: Gundam Barbatos Lupus

Gundam Barbatos Adapt, Gundam Gusion Rebake and Ryusei-Go (Graze Custom Ⅱ) exiled from the game

Selecting target for Gundam Barbatos Lupus

Gundam Barbatos Lupus: Dealt 2 damage to Re-GZ, now destroyed

2444

Selecting target for Re-GZ

Card added to hand: Kayra's Re-GZ

Kiraya

Activated: Gundam Barbatos Lupus

Hyakuren, Gundam Barbatos Adapt and Graze Custom exiled from the game

Selecting target for Gundam Barbatos Lupus

Gundam Barbatos Lupus: Dealt 2 damage to Nu Gundam, leaving 2 HP remaining

Activated: Gundam Barbatos Lupus

Ryusei-Go (Graze Custom Ⅱ), Gundam Barbatos 1st Form and Hyakuren exiled from the game

Selecting target for Gundam Barbatos Lupus

Gundam Barbatos Lupus: Dealt 2 damage to Nu Gundam, now destroyed

Played command: Airframe Seizure

Selecting target for Airframe Seizure

Graze Custom discarded

Airframe Seizure: Draw 2 cards

Gundam Exia Repair deployed

Gundam Barbatos Adapt deployed

No targets for Gundam Barbatos Adapt

Battle initiated

Kiraya

Battle declared: Gundam Barbatos Lupus against Enemy Player

2444

No blockers available

Action step

2444

Passed

Kiraya

Passed

Battle started: Gundam Barbatos Lupus against Enemy Shield

2444

Shield card: Jegan revealed and discarded

Battle ended

Turn end phase started

2444

Passed

Kiraya

Passed

Turn ended!

Turn 17 started!

2444

Played base: Underground Desert Base

Shield card added to hand

Gundam AGE-2 Double Bullet deployed

Linked pilot: Asemu Asuno on unit Gundam AGE-2 Double Bullet

Battle initiated

2444

Battle declared: Gundam AGE-2 Double Bullet against Gundam Barbatos Lupus

Kiraya

No blockers available

Action step

Kiraya

Passed

2444

Passed

Battle started: Gundam AGE-2 Double Bullet against Gundam Barbatos Lupus

Kiraya

Gundam Barbatos Lupus received 7 damage, now destroyed

2444

Gundam AGE-2 Double Bullet received 5 damage, reduced by 2, leaving 3 HP remaining

Kiraya

Breach 1: : Isaribi received 1 damage, leaving 4 HP remaining

Battle ended

2444

Re-GZ deployed

Turn end phase started

Kiraya

Passed

2444

Passed

Turn ended!

Turn 18 started!

Kiraya

Gundam Barbatos Lupus deployed

Battle initiated

Kiraya

Battle declared: Gundam Exia Repair against Gundam AGE-2 Double Bullet

2444

No blockers available

Action step

2444

Passed

Kiraya

Passed

Battle started: Gundam Exia Repair against Gundam AGE-2 Double Bullet

2444

Gundam AGE-2 Double Bullet received 2 damage, reduced by 2, leaving 3 HP remaining

Kiraya

Gundam Exia Repair received 7 damage, now destroyed

Gundam Exia Repair milled 2: Mikazuki Augus and Gundam Gusion Rebake moved to trash

Battle ended

Kiraya

Activated: Gundam Barbatos Lupus

Graze Custom, Gundam Barbatos Lupus and Gundam Gusion Rebake exiled from the game

Selecting target for Gundam Barbatos Lupus

Gundam Barbatos Lupus: Dealt 2 damage to Gundam AGE-2 Double Bullet, leaving 1 HP remaining

Battle initiated

Kiraya

Battle declared: Gundam Barbatos Adapt against Gundam AGE-2 Double Bullet

2444

No blockers available

Action step

2444

Passed

Kiraya

Passed

Battle started: Gundam Barbatos Adapt against Gundam AGE-2 Double Bullet

2444

Gundam AGE-2 Double Bullet received 2 damage, now destroyed

Kiraya

Gundam Barbatos Adapt received 7 damage, now destroyed

Battle ended

Turn end phase started

2444

Passed

Kiraya

Passed

Turn ended!

Turn 19 started!

2444

Kayra's Re-GZ deployed

Selecting target for Kayra's Re-GZ

Returned to deck bottom

Battle initiated

2444

Battle declared: Re-GZ against Enemy Player

Kiraya

No blockers available

Action step

Kiraya

Passed

2444

Passed

Battle started: Re-GZ against Isaribi

Kiraya

Isaribi received 4 damage, now destroyed

Battle ended

Turn end phase started

Kiraya

Passed

2444

Passed

Turn ended!

Turn 20 started!

Kiraya

Played base: Isaribi

Shield card added to hand

Gundam Gusion Rebake Full City deployed

Battle initiated

Kiraya

Battle declared: Gundam Barbatos Lupus against Re-GZ

2444

No blockers available

Action step

2444

Passed

Kiraya

Passed

Battle started: Gundam Barbatos Lupus against Re-GZ

2444

Re-GZ received 5 damage, now destroyed

Kiraya

Gundam Barbatos Lupus received 4 damage, leaving 1 HP remaining

2444

Selecting target for Re-GZ

Card added to hand: Nu Gundam

Battle ended

Turn end phase started

2444

Passed

Kiraya

Passed

Turn ended!

Turn 21 started!

2444

Nu Gundam deployed

Linked pilot: Amuro Ray on unit Nu Gundam

Selecting target for Nu Gundam

Amuro Ray, Nu Gundam and Jegan exiled from the game

Selecting target for Nu Gundam

Battle started: Nu Gundam against Gundam Gusion Rebake Full City

Kiraya

Gundam Gusion Rebake Full City received 7 damage, now destroyed

2444

Nu Gundam received 5 damage, leaving 2 HP remaining

Healed 2 damage to: Nu Gundam

Kiraya

Breach 5: : Isaribi received 5 damage, now destroyed

Battle ended

Battle initiated

2444

Battle declared: Kayra's Re-GZ against Gundam Barbatos Lupus

Kiraya

No blockers available

Action step

Kiraya

Passed

2444

Passed

Battle started: Kayra's Re-GZ against Gundam Barbatos Lupus

Kiraya

Gundam Barbatos Lupus received 3 damage, now destroyed

2444

Kayra's Re-GZ received 5 damage, now destroyed

Battle ended

Battle initiated

2444

Battle declared: Nu Gundam against Enemy Player

Kiraya

No blockers available

Action step

Kiraya

Passed

2444

Passed

Battle started: Nu Gundam against Enemy Shield

Kiraya

Shield card: Gundam Barbatos 1st Form revealed and discarded

Battle ended

Turn end phase started

Kiraya

Passed

2444

Passed

Turn ended!

Turn 22 started!

Kiraya

Graze Custom deployed

Turn end phase started

2444

Passed

Kiraya

Passed

Turn ended!

Turn 23 started!

2444

Nu Gundam deployed

Linked pilot: Amuro Ray on unit Nu Gundam

Selecting target for Nu Gundam

Kayra's Re-GZ, Kayra's Jegan and Re-GZ exiled from the game

Selecting target for Nu Gundam

Battle started: Nu Gundam against Graze Custom

Kiraya

Graze Custom received 7 damage, now destroyed

2444

Nu Gundam received 2 damage, leaving 5 HP remaining

Healed 2 damage to: Nu Gundam

Kiraya

Breach 5 Shield card: Zeheart Galette revealed

Shield card added to hand: Zeheart Galette

Battle ended