Mobile Suit Arena - Battle logs
Game started!

Kiraya

Choose to play second

Choose to keep starting hand

zetso1982

Choose to keep starting hand

Turn 1 started!

Turn end phase started

Kiraya

Passed

zetso1982

Passed

Turn ended!

Turn 2 started!

Kiraya

Graze Custom deployed

Turn end phase started

zetso1982

Passed

Kiraya

Passed

Turn ended!

Turn 3 started!

Turn end phase started

Kiraya

Passed

zetso1982

Passed

Turn ended!

Turn 4 started!

Kiraya

Hyakuren deployed

Battle initiated

Kiraya

Battle declared: Graze Custom against Enemy Player

zetso1982

No blockers available

Action step

zetso1982

Passed

Kiraya

Passed

Battle started: Graze Custom against EX Base

zetso1982

EX Base received 2 damage, leaving 1 HP remaining

Battle ended

Turn end phase started

zetso1982

Passed

Kiraya

Passed

Turn ended!

Turn 5 started!

zetso1982

Michaelis deployed

Turn end phase started

Kiraya

Passed

zetso1982

Passed

Turn ended!

Turn 6 started!

Battle initiated

Kiraya

Battle declared: Graze Custom against Enemy Player

zetso1982

No blockers available

Action step

zetso1982

Played action: Unforeseen Incident

Unforeseen Incident: Modifier applied to: Graze Custom

Kiraya

Passed

zetso1982

Passed

Kiraya

Battle started: Graze Custom against EX Base

zetso1982

EX Base received 0 damage, leaving 1 HP remaining

Battle ended

Battle initiated

Kiraya

Battle declared: Hyakuren against Enemy Player

zetso1982

No blockers available

Action step

zetso1982

Passed

Kiraya

Passed

Battle started: Hyakuren against EX Base

zetso1982

EX Base received 4 damage, now destroyed

Battle ended

Kiraya

Shiden Custom (Ryusei-Go) deployed

Turn end phase started

zetso1982

Passed

Kiraya

Passed

Turn ended!

Turn 7 started!

Battle initiated

zetso1982

Battle declared: Michaelis against Hyakuren

Kiraya

Assigned Shiden Custom (Ryusei-Go) to block

Action step

Kiraya

Passed

zetso1982

Passed

Battle started: Michaelis against Shiden Custom (Ryusei-Go)

Kiraya

Shiden Custom (Ryusei-Go) received 3 damage, now destroyed

zetso1982

Michaelis received 4 damage, now destroyed

Battle ended

zetso1982

Rising Gundam deployed

Played action: Darkness Finger

Darkness Finger: Dealt 2 damage to Graze Custom, now destroyed

Turn end phase started

Kiraya

Passed

zetso1982

Passed

Turn ended!

Turn 8 started!

Kiraya

Gundam Barbatos Adapt deployed

Selecting target for Gundam Barbatos Adapt

Gundam Barbatos Adapt: Dealt 1 damage to: Gundam Barbatos Adapt and Rising Gundam

Gundam Barbatos Adapt deployed

Selecting target for Gundam Barbatos Adapt

Gundam Barbatos Adapt: Dealt 1 damage to: Gundam Barbatos Adapt and Rising Gundam

Linked pilot: Mikazuki Augus on unit Gundam Barbatos Adapt

Selecting target for Mikazuki Augus

Mikazuki Augus: Dealt 1 damage to: Hyakuren and Rising Gundam

Battle initiated

Kiraya

Battle declared: Hyakuren against Enemy Player

zetso1982

No blockers available

Action step

zetso1982

Passed

Kiraya

Passed

Battle started: Hyakuren against Enemy Shield

zetso1982

Shield card: Argama revealed

Played base: Argama

Shield card added to hand

Battle ended

Battle initiated

Kiraya

Battle declared: Gundam Barbatos Adapt against Enemy Player

zetso1982

No blockers available

Action step

zetso1982

Passed

Kiraya

Passed

Battle started: Gundam Barbatos Adapt against Argama

zetso1982

Argama received 4 damage, leaving 1 HP remaining

Battle ended

Turn end phase started

zetso1982

Passed

Kiraya

Passed

Turn ended!

Turn 9 started!

zetso1982

Shining Gundam deployed

No targets for Shining Gundam

Linked pilot: Domon Kasshu on unit Shining Gundam

Domon Kasshu: Draw a card

Selecting target for Domon Kasshu

Cyclone Punch discarded

Selecting target for Domon Kasshu

Selecting target for Cyclone Punch

Cyclone Punch: Modifier applied to: Gundam Barbatos Adapt

Battle initiated

zetso1982

Battle declared: Shining Gundam against Gundam Barbatos Adapt

Shining Gundam: 1 resource set as active

Kiraya

No blockers available

Action step

Kiraya

Passed

zetso1982

Passed

Battle started: Shining Gundam against Gundam Barbatos Adapt

Kiraya

Gundam Barbatos Adapt received 5 damage, now destroyed

zetso1982

Shining Gundam received 2 damage, leaving 3 HP remaining

Battle ended

zetso1982

Played command: Airframe Seizure

Selecting target for Airframe Seizure

Master Asia discarded

Airframe Seizure: Draw 2 cards

Turn end phase started

Kiraya

Passed

zetso1982

Passed

Turn ended!

Turn 10 started!

Kiraya

Gundam Gusion Rebake deployed

Selecting target for Gundam Gusion Rebake

Gundam Gusion Rebake: Dealt 1 damage to: Gundam Barbatos Adapt and Shining Gundam

Battle initiated

Kiraya

Battle declared: Gundam Barbatos Adapt against Shining Gundam

zetso1982

No blockers available

Action step

zetso1982

Passed

Kiraya

Passed

Battle started: Gundam Barbatos Adapt against Shining Gundam

zetso1982

Shining Gundam received 2 damage, now destroyed

Kiraya

Gundam Barbatos Adapt received 5 damage, now destroyed

Battle ended

Battle initiated

Kiraya

Battle declared: Hyakuren against Enemy Player

zetso1982

No blockers available

Action step

zetso1982

Passed

Kiraya

Passed

Battle started: Hyakuren against Argama

zetso1982

Argama received 4 damage, now destroyed

Battle ended

Kiraya

Gundam Exia Repair deployed

Turn end phase started

zetso1982

Passed

Kiraya

Passed

Turn ended!

Turn 11 started!

zetso1982

Shining Gundam deployed

Selecting target for Shining Gundam

Rising Gundam and Shining Gundam exiled from the game

Selecting target for Shining Gundam

Darkness Finger returned to hand

Linked pilot: Domon Kasshu on unit Shining Gundam

Domon Kasshu: Draw a card

Selecting target for Domon Kasshu

Shining Finger discarded

Selecting target for Domon Kasshu

Selecting target for Shining Finger

Rested unit: Gundam Exia Repair

Selecting target for Shining Finger

Shining Finger: Modifier applied to: Shining Gundam

Battle initiated

zetso1982

Battle declared: Shining Gundam against Hyakuren

Shining Gundam: 1 resource set as active

Kiraya

Assigned Gundam Gusion Rebake to block

Action step

Kiraya

Passed

zetso1982

Passed

Battle started: Shining Gundam against Gundam Gusion Rebake

Kiraya

Gundam Gusion Rebake received 5 damage, now destroyed

zetso1982

Damage prevented

Shining Gundam received 0 damage, leaving 5 HP remaining

Battle ended

zetso1982

Played action: Darkness Finger

Darkness Finger: Dealt 2 damage to Hyakuren, now destroyed

Played command: Airframe Seizure

Selecting target for Airframe Seizure

Gundam Aerial Rebuild discarded

Airframe Seizure: Draw 2 cards

Turn end phase started

Kiraya

Passed

zetso1982

Passed

Turn ended!

Turn 12 started!

Battle initiated

Kiraya

Battle declared: Gundam Exia Repair against Enemy Player

zetso1982

No blockers available

Action step

zetso1982

Passed

Kiraya

Passed

Battle started: Gundam Exia Repair against Enemy Shield

zetso1982

Shield card: Haow Gundam revealed and discarded

Battle ended

Kiraya

Hyakuren deployed

Hyakuren deployed

Turn end phase started

zetso1982

Passed

Kiraya

Passed

Turn ended!

Turn 13 started!

zetso1982

Haow Gundam deployed

Linked pilot: Master Asia on unit Haow Gundam

Selecting target for Haow Gundam

Rested unit: Shining Gundam

Dealt 2 damage to: Gundam Exia Repair, Hyakuren and Hyakuren

Kiraya

Gundam Exia Repair milled 2: Isaribi and Gundam Barbatos Adapt moved to trash

Battle initiated

zetso1982

Battle declared: Haow Gundam against Enemy Player

Kiraya

No blockers available

Action step

Kiraya

Passed

zetso1982

Passed

Battle started: Haow Gundam against EX Base

Kiraya

EX Base received 6 damage, now destroyed

Battle ended

Turn end phase started

Kiraya

Passed

zetso1982

Passed

Turn ended!

Turn 14 started!

Battle initiated

Kiraya

Battle declared: Hyakuren against Haow Gundam

zetso1982

No blockers available

Action step

zetso1982

Passed

Kiraya

Passed

Battle started: Hyakuren against Haow Gundam

zetso1982

Haow Gundam received 4 damage, leaving 2 HP remaining

Kiraya

Hyakuren received 6 damage, now destroyed

Battle ended

Kiraya

Gundam Barbatos Lupus deployed

Activated: Gundam Barbatos Lupus

Hyakuren, Gundam Barbatos Adapt and Hyakuren exiled from the game

Selecting target for Gundam Barbatos Lupus

Gundam Barbatos Lupus: Dealt 2 damage to Haow Gundam, now destroyed

Battle initiated

Kiraya

Battle declared: Hyakuren against Shining Gundam

zetso1982

No blockers available

Action step

zetso1982

Played action: Darkness Finger

Darkness Finger: Dealt 2 damage to Hyakuren, now destroyed

Kiraya

Passed

zetso1982

Passed

Battle ended

Turn end phase started

zetso1982

Passed

Kiraya

Passed

Turn ended!

Turn 15 started!

zetso1982

Master Gundam deployed

Turn end phase started

Kiraya

Passed

zetso1982

Passed

Turn ended!

Turn 16 started!

Battle initiated

Kiraya

Battle declared: Gundam Barbatos Lupus against Enemy Player

zetso1982

No blockers available

Action step

zetso1982

Passed

Kiraya

Passed

Battle started: Gundam Barbatos Lupus against Enemy Shield

zetso1982

Shield card: Airframe Seizure revealed and discarded

Battle ended

Kiraya

Shiden Custom (Ryusei-Go) deployed

Turn end phase started

zetso1982

Passed

Kiraya

Passed

Turn ended!

Turn 17 started!

zetso1982

Master Gundam deployed

Played action: Shining Finger

Rested unit: Shiden Custom (Ryusei-Go)

Selecting target for Shining Finger

Shining Finger: Modifier applied to: Shining Gundam

Battle initiated

zetso1982

Battle declared: Shining Gundam against Gundam Barbatos Lupus

Shining Gundam: 1 resource set as active

Kiraya

No blockers available

Action step

Kiraya

Passed

zetso1982

Passed

Battle started: Shining Gundam against Gundam Barbatos Lupus

Kiraya

Gundam Barbatos Lupus received 5 damage, now destroyed

zetso1982

Damage prevented

Shining Gundam received 0 damage, leaving 5 HP remaining

Battle ended

Battle initiated

zetso1982

Battle declared: Master Gundam against Shiden Custom (Ryusei-Go)

Selecting target for Master Gundam

Darkness Finger and Shining Finger exiled from the game

Kiraya

Shield card: Zeheart Galette revealed

Shield card added to hand: Zeheart Galette

No blockers available

Action step

Kiraya

Passed

zetso1982

Passed

Battle started: Master Gundam against Shiden Custom (Ryusei-Go)

Kiraya

Shiden Custom (Ryusei-Go) received 5 damage, now destroyed

zetso1982

Master Gundam received 4 damage, leaving 1 HP remaining

Battle ended

Turn end phase started

Kiraya

Passed

zetso1982

Passed

Turn ended!

Turn 18 started!

Kiraya

Gundam Barbatos Lupus deployed

Activated: Gundam Barbatos Lupus

Hyakuren, Gundam Barbatos Lupus and Shiden Custom (Ryusei-Go) exiled from the game

Selecting target for Gundam Barbatos Lupus

Gundam Barbatos Lupus: Dealt 2 damage to Master Gundam, now destroyed

Paired pilot: Zeheart Galette on unit Gundam Barbatos Lupus

Zeheart Galette milled 2: Graze Custom and Isaribi moved to trash

Turn end phase started

zetso1982

Passed

Kiraya

Passed

Turn ended!

Turn 19 started!

zetso1982

Played command: Overflowing Affection

Overflowing Affection: Draw 2 cards

Selecting target for Overflowing Affection

Gundam Maxter discarded

Gundam Aerial Rebuild deployed

Linked pilot: Suletta Mercury on unit Gundam Aerial Rebuild

Selecting target for Gundam Aerial Rebuild

Darkness Finger returned to hand

Battle initiated

zetso1982

Battle declared: Gundam Aerial Rebuild against Enemy Player

Suletta Mercury: 1 resource set as active

Kiraya

No blockers available

Action step

Kiraya

Passed

zetso1982

Passed

Battle started: Gundam Aerial Rebuild against Enemy Shield

Kiraya

Shield card: Gundam Barbatos 1st Form revealed and discarded

Battle ended

Battle initiated

zetso1982

Battle declared: Shining Gundam against Enemy Player

Shining Gundam: 1 resource set as active

Kiraya

No blockers available

Action step

Kiraya

Passed

zetso1982

Passed

Battle started: Shining Gundam against Enemy Shield

Kiraya

Shield card: Mikazuki Augus revealed

Shield card added to hand: Mikazuki Augus

Battle ended

Turn end phase started

Kiraya

Passed

zetso1982

Passed

Turn ended!

Turn 20 started!

Kiraya

Gundam Flauros (Ryusei-Go) deployed

No targets for Gundam Flauros (Ryusei-Go)

Linked pilot: Mikazuki Augus on unit Gundam Flauros (Ryusei-Go)

Selecting target for Mikazuki Augus

Mikazuki Augus: Dealt 1 damage to: Gundam Flauros (Ryusei-Go) and Shining Gundam

Activated: Gundam Barbatos Lupus

Gundam Barbatos Adapt, Gundam Gusion Rebake and Gundam Barbatos 1st Form exiled from the game

Selecting target for Gundam Barbatos Lupus

Gundam Barbatos Lupus: Dealt 2 damage to Shining Gundam, leaving 2 HP remaining

Activated: Gundam Barbatos Lupus

Shiden Custom (Ryusei-Go), Graze Custom and Graze Custom exiled from the game

Selecting target for Gundam Barbatos Lupus

Gundam Barbatos Lupus: Dealt 2 damage to Shining Gundam, now destroyed

Battle initiated

Kiraya

Battle declared: Gundam Flauros (Ryusei-Go) against Enemy Player

No targets for Gundam Flauros (Ryusei-Go)

zetso1982

No blockers available

Action step

zetso1982

Passed

Kiraya

Passed

Battle started: Gundam Flauros (Ryusei-Go) against Enemy Shield

zetso1982

Shield card: Shining Gundam revealed and discarded

Battle ended

Battle initiated

Kiraya

Battle declared: Gundam Barbatos Lupus against Enemy Player

zetso1982

No blockers available

Action step

zetso1982

Passed

Kiraya

Passed

Battle started: Gundam Barbatos Lupus against Enemy Shield

zetso1982

Shield card: Gundam Maxter revealed and discarded

Battle ended

Turn end phase started

zetso1982

Passed

Kiraya

Passed

Turn ended!

Turn 21 started!

Battle initiated

zetso1982

Battle declared: Gundam Aerial Rebuild against Gundam Flauros (Ryusei-Go)

Suletta Mercury: no resources to set as active

Kiraya

No blockers available

Action step

Kiraya

Passed

zetso1982

Passed

Battle started: Gundam Aerial Rebuild against Gundam Flauros (Ryusei-Go)

Kiraya

Gundam Flauros (Ryusei-Go) received 6 damage, now destroyed

zetso1982

Gundam Aerial Rebuild received 7 damage, now destroyed

Battle ended

zetso1982

Played action: Darkness Finger

Darkness Finger: Dealt 2 damage to Gundam Barbatos Lupus, leaving 5 HP remaining

Darkness Finger: Draw a card

Battle initiated

zetso1982

Battle declared: Master Gundam against Gundam Barbatos Lupus

Selecting target for Master Gundam

Cyclone Punch and Shining Finger exiled from the game

Kiraya

Shield card: Gundam Barbatos Lupus revealed and discarded

No blockers available

Action step

Kiraya

Passed

zetso1982

Passed

Battle started: Master Gundam against Gundam Barbatos Lupus

Kiraya

Gundam Barbatos Lupus received 5 damage, now destroyed

zetso1982

Master Gundam received 7 damage, now destroyed

Battle ended

zetso1982

Gundam Maxter deployed

Michaelis deployed

Turn end phase started

Kiraya

Passed

zetso1982

Passed

Turn ended!

Turn 22 started!

Kiraya

Played base: Isaribi

Shield card added to hand

Gundam Barbatos Lupus deployed

Activated: Gundam Barbatos Lupus

Gundam Flauros (Ryusei-Go), Gundam Barbatos Lupus and Gundam Barbatos Lupus exiled from the game

Selecting target for Gundam Barbatos Lupus

Gundam Barbatos Lupus: Dealt 2 damage to Gundam Maxter, now destroyed

Graze Custom deployed

Turn end phase started

zetso1982

Passed

Kiraya

Passed

Turn ended!

Turn 23 started!

zetso1982

Played base: Argama

No more Shield cards to add to hand

Battle initiated

zetso1982

Battle declared: Michaelis against Enemy Player

Kiraya

No blockers available

Action step

Kiraya

Passed

zetso1982

Passed

Battle started: Michaelis against Isaribi

Kiraya

Isaribi received 4 damage, leaving 1 HP remaining

Battle ended

Turn end phase started

Kiraya

Passed

zetso1982

Passed

Turn ended!

Turn 24 started!

Battle initiated

Kiraya

Battle declared: Gundam Barbatos Lupus against Enemy Player

zetso1982

No blockers available

Action step

zetso1982

Passed

Kiraya

Passed

Battle started: Gundam Barbatos Lupus against Argama

zetso1982

Argama received 5 damage, now destroyed

Battle ended

Battle initiated

Kiraya

Battle declared: Graze Custom against Enemy Player

zetso1982

No blockers available

Action step

zetso1982

Passed

Kiraya

Passed

Battle started: Graze Custom against Enemy Player

zetso1982

No more shields available, game is over!

Kiraya

Winner!

Game ended!