Mobile Suit Arena - Battle logs
Game started!

Kiraya

Choose to play second

Heiwajima

Choose to keep starting hand

Kiraya

Choose to mulligan starting hand

Turn 1 started!

Turn end phase started

Kiraya

Passed

Heiwajima

Passed

Turn ended!

Turn 2 started!

Kiraya

Played command: Airframe Seizure

Selecting target for Airframe Seizure

Zeheart Galette discarded

Airframe Seizure: Draw 2 cards

Turn end phase started

Heiwajima

Passed

Kiraya

Passed

Turn ended!

Turn 3 started!

Turn end phase started

Kiraya

Passed

Heiwajima

Passed

Turn ended!

Turn 4 started!

Kiraya

Graze Custom deployed

Graze Custom deployed

Turn end phase started

Heiwajima

Passed

Kiraya

Passed

Turn ended!

Turn 5 started!

Heiwajima

Ryusei-Go (Graze Custom Ⅱ) deployed

Selecting target for Ryusei-Go (Graze Custom Ⅱ)

Ryusei-Go (Graze Custom Ⅱ): Dealt 1 damage to Ryusei-Go (Graze Custom Ⅱ), leaving 1 HP remaining

Ryusei-Go (Graze Custom Ⅱ): Draw a card

Selecting target for Ryusei-Go (Graze Custom Ⅱ)

Gundam Barbatos Lupus discarded

Turn end phase started

Kiraya

Passed

Heiwajima

Passed

Turn ended!

Turn 6 started!

Battle initiated

Kiraya

Battle declared: Graze Custom against Enemy Player

Heiwajima

No blockers available

Action step

Heiwajima

Passed

Kiraya

Passed

Battle started: Graze Custom against EX Base

Heiwajima

EX Base received 2 damage, leaving 1 HP remaining

Battle ended

Battle initiated

Kiraya

Battle declared: Graze Custom against Enemy Player

Heiwajima

No blockers available

Action step

Heiwajima

Passed

Kiraya

Passed

Battle started: Graze Custom against EX Base

Heiwajima

EX Base received 2 damage, now destroyed

Battle ended

Kiraya

Graze Custom deployed

Gundam Exia Repair deployed

Turn end phase started

Heiwajima

Passed

Kiraya

Passed

Turn ended!

Turn 7 started!

Battle initiated

Heiwajima

Battle declared: Ryusei-Go (Graze Custom Ⅱ) against Graze Custom

Kiraya

No blockers available

Action step

Kiraya

Passed

Heiwajima

Passed

Battle started: Ryusei-Go (Graze Custom Ⅱ) against Graze Custom

Kiraya

Graze Custom received 2 damage, now destroyed

Heiwajima

Ryusei-Go (Graze Custom Ⅱ) received 2 damage, now destroyed

Battle ended

Heiwajima

Gundam Barbatos Adapt deployed

Selecting target for Gundam Barbatos Adapt

Gundam Barbatos Adapt: Dealt 1 damage to: Gundam Barbatos Adapt and Gundam Exia Repair

Kiraya

Gundam Exia Repair milled 2: Gundam Gusion Rebake and Gundam Gusion Rebake moved to trash

Heiwajima

Linked pilot: Mikazuki Augus on unit Gundam Barbatos Adapt

Selecting target for Mikazuki Augus

Mikazuki Augus: Dealt 1 damage to: Gundam Barbatos Adapt and Graze Custom

Battle initiated

Heiwajima

Battle declared: Gundam Barbatos Adapt against Enemy Player

Kiraya

No blockers available

Action step

Kiraya

Passed

Heiwajima

Passed

Battle started: Gundam Barbatos Adapt against EX Base

Kiraya

EX Base received 4 damage, now destroyed

Battle ended

Turn end phase started

Kiraya

Passed

Heiwajima

Passed

Turn ended!

Turn 8 started!

Kiraya

Gundam Barbatos 1st Form deployed

Gundam Barbatos Adapt deployed

Selecting target for Gundam Barbatos Adapt

Gundam Barbatos Adapt: Dealt 1 damage to: Gundam Barbatos 1st Form and Gundam Barbatos Adapt

Battle initiated

Kiraya

Battle declared: Graze Custom against Gundam Barbatos Adapt

Heiwajima

No blockers available

Action step

Heiwajima

Passed

Kiraya

Passed

Battle started: Graze Custom against Gundam Barbatos Adapt

Heiwajima

Gundam Barbatos Adapt received 2 damage, now destroyed

Kiraya

Graze Custom received 4 damage, now destroyed

Battle ended

Battle initiated

Kiraya

Battle declared: Graze Custom against Enemy Player

Heiwajima

No blockers available

Action step

Heiwajima

Passed

Kiraya

Passed

Battle started: Graze Custom against Enemy Shield

Heiwajima

Shield card: Gundam Barbatos 1st Form revealed and discarded

Battle ended

Turn end phase started

Heiwajima

Passed

Kiraya

Passed

Turn ended!

Turn 9 started!

Heiwajima

Gundam Barbatos 1st Form deployed

Linked pilot: Mikazuki Augus on unit Gundam Barbatos 1st Form

Selecting target for Mikazuki Augus

Mikazuki Augus: Dealt 1 damage to: Gundam Barbatos 1st Form and Gundam Barbatos 1st Form

Battle initiated

Heiwajima

Battle declared: Gundam Barbatos 1st Form against Enemy Player

Gundam Barbatos 1st Form: Draw a card

Kiraya

No blockers available

Action step

Kiraya

Passed

Heiwajima

Passed

Battle started: Gundam Barbatos 1st Form against Enemy Shield

Kiraya

Shield card: Shiden Custom (Ryusei-Go) revealed and discarded

Battle ended

Heiwajima

Hyakuren deployed

Turn end phase started

Kiraya

Passed

Heiwajima

Passed

Turn ended!

Turn 10 started!

Kiraya

Gundam Gusion Rebake deployed

Selecting target for Gundam Gusion Rebake

Gundam Gusion Rebake: Dealt 1 damage to: Gundam Gusion Rebake and Gundam Barbatos 1st Form

Linked pilot: Mikazuki Augus on unit Gundam Barbatos Adapt

Selecting target for Mikazuki Augus

Mikazuki Augus: Dealt 1 damage to: Gundam Barbatos Adapt and Gundam Barbatos 1st Form

Battle initiated

Kiraya

Battle declared: Graze Custom against Enemy Player

Heiwajima

No blockers available

Action step

Heiwajima

Passed

Kiraya

Passed

Battle started: Graze Custom against Enemy Shield

Heiwajima

Shield card: Gundam Barbatos Adapt revealed and discarded

Battle ended

Battle initiated

Kiraya

Battle declared: Gundam Barbatos Adapt against Enemy Player

Heiwajima

No blockers available

Action step

Heiwajima

Passed

Kiraya

Passed

Battle started: Gundam Barbatos Adapt against Enemy Shield

Heiwajima

Shield card: Gundam Barbatos 1st Form revealed and discarded

Battle ended

Turn end phase started

Heiwajima

Passed

Kiraya

Passed

Turn ended!

Turn 11 started!

Battle initiated

Heiwajima

Battle declared: Hyakuren against Gundam Barbatos Adapt

Kiraya

Assigned Gundam Gusion Rebake to block

Action step

Kiraya

Passed

Heiwajima

Passed

Battle started: Hyakuren against Gundam Gusion Rebake

Kiraya

Gundam Gusion Rebake received 4 damage, now destroyed

Heiwajima

Hyakuren received 3 damage, now destroyed

Battle ended

Heiwajima

Gundam Gusion Rebake deployed

Selecting target for Gundam Gusion Rebake

Gundam Gusion Rebake: Dealt 1 damage to: Gundam Gusion Rebake and Graze Custom

Paired pilot: Mikazuki Augus on unit Gundam Gusion Rebake

Selecting target for Mikazuki Augus

Mikazuki Augus: Dealt 1 damage to: Gundam Gusion Rebake and Graze Custom

Turn end phase started

Kiraya

Passed

Heiwajima

Passed

Turn ended!

Turn 12 started!

Kiraya

Gundam Barbatos Lupus deployed

Played base: Isaribi

Shield card added to hand

Activated: Gundam Barbatos Lupus

Shiden Custom (Ryusei-Go), Gundam Gusion Rebake and Graze Custom exiled from the game

Selecting target for Gundam Barbatos Lupus

Gundam Barbatos Lupus: Dealt 2 damage to Gundam Gusion Rebake, leaving 2 HP remaining

Activated: Gundam Barbatos Lupus

Gundam Gusion Rebake, Graze Custom and Gundam Barbatos 1st Form exiled from the game

Selecting target for Gundam Barbatos Lupus

Gundam Barbatos Lupus: Dealt 2 damage to Gundam Gusion Rebake, now destroyed

Battle initiated

Kiraya

Battle declared: Gundam Barbatos Adapt against Enemy Player

Heiwajima

No blockers available

Action step

Heiwajima

Passed

Kiraya

Passed

Battle started: Gundam Barbatos Adapt against Enemy Shield

Heiwajima

Shield card: Ryusei-Go (Graze Custom Ⅱ) revealed and discarded

Battle ended

Turn end phase started

Heiwajima

Passed

Kiraya

Passed

Turn ended!

Turn 13 started!

Heiwajima

Gundam Barbatos Lupus deployed

Paired pilot: Zeheart Galette on unit Gundam Barbatos Lupus

Zeheart Galette milled 2: Argama and Zeheart Galette moved to trash

Selecting target for Zeheart Galette

Zeheart Galette: Modifier applied to: Gundam Barbatos Lupus

Activated: Gundam Barbatos Lupus

Gundam Barbatos Adapt, Gundam Gusion Rebake and Ryusei-Go (Graze Custom Ⅱ) exiled from the game

Selecting target for Gundam Barbatos Lupus

Gundam Barbatos Lupus: Dealt 2 damage to Gundam Barbatos Adapt, leaving 2 HP remaining

Activated: Gundam Barbatos Lupus

Gundam Barbatos 1st Form, Gundam Barbatos 1st Form and Hyakuren exiled from the game

Selecting target for Gundam Barbatos Lupus

Gundam Barbatos Lupus: Dealt 2 damage to Gundam Barbatos Adapt, now destroyed

Turn end phase started

Kiraya

Passed

Heiwajima

Passed

Turn ended!

Turn 14 started!

Kiraya

Gundam Barbatos 1st Form deployed

Ryusei-Go (Graze Custom Ⅱ) deployed

Selecting target for Ryusei-Go (Graze Custom Ⅱ)

Ryusei-Go (Graze Custom Ⅱ): Dealt 1 damage to Gundam Barbatos 1st Form, leaving 1 HP remaining

Ryusei-Go (Graze Custom Ⅱ): Draw a card

Selecting target for Ryusei-Go (Graze Custom Ⅱ)

Gundam Barbatos Adapt discarded

Gundam Barbatos Adapt deployed

Selecting target for Gundam Barbatos Adapt

Gundam Barbatos Adapt: Dealt 1 damage to: Gundam Barbatos Adapt and Gundam Barbatos Lupus

Activated: Gundam Barbatos Lupus

Graze Custom, Gundam Barbatos Adapt and Gundam Barbatos Adapt exiled from the game

Selecting target for Gundam Barbatos Lupus

Gundam Barbatos Lupus: Dealt 2 damage to Gundam Barbatos Lupus, leaving 4 HP remaining

Battle initiated

Kiraya

Battle declared: Gundam Barbatos Lupus against Enemy Player

Heiwajima

No blockers available

Action step

Heiwajima

Passed

Kiraya

Passed

Battle started: Gundam Barbatos Lupus against Enemy Shield

Heiwajima

Shield card: Shiden Custom (Ryusei-Go) revealed and discarded

Battle ended

Turn end phase started

Heiwajima

Passed

Kiraya

Passed

Turn ended!

Turn 15 started!

Heiwajima

Played base: Argama

Shield card added to hand

Played command: Overflowing Affection

Overflowing Affection: Draw 2 cards

Selecting target for Overflowing Affection

Graze Custom discarded

Activated: Gundam Barbatos Lupus

Gundam Barbatos 1st Form, Shiden Custom (Ryusei-Go) and Graze Custom exiled from the game

Selecting target for Gundam Barbatos Lupus

Gundam Barbatos Lupus: Dealt 2 damage to Ryusei-Go (Graze Custom Ⅱ), now destroyed

Battle initiated

Heiwajima

Battle declared: Gundam Barbatos Lupus against Gundam Barbatos Lupus

Kiraya

No blockers available

Action step

Kiraya

Passed

Heiwajima

Passed

Battle started: Gundam Barbatos Lupus against Gundam Barbatos Lupus

Kiraya

Gundam Barbatos Lupus received 7 damage, now destroyed

Heiwajima

Gundam Barbatos Lupus received 5 damage, now destroyed

Battle ended

Heiwajima

Gundam Gusion Rebake deployed

Selecting target for Gundam Gusion Rebake

Gundam Gusion Rebake: Dealt 1 damage to: Gundam Gusion Rebake and Gundam Barbatos 1st Form

Turn end phase started

Kiraya

Passed

Heiwajima

Passed

Turn ended!

Turn 16 started!

Turn end phase started

Heiwajima

Passed

Kiraya

Passed

Turn ended!

Turn 17 started!

Heiwajima

Gundam Barbatos Lupus deployed

Shiden Custom (Ryusei-Go) deployed

Turn end phase started

Kiraya

Passed

Heiwajima

Passed

Turn ended!

Turn 18 started!

Kiraya

Gundam Barbatos Adapt deployed

Selecting target for Gundam Barbatos Adapt

Gundam Barbatos Adapt: Dealt 1 damage to: Gundam Barbatos Adapt and Shiden Custom (Ryusei-Go)

Played action: Darkness Finger

Darkness Finger: Dealt 2 damage to Shiden Custom (Ryusei-Go), now destroyed

Activated: Isaribi

Rested base: Isaribi

Isaribi: Modifier applied to: Gundam Barbatos Adapt

Battle initiated

Kiraya

Battle declared: Gundam Barbatos Adapt against Enemy Player

Heiwajima

Assigned Gundam Gusion Rebake to block

Action step

Heiwajima

Passed

Kiraya

Passed

Battle started: Gundam Barbatos Adapt against Gundam Gusion Rebake

Heiwajima

Gundam Gusion Rebake received 4 damage, now destroyed

Kiraya

Gundam Barbatos Adapt received 3 damage, now destroyed

Battle ended

Turn end phase started

Heiwajima

Passed

Kiraya

Passed

Turn ended!

Turn 19 started!

Heiwajima

Activated: Gundam Barbatos Lupus

Gundam Barbatos Lupus, Shiden Custom (Ryusei-Go) and Gundam Gusion Rebake exiled from the game

Selecting target for Gundam Barbatos Lupus

Gundam Barbatos Lupus: Dealt 2 damage to Gundam Barbatos Adapt, leaving 1 HP remaining

Activated: Gundam Barbatos Lupus

Gundam Barbatos Lupus, Ryusei-Go (Graze Custom Ⅱ) and Gundam Barbatos Adapt exiled from the game

Selecting target for Gundam Barbatos Lupus

Gundam Barbatos Lupus: Dealt 2 damage to Gundam Barbatos Adapt, now destroyed

Gundam Barbatos Lupus Rex deployed

Shiden Custom (Ryusei-Go) deployed

Battle initiated

Heiwajima

Battle declared: Gundam Barbatos Lupus against Enemy Player

Kiraya

No blockers available

Action step

Kiraya

Passed

Heiwajima

Passed

Battle started: Gundam Barbatos Lupus against Isaribi

Kiraya

Isaribi received 5 damage, now destroyed

Battle ended

Turn end phase started

Kiraya

Passed

Heiwajima

Passed

Selecting target for Gundam Barbatos Lupus Rex

Turn ended!

Turn 20 started!

Kiraya

Gundam Exia Repair deployed

Turn end phase started

Heiwajima

Passed

Kiraya

Passed

Turn ended!

Turn 21 started!

Heiwajima

Hyakuren deployed

Turn end phase started

Kiraya

Passed

Heiwajima

Passed

Selecting target for Gundam Barbatos Lupus Rex

Turn ended!

Turn 22 started!

Turn end phase started

Heiwajima

Passed

Kiraya

Passed

Turn ended!

Turn 23 started!

Battle initiated

Heiwajima

Battle declared: Hyakuren against Enemy Player

Kiraya

No blockers available

Action step

Kiraya

Passed

Heiwajima

Passed

Battle started: Hyakuren against Enemy Shield

Kiraya

Shield card: Gundam Barbatos 1st Form revealed and discarded

Battle ended

Battle initiated

Heiwajima

Battle declared: Gundam Barbatos Lupus Rex against Enemy Player

Kiraya

No blockers available

Action step

Kiraya

Passed

Heiwajima

Passed

Battle started: Gundam Barbatos Lupus Rex against Enemy Shield

Kiraya

Shield card: Hyakuren revealed and discarded

Battle ended

Battle initiated

Heiwajima

Battle declared: Gundam Barbatos Lupus against Enemy Player

Kiraya

No blockers available

Action step

Kiraya

Passed

Heiwajima

Passed

Battle started: Gundam Barbatos Lupus against Enemy Shield

Kiraya

Shield card: Mikazuki Augus revealed

Shield card added to hand: Mikazuki Augus

Battle ended

Heiwajima

Played command: Momentary Respite

Mikazuki Augus returned to hand

Linked pilot: Mikazuki Augus on unit Gundam Barbatos Lupus

Selecting target for Mikazuki Augus

Mikazuki Augus: Dealt 1 damage to: Gundam Barbatos Lupus Rex and Gundam Exia Repair

Kiraya

Gundam Exia Repair milled 2: Hyakuren and Shiden Custom (Ryusei-Go) moved to trash

Turn end phase started

Kiraya

Passed

Heiwajima

Passed

Selecting target for Gundam Barbatos Lupus Rex

Dealt 1 damage to Gundam Barbatos Lupus, leaving 5 HP remaining

Set Active: Gundam Barbatos Lupus

Turn ended!

Turn 24 started!

Heiwajima

Winner!

Game ended!