Mobile Suit Arena - Battle logs
Game started!

Kiraya

Choose to play second

Choose to mulligan starting hand

Uhnno

Choose to mulligan starting hand

Turn 1 started!

Turn end phase started

Kiraya

Passed

Uhnno

Passed

Turn ended!

Turn 2 started!

Kiraya

Gundam Exia Repair deployed

Turn end phase started

Uhnno

Passed

Kiraya

Passed

Turn ended!

Turn 3 started!

Uhnno

Zaku Ⅱ deployed

Zaku Ⅱ deployed

Turn end phase started

Kiraya

Passed

Uhnno

Passed

Turn ended!

Turn 4 started!

Turn end phase started

Uhnno

Passed

Kiraya

Passed

Turn ended!

Turn 5 started!

Battle initiated

Uhnno

Battle declared: Zaku Ⅱ against Enemy Player

Zaku Ⅱ: Modifier applied to: Zaku Ⅱ

Kiraya

No blockers available

Action step

Kiraya

Passed

Uhnno

Passed

Battle started: Zaku Ⅱ against EX Base

Kiraya

EX Base received 3 damage, now destroyed

Battle ended

Battle initiated

Uhnno

Battle declared: Zaku Ⅱ against Enemy Player

Kiraya

No blockers available

Action step

Kiraya

Passed

Uhnno

Passed

Battle started: Zaku Ⅱ against Enemy Shield

Kiraya

Shield card: Hyakuren revealed and discarded

Battle ended

Uhnno

Char's Zaku Ⅱ deployed

Zaku Ⅰ deployed

Turn end phase started

Kiraya

Passed

Uhnno

Passed

Turn ended!

Turn 6 started!

Kiraya

Played action: Darkness Finger

Darkness Finger: Dealt 2 damage to Char's Zaku Ⅱ, now destroyed

Uhnno

Selecting target for Char's Zaku Ⅱ

Card added to hand: Zaku Ⅱ

Battle initiated

Kiraya

Battle declared: Gundam Exia Repair against Zaku Ⅱ

Uhnno

No blockers available

Action step

Uhnno

Passed

Kiraya

Passed

Battle started: Gundam Exia Repair against Zaku Ⅱ

Uhnno

Zaku Ⅱ received 2 damage, now destroyed

Kiraya

Gundam Exia Repair received 1 damage, now destroyed

Gundam Exia Repair milled 2: Gundam Barbatos 1st Form and Graze Custom moved to trash

Battle ended

Kiraya

Gundam Exia Repair deployed

Turn end phase started

Uhnno

Passed

Kiraya

Passed

Turn ended!

Turn 7 started!

Battle initiated

Uhnno

Battle declared: Zaku Ⅰ against Enemy Player

Kiraya

No blockers available

Action step

Kiraya

Passed

Uhnno

Passed

Battle started: Zaku Ⅰ against Enemy Shield

Kiraya

Shield card: Darkness Finger revealed

Shield card: Darkness Finger moved to trash

Selecting target for Darkness Finger

Darkness Finger: Dealt 2 damage to Zaku Ⅱ, now destroyed

Battle ended

Uhnno

ReZEL deployed

Zaku Ⅱ deployed

Guntank deployed

No targets for Guntank

Turn end phase started

Kiraya

Passed

Uhnno

Passed

Turn ended!

Turn 8 started!

Kiraya

Gundam Flauros (Ryusei-Go) deployed

Selecting target for Gundam Flauros (Ryusei-Go)

Linked pilot: Mikazuki Augus on unit Gundam Flauros (Ryusei-Go)

Selecting target for Mikazuki Augus

Mikazuki Augus: Dealt 1 damage to: Gundam Flauros (Ryusei-Go) and ReZEL

Battle initiated

Kiraya

Battle declared: Gundam Exia Repair against Zaku Ⅰ

Uhnno

No blockers available

Action step

Uhnno

Passed

Kiraya

Passed

Battle started: Gundam Exia Repair against Zaku Ⅰ

Uhnno

Zaku Ⅰ received 2 damage, now destroyed

Kiraya

Gundam Exia Repair received 1 damage, now destroyed

Gundam Exia Repair milled 2: Gundam Barbatos Lupus and Hyakuren moved to trash

Battle ended

Battle initiated

Kiraya

Battle declared: Gundam Flauros (Ryusei-Go) against Enemy Player

Selecting target for Gundam Flauros (Ryusei-Go)

Uhnno

No blockers available

Action step

Uhnno

Passed

Kiraya

Passed

Battle started: Gundam Flauros (Ryusei-Go) against EX Base

Uhnno

EX Base received 7 damage, now destroyed

Battle ended

Turn end phase started

Uhnno

Passed

Kiraya

Passed

Turn ended!

Turn 9 started!

Uhnno

Rick Dom deployed

Gundam deployed

Battle initiated

Uhnno

Battle declared: ReZEL against Enemy Player

Kiraya

No blockers available

Action step

Kiraya

Passed

Uhnno

Passed

Battle started: ReZEL against Enemy Shield

Kiraya

Shield card: Zeheart Galette revealed

Shield card added to hand: Zeheart Galette

Battle ended

Turn end phase started

Kiraya

Passed

Uhnno

Passed

Turn ended!

Turn 10 started!

Kiraya

Played base: Isaribi

Shield card added to hand

Played action: Darkness Finger

Darkness Finger: Dealt 2 damage to Rick Dom, leaving 1 HP remaining

Played command: Airframe Seizure

Selecting target for Airframe Seizure

Gundam Barbatos Lupus discarded

Airframe Seizure: Draw 2 cards

Gundam Barbatos Adapt deployed

Selecting target for Gundam Barbatos Adapt

Gundam Barbatos Adapt: Dealt 1 damage to: Gundam Barbatos Adapt and Rick Dom

Battle initiated

Kiraya

Battle declared: Gundam Flauros (Ryusei-Go) against Enemy Player

No targets for Gundam Flauros (Ryusei-Go)

Uhnno

No blockers available

Action step

Uhnno

Passed

Kiraya

Passed

Battle started: Gundam Flauros (Ryusei-Go) against Enemy Shield

Uhnno

Shield card: Rick Dom revealed and discarded

Battle ended

Turn end phase started

Uhnno

Passed

Kiraya

Passed

Turn ended!

Turn 11 started!

Battle initiated

Uhnno

Battle declared: ReZEL against Gundam Flauros (Ryusei-Go)

Kiraya

No blockers available

Action step

Kiraya

Passed

Uhnno

Passed

Battle started: ReZEL against Gundam Flauros (Ryusei-Go)

Kiraya

Gundam Flauros (Ryusei-Go) received 4 damage, now destroyed

Uhnno

ReZEL received 7 damage, now destroyed

Battle ended

Battle initiated

Uhnno

Battle declared: Gundam against Enemy Player

Kiraya

No blockers available

Action step

Kiraya

Passed

Uhnno

Passed

Battle started: Gundam against Isaribi

Kiraya

Isaribi received 3 damage, leaving 2 HP remaining

Battle ended

Uhnno

Zeong deployed

Zaku Ⅱ deployed

Turn end phase started

Kiraya

Passed

Uhnno

Passed

Turn ended!

Turn 12 started!

Kiraya

Shiden Custom (Ryusei-Go) deployed

Graze Custom deployed

Activated: Isaribi

Rested base: Isaribi

Isaribi: Modifier applied to: Gundam Barbatos Adapt

Battle initiated

Kiraya

Battle declared: Gundam Barbatos Adapt against Gundam

Uhnno

No blockers available

Action step

Uhnno

Passed

Kiraya

Passed

Battle started: Gundam Barbatos Adapt against Gundam

Uhnno

Gundam received 4 damage, now destroyed

Kiraya

Gundam Barbatos Adapt received 3 damage, now destroyed

Battle ended

Turn end phase started

Uhnno

Passed

Kiraya

Passed

Turn ended!

Turn 13 started!

Uhnno

Gundam deployed

Linked pilot: Amuro Ray on unit Gundam

Selecting target for Amuro Ray

Rested unit: Shiden Custom (Ryusei-Go)

Battle initiated

Uhnno

Battle declared: Zaku Ⅱ against Enemy Player

Kiraya

No blockers available

Action step

Kiraya

Passed

Uhnno

Passed

Battle started: Zaku Ⅱ against Isaribi

Kiraya

Isaribi received 3 damage, now destroyed

Battle ended

Battle initiated

Uhnno

Battle declared: Zeong against Enemy Player

Kiraya

No blockers available

Action step

Kiraya

Passed

Uhnno

Passed

Battle started: Zeong against Enemy Shield

Kiraya

Shield card: Hyakuren revealed and discarded

Battle ended

Battle initiated

Uhnno

Battle declared: Gundam against Enemy Player

Kiraya

No blockers available

Action step

Kiraya

Passed

Uhnno

Passed

Battle started: Gundam against Enemy Shield

Kiraya

Shield card: Hyakuren revealed and discarded

Battle ended

Turn end phase started

Kiraya

Passed

Uhnno

Passed

Turn ended!

Turn 14 started!

Kiraya

Gundam Barbatos Lupus deployed

Linked pilot: Mikazuki Augus on unit Shiden Custom (Ryusei-Go)

Selecting target for Mikazuki Augus

Mikazuki Augus: Dealt 1 damage to: Graze Custom and Gundam

Activated: Gundam Barbatos Lupus

Gundam Barbatos Lupus, Hyakuren and Hyakuren exiled from the game

Selecting target for Gundam Barbatos Lupus

Gundam Barbatos Lupus: Dealt 2 damage to Gundam, leaving 2 HP remaining

Activated: Gundam Barbatos Lupus

Gundam Barbatos Lupus, Gundam Flauros (Ryusei-Go) and Gundam Barbatos Adapt exiled from the game

Selecting target for Gundam Barbatos Lupus

Gundam Barbatos Lupus: Dealt 2 damage to Gundam, now destroyed

Activated: Gundam Barbatos Lupus

Gundam Barbatos 1st Form, Graze Custom and Hyakuren exiled from the game

Selecting target for Gundam Barbatos Lupus

Gundam Barbatos Lupus: Dealt 2 damage to Zeong, leaving 1 HP remaining

Battle initiated

Kiraya

Battle declared: Shiden Custom (Ryusei-Go) against Zaku Ⅱ

Uhnno

No blockers available

Action step

Uhnno

Passed

Kiraya

Passed

Battle started: Shiden Custom (Ryusei-Go) against Zaku Ⅱ

Uhnno

Zaku Ⅱ received 6 damage, now destroyed

Kiraya

Shiden Custom (Ryusei-Go) received 2 damage, leaving 2 HP remaining

Battle ended

Battle initiated

Kiraya

Battle declared: Graze Custom against Zeong

Uhnno

No blockers available

Action step

Uhnno

Passed

Kiraya

Passed

Battle started: Graze Custom against Zeong

Uhnno

Zeong received 2 damage, now destroyed

Kiraya

Graze Custom received 4 damage, now destroyed

Uhnno

Zeong (Head) deployed

Battle ended

Turn end phase started

Uhnno

Passed

Kiraya

Passed

Turn ended!

Turn 15 started!

Battle initiated

Uhnno

Battle declared: Zeong (Head) against Enemy Player

Kiraya

No blockers available

Action step

Kiraya

Passed

Uhnno

Passed

Battle started: Zeong (Head) against Enemy Player

Kiraya

No more shields available, game is over!

Uhnno

Winner!

Game ended!