Mobile Suit Arena - Battle logs
Game started!

Bonestar

Choose to play first

Kiraya

Choose to keep starting hand

Bonestar

Choose to mulligan starting hand

Turn 1 started!

Turn end phase started

Kiraya

Passed

Bonestar

Passed

Turn ended!

Turn 2 started!

Kiraya

Graze Custom deployed

Turn end phase started

Bonestar

Passed

Kiraya

Passed

Turn ended!

Turn 3 started!

Bonestar

Zaku Ⅱ deployed

Zaku Ⅱ deployed

Turn end phase started

Kiraya

Passed

Bonestar

Passed

Turn ended!

Turn 4 started!

Kiraya

Graze Custom deployed

Battle initiated

Kiraya

Battle declared: Graze Custom against Enemy Player

Bonestar

No blockers available

Action step

Bonestar

Passed

Kiraya

Passed

Battle started: Graze Custom against EX Base

Bonestar

EX Base received 2 damage, leaving 1 HP remaining

Battle ended

Turn end phase started

Bonestar

Passed

Kiraya

Passed

Turn ended!

Turn 5 started!

Bonestar

Replaced EX Base base: Underground Desert Base

Shield card added to hand

Battle initiated

Bonestar

Battle declared: Zaku Ⅱ against Enemy Player

Zaku Ⅱ: Modifier applied to: Zaku Ⅱ

Kiraya

No blockers available

Action step

Kiraya

Passed

Bonestar

Passed

Battle started: Zaku Ⅱ against EX Base

Kiraya

EX Base received 3 damage, now destroyed

Battle ended

Battle initiated

Bonestar

Battle declared: Zaku Ⅱ against Enemy Player

Zaku Ⅱ: Modifier applied to: Zaku Ⅱ

Kiraya

No blockers available

Action step

Kiraya

Passed

Bonestar

Passed

Battle started: Zaku Ⅱ against Enemy Shield

Kiraya

Shield card: Airframe Seizure revealed and discarded

Battle ended

Turn end phase started

Kiraya

Passed

Bonestar

Passed

Turn ended!

Turn 6 started!

Kiraya

Gundam Barbatos Adapt deployed

Selecting target for Gundam Barbatos Adapt

Gundam Barbatos Adapt: Dealt 1 damage to: Gundam Barbatos Adapt and Zaku Ⅱ

Linked pilot: Mikazuki Augus on unit Gundam Barbatos Adapt

Selecting target for Mikazuki Augus

Mikazuki Augus: Dealt 1 damage to: Gundam Barbatos Adapt and Zaku Ⅱ

Battle initiated

Kiraya

Battle declared: Graze Custom against Zaku Ⅱ

Bonestar

No blockers available

Action step

Bonestar

Passed

Kiraya

Passed

Battle started: Graze Custom against Zaku Ⅱ

Bonestar

Zaku Ⅱ received 2 damage, now destroyed

Kiraya

Graze Custom received 1 damage, leaving 1 HP remaining

Battle ended

Battle initiated

Kiraya

Battle declared: Gundam Barbatos Adapt against Enemy Player

Bonestar

No blockers available

Action step

Bonestar

Passed

Kiraya

Passed

Battle started: Gundam Barbatos Adapt against Underground Desert Base

Bonestar

Underground Desert Base received 4 damage, leaving 2 HP remaining

Battle ended

Battle initiated

Kiraya

Battle declared: Graze Custom against Enemy Player

Bonestar

No blockers available

Action step

Bonestar

Passed

Kiraya

Passed

Battle started: Graze Custom against Underground Desert Base

Bonestar

Underground Desert Base received 2 damage, now destroyed

Battle ended

Turn end phase started

Bonestar

Passed

Kiraya

Passed

Turn ended!

Turn 7 started!

Bonestar

Guntank deployed

Selecting target for Guntank

Guntank: Dealt 1 damage to Graze Custom, now destroyed

Re-GZ deployed

Turn end phase started

Kiraya

Passed

Bonestar

Passed

Turn ended!

Turn 8 started!

Battle initiated

Kiraya

Battle declared: Graze Custom against Enemy Player

Bonestar

No blockers available

Action step

Bonestar

Passed

Kiraya

Passed

Battle started: Graze Custom against Enemy Shield

Bonestar

Shield card: Jegan revealed and discarded

Battle ended

Battle initiated

Kiraya

Battle declared: Gundam Barbatos Adapt against Enemy Player

Bonestar

No blockers available

Action step

Bonestar

Passed

Kiraya

Passed

Battle started: Gundam Barbatos Adapt against Enemy Shield

Bonestar

Shield card: Guntank revealed and discarded

Battle ended

Kiraya

Played base: Isaribi

Shield card added to hand

Shiden Custom (Ryusei-Go) deployed

Turn end phase started

Bonestar

Passed

Kiraya

Passed

Turn ended!

Turn 9 started!

Bonestar

Played base: Ra Cailum

Shield card added to hand

Nu Gundam deployed

Battle initiated

Bonestar

Battle declared: Re-GZ against Gundam Barbatos Adapt

Kiraya

Assigned Shiden Custom (Ryusei-Go) to block

Action step

Kiraya

Passed

Bonestar

Passed

Battle started: Re-GZ against Shiden Custom (Ryusei-Go)

Kiraya

Shiden Custom (Ryusei-Go) received 4 damage, now destroyed

Bonestar

Re-GZ received 4 damage, now destroyed

Selecting target for Re-GZ

Card added to hand: Kayra's Re-GZ

Battle ended

Turn end phase started

Kiraya

Passed

Bonestar

Passed

Turn ended!

Turn 10 started!

Kiraya

Activated: Isaribi

Rested base: Isaribi

Isaribi: Modifier applied to: Gundam Barbatos Adapt

Battle initiated

Kiraya

Battle declared: Gundam Barbatos Adapt against Enemy Player

Bonestar

No blockers available

Action step

Bonestar

Passed

Kiraya

Passed

Battle started: Gundam Barbatos Adapt against Ra Cailum

Bonestar

Ra Cailum received 6 damage, now destroyed

Battle ended

Battle initiated

Kiraya

Battle declared: Graze Custom against Enemy Player

Bonestar

No blockers available

Action step

Bonestar

Passed

Kiraya

Passed

Battle started: Graze Custom against Enemy Shield

Bonestar

Shield card: Jegan revealed and discarded

Battle ended

Kiraya

Shiden Custom (Ryusei-Go) deployed

Graze Custom deployed

Turn end phase started

Bonestar

Passed

Kiraya

Passed

Turn ended!

Turn 11 started!

Bonestar

Linked pilot: Amuro Ray on unit Nu Gundam

Battle initiated

Bonestar

Battle declared: Nu Gundam against Gundam Barbatos Adapt

Kiraya

Assigned Shiden Custom (Ryusei-Go) to block

Action step

Kiraya

Passed

Bonestar

Passed

Battle started: Nu Gundam against Shiden Custom (Ryusei-Go)

Kiraya

Shiden Custom (Ryusei-Go) received 6 damage, now destroyed

Bonestar

Nu Gundam received 4 damage, leaving 2 HP remaining

Healed 2 damage to: Nu Gundam

Kiraya

Breach 3: : Isaribi received 3 damage, leaving 2 HP remaining

Battle ended

Bonestar

Played base: Underground Desert Base

Shield card added to hand

Gundam deployed

Linked pilot: Amuro Ray on unit Gundam

Battle initiated

Bonestar

Battle declared: Gundam against Gundam Barbatos Adapt

Kiraya

No blockers available

Action step

Kiraya

Passed

Bonestar

Passed

Battle started: Gundam against Gundam Barbatos Adapt

Kiraya

Gundam Barbatos Adapt received 6 damage, now destroyed

Bonestar

Gundam received 4 damage, leaving 2 HP remaining

Healed 2 damage to: Gundam

Battle ended

Battle initiated

Bonestar

Battle declared: Guntank against Graze Custom

Kiraya

No blockers available

Action step

Kiraya

Passed

Bonestar

Passed

Battle started: Guntank against Graze Custom

Kiraya

Graze Custom received 2 damage, now destroyed

Bonestar

Guntank received 2 damage, now destroyed

Battle ended

Turn end phase started

Kiraya

Passed

Bonestar

Passed

Gundam repaired 2 from [Repair 2]

Turn ended!

Turn 12 started!

Kiraya

Gundam Barbatos Adapt deployed

Selecting target for Gundam Barbatos Adapt

Gundam Barbatos Adapt: Dealt 1 damage to: Gundam Barbatos Adapt and Nu Gundam

Linked pilot: Mikazuki Augus on unit Gundam Barbatos Adapt

Selecting target for Mikazuki Augus

Mikazuki Augus: Dealt 1 damage to: Graze Custom and Nu Gundam

Battle initiated

Kiraya

Battle declared: Graze Custom against Nu Gundam

Bonestar

No blockers available

Action step

Bonestar

Passed

Kiraya

Passed

Battle started: Graze Custom against Nu Gundam

Bonestar

Nu Gundam received 2 damage, now destroyed

Kiraya

Graze Custom received 6 damage, now destroyed

Battle ended

Kiraya

Activated: Isaribi

Rested base: Isaribi

Isaribi: Modifier applied to: Gundam Barbatos Adapt

Battle initiated

Kiraya

Battle declared: Gundam Barbatos Adapt against Gundam

Bonestar

No blockers available

Action step

Bonestar

Passed

Kiraya

Passed

Battle started: Gundam Barbatos Adapt against Gundam

Bonestar

Gundam received 6 damage, now destroyed

Kiraya

Gundam Barbatos Adapt received 5 damage, now destroyed

Battle ended

Turn end phase started

Bonestar

Passed

Kiraya

Passed

Turn ended!

Turn 13 started!

Bonestar

Kayra's Re-GZ deployed

Selecting target for Kayra's Re-GZ

Returned to deck bottom

Kayra's Re-GZ deployed

Selecting target for Kayra's Re-GZ

Returned to deck bottom

Jegan deployed

Turn end phase started

Kiraya

Passed

Bonestar

Passed

Turn ended!

Turn 14 started!

Kiraya

Gundam Barbatos Lupus deployed

Activated: Gundam Barbatos Lupus

Graze Custom, Graze Custom and Gundam Barbatos Adapt exiled from the game

Selecting target for Gundam Barbatos Lupus

Gundam Barbatos Lupus: Dealt 2 damage to Jegan, now destroyed

Gundam Barbatos 1st Form deployed

Turn end phase started

Bonestar

Passed

Kiraya

Passed

Turn ended!

Turn 15 started!

Bonestar

Paired pilot: Amuro Ray on unit Kayra's Re-GZ

Battle initiated

Bonestar

Battle declared: Kayra's Re-GZ against Enemy Player

Kiraya

No blockers available

Action step

Kiraya

Passed

Bonestar

Passed

Battle started: Kayra's Re-GZ against Isaribi

Kiraya

Isaribi received 5 damage, now destroyed

Battle ended

Bonestar

Re-GZ deployed

Turn end phase started

Kiraya

Passed

Bonestar

Passed

Turn ended!

Turn 16 started!

Kiraya

Played command: Airframe Seizure

Selecting target for Airframe Seizure

Hyakuren discarded

Airframe Seizure: Draw 2 cards

Played action: Darkness Finger

Darkness Finger: Dealt 2 damage to Re-GZ, now destroyed

Bonestar

Selecting target for Re-GZ

Card added to hand: Nu Gundam

Kiraya

Gundam Exia Repair deployed

Battle initiated

Kiraya

Battle declared: Gundam Barbatos 1st Form against Kayra's Re-GZ

Bonestar

No blockers available

Action step

Bonestar

Passed

Kiraya

Passed

Battle started: Gundam Barbatos 1st Form against Kayra's Re-GZ

Bonestar

Kayra's Re-GZ received 3 damage, leaving 2 HP remaining

Kiraya

Gundam Barbatos 1st Form received 5 damage, now destroyed

Battle ended

Kiraya

Activated: Gundam Barbatos Lupus

Gundam Barbatos Adapt, Hyakuren and Gundam Barbatos 1st Form exiled from the game

Selecting target for Gundam Barbatos Lupus

Gundam Barbatos Lupus: Dealt 2 damage to Kayra's Re-GZ, now destroyed

Battle initiated

Kiraya

Battle declared: Gundam Barbatos Lupus against Enemy Player

Bonestar

No blockers available

Action step

Bonestar

Passed

Kiraya

Passed

Battle started: Gundam Barbatos Lupus against Underground Desert Base

Bonestar

Underground Desert Base received 5 damage, leaving 1 HP remaining

Battle ended

Turn end phase started

Bonestar

Passed

Kiraya

Passed

Turn ended!

Turn 17 started!

Bonestar

Nu Gundam deployed

Linked pilot: Amuro Ray on unit Nu Gundam

Selecting target for Nu Gundam

Nu Gundam, Re-GZ and Amuro Ray exiled from the game

Selecting target for Nu Gundam

Battle started: Nu Gundam against Gundam Exia Repair

Kiraya

Gundam Exia Repair received 7 damage, now destroyed

Bonestar

Nu Gundam received 2 damage, leaving 5 HP remaining

Kiraya

Breach 5 Shield card: Mikazuki Augus revealed

Shield card added to hand: Mikazuki Augus

Gundam Exia Repair milled 2: Isaribi and Gundam Barbatos 1st Form moved to trash

Bonestar

Healed 2 damage to: Nu Gundam

Battle ended

Battle initiated

Bonestar

Battle declared: Nu Gundam against Gundam Barbatos Lupus

Kiraya

No blockers available

Action step

Kiraya

Passed

Bonestar

Passed

Battle started: Nu Gundam against Gundam Barbatos Lupus

Kiraya

Gundam Barbatos Lupus received 7 damage, now destroyed

Bonestar

Nu Gundam received 5 damage, leaving 2 HP remaining

Healed 2 damage to: Nu Gundam

Kiraya

Breach 5 Shield card: Mikazuki Augus revealed

Shield card added to hand: Mikazuki Augus

Battle ended

Bonestar

Kayra's Re-GZ deployed

Selecting target for Kayra's Re-GZ

Returned to deck top

Battle initiated

Bonestar

Battle declared: Kayra's Re-GZ against Enemy Player

Kiraya

No blockers available

Action step

Kiraya

Passed

Bonestar

Passed

Battle started: Kayra's Re-GZ against Enemy Shield

Kiraya

Shield card: Gundam Gusion Rebake revealed and discarded

Battle ended

Turn end phase started

Kiraya

Passed

Bonestar

Passed

Turn ended!

Turn 18 started!

Turn end phase started

Bonestar

Passed

Kiraya

Passed

Turn ended!

Turn 19 started!

Bonestar

Winner!

Game ended!