Mobile Suit Arena - Battle logs
Game started!

ZZZ

Choose to play first

Choose to keep starting hand

Kiraya

Choose to mulligan starting hand

Turn 1 started!

Turn end phase started

Kiraya

Passed

ZZZ

Passed

Turn ended!

Turn 2 started!

Kiraya

Played command: Airframe Seizure

Selecting target for Airframe Seizure

Gundam Barbatos Adapt discarded

Airframe Seizure: Draw 2 cards

Turn end phase started

ZZZ

Passed

Kiraya

Passed

Turn ended!

Turn 3 started!

ZZZ

Zoloat (League Militaire) deployed

Turn end phase started

Kiraya

Passed

ZZZ

Passed

Turn ended!

Turn 4 started!

Kiraya

Gundam Barbatos 1st Form deployed

Turn end phase started

ZZZ

Passed

Kiraya

Passed

Turn ended!

Turn 5 started!

ZZZ

Victory Gundam deployed

Played command: Airframe Seizure

Selecting target for Airframe Seizure

Unicorn Gundam 02 Banshee (Destroy Mode) discarded

Airframe Seizure: Draw 2 cards

Turn end phase started

Kiraya

Passed

ZZZ

Passed

Turn ended!

Turn 6 started!

Kiraya

Gundam Barbatos Adapt deployed

Selecting target for Gundam Barbatos Adapt

Gundam Barbatos Adapt: Dealt 1 damage to: Gundam Barbatos 1st Form and Zoloat (League Militaire)

Gundam Barbatos Adapt deployed

Selecting target for Gundam Barbatos Adapt

Gundam Barbatos Adapt: Dealt 1 damage to: Gundam Barbatos Adapt and Zoloat (League Militaire)

Battle initiated

Kiraya

Battle declared: Gundam Barbatos 1st Form against Enemy Player

Gundam Barbatos 1st Form: Draw a card

ZZZ

No blockers available

Action step

ZZZ

Passed

Kiraya

Passed

Battle started: Gundam Barbatos 1st Form against EX Base

ZZZ

EX Base received 3 damage, now destroyed

Battle ended

Turn end phase started

ZZZ

Passed

Kiraya

Passed

Turn ended!

Turn 7 started!

ZZZ

Victory Gundam deployed

Linked pilot: Üso Ewin on unit Victory Gundam

Parts deployed

Battle initiated

ZZZ

Battle declared: Victory Gundam against Gundam Barbatos 1st Form

Victory Gundam: Draw a card

Kiraya

No blockers available

Action step

Kiraya

Passed

ZZZ

Passed

Battle started: Victory Gundam against Gundam Barbatos 1st Form

Kiraya

Gundam Barbatos 1st Form received 5 damage, now destroyed

ZZZ

Victory Gundam received 3 damage, leaving 2 HP remaining

Battle ended

Turn end phase started

Kiraya

Passed

ZZZ

Passed

Turn ended!

Turn 8 started!

Kiraya

Played action: Darkness Finger

Darkness Finger: Dealt 2 damage to Victory Gundam, now destroyed

Battle initiated

Kiraya

Battle declared: Gundam Barbatos Adapt against Enemy Player

ZZZ

No blockers available

Action step

ZZZ

Passed

Kiraya

Passed

Battle started: Gundam Barbatos Adapt against Enemy Shield

ZZZ

Shield card: Victory Gundam revealed and discarded

Battle ended

Battle initiated

Kiraya

Battle declared: Gundam Barbatos Adapt against Enemy Player

ZZZ

No blockers available

Action step

ZZZ

Passed

Kiraya

Passed

Battle started: Gundam Barbatos Adapt against Enemy Shield

ZZZ

Shield card: Üso Ewin revealed

Shield card added to hand: Üso Ewin

Battle ended

Kiraya

Gundam Barbatos 1st Form deployed

Linked pilot: Mikazuki Augus on unit Gundam Barbatos 1st Form

Selecting target for Mikazuki Augus

Mikazuki Augus: Dealt 1 damage to: Gundam Barbatos 1st Form and Parts

Battle initiated

Kiraya

Battle declared: Gundam Barbatos 1st Form against Enemy Player

Gundam Barbatos 1st Form: Draw a card

ZZZ

No blockers available

Action step

ZZZ

Passed

Kiraya

Passed

Battle started: Gundam Barbatos 1st Form against Enemy Shield

ZZZ

Shield card: Kira Yamato revealed

Shield card added to hand: Kira Yamato

Battle ended

Turn end phase started

ZZZ

Passed

Kiraya

Passed

Turn ended!

Turn 9 started!

ZZZ

Played action: Darkness Finger

Darkness Finger: Dealt 2 damage to Gundam Barbatos 1st Form, now destroyed

Played base: Reineforce Jr.

Shield card added to hand

Parts deployed

Played command: Airframe Seizure

Selecting target for Airframe Seizure

Marida Cruz discarded

Airframe Seizure: Draw 2 cards

Zoloat (League Militaire) deployed

Battle initiated

ZZZ

Battle declared: Victory Gundam against Gundam Barbatos Adapt

Kiraya

No blockers available

Action step

Kiraya

Passed

ZZZ

Passed

Battle started: Victory Gundam against Gundam Barbatos Adapt

Kiraya

Gundam Barbatos Adapt received 3 damage, now destroyed

ZZZ

Victory Gundam received 2 damage, now destroyed

Parts deployed

Battle ended

Turn end phase started

Kiraya

Passed

ZZZ

Passed

Turn ended!

Turn 10 started!

Kiraya

Replaced EX Base base: Isaribi

Shield card added to hand

Shiden Custom (Ryusei-Go) deployed

Linked pilot: Mikazuki Augus on unit Shiden Custom (Ryusei-Go)

Selecting target for Mikazuki Augus

Mikazuki Augus: Dealt 1 damage to: Gundam Barbatos Adapt and Parts

Activated: Isaribi

Rested base: Isaribi

Isaribi: Modifier applied to: Gundam Barbatos Adapt

Battle initiated

Kiraya

Battle declared: Gundam Barbatos Adapt against Enemy Player

ZZZ

Assigned no blocker

Action step

ZZZ

Passed

Kiraya

Passed

Battle started: Gundam Barbatos Adapt against Reineforce Jr.

ZZZ

Reineforce Jr. received 4 damage, leaving 1 HP remaining

Battle ended

Turn end phase started

ZZZ

Passed

Kiraya

Passed

Turn ended!

Turn 11 started!

ZZZ

V-Dash Gundam deployed

Linked pilot: Üso Ewin on unit V-Dash Gundam

Parts deployed

Activated: V-Dash Gundam

Rested unit: Parts

Selecting target for V-Dash Gundam

Rested unit: Shiden Custom (Ryusei-Go)

Battle initiated

ZZZ

Battle declared: V-Dash Gundam against Gundam Barbatos Adapt

Kiraya

No blockers available

Action step

Kiraya

Passed

ZZZ

Passed

Battle started: V-Dash Gundam against Gundam Barbatos Adapt

Kiraya

Gundam Barbatos Adapt received 6 damage, now destroyed

ZZZ

V-Dash Gundam received 2 damage, leaving 4 HP remaining

Kiraya

Breach 3: : Isaribi received 3 damage, leaving 2 HP remaining

Battle ended

Battle initiated

ZZZ

Battle declared: Zoloat (League Militaire) against Shiden Custom (Ryusei-Go)

Kiraya

No blockers available

Action step

Kiraya

Passed

ZZZ

Passed

Battle started: Zoloat (League Militaire) against Shiden Custom (Ryusei-Go)

Kiraya

Shiden Custom (Ryusei-Go) received 3 damage, leaving 1 HP remaining

ZZZ

Zoloat (League Militaire) received 6 damage, now destroyed

Battle ended

Battle initiated

ZZZ

Battle declared: Parts against Shiden Custom (Ryusei-Go)

Kiraya

No blockers available

Action step

Kiraya

Passed

ZZZ

Passed

Battle started: Parts against Shiden Custom (Ryusei-Go)

Kiraya

Shiden Custom (Ryusei-Go) received 1 damage, now destroyed

ZZZ

Parts received 6 damage, now destroyed

Battle ended

Turn end phase started

Kiraya

Passed

ZZZ

Passed

Turn ended!

Turn 12 started!

Kiraya

Played command: Airframe Seizure

Selecting target for Airframe Seizure

Ryusei-Go (Graze Custom Ⅱ) discarded

Airframe Seizure: Draw 2 cards

Gundam Gusion Rebake deployed

Selecting target for Gundam Gusion Rebake

Gundam Gusion Rebake: Dealt 1 damage to: Gundam Gusion Rebake and Parts

Gundam Exia Repair deployed

Turn end phase started

ZZZ

Passed

Kiraya

Passed

Turn ended!

Turn 13 started!

ZZZ

Kshatriya deployed

Linked pilot: Marida Cruz on unit Kshatriya

Selecting target for Kshatriya

Kshatriya: Dealt 1 damage to: Gundam Gusion Rebake and Gundam Exia Repair

Kiraya

Gundam Exia Repair milled 2: Isaribi and Isaribi moved to trash

ZZZ

Played action: Darkness Finger

Darkness Finger: Dealt 2 damage to Gundam Gusion Rebake, leaving 1 HP remaining

Battle initiated

ZZZ

Battle declared: Kshatriya against Enemy Player

Selecting target for Marida Cruz

Marida Cruz: Dealt 1 damage to Gundam Gusion Rebake, now destroyed

Kiraya

No blockers available

Action step

Kiraya

Passed

ZZZ

Passed

Battle started: Kshatriya against Isaribi

Kiraya

Isaribi received 7 damage, now destroyed

Battle ended

Turn end phase started

Kiraya

Passed

ZZZ

Passed

Turn ended!

Turn 14 started!

Kiraya

Gundam Gusion Rebake Full City deployed

Paired pilot: Zeheart Galette on unit Gundam Gusion Rebake Full City

Zeheart Galette milled 2: Gundam Gusion Rebake and Graze Custom moved to trash

Turn end phase started

ZZZ

Passed

Kiraya

Passed

Turn ended!

Turn 15 started!

ZZZ

Strike Freedom Gundam deployed

Selecting target for Strike Freedom Gundam

Strike Freedom Gundam: Modifier applied to: Kshatriya

Strike Freedom Gundam: Modifier applied to: Strike Freedom Gundam

Strike Freedom Gundam: chose Kshatriya and Strike Freedom Gundam

Linked pilot: Kira Yamato on unit Strike Freedom Gundam

Kira Yamato: Draw a card

Battle initiated

ZZZ

Battle declared: Strike Freedom Gundam against Enemy Player

Selecting target for Strike Freedom Gundam

Kshatriya and Strike Rouge (Ootori) discarded

Selecting target for Strike Freedom Gundam

Kiraya

Gundam Gusion Rebake Full City and Zeheart Galette returned to deck

No blockers available

Action step

Kiraya

Passed

ZZZ

Passed

Battle started: Strike Freedom Gundam against Enemy Shield

Kiraya

Shield card: Darkness Finger revealed

Shield card: Darkness Finger moved to trash

Selecting target for Darkness Finger

Darkness Finger: Dealt 2 damage to V-Dash Gundam, leaving 2 HP remaining

ZZZ

Strike Freedom Gundam: Draw a card

Battle ended

Battle initiated

ZZZ

Battle declared: Kshatriya against Enemy Player

No targets for Marida Cruz

Kiraya

No blockers available

Action step

Kiraya

Played action: Darkness Finger

Darkness Finger: Dealt 2 damage to V-Dash Gundam, now destroyed

ZZZ

Passed

Kiraya

Passed

ZZZ

Battle started: Kshatriya against Enemy Shield

Kiraya

Shield card: Shiden Custom (Ryusei-Go) revealed and discarded

ZZZ

Strike Freedom Gundam: Draw a card

Battle ended

Turn end phase started

Kiraya

Passed

ZZZ

Passed

Turn ended!

Turn 16 started!

Kiraya

Hyakuren deployed

Turn end phase started

ZZZ

Played action: Darkness Finger

Darkness Finger: Dealt 2 damage to Hyakuren, leaving 1 HP remaining

Kiraya

Passed

ZZZ

Passed

Kiraya

Turn ended!

Turn 17 started!

ZZZ

Strike Freedom Gundam deployed

Selecting target for Strike Freedom Gundam

Strike Freedom Gundam: Modifier applied to: Kshatriya

Strike Freedom Gundam: Modifier applied to: Strike Freedom Gundam

Strike Freedom Gundam: chose Kshatriya and Strike Freedom Gundam

Battle initiated

ZZZ

Battle declared: Kshatriya against Enemy Player

Selecting target for Marida Cruz

Marida Cruz: Dealt 1 damage to Hyakuren, now destroyed

Kiraya

No blockers available

Action step

Kiraya

Passed

ZZZ

Passed

Battle started: Kshatriya against Enemy Shield

Kiraya

Shield card: Hyakuren revealed and discarded

ZZZ

Strike Freedom Gundam: Draw a card

Battle ended

Battle initiated

ZZZ

Battle declared: Strike Freedom Gundam against Enemy Player

Kiraya

No blockers available

Action step

Kiraya

Passed

ZZZ

Passed

Battle started: Strike Freedom Gundam against Enemy Shield

Kiraya

Shield card: Gundam Exia Repair revealed and discarded

ZZZ

Strike Freedom Gundam: Draw a card

Battle ended

ZZZ

Played command: Airframe Seizure

Selecting target for Airframe Seizure

Kshatriya discarded

Airframe Seizure: Draw 2 cards

Turn end phase started

Kiraya

Passed

ZZZ

Passed

Turn ended!

Turn 18 started!

ZZZ

Winner!

Game ended!