Mobile Suit Arena - Battle logs
Game started!

Kiraya

Choose to play second

shsia

Choose to mulligan starting hand

Kiraya

Choose to mulligan starting hand

Turn 1 started!

Turn end phase started

Kiraya

Passed

shsia

Passed

Turn ended!

Turn 2 started!

Kiraya

Graze Custom deployed

Turn end phase started

shsia

Passed

Kiraya

Passed

Turn ended!

Turn 3 started!

Turn end phase started

Kiraya

Passed

shsia

Passed

Turn ended!

Turn 4 started!

Kiraya

Gundam Barbatos 1st Form deployed

Turn end phase started

shsia

Passed

Kiraya

Passed

Turn ended!

Turn 5 started!

shsia

Gundam Barbatos 1st Form deployed

Hobby Hizack deployed

Turn end phase started

Kiraya

Passed

shsia

Passed

Turn ended!

Turn 6 started!

Kiraya

Gundam Barbatos Adapt deployed

Selecting target for Gundam Barbatos Adapt

Gundam Barbatos Adapt: Dealt 1 damage to: Gundam Barbatos Adapt and Gundam Barbatos 1st Form

Linked pilot: Mikazuki Augus on unit Gundam Barbatos Adapt

Selecting target for Mikazuki Augus

Mikazuki Augus: Dealt 1 damage to: Gundam Barbatos 1st Form and Gundam Barbatos 1st Form

Battle initiated

Kiraya

Battle declared: Gundam Barbatos 1st Form against Enemy Player

Gundam Barbatos 1st Form: Draw a card

shsia

No blockers available

Action step

shsia

Passed

Kiraya

Passed

Battle started: Gundam Barbatos 1st Form against EX Base

shsia

EX Base received 3 damage, now destroyed

Battle ended

Battle initiated

Kiraya

Battle declared: Graze Custom against Enemy Player

shsia

No blockers available

Action step

shsia

Passed

Kiraya

Passed

Battle started: Graze Custom against Enemy Shield

shsia

Shield card: Gundam Exia Repair revealed and discarded

Battle ended

Battle initiated

Kiraya

Battle declared: Gundam Barbatos Adapt against Enemy Player

shsia

No blockers available

Action step

shsia

Passed

Kiraya

Passed

Battle started: Gundam Barbatos Adapt against Enemy Shield

shsia

Shield card: Mikazuki Augus revealed

Shield card added to hand: Mikazuki Augus

Battle ended

Turn end phase started

shsia

Passed

Kiraya

Passed

Turn ended!

Turn 7 started!

shsia

Gundam Barbatos 1st Form deployed

Linked pilot: Mikazuki Augus on unit Gundam Barbatos 1st Form

Selecting target for Mikazuki Augus

Mikazuki Augus: Dealt 1 damage to: Gundam Barbatos 1st Form and Gundam Barbatos 1st Form

Battle initiated

shsia

Battle declared: Gundam Barbatos 1st Form against Gundam Barbatos Adapt

Gundam Barbatos 1st Form: Draw a card

Kiraya

No blockers available

Action step

Kiraya

Passed

shsia

Passed

Battle started: Gundam Barbatos 1st Form against Gundam Barbatos Adapt

Kiraya

Gundam Barbatos Adapt received 5 damage, now destroyed

shsia

Gundam Barbatos 1st Form received 4 damage, now destroyed

Battle ended

Battle initiated

shsia

Battle declared: Hobby Hizack against Graze Custom

Kiraya

No blockers available

Action step

Kiraya

Passed

shsia

Passed

Battle started: Hobby Hizack against Graze Custom

Kiraya

Graze Custom received 2 damage, now destroyed

shsia

Hobby Hizack received 2 damage, now destroyed

Battle ended

Turn end phase started

Kiraya

Passed

shsia

Passed

Turn ended!

Turn 8 started!

Kiraya

Shiden Custom (Ryusei-Go) deployed

Gundam Exia Repair deployed

Turn end phase started

shsia

Passed

Kiraya

Passed

Turn ended!

Turn 9 started!

shsia

Char's Zaku Ⅱ deployed

Linked pilot: Char Aznable on unit Char's Zaku Ⅱ

Battle initiated

shsia

Battle declared: Char's Zaku Ⅱ against Enemy Player

Char Aznable: Modifier applied to: Char's Zaku Ⅱ

Kiraya

Can't block High-maneuver

Action step

Kiraya

Passed

shsia

Passed

Battle started: Char's Zaku Ⅱ against EX Base

Kiraya

EX Base received 5 damage, now destroyed

Battle ended

Turn end phase started

Kiraya

Passed

shsia

Passed

Turn ended!

Turn 10 started!

Kiraya

Played command: Airframe Seizure

Selecting target for Airframe Seizure

Gundam Barbatos Lupus discarded

Airframe Seizure: Draw 2 cards

Gundam Barbatos 1st Form deployed

Battle initiated

Kiraya

Battle declared: Gundam Exia Repair against Char's Zaku Ⅱ

shsia

No blockers available

Action step

shsia

Passed

Kiraya

Passed

Battle started: Gundam Exia Repair against Char's Zaku Ⅱ

shsia

Char's Zaku Ⅱ received 2 damage, leaving 1 HP remaining

Kiraya

Gundam Exia Repair received 4 damage, now destroyed

Gundam Exia Repair milled 2: Isaribi and Zeheart Galette moved to trash

Battle ended

Kiraya

Gundam Barbatos Adapt deployed

Selecting target for Gundam Barbatos Adapt

Gundam Barbatos Adapt: Dealt 1 damage to: Gundam Barbatos 1st Form and Char's Zaku Ⅱ

shsia

Char's Zaku Ⅱ deployed

Battle initiated

Kiraya

Battle declared: Shiden Custom (Ryusei-Go) against Enemy Player

shsia

No blockers available

Action step

shsia

Passed

Kiraya

Passed

Battle started: Shiden Custom (Ryusei-Go) against Enemy Shield

shsia

Shield card: Zeong revealed and discarded

Battle ended

Turn end phase started

shsia

Passed

Kiraya

Passed

Turn ended!

Turn 11 started!

Battle initiated

shsia

Battle declared: Char's Zaku Ⅱ against Enemy Player

Kiraya

No blockers available

Action step

Kiraya

Passed

shsia

Passed

Battle started: Char's Zaku Ⅱ against Enemy Shield

Kiraya

Shield card: Gundam Exia Repair revealed and discarded

Battle ended

shsia

Played command: Widespread Annihilation

Turn end phase started

Kiraya

Passed

shsia

Passed

Turn ended!

Turn 12 started!

Kiraya

Played command: Airframe Seizure

Selecting target for Airframe Seizure

Ryusei-Go (Graze Custom Ⅱ) discarded

Airframe Seizure: Draw 2 cards

Hyakuren deployed

Graze Custom deployed

Turn end phase started

shsia

Passed

Kiraya

Passed

Turn ended!

Turn 13 started!

shsia

Gundam Barbatos Adapt deployed

Selecting target for Gundam Barbatos Adapt

Gundam Barbatos Adapt: Dealt 1 damage to: Gundam Barbatos Adapt and Graze Custom

Linked pilot: Mikazuki Augus on unit Gundam Barbatos Adapt

Selecting target for Mikazuki Augus

Mikazuki Augus: Dealt 1 damage to: Gundam Barbatos Adapt and Graze Custom

Battle initiated

shsia

Battle declared: Gundam Barbatos Adapt against Enemy Player

Kiraya

No blockers available

Action step

Kiraya

Passed

shsia

Passed

Battle started: Gundam Barbatos Adapt against Enemy Shield

Kiraya

Shield card: Graze Custom revealed and discarded

Battle ended

shsia

Char's Gelgoog deployed

Activated: Char's Gelgoog

Zeong discarded

Selecting target for Char's Gelgoog

Linked pilot: Char Aznable on unit Char's Gelgoog

Battle initiated

shsia

Battle declared: Char's Gelgoog against Enemy Player

Char Aznable: Modifier applied to: Char's Gelgoog

Kiraya

Can't block High-maneuver

Action step

Kiraya

Passed

shsia

Passed

Battle started: Char's Gelgoog against Enemy Shield

Kiraya

Shield card: Gundam Gusion Rebake revealed and discarded

Battle ended

Turn end phase started

Kiraya

Passed

shsia

Passed

Turn ended!

Turn 14 started!

Kiraya

Gundam Barbatos Lupus deployed

Activated: Gundam Barbatos Lupus

Graze Custom, Graze Custom and Gundam Gusion Rebake exiled from the game

Selecting target for Gundam Barbatos Lupus

Gundam Barbatos Lupus: Dealt 2 damage to Char's Gelgoog, leaving 2 HP remaining

Activated: Gundam Barbatos Lupus

Gundam Barbatos 1st Form, Gundam Barbatos Adapt and Ryusei-Go (Graze Custom Ⅱ) exiled from the game

Selecting target for Gundam Barbatos Lupus

Gundam Barbatos Lupus: Dealt 2 damage to Char's Gelgoog, now destroyed

Battle initiated

Kiraya

Battle declared: Hyakuren against Gundam Barbatos Adapt

shsia

No blockers available

Action step

shsia

Passed

Kiraya

Passed

Battle started: Hyakuren against Gundam Barbatos Adapt

shsia

Gundam Barbatos Adapt received 4 damage, now destroyed

Kiraya

Hyakuren received 4 damage, now destroyed

Battle ended

Kiraya

Hyakuren deployed

Turn end phase started

shsia

Passed

Kiraya

Passed

Turn ended!

Turn 15 started!

shsia

Zeong deployed

Linked pilot: Char Aznable on unit Zeong

Wire-Guided Arm deployed

Wire-Guided Arm deployed

Selecting target for Char Aznable

Battle initiated

shsia

Battle declared: Zeong against Enemy Player

Kiraya

No blockers available

Action step

Kiraya

Passed

shsia

Passed

Battle started: Zeong against Enemy Shield

Kiraya

Shield card: Mikazuki Augus revealed

Shield card added to hand: Mikazuki Augus

Battle ended

shsia

Hobby Hizack deployed

Turn end phase started

Kiraya

Passed

shsia

Passed

Turn ended!

Turn 16 started!

Kiraya

Gundam Gusion Rebake deployed

Selecting target for Gundam Gusion Rebake

Gundam Gusion Rebake: Dealt 1 damage to: Hyakuren and Wire-Guided Arm

Paired pilot: Mikazuki Augus on unit Gundam Gusion Rebake

Selecting target for Mikazuki Augus

Mikazuki Augus: Dealt 1 damage to: Hyakuren and Wire-Guided Arm

Activated: Gundam Barbatos Lupus

Gundam Barbatos Lupus, Shiden Custom (Ryusei-Go) and Hyakuren exiled from the game

Selecting target for Gundam Barbatos Lupus

Gundam Barbatos Lupus: Dealt 2 damage to Hobby Hizack, now destroyed

Paired pilot: Zeheart Galette on unit Hyakuren

Zeheart Galette milled 2: Gundam Barbatos Lupus and Shiden Custom (Ryusei-Go) moved to trash

Battle initiated

Kiraya

Battle declared: Hyakuren against Zeong

shsia

No blockers available

Action step

shsia

Passed

Kiraya

Passed

Battle started: Hyakuren against Zeong

shsia

Zeong received 6 damage, now destroyed

Kiraya

Hyakuren received 6 damage, now destroyed

shsia

Zeong (Head) deployed

Battle ended

Kiraya

Activated: Gundam Barbatos Lupus

Gundam Barbatos Lupus, Shiden Custom (Ryusei-Go) and Hyakuren exiled from the game

Selecting target for Gundam Barbatos Lupus

Gundam Barbatos Lupus: Dealt 2 damage to Zeong (Head), now destroyed

Battle initiated

Kiraya

Battle declared: Gundam Barbatos Lupus against Enemy Player

shsia

No blockers available

Action step

shsia

Passed

Kiraya

Passed

Battle started: Gundam Barbatos Lupus against Enemy Shield

shsia

Shield card: Char Aznable revealed

Shield card added to hand: Char Aznable

Battle ended

Turn end phase started

shsia

Passed

Kiraya

Passed

Turn ended!

Turn 17 started!

shsia

Char's Zaku Ⅱ deployed

Sazabi deployed

Linked pilot: Char Aznable on unit Sazabi

Selecting target for Char Aznable

Battle initiated

shsia

Battle declared: Sazabi against Gundam Barbatos Lupus

Selecting target for Sazabi

Sazabi: destroyed Char's Zaku Ⅱ

Kiraya

Selecting target for Sazabi

shsia

Sazabi: destroyed Gundam Gusion Rebake

Kiraya

No blockers available

Action step

Kiraya

Passed

shsia

Passed

Battle started: Sazabi against Gundam Barbatos Lupus

Kiraya

Gundam Barbatos Lupus received 7 damage, now destroyed

shsia

Sazabi received 5 damage, leaving 2 HP remaining

Battle ended

Turn end phase started

Kiraya

Passed

shsia

Passed

Turn ended!

Turn 18 started!

Kiraya

Shiden Custom (Ryusei-Go) deployed

Turn end phase started

shsia

Passed

Kiraya

Passed

Turn ended!

Turn 19 started!

shsia

Gundam Exia Repair deployed

Turn end phase started

Kiraya

Passed

shsia

Passed

Turn ended!

Turn 20 started!

Kiraya

Played action: Darkness Finger

Darkness Finger: Dealt 2 damage to Sazabi, now destroyed

Battle initiated

Kiraya

Battle declared: Shiden Custom (Ryusei-Go) against Enemy Player

shsia

No blockers available

Action step

shsia

Passed

Kiraya

Passed

Battle started: Shiden Custom (Ryusei-Go) against Enemy Shield

shsia

Shield card: Char's Zaku Ⅱ revealed and discarded

Battle ended

Turn end phase started

shsia

Passed

Kiraya

Passed

Turn ended!

Turn 21 started!

shsia

Played base: Axis

Shield card added to hand

Battle initiated

shsia

Battle declared: Gundam Exia Repair against Shiden Custom (Ryusei-Go)

Kiraya

No blockers available

Action step

Kiraya

Passed

shsia

Passed

Battle started: Gundam Exia Repair against Shiden Custom (Ryusei-Go)

Kiraya

Shiden Custom (Ryusei-Go) received 2 damage, leaving 1 HP remaining

shsia

Gundam Exia Repair received 4 damage, now destroyed

Gundam Exia Repair: destroyed Shiden Custom (Ryusei-Go)

Gundam Exia Repair milled 2: Mikazuki Augus and Char's Zaku Ⅱ moved to trash

Battle ended

shsia

Sazabi deployed

Turn end phase started

Kiraya

Passed

shsia

Passed

Turn ended!

Turn 22 started!

Kiraya

Gundam Barbatos Adapt deployed

Selecting target for Gundam Barbatos Adapt

Gundam Barbatos Adapt: Dealt 1 damage to: Gundam Barbatos Adapt and Sazabi

Turn end phase started

shsia

Passed

Kiraya

Passed

Turn ended!

Turn 23 started!

Battle initiated

shsia

Battle declared: Sazabi against Enemy Player

Selecting target for Sazabi

Kiraya

No blockers available

Action step

Kiraya

Passed

shsia

Passed

Battle started: Sazabi against Enemy Shield

Kiraya

Shield cards: Darkness Finger and Darkness Finger revealed

Shield card: Darkness Finger moved to trash

Selecting target for Darkness Finger

Darkness Finger: Dealt 2 damage to Sazabi, leaving 2 HP remaining

Shield card: Darkness Finger moved to trash

Selecting target for Darkness Finger

Darkness Finger: Dealt 2 damage to Sazabi, now destroyed

Battle ended

Turn end phase started

Kiraya

Passed

shsia

Passed

Turn ended!

Turn 24 started!

Kiraya

Paired pilot: Zeheart Galette on unit Gundam Barbatos Adapt

Zeheart Galette milled 2: Hyakuren and Ryusei-Go (Graze Custom Ⅱ) moved to trash

Battle initiated

Kiraya

Battle declared: Gundam Barbatos Adapt against Enemy Player

shsia

No blockers available

Action step

shsia

Passed

Kiraya

Passed

Battle started: Gundam Barbatos Adapt against Axis

shsia

Axis received 4 damage, leaving 2 HP remaining

Battle ended

Turn end phase started

shsia

Passed

Kiraya

Passed

Turn ended!

Turn 25 started!

Turn end phase started

Kiraya

Passed

shsia

Passed

Turn ended!

Turn 26 started!

Kiraya

Played base: Isaribi

No more Shield cards to add to hand

Battle initiated

Kiraya

Battle declared: Gundam Barbatos Adapt against Enemy Player

shsia

No blockers available

Action step

shsia

Passed

Kiraya

Passed

Battle started: Gundam Barbatos Adapt against Axis

shsia

Axis received 4 damage, now destroyed

Battle ended

Turn end phase started

shsia

Passed

Kiraya

Passed

Turn ended!

Turn 27 started!

shsia

Played base: Axis

No more Shield cards to add to hand

Gundam Barbatos Adapt deployed

Selecting target for Gundam Barbatos Adapt

Gundam Barbatos Adapt: Dealt 1 damage to: Gundam Barbatos Adapt and Gundam Barbatos Adapt

Turn end phase started

Kiraya

Passed

shsia

Passed

Turn ended!

Turn 28 started!

Kiraya

Activated: Isaribi

Rested base: Isaribi

Isaribi: Modifier applied to: Gundam Barbatos Adapt

Battle initiated

Kiraya

Battle declared: Gundam Barbatos Adapt against Enemy Player

shsia

No blockers available

Action step

shsia

Passed

Kiraya

Passed

Battle started: Gundam Barbatos Adapt against Axis

shsia

Axis received 4 damage, leaving 2 HP remaining

Battle ended

Kiraya

Graze Custom deployed

Turn end phase started

shsia

Passed

Kiraya

Passed

Turn ended!

Turn 29 started!

Kiraya

Winner!

Game ended!