Mobile Suit Arena - Battle logs
Game started!

Markgundam

Choose to play second

Kiraya

Choose to keep starting hand

Markgundam

Choose to keep starting hand

Turn 1 started!

Kiraya

Played command: Airframe Seizure

Selecting target for Airframe Seizure

Zeheart Galette discarded

Airframe Seizure: Draw 2 cards

Turn end phase started

Markgundam

Passed

Kiraya

Passed

Turn ended!

Turn 2 started!

Turn end phase started

Kiraya

Passed

Markgundam

Passed

Turn ended!

Turn 3 started!

Kiraya

Graze Custom deployed

Turn end phase started

Markgundam

Passed

Kiraya

Passed

Turn ended!

Turn 4 started!

Markgundam

Gundam Virtue deployed

Turn end phase started

Kiraya

Passed

Markgundam

Passed

Turn ended!

Turn 5 started!

Kiraya

Hyakuren deployed

Replaced EX Base base: Isaribi

Shield card added to hand

Battle initiated

Kiraya

Battle declared: Graze Custom against Enemy Player

Markgundam

No blockers available

Action step

Markgundam

Passed

Kiraya

Passed

Battle started: Graze Custom against EX Base

Markgundam

EX Base received 2 damage, leaving 1 HP remaining

Battle ended

Turn end phase started

Markgundam

Passed

Kiraya

Passed

Turn ended!

Turn 6 started!

Battle initiated

Markgundam

Battle declared: Gundam Virtue against Graze Custom

Kiraya

No blockers available

Action step

Kiraya

Passed

Markgundam

Passed

Battle started: Gundam Virtue against Graze Custom

Kiraya

Graze Custom received 3 damage, now destroyed

Markgundam

Gundam Virtue received 2 damage, leaving 1 HP remaining

Battle ended

Markgundam

Played command: Fatal Strike

Fatal Strike: destroyed Hyakuren

Played command: Airframe Seizure

Selecting target for Airframe Seizure

Gundam Kyrios (Flight Mode) discarded

Airframe Seizure: Draw 2 cards

Turn end phase started

Kiraya

Passed

Markgundam

Passed

Turn ended!

Turn 7 started!

Kiraya

Gundam Barbatos Adapt deployed

Selecting target for Gundam Barbatos Adapt

Gundam Barbatos Adapt: Dealt 1 damage to: Gundam Barbatos Adapt and Gundam Virtue

Ryusei-Go (Graze Custom Ⅱ) deployed

Selecting target for Ryusei-Go (Graze Custom Ⅱ)

Ryusei-Go (Graze Custom Ⅱ): Dealt 1 damage to Ryusei-Go (Graze Custom Ⅱ), leaving 1 HP remaining

Ryusei-Go (Graze Custom Ⅱ): Draw a card

Selecting target for Ryusei-Go (Graze Custom Ⅱ)

Gundam Gusion Rebake Full City discarded

Turn end phase started

Markgundam

Passed

Kiraya

Passed

Turn ended!

Turn 8 started!

Markgundam

Played command: Airframe Seizure

Selecting target for Airframe Seizure

GN Armor (Type-E) discarded

Airframe Seizure: Draw 2 cards

Replaced EX Base base: Minerva

Shield card added to hand

Selecting target for Minerva

Turn end phase started

Kiraya

Passed

Markgundam

Passed

Turn ended!

Turn 9 started!

Kiraya

Linked pilot: Mikazuki Augus on unit Gundam Barbatos Adapt

Activated: Isaribi

Rested base: Isaribi

Isaribi: Modifier applied to: Gundam Barbatos Adapt

Battle initiated

Kiraya

Battle declared: Gundam Barbatos Adapt against Enemy Player

Markgundam

No blockers available

Action step

Markgundam

Passed

Kiraya

Passed

Battle started: Gundam Barbatos Adapt against Minerva

Markgundam

Minerva received 6 damage, now destroyed

Battle ended

Battle initiated

Kiraya

Battle declared: Ryusei-Go (Graze Custom Ⅱ) against Enemy Player

Markgundam

No blockers available

Action step

Markgundam

Passed

Kiraya

Passed

Battle started: Ryusei-Go (Graze Custom Ⅱ) against Enemy Shield

Markgundam

Shield card: Aegis Gundam (MA Mode) revealed and discarded

Battle ended

Kiraya

Shiden Custom (Ryusei-Go) deployed

Turn end phase started

Markgundam

Passed

Kiraya

Passed

Turn ended!

Turn 10 started!

Markgundam

Gundam Exia deployed

Linked pilot: Setsuna F. Seiei on unit Gundam Exia

Gundam Exia milled 2: Minerva and Damage Control moved to trash

Battle initiated

Markgundam

Battle declared: Gundam Exia against Gundam Barbatos Adapt

Setsuna F. Seiei: Modifier applied to: Gundam Exia

Kiraya

Assigned Shiden Custom (Ryusei-Go) to block

Action step

Kiraya

Passed

Markgundam

Passed

Battle started: Gundam Exia against Shiden Custom (Ryusei-Go)

Kiraya

Shiden Custom (Ryusei-Go) received 7 damage, now destroyed

Markgundam

Gundam Exia received 4 damage, leaving 1 HP remaining

Battle ended

Turn end phase started

Kiraya

Passed

Markgundam

Passed

Turn ended!

Turn 11 started!

Kiraya

Gundam Barbatos Adapt deployed

Selecting target for Gundam Barbatos Adapt

Gundam Barbatos Adapt: Dealt 1 damage to: Gundam Barbatos Adapt and Gundam Exia

Battle initiated

Kiraya

Battle declared: Ryusei-Go (Graze Custom Ⅱ) against Enemy Player

Markgundam

No blockers available

Action step

Markgundam

Passed

Kiraya

Passed

Battle started: Ryusei-Go (Graze Custom Ⅱ) against Enemy Shield

Markgundam

Shield card: Gundam Kyrios (Flight Mode) revealed and discarded

Battle ended

Battle initiated

Kiraya

Battle declared: Gundam Barbatos Adapt against Enemy Player

Markgundam

No blockers available

Action step

Markgundam

Passed

Kiraya

Passed

Battle started: Gundam Barbatos Adapt against Enemy Shield

Markgundam

Shield card: Aegis Gundam (MA Mode) revealed and discarded

Battle ended

Kiraya

Shiden Custom (Ryusei-Go) deployed

Turn end phase started

Markgundam

Passed

Kiraya

Passed

Turn ended!

Turn 12 started!

Markgundam

Played base: Minerva

Shield card added to hand

Selecting target for Minerva

Gundam Exia deployed

Linked pilot: Setsuna F. Seiei on unit Gundam Exia

Gundam Exia milled 2: Gundam Exia (Trans-Am) and Airframe Seizure moved to trash

Gundam Exia: Draw a card

Battle initiated

Markgundam

Battle declared: Gundam Exia against Gundam Barbatos Adapt

Setsuna F. Seiei: Modifier applied to: Gundam Exia

Kiraya

Assigned Shiden Custom (Ryusei-Go) to block

Action step

Kiraya

Passed

Markgundam

Passed

Battle started: Gundam Exia against Shiden Custom (Ryusei-Go)

Kiraya

Shiden Custom (Ryusei-Go) received 7 damage, now destroyed

Markgundam

Gundam Exia received 4 damage, leaving 1 HP remaining

Battle ended

Kiraya

Winner!

Game ended!