Mobile Suit Arena - Battle logs
Game started!

Yin

Choose to play first

Choose to mulligan starting hand

Kiraya

Choose to keep starting hand

Turn 1 started!

Turn end phase started

Kiraya

Passed

Yin

Passed

Turn ended!

Turn 2 started!

Turn end phase started

Yin

Passed

Kiraya

Passed

Turn ended!

Turn 3 started!

Yin

Zoloat (League Militaire) deployed

Turn end phase started

Kiraya

Passed

Yin

Passed

Turn ended!

Turn 4 started!

Kiraya

Gundam Barbatos 1st Form deployed

Turn end phase started

Yin

Passed

Kiraya

Passed

Turn ended!

Turn 5 started!

Yin

Gundam Barbatos 1st Form deployed

Turn end phase started

Kiraya

Passed

Yin

Passed

Turn ended!

Turn 6 started!

Kiraya

Played action: Darkness Finger

Darkness Finger: Dealt 2 damage to Zoloat (League Militaire), now destroyed

Played action: Darkness Finger

Darkness Finger: Dealt 2 damage to Gundam Barbatos 1st Form, now destroyed

Gundam Barbatos Adapt deployed

No targets for Gundam Barbatos Adapt

Battle initiated

Kiraya

Battle declared: Gundam Barbatos 1st Form against Enemy Player

Yin

No blockers available

Action step

Yin

Passed

Kiraya

Passed

Battle started: Gundam Barbatos 1st Form against EX Base

Yin

EX Base received 3 damage, now destroyed

Battle ended

Turn end phase started

Yin

Passed

Kiraya

Passed

Turn ended!

Turn 7 started!

Yin

Victory Gundam deployed

Played base: Reineforce Jr.

Shield card added to hand

Parts deployed

Turn end phase started

Kiraya

Passed

Yin

Passed

Turn ended!

Turn 8 started!

Kiraya

Gundam Barbatos Adapt deployed

Selecting target for Gundam Barbatos Adapt

Gundam Barbatos Adapt: Dealt 1 damage to: Gundam Barbatos 1st Form and Parts

Battle initiated

Kiraya

Battle declared: Gundam Barbatos 1st Form against Enemy Player

Gundam Barbatos 1st Form: Draw a card

Yin

No blockers available

Action step

Yin

Passed

Kiraya

Passed

Battle started: Gundam Barbatos 1st Form against Reineforce Jr.

Yin

Reineforce Jr. received 3 damage, leaving 2 HP remaining

Battle ended

Battle initiated

Kiraya

Battle declared: Gundam Barbatos Adapt against Enemy Player

Yin

No blockers available

Action step

Yin

Passed

Kiraya

Passed

Battle started: Gundam Barbatos Adapt against Reineforce Jr.

Yin

Reineforce Jr. received 2 damage, now destroyed

Battle ended

Kiraya

Replaced EX Base base: Isaribi

Shield card added to hand

Turn end phase started

Yin

Passed

Kiraya

Passed

Turn ended!

Turn 9 started!

Yin

Linked pilot: Üso Ewin on unit Victory Gundam

Parts deployed

Played command: A Show of Resolve

A Show of Resolve: Draw 2 cards

Battle initiated

Yin

Battle declared: Victory Gundam against Gundam Barbatos Adapt

Kiraya

No blockers available

Action step

Kiraya

Played action: Darkness Finger

Darkness Finger: Dealt 2 damage to Parts, now destroyed

Yin

Passed

Kiraya

Passed

Yin

Battle started: Victory Gundam against Gundam Barbatos Adapt

Kiraya

Gundam Barbatos Adapt received 5 damage, now destroyed

Yin

Victory Gundam received 2 damage, leaving 3 HP remaining

Battle ended

Turn end phase started

Kiraya

Passed

Yin

Passed

Turn ended!

Turn 10 started!

Battle initiated

Kiraya

Battle declared: Gundam Barbatos 1st Form against Victory Gundam

Gundam Barbatos 1st Form: Draw a card

Yin

No blockers available

Action step

Yin

Passed

Kiraya

Passed

Battle started: Gundam Barbatos 1st Form against Victory Gundam

Yin

Victory Gundam received 3 damage, now destroyed

Kiraya

Gundam Barbatos 1st Form received 5 damage, now destroyed

Battle ended

Kiraya

Shiden Custom (Ryusei-Go) deployed

Graze Custom deployed

Played command: Airframe Seizure

Selecting target for Airframe Seizure

Zeheart Galette discarded

Airframe Seizure: Draw 2 cards

Battle initiated

Kiraya

Battle declared: Gundam Barbatos Adapt against Enemy Player

Yin

No blockers available

Action step

Yin

Passed

Kiraya

Passed

Battle started: Gundam Barbatos Adapt against Enemy Shield

Yin

Shield card: Gundam Gusion Rebake revealed and discarded

Battle ended

Turn end phase started

Yin

Passed

Kiraya

Passed

Turn ended!

Turn 11 started!

Yin

Gundam Barbatos 1st Form deployed

Gundam Gusion Rebake deployed

Selecting target for Gundam Gusion Rebake

Gundam Gusion Rebake: Dealt 1 damage to: Gundam Barbatos 1st Form and Graze Custom

Turn end phase started

Kiraya

Passed

Yin

Passed

Turn ended!

Turn 12 started!

Kiraya

Gundam Gusion Rebake deployed

Selecting target for Gundam Gusion Rebake

Gundam Gusion Rebake: Dealt 1 damage to: Gundam Barbatos Adapt and Gundam Barbatos 1st Form

Battle initiated

Kiraya

Battle declared: Graze Custom against Enemy Player

Yin

Assigned no blocker

Action step

Yin

Passed

Kiraya

Passed

Battle started: Graze Custom against Enemy Shield

Yin

Shield card: Victory Gundam revealed and discarded

Battle ended

Battle initiated

Kiraya

Battle declared: Gundam Barbatos Adapt against Enemy Player

Yin

Assigned Gundam Gusion Rebake to block

Action step

Yin

Passed

Kiraya

Passed

Battle started: Gundam Barbatos Adapt against Gundam Gusion Rebake

Yin

Gundam Gusion Rebake received 2 damage, leaving 3 HP remaining

Kiraya

Gundam Barbatos Adapt received 3 damage, now destroyed

Battle ended

Kiraya

Ryusei-Go (Graze Custom Ⅱ) deployed

Selecting target for Ryusei-Go (Graze Custom Ⅱ)

Ryusei-Go (Graze Custom Ⅱ): Dealt 1 damage to Ryusei-Go (Graze Custom Ⅱ), leaving 1 HP remaining

Ryusei-Go (Graze Custom Ⅱ): Draw a card

Selecting target for Ryusei-Go (Graze Custom Ⅱ)

Shiden Custom (Ryusei-Go) discarded

Battle initiated

Kiraya

Battle declared: Shiden Custom (Ryusei-Go) against Enemy Player

Yin

No blockers available

Action step

Yin

Passed

Kiraya

Passed

Battle started: Shiden Custom (Ryusei-Go) against Enemy Shield

Yin

Shield card: V-Dash Gundam revealed and discarded

Battle ended

Turn end phase started

Yin

Passed

Kiraya

Passed

Turn ended!

Turn 13 started!

Yin

Zoloat (League Militaire) deployed

Zoloat (League Militaire) deployed

Paired pilot: Mikazuki Augus on unit Zoloat (League Militaire)

Selecting target for Mikazuki Augus

Mikazuki Augus: Dealt 1 damage to: Zoloat (League Militaire) and Ryusei-Go (Graze Custom Ⅱ)

Paired pilot: Kira Yamato on unit Gundam Gusion Rebake

Battle initiated

Yin

Battle declared: Gundam Gusion Rebake against Shiden Custom (Ryusei-Go)

Kiraya

Assigned no blocker

Action step

Kiraya

Passed

Yin

Passed

Battle started: Gundam Gusion Rebake against Shiden Custom (Ryusei-Go)

Kiraya

Shiden Custom (Ryusei-Go) received 5 damage, now destroyed

Yin

Gundam Gusion Rebake received 4 damage, leaving 1 HP remaining

Battle ended

Turn end phase started

Kiraya

Passed

Yin

Passed

Turn ended!

Turn 14 started!

Kiraya

Gundam Barbatos Lupus deployed

Activated: Gundam Barbatos Lupus

Shiden Custom (Ryusei-Go), Ryusei-Go (Graze Custom Ⅱ) and Shiden Custom (Ryusei-Go) exiled from the game

Selecting target for Gundam Barbatos Lupus

Gundam Barbatos Lupus: Dealt 2 damage to Zoloat (League Militaire), now destroyed

Activated: Gundam Barbatos Lupus

Gundam Barbatos Adapt, Gundam Barbatos 1st Form and Gundam Barbatos Adapt exiled from the game

Selecting target for Gundam Barbatos Lupus

Gundam Barbatos Lupus: Dealt 2 damage to Zoloat (League Militaire), now destroyed

Battle initiated

Kiraya

Battle declared: Graze Custom against Gundam Gusion Rebake

Yin

No blockers available

Action step

Yin

Passed

Kiraya

Passed

Battle started: Graze Custom against Gundam Gusion Rebake

Yin

Gundam Gusion Rebake received 2 damage, now destroyed

Kiraya

Graze Custom received 5 damage, now destroyed

Battle ended

Battle initiated

Kiraya

Battle declared: Gundam Gusion Rebake against Enemy Player

Yin

No blockers available

Action step

Yin

Passed

Kiraya

Passed

Battle started: Gundam Gusion Rebake against Enemy Shield

Yin

Shield card: Üso Ewin revealed

Shield card added to hand: Üso Ewin

Battle ended

Kiraya

Graze Custom deployed

Turn end phase started

Yin

Passed

Kiraya

Passed

Turn ended!

Turn 15 started!

Yin

Strike Freedom Gundam deployed

Selecting target for Strike Freedom Gundam

Strike Freedom Gundam: Modifier applied to: Strike Freedom Gundam

Strike Freedom Gundam: chose Strike Freedom Gundam

Linked pilot: Kira Yamato on unit Strike Freedom Gundam

Kira Yamato: Draw a card

Played base: Reineforce Jr.

Shield card added to hand

Battle initiated

Yin

Battle declared: Strike Freedom Gundam against Gundam Gusion Rebake

Selecting target for Strike Freedom Gundam

Sazabi and Mikazuki Augus discarded

Selecting target for Strike Freedom Gundam

Kiraya

Graze Custom returned to deck

No blockers available

Action step

Kiraya

Passed

Yin

Passed

Battle started: Strike Freedom Gundam against Gundam Gusion Rebake

Kiraya

Gundam Gusion Rebake received 7 damage, now destroyed

Yin

Strike Freedom Gundam received 3 damage, leaving 5 HP remaining

Strike Freedom Gundam: Draw a card

Battle ended

Turn end phase started

Kiraya

Passed

Yin

Passed

Turn ended!

Turn 16 started!

Kiraya

Shiden Custom (Ryusei-Go) deployed

Battle initiated

Kiraya

Battle declared: Gundam Barbatos Lupus against Enemy Player

Yin

No blockers available

Action step

Yin

Passed

Kiraya

Passed

Battle started: Gundam Barbatos Lupus against Reineforce Jr.

Yin

Reineforce Jr. received 5 damage, now destroyed

Battle ended

Kiraya

Linked pilot: Mikazuki Augus on unit Shiden Custom (Ryusei-Go)

Selecting target for Mikazuki Augus

Mikazuki Augus: Dealt 1 damage to: Gundam Barbatos Lupus and Strike Freedom Gundam

Battle initiated

Kiraya

Battle declared: Shiden Custom (Ryusei-Go) against Enemy Player

Yin

No blockers available

Action step

Kiraya

Winner!

Game ended!