Mobile Suit Arena - Battle logs
Game started!

Kiraya

Choose to play second

Choose to mulligan starting hand

ENDEV

Choose to keep starting hand

Turn 1 started!

Turn end phase started

Kiraya

Passed

ENDEV

Passed

Turn ended!

Turn 2 started!

Turn end phase started

ENDEV

Passed

Kiraya

Passed

Turn ended!

Turn 3 started!

Turn end phase started

Kiraya

Passed

ENDEV

Passed

Turn ended!

Turn 4 started!

Kiraya

Hyakuren deployed

Turn end phase started

ENDEV

Passed

Kiraya

Passed

Turn ended!

Turn 5 started!

ENDEV

Re-GZ BWS deployed

Placed 1 Resource EX

Turn end phase started

Kiraya

Passed

ENDEV

Passed

Turn ended!

Turn 6 started!

Battle initiated

Kiraya

Battle declared: Hyakuren against Enemy Player

ENDEV

No blockers available

Action step

ENDEV

Passed

Kiraya

Passed

Battle started: Hyakuren against EX Base

ENDEV

EX Base received 4 damage, now destroyed

Battle ended

Kiraya

Shiden Custom (Ryusei-Go) deployed

Turn end phase started

ENDEV

Passed

Kiraya

Passed

Turn ended!

Turn 7 started!

ENDEV

Gundam AGE-1 Normal deployed

Selecting target for Gundam AGE-1 Normal

Nu Gundam discarded

Placed 1 Resource EX

Jegan deployed

Turn end phase started

Kiraya

Passed

ENDEV

Passed

Turn ended!

Turn 8 started!

Kiraya

Gundam Barbatos Adapt deployed

Selecting target for Gundam Barbatos Adapt

Gundam Barbatos Adapt: Dealt 1 damage to: Gundam Barbatos Adapt and Gundam AGE-1 Normal

Linked pilot: Mikazuki Augus on unit Gundam Barbatos Adapt

Selecting target for Mikazuki Augus

Mikazuki Augus: Dealt 1 damage to: Gundam Barbatos Adapt and Gundam AGE-1 Normal

Battle initiated

Kiraya

Battle declared: Hyakuren against Enemy Player

ENDEV

No blockers available

Action step

ENDEV

Passed

Kiraya

Passed

Battle started: Hyakuren against Enemy Shield

ENDEV

Shield card: Wing Gundam Zero revealed and discarded

Battle ended

Battle initiated

Kiraya

Battle declared: Gundam Barbatos Adapt against Enemy Player

ENDEV

No blockers available

Action step

ENDEV

Passed

Kiraya

Passed

Battle started: Gundam Barbatos Adapt against Enemy Shield

ENDEV

Shield card: Gundam AGE-1 Normal revealed and discarded

Battle ended

Kiraya

Replaced EX Base base: Isaribi

Shield card added to hand

Turn end phase started

ENDEV

Passed

Kiraya

Passed

Turn ended!

Turn 9 started!

ENDEV

Wing Gundam deployed

Linked pilot: Heero Yuy on unit Wing Gundam

Battle initiated

ENDEV

Battle declared: Wing Gundam against Shiden Custom (Ryusei-Go)

Kiraya

No blockers available

Action step

Kiraya

Passed

ENDEV

Passed

Battle started: Wing Gundam against Shiden Custom (Ryusei-Go)

Kiraya

Shiden Custom (Ryusei-Go) received 6 damage, now destroyed

ENDEV

Wing Gundam received 4 damage, leaving 2 HP remaining

Kiraya

Breach 5: : Isaribi received 5 damage, now destroyed

ENDEV

Selecting target for Heero Yuy

Heero Yuy: Modifier applied to: Gundam Barbatos Adapt

Battle ended

Battle initiated

ENDEV

Battle declared: Jegan against Gundam Barbatos Adapt

Kiraya

No blockers available

Action step

Kiraya

Passed

ENDEV

Passed

Battle started: Jegan against Gundam Barbatos Adapt

Kiraya

Gundam Barbatos Adapt received 2 damage, leaving 1 HP remaining

ENDEV

Jegan received 2 damage, now destroyed

Battle ended

Battle initiated

ENDEV

Battle declared: Re-GZ BWS against Gundam Barbatos Adapt

Kiraya

No blockers available

Action step

Kiraya

Passed

ENDEV

Passed

Battle started: Re-GZ BWS against Gundam Barbatos Adapt

Kiraya

Gundam Barbatos Adapt received 2 damage, now destroyed

ENDEV

Re-GZ BWS received 2 damage, now destroyed

Battle ended

Turn end phase started

Kiraya

Passed

ENDEV

Passed

Turn ended!

Turn 10 started!

Kiraya

Played base: Isaribi

Shield card added to hand

Gundam Barbatos Adapt deployed

Selecting target for Gundam Barbatos Adapt

Gundam Barbatos Adapt: Dealt 1 damage to: Gundam Barbatos Adapt and Wing Gundam

Gundam Barbatos Adapt deployed

Selecting target for Gundam Barbatos Adapt

Gundam Barbatos Adapt: Dealt 1 damage to: Gundam Barbatos Adapt and Wing Gundam

Battle initiated

Kiraya

Battle declared: Hyakuren against Enemy Player

ENDEV

No blockers available

Action step

ENDEV

Passed

Kiraya

Passed

Battle started: Hyakuren against Enemy Shield

ENDEV

Shield card: Nu Gundam revealed and discarded

Battle ended

Turn end phase started

ENDEV

Passed

Kiraya

Passed

Turn ended!

Turn 11 started!

ENDEV

Justice Gundam deployed

Fatum-00 deployed

Jegan deployed

Turn end phase started

Kiraya

Passed

ENDEV

Passed

Turn ended!

Turn 12 started!

Kiraya

Gundam Gusion Rebake Full City deployed

Paired pilot: Zeheart Galette on unit Gundam Gusion Rebake Full City

Zeheart Galette milled 2: Ryusei-Go (Graze Custom Ⅱ) and Darkness Finger moved to trash

Battle initiated

Kiraya

Battle declared: Gundam Barbatos Adapt against Enemy Player

ENDEV

Assigned no blocker

Action step

ENDEV

Passed

Kiraya

Passed

Battle started: Gundam Barbatos Adapt against Enemy Shield

ENDEV

Shield card: Amuro Ray revealed

Shield card added to hand: Amuro Ray

Battle ended

Battle initiated

Kiraya

Battle declared: Gundam Barbatos Adapt against Enemy Player

ENDEV

Assigned no blocker

Action step

ENDEV

Passed

Kiraya

Passed

Battle started: Gundam Barbatos Adapt against Enemy Shield

ENDEV

Shield card: Wing Gundam revealed and discarded

Battle ended

Battle initiated

Kiraya

Battle declared: Hyakuren against Enemy Player

ENDEV

Assigned Fatum-00 to block

Action step

ENDEV

Passed

Kiraya

Passed

Battle started: Hyakuren against Fatum-00

ENDEV

Fatum-00 received 4 damage, now destroyed

Kiraya

Hyakuren received 2 damage, leaving 1 HP remaining

Battle ended

Kiraya

Paired pilot: Zeheart Galette on unit Hyakuren

Zeheart Galette milled 2: Darkness Finger and Graze Custom moved to trash

Turn end phase started

ENDEV

Passed

Kiraya

Passed

Turn ended!

Turn 13 started!

ENDEV

Played action: Unforeseen Incident

Unforeseen Incident: Modifier applied to: Gundam Gusion Rebake Full City

Nu Gundam deployed

Linked pilot: Amuro Ray on unit Nu Gundam

Selecting target for Nu Gundam

Jegan, Re-GZ BWS and Nu Gundam exiled from the game

Selecting target for Nu Gundam

Battle started: Nu Gundam against Gundam Gusion Rebake Full City

Kiraya

Gundam Gusion Rebake Full City received 7 damage, now destroyed

ENDEV

Nu Gundam received 4 damage, leaving 3 HP remaining

Healed 2 damage to: Nu Gundam

Kiraya

Breach 5: : Isaribi received 5 damage, now destroyed

Battle ended

Battle initiated

ENDEV

Battle declared: Nu Gundam against Gundam Barbatos Adapt

Kiraya

No blockers available

Action step

Kiraya

Passed

ENDEV

Passed

Battle started: Nu Gundam against Gundam Barbatos Adapt

Kiraya

Gundam Barbatos Adapt received 7 damage, now destroyed

ENDEV

Nu Gundam received 2 damage, leaving 3 HP remaining

Healed 2 damage to: Nu Gundam

Kiraya

Breach 5 Shield card: Darkness Finger revealed

Shield card: Darkness Finger moved to trash

Selecting target for Darkness Finger

Darkness Finger: Dealt 2 damage to Jegan, now destroyed

Battle ended

Battle initiated

ENDEV

Battle declared: Justice Gundam against Hyakuren

Kiraya

No blockers available

Action step

Kiraya

Passed

ENDEV

Passed

Battle started: Justice Gundam against Hyakuren

Kiraya

Hyakuren received 5 damage, now destroyed

ENDEV

Justice Gundam received 6 damage, now destroyed

Battle ended

Turn end phase started

Kiraya

Passed

ENDEV

Passed

Turn ended!

Turn 14 started!

Kiraya

Graze Custom deployed

Linked pilot: Mikazuki Augus on unit Gundam Barbatos Adapt

Selecting target for Mikazuki Augus

Mikazuki Augus: Dealt 1 damage to: Gundam Barbatos Adapt and Nu Gundam

Battle initiated

Kiraya

Battle declared: Gundam Barbatos Adapt against Nu Gundam

ENDEV

No blockers available

Action step

ENDEV

Passed

Kiraya

Passed

Battle started: Gundam Barbatos Adapt against Nu Gundam

ENDEV

Nu Gundam received 4 damage, now destroyed

Kiraya

Gundam Barbatos Adapt received 7 damage, now destroyed

Battle ended

Turn end phase started

ENDEV

Passed

Kiraya

Passed

Turn ended!

Turn 15 started!

ENDEV

Nu Gundam deployed

Linked pilot: Amuro Ray on unit Nu Gundam

Selecting target for Nu Gundam

Nu Gundam, Jegan and Nu Gundam exiled from the game

Selecting target for Nu Gundam

Battle started: Nu Gundam against Graze Custom

Kiraya

Graze Custom received 7 damage, now destroyed

ENDEV

Nu Gundam received 2 damage, leaving 5 HP remaining

Healed 2 damage to: Nu Gundam

Kiraya

Breach 5 Shield card: Gundam Barbatos Lupus revealed and discarded

Battle ended

Battle initiated

ENDEV

Battle declared: Nu Gundam against Enemy Player

Kiraya

No blockers available

Action step

Kiraya

Passed

ENDEV

Passed

Battle started: Nu Gundam against Enemy Shield

Kiraya

Shield card: Gundam Barbatos 1st Form revealed and discarded

Battle ended

Turn end phase started

Kiraya

Passed

ENDEV

Passed

Turn ended!

Turn 16 started!

Kiraya

Gundam Gusion Rebake Full City deployed

Paired pilot: Zeheart Galette on unit Gundam Gusion Rebake Full City

Zeheart Galette milled 2: Gundam Barbatos 1st Form and Hyakuren moved to trash

Turn end phase started

ENDEV

Passed

Kiraya

Passed

Turn ended!

Turn 17 started!

ENDEV

Kayra's Re-GZ deployed

Selecting target for Kayra's Re-GZ

Returned to deck bottom

Played command: Overflowing Affection

Overflowing Affection: Draw 2 cards

Selecting target for Overflowing Affection

Kayra's Re-GZ discarded

Battle initiated

ENDEV

Battle declared: Nu Gundam against Enemy Player

Kiraya

Assigned no blocker

Action step

Kiraya

Passed

ENDEV

Passed

Battle started: Nu Gundam against Enemy Shield

Kiraya

Shield card: Gundam Barbatos Lupus revealed and discarded

Battle ended

ENDEV

Silver Bullet deployed

Turn end phase started

Kiraya

Passed

ENDEV

Passed

Turn ended!

Turn 18 started!

Kiraya

Hyakuren deployed

Battle initiated

Kiraya

Battle declared: Gundam Gusion Rebake Full City against Nu Gundam

ENDEV

Assigned no blocker

Action step

ENDEV

Passed

Kiraya

Passed

Battle started: Gundam Gusion Rebake Full City against Nu Gundam

ENDEV

Nu Gundam received 7 damage, now destroyed

Kiraya

Gundam Gusion Rebake Full City received 7 damage, now destroyed

Battle ended

Turn end phase started