Mobile Suit Arena - Battle logs
Game started!

Kiraya

Choose to play second

Okay

Choose to mulligan starting hand

Kiraya

Choose to keep starting hand

Turn 1 started!

Turn end phase started

Kiraya

Passed

Okay

Passed

Turn ended!

Turn 2 started!

Turn end phase started

Okay

Passed

Kiraya

Passed

Turn ended!

Turn 3 started!

Turn end phase started

Kiraya

Passed

Okay

Passed

Turn ended!

Turn 4 started!

Kiraya

Hyakuren deployed

Turn end phase started

Okay

Passed

Kiraya

Passed

Turn ended!

Turn 5 started!

Okay

Sugai's Gelgoog (GQ) deployed

Turn end phase started

Kiraya

Passed

Okay

Passed

Turn ended!

Turn 6 started!

Kiraya

Gundam Barbatos 1st Form deployed

Linked pilot: Mikazuki Augus on unit Gundam Barbatos 1st Form

Selecting target for Mikazuki Augus

Mikazuki Augus: Dealt 1 damage to: Gundam Barbatos 1st Form and Sugai's Gelgoog (GQ)

Played action: Darkness Finger

Darkness Finger: Dealt 2 damage to Sugai's Gelgoog (GQ), now destroyed

Battle initiated

Kiraya

Battle declared: Hyakuren against Enemy Player

Okay

No blockers available

Action step

Okay

Passed

Kiraya

Passed

Battle started: Hyakuren against EX Base

Okay

EX Base received 4 damage, now destroyed

Battle ended

Battle initiated

Kiraya

Battle declared: Gundam Barbatos 1st Form against Enemy Player

Gundam Barbatos 1st Form: Draw a card

Okay

No blockers available

Action step

Okay

Passed

Kiraya

Passed

Battle started: Gundam Barbatos 1st Form against Enemy Shield

Okay

Shield card: GFreD revealed and discarded

Battle ended

Turn end phase started

Okay

Passed

Kiraya

Passed

Turn ended!

Turn 7 started!

Okay

Red Gundam deployed

Linked pilot: Shuji Itō on unit Red Gundam

Battle initiated

Okay

Battle declared: Red Gundam against Gundam Barbatos 1st Form

Selecting target for Shuji Itō

Returned to deck top

Selecting target for Red Gundam

Red Gundam: Modifier applied to: Red Gundam

Kiraya

No blockers available

Action step

Kiraya

Passed

Okay

Passed

Battle started: Red Gundam against Gundam Barbatos 1st Form

Kiraya

Gundam Barbatos 1st Form received 7 damage, now destroyed

Okay

Red Gundam received 5 damage, now destroyed

Kiraya

Breach 1: : EX Base received 1 damage, leaving 2 HP remaining

Battle ended

Turn end phase started

Kiraya

Passed

Okay

Passed

Turn ended!

Turn 8 started!

Kiraya

Played command: Airframe Seizure

Selecting target for Airframe Seizure

Gundam Barbatos Lupus discarded

Airframe Seizure: Draw 2 cards

Gundam Exia Repair deployed

Gundam Exia Repair deployed

Battle initiated

Kiraya

Battle declared: Hyakuren against Enemy Player

Okay

No blockers available

Action step

Okay

Passed

Kiraya

Passed

Battle started: Hyakuren against Enemy Shield

Okay

Shield card: Amate Yuzuriha (Machu) revealed

Shield card added to hand: Amate Yuzuriha (Machu)

Battle ended

Turn end phase started

Okay

Passed

Kiraya

Passed

Turn ended!

Turn 9 started!

Okay

Sugai's Gelgoog (GQ) deployed

Linked pilot: Amate Yuzuriha (Machu) on unit Sugai's Gelgoog (GQ)

Selecting target for Amate Yuzuriha (Machu)

Card added to hand: Red Gundam

Ortega's Rick Dom (GQ) deployed

Selecting target for Ortega's Rick Dom (GQ)

Ortega's Rick Dom (GQ): Modifier applied to: Sugai's Gelgoog (GQ)

Battle initiated

Okay

Battle declared: Sugai's Gelgoog (GQ) against Gundam Exia Repair

Kiraya

No blockers available

Action step

Kiraya

Passed

Okay

Passed

Battle started: Sugai's Gelgoog (GQ) against Gundam Exia Repair

Kiraya

Gundam Exia Repair received 5 damage, now destroyed

Okay

Sugai's Gelgoog (GQ) received 2 damage, leaving 2 HP remaining

Kiraya

Gundam Exia Repair milled 2: Ryusei-Go (Graze Custom Ⅱ) and Shiden Custom (Ryusei-Go) moved to trash

Battle ended

Turn end phase started

Kiraya

Passed

Okay

Passed

Turn ended!

Turn 10 started!

Battle initiated

Kiraya

Battle declared: Hyakuren against Enemy Player

Okay

No blockers available

Action step

Okay

Passed

Kiraya

Passed

Battle started: Hyakuren against Enemy Shield

Okay

Shield card: GFreD revealed and discarded

Battle ended

Battle initiated

Kiraya

Battle declared: Gundam Exia Repair against Enemy Player

Okay

No blockers available

Action step

Okay

Passed

Kiraya

Passed

Battle started: Gundam Exia Repair against Enemy Shield

Okay

Shield card: Amate Yuzuriha (Machu) revealed

Shield card added to hand: Amate Yuzuriha (Machu)

Battle ended

Kiraya

Shiden Custom (Ryusei-Go) deployed

Gundam Barbatos 1st Form deployed

Turn end phase started

Okay

Passed

Kiraya

Passed

Turn ended!

Turn 11 started!

Okay

GQuuuuuuX (Omega Psycommu) deployed

Linked pilot: Amate Yuzuriha (Machu) on unit GQuuuuuuX (Omega Psycommu)

Selecting target for Amate Yuzuriha (Machu)

Card added to hand: GQuuuuuuX (Omega Psycommu)

GQuuuuuuX (Omega Psycommu): Modifier applied to: GQuuuuuuX (Omega Psycommu)

Played command: Bridge Crew

Bridge Crew: Modifier applied to: GQuuuuuuX (Omega Psycommu)

Battle initiated

Okay

Battle declared: GQuuuuuuX (Omega Psycommu) against Shiden Custom (Ryusei-Go)

Kiraya

No blockers available

Action step

Kiraya

Passed

Okay

Passed

Battle started: GQuuuuuuX (Omega Psycommu) against Shiden Custom (Ryusei-Go)

Kiraya

Shiden Custom (Ryusei-Go) received 6 damage, now destroyed

Okay

Damage prevented

GQuuuuuuX (Omega Psycommu) received 0 damage, leaving 5 HP remaining

Battle ended

Battle initiated

Okay

Battle declared: Ortega's Rick Dom (GQ) against Hyakuren

Kiraya

No blockers available

Action step

Kiraya

Passed

Okay

Passed

Battle started: Ortega's Rick Dom (GQ) against Hyakuren

Kiraya

Hyakuren received 3 damage, now destroyed

Okay

Ortega's Rick Dom (GQ) received 4 damage, now destroyed

Battle ended

Battle initiated

Okay

Battle declared: Sugai's Gelgoog (GQ) against Gundam Exia Repair

Kiraya

No blockers available

Action step

Kiraya

Passed

Okay

Passed

Battle started: Sugai's Gelgoog (GQ) against Gundam Exia Repair

Kiraya

Gundam Exia Repair received 5 damage, now destroyed

Okay

Sugai's Gelgoog (GQ) received 2 damage, now destroyed

Kiraya

Gundam Exia Repair milled 2: Mikazuki Augus and Hyakuren moved to trash

Battle ended

Okay

Zaku (Four Snake Eyes') [YETI] (GQ) deployed

Turn end phase started

Kiraya

Passed

Okay

Passed

Turn ended!

Turn 12 started!

Kiraya

Shiden Custom (Ryusei-Go) deployed

Paired pilot: Zeheart Galette on unit Gundam Barbatos 1st Form

Zeheart Galette milled 2: Gundam Barbatos Lupus and Isaribi moved to trash

Battle initiated

Kiraya

Battle declared: Gundam Barbatos 1st Form against GQuuuuuuX (Omega Psycommu)

Okay

No blockers available

Action step

Okay

Passed

Kiraya

Passed

Battle started: Gundam Barbatos 1st Form against GQuuuuuuX (Omega Psycommu)

Okay

GQuuuuuuX (Omega Psycommu) received 5 damage, now destroyed

Kiraya

Gundam Barbatos 1st Form received 6 damage, now destroyed

Battle ended

Kiraya

Paired pilot: Zeheart Galette on unit Shiden Custom (Ryusei-Go)

Zeheart Galette milled 2: Darkness Finger and Gundam Barbatos Adapt moved to trash

Turn end phase started

Okay

Passed

Kiraya

Passed

Turn ended!

Turn 13 started!

Okay

GQuuuuuuX (Omega Psycommu) deployed

Linked pilot: Amate Yuzuriha (Machu) on unit GQuuuuuuX (Omega Psycommu)

Selecting target for Amate Yuzuriha (Machu)

Card added to hand: Shuji Itō

GQuuuuuuX (Omega Psycommu): Modifier applied to: GQuuuuuuX (Omega Psycommu)

Battle initiated

Okay

Battle declared: GQuuuuuuX (Omega Psycommu) against Enemy Player

Kiraya

Assigned no blocker

Action step

Kiraya

Passed

Okay

Passed

Battle started: GQuuuuuuX (Omega Psycommu) against EX Base

Kiraya

EX Base received 6 damage, now destroyed

Battle ended

Okay

Sugai's Gelgoog (GQ) deployed

Turn end phase started

Kiraya

Passed

Okay

Passed

Turn ended!

Turn 14 started!

Kiraya

Played base: Isaribi

Shield card added to hand

Gundam Barbatos Lupus deployed

Activated: Gundam Barbatos Lupus

Hyakuren, Gundam Barbatos 1st Form and Gundam Barbatos Adapt exiled from the game

Selecting target for Gundam Barbatos Lupus

Gundam Barbatos Lupus: Dealt 2 damage to Zaku (Four Snake Eyes') [YETI] (GQ), now destroyed

Activated: Gundam Barbatos Lupus

Shiden Custom (Ryusei-Go), Shiden Custom (Ryusei-Go) and Gundam Barbatos Lupus exiled from the game

Selecting target for Gundam Barbatos Lupus

Gundam Barbatos Lupus: Dealt 2 damage to Sugai's Gelgoog (GQ), leaving 1 HP remaining

Activated: Gundam Barbatos Lupus

Gundam Barbatos 1st Form, Ryusei-Go (Graze Custom Ⅱ) and Hyakuren exiled from the game

Selecting target for Gundam Barbatos Lupus

Gundam Barbatos Lupus: Dealt 2 damage to Sugai's Gelgoog (GQ), now destroyed

Battle initiated

Kiraya

Battle declared: Shiden Custom (Ryusei-Go) against GQuuuuuuX (Omega Psycommu)

Okay

No blockers available

Action step

Okay

Passed

Kiraya

Passed

Battle started: Shiden Custom (Ryusei-Go) against GQuuuuuuX (Omega Psycommu)

Okay

GQuuuuuuX (Omega Psycommu) received 6 damage, now destroyed

Kiraya

Shiden Custom (Ryusei-Go) received 6 damage, now destroyed

Battle ended

Turn end phase started

Okay

Passed

Kiraya

Passed

Turn ended!

Turn 15 started!

Okay

Red Gundam deployed

Linked pilot: Shuji Itō on unit Red Gundam

Battle initiated

Okay

Battle declared: Red Gundam against Enemy Player

Selecting target for Shuji Itō

Returned to deck top

Selecting target for Red Gundam

Red Gundam: Modifier applied to: Red Gundam

Kiraya

No blockers available

Action step

Kiraya

Passed

Okay

Passed

Battle started: Red Gundam against Isaribi

Kiraya

Isaribi received 7 damage, now destroyed

Battle ended

Okay

Played base: Clan Battle

Shield card added to hand

Ortega's Rick Dom (GQ) deployed

Selecting target for Ortega's Rick Dom (GQ)

Ortega's Rick Dom (GQ): Modifier applied to: Red Gundam

Turn end phase started

Kiraya

Passed

Okay

Passed

Turn ended!

Turn 16 started!

Kiraya

Ryusei-Go (Graze Custom Ⅱ) deployed

Selecting target for Ryusei-Go (Graze Custom Ⅱ)

Ryusei-Go (Graze Custom Ⅱ): Dealt 1 damage to Gundam Barbatos Lupus, leaving 4 HP remaining

Ryusei-Go (Graze Custom Ⅱ): Draw a card

Selecting target for Ryusei-Go (Graze Custom Ⅱ)

Graze Custom discarded

Played base: Isaribi

Shield card added to hand

Activated: Gundam Barbatos Lupus

Gundam Barbatos Lupus, Shiden Custom (Ryusei-Go) and Graze Custom exiled from the game

Selecting target for Gundam Barbatos Lupus

Gundam Barbatos Lupus: Dealt 2 damage to Ortega's Rick Dom (GQ), now destroyed

Activated: Isaribi

Rested base: Isaribi

Isaribi: Modifier applied to: Gundam Barbatos Lupus

Battle initiated

Kiraya

Battle declared: Gundam Barbatos Lupus against Enemy Player

Okay

No blockers available

Action step

Okay

Passed

Kiraya

Passed

Battle started: Gundam Barbatos Lupus against Clan Battle

Okay

Clan Battle received 7 damage, now destroyed

Battle ended

Kiraya

Gundam Gusion Rebake deployed

Selecting target for Gundam Gusion Rebake

Gundam Gusion Rebake: Dealt 1 damage to: Gundam Barbatos Lupus and Red Gundam

Turn end phase started

Okay

Passed

Kiraya

Passed

Turn ended!

Turn 17 started!

Okay

GQuuuuuuX (Omega Psycommu) deployed

Selecting target for GQuuuuuuX (Omega Psycommu)

GQuuuuuuX (Omega Psycommu): Dealt 3 damage to Gundam Barbatos Lupus, now destroyed

Battle initiated

Okay

Battle declared: Red Gundam against Enemy Player

Selecting target for Shuji Itō

Returned to deck top

Selecting target for Red Gundam

Red Gundam: Modifier applied to: Red Gundam

Red Gundam: Modifier applied to: GQuuuuuuX (Omega Psycommu)

Kiraya

Assigned no blocker

Action step

Kiraya

Passed

Okay

Passed

Battle started: Red Gundam against Isaribi

Kiraya

Isaribi received 7 damage, now destroyed

Battle ended

Okay

Linked pilot: Nyaan on unit GQuuuuuuX (Omega Psycommu)

Nyaan milled 1: Clan Battle moved to trash

Selecting target for Nyaan

Nyaan: Dealt 1 damage to Ryusei-Go (Graze Custom Ⅱ), leaving 1 HP remaining

Battle initiated

Okay

Battle declared: GQuuuuuuX (Omega Psycommu) against Enemy Player

Kiraya

Assigned no blocker

Action step

Kiraya

Passed

Okay

Passed

Battle started: GQuuuuuuX (Omega Psycommu) against Enemy Shield

Kiraya

Shield cards: Shiden Custom (Ryusei-Go) and Mikazuki Augus revealed

Shield cards: Shiden Custom (Ryusei-Go) moved to trash

Shield card added to hand: Mikazuki Augus

Battle ended

Turn end phase started

Kiraya

Passed

Okay

Passed

Turn ended!

Turn 18 started!

Battle initiated

Kiraya

Battle declared: Ryusei-Go (Graze Custom Ⅱ) against Enemy Player

Okay

No blockers available

Action step

Okay

Passed

Kiraya

Passed

Battle started: Ryusei-Go (Graze Custom Ⅱ) against Enemy Shield

Okay

Shield card: Ortega's Rick Dom (GQ) revealed and discarded

Battle ended

Kiraya

Winner!

Game ended!