Mobile Suit Arena - Battle logs
Game started!

aloz

Choose to play second

Choose to mulligan starting hand

Kiraya

Choose to keep starting hand

Turn 1 started!

Turn end phase started

aloz

Passed

Kiraya

Passed

Turn ended!

Turn 2 started!

Turn end phase started

Kiraya

Passed

aloz

Passed

Turn ended!

Turn 3 started!

Kiraya

Gundam Exia Repair deployed

Graze Custom deployed

Turn end phase started

aloz

Passed

Kiraya

Passed

Turn ended!

Turn 4 started!

aloz

Re-GZ BWS deployed

Placed 1 Resource EX

Turn end phase started

Kiraya

Passed

aloz

Passed

Turn ended!

Turn 5 started!

Battle initiated

Kiraya

Battle declared: Gundam Exia Repair against Enemy Player

aloz

No blockers available

Action step

aloz

Passed

Kiraya

Passed

Battle started: Gundam Exia Repair against EX Base

aloz

EX Base received 2 damage, leaving 1 HP remaining

Battle ended

Battle initiated

Kiraya

Battle declared: Graze Custom against Enemy Player

aloz

No blockers available

Action step

aloz

Passed

Kiraya

Passed

Battle started: Graze Custom against EX Base

aloz

EX Base received 2 damage, now destroyed

Battle ended

Kiraya

Gundam Barbatos 1st Form deployed

Turn end phase started

aloz

Passed

Kiraya

Passed

Turn ended!

Turn 6 started!

aloz

Strike Gundam deployed

Strike Gundam: Draw a card

Selecting target for Strike Gundam

Wing Gundam discarded

Battle initiated

aloz

Battle declared: Re-GZ BWS against Gundam Exia Repair

Kiraya

No blockers available

Action step

Kiraya

Passed

aloz

Passed

Battle started: Re-GZ BWS against Gundam Exia Repair

Kiraya

Gundam Exia Repair received 2 damage, now destroyed

aloz

Re-GZ BWS received 2 damage, now destroyed

Kiraya

Gundam Exia Repair milled 2: Graze Custom and Gundam Barbatos 1st Form moved to trash

Battle ended

aloz

Played command: Overflowing Affection

Overflowing Affection: Draw 2 cards

Selecting target for Overflowing Affection

Gundam Deathscythe discarded

Turn end phase started

Kiraya

Passed

aloz

Passed

Turn ended!

Turn 7 started!

Kiraya

Gundam Barbatos Adapt deployed

Selecting target for Gundam Barbatos Adapt

Gundam Barbatos Adapt: Dealt 1 damage to: Gundam Barbatos 1st Form and Strike Gundam

Played command: Airframe Seizure

Selecting target for Airframe Seizure

Zeheart Galette discarded

Airframe Seizure: Draw 2 cards

Played action: Darkness Finger

Darkness Finger: Dealt 2 damage to Strike Gundam, now destroyed

Battle initiated

Kiraya

Battle declared: Gundam Barbatos 1st Form against Enemy Player

Gundam Barbatos 1st Form: Draw a card

aloz

No blockers available

Action step

aloz

Passed

Kiraya

Passed

Battle started: Gundam Barbatos 1st Form against Enemy Shield

aloz

Shield card: Jegan revealed and discarded

Battle ended

Battle initiated

Kiraya

Battle declared: Graze Custom against Enemy Player

aloz

No blockers available

Action step

aloz

Passed

Kiraya

Passed

Battle started: Graze Custom against Enemy Shield

aloz

Shield card: Kayra's Re-GZ revealed and discarded

Battle ended

Turn end phase started

aloz

Passed

Kiraya

Passed

Turn ended!

Turn 8 started!

aloz

Played command: Overflowing Affection

Overflowing Affection: Draw 2 cards

Selecting target for Overflowing Affection

Gundam Deathscythe discarded

Re-GZ BWS deployed

Placed 1 Resource EX

Linked pilot: Amuro Ray on unit Re-GZ BWS

Battle initiated

aloz

Battle declared: Re-GZ BWS against Gundam Barbatos 1st Form

Kiraya

No blockers available

Action step

Kiraya

Passed

aloz

Passed

Battle started: Re-GZ BWS against Gundam Barbatos 1st Form

Kiraya

Gundam Barbatos 1st Form received 4 damage, now destroyed

aloz

Re-GZ BWS received 3 damage, leaving 1 HP remaining

Healed 2 damage to: Re-GZ BWS

Battle ended

Turn end phase started

Kiraya

Passed

aloz

Passed

Turn ended!

Turn 9 started!

Kiraya

Shiden Custom (Ryusei-Go) deployed

Linked pilot: Mikazuki Augus on unit Gundam Barbatos Adapt

Selecting target for Mikazuki Augus

Mikazuki Augus: Dealt 1 damage to: Graze Custom and Re-GZ BWS

Battle initiated

Kiraya

Battle declared: Graze Custom against Re-GZ BWS

aloz

No blockers available

Action step

aloz

Passed

Kiraya

Passed

Battle started: Graze Custom against Re-GZ BWS

aloz

Re-GZ BWS received 2 damage, now destroyed

Kiraya

Graze Custom received 4 damage, now destroyed

Battle ended

Battle initiated

Kiraya

Battle declared: Gundam Barbatos Adapt against Enemy Player

aloz

No blockers available

Action step

aloz

Passed

Kiraya

Passed

Battle started: Gundam Barbatos Adapt against Enemy Shield

aloz

Shield card: Wing Gundam Zero revealed and discarded

Battle ended

Turn end phase started

aloz

Passed

Kiraya

Passed

Turn ended!

Turn 10 started!

aloz

Gundam Deathscythe deployed

Linked pilot: Duo Maxwell on unit Gundam Deathscythe

Rested resource placed

Placed 1 Resource

Gundam Deathscythe: Modifier applied to: Gundam Deathscythe

Battle initiated

aloz

Battle declared: Gundam Deathscythe against Gundam Barbatos Adapt

Kiraya

Assigned Shiden Custom (Ryusei-Go) to block

Action step

Kiraya

Passed

aloz

Passed

Battle started: Gundam Deathscythe against Shiden Custom (Ryusei-Go)

Kiraya

Shiden Custom (Ryusei-Go) received 6 damage, now destroyed

aloz

Damage prevented

Gundam Deathscythe received 0 damage, leaving 6 HP remaining

Battle ended

Turn end phase started

Kiraya

Passed

aloz

Passed

Turn ended!

Turn 11 started!

Kiraya

Gundam Barbatos 1st Form deployed

Ryusei-Go (Graze Custom Ⅱ) deployed

Selecting target for Ryusei-Go (Graze Custom Ⅱ)

Ryusei-Go (Graze Custom Ⅱ): Dealt 1 damage to Gundam Barbatos 1st Form, leaving 1 HP remaining

Ryusei-Go (Graze Custom Ⅱ): Draw a card

Selecting target for Ryusei-Go (Graze Custom Ⅱ)

Gundam Gusion Rebake discarded

Played action: Darkness Finger

Darkness Finger: Dealt 2 damage to Gundam Deathscythe, leaving 4 HP remaining

Battle initiated

Kiraya

Battle declared: Gundam Barbatos Adapt against Gundam Deathscythe

aloz

No blockers available

Action step

aloz

Passed

Kiraya

Passed

Battle started: Gundam Barbatos Adapt against Gundam Deathscythe

aloz

Gundam Deathscythe received 4 damage, now destroyed

Kiraya

Gundam Barbatos Adapt received 6 damage, now destroyed

Battle ended

Turn end phase started

aloz

Passed

Kiraya

Passed

Turn ended!

Turn 12 started!

aloz

Wing Gundam Zero deployed

Dealt 3 damage to: Gundam Barbatos 1st Form and Ryusei-Go (Graze Custom Ⅱ)

Turn end phase started

Kiraya

Passed

aloz

Passed

Turn ended!

Turn 13 started!

Kiraya

Gundam Gusion Rebake deployed

Selecting target for Gundam Gusion Rebake

Gundam Gusion Rebake: Dealt 1 damage to: Gundam Gusion Rebake and Wing Gundam Zero

Shiden Custom (Ryusei-Go) deployed

Turn end phase started

aloz

Passed

Kiraya

Passed

Turn ended!

Turn 14 started!

aloz

Played base: Argama

Shield card added to hand

Strike Gundam deployed

Strike Gundam: Draw a card

Selecting target for Strike Gundam

Jegan discarded

Battle initiated

aloz

Battle declared: Wing Gundam Zero against Enemy Player

Kiraya

Can't block High-maneuver

Action step

Kiraya

Passed

aloz

Passed

Battle started: Wing Gundam Zero against EX Base

Kiraya

EX Base received 5 damage, now destroyed

Battle ended

aloz

Nu Gundam deployed

Turn end phase started

Kiraya

Passed

aloz

Passed

Turn ended!

Turn 15 started!

Kiraya

Linked pilot: Mikazuki Augus on unit Shiden Custom (Ryusei-Go)

Selecting target for Mikazuki Augus

Mikazuki Augus: Dealt 1 damage to: Shiden Custom (Ryusei-Go) and Wing Gundam Zero

Paired pilot: Zeheart Galette on unit Gundam Gusion Rebake

Zeheart Galette milled 2: Isaribi and Shiden Custom (Ryusei-Go) moved to trash

Battle initiated

Kiraya

Battle declared: Shiden Custom (Ryusei-Go) against Enemy Player

aloz

No blockers available

Action step

aloz

Passed

Kiraya

Passed

Battle started: Shiden Custom (Ryusei-Go) against Argama

aloz

Argama received 6 damage, now destroyed

Battle ended

Battle initiated

Kiraya

Battle declared: Gundam Gusion Rebake against Enemy Player

aloz

No blockers available

Action step

aloz

Passed

Kiraya

Passed

Battle started: Gundam Gusion Rebake against Enemy Shield

aloz

Shield card: Heero Yuy revealed

Shield card added to hand: Heero Yuy

Battle ended

Turn end phase started

aloz

Passed

Kiraya

Passed

Turn ended!

Turn 16 started!

aloz

Strike Gundam deployed

Strike Gundam: Draw a card

Selecting target for Strike Gundam

Jegan discarded

Battle initiated

aloz

Battle declared: Strike Gundam against Shiden Custom (Ryusei-Go)

Kiraya

No blockers available

Action step

Kiraya

Passed

aloz

Passed

Battle started: Strike Gundam against Shiden Custom (Ryusei-Go)

Kiraya

Shiden Custom (Ryusei-Go) received 3 damage, now destroyed

aloz

Strike Gundam received 6 damage, now destroyed

Battle ended

Battle initiated

aloz

Battle declared: Wing Gundam Zero against Enemy Player

Kiraya

Can't block High-maneuver

Action step

Kiraya

Passed

aloz

Passed

Battle started: Wing Gundam Zero against Enemy Shield

Kiraya

Shield card: Gundam Barbatos Lupus revealed and discarded

Battle ended

Battle initiated

aloz

Battle declared: Nu Gundam against Enemy Player

Kiraya

No blockers available

Action step

Kiraya

Passed

aloz

Passed

Battle started: Nu Gundam against Enemy Shield

Kiraya

Shield card: Gundam Barbatos 1st Form revealed and discarded

Battle ended

aloz

Wing Gundam deployed

Linked pilot: Heero Yuy on unit Wing Gundam

Battle initiated

aloz

Battle declared: Wing Gundam against Gundam Gusion Rebake

Kiraya

No blockers available

Action step

Kiraya

Passed

aloz

Passed

Battle started: Wing Gundam against Gundam Gusion Rebake

Kiraya

Gundam Gusion Rebake received 7 damage, now destroyed

aloz

Wing Gundam received 5 damage, leaving 2 HP remaining

Kiraya

Breach 5 Shield card: Mikazuki Augus revealed

Shield card added to hand: Mikazuki Augus

Battle ended

Turn end phase started

Kiraya

Passed

aloz

Passed

Turn ended!

Turn 17 started!

Kiraya

Gundam Barbatos Lupus deployed

Activated: Gundam Barbatos Lupus

Gundam Barbatos Lupus, Gundam Barbatos 1st Form and Gundam Gusion Rebake exiled from the game

Selecting target for Gundam Barbatos Lupus

Gundam Barbatos Lupus: Dealt 2 damage to Wing Gundam, now destroyed

Activated: Gundam Barbatos Lupus

Gundam Barbatos Adapt, Shiden Custom (Ryusei-Go) and Shiden Custom (Ryusei-Go) exiled from the game

Selecting target for Gundam Barbatos Lupus

Gundam Barbatos Lupus: Dealt 2 damage to Wing Gundam Zero, leaving 3 HP remaining

Activated: Gundam Barbatos Lupus

Shiden Custom (Ryusei-Go), Gundam Gusion Rebake and Ryusei-Go (Graze Custom Ⅱ) exiled from the game

Selecting target for Gundam Barbatos Lupus

Gundam Barbatos Lupus: Dealt 2 damage to Nu Gundam, leaving 3 HP remaining

Activated: Gundam Barbatos Lupus

Gundam Barbatos 1st Form, Graze Custom and Gundam Barbatos 1st Form exiled from the game

Selecting target for Gundam Barbatos Lupus

Gundam Barbatos Lupus: Dealt 2 damage to Nu Gundam, leaving 1 HP remaining

Linked pilot: Mikazuki Augus on unit Gundam Barbatos Lupus

Selecting target for Mikazuki Augus

Mikazuki Augus: Dealt 1 damage to: Gundam Barbatos Lupus and Nu Gundam

Battle initiated

Kiraya

Battle declared: Gundam Barbatos Lupus against Enemy Player

aloz

No blockers available

Action step

aloz

Passed

Kiraya

Passed

Battle started: Gundam Barbatos Lupus against Enemy Shield

aloz

Shield card: Jegan revealed and discarded

Battle ended

Turn end phase started

aloz

Passed

Kiraya

Passed

Turn ended!

Turn 18 started!

Battle initiated

aloz

Battle declared: Strike Gundam against Enemy Player

Kiraya

No blockers available

Action step

Kiraya

Passed

aloz

Passed

Battle started: Strike Gundam against Enemy Shield

Kiraya

Shield card: Shiden Custom (Ryusei-Go) revealed and discarded

Battle ended

Battle initiated

aloz

Battle declared: Wing Gundam Zero against Gundam Barbatos Lupus

Kiraya

Can't block High-maneuver

Action step

Kiraya

Passed

aloz

Passed

Battle started: Wing Gundam Zero against Gundam Barbatos Lupus

Kiraya

Gundam Barbatos Lupus received 5 damage, now destroyed

aloz

Wing Gundam Zero received 7 damage, now destroyed

Battle ended

aloz

Kayra's Re-GZ deployed

Selecting target for Kayra's Re-GZ

Returned to deck top

Nu Gundam deployed

Turn end phase started

Kiraya

Passed

aloz

Passed

Turn ended!

Turn 19 started!

Kiraya

Gundam Barbatos Lupus deployed

Turn end phase started

aloz

Passed

Kiraya

Passed

Turn ended!

Turn 20 started!

aloz

Nu Gundam deployed

Linked pilot: Amuro Ray on unit Nu Gundam

Selecting target for Nu Gundam

Jegan, Nu Gundam and Jegan exiled from the game

Selecting target for Nu Gundam

Battle started: Nu Gundam against Gundam Barbatos Lupus

Kiraya

Gundam Barbatos Lupus received 7 damage, now destroyed

aloz

Nu Gundam received 5 damage, leaving 2 HP remaining

Healed 2 damage to: Nu Gundam

Kiraya

Breach 5 Shield card: Airframe Seizure revealed and discarded

Battle ended

Battle initiated

aloz

Battle declared: Strike Gundam against Enemy Player

Kiraya

No blockers available

Action step

aloz

Winner!

Game ended!