Mobile Suit Arena - Battle logs
Game started!

ken24

Choose to play second

Choose to mulligan starting hand

Kiraya

Choose to keep starting hand

Turn 1 started!

Turn end phase started

ken24

Passed

Kiraya

Passed

Turn ended!

Turn 2 started!

ken24

Zaku Ⅱ deployed

Turn end phase started

Kiraya

Passed

ken24

Passed

Turn ended!

Turn 3 started!

Turn end phase started

ken24

Passed

Kiraya

Passed

Turn ended!

Turn 4 started!

Battle initiated

ken24

Battle declared: Zaku Ⅱ against Enemy Player

Zaku Ⅱ: Modifier applied to: Zaku Ⅱ

Kiraya

No blockers available

Action step

Kiraya

Passed

ken24

Passed

Battle started: Zaku Ⅱ against EX Base

Kiraya

EX Base received 3 damage, now destroyed

Battle ended

ken24

Zaku Ⅱ deployed

Turn end phase started

Kiraya

Passed

ken24

Passed

Turn ended!

Turn 5 started!

Kiraya

Hyakuren deployed

Played base: Isaribi

Shield card added to hand

Turn end phase started

ken24

Passed

Kiraya

Passed

Turn ended!

Turn 6 started!

Battle initiated

ken24

Battle declared: Zaku Ⅱ against Enemy Player

Zaku Ⅱ: Modifier applied to: Zaku Ⅱ

Kiraya

No blockers available

Action step

Kiraya

Passed

ken24

Passed

Battle started: Zaku Ⅱ against Isaribi

Kiraya

Isaribi received 3 damage, leaving 2 HP remaining

Battle ended

Battle initiated

ken24

Battle declared: Zaku Ⅱ against Enemy Player

Zaku Ⅱ: Modifier applied to: Zaku Ⅱ

Kiraya

No blockers available

Action step

Kiraya

Passed

ken24

Passed

Battle started: Zaku Ⅱ against Isaribi

Kiraya

Isaribi received 3 damage, now destroyed

Battle ended

ken24

Re-GZ deployed

Turn end phase started

Kiraya

Passed

ken24

Passed

Turn ended!

Turn 7 started!

Kiraya

Played base: Isaribi

Shield card added to hand

Ryusei-Go (Graze Custom Ⅱ) deployed

Selecting target for Ryusei-Go (Graze Custom Ⅱ)

Ryusei-Go (Graze Custom Ⅱ): Dealt 1 damage to Ryusei-Go (Graze Custom Ⅱ), leaving 1 HP remaining

Ryusei-Go (Graze Custom Ⅱ): Draw a card

Selecting target for Ryusei-Go (Graze Custom Ⅱ)

Ryusei-Go (Graze Custom Ⅱ) discarded

Played action: Darkness Finger

Darkness Finger: Dealt 2 damage to Re-GZ, now destroyed

ken24

Selecting target for Re-GZ

Battle initiated

Kiraya

Battle declared: Hyakuren against Zaku Ⅱ

ken24

No blockers available

Action step

ken24

Passed

Kiraya

Passed

Battle started: Hyakuren against Zaku Ⅱ

ken24

Zaku Ⅱ received 4 damage, now destroyed

Kiraya

Hyakuren received 1 damage, leaving 2 HP remaining

Battle ended

Turn end phase started

ken24

Passed

Kiraya

Passed

Turn ended!

Turn 8 started!

ken24

Kayra's Re-GZ deployed

Selecting target for Kayra's Re-GZ

Returned to deck top

Linked pilot: Kayra Su on unit Kayra's Re-GZ

Battle initiated

ken24

Battle declared: Zaku Ⅱ against Hyakuren

Zaku Ⅱ: Modifier applied to: Zaku Ⅱ

Kiraya

No blockers available

Action step

Kiraya

Passed

ken24

Passed

Battle started: Zaku Ⅱ against Hyakuren

Kiraya

Hyakuren received 3 damage, now destroyed

ken24

Zaku Ⅱ received 4 damage, now destroyed

Battle ended

ken24

Zaku Ⅱ deployed

Battle initiated

ken24

Battle declared: Kayra's Re-GZ against Enemy Player

Kiraya

No blockers available

Action step

Kiraya

Passed

ken24

Passed

Battle started: Kayra's Re-GZ against Isaribi

Kiraya

Isaribi received 4 damage, leaving 1 HP remaining

Battle ended

Turn end phase started

Kiraya

Passed

ken24

Passed

Turn ended!

Turn 9 started!

Kiraya

Activated: Isaribi

Rested base: Isaribi

Isaribi: Modifier applied to: Ryusei-Go (Graze Custom Ⅱ)

Battle initiated

Kiraya

Battle declared: Ryusei-Go (Graze Custom Ⅱ) against Kayra's Re-GZ

ken24

No blockers available

Action step

ken24

Passed

Kiraya

Passed

Battle started: Ryusei-Go (Graze Custom Ⅱ) against Kayra's Re-GZ

ken24

Kayra's Re-GZ received 4 damage, now destroyed

Kiraya

Ryusei-Go (Graze Custom Ⅱ) received 4 damage, now destroyed

Battle ended

Kiraya

Gundam Barbatos 1st Form deployed

Gundam Barbatos Adapt deployed

Selecting target for Gundam Barbatos Adapt

Gundam Barbatos Adapt: Dealt 1 damage to: Gundam Barbatos 1st Form and Zaku Ⅱ

Graze Custom deployed

Turn end phase started

ken24

Passed

Kiraya

Passed

Turn ended!

Turn 10 started!

Battle initiated

ken24

Battle declared: Zaku Ⅱ against Enemy Player

Zaku Ⅱ: Modifier applied to: Zaku Ⅱ

Kiraya

No blockers available

Action step

Kiraya

Passed

ken24

Passed

Battle started: Zaku Ⅱ against Isaribi

Kiraya

Isaribi received 3 damage, now destroyed

Battle ended

Turn end phase started

Kiraya

Passed

ken24

Passed

Turn ended!

Turn 11 started!

Kiraya

Gundam Gusion Rebake deployed

Selecting target for Gundam Gusion Rebake

Gundam Gusion Rebake: Dealt 1 damage to: Gundam Gusion Rebake and Zaku Ⅱ

Battle initiated

Kiraya

Battle declared: Gundam Barbatos 1st Form against Enemy Player

Gundam Barbatos 1st Form: Draw a card

ken24

No blockers available

Action step

ken24

Passed

Kiraya

Passed

Battle started: Gundam Barbatos 1st Form against EX Base

ken24

EX Base received 3 damage, now destroyed

Battle ended

Battle initiated

Kiraya

Battle declared: Graze Custom against Enemy Player

ken24

No blockers available

Action step

ken24

Passed

Kiraya

Passed

Battle started: Graze Custom against Enemy Shield

ken24

Shield card: Guntank revealed and discarded

Battle ended

Battle initiated

Kiraya

Battle declared: Gundam Barbatos Adapt against Enemy Player

ken24

No blockers available

Action step

ken24

Passed

Kiraya

Passed

Battle started: Gundam Barbatos Adapt against Enemy Shield

ken24

Shield card: Amuro Ray revealed

Shield card added to hand: Amuro Ray

Battle ended

Kiraya

Hyakuren deployed

Turn end phase started

ken24

Passed

Kiraya

Passed

Turn ended!

Turn 12 started!

ken24

Nu Gundam deployed

Linked pilot: Amuro Ray on unit Nu Gundam

Selecting target for Nu Gundam

Re-GZ, Kayra Su and Kayra's Re-GZ exiled from the game

Selecting target for Nu Gundam

Battle started: Nu Gundam against Gundam Gusion Rebake

Kiraya

Gundam Gusion Rebake received 7 damage, now destroyed

ken24

Nu Gundam received 3 damage, leaving 4 HP remaining

Kiraya

Breach 5 Shield card: Darkness Finger revealed

Shield card: Darkness Finger moved to trash

Selecting target for Darkness Finger

Darkness Finger: Dealt 2 damage to Nu Gundam, leaving 2 HP remaining

ken24

Healed 2 damage to: Nu Gundam

Battle ended

Battle initiated

ken24

Battle declared: Nu Gundam against Gundam Barbatos Adapt

Kiraya

No blockers available

Action step

Kiraya

Passed

ken24

Passed

Battle started: Nu Gundam against Gundam Barbatos Adapt

Kiraya

Gundam Barbatos Adapt received 7 damage, now destroyed

ken24

Nu Gundam received 2 damage, leaving 2 HP remaining

Kiraya

Breach 5 Shield card: Airframe Seizure revealed and discarded

ken24

Healed 2 damage to: Nu Gundam

Battle ended

ken24

Guntank deployed

Selecting target for Guntank

Guntank: Dealt 1 damage to Gundam Barbatos 1st Form, now destroyed

Turn end phase started

Kiraya

Passed

ken24

Passed

Turn ended!

Turn 13 started!

Kiraya

Gundam Barbatos Lupus deployed

Activated: Gundam Barbatos Lupus

Ryusei-Go (Graze Custom Ⅱ), Gundam Gusion Rebake and Gundam Barbatos Adapt exiled from the game

Selecting target for Gundam Barbatos Lupus

Gundam Barbatos Lupus: Dealt 2 damage to Guntank, now destroyed

Activated: Gundam Barbatos Lupus

Hyakuren, Ryusei-Go (Graze Custom Ⅱ) and Gundam Barbatos 1st Form exiled from the game

Selecting target for Gundam Barbatos Lupus

Gundam Barbatos Lupus: Dealt 2 damage to Nu Gundam, leaving 2 HP remaining

Battle initiated

Kiraya

Battle declared: Graze Custom against Nu Gundam

ken24

No blockers available

Action step

ken24

Passed

Kiraya

Passed

Battle started: Graze Custom against Nu Gundam

ken24

Nu Gundam received 2 damage, now destroyed

Kiraya

Graze Custom received 7 damage, now destroyed

Battle ended

Battle initiated

Kiraya

Battle declared: Hyakuren against Enemy Player

ken24

No blockers available

Action step

ken24

Passed

Kiraya

Passed

Battle started: Hyakuren against Enemy Shield

ken24

Shield card: Re-GZ revealed and discarded

Battle ended

Kiraya

Paired pilot: Zeheart Galette on unit Gundam Barbatos Lupus

Zeheart Galette milled 2: Isaribi and Shiden Custom (Ryusei-Go) moved to trash

Turn end phase started

ken24

Passed

Kiraya

Passed

Turn ended!

Turn 14 started!

ken24

Played command: A Show of Resolve

A Show of Resolve: Draw 2 cards

Gundam deployed

Linked pilot: Amuro Ray on unit Gundam

Selecting target for Amuro Ray

Already rested unit: Hyakuren

Battle initiated

ken24

Battle declared: Gundam against Hyakuren

Kiraya

No blockers available

Action step

Kiraya

Passed

ken24

Passed

Battle started: Gundam against Hyakuren

Kiraya

Hyakuren received 6 damage, now destroyed

ken24

Gundam received 4 damage, leaving 1 HP remaining

Battle ended

Turn end phase started

Kiraya

Passed

ken24

Passed

Gundam repaired 2 from [Repair 2]

Turn ended!

Turn 15 started!

Kiraya

Gundam Barbatos Adapt deployed

Selecting target for Gundam Barbatos Adapt

Gundam Barbatos Adapt: Dealt 1 damage to: Gundam Barbatos Adapt and Gundam

Linked pilot: Mikazuki Augus on unit Gundam Barbatos Adapt

Selecting target for Mikazuki Augus

Mikazuki Augus: Dealt 1 damage to: Gundam Barbatos Adapt and Gundam

Shiden Custom (Ryusei-Go) deployed

Activated: Gundam Barbatos Lupus

Graze Custom, Shiden Custom (Ryusei-Go) and Hyakuren exiled from the game

Selecting target for Gundam Barbatos Lupus

Gundam Barbatos Lupus: Dealt 2 damage to Gundam, now destroyed

Battle initiated

Kiraya

Battle declared: Gundam Barbatos Adapt against Enemy Player

ken24

No blockers available

Action step

ken24

Passed

Kiraya

Passed

Battle started: Gundam Barbatos Adapt against Enemy Shield

ken24

Shield card: Amuro Ray revealed

Shield card added to hand: Amuro Ray

Battle ended

Battle initiated

Kiraya

Battle declared: Gundam Barbatos Lupus against Enemy Player

ken24

No blockers available

Action step

ken24

Passed

Kiraya

Passed

Battle started: Gundam Barbatos Lupus against Enemy Shield

ken24

Shield card: Zaku Ⅱ revealed and discarded

Battle ended

Turn end phase started

ken24

Passed

Kiraya

Passed

Turn ended!

Turn 16 started!

ken24

Guntank deployed

Selecting target for Guntank

Guntank: Dealt 1 damage to Gundam Barbatos Adapt, leaving 2 HP remaining

Guntank deployed

Selecting target for Guntank

Guntank: Dealt 1 damage to Gundam Barbatos Adapt, leaving 2 HP remaining

Kiraya

Winner!

Game ended!