Mobile Suit Arena - Battle logs
Game started!

Kiraya

Choose to play second

Choose to keep starting hand

Wuu

Choose to keep starting hand

Turn 1 started!

Wuu

Dopp deployed

Selecting target for Dopp

Returned to deck bottom

Turn end phase started

Kiraya

Passed

Wuu

Passed

Turn ended!

Turn 2 started!

Kiraya

Gundam Exia Repair deployed

Turn end phase started

Wuu

Passed

Kiraya

Passed

Turn ended!

Turn 3 started!

Wuu

Zaku Ⅱ deployed

Played command: Airframe Seizure

Selecting target for Airframe Seizure

Gaia Gundam (MA Mode) discarded

Airframe Seizure: Draw 2 cards

Turn end phase started

Kiraya

Passed

Wuu

Passed

Turn ended!

Turn 4 started!

Kiraya

Gundam Barbatos 1st Form deployed

Battle initiated

Kiraya

Battle declared: Gundam Exia Repair against Enemy Player

Wuu

No blockers available

Action step

Wuu

Passed

Kiraya

Passed

Battle started: Gundam Exia Repair against EX Base

Wuu

EX Base received 2 damage, leaving 1 HP remaining

Battle ended

Turn end phase started

Wuu

Passed

Kiraya

Passed

Turn ended!

Turn 5 started!

Battle initiated

Wuu

Battle declared: Dopp against Gundam Exia Repair

Kiraya

No blockers available

Action step

Kiraya

Passed

Wuu

Passed

Battle started: Dopp against Gundam Exia Repair

Kiraya

Gundam Exia Repair received 1 damage, now destroyed

Wuu

Dopp received 2 damage, now destroyed

Kiraya

Gundam Exia Repair milled 2: Isaribi and Darkness Finger moved to trash

Battle ended

Battle initiated

Wuu

Battle declared: Zaku Ⅱ against Enemy Player

Zaku Ⅱ: Modifier applied to: Zaku Ⅱ

Kiraya

No blockers available

Action step

Kiraya

Passed

Wuu

Passed

Battle started: Zaku Ⅱ against EX Base

Kiraya

EX Base received 3 damage, now destroyed

Battle ended

Wuu

Abyss Gundam deployed

Zaku Ⅱ deployed

Turn end phase started

Kiraya

Passed

Wuu

Passed

Turn ended!

Turn 6 started!

Kiraya

Gundam Barbatos 1st Form deployed

Linked pilot: Mikazuki Augus on unit Gundam Barbatos 1st Form

Selecting target for Mikazuki Augus

Mikazuki Augus: Dealt 1 damage to: Gundam Barbatos 1st Form and Zaku Ⅱ

Linked pilot: Mikazuki Augus on unit Gundam Barbatos 1st Form

Selecting target for Mikazuki Augus

Mikazuki Augus: Dealt 1 damage to: Gundam Barbatos 1st Form and Zaku Ⅱ

Battle initiated

Kiraya

Battle declared: Gundam Barbatos 1st Form against Zaku Ⅱ

Gundam Barbatos 1st Form: Draw a card

Wuu

No blockers available

Action step

Wuu

Passed

Kiraya

Passed

Battle started: Gundam Barbatos 1st Form against Zaku Ⅱ

Wuu

Zaku Ⅱ received 5 damage, now destroyed

Kiraya

Gundam Barbatos 1st Form received 1 damage, leaving 1 HP remaining

Battle ended

Battle initiated

Kiraya

Battle declared: Gundam Barbatos 1st Form against Enemy Player

Gundam Barbatos 1st Form: Draw a card

Wuu

No blockers available

Action step

Wuu

Passed

Kiraya

Passed

Battle started: Gundam Barbatos 1st Form against EX Base

Wuu

EX Base received 5 damage, now destroyed

Battle ended

Turn end phase started

Wuu

Passed

Kiraya

Passed

Turn ended!

Turn 7 started!

Wuu

Gaia Gundam deployed

Linked pilot: Stellar Loussier on unit Gaia Gundam

Battle initiated

Wuu

Battle declared: Gaia Gundam against Enemy Player

Kiraya

No blockers available

Action step

Kiraya

Passed

Wuu

Passed

Battle started: Gaia Gundam against Enemy Shield

Kiraya

Shield card: Isaribi revealed

Played base: Isaribi

Shield card added to hand

Selecting target for Gaia Gundam

Gundam Barbatos Lupus discarded

Battle ended

Battle initiated

Wuu

Battle declared: Abyss Gundam against Gundam Barbatos 1st Form

Kiraya

No blockers available

Action step

Kiraya

Passed

Wuu

Passed

Battle started: Abyss Gundam against Gundam Barbatos 1st Form

Kiraya

Gundam Barbatos 1st Form received 2 damage, now destroyed

Wuu

Abyss Gundam received 5 damage, now destroyed

Battle ended

Turn end phase started

Kiraya

Passed

Wuu

Passed

Turn ended!

Turn 8 started!

Kiraya

Played command: Airframe Seizure

Selecting target for Airframe Seizure

Zeheart Galette discarded

Airframe Seizure: Draw 2 cards

Battle initiated

Kiraya

Battle declared: Gundam Barbatos 1st Form against Gaia Gundam

Gundam Barbatos 1st Form: Draw a card

Wuu

No blockers available

Action step

Wuu

Passed

Kiraya

Passed

Battle started: Gundam Barbatos 1st Form against Gaia Gundam

Wuu

Gaia Gundam received 5 damage, now destroyed

Kiraya

Gundam Barbatos 1st Form received 5 damage, now destroyed

Wuu

Selecting target for Stellar Loussier

Card added to hand: Abyss Gundam (MA Mode)

Battle ended

Kiraya

Gundam Barbatos Adapt deployed

No targets for Gundam Barbatos Adapt

Gundam Exia Repair deployed

Turn end phase started

Wuu

Passed

Kiraya

Passed

Turn ended!

Turn 9 started!

Wuu

Abyss Gundam (MA Mode) deployed

Paired pilot: Sting Oakley on unit Abyss Gundam (MA Mode)

Kiraya

Selecting target for Abyss Gundam (MA Mode)

Isaribi discarded

Wuu

Exass deployed

Turn end phase started

Kiraya

Passed

Wuu

Passed

Turn ended!

Turn 10 started!

Battle initiated

Kiraya

Battle declared: Gundam Exia Repair against Enemy Player

Wuu

No blockers available

Action step

Wuu

Passed

Kiraya

Passed

Battle started: Gundam Exia Repair against Enemy Shield

Wuu

Shield card: Zaku Ⅱ revealed and discarded

Battle ended

Battle initiated

Kiraya

Battle declared: Gundam Barbatos Adapt against Enemy Player

Wuu

No blockers available

Action step

Wuu

Passed

Kiraya

Passed

Battle started: Gundam Barbatos Adapt against Enemy Shield

Wuu

Shield card: Gaia Gundam (MA Mode) revealed and discarded

Battle ended

Kiraya

Shiden Custom (Ryusei-Go) deployed

Gundam Barbatos Adapt deployed

Selecting target for Gundam Barbatos Adapt

Gundam Barbatos Adapt: Dealt 1 damage to: Gundam Barbatos Adapt and Abyss Gundam (MA Mode)

Turn end phase started

Wuu

Passed

Kiraya

Passed

Turn ended!

Turn 11 started!

Wuu

Played base: Girty Lue

Shield card added to hand

Played command: Airframe Seizure

Selecting target for Airframe Seizure

Abyss Gundam (MA Mode) discarded

Airframe Seizure: Draw 2 cards

Gaia Gundam deployed

Abyss Gundam (MA Mode) deployed

Turn end phase started

Kiraya

Passed

Wuu

Passed

Turn ended!

Turn 12 started!

Kiraya

Gundam Gusion Rebake Full City deployed

Paired pilot: Zeheart Galette on unit Gundam Gusion Rebake Full City

Zeheart Galette milled 2: Zeheart Galette and Hyakuren moved to trash

Selecting target for Zeheart Galette

Zeheart Galette: Modifier applied to: Gaia Gundam

Activated: Isaribi

Rested base: Isaribi

Isaribi: Modifier applied to: Gundam Barbatos Adapt

Battle initiated

Kiraya

Battle declared: Gundam Barbatos Adapt against Enemy Player

Wuu

No blockers available

Action step

Wuu

Passed

Kiraya

Passed

Battle started: Gundam Barbatos Adapt against Girty Lue

Wuu

Girty Lue received 4 damage, leaving 1 HP remaining

Battle ended

Battle initiated

Kiraya

Battle declared: Gundam Exia Repair against Enemy Player

Wuu

No blockers available

Action step

Wuu

Passed

Kiraya

Passed

Battle started: Gundam Exia Repair against Girty Lue

Wuu

Girty Lue received 2 damage, now destroyed

Battle ended

Battle initiated

Kiraya

Battle declared: Gundam Barbatos Adapt against Enemy Player

Wuu

No blockers available

Action step

Wuu

Passed

Kiraya

Passed

Battle started: Gundam Barbatos Adapt against Enemy Shield

Wuu

Shield card: Exass revealed and discarded

Battle ended

Turn end phase started

Wuu

Passed

Kiraya

Passed

Turn ended!

Turn 13 started!

Wuu

Linked pilot: Auel Neider on unit Abyss Gundam (MA Mode)

Battle initiated

Wuu

Battle declared: Abyss Gundam (MA Mode) against Enemy Player

Auel Neider: Modifier applied to: Abyss Gundam (MA Mode)

Kiraya

Assigned Shiden Custom (Ryusei-Go) to block

Action step

Kiraya

Passed

Wuu

Passed

Battle started: Abyss Gundam (MA Mode) against Shiden Custom (Ryusei-Go)

Kiraya

Shiden Custom (Ryusei-Go) received 6 damage, now destroyed

Wuu

Abyss Gundam (MA Mode) received 4 damage, now destroyed

Battle ended

Battle initiated

Wuu

Battle declared: Abyss Gundam (MA Mode) against Gundam Barbatos Adapt

Kiraya

Assigned Gundam Gusion Rebake Full City to block

Action step

Kiraya

Passed

Wuu

Passed

Battle started: Abyss Gundam (MA Mode) against Gundam Gusion Rebake Full City

Kiraya

Gundam Gusion Rebake Full City received 5 damage, leaving 1 HP remaining

Wuu

Abyss Gundam (MA Mode) received 7 damage, now destroyed

Battle ended

Battle initiated

Wuu

Battle declared: Exass against Gundam Barbatos Adapt

Kiraya

No blockers available

Action step

Kiraya

Passed

Wuu

Passed

Battle started: Exass against Gundam Barbatos Adapt

Kiraya

Gundam Barbatos Adapt received 4 damage, now destroyed

Wuu

Exass received 2 damage, now destroyed

Battle ended

Battle initiated

Wuu

Battle declared: Gaia Gundam against Gundam Barbatos Adapt

Kiraya

No blockers available

Action step

Kiraya

Passed

Wuu

Passed

Battle started: Gaia Gundam against Gundam Barbatos Adapt

Kiraya

Gundam Barbatos Adapt received 3 damage, now destroyed

Wuu

Gaia Gundam received 2 damage, leaving 1 HP remaining

Battle ended

Turn end phase started

Kiraya

Passed

Wuu

Passed

Turn ended!

Turn 14 started!

Kiraya

Gundam Barbatos Lupus deployed

Activated: Gundam Barbatos Lupus

Shiden Custom (Ryusei-Go), Gundam Barbatos Adapt and Gundam Barbatos Adapt exiled from the game

Selecting target for Gundam Barbatos Lupus

Gundam Barbatos Lupus: Dealt 2 damage to Gaia Gundam, now destroyed

Battle initiated

Kiraya

Battle declared: Gundam Exia Repair against Enemy Player

Wuu

No blockers available

Action step

Wuu

Passed

Kiraya

Passed

Battle started: Gundam Exia Repair against Enemy Shield

Wuu

Shield card: Stellar Loussier revealed

Shield card added to hand: Stellar Loussier

Battle ended

Battle initiated

Kiraya

Battle declared: Gundam Gusion Rebake Full City against Enemy Player

Wuu

No blockers available

Action step

Wuu

Passed

Kiraya

Passed

Battle started: Gundam Gusion Rebake Full City against Enemy Shield

Wuu

Shield card: Stellar Loussier revealed

Shield card added to hand: Stellar Loussier

Battle ended

Kiraya

Played command: Airframe Seizure

Selecting target for Airframe Seizure

Graze Custom discarded

Airframe Seizure: Draw 2 cards

Turn end phase started

Wuu

Passed

Kiraya

Passed

Turn ended!

Turn 15 started!

Wuu

Played command: Airframe Seizure

Selecting target for Airframe Seizure

Abyss Gundam (MA Mode) discarded

Airframe Seizure: Draw 2 cards

Gaia Gundam (MA Mode) deployed

Linked pilot: Stellar Loussier on unit Gaia Gundam (MA Mode)

Battle initiated

Wuu

Battle declared: Gaia Gundam (MA Mode) against Enemy Player

Kiraya

No blockers available

Action step

Kiraya

Passed

Wuu

Passed

Battle started: Gaia Gundam (MA Mode) against Isaribi

Kiraya

Isaribi received 6 damage, now destroyed

Battle ended

Turn end phase started

Kiraya

Passed

Wuu

Passed

Turn ended!

Turn 16 started!

Kiraya

Activated: Gundam Barbatos Lupus

Gundam Barbatos 1st Form, Hyakuren and Graze Custom exiled from the game

Selecting target for Gundam Barbatos Lupus

Gundam Barbatos Lupus: Dealt 2 damage to Gaia Gundam (MA Mode), leaving 1 HP remaining

Battle initiated

Kiraya

Battle declared: Gundam Exia Repair against Enemy Player

Wuu

No blockers available

Action step

Wuu

Passed

Kiraya

Passed

Battle started: Gundam Exia Repair against Enemy Player

Wuu

No more shields available, game is over!

Kiraya

Winner!

Game ended!