Mobile Suit Arena - Battle logs
Game started!

DragonL

Choose to play second

Kiraya

Choose to mulligan starting hand

DragonL

Choose to keep starting hand

Turn 1 started!

Turn end phase started

DragonL

Passed

Kiraya

Passed

Turn ended!

Turn 2 started!

DragonL

Zaku Ⅱ deployed

Turn end phase started

Kiraya

Passed

DragonL

Passed

Turn ended!

Turn 3 started!

Kiraya

Graze Custom deployed

Played command: Airframe Seizure

Selecting target for Airframe Seizure

Zeheart Galette discarded

Airframe Seizure: Draw 2 cards

Turn end phase started

DragonL

Passed

Kiraya

Passed

Turn ended!

Turn 4 started!

DragonL

Quess's Jagd Doga deployed

Turn end phase started

Kiraya

Passed

DragonL

Passed

Turn ended!

Turn 5 started!

Kiraya

Gundam Exia Repair deployed

Hyakuren deployed

Battle initiated

Kiraya

Battle declared: Graze Custom against Enemy Player

DragonL

No blockers available

Action step

DragonL

Passed

Kiraya

Passed

Battle started: Graze Custom against EX Base

DragonL

EX Base received 2 damage, leaving 1 HP remaining

Battle ended

Turn end phase started

DragonL

Passed

Kiraya

Passed

Turn ended!

Turn 6 started!

Battle initiated

DragonL

Battle declared: Quess's Jagd Doga against Enemy Player

Kiraya

No blockers available

Action step

Kiraya

Passed

DragonL

Passed

Battle started: Quess's Jagd Doga against EX Base

Kiraya

EX Base received 3 damage, now destroyed

Battle ended

Battle initiated

DragonL

Battle declared: Zaku Ⅱ against Enemy Player

Kiraya

No blockers available

Action step

Kiraya

Passed

DragonL

Passed

Battle started: Zaku Ⅱ against Enemy Shield

Kiraya

Shield card: Gundam Barbatos Lupus revealed and discarded

Battle ended

DragonL

Char's Zaku Ⅱ deployed

Replaced EX Base base: Axis

Shield card added to hand

Turn end phase started

Kiraya

Passed

DragonL

Passed

Turn ended!

Turn 7 started!

Battle initiated

Kiraya

Battle declared: Gundam Exia Repair against Quess's Jagd Doga

DragonL

No blockers available

Action step

DragonL

Passed

Kiraya

Passed

Battle started: Gundam Exia Repair against Quess's Jagd Doga

DragonL

Quess's Jagd Doga received 2 damage, now destroyed

Kiraya

Gundam Exia Repair received 3 damage, now destroyed

Gundam Exia Repair milled 2: Graze Custom and Gundam Barbatos Adapt moved to trash

Battle ended

Kiraya

Played base: Isaribi

Shield card added to hand

Gundam Barbatos 1st Form deployed

Linked pilot: Mikazuki Augus on unit Gundam Barbatos 1st Form

Selecting target for Mikazuki Augus

Mikazuki Augus: Dealt 1 damage to: Gundam Barbatos 1st Form and Char's Zaku Ⅱ

Activated: Isaribi

Rested base: Isaribi

Isaribi: Modifier applied to: Gundam Barbatos 1st Form

Battle initiated

Kiraya

Battle declared: Gundam Barbatos 1st Form against Enemy Player

Gundam Barbatos 1st Form: Draw a card

DragonL

No blockers available

Action step

DragonL

Passed

Kiraya

Passed

Battle started: Gundam Barbatos 1st Form against Axis

DragonL

Axis received 7 damage, now destroyed

Battle ended

Battle initiated

Kiraya

Battle declared: Hyakuren against Zaku Ⅱ

DragonL

No blockers available

Action step

DragonL

Passed

Kiraya

Passed

Battle started: Hyakuren against Zaku Ⅱ

DragonL

Zaku Ⅱ received 4 damage, now destroyed

Kiraya

Hyakuren received 2 damage, leaving 1 HP remaining

Battle ended

Battle initiated

Kiraya

Battle declared: Graze Custom against Enemy Player

DragonL

No blockers available

Action step

DragonL

Passed

Kiraya

Passed

Battle started: Graze Custom against Enemy Shield

DragonL

Shield card: Zaku Ⅱ revealed and discarded

Battle ended

Turn end phase started

DragonL

Passed

Kiraya

Passed

Turn ended!

Turn 8 started!

DragonL

Gundam Barbatos Adapt deployed

Selecting target for Gundam Barbatos Adapt

Gundam Barbatos Adapt: Dealt 1 damage to: Gundam Barbatos Adapt and Hyakuren

Battle initiated

DragonL

Battle declared: Char's Zaku Ⅱ against Graze Custom

Kiraya

No blockers available

Action step

Kiraya

Passed

DragonL

Passed

Battle started: Char's Zaku Ⅱ against Graze Custom

Kiraya

Graze Custom received 3 damage, now destroyed

DragonL

Char's Zaku Ⅱ received 2 damage, now destroyed

Selecting target for Char's Zaku Ⅱ

Card added to hand: Sazabi

Battle ended

DragonL

Gundam Barbatos 1st Form deployed

Turn end phase started

Kiraya

Passed

DragonL

Passed

Turn ended!

Turn 9 started!

Kiraya

Gundam Gusion Rebake deployed

Selecting target for Gundam Gusion Rebake

Gundam Gusion Rebake: Dealt 1 damage to: Gundam Gusion Rebake and Gundam Barbatos Adapt

Played action: Darkness Finger

Darkness Finger: Dealt 2 damage to Gundam Barbatos Adapt, now destroyed

Battle initiated

Kiraya

Battle declared: Gundam Barbatos 1st Form against Enemy Player

Gundam Barbatos 1st Form: Draw a card

DragonL

No blockers available

Action step

DragonL

Passed

Kiraya

Passed

Battle started: Gundam Barbatos 1st Form against Enemy Shield

DragonL

Shield card: Zeong revealed and discarded

Battle ended

Turn end phase started

DragonL

Passed

Kiraya

Passed

Turn ended!

Turn 10 started!

DragonL

Gundam Barbatos Adapt deployed

Selecting target for Gundam Barbatos Adapt

Gundam Barbatos Adapt: Dealt 1 damage to: Gundam Barbatos 1st Form and Gundam Gusion Rebake

Battle initiated

DragonL

Battle declared: Gundam Barbatos 1st Form against Gundam Barbatos 1st Form

Gundam Barbatos 1st Form: Draw a card

Kiraya

Assigned Gundam Gusion Rebake to block

Action step

Kiraya

Passed

DragonL

Passed

Battle started: Gundam Barbatos 1st Form against Gundam Gusion Rebake

Kiraya

Gundam Gusion Rebake received 3 damage, now destroyed

DragonL

Gundam Barbatos 1st Form received 3 damage, now destroyed

Battle ended

DragonL

Char's Zaku Ⅱ deployed

Linked pilot: Char Aznable on unit Char's Zaku Ⅱ

Battle initiated

DragonL

Battle declared: Char's Zaku Ⅱ against Gundam Barbatos 1st Form

Char Aznable: Modifier applied to: Char's Zaku Ⅱ

Kiraya

Can't block High-maneuver

Action step

Kiraya

Passed

DragonL

Passed

Battle started: Char's Zaku Ⅱ against Gundam Barbatos 1st Form

Kiraya

Gundam Barbatos 1st Form received 5 damage, now destroyed

DragonL

Char's Zaku Ⅱ received 5 damage, now destroyed

Selecting target for Char's Zaku Ⅱ

Card added to hand: Sazabi

Battle ended

Turn end phase started

Kiraya

Passed

DragonL

Passed

Turn ended!

Turn 11 started!

Kiraya

Shiden Custom (Ryusei-Go) deployed

Gundam Barbatos 1st Form deployed

Graze Custom deployed

Turn end phase started

DragonL

Passed

Kiraya

Passed

Turn ended!

Turn 12 started!

DragonL

Sazabi deployed

Zaku Ⅱ deployed

Turn end phase started

Kiraya

Passed

DragonL

Passed

Turn ended!

Turn 13 started!

Kiraya

Gundam Gusion Rebake deployed

Selecting target for Gundam Gusion Rebake

Gundam Gusion Rebake: Dealt 1 damage to: Gundam Barbatos 1st Form and Sazabi

Battle initiated

Kiraya

Battle declared: Gundam Barbatos 1st Form against Enemy Player

Gundam Barbatos 1st Form: Draw a card

DragonL

No blockers available

Action step

DragonL

Passed

Kiraya

Passed

Battle started: Gundam Barbatos 1st Form against Enemy Shield

DragonL

Shield card: Mikazuki Augus revealed

Shield card added to hand: Mikazuki Augus

Battle ended

Battle initiated

Kiraya

Battle declared: Graze Custom against Enemy Player

DragonL

No blockers available

Action step

DragonL

Passed

Kiraya

Passed

Battle started: Graze Custom against Enemy Shield

DragonL

Shield card: Char's Zaku Ⅱ revealed and discarded

Battle ended

Battle initiated

Kiraya

Battle declared: Shiden Custom (Ryusei-Go) against Enemy Player

DragonL

No blockers available

Action step

DragonL

Passed

Kiraya

Passed

Battle started: Shiden Custom (Ryusei-Go) against Enemy Shield

DragonL

Shield card: Char Aznable revealed

Shield card added to hand: Char Aznable

Battle ended

Kiraya

Played action: Darkness Finger

Darkness Finger: Dealt 2 damage to Zaku Ⅱ, now destroyed

Gundam Barbatos Adapt deployed

Selecting target for Gundam Barbatos Adapt

Gundam Barbatos Adapt: Dealt 1 damage to: Gundam Barbatos Adapt and Sazabi

Turn end phase started

DragonL

Passed

Kiraya

Passed

Turn ended!

Turn 14 started!

DragonL

Zaku Ⅱ deployed

Battle initiated

DragonL

Battle declared: Sazabi against Shiden Custom (Ryusei-Go)

Selecting target for Sazabi

Sazabi: destroyed Zaku Ⅱ

Kiraya

Selecting target for Sazabi

DragonL

Sazabi: destroyed Graze Custom

Kiraya

Assigned no blocker

Action step

Kiraya

Passed

DragonL

Passed

Battle started: Sazabi against Shiden Custom (Ryusei-Go)

Kiraya

Shiden Custom (Ryusei-Go) received 5 damage, now destroyed

DragonL

Sazabi received 4 damage, now destroyed

Battle ended

DragonL

Linked pilot: Mikazuki Augus on unit Gundam Barbatos Adapt

Selecting target for Mikazuki Augus

Mikazuki Augus: Dealt 1 damage to: Gundam Barbatos Adapt and Gundam Barbatos 1st Form

Char's Zaku Ⅱ deployed

Linked pilot: Char Aznable on unit Char's Zaku Ⅱ

Battle initiated

DragonL

Battle declared: Char's Zaku Ⅱ against Enemy Player

Char Aznable: Modifier applied to: Char's Zaku Ⅱ

Kiraya

Can't block High-maneuver

Action step

Kiraya

Passed

DragonL

Passed

Battle started: Char's Zaku Ⅱ against Isaribi

Kiraya

Isaribi received 5 damage, now destroyed

Battle ended

Battle initiated

DragonL

Battle declared: Gundam Barbatos Adapt against Enemy Player

Kiraya

Assigned no blocker

Action step

Kiraya

Passed

DragonL

Passed

Battle started: Gundam Barbatos Adapt against Enemy Shield

Kiraya

Shield card: Graze Custom revealed and discarded

Battle ended

DragonL

Zaku Ⅱ deployed

Turn end phase started

Kiraya

Passed

DragonL

Passed

Turn ended!

Turn 15 started!

Kiraya

Gundam Barbatos Lupus deployed

Activated: Gundam Barbatos Lupus

Gundam Barbatos 1st Form, Gundam Barbatos 1st Form and Graze Custom exiled from the game

Selecting target for Gundam Barbatos Lupus

Gundam Barbatos Lupus: Dealt 2 damage to Zaku Ⅱ, now destroyed

Activated: Gundam Barbatos Lupus

Graze Custom, Graze Custom and Shiden Custom (Ryusei-Go) exiled from the game

Selecting target for Gundam Barbatos Lupus

Gundam Barbatos Lupus: Dealt 2 damage to Char's Zaku Ⅱ, leaving 1 HP remaining

Activated: Gundam Barbatos Lupus

Graze Custom, Gundam Barbatos Adapt and Gundam Gusion Rebake exiled from the game

Selecting target for Gundam Barbatos Lupus

Gundam Barbatos Lupus: Dealt 2 damage to Char's Zaku Ⅱ, now destroyed

DragonL

Selecting target for Char's Zaku Ⅱ

Card added to hand: Zeong

Battle initiated

Kiraya

Battle declared: Gundam Barbatos Adapt against Enemy Player

DragonL

No blockers available

Action step

DragonL

Passed

Kiraya

Passed

Battle started: Gundam Barbatos Adapt against Enemy Player

DragonL

No more shields available, game is over!

Kiraya

Winner!

Game ended!