Mobile Suit Arena - Battle logs
Game started!

Mememaker

Choose to play second

Choose to keep starting hand

Kiraya

Choose to mulligan starting hand

Turn 1 started!

Turn end phase started

Mememaker

Passed

Kiraya

Passed

Turn ended!

Turn 2 started!

Mememaker

Played command: Overflowing Affection

Overflowing Affection: Draw 2 cards

Selecting target for Overflowing Affection

Victory Gundam discarded

Turn end phase started

Kiraya

Passed

Mememaker

Passed

Turn ended!

Turn 3 started!

Kiraya

Gundam Exia Repair deployed

Played command: Airframe Seizure

Selecting target for Airframe Seizure

Gundam Gusion Rebake discarded

Airframe Seizure: Draw 2 cards

Turn end phase started

Mememaker

Passed

Kiraya

Passed

Turn ended!

Turn 4 started!

Mememaker

Victory Gundam deployed

Turn end phase started

Kiraya

Passed

Mememaker

Passed

Turn ended!

Turn 5 started!

Kiraya

Gundam Exia Repair deployed

Hyakuren deployed

Turn end phase started

Mememaker

Passed

Kiraya

Passed

Turn ended!

Turn 6 started!

Mememaker

Victory Gundam deployed

Battle initiated

Mememaker

Battle declared: Victory Gundam against Enemy Player

Kiraya

No blockers available

Action step

Kiraya

Passed

Mememaker

Passed

Battle started: Victory Gundam against EX Base

Kiraya

EX Base received 3 damage, now destroyed

Battle ended

Turn end phase started

Kiraya

Passed

Mememaker

Passed

Turn ended!

Turn 7 started!

Kiraya

Played action: Darkness Finger

Darkness Finger: Dealt 2 damage to Victory Gundam, now destroyed

Mememaker

Parts deployed

Battle initiated

Kiraya

Battle declared: Hyakuren against Enemy Player

Mememaker

No blockers available

Action step

Mememaker

Passed

Kiraya

Passed

Battle started: Hyakuren against EX Base

Mememaker

EX Base received 4 damage, now destroyed

Battle ended

Battle initiated

Kiraya

Battle declared: Gundam Exia Repair against Enemy Player

Mememaker

No blockers available

Action step

Mememaker

Passed

Kiraya

Passed

Battle started: Gundam Exia Repair against Enemy Shield

Mememaker

Shield card: Zoloat (League Militaire) revealed and discarded

Battle ended

Battle initiated

Kiraya

Battle declared: Gundam Exia Repair against Enemy Player

Mememaker

No blockers available

Action step

Mememaker

Passed

Kiraya

Passed

Battle started: Gundam Exia Repair against Enemy Shield

Mememaker

Shield card: Strike Rouge (Ootori) revealed and discarded

Battle ended

Kiraya

Played base: Isaribi

Shield card added to hand

Hyakuren deployed

Turn end phase started

Mememaker

Passed

Kiraya

Passed

Turn ended!

Turn 8 started!

Mememaker

Linked pilot: Üso Ewin on unit Victory Gundam

Parts deployed

Battle initiated

Mememaker

Battle declared: Victory Gundam against Hyakuren

Victory Gundam: Draw a card

Kiraya

No blockers available

Action step

Kiraya

Passed

Mememaker

Passed

Battle started: Victory Gundam against Hyakuren

Kiraya

Hyakuren received 5 damage, now destroyed

Mememaker

Victory Gundam received 4 damage, leaving 1 HP remaining

Battle ended

Battle initiated

Mememaker

Battle declared: Parts against Gundam Exia Repair

Kiraya

No blockers available

Action step

Kiraya

Passed

Mememaker

Passed

Battle started: Parts against Gundam Exia Repair

Kiraya

Gundam Exia Repair received 1 damage, now destroyed

Mememaker

Parts received 2 damage, now destroyed

Kiraya

Gundam Exia Repair milled 2: Gundam Barbatos 1st Form and Mikazuki Augus moved to trash

Battle ended

Mememaker

Aile Strike Gundam deployed

Turn end phase started

Kiraya

Passed

Mememaker

Passed

Turn ended!

Turn 9 started!

Kiraya

Gundam Gusion Rebake deployed

Selecting target for Gundam Gusion Rebake

Gundam Gusion Rebake: Dealt 1 damage to: Gundam Gusion Rebake and Victory Gundam

Battle initiated

Kiraya

Battle declared: Gundam Exia Repair against Enemy Player

Mememaker

Assigned Aile Strike Gundam to block

Action step

Mememaker

Passed

Kiraya

Passed

Battle started: Gundam Exia Repair against Aile Strike Gundam

Mememaker

Aile Strike Gundam received 2 damage, leaving 2 HP remaining

Kiraya

Gundam Exia Repair received 4 damage, now destroyed

Gundam Exia Repair milled 2: Airframe Seizure and Hyakuren moved to trash

Battle ended

Battle initiated

Kiraya

Battle declared: Hyakuren against Aile Strike Gundam

Mememaker

No blockers available

Action step

Mememaker

Passed

Kiraya

Passed

Battle started: Hyakuren against Aile Strike Gundam

Mememaker

Aile Strike Gundam received 4 damage, now destroyed

Kiraya

Hyakuren received 4 damage, now destroyed

Battle ended

Turn end phase started

Mememaker

Passed

Kiraya

Passed

Turn ended!

Turn 10 started!

Mememaker

Victory Gundam deployed

Played command: Overflowing Affection

Overflowing Affection: Draw 2 cards

Selecting target for Overflowing Affection

V-Dash Gundam discarded

Played command: Overflowing Affection

Overflowing Affection: Draw 2 cards

Selecting target for Overflowing Affection

V-Dash Gundam discarded

Turn end phase started

Kiraya

Passed

Mememaker

Passed

Turn ended!

Turn 11 started!

Kiraya

Gundam Gusion Rebake deployed

Selecting target for Gundam Gusion Rebake

Gundam Gusion Rebake: Dealt 1 damage to: Gundam Gusion Rebake and Parts

Graze Custom deployed

Battle initiated

Kiraya

Battle declared: Gundam Gusion Rebake against Enemy Player

Mememaker

No blockers available

Action step

Mememaker

Passed

Kiraya

Passed

Battle started: Gundam Gusion Rebake against Enemy Shield

Mememaker

Shield card: Reineforce Jr. revealed

Played base: Reineforce Jr.

Shield card added to hand

Battle ended

Turn end phase started

Mememaker

Passed

Kiraya

Passed

Turn ended!

Turn 12 started!

Mememaker

Aile Strike Gundam deployed

Linked pilot: Kira Yamato on unit Aile Strike Gundam

Selecting target for Aile Strike Gundam

Kiraya

Gundam Gusion Rebake returned to hand

Battle initiated

Mememaker

Battle declared: Aile Strike Gundam against Gundam Gusion Rebake

Selecting target for Kira Yamato

Kira Yamato: Modifier applied to: Gundam Gusion Rebake

Kiraya

No blockers available

Action step

Kiraya

Passed

Mememaker

Passed

Battle started: Aile Strike Gundam against Gundam Gusion Rebake

Kiraya

Gundam Gusion Rebake received 6 damage, now destroyed

Mememaker

Aile Strike Gundam received 1 damage, leaving 4 HP remaining

Battle ended

Turn end phase started

Kiraya

Passed

Mememaker

Passed

Turn ended!

Turn 13 started!

Kiraya

Gundam Barbatos Lupus deployed

Activated: Gundam Barbatos Lupus

Hyakuren, Hyakuren and Gundam Gusion Rebake exiled from the game

Selecting target for Gundam Barbatos Lupus

Gundam Barbatos Lupus: Dealt 2 damage to Aile Strike Gundam, leaving 2 HP remaining

Activated: Gundam Barbatos Lupus

Gundam Gusion Rebake, Hyakuren and Gundam Barbatos 1st Form exiled from the game

Selecting target for Gundam Barbatos Lupus

Gundam Barbatos Lupus: Dealt 2 damage to Aile Strike Gundam, now destroyed

Turn end phase started

Mememaker

Passed

Kiraya

Passed

Turn ended!

Turn 14 started!

Mememaker

V-Dash Gundam deployed

Zoloat (League Militaire) deployed

Replaced Reineforce Jr. base: Reineforce Jr.

Shield card added to hand

Parts deployed

Activated: V-Dash Gundam

Rested unit: Parts

Selecting target for V-Dash Gundam

Rested unit: Graze Custom

Battle initiated

Mememaker

Battle declared: Victory Gundam against Graze Custom

Victory Gundam: Draw a card

Kiraya

No blockers available

Action step

Kiraya

Passed

Mememaker

Passed

Battle started: Victory Gundam against Graze Custom

Kiraya

Graze Custom received 3 damage, now destroyed

Mememaker

Victory Gundam received 2 damage, leaving 2 HP remaining

Battle ended

Turn end phase started

Kiraya

Passed

Mememaker

Passed

Turn ended!

Turn 15 started!

Kiraya

Gundam Barbatos 1st Form deployed

Gundam Gusion Rebake deployed

Selecting target for Gundam Gusion Rebake

Gundam Gusion Rebake: Dealt 1 damage to: Gundam Barbatos 1st Form and Parts

Ryusei-Go (Graze Custom Ⅱ) deployed

Selecting target for Ryusei-Go (Graze Custom Ⅱ)

Ryusei-Go (Graze Custom Ⅱ): Dealt 1 damage to Ryusei-Go (Graze Custom Ⅱ), leaving 1 HP remaining

Ryusei-Go (Graze Custom Ⅱ): Draw a card

Selecting target for Ryusei-Go (Graze Custom Ⅱ)

Shiden Custom (Ryusei-Go) discarded

Battle initiated

Kiraya

Battle declared: Gundam Barbatos Lupus against Enemy Player

Mememaker

Assigned Zoloat (League Militaire) to block

Action step

Mememaker

Passed

Kiraya

Passed

Battle started: Gundam Barbatos Lupus against Zoloat (League Militaire)

Mememaker

Zoloat (League Militaire) received 5 damage, now destroyed

Kiraya

Gundam Barbatos Lupus received 3 damage, leaving 2 HP remaining

Battle ended

Turn end phase started

Mememaker

Passed

Kiraya

Passed

Turn ended!

Turn 16 started!

Mememaker

Strike Freedom Gundam deployed

Selecting target for Strike Freedom Gundam

Strike Freedom Gundam: Modifier applied to: Victory Gundam

Strike Freedom Gundam: Modifier applied to: V-Dash Gundam

Strike Freedom Gundam: chose Victory Gundam and V-Dash Gundam

Linked pilot: Kira Yamato on unit Strike Freedom Gundam

Kira Yamato: Draw a card

Battle initiated

Mememaker

Battle declared: Victory Gundam against Enemy Player

Kiraya

Assigned Gundam Gusion Rebake to block

Action step

Kiraya

Passed

Mememaker

Passed

Battle started: Victory Gundam against Gundam Gusion Rebake

Kiraya

Gundam Gusion Rebake received 3 damage, leaving 2 HP remaining

Mememaker

Victory Gundam received 3 damage, now destroyed

Battle ended

Battle initiated

Mememaker

Battle declared: V-Dash Gundam against Gundam Barbatos Lupus

Kiraya

No blockers available

Action step

Kiraya

Passed

Mememaker

Passed

Battle started: V-Dash Gundam against Gundam Barbatos Lupus

Kiraya

Gundam Barbatos Lupus received 4 damage, now destroyed

Mememaker

V-Dash Gundam received 5 damage, now destroyed

Kiraya

Breach 3: : Isaribi received 3 damage, leaving 2 HP remaining

Mememaker

Strike Freedom Gundam: Draw a card

Battle ended

Battle initiated

Mememaker

Battle declared: Strike Freedom Gundam against Gundam Gusion Rebake

Selecting target for Strike Freedom Gundam

Victory Gundam and Strike Rouge (Ootori) discarded

Selecting target for Strike Freedom Gundam

Kiraya

Gundam Barbatos 1st Form returned to deck

No blockers available

Action step

Kiraya

Passed

Mememaker

Passed

Battle started: Strike Freedom Gundam against Gundam Gusion Rebake

Kiraya

Gundam Gusion Rebake received 7 damage, now destroyed

Mememaker

Strike Freedom Gundam received 3 damage, leaving 5 HP remaining

Battle ended

Mememaker

Played command: Overflowing Affection

Overflowing Affection: Draw 2 cards

Selecting target for Overflowing Affection

Zoloat (League Militaire) discarded

Turn end phase started

Kiraya

Passed

Mememaker

Passed

Turn ended!

Turn 17 started!

Kiraya

Shiden Custom (Ryusei-Go) deployed

Linked pilot: Mikazuki Augus on unit Shiden Custom (Ryusei-Go)

Selecting target for Mikazuki Augus

Mikazuki Augus: Dealt 1 damage to: Shiden Custom (Ryusei-Go) and Strike Freedom Gundam

Activated: Isaribi

Rested base: Isaribi

Isaribi: Modifier applied to: Ryusei-Go (Graze Custom Ⅱ)

Battle initiated

Kiraya

Battle declared: Ryusei-Go (Graze Custom Ⅱ) against Strike Freedom Gundam

Mememaker

No blockers available

Action step

Mememaker

Passed

Kiraya

Passed

Battle started: Ryusei-Go (Graze Custom Ⅱ) against Strike Freedom Gundam

Mememaker

Strike Freedom Gundam received 4 damage, now destroyed

Kiraya

Ryusei-Go (Graze Custom Ⅱ) received 7 damage, now destroyed

Battle ended

Battle initiated

Kiraya

Battle declared: Shiden Custom (Ryusei-Go) against Enemy Player

Mememaker

No blockers available

Action step

Mememaker

Passed

Kiraya

Passed

Battle started: Shiden Custom (Ryusei-Go) against Reineforce Jr.

Mememaker

Reineforce Jr. received 6 damage, now destroyed

Battle ended

Turn end phase started

Mememaker

Passed

Kiraya

Passed

Turn ended!

Turn 18 started!

Mememaker

V-Dash Gundam deployed

Played base: Reineforce Jr.

Shield card added to hand

Parts deployed

Aile Strike Gundam deployed

Turn end phase started

Kiraya

Passed

Mememaker

Passed

Turn ended!

Turn 19 started!

Kiraya

Gundam Barbatos Lupus deployed

Battle initiated

Kiraya

Battle declared: Shiden Custom (Ryusei-Go) against Enemy Player

Mememaker

Assigned Aile Strike Gundam to block

Action step

Mememaker

Passed

Kiraya

Passed

Battle started: Shiden Custom (Ryusei-Go) against Aile Strike Gundam

Mememaker

Aile Strike Gundam received 6 damage, now destroyed

Kiraya

Shiden Custom (Ryusei-Go) received 4 damage, now destroyed

Battle ended

Kiraya

Paired pilot: Zeheart Galette on unit Gundam Barbatos Lupus

Zeheart Galette milled 2: Zeheart Galette and Isaribi moved to trash

Selecting target for Zeheart Galette

Zeheart Galette: Modifier applied to: V-Dash Gundam

Activated: Gundam Barbatos Lupus

Graze Custom, Ryusei-Go (Graze Custom Ⅱ) and Shiden Custom (Ryusei-Go) exiled from the game

Selecting target for Gundam Barbatos Lupus

Gundam Barbatos Lupus: Dealt 2 damage to Parts, now destroyed

Turn end phase started

Mememaker

Passed

Kiraya

Passed

Turn ended!

Turn 20 started!

Mememaker

Strike Freedom Gundam deployed

Selecting target for Strike Freedom Gundam

Strike Freedom Gundam: Modifier applied to: V-Dash Gundam

Strike Freedom Gundam: Modifier applied to: Strike Freedom Gundam

Strike Freedom Gundam: chose V-Dash Gundam and Strike Freedom Gundam

Battle initiated

Mememaker

Battle declared: V-Dash Gundam against Enemy Player

Kiraya

No blockers available

Action step

Kiraya

Passed

Mememaker

Passed

Battle started: V-Dash Gundam against Isaribi

Kiraya

Isaribi received 4 damage, now destroyed

Mememaker

Strike Freedom Gundam: Draw a card

Battle ended

Mememaker

Linked pilot: Kira Yamato on unit Strike Freedom Gundam

Battle initiated

Mememaker

Battle declared: Strike Freedom Gundam against Enemy Player

Selecting target for Strike Freedom Gundam

Aile Strike Gundam and Victory Gundam discarded

Selecting target for Strike Freedom Gundam

Kiraya

Gundam Barbatos Lupus and Zeheart Galette returned to deck

Mememaker

No targets for Kira Yamato

Kiraya

No blockers available

Action step

Kiraya

Passed

Mememaker

Passed

Battle started: Strike Freedom Gundam against Enemy Shield

Kiraya

Shield card: Graze Custom revealed and discarded

Mememaker

Strike Freedom Gundam: Draw a card

Battle ended

Mememaker

Strike Rouge (Ootori) deployed

Turn end phase started

Kiraya

Passed

Mememaker

Passed

Turn ended!

Turn 21 started!

Turn end phase started

Mememaker

Passed

Kiraya

Passed

Turn ended!

Turn 22 started!

Mememaker

Victory Gundam deployed

Linked pilot: Üso Ewin on unit Victory Gundam

Parts deployed

Battle initiated

Mememaker

Battle declared: Victory Gundam against Enemy Player

Victory Gundam: Draw a card

Kiraya

No blockers available

Action step

Kiraya

Passed

Mememaker

Passed

Battle started: Victory Gundam against Enemy Shield

Kiraya

Shield card: Ryusei-Go (Graze Custom Ⅱ) revealed and discarded

Battle ended

Mememaker

Strike Freedom Gundam deployed

Selecting target for Strike Freedom Gundam

Strike Freedom Gundam: Modifier applied to: V-Dash Gundam

Strike Freedom Gundam: Modifier applied to: Strike Freedom Gundam

Strike Freedom Gundam: chose V-Dash Gundam and Strike Freedom Gundam

Battle initiated

Mememaker

Battle declared: V-Dash Gundam against Enemy Player

Kiraya

No blockers available

Action step

Kiraya

Passed

Mememaker

Passed

Battle started: V-Dash Gundam against Enemy Shield

Kiraya

Shield card: Mikazuki Augus revealed

Shield card added to hand: Mikazuki Augus

Mememaker

Strike Freedom Gundam: Draw a card

Battle ended

Battle initiated

Mememaker

Battle declared: Strike Freedom Gundam against Enemy Player

No targets for Kira Yamato

Kiraya

No blockers available

Action step

Kiraya

Passed

Mememaker

Passed

Battle started: Strike Freedom Gundam against Enemy Shield

Kiraya

Shield card: Zeheart Galette revealed

Shield card added to hand: Zeheart Galette

Mememaker

Strike Freedom Gundam: Draw a card

Battle ended

Turn end phase started

Kiraya

Passed

Mememaker

Passed

Turn ended!

Turn 23 started!

Kiraya

Gundam Barbatos Lupus deployed

Played command: Airframe Seizure

Selecting target for Airframe Seizure

Zeheart Galette discarded

Airframe Seizure: Draw 2 cards

Gundam Barbatos 1st Form deployed

Linked pilot: Mikazuki Augus on unit Gundam Barbatos 1st Form

Selecting target for Mikazuki Augus

Mikazuki Augus: Dealt 1 damage to: Gundam Barbatos 1st Form and Parts

Activated: Gundam Barbatos Lupus

Gundam Barbatos Lupus, Graze Custom and Ryusei-Go (Graze Custom Ⅱ) exiled from the game

Selecting target for Gundam Barbatos Lupus

Gundam Barbatos Lupus: Dealt 2 damage to Strike Rouge (Ootori), leaving 2 HP remaining

Battle initiated

Kiraya

Battle declared: Gundam Barbatos 1st Form against Victory Gundam

Gundam Barbatos 1st Form: Draw a card

Mememaker

Assigned Strike Rouge (Ootori) to block

Action step

Mememaker

Passed

Kiraya

Passed

Battle started: Gundam Barbatos 1st Form against Strike Rouge (Ootori)

Mememaker

Strike Rouge (Ootori) received 5 damage, now destroyed

Kiraya

Gundam Barbatos 1st Form received 3 damage, now destroyed

Battle ended

Kiraya

Activated: Gundam Barbatos Lupus

Shiden Custom (Ryusei-Go), Gundam Gusion Rebake and Gundam Barbatos 1st Form exiled from the game

Selecting target for Gundam Barbatos Lupus

Gundam Barbatos Lupus: Dealt 2 damage to V-Dash Gundam, leaving 3 HP remaining

Turn end phase started

Mememaker

Passed

Kiraya

Passed

Turn ended!

Turn 24 started!

Mememaker

Winner!

Game ended!