Mobile Suit Arena - Battle logs
Game started!

Kiraya

Choose to play second

Virric

Choose to mulligan starting hand

Kiraya

Choose to mulligan starting hand

Turn 1 started!

Turn end phase started

Kiraya

Passed

Virric

Passed

Turn ended!

Turn 2 started!

Kiraya

Gundam Exia Repair deployed

Turn end phase started

Virric

Passed

Kiraya

Passed

Turn ended!

Turn 3 started!

Virric

Zaku Ⅱ deployed

Turn end phase started

Kiraya

Passed

Virric

Passed

Turn ended!

Turn 4 started!

Kiraya

Hyakuren deployed

Turn end phase started

Virric

Passed

Kiraya

Passed

Turn ended!

Turn 5 started!

Battle initiated

Virric

Battle declared: Zaku Ⅱ against Enemy Player

Zaku Ⅱ: Modifier applied to: Zaku Ⅱ

Kiraya

No blockers available

Action step

Kiraya

Passed

Virric

Passed

Battle started: Zaku Ⅱ against EX Base

Kiraya

EX Base received 3 damage, now destroyed

Battle ended

Virric

Char's Zaku Ⅱ deployed

Turn end phase started

Kiraya

Passed

Virric

Passed

Turn ended!

Turn 6 started!

Kiraya

Played action: Darkness Finger

Darkness Finger: Dealt 2 damage to Char's Zaku Ⅱ, now destroyed

Virric

Selecting target for Char's Zaku Ⅱ

Card added to hand: Char's Zaku Ⅱ

Kiraya

Played action: Darkness Finger

Darkness Finger: Dealt 2 damage to Zaku Ⅱ, now destroyed

Battle initiated

Kiraya

Battle declared: Hyakuren against Enemy Player

Virric

No blockers available

Action step

Virric

Passed

Kiraya

Passed

Battle started: Hyakuren against EX Base

Virric

EX Base received 4 damage, now destroyed

Battle ended

Battle initiated

Kiraya

Battle declared: Gundam Exia Repair against Enemy Player

Virric

No blockers available

Action step

Virric

Passed

Kiraya

Passed

Battle started: Gundam Exia Repair against Enemy Shield

Virric

Shield card: Gundam Barbatos 1st Form revealed and discarded

Battle ended

Kiraya

Gundam Exia Repair deployed

Turn end phase started

Virric

Passed

Kiraya

Passed

Turn ended!

Turn 7 started!

Virric

Gundam Barbatos Adapt deployed

Selecting target for Gundam Barbatos Adapt

Gundam Barbatos Adapt: Dealt 1 damage to: Gundam Barbatos Adapt and Gundam Exia Repair

Kiraya

Gundam Exia Repair milled 2: Gundam Barbatos Adapt and Gundam Barbatos Lupus Rex moved to trash

Virric

Gundam Barbatos Adapt deployed

Selecting target for Gundam Barbatos Adapt

Gundam Barbatos Adapt: Dealt 1 damage to: Gundam Barbatos Adapt and Gundam Exia Repair

Kiraya

Gundam Exia Repair milled 2: Hyakuren and Graze Custom moved to trash

Turn end phase started

Kiraya

Passed

Virric

Passed

Turn ended!

Turn 8 started!

Battle initiated

Kiraya

Battle declared: Hyakuren against Enemy Player

Virric

No blockers available

Action step

Virric

Passed

Kiraya

Passed

Battle started: Hyakuren against Enemy Shield

Virric

Shield card: Zeong revealed and discarded

Battle ended

Kiraya

Played base: Isaribi

Shield card added to hand

Gundam Barbatos Adapt deployed

Selecting target for Gundam Barbatos Adapt

Gundam Barbatos Adapt: Dealt 1 damage to: Gundam Barbatos Adapt and Gundam Barbatos Adapt

Linked pilot: Mikazuki Augus on unit Gundam Barbatos Adapt

Selecting target for Mikazuki Augus

Mikazuki Augus: Dealt 1 damage to: Gundam Barbatos Adapt and Gundam Barbatos Adapt

Battle initiated

Kiraya

Battle declared: Gundam Barbatos Adapt against Enemy Player

Virric

No blockers available

Action step

Virric

Passed

Kiraya

Passed

Battle started: Gundam Barbatos Adapt against Enemy Shield

Virric

Shield card: Hobby Hizack revealed and discarded

Battle ended

Turn end phase started

Virric

Passed

Kiraya

Passed

Turn ended!

Turn 9 started!

Battle initiated

Virric

Battle declared: Gundam Barbatos Adapt against Gundam Barbatos Adapt

Kiraya

No blockers available

Action step

Kiraya

Passed

Virric

Passed

Battle started: Gundam Barbatos Adapt against Gundam Barbatos Adapt

Kiraya

Gundam Barbatos Adapt received 2 damage, leaving 1 HP remaining

Virric

Gundam Barbatos Adapt received 4 damage, now destroyed

Battle ended

Virric

Gundam Barbatos Adapt deployed

Selecting target for Gundam Barbatos Adapt

Gundam Barbatos Adapt: Dealt 1 damage to: Gundam Barbatos Adapt and Gundam Barbatos Adapt

Linked pilot: Mikazuki Augus on unit Gundam Barbatos Adapt

Selecting target for Mikazuki Augus

Mikazuki Augus: Dealt 1 damage to: Gundam Barbatos Adapt and Hyakuren

Battle initiated

Virric

Battle declared: Gundam Barbatos Adapt against Hyakuren

Kiraya

No blockers available

Action step

Kiraya

Passed

Virric

Passed

Battle started: Gundam Barbatos Adapt against Hyakuren

Kiraya

Hyakuren received 2 damage, now destroyed

Virric

Gundam Barbatos Adapt received 4 damage, now destroyed

Battle ended

Battle initiated

Virric

Battle declared: Gundam Barbatos Adapt against Enemy Player

Kiraya

No blockers available

Action step

Kiraya

Passed

Virric

Passed

Battle started: Gundam Barbatos Adapt against Isaribi

Kiraya

Isaribi received 4 damage, leaving 1 HP remaining

Battle ended

Virric

Char's Zaku Ⅱ deployed

Turn end phase started

Kiraya

Passed

Virric

Passed

Turn ended!

Turn 10 started!

Kiraya

Graze Custom deployed

Replaced Isaribi base: Isaribi

Shield card added to hand

Turn end phase started

Virric

Passed

Kiraya

Passed

Turn ended!

Turn 11 started!

Virric

Zeong deployed

Linked pilot: Char Aznable on unit Zeong

Selecting target for Char Aznable

Wire-Guided Arm deployed

Wire-Guided Arm deployed

Battle initiated

Virric

Battle declared: Zeong against Enemy Player

Kiraya

No blockers available

Action step

Kiraya

Passed

Virric

Passed

Battle started: Zeong against Isaribi

Kiraya

Isaribi received 6 damage, now destroyed

Battle ended

Battle initiated

Virric

Battle declared: Char's Zaku Ⅱ against Enemy Player

Kiraya

No blockers available

Action step

Kiraya

Passed

Virric

Passed

Battle started: Char's Zaku Ⅱ against Enemy Shield

Kiraya

Shield card: Zeheart Galette revealed

Shield card added to hand: Zeheart Galette

Battle ended

Battle initiated

Virric

Battle declared: Gundam Barbatos Adapt against Enemy Player

Kiraya

No blockers available

Action step

Kiraya

Passed

Virric

Passed

Battle started: Gundam Barbatos Adapt against Enemy Shield

Kiraya

Shield card: Mikazuki Augus revealed

Shield card added to hand: Mikazuki Augus

Battle ended

Turn end phase started

Kiraya

Passed

Virric

Passed

Turn ended!

Turn 12 started!

Kiraya

Played base: Isaribi

Shield card added to hand

Gundam Barbatos Lupus deployed

Activated: Gundam Barbatos Lupus

Graze Custom, Gundam Barbatos Adapt and Hyakuren exiled from the game

Selecting target for Gundam Barbatos Lupus

Gundam Barbatos Lupus: Dealt 2 damage to Char's Zaku Ⅱ, now destroyed

Virric

Selecting target for Char's Zaku Ⅱ

Battle initiated

Kiraya

Battle declared: Graze Custom against Gundam Barbatos Adapt

Virric

No blockers available

Action step

Virric

Passed

Kiraya

Passed

Battle started: Graze Custom against Gundam Barbatos Adapt

Virric

Gundam Barbatos Adapt received 2 damage, leaving 2 HP remaining

Kiraya

Graze Custom received 4 damage, now destroyed

Battle ended

Kiraya

Activated: Gundam Barbatos Lupus

Gundam Barbatos Adapt, Gundam Barbatos Lupus Rex and Graze Custom exiled from the game

Selecting target for Gundam Barbatos Lupus

Gundam Barbatos Lupus: Dealt 2 damage to Gundam Barbatos Adapt, now destroyed

Turn end phase started

Virric

Passed

Kiraya

Passed

Turn ended!

Turn 13 started!

Battle initiated

Virric

Battle declared: Zeong against Enemy Player

Kiraya

No blockers available

Action step

Kiraya

Passed

Virric

Passed

Battle started: Zeong against Isaribi

Kiraya

Isaribi received 6 damage, now destroyed

Battle ended

Battle initiated

Virric

Battle declared: Wire-Guided Arm against Enemy Player

Kiraya

No blockers available

Action step

Kiraya

Passed

Virric

Passed

Battle started: Wire-Guided Arm against Enemy Shield

Kiraya

Shield card: Gundam Barbatos 1st Form revealed and discarded

Battle ended

Battle initiated

Virric

Battle declared: Wire-Guided Arm against Enemy Player

Kiraya

No blockers available

Action step

Kiraya

Passed

Virric

Passed

Battle started: Wire-Guided Arm against Enemy Player

Kiraya

No more shields available, game is over!

Virric

Winner!

Game ended!