Mobile Suit Arena - Battle logs
Game started!

kirael

Choose to play second

Kiraya

Choose to mulligan starting hand

kirael

Choose to keep starting hand

Turn 1 started!

Turn end phase started

kirael

Passed

Kiraya

Passed

Turn ended!

Turn 2 started!

kirael

Played command: Overflowing Affection

Overflowing Affection: Draw 2 cards

Selecting target for Overflowing Affection

Peacemillion discarded

Turn end phase started

Kiraya

Passed

kirael

Passed

Turn ended!

Turn 3 started!

Kiraya

Graze Custom deployed

Graze Custom deployed

Turn end phase started

kirael

Passed

Kiraya

Passed

Turn ended!

Turn 4 started!

Turn end phase started

Kiraya

Passed

kirael

Passed

Turn ended!

Turn 5 started!

Kiraya

Hyakuren deployed

Battle initiated

Kiraya

Battle declared: Graze Custom against Enemy Player

kirael

No blockers available

Action step

kirael

Passed

Kiraya

Passed

Battle started: Graze Custom against EX Base

kirael

EX Base received 2 damage, leaving 1 HP remaining

Battle ended

Battle initiated

Kiraya

Battle declared: Graze Custom against Enemy Player

kirael

No blockers available

Action step

kirael

Passed

Kiraya

Passed

Battle started: Graze Custom against EX Base

kirael

EX Base received 2 damage, now destroyed

Battle ended

Turn end phase started

kirael

Passed

Kiraya

Passed

Turn ended!

Turn 6 started!

kirael

Wing Gundam (Bird Mode) deployed

Placed 1 Resource EX

Turn end phase started

Kiraya

Passed

kirael

Passed

Turn ended!

Turn 7 started!

Battle initiated

Kiraya

Battle declared: Graze Custom against Enemy Player

kirael

No blockers available

Action step

kirael

Passed

Kiraya

Passed

Battle started: Graze Custom against Enemy Shield

kirael

Shield card: Zowort revealed and discarded

Battle ended

Battle initiated

Kiraya

Battle declared: Graze Custom against Enemy Player

kirael

No blockers available

Action step

kirael

Passed

Kiraya

Passed

Battle started: Graze Custom against Enemy Shield

kirael

Shield card: Sword Strike Gundam revealed and discarded

Battle ended

Battle initiated

Kiraya

Battle declared: Hyakuren against Enemy Player

kirael

No blockers available

Action step

kirael

Passed

Kiraya

Passed

Battle started: Hyakuren against Enemy Shield

kirael

Shield card: Graceful Demeanor revealed

Shield card: Graceful Demeanor moved to trash

Selecting target for Graceful Demeanor

Kiraya

Graze Custom and Hyakuren returned to hand

Battle ended

Kiraya

Hyakuren deployed

Graze Custom deployed

Turn end phase started

kirael

Passed

Kiraya

Passed

Turn ended!

Turn 8 started!

kirael

Wing Gundam deployed

Linked pilot: Heero Yuy on unit Wing Gundam

Battle initiated

kirael

Battle declared: Wing Gundam against Hyakuren

Kiraya

No blockers available

Action step

Kiraya

Passed

kirael

Passed

Battle started: Wing Gundam against Hyakuren

Kiraya

Hyakuren received 7 damage, now destroyed

kirael

Wing Gundam received 4 damage, leaving 3 HP remaining

Kiraya

Breach 5: : EX Base received 5 damage, now destroyed

Battle ended

Battle initiated

kirael

Battle declared: Wing Gundam (Bird Mode) against Graze Custom

Kiraya

No blockers available

Action step

Kiraya

Passed

kirael

Passed

Battle started: Wing Gundam (Bird Mode) against Graze Custom

Kiraya

Graze Custom received 2 damage, now destroyed

kirael

Wing Gundam (Bird Mode) received 2 damage, now destroyed

Battle ended

Turn end phase started

Kiraya

Passed

kirael

Passed

Turn ended!

Turn 9 started!

Kiraya

Played base: Isaribi

Shield card added to hand

Gundam Barbatos Adapt deployed

Selecting target for Gundam Barbatos Adapt

Gundam Barbatos Adapt: Dealt 1 damage to: Graze Custom and Wing Gundam

Activated: Isaribi

Rested base: Isaribi

Isaribi: Modifier applied to: Graze Custom

Battle initiated

Kiraya

Battle declared: Graze Custom against Wing Gundam

kirael

No blockers available

Action step

kirael

Passed

Kiraya

Passed

Battle started: Graze Custom against Wing Gundam

kirael

Wing Gundam received 4 damage, now destroyed

Kiraya

Graze Custom received 7 damage, now destroyed

Battle ended

Kiraya

Hyakuren deployed

Turn end phase started

kirael

Passed

Kiraya

Passed

Turn ended!

Turn 10 started!

kirael

Wing Gundam deployed

Linked pilot: Heero Yuy on unit Wing Gundam

Battle initiated

kirael

Battle declared: Wing Gundam against Gundam Barbatos Adapt

Kiraya

No blockers available

Action step

Kiraya

Passed

kirael

Passed

Battle started: Wing Gundam against Gundam Barbatos Adapt

Kiraya

Gundam Barbatos Adapt received 7 damage, now destroyed

kirael

Wing Gundam received 2 damage, leaving 5 HP remaining

Kiraya

Breach 5: : Isaribi received 5 damage, now destroyed

Battle ended

Turn end phase started

Kiraya

Passed

kirael

Passed

Turn ended!

Turn 11 started!

Kiraya

Gundam Gusion Rebake deployed

Selecting target for Gundam Gusion Rebake

Gundam Gusion Rebake: Dealt 1 damage to: Hyakuren and Wing Gundam

Battle initiated

Kiraya

Battle declared: Hyakuren against Wing Gundam

kirael

No blockers available

Action step

kirael

Passed

Kiraya

Passed

Battle started: Hyakuren against Wing Gundam

kirael

Wing Gundam received 4 damage, now destroyed

Kiraya

Hyakuren received 7 damage, now destroyed

Battle ended

Kiraya

Gundam Barbatos 1st Form deployed

Turn end phase started

kirael

Passed

Kiraya

Passed

Turn ended!

Turn 12 started!

kirael

Aile Strike Gundam deployed

Rick Dias deployed

Paired pilot: Heero Yuy on unit Aile Strike Gundam

Selecting target for Aile Strike Gundam

Kiraya

Gundam Barbatos 1st Form returned to hand

Turn end phase started

Kiraya

Passed

kirael

Passed

Turn ended!

Turn 13 started!

Kiraya

Gundam Barbatos 1st Form deployed

Gundam Barbatos Adapt deployed

Selecting target for Gundam Barbatos Adapt

Gundam Barbatos Adapt: Dealt 1 damage to: Gundam Barbatos 1st Form and Aile Strike Gundam

Shiden Custom (Ryusei-Go) deployed

Turn end phase started

kirael

Passed

Kiraya

Passed

Turn ended!

Turn 14 started!

kirael

Wing Gundam Zero (EW) deployed

Linked pilot: Heero Yuy on unit Wing Gundam Zero (EW)

Battle initiated

kirael

Battle declared: Wing Gundam Zero (EW) against Enemy Player

Selecting target for Wing Gundam Zero (EW)

Rested unit: Gundam Barbatos 1st Form

Kiraya

Assigned no blocker

Action step

Kiraya

Passed

kirael

Passed

Battle started: Wing Gundam Zero (EW) against Enemy Shield

Kiraya

Shield cards: Gundam Barbatos Lupus and Gundam Exia Repair revealed and discarded

kirael

Selecting target for Heero Yuy

Heero Yuy: Modifier applied to: Gundam Barbatos 1st Form

Battle ended

Battle initiated

kirael

Battle declared: Rick Dias against Gundam Barbatos 1st Form

Kiraya

Assigned Gundam Gusion Rebake to block

Action step

Kiraya

Passed

kirael

Passed

Battle started: Rick Dias against Gundam Gusion Rebake

Kiraya

Gundam Gusion Rebake received 3 damage, leaving 2 HP remaining

kirael

Rick Dias received 3 damage, now destroyed

Battle ended

Battle initiated

kirael

Battle declared: Aile Strike Gundam against Gundam Gusion Rebake

Kiraya

Assigned Shiden Custom (Ryusei-Go) to block

Action step

Kiraya

Passed

kirael

Passed

Battle started: Aile Strike Gundam against Shiden Custom (Ryusei-Go)

Kiraya

Shiden Custom (Ryusei-Go) received 6 damage, now destroyed

kirael

Aile Strike Gundam received 4 damage, now destroyed

Battle ended

Turn end phase started

Kiraya

Passed

kirael

Passed

Turn ended!

Turn 15 started!

Kiraya

Paired pilot: Zeheart Galette on unit Gundam Barbatos 1st Form

Zeheart Galette milled 2: Gundam Barbatos Lupus and Airframe Seizure moved to trash

Battle initiated

Kiraya

Battle declared: Gundam Barbatos 1st Form against Wing Gundam Zero (EW)

Gundam Barbatos 1st Form: Draw a card

kirael

No blockers available

Action step

kirael

Passed

Kiraya

Passed

Battle started: Gundam Barbatos 1st Form against Wing Gundam Zero (EW)

kirael

Wing Gundam Zero (EW) received 5 damage, now destroyed

Kiraya

Gundam Barbatos 1st Form received 7 damage, now destroyed

Battle ended

Battle initiated

Kiraya

Battle declared: Gundam Barbatos Adapt against Enemy Player

kirael

No blockers available

Action step

kirael

Passed

Kiraya

Passed

Battle started: Gundam Barbatos Adapt against Enemy Shield

kirael

Shield card: Wing Gundam (Bird Mode) revealed and discarded

Battle ended

Battle initiated

Kiraya

Battle declared: Gundam Gusion Rebake against Enemy Player

kirael

No blockers available

Action step

kirael

Passed

Kiraya

Passed

Battle started: Gundam Gusion Rebake against Enemy Shield

kirael

Shield card: Wing Gundam revealed and discarded

Battle ended

Kiraya

Shiden Custom (Ryusei-Go) deployed

Gundam Barbatos 1st Form deployed

Graze Custom deployed

Paired pilot: Zeheart Galette on unit Shiden Custom (Ryusei-Go)

Zeheart Galette milled 2: Mikazuki Augus and Gundam Gusion Rebake moved to trash

Turn end phase started

kirael

Passed

Kiraya

Passed

Turn ended!

Turn 16 started!

Kiraya

Winner!

Game ended!