Mobile Suit Arena - Battle logs
Game started!

Ygnaii

Choose to play second

Choose to mulligan starting hand

Kiraya

Choose to keep starting hand

Turn 1 started!

Turn end phase started

Ygnaii

Passed

Kiraya

Passed

Turn ended!

Turn 2 started!

Ygnaii

Guntank deployed

No targets for Guntank

Turn end phase started

Kiraya

Passed

Ygnaii

Passed

Turn ended!

Turn 3 started!

Kiraya

Gundam Exia Repair deployed

Turn end phase started

Ygnaii

Passed

Kiraya

Passed

Turn ended!

Turn 4 started!

Ygnaii

Rick Dom deployed

Battle initiated

Ygnaii

Battle declared: Guntank against Enemy Player

Kiraya

No blockers available

Action step

Kiraya

Passed

Ygnaii

Passed

Battle started: Guntank against EX Base

Kiraya

EX Base received 1 damage, leaving 2 HP remaining

Battle ended

Turn end phase started

Kiraya

Passed

Ygnaii

Passed

Turn ended!

Turn 5 started!

Kiraya

Hyakuren deployed

Turn end phase started

Ygnaii

Passed

Kiraya

Passed

Turn ended!

Turn 6 started!

Ygnaii

Char's Zaku Ⅱ deployed

Linked pilot: Char Aznable on unit Char's Zaku Ⅱ

Battle initiated

Ygnaii

Battle declared: Char's Zaku Ⅱ against Enemy Player

Char Aznable: Modifier applied to: Char's Zaku Ⅱ

Kiraya

Can't block High-maneuver

Action step

Kiraya

Passed

Ygnaii

Passed

Battle started: Char's Zaku Ⅱ against EX Base

Kiraya

EX Base received 5 damage, now destroyed

Battle ended

Battle initiated

Ygnaii

Battle declared: Guntank against Enemy Player

Kiraya

No blockers available

Action step

Kiraya

Passed

Ygnaii

Passed

Battle started: Guntank against Enemy Shield

Kiraya

Shield card: Isaribi revealed

Played base: Isaribi

Shield card added to hand

Battle ended

Turn end phase started

Kiraya

Passed

Ygnaii

Passed

Turn ended!

Turn 7 started!

Kiraya

Gundam Barbatos Adapt deployed

Selecting target for Gundam Barbatos Adapt

Gundam Barbatos Adapt: Dealt 1 damage to: Hyakuren and Char's Zaku Ⅱ

Battle initiated

Kiraya

Battle declared: Gundam Exia Repair against Char's Zaku Ⅱ

Ygnaii

No blockers available

Action step

Ygnaii

Passed

Kiraya

Passed

Battle started: Gundam Exia Repair against Char's Zaku Ⅱ

Ygnaii

Char's Zaku Ⅱ received 2 damage, now destroyed

Kiraya

Gundam Exia Repair received 4 damage, now destroyed

Gundam Exia Repair milled 2: Hyakuren and Airframe Seizure moved to trash

Ygnaii

Char's Zaku Ⅱ deployed

Battle ended

Battle initiated

Kiraya

Battle declared: Hyakuren against Guntank

Ygnaii

No blockers available

Action step

Ygnaii

Passed

Kiraya

Passed

Battle started: Hyakuren against Guntank

Ygnaii

Guntank received 4 damage, now destroyed

Kiraya

Hyakuren received 1 damage, leaving 1 HP remaining

Battle ended

Kiraya

Linked pilot: Mikazuki Augus on unit Gundam Barbatos Adapt

Selecting target for Mikazuki Augus

Mikazuki Augus: Dealt 1 damage to: Gundam Barbatos Adapt and Char's Zaku Ⅱ

Battle initiated

Kiraya

Battle declared: Gundam Barbatos Adapt against Enemy Player

Ygnaii

No blockers available

Action step

Ygnaii

Passed

Kiraya

Passed

Battle started: Gundam Barbatos Adapt against EX Base

Ygnaii

EX Base received 4 damage, now destroyed

Battle ended

Turn end phase started

Ygnaii

Passed

Kiraya

Passed

Turn ended!

Turn 8 started!

Ygnaii

Gundam deployed

Linked pilot: Amuro Ray on unit Gundam

Battle initiated

Ygnaii

Battle declared: Gundam against Gundam Barbatos Adapt

Kiraya

No blockers available

Action step

Kiraya

Passed

Ygnaii

Passed

Battle started: Gundam against Gundam Barbatos Adapt

Kiraya

Gundam Barbatos Adapt received 6 damage, now destroyed

Ygnaii

Gundam received 4 damage, leaving 2 HP remaining

Healed 2 damage to: Gundam

Battle ended

Ygnaii

Zaku Ⅱ deployed

Turn end phase started

Kiraya

Passed

Ygnaii

Passed

Gundam repaired 2 from [Repair 2]

Turn ended!

Turn 9 started!

Kiraya

Activated: Isaribi

Rested base: Isaribi

Isaribi: Modifier applied to: Hyakuren

Battle initiated

Kiraya

Battle declared: Hyakuren against Gundam

Ygnaii

No blockers available

Action step

Ygnaii

Passed

Kiraya

Passed

Battle started: Hyakuren against Gundam

Ygnaii

Gundam received 6 damage, now destroyed

Kiraya

Hyakuren received 5 damage, now destroyed

Battle ended

Kiraya

Gundam Barbatos 1st Form deployed

Ryusei-Go (Graze Custom Ⅱ) deployed

Selecting target for Ryusei-Go (Graze Custom Ⅱ)

Ryusei-Go (Graze Custom Ⅱ): Dealt 1 damage to Gundam Barbatos 1st Form, leaving 1 HP remaining

Ryusei-Go (Graze Custom Ⅱ): Draw a card

Selecting target for Ryusei-Go (Graze Custom Ⅱ)

Zeheart Galette discarded

Gundam Exia Repair deployed

Turn end phase started

Ygnaii

Passed

Kiraya

Passed

Turn ended!

Turn 10 started!

Battle initiated

Ygnaii

Battle declared: Zaku Ⅱ against Enemy Player

Zaku Ⅱ: Modifier applied to: Zaku Ⅱ

Kiraya

No blockers available

Action step

Kiraya

Passed

Ygnaii

Passed

Battle started: Zaku Ⅱ against Isaribi

Kiraya

Isaribi received 3 damage, leaving 2 HP remaining

Battle ended

Battle initiated

Ygnaii

Battle declared: Rick Dom against Enemy Player

Kiraya

No blockers available

Action step

Kiraya

Passed

Ygnaii

Passed

Battle started: Rick Dom against Isaribi

Kiraya

Isaribi received 3 damage, now destroyed

Battle ended

Ygnaii

Char's Zaku Ⅱ deployed

Gundam deployed

Turn end phase started

Kiraya

Passed

Ygnaii

Passed

Turn ended!

Turn 11 started!

Battle initiated

Kiraya

Battle declared: Gundam Exia Repair against Rick Dom

Ygnaii

No blockers available

Action step

Ygnaii

Passed

Kiraya

Passed

Battle started: Gundam Exia Repair against Rick Dom

Ygnaii

Rick Dom received 2 damage, leaving 1 HP remaining

Kiraya

Gundam Exia Repair received 3 damage, now destroyed

Gundam Exia Repair: destroyed Rick Dom

Gundam Exia Repair milled 2: Graze Custom and Darkness Finger moved to trash

Battle ended

Battle initiated

Kiraya

Battle declared: Gundam Barbatos 1st Form against Enemy Player

Gundam Barbatos 1st Form: Draw a card

Ygnaii

No blockers available

Action step

Ygnaii

Passed

Kiraya

Passed

Battle started: Gundam Barbatos 1st Form against Enemy Shield

Ygnaii

Shield card: Fortress Defense revealed and discarded

Battle ended

Battle initiated

Kiraya

Battle declared: Ryusei-Go (Graze Custom Ⅱ) against Zaku Ⅱ

Ygnaii

No blockers available

Action step

Ygnaii

Passed

Kiraya

Passed

Battle started: Ryusei-Go (Graze Custom Ⅱ) against Zaku Ⅱ

Ygnaii

Zaku Ⅱ received 2 damage, now destroyed

Kiraya

Ryusei-Go (Graze Custom Ⅱ) received 1 damage, leaving 1 HP remaining

Battle ended

Kiraya

Gundam Barbatos Adapt deployed

Selecting target for Gundam Barbatos Adapt

Gundam Barbatos Adapt: Dealt 1 damage to: Gundam Barbatos Adapt and Char's Zaku Ⅱ

Linked pilot: Mikazuki Augus on unit Gundam Barbatos Adapt

Selecting target for Mikazuki Augus

Mikazuki Augus: Dealt 1 damage to: Gundam Barbatos Adapt and Char's Zaku Ⅱ

Battle initiated

Kiraya

Battle declared: Gundam Barbatos Adapt against Enemy Player

Ygnaii

No blockers available

Action step

Ygnaii

Passed

Kiraya

Passed

Battle started: Gundam Barbatos Adapt against Enemy Shield

Ygnaii

Shield card: Char Aznable revealed

Shield card added to hand: Char Aznable

Battle ended

Turn end phase started

Ygnaii

Passed

Kiraya

Passed

Turn ended!

Turn 12 started!

Battle initiated

Ygnaii

Battle declared: Gundam against Gundam Barbatos 1st Form

Kiraya

No blockers available

Action step

Kiraya

Passed

Ygnaii

Passed

Battle started: Gundam against Gundam Barbatos 1st Form

Kiraya

Gundam Barbatos 1st Form received 3 damage, now destroyed

Ygnaii

Gundam received 3 damage, leaving 1 HP remaining

Battle ended

Ygnaii

Zeong deployed

Linked pilot: Char Aznable on unit Zeong

Wire-Guided Arm deployed

Wire-Guided Arm deployed

Battle initiated

Ygnaii

Battle declared: Zeong against Ryusei-Go (Graze Custom Ⅱ)

Char Aznable: Modifier applied to: Zeong

Kiraya

Can't block High-maneuver

Action step

Kiraya

Passed

Ygnaii

Passed

Battle started: Zeong against Ryusei-Go (Graze Custom Ⅱ)

Kiraya

Ryusei-Go (Graze Custom Ⅱ) received 6 damage, now destroyed

Ygnaii

Zeong received 2 damage, leaving 2 HP remaining

Battle ended

Turn end phase started

Kiraya

Passed

Ygnaii

Passed

Gundam repaired 2 from [Repair 2]

Turn ended!

Turn 13 started!

Kiraya

Gundam Barbatos Lupus deployed

Activated: Gundam Barbatos Lupus

Graze Custom, Gundam Barbatos 1st Form and Ryusei-Go (Graze Custom Ⅱ) exiled from the game

Selecting target for Gundam Barbatos Lupus

Gundam Barbatos Lupus: Dealt 2 damage to Zeong, now destroyed

Ygnaii

Zeong (Head) deployed

Battle initiated

Kiraya

Battle declared: Gundam Barbatos Adapt against Gundam

Ygnaii

No blockers available

Action step

Ygnaii

Passed

Kiraya

Passed

Battle started: Gundam Barbatos Adapt against Gundam

Ygnaii

Gundam received 4 damage, now destroyed

Kiraya

Gundam Barbatos Adapt received 3 damage, now destroyed

Battle ended

Kiraya

Activated: Gundam Barbatos Lupus

Gundam Barbatos Adapt, Hyakuren and Gundam Barbatos Adapt exiled from the game

Selecting target for Gundam Barbatos Lupus

Gundam Barbatos Lupus: Dealt 2 damage to Zeong (Head), now destroyed

Turn end phase started

Ygnaii

Passed

Kiraya

Passed

Turn ended!

Turn 14 started!

Ygnaii

Zakrello deployed

Char's Zaku Ⅱ deployed

Turn end phase started

Kiraya

Passed

Ygnaii

Passed

Turn ended!

Turn 15 started!

Kiraya

Gundam Gusion Rebake deployed

Selecting target for Gundam Gusion Rebake

Gundam Gusion Rebake: Dealt 1 damage to: Gundam Gusion Rebake and Wire-Guided Arm

Gundam Gusion Rebake deployed

Selecting target for Gundam Gusion Rebake

Winner!

Game ended!