Mobile Suit Arena - Battle logs
Game started!

Kiraya

Choose to play second

Choose to keep starting hand

Mico

Choose to mulligan starting hand

Turn 1 started!

Turn end phase started

Kiraya

Passed

Mico

Passed

Turn ended!

Turn 2 started!

Kiraya

Graze Custom deployed

Turn end phase started

Mico

Passed

Kiraya

Passed

Turn ended!

Turn 3 started!

Mico

Played command: Overflowing Affection

Overflowing Affection: Draw 2 cards

Selecting target for Overflowing Affection

Cyclone Punch discarded

Played command: Airframe Seizure

Selecting target for Airframe Seizure

Master Asia discarded

Airframe Seizure: Draw 2 cards

Turn end phase started

Kiraya

Passed

Mico

Passed

Turn ended!

Turn 4 started!

Kiraya

Gundam Exia Repair deployed

Replaced EX Base base: Isaribi

Shield card added to hand

Battle initiated

Kiraya

Battle declared: Graze Custom against Enemy Player

Mico

No blockers available

Action step

Mico

Passed

Kiraya

Passed

Battle started: Graze Custom against EX Base

Mico

EX Base received 2 damage, leaving 1 HP remaining

Battle ended

Turn end phase started

Mico

Passed

Kiraya

Passed

Turn ended!

Turn 5 started!

Mico

Played command: Overflowing Affection

Overflowing Affection: Draw 2 cards

Selecting target for Overflowing Affection

Michaelis discarded

Replaced EX Base base: Argama

Shield card added to hand

Turn end phase started

Kiraya

Passed

Mico

Passed

Turn ended!

Turn 6 started!

Kiraya

Ryusei-Go (Graze Custom Ⅱ) deployed

Selecting target for Ryusei-Go (Graze Custom Ⅱ)

Ryusei-Go (Graze Custom Ⅱ): Dealt 1 damage to Graze Custom, leaving 1 HP remaining

Ryusei-Go (Graze Custom Ⅱ): Draw a card

Selecting target for Ryusei-Go (Graze Custom Ⅱ)

Zeheart Galette discarded

Activated: Isaribi

Rested base: Isaribi

Isaribi: Modifier applied to: Graze Custom

Battle initiated

Kiraya

Battle declared: Graze Custom against Enemy Player

Mico

No blockers available

Action step

Mico

Passed

Kiraya

Passed

Battle started: Graze Custom against Argama

Mico

Argama received 4 damage, leaving 1 HP remaining

Battle ended

Battle initiated

Kiraya

Battle declared: Gundam Exia Repair against Enemy Player

Mico

No blockers available

Action step

Mico

Passed

Kiraya

Passed

Battle started: Gundam Exia Repair against Argama

Mico

Argama received 2 damage, now destroyed

Battle ended

Turn end phase started

Mico

Passed

Kiraya

Passed

Turn ended!

Turn 7 started!

Mico

Played action: Darkness Finger

Darkness Finger: Dealt 2 damage to Ryusei-Go (Graze Custom Ⅱ), now destroyed

Played action: Darkness Finger

Darkness Finger: Dealt 2 damage to Graze Custom, now destroyed

Turn end phase started

Kiraya

Passed

Mico

Passed

Turn ended!

Turn 8 started!

Battle initiated

Kiraya

Battle declared: Gundam Exia Repair against Enemy Player

Mico

No blockers available

Action step

Mico

Passed

Kiraya

Passed

Battle started: Gundam Exia Repair against Enemy Shield

Mico

Shield card: Master Gundam revealed and discarded

Battle ended

Kiraya

Hyakuren deployed

Hyakuren deployed

Turn end phase started

Mico

Passed

Kiraya

Passed

Turn ended!

Turn 9 started!

Mico

Shining Gundam deployed

No targets for Shining Gundam

Linked pilot: Domon Kasshu on unit Shining Gundam

Domon Kasshu: Draw a card

Selecting target for Domon Kasshu

Shining Finger discarded

Selecting target for Domon Kasshu

Selecting target for Shining Finger

Rested unit: Hyakuren

Selecting target for Shining Finger

Shining Finger: Modifier applied to: Shining Gundam

Battle initiated

Mico

Battle declared: Shining Gundam against Hyakuren

Shining Gundam: 1 resource set as active

Kiraya

No blockers available

Action step

Kiraya

Passed

Mico

Passed

Battle started: Shining Gundam against Hyakuren

Kiraya

Hyakuren received 5 damage, now destroyed

Mico

Damage prevented

Shining Gundam received 0 damage, leaving 5 HP remaining

Battle ended

Mico

Gundam Maxter deployed

Turn end phase started

Kiraya

Passed

Mico

Passed

Turn ended!

Turn 10 started!

Kiraya

Gundam Barbatos 1st Form deployed

Gundam Barbatos Adapt deployed

Selecting target for Gundam Barbatos Adapt

Gundam Barbatos Adapt: Dealt 1 damage to: Gundam Barbatos 1st Form and Shining Gundam

Battle initiated

Kiraya

Battle declared: Hyakuren against Shining Gundam

Mico

No blockers available

Action step

Mico

Passed

Kiraya

Passed

Battle started: Hyakuren against Shining Gundam

Mico

Shining Gundam received 4 damage, now destroyed

Kiraya

Hyakuren received 5 damage, now destroyed

Battle ended

Battle initiated

Kiraya

Battle declared: Gundam Exia Repair against Enemy Player

Mico

No blockers available

Action step

Mico

Passed

Kiraya

Passed

Battle started: Gundam Exia Repair against Enemy Shield

Mico

Shield card: Gundam Maxter revealed and discarded

Battle ended

Turn end phase started

Mico

Passed

Kiraya

Passed

Turn ended!

Turn 11 started!

Mico

Rising Gundam deployed

Linked pilot: Domon Kasshu on unit Rising Gundam

Selecting target for Rising Gundam

Rested unit: Gundam Barbatos 1st Form

Domon Kasshu: Draw a card

Selecting target for Domon Kasshu

A New Sign discarded

Paired pilot: Suletta Mercury on unit Gundam Maxter

Battle initiated

Mico

Battle declared: Rising Gundam against Gundam Exia Repair

Kiraya

No blockers available

Action step

Kiraya

Passed

Mico

Passed

Battle started: Rising Gundam against Gundam Exia Repair

Kiraya

Gundam Exia Repair received 6 damage, now destroyed

Mico

Rising Gundam received 2 damage, leaving 2 HP remaining

Kiraya

Gundam Exia Repair milled 2: Graze Custom and Hyakuren moved to trash

Battle ended

Battle initiated

Mico

Battle declared: Gundam Maxter against Gundam Barbatos 1st Form

Suletta Mercury: 1 resource set as active

Kiraya

No blockers available

Action step

Kiraya

Passed

Mico

Passed

Battle started: Gundam Maxter against Gundam Barbatos 1st Form

Kiraya

Gundam Barbatos 1st Form received 4 damage, now destroyed

Mico

Gundam Maxter received 3 damage, leaving 1 HP remaining

Selecting target for Gundam Maxter

Card added to hand: Darkness Finger

Battle ended

Mico

Played command: Overflowing Affection

Overflowing Affection: Draw 2 cards

Selecting target for Overflowing Affection

Rising Gundam discarded

Turn end phase started

Kiraya

Passed

Mico

Passed

Turn ended!

Turn 12 started!

Kiraya

Gundam Barbatos Lupus deployed

Activated: Gundam Barbatos Lupus

Graze Custom, Hyakuren and Gundam Barbatos 1st Form exiled from the game

Selecting target for Gundam Barbatos Lupus

Gundam Barbatos Lupus: Dealt 2 damage to Rising Gundam, now destroyed

Activated: Gundam Barbatos Lupus

Graze Custom, Hyakuren and Hyakuren exiled from the game

Selecting target for Gundam Barbatos Lupus

Gundam Barbatos Lupus: Dealt 2 damage to Gundam Maxter, now destroyed

Battle initiated

Kiraya

Battle declared: Gundam Barbatos Adapt against Enemy Player

Mico

No blockers available

Action step

Mico

Passed

Kiraya

Passed

Battle started: Gundam Barbatos Adapt against Enemy Shield

Mico

Shield card: Argama revealed

Played base: Argama

Shield card added to hand

Battle ended

Turn end phase started

Mico

Passed

Kiraya

Passed

Turn ended!

Turn 13 started!

Mico

Master Gundam deployed

Linked pilot: Master Asia on unit Master Gundam

Battle initiated

Mico

Battle declared: Master Gundam against Enemy Player

Selecting target for Master Gundam

Darkness Finger and Shining Finger exiled from the game

Kiraya

Isaribi received 5 damage, now destroyed

No blockers available

Action step

Kiraya

Passed

Mico

Played action: Darkness Finger

Darkness Finger: Dealt 2 damage to Gundam Barbatos Adapt, leaving 2 HP remaining

Darkness Finger: Draw a card

Kiraya

Passed

Mico

Passed

Battle started: Master Gundam against Enemy Shield

Kiraya

Shield card: Ryusei-Go (Graze Custom Ⅱ) revealed and discarded

Battle ended

Turn end phase started

Kiraya

Passed

Mico

Passed

Turn ended!

Turn 14 started!

Battle initiated

Kiraya

Battle declared: Gundam Barbatos Lupus against Enemy Player

Mico

No blockers available

Action step

Mico

Passed

Kiraya

Passed

Battle started: Gundam Barbatos Lupus against Argama

Mico

Argama received 5 damage, now destroyed

Battle ended

Battle initiated

Kiraya

Battle declared: Gundam Barbatos Adapt against Enemy Player

Mico

No blockers available

Action step

Mico

Passed

Kiraya

Passed

Battle started: Gundam Barbatos Adapt against Enemy Shield

Mico

Shield card: Gundam Aerial Rebuild revealed and discarded

Battle ended

Kiraya

Played command: Airframe Seizure

Selecting target for Airframe Seizure

Zeheart Galette discarded

Airframe Seizure: Draw 2 cards

Gundam Gusion Rebake deployed

Selecting target for Gundam Gusion Rebake

Gundam Gusion Rebake: Dealt 1 damage to: Gundam Gusion Rebake and Master Gundam

Shiden Custom (Ryusei-Go) deployed

Turn end phase started

Mico

Passed

Kiraya

Passed

Turn ended!

Turn 15 started!

Mico

Shining Gundam deployed

Selecting target for Shining Gundam

Rising Gundam and Gundam Maxter exiled from the game

Selecting target for Shining Gundam

Cyclone Punch returned to hand

Linked pilot: Domon Kasshu on unit Shining Gundam

Domon Kasshu: Draw a card

Selecting target for Domon Kasshu

Gundam Aerial Rebuild discarded

Rising Gundam deployed

Linked pilot: Master Asia on unit Rising Gundam

Selecting target for Rising Gundam

Rested unit: Shiden Custom (Ryusei-Go)

Battle initiated

Mico

Battle declared: Shining Gundam against Shiden Custom (Ryusei-Go)

Shining Gundam: 1 resource set as active

Kiraya

Assigned no blocker

Action step

Kiraya

Passed

Mico

Passed

Battle started: Shining Gundam against Shiden Custom (Ryusei-Go)

Kiraya

Shiden Custom (Ryusei-Go) received 5 damage, now destroyed

Mico

Shining Gundam received 4 damage, leaving 1 HP remaining

Battle ended

Mico

Played command: Cyclone Punch

Cyclone Punch: Modifier applied to: Gundam Gusion Rebake

Battle initiated

Mico

Battle declared: Rising Gundam against Gundam Barbatos Adapt

Selecting target for Master Asia

Rising Gundam: Dealt 2 damage to Gundam Gusion Rebake, leaving 2 HP remaining

Kiraya

Assigned Gundam Gusion Rebake to block

Action step

Kiraya

Passed

Mico

Passed

Battle started: Rising Gundam against Gundam Gusion Rebake

Kiraya

Gundam Gusion Rebake received 6 damage, now destroyed

Mico

Rising Gundam received 1 damage, leaving 4 HP remaining

Battle ended

Battle initiated

Mico

Battle declared: Master Gundam against Gundam Barbatos Lupus

Selecting target for Master Gundam

Darkness Finger and Cyclone Punch exiled from the game

Kiraya

Shield card: Gundam Barbatos Adapt revealed and discarded

Mico

Selecting target for Master Asia

Master Gundam: Dealt 2 damage to Gundam Barbatos Adapt, now destroyed

Kiraya

No blockers available

Action step

Kiraya

Passed

Mico

Passed

Battle started: Master Gundam against Gundam Barbatos Lupus

Kiraya

Gundam Barbatos Lupus received 7 damage, now destroyed

Mico

Master Gundam received 5 damage, leaving 1 HP remaining

Battle ended

Turn end phase started

Kiraya

Passed

Mico

Passed

Turn ended!

Turn 16 started!

Kiraya

Gundam Barbatos Lupus deployed

Activated: Gundam Barbatos Lupus

Ryusei-Go (Graze Custom Ⅱ), Shiden Custom (Ryusei-Go) and Gundam Gusion Rebake exiled from the game

Selecting target for Gundam Barbatos Lupus

Gundam Barbatos Lupus: Dealt 2 damage to Shining Gundam, now destroyed

Activated: Gundam Barbatos Lupus

Gundam Barbatos Adapt, Gundam Barbatos Adapt and Gundam Barbatos Lupus exiled from the game

Selecting target for Gundam Barbatos Lupus

Gundam Barbatos Lupus: Dealt 2 damage to Master Gundam, now destroyed

Played action: Darkness Finger

Darkness Finger: Dealt 2 damage to Rising Gundam, leaving 2 HP remaining

Played action: Darkness Finger

Darkness Finger: Dealt 2 damage to Rising Gundam, now destroyed

Turn end phase started

Mico

Passed

Kiraya

Passed

Turn ended!

Turn 17 started!

Kiraya

Winner!

Game ended!