Mobile Suit Arena - Battle logs
Game started!

Kiraya

Choose to play second

Choose to keep starting hand

Seven

Choose to keep starting hand

Turn 1 started!

Turn end phase started

Kiraya

Passed

Seven

Passed

Turn ended!

Turn 2 started!

Turn end phase started

Seven

Passed

Kiraya

Passed

Turn ended!

Turn 3 started!

Seven

Zaku Ⅱ deployed

Turn end phase started

Kiraya

Passed

Seven

Passed

Turn ended!

Turn 4 started!

Kiraya

Hyakuren deployed

Turn end phase started

Seven

Passed

Kiraya

Passed

Turn ended!

Turn 5 started!

Battle initiated

Seven

Battle declared: Zaku Ⅱ against Enemy Player

Zaku Ⅱ: Modifier applied to: Zaku Ⅱ

Kiraya

No blockers available

Action step

Kiraya

Passed

Seven

Passed

Battle started: Zaku Ⅱ against EX Base

Kiraya

EX Base received 3 damage, now destroyed

Battle ended

Seven

Kayra's Re-GZ deployed

Selecting target for Kayra's Re-GZ

Returned to deck bottom

Linked pilot: Kayra Su on unit Kayra's Re-GZ

Battle initiated

Seven

Battle declared: Kayra's Re-GZ against Enemy Player

Kiraya

No blockers available

Action step

Kiraya

Passed

Seven

Passed

Battle started: Kayra's Re-GZ against Enemy Shield

Kiraya

Shield card: Graze Custom revealed and discarded

Battle ended

Turn end phase started

Kiraya

Passed

Seven

Passed

Turn ended!

Turn 6 started!

Kiraya

Gundam Barbatos 1st Form deployed

Linked pilot: Mikazuki Augus on unit Gundam Barbatos 1st Form

Selecting target for Mikazuki Augus

Mikazuki Augus: Dealt 1 damage to: Gundam Barbatos 1st Form and Zaku Ⅱ

Battle initiated

Kiraya

Battle declared: Gundam Barbatos 1st Form against Enemy Player

Gundam Barbatos 1st Form: Draw a card

Seven

No blockers available

Action step

Seven

Passed

Kiraya

Passed

Battle started: Gundam Barbatos 1st Form against EX Base

Seven

EX Base received 5 damage, now destroyed

Battle ended

Kiraya

Paired pilot: Mikazuki Augus on unit Hyakuren

Selecting target for Mikazuki Augus

Mikazuki Augus: Dealt 1 damage to: Hyakuren and Zaku Ⅱ

Battle initiated

Kiraya

Battle declared: Hyakuren against Kayra's Re-GZ

Seven

No blockers available

Action step

Seven

Passed

Kiraya

Passed

Battle started: Hyakuren against Kayra's Re-GZ

Seven

Kayra's Re-GZ received 6 damage, now destroyed

Kiraya

Hyakuren received 4 damage, now destroyed

Battle ended

Turn end phase started

Seven

Passed

Kiraya

Passed

Turn ended!

Turn 7 started!

Seven

Re-GZ deployed

Zaku Ⅱ deployed

Turn end phase started

Kiraya

Passed

Seven

Passed

Turn ended!

Turn 8 started!

Battle initiated

Kiraya

Battle declared: Gundam Barbatos 1st Form against Enemy Player

Gundam Barbatos 1st Form: Draw a card

Seven

No blockers available

Action step

Seven

Passed

Kiraya

Passed

Battle started: Gundam Barbatos 1st Form against Enemy Shield

Seven

Shield card: Re-GZ revealed and discarded

Battle ended

Kiraya

Shiden Custom (Ryusei-Go) deployed

Gundam Exia Repair deployed

Turn end phase started

Seven

Passed

Kiraya

Passed

Turn ended!

Turn 9 started!

Battle initiated

Seven

Battle declared: Zaku Ⅱ against Gundam Barbatos 1st Form

Zaku Ⅱ: Modifier applied to: Zaku Ⅱ

Kiraya

Assigned Shiden Custom (Ryusei-Go) to block

Action step

Kiraya

Passed

Seven

Passed

Battle started: Zaku Ⅱ against Shiden Custom (Ryusei-Go)

Kiraya

Shiden Custom (Ryusei-Go) received 3 damage, now destroyed

Seven

Zaku Ⅱ received 4 damage, now destroyed

Battle ended

Battle initiated

Seven

Battle declared: Re-GZ against Gundam Barbatos 1st Form

Kiraya

No blockers available

Action step

Kiraya

Passed

Seven

Passed

Battle started: Re-GZ against Gundam Barbatos 1st Form

Kiraya

Gundam Barbatos 1st Form received 4 damage, now destroyed

Seven

Re-GZ received 5 damage, now destroyed

Selecting target for Re-GZ

Card added to hand: Nu Gundam

Battle ended

Seven

Rick Dom deployed

Played command: A Show of Resolve

A Show of Resolve: Draw 2 cards

Turn end phase started

Kiraya

Passed

Seven

Passed

Turn ended!

Turn 10 started!

Battle initiated

Kiraya

Battle declared: Gundam Exia Repair against Enemy Player

Seven

No blockers available

Action step

Seven

Passed

Kiraya

Passed

Battle started: Gundam Exia Repair against Enemy Shield

Seven

Shield card: Zaku Ⅱ revealed and discarded

Battle ended

Kiraya

Gundam Gusion Rebake deployed

Selecting target for Gundam Gusion Rebake

Gundam Gusion Rebake: Dealt 1 damage to: Gundam Gusion Rebake and Rick Dom

Played command: Airframe Seizure

Selecting target for Airframe Seizure

Airframe Seizure discarded

Airframe Seizure: Draw 2 cards

Turn end phase started

Seven

Passed

Kiraya

Passed

Turn ended!

Turn 11 started!

Battle initiated

Seven

Battle declared: Rick Dom against Enemy Player

Kiraya

Assigned no blocker

Action step

Kiraya

Passed

Seven

Passed

Battle started: Rick Dom against Enemy Shield

Kiraya

Shield card: Darkness Finger revealed

Shield card: Darkness Finger moved to trash

Selecting target for Darkness Finger

Darkness Finger: Dealt 2 damage to Rick Dom, now destroyed

Battle ended

Seven

Guntank deployed

Selecting target for Guntank

Guntank: Dealt 1 damage to Gundam Exia Repair, now destroyed

Kiraya

Gundam Exia Repair milled 2: Shiden Custom (Ryusei-Go) and Darkness Finger moved to trash

Seven

Played command: A Show of Resolve

A Show of Resolve: Draw 2 cards

Zaku Ⅱ deployed

Jegan deployed

Turn end phase started

Kiraya

Passed

Seven

Passed

Turn ended!

Turn 12 started!

Kiraya

Shiden Custom (Ryusei-Go) deployed

Hyakuren deployed

Gundam Exia Repair deployed

Turn end phase started

Seven

Passed

Kiraya

Passed

Turn ended!

Turn 13 started!

Battle initiated

Seven

Battle declared: Zaku Ⅱ against Enemy Player

Zaku Ⅱ: Modifier applied to: Zaku Ⅱ

Kiraya

Assigned Gundam Gusion Rebake to block

Action step

Kiraya

Passed

Seven

Passed

Battle started: Zaku Ⅱ against Gundam Gusion Rebake

Kiraya

Gundam Gusion Rebake received 3 damage, leaving 1 HP remaining

Seven

Zaku Ⅱ received 3 damage, now destroyed

Battle ended

Battle initiated

Seven

Battle declared: Jegan against Enemy Player

Kiraya

Assigned Shiden Custom (Ryusei-Go) to block

Action step

Kiraya

Passed

Seven

Passed

Battle started: Jegan against Shiden Custom (Ryusei-Go)

Kiraya

Shiden Custom (Ryusei-Go) received 2 damage, leaving 1 HP remaining

Seven

Jegan received 4 damage, now destroyed

Battle ended

Seven

Guntank deployed

Selecting target for Guntank

Guntank: Dealt 1 damage to Shiden Custom (Ryusei-Go), now destroyed

Battle initiated

Seven

Battle declared: Guntank against Gundam Gusion Rebake

Kiraya

No blockers available

Action step

Kiraya

Passed

Seven

Passed

Battle started: Guntank against Gundam Gusion Rebake

Kiraya

Gundam Gusion Rebake received 1 damage, now destroyed

Seven

Guntank received 3 damage, now destroyed

Battle ended

Seven

Nu Gundam deployed

Linked pilot: Amuro Ray on unit Nu Gundam

Selecting target for Nu Gundam

Kayra Su, Kayra's Re-GZ and Jegan exiled from the game

Selecting target for Nu Gundam

Battle started: Nu Gundam against Hyakuren

Kiraya

Hyakuren received 7 damage, now destroyed

Seven

Nu Gundam received 4 damage, leaving 3 HP remaining

Kiraya

Breach 5 Shield card: Graze Custom revealed and discarded

Seven

Healed 2 damage to: Nu Gundam

Battle ended

Battle initiated

Seven

Battle declared: Nu Gundam against Enemy Player

Kiraya

No blockers available

Action step

Kiraya

Passed

Seven

Passed

Battle started: Nu Gundam against Enemy Shield

Kiraya

Shield card: Hyakuren revealed and discarded

Battle ended

Turn end phase started

Kiraya

Passed

Seven

Passed

Turn ended!

Turn 14 started!

Kiraya

Gundam Barbatos Lupus deployed

Activated: Gundam Barbatos Lupus

Hyakuren, Graze Custom and Hyakuren exiled from the game

Selecting target for Gundam Barbatos Lupus

Gundam Barbatos Lupus: Dealt 2 damage to Nu Gundam, leaving 3 HP remaining

Activated: Gundam Barbatos Lupus

Shiden Custom (Ryusei-Go), Shiden Custom (Ryusei-Go) and Gundam Gusion Rebake exiled from the game

Selecting target for Gundam Barbatos Lupus

Gundam Barbatos Lupus: Dealt 2 damage to Nu Gundam, leaving 1 HP remaining

Activated: Gundam Barbatos Lupus

Graze Custom, Hyakuren and Shiden Custom (Ryusei-Go) exiled from the game

Selecting target for Gundam Barbatos Lupus

Gundam Barbatos Lupus: Dealt 2 damage to Guntank, now destroyed

Battle initiated

Kiraya

Battle declared: Gundam Exia Repair against Nu Gundam

Seven

No blockers available

Action step

Seven

Passed

Kiraya

Passed

Battle started: Gundam Exia Repair against Nu Gundam

Seven

Nu Gundam received 2 damage, now destroyed

Kiraya

Gundam Exia Repair received 7 damage, now destroyed

Gundam Exia Repair milled 2: Gundam Barbatos Lupus and Isaribi moved to trash

Battle ended

Turn end phase started

Seven

Passed

Kiraya

Passed

Turn ended!

Turn 15 started!

Seven

Kayra's Re-GZ deployed

Selecting target for Kayra's Re-GZ

Returned to deck top

Gundam deployed

Linked pilot: Amuro Ray on unit Gundam

Battle initiated

Seven

Battle declared: Gundam against Enemy Player

Kiraya

No blockers available

Action step

Kiraya

Passed

Seven

Passed

Battle started: Gundam against Enemy Shield

Kiraya

Shield card: Gundam Barbatos Adapt revealed and discarded

Battle ended

Turn end phase started

Kiraya

Passed

Seven

Passed

Turn ended!

Turn 16 started!

Kiraya

Played base: Isaribi

Shield card added to hand

Gundam Barbatos Lupus Rex deployed

Linked pilot: Mikazuki Augus on unit Gundam Barbatos Lupus Rex

Selecting target for Mikazuki Augus

Mikazuki Augus: Dealt 1 damage to: Gundam Barbatos Lupus Rex and Kayra's Re-GZ

Battle initiated

Kiraya

Battle declared: Gundam Barbatos Lupus Rex against Gundam

Seven

No blockers available

Action step

Seven

Passed

Kiraya

Passed

Battle started: Gundam Barbatos Lupus Rex against Gundam

Seven

Gundam received 7 damage, now destroyed

Kiraya

Gundam Barbatos Lupus Rex received 5 damage, leaving 1 HP remaining

Battle ended

Kiraya

Activated: Gundam Barbatos Lupus

Gundam Barbatos 1st Form, Gundam Barbatos Lupus and Gundam Barbatos Adapt exiled from the game

Selecting target for Gundam Barbatos Lupus

Gundam Barbatos Lupus: Dealt 2 damage to Kayra's Re-GZ, now destroyed

Battle initiated

Kiraya

Battle declared: Gundam Barbatos Lupus against Enemy Player

Seven

No blockers available

Action step

Seven

Passed

Kiraya

Passed

Battle started: Gundam Barbatos Lupus against Enemy Shield

Seven

Shield card: Nu Gundam revealed and discarded

Battle ended

Turn end phase started

Seven

Passed

Kiraya

Passed

Selecting target for Gundam Barbatos Lupus Rex

Dealt 1 damage to Gundam Barbatos Lupus, leaving 4 HP remaining

Set Active: Gundam Barbatos Lupus

Turn ended!

Turn 17 started!

Turn end phase started

Kiraya

Passed

Seven

Passed

Turn ended!

Turn 18 started!

Battle initiated

Kiraya

Battle declared: Gundam Barbatos Lupus against Enemy Player

Seven

No blockers available

Action step

Seven

Passed

Kiraya

Passed

Battle started: Gundam Barbatos Lupus against Enemy Shield

Seven

Shield card: Corsica Base revealed

Played base: Corsica Base

Shield card added to hand

Battle ended

Battle initiated

Kiraya

Battle declared: Gundam Barbatos Lupus Rex against Enemy Player

Seven

No blockers available

Action step

Seven

Passed

Kiraya

Passed

Battle started: Gundam Barbatos Lupus Rex against Corsica Base

Seven

Corsica Base received 12 damage, now destroyed

Battle ended

Kiraya

Gundam Barbatos Lupus Rex deployed

Gundam Barbatos 1st Form deployed

Turn end phase started

Seven

Passed

Kiraya

Passed

Selecting target for Gundam Barbatos Lupus Rex

Dealt 1 damage to Gundam Barbatos Lupus, leaving 3 HP remaining

Set Active: Gundam Barbatos Lupus

Selecting target for Gundam Barbatos Lupus Rex

Dealt 1 damage to Gundam Barbatos 1st Form, leaving 1 HP remaining

Set Active: Gundam Barbatos 1st Form

Turn ended!

Turn 19 started!

Seven

Nu Gundam deployed

Linked pilot: Amuro Ray on unit Nu Gundam

Selecting target for Nu Gundam

Re-GZ, Re-GZ and Kayra's Re-GZ exiled from the game

Selecting target for Nu Gundam

Battle started: Nu Gundam against Gundam Barbatos Lupus

Kiraya

Gundam Barbatos Lupus received 7 damage, now destroyed

Seven

Nu Gundam received 5 damage, leaving 2 HP remaining

Kiraya

Breach 5: : Isaribi received 5 damage, now destroyed

Seven

Healed 2 damage to: Nu Gundam

Battle ended

Battle initiated

Seven

Battle declared: Nu Gundam against Enemy Player

Kiraya

No blockers available

Action step

Kiraya

Passed

Seven

Passed

Battle started: Nu Gundam against Enemy Player

Kiraya

No more shields available, game is over!

Seven

Winner!

Game ended!