Mobile Suit Arena - Battle logs
Game started!

Kiraya

Choose to play second

xWeee

Choose to mulligan starting hand

Kiraya

Choose to keep starting hand

Turn 1 started!

Turn end phase started

Kiraya

Passed

xWeee

Passed

Turn ended!

Turn 2 started!

Kiraya

Graze Custom deployed

Turn end phase started

xWeee

Passed

Kiraya

Passed

Turn ended!

Turn 3 started!

Turn end phase started

Kiraya

Passed

xWeee

Passed

Turn ended!

Turn 4 started!

Kiraya

Hyakuren deployed

Turn end phase started

xWeee

Passed

Kiraya

Passed

Turn ended!

Turn 5 started!

Turn end phase started

Kiraya

Passed

xWeee

Passed

Turn ended!

Turn 6 started!

Kiraya

Played command: Airframe Seizure

Selecting target for Airframe Seizure

Zeheart Galette discarded

Airframe Seizure: Draw 2 cards

Battle initiated

Kiraya

Battle declared: Hyakuren against Enemy Player

xWeee

No blockers available

Action step

xWeee

Passed

Kiraya

Passed

Battle started: Hyakuren against EX Base

xWeee

EX Base received 4 damage, now destroyed

Battle ended

Battle initiated

Kiraya

Battle declared: Graze Custom against Enemy Player

xWeee

No blockers available

Action step

xWeee

Passed

Kiraya

Passed

Battle started: Graze Custom against Enemy Shield

xWeee

Shield card: Gun EZ revealed and discarded

Battle ended

Kiraya

Replaced EX Base base: Isaribi

Shield card added to hand

Turn end phase started

xWeee

Passed

Kiraya

Passed

Turn ended!

Turn 7 started!

xWeee

Victory Gundam deployed

Played base: Reineforce Jr.

Shield card added to hand

Parts deployed

Turn end phase started

Kiraya

Passed

xWeee

Passed

Turn ended!

Turn 8 started!

Kiraya

Gundam Barbatos 1st Form deployed

Linked pilot: Mikazuki Augus on unit Gundam Barbatos 1st Form

Selecting target for Mikazuki Augus

Mikazuki Augus: Dealt 1 damage to: Gundam Barbatos 1st Form and Parts

Battle initiated

Kiraya

Battle declared: Gundam Barbatos 1st Form against Enemy Player

Gundam Barbatos 1st Form: Draw a card

xWeee

No blockers available

Action step

xWeee

Passed

Kiraya

Passed

Battle started: Gundam Barbatos 1st Form against Reineforce Jr.

xWeee

Reineforce Jr. received 5 damage, now destroyed

Battle ended

Battle initiated

Kiraya

Battle declared: Graze Custom against Enemy Player

xWeee

No blockers available

Action step

xWeee

Passed

Kiraya

Passed

Battle started: Graze Custom against Enemy Shield

xWeee

Shield card: Victory Gundam revealed and discarded

Battle ended

Battle initiated

Kiraya

Battle declared: Hyakuren against Enemy Player

xWeee

No blockers available

Action step

xWeee

Passed

Kiraya

Passed

Battle started: Hyakuren against Enemy Shield

xWeee

Shield card: Victory Gundam revealed and discarded

Battle ended

Turn end phase started

xWeee

Passed

Kiraya

Passed

Turn ended!

Turn 9 started!

xWeee

Played base: Reineforce Jr.

Shield card added to hand

Parts deployed

Linked pilot: Üso Ewin on unit Victory Gundam

Parts deployed

Gundam Barbatos Adapt deployed

Selecting target for Gundam Barbatos Adapt

Gundam Barbatos Adapt: Dealt 1 damage to: Gundam Barbatos Adapt and Gundam Barbatos 1st Form

Linked pilot: Mikazuki Augus on unit Gundam Barbatos Adapt

Selecting target for Mikazuki Augus

Mikazuki Augus: Dealt 1 damage to: Victory Gundam and Gundam Barbatos 1st Form

Battle initiated

xWeee

Battle declared: Victory Gundam against Graze Custom

Victory Gundam: Draw a card

Kiraya

No blockers available

Action step

Kiraya

Played action: Darkness Finger

Darkness Finger: Dealt 2 damage to Victory Gundam, leaving 2 HP remaining

xWeee

Passed

Kiraya

Passed

xWeee

Battle started: Victory Gundam against Graze Custom

Kiraya

Graze Custom received 5 damage, now destroyed

xWeee

Victory Gundam received 2 damage, now destroyed

Battle ended

Battle initiated

xWeee

Battle declared: Gundam Barbatos Adapt against Hyakuren

Kiraya

No blockers available

Action step

Kiraya

Passed

xWeee

Passed

Battle started: Gundam Barbatos Adapt against Hyakuren

Kiraya

Hyakuren received 4 damage, now destroyed

xWeee

Gundam Barbatos Adapt received 4 damage, now destroyed

Battle ended

Turn end phase started

Kiraya

Passed

xWeee

Passed

Turn ended!

Turn 10 started!

Kiraya

Gundam Barbatos Adapt deployed

Selecting target for Gundam Barbatos Adapt

Gundam Barbatos Adapt: Dealt 1 damage to: Gundam Barbatos Adapt and Parts

Graze Custom deployed

Paired pilot: Zeheart Galette on unit Gundam Barbatos Adapt

Zeheart Galette milled 2: Darkness Finger and Ryusei-Go (Graze Custom Ⅱ) moved to trash

Turn end phase started

xWeee

Passed

Kiraya

Passed

Turn ended!

Turn 11 started!

xWeee

V-Dash Gundam deployed

Linked pilot: Üso Ewin on unit V-Dash Gundam

Parts deployed

Battle initiated

xWeee

Battle declared: V-Dash Gundam against Enemy Player

Kiraya

No blockers available

Action step

Kiraya

Passed

xWeee

Passed

Battle started: V-Dash Gundam against Isaribi

Kiraya

Isaribi received 6 damage, now destroyed

Battle ended

xWeee

Activated: V-Dash Gundam

Rested unit: Parts

Selecting target for V-Dash Gundam

Rested unit: Graze Custom

Paired pilot: Mikazuki Augus on unit Parts

Selecting target for Mikazuki Augus

Mikazuki Augus: Dealt 1 damage to: Parts and Graze Custom

Battle initiated

xWeee

Battle declared: Parts against Graze Custom

Kiraya

No blockers available

Action step

Kiraya

Passed

xWeee

Passed

Battle started: Parts against Graze Custom

Kiraya

Graze Custom received 1 damage, now destroyed

xWeee

Parts received 2 damage, now destroyed

Battle ended

Turn end phase started

Kiraya

Passed

xWeee

Passed

Turn ended!

Turn 12 started!

Kiraya

Played base: Isaribi

Shield card added to hand

Shiden Custom (Ryusei-Go) deployed

Ryusei-Go (Graze Custom Ⅱ) deployed

Selecting target for Ryusei-Go (Graze Custom Ⅱ)

Ryusei-Go (Graze Custom Ⅱ): Dealt 1 damage to Ryusei-Go (Graze Custom Ⅱ), leaving 1 HP remaining

Ryusei-Go (Graze Custom Ⅱ): Draw a card

Selecting target for Ryusei-Go (Graze Custom Ⅱ)

Airframe Seizure discarded

Activated: Isaribi

Rested base: Isaribi

Isaribi: Modifier applied to: Gundam Barbatos Adapt

Battle initiated

Kiraya

Battle declared: Gundam Barbatos Adapt against Enemy Player

xWeee

No blockers available

Action step

xWeee

Passed

Kiraya

Passed

Battle started: Gundam Barbatos Adapt against Reineforce Jr.

xWeee

Reineforce Jr. received 6 damage, now destroyed

Battle ended

Turn end phase started

xWeee

Passed

Kiraya

Passed

Turn ended!

Turn 13 started!

xWeee

Gun EZ deployed

Selecting target for Gun EZ

Rested unit: Gun EZ

Selecting target for Gun EZ

Rested unit: Ryusei-Go (Graze Custom Ⅱ)

Victory Gundam deployed

Activated: V-Dash Gundam

Rested unit: Victory Gundam

Selecting target for V-Dash Gundam

Rested unit: Shiden Custom (Ryusei-Go)

Gundam Barbatos Adapt deployed

Selecting target for Gundam Barbatos Adapt

Gundam Barbatos Adapt: Dealt 1 damage to: Gun EZ and Ryusei-Go (Graze Custom Ⅱ)

Battle initiated

xWeee

Battle declared: Parts against Shiden Custom (Ryusei-Go)

Kiraya

No blockers available

Action step

Kiraya

Passed

xWeee

Passed

Battle started: Parts against Shiden Custom (Ryusei-Go)

Kiraya

Shiden Custom (Ryusei-Go) received 3 damage, now destroyed

xWeee

Parts received 4 damage, now destroyed

Battle ended

Battle initiated

xWeee

Battle declared: V-Dash Gundam against Gundam Barbatos Adapt

Kiraya

No blockers available

Action step

Kiraya

Passed

xWeee

Passed

Battle started: V-Dash Gundam against Gundam Barbatos Adapt

Kiraya

Gundam Barbatos Adapt received 6 damage, now destroyed

xWeee

V-Dash Gundam received 4 damage, leaving 2 HP remaining

Kiraya

Breach 3: : Isaribi received 3 damage, leaving 2 HP remaining

Battle ended

Turn end phase started

Kiraya

Passed

xWeee

Passed

Turn ended!

Turn 14 started!

Kiraya

Gundam Barbatos Lupus Rex deployed

Gundam Exia Repair deployed

Turn end phase started

xWeee

Passed

Kiraya

Passed

Selecting target for Gundam Barbatos Lupus Rex

Turn ended!

Turn 15 started!

xWeee

Played base: Reineforce Jr.

Shield card added to hand

Parts deployed

Zoloat (League Militaire) deployed

Played command: A Show of Resolve

A Show of Resolve: Draw 2 cards

Battle initiated

xWeee

Battle declared: Victory Gundam against Enemy Player

Victory Gundam: Draw a card

Kiraya

No blockers available

Action step

Kiraya

Passed

xWeee

Passed

Battle started: Victory Gundam against Isaribi

Kiraya

Isaribi received 3 damage, now destroyed

Battle ended

xWeee

Activated: V-Dash Gundam

Rested unit: Parts

Selecting target for V-Dash Gundam

Rested unit: Gundam Exia Repair

Battle initiated

xWeee

Battle declared: Gun EZ against Gundam Exia Repair

Kiraya

No blockers available

Action step

Kiraya

Passed

xWeee

Passed

Battle started: Gun EZ against Gundam Exia Repair

Kiraya

Gundam Exia Repair received 2 damage, now destroyed

xWeee

Gun EZ received 2 damage, now destroyed

Kiraya

Gundam Exia Repair milled 2: Gundam Barbatos 1st Form and Gundam Barbatos 1st Form moved to trash

Battle ended

Battle initiated

xWeee

Battle declared: Gundam Barbatos Adapt against Enemy Player

Kiraya

No blockers available

Action step

Kiraya

Passed

xWeee

Passed

Battle started: Gundam Barbatos Adapt against Enemy Shield

Kiraya

Shield card: Isaribi revealed

Played base: Isaribi

Shield card added to hand

Battle ended

Battle initiated

xWeee

Battle declared: V-Dash Gundam against Enemy Player

Kiraya

No blockers available

Action step

Kiraya

Passed

xWeee

Passed

Battle started: V-Dash Gundam against Isaribi

Kiraya

Isaribi received 6 damage, now destroyed

Battle ended

xWeee

Gundam Barbatos 1st Form deployed

Turn end phase started

Kiraya

Passed

xWeee

Passed

Turn ended!

Turn 16 started!

Kiraya

Gundam Barbatos Lupus deployed

Activated: Gundam Barbatos Lupus

Shiden Custom (Ryusei-Go), Gundam Barbatos 1st Form and Gundam Barbatos 1st Form exiled from the game

Selecting target for Gundam Barbatos Lupus

Gundam Barbatos Lupus: Dealt 2 damage to Zoloat (League Militaire), now destroyed

Activated: Gundam Barbatos Lupus

Graze Custom, Ryusei-Go (Graze Custom Ⅱ) and Gundam Barbatos Adapt exiled from the game

Selecting target for Gundam Barbatos Lupus

Gundam Barbatos Lupus: Dealt 2 damage to V-Dash Gundam, now destroyed

Activated: Gundam Barbatos Lupus

Gundam Barbatos 1st Form, Hyakuren and Ryusei-Go (Graze Custom Ⅱ) exiled from the game

Selecting target for Gundam Barbatos Lupus

Gundam Barbatos Lupus: Dealt 2 damage to Gundam Barbatos 1st Form, now destroyed

Battle initiated

Kiraya

Battle declared: Gundam Barbatos Lupus Rex against Parts

xWeee

No blockers available

Action step

xWeee

Passed

Kiraya

Passed

Battle started: Gundam Barbatos Lupus Rex against Parts

xWeee

Parts received 4 damage, now destroyed

Kiraya

Gundam Barbatos Lupus Rex received 1 damage, leaving 5 HP remaining

Battle ended

Kiraya

Gundam Barbatos 1st Form deployed

Turn end phase started

xWeee

Passed

Kiraya

Passed

Selecting target for Gundam Barbatos Lupus Rex

Dealt 1 damage to Gundam Barbatos Lupus Rex, leaving 4 HP remaining

Set Active: Gundam Barbatos Lupus Rex

Turn ended!

Turn 17 started!

xWeee

Replaced Reineforce Jr. base: Reineforce Jr.

No more Shield cards to add to hand

Parts deployed

V-Dash Gundam deployed

Battle initiated

xWeee

Battle declared: Victory Gundam against Enemy Player

Victory Gundam: Draw a card

Kiraya

No blockers available

Action step

Kiraya

Passed

xWeee

Passed

Battle started: Victory Gundam against Enemy Shield

Kiraya

Shield card: Gundam Exia Repair revealed and discarded

Battle ended

Battle initiated

xWeee

Battle declared: Gundam Barbatos Adapt against Enemy Player

Kiraya

No blockers available

Action step

Kiraya

Passed

xWeee

Passed

Battle started: Gundam Barbatos Adapt against Enemy Shield

Kiraya

Shield card: Gundam Barbatos Lupus revealed and discarded

Battle ended

xWeee

Gundam Barbatos 1st Form deployed

Linked pilot: Mikazuki Augus on unit Gundam Barbatos 1st Form

Selecting target for Mikazuki Augus

Mikazuki Augus: Dealt 1 damage to: Gundam Barbatos Adapt and Gundam Barbatos 1st Form

Linked pilot: Üso Ewin on unit V-Dash Gundam

Parts deployed

Battle initiated

xWeee

Battle declared: Gundam Barbatos 1st Form against Enemy Player

Kiraya

No blockers available

Action step

Kiraya

Passed

xWeee

Passed

Battle started: Gundam Barbatos 1st Form against Enemy Player

Kiraya

No more shields available, game is over!

xWeee

Winner!

Game ended!