Mobile Suit Arena - Battle logs
Game started!

Kiraya

Choose to play second

t4vi

Choose to keep starting hand

Kiraya

Choose to keep starting hand

Turn 1 started!

t4vi

Dopp deployed

Selecting target for Dopp

Returned to deck top

Turn end phase started

Kiraya

Passed

t4vi

Passed

Turn ended!

Turn 2 started!

Kiraya

Gundam Exia Repair deployed

Turn end phase started

t4vi

Passed

Kiraya

Passed

Turn ended!

Turn 3 started!

t4vi

Zaku Ⅱ deployed

Zaku Ⅱ deployed

Turn end phase started

Kiraya

Passed

t4vi

Passed

Turn ended!

Turn 4 started!

Kiraya

Replaced EX Base base: Isaribi

Shield card added to hand

Turn end phase started

t4vi

Passed

Kiraya

Passed

Turn ended!

Turn 5 started!

t4vi

Char's Zaku Ⅱ deployed

Zaku Ⅱ deployed

Turn end phase started

Kiraya

Passed

t4vi

Passed

Turn ended!

Turn 6 started!

Kiraya

Gundam Barbatos 1st Form deployed

Linked pilot: Mikazuki Augus on unit Gundam Barbatos 1st Form

Selecting target for Mikazuki Augus

Mikazuki Augus: Dealt 1 damage to: Gundam Barbatos 1st Form and Dopp

Battle initiated

Kiraya

Battle declared: Gundam Barbatos 1st Form against Enemy Player

Gundam Barbatos 1st Form: Draw a card

t4vi

No blockers available

Action step

t4vi

Passed

Kiraya

Passed

Battle started: Gundam Barbatos 1st Form against EX Base

t4vi

EX Base received 5 damage, now destroyed

Battle ended

Battle initiated

Kiraya

Battle declared: Gundam Exia Repair against Enemy Player

t4vi

No blockers available

Action step

t4vi

Passed

Kiraya

Passed

Battle started: Gundam Exia Repair against Enemy Shield

t4vi

Shield card: Gundam revealed and discarded

Battle ended

Turn end phase started

t4vi

Passed

Kiraya

Passed

Turn ended!

Turn 7 started!

Battle initiated

t4vi

Battle declared: Char's Zaku Ⅱ against Gundam Barbatos 1st Form

Kiraya

No blockers available

Action step

Kiraya

Passed

t4vi

Passed

Battle started: Char's Zaku Ⅱ against Gundam Barbatos 1st Form

Kiraya

Gundam Barbatos 1st Form received 3 damage, now destroyed

t4vi

Char's Zaku Ⅱ received 5 damage, now destroyed

Selecting target for Char's Zaku Ⅱ

Card added to hand: Char's Zaku Ⅱ

Battle ended

Battle initiated

t4vi

Battle declared: Zaku Ⅱ against Enemy Player

Zaku Ⅱ: Modifier applied to: Zaku Ⅱ

Kiraya

No blockers available

Action step

Kiraya

Passed

t4vi

Passed

Battle started: Zaku Ⅱ against Isaribi

Kiraya

Isaribi received 3 damage, leaving 2 HP remaining

Battle ended

Battle initiated

t4vi

Battle declared: Zaku Ⅱ against Enemy Player

Kiraya

No blockers available

Action step

Kiraya

Passed

t4vi

Passed

Battle started: Zaku Ⅱ against Isaribi

Kiraya

Isaribi received 2 damage, now destroyed

Battle ended

Battle initiated

t4vi

Battle declared: Zaku Ⅱ against Enemy Player

Kiraya

No blockers available

Action step

Kiraya

Passed

t4vi

Passed

Battle started: Zaku Ⅱ against Enemy Shield

Kiraya

Shield card: Gundam Exia Repair revealed and discarded

Battle ended

t4vi

ReZEL deployed

Char's Zaku Ⅱ deployed

Turn end phase started

Kiraya

Passed

t4vi

Passed

Turn ended!

Turn 8 started!

Kiraya

Played base: Isaribi

Shield card added to hand

Shiden Custom (Ryusei-Go) deployed

Battle initiated

Kiraya

Battle declared: Gundam Exia Repair against Zaku Ⅱ

t4vi

No blockers available

Action step

t4vi

Passed

Kiraya

Passed

Battle started: Gundam Exia Repair against Zaku Ⅱ

t4vi

Zaku Ⅱ received 2 damage, now destroyed

Kiraya

Gundam Exia Repair received 1 damage, now destroyed

Gundam Exia Repair milled 2: Gundam Barbatos 1st Form and Graze Custom moved to trash

Battle ended

Turn end phase started

t4vi

Passed

Kiraya

Passed

Turn ended!

Turn 9 started!

Battle initiated

t4vi

Battle declared: Char's Zaku Ⅱ against Enemy Player

Kiraya

Assigned no blocker

Action step

Kiraya

Passed

t4vi

Passed

Battle started: Char's Zaku Ⅱ against Isaribi

Kiraya

Isaribi received 3 damage, leaving 2 HP remaining

Battle ended

Battle initiated

t4vi

Battle declared: Zaku Ⅱ against Enemy Player

Kiraya

Assigned Shiden Custom (Ryusei-Go) to block

Action step

Kiraya

Passed

t4vi

Passed

Battle started: Zaku Ⅱ against Shiden Custom (Ryusei-Go)

Kiraya

Shiden Custom (Ryusei-Go) received 2 damage, leaving 1 HP remaining

t4vi

Zaku Ⅱ received 4 damage, now destroyed

Battle ended

Battle initiated

t4vi

Battle declared: Zaku Ⅱ against Enemy Player

Kiraya

No blockers available

Action step

Kiraya

Passed

t4vi

Passed

Battle started: Zaku Ⅱ against Isaribi

Kiraya

Isaribi received 2 damage, now destroyed

Battle ended

Battle initiated

t4vi

Battle declared: ReZEL against Enemy Player

Kiraya

No blockers available

Action step

Kiraya

Passed

t4vi

Passed

Battle started: ReZEL against Enemy Shield

Kiraya

Shield card: Hyakuren revealed and discarded

Battle ended

t4vi

M1 Astray (Shrike) deployed

Selecting target for M1 Astray (Shrike)

M1 Astray (Shrike): Dealt 1 damage to Shiden Custom (Ryusei-Go), now destroyed

Zaku Ⅱ deployed

Gundam deployed

Turn end phase started

Kiraya

Passed

t4vi

Passed

Turn ended!

Turn 10 started!

Kiraya

Played command: Airframe Seizure

Selecting target for Airframe Seizure

Ryusei-Go (Graze Custom Ⅱ) discarded

Airframe Seizure: Draw 2 cards

Played base: Isaribi

Shield card added to hand

Gundam Barbatos Adapt deployed

Selecting target for Gundam Barbatos Adapt

Gundam Barbatos Adapt: Dealt 1 damage to: Gundam Barbatos Adapt and Char's Zaku Ⅱ

Linked pilot: Mikazuki Augus on unit Gundam Barbatos Adapt

Selecting target for Mikazuki Augus

Mikazuki Augus: Dealt 1 damage to: Gundam Barbatos Adapt and Char's Zaku Ⅱ

t4vi

Selecting target for Char's Zaku Ⅱ

Card added to hand: Char's Zaku Ⅱ

Battle initiated

Kiraya

Battle declared: Gundam Barbatos Adapt against ReZEL

t4vi

No blockers available

Action step

t4vi

Passed

Kiraya

Passed

Battle started: Gundam Barbatos Adapt against ReZEL

t4vi

ReZEL received 4 damage, now destroyed

Kiraya

Gundam Barbatos Adapt received 4 damage, now destroyed

Battle ended

Turn end phase started

t4vi

Passed

Kiraya

Passed

Turn ended!

Turn 11 started!

t4vi

Linked pilot: Amuro Ray on unit Gundam

No targets for Amuro Ray

Battle initiated

t4vi

Battle declared: Gundam against Enemy Player

Kiraya

No blockers available

Action step

Kiraya

Passed