Mobile Suit Arena - Battle logs
Game started!

GD05NOOB

Choose to play second

Kiraya

Choose to mulligan starting hand

GD05NOOB

Choose to keep starting hand

Turn 1 started!

Turn end phase started

GD05NOOB

Passed

Kiraya

Passed

Turn ended!

Turn 2 started!

Turn end phase started

Kiraya

Passed

GD05NOOB

Passed

Turn ended!

Turn 3 started!

Kiraya

Graze Custom deployed

Graze Custom deployed

Turn end phase started

GD05NOOB

Passed

Kiraya

Passed

Turn ended!

Turn 4 started!

GD05NOOB

Flat (Militia) deployed

Turn end phase started

Kiraya

Passed

GD05NOOB

Passed

Turn ended!

Turn 5 started!

Kiraya

Gundam Barbatos 1st Form deployed

Played command: Overflowing Affection

Overflowing Affection: Draw 2 cards

Selecting target for Overflowing Affection

Shiden Custom (Ryusei-Go) discarded

Turn end phase started

GD05NOOB

Passed

Kiraya

Passed

Turn ended!

Turn 6 started!

GD05NOOB

Zoloat (League Militaire) deployed

Replaced EX Base base: Reineforce Jr.

Shield card added to hand

Parts deployed

Turn end phase started

Kiraya

Passed

GD05NOOB

Passed

Turn ended!

Turn 7 started!

Kiraya

Paired pilot: Lafter Frankland on unit Gundam Barbatos 1st Form

Replaced EX Base base: Isaribi

Shield card added to hand

Turn end phase started

GD05NOOB

Passed

Kiraya

Passed

Turn ended!

Turn 8 started!

GD05NOOB

Victory Gundam Hexa deployed

Turn end phase started

Kiraya

Passed

GD05NOOB

Passed

Turn ended!

Turn 9 started!

Kiraya

Gundam Gusion Rebake deployed

Selecting target for Gundam Gusion Rebake

Gundam Gusion Rebake: Dealt 1 damage to: Gundam Barbatos 1st Form and Parts

Battle initiated

Kiraya

Battle declared: Gundam Barbatos 1st Form against Enemy Player

Lafter Frankland: Modifier applied to: Gundam Barbatos 1st Form

Gundam Barbatos 1st Form: Draw a card

GD05NOOB

Can't block High-maneuver

Action step

GD05NOOB

Passed

Kiraya

Passed

Battle started: Gundam Barbatos 1st Form against Reineforce Jr.

GD05NOOB

Reineforce Jr. received 5 damage, now destroyed

Battle ended

Kiraya

Played command: Overflowing Affection

Overflowing Affection: Draw 2 cards

Selecting target for Overflowing Affection

Gundam Flauros (Ryusei-Go) discarded

Turn end phase started

GD05NOOB

Passed

Kiraya

Passed

Turn ended!

Turn 10 started!

GD05NOOB

V-Dash Gundam deployed

Linked pilot: Üso Ewin on unit V-Dash Gundam

Parts deployed

Activated: V-Dash Gundam

Rested unit: Parts

Selecting target for V-Dash Gundam

Rested unit: Graze Custom

Battle initiated

GD05NOOB

Battle declared: V-Dash Gundam against Gundam Barbatos 1st Form

Kiraya

Assigned no blocker

Action step

Kiraya

Passed

GD05NOOB

Passed

Battle started: V-Dash Gundam against Gundam Barbatos 1st Form

Kiraya

Gundam Barbatos 1st Form received 6 damage, now destroyed

GD05NOOB

V-Dash Gundam received 5 damage, leaving 1 HP remaining

Kiraya

Breach 3: : Isaribi received 3 damage, leaving 2 HP remaining

Battle ended

Battle initiated

GD05NOOB

Battle declared: Flat (Militia) against Graze Custom

Kiraya

Assigned Gundam Gusion Rebake to block

Action step

Kiraya

Passed

GD05NOOB

Passed

Battle started: Flat (Militia) against Gundam Gusion Rebake

Kiraya

Gundam Gusion Rebake received 2 damage, leaving 3 HP remaining

GD05NOOB

Flat (Militia) received 3 damage, leaving 1 HP remaining

Battle ended

Battle initiated

GD05NOOB

Battle declared: Zoloat (League Militaire) against Gundam Gusion Rebake

Kiraya

No blockers available

Action step

Kiraya

Passed

GD05NOOB

Passed

Battle started: Zoloat (League Militaire) against Gundam Gusion Rebake

Kiraya

Gundam Gusion Rebake received 3 damage, now destroyed

GD05NOOB

Zoloat (League Militaire) received 3 damage, now destroyed

Battle ended

Battle initiated

GD05NOOB

Battle declared: Victory Gundam Hexa against Graze Custom

Kiraya

No blockers available

Action step

Kiraya

Passed

GD05NOOB

Passed

Battle started: Victory Gundam Hexa against Graze Custom

Kiraya

Graze Custom received 4 damage, now destroyed

GD05NOOB

Victory Gundam Hexa received 2 damage, leaving 2 HP remaining

Battle ended

Turn end phase started

Kiraya

Passed

GD05NOOB

Passed

Turn ended!

Turn 11 started!

Kiraya

Gundam Flauros (Ryusei-Go) deployed

Selecting target for Gundam Flauros (Ryusei-Go)

Gundam Barbatos Adapt deployed

Selecting target for Gundam Barbatos Adapt

Gundam Barbatos Adapt: Dealt 1 damage to: Gundam Barbatos Adapt and V-Dash Gundam

Battle initiated

Kiraya

Battle declared: Graze Custom against Victory Gundam Hexa

GD05NOOB

No blockers available

Action step

GD05NOOB

Passed

Kiraya

Passed

Battle started: Graze Custom against Victory Gundam Hexa

GD05NOOB

Victory Gundam Hexa received 2 damage, now destroyed

Kiraya

Graze Custom received 4 damage, now destroyed

Battle ended

Turn end phase started

GD05NOOB

Passed

Kiraya

Passed

Turn ended!

Turn 12 started!

GD05NOOB

Aile Strike Gundam deployed

Turn end phase started

Kiraya

Passed

GD05NOOB

Passed

Turn ended!

Turn 13 started!

Kiraya

Gundam Barbatos Lupus deployed

Activated: Gundam Barbatos Lupus

Gundam Gusion Rebake, Graze Custom and Graze Custom exiled from the game

Selecting target for Gundam Barbatos Lupus

Gundam Barbatos Lupus: Dealt 2 damage to Aile Strike Gundam, leaving 2 HP remaining

Winner!

Game ended!