Mobile Suit Arena - Battle logs
Game started!

CPvip

Choose to play second

Choose to mulligan starting hand

Kiraya

Choose to keep starting hand

Turn 1 started!

Turn end phase started

CPvip

Passed

Kiraya

Passed

Turn ended!

Turn 2 started!

CPvip

Jegan deployed

Turn end phase started

Kiraya

Passed

CPvip

Passed

Turn ended!

Turn 3 started!

Kiraya

Graze Custom deployed

Turn end phase started

CPvip

Passed

Kiraya

Passed

Turn ended!

Turn 4 started!

CPvip

Kayra's Jegan deployed

Selecting target for Kayra's Jegan

Kayra's Jegan: Modifier applied to: Jegan

Battle initiated

CPvip

Battle declared: Jegan against Graze Custom

Kiraya

No blockers available

Action step

Kiraya

Passed

CPvip

Passed

Battle started: Jegan against Graze Custom

Kiraya

Graze Custom received 2 damage, now destroyed

CPvip

Jegan received 2 damage, now destroyed

Battle ended

Turn end phase started

Kiraya

Passed

CPvip

Passed

Turn ended!

Turn 5 started!

Kiraya

Hyakuren deployed

Turn end phase started

CPvip

Passed

Kiraya

Passed

Turn ended!

Turn 6 started!

CPvip

Re-GZ deployed

Turn end phase started

Kiraya

Passed

CPvip

Passed

Turn ended!

Turn 7 started!

Kiraya

Replaced EX Base base: Hotarubi

Shield card added to hand

Gundam Barbatos Adapt deployed

Selecting target for Gundam Barbatos Adapt

Gundam Barbatos Adapt: Dealt 1 damage to: Gundam Barbatos Adapt and Re-GZ

Selecting target for Hotarubi

Rested base: Hotarubi

Hotarubi milled 1: Ryusei-Go (Graze Custom Ⅱ) moved to trash

Linked pilot: Mikazuki Augus on unit Gundam Barbatos Adapt

Selecting target for Mikazuki Augus

Mikazuki Augus: Dealt 1 damage to: Gundam Barbatos Adapt and Re-GZ

CPvip

Selecting target for Re-GZ

Card added to hand: Nu Gundam

Battle initiated

Kiraya

Battle declared: Hyakuren against Enemy Player

CPvip

No blockers available

Action step

CPvip

Passed

Kiraya

Passed

Battle started: Hyakuren against EX Base

CPvip

EX Base received 4 damage, now destroyed

Battle ended

Battle initiated

Kiraya

Battle declared: Gundam Barbatos Adapt against Enemy Player

CPvip

No blockers available

Action step

CPvip

Passed

Kiraya

Passed

Battle started: Gundam Barbatos Adapt against Enemy Shield

CPvip

Shield card: Re-GZ BWS revealed and discarded

Battle ended

Turn end phase started

CPvip

Passed

Kiraya

Passed

Turn ended!

Turn 8 started!

CPvip

Nu Gundam deployed

Placed 1 Resource EX

Linked pilot: Amuro Ray on unit Nu Gundam

Battle initiated

CPvip

Battle declared: Nu Gundam against Gundam Barbatos Adapt

Kiraya

No blockers available

Action step

Kiraya

Passed

CPvip

Passed

Battle started: Nu Gundam against Gundam Barbatos Adapt

Kiraya

Gundam Barbatos Adapt received 6 damage, now destroyed

CPvip

Nu Gundam received 4 damage, leaving 2 HP remaining

Kiraya

Breach 3: : Hotarubi received 3 damage, leaving 2 HP remaining

CPvip

Healed 2 damage to: Nu Gundam

Battle ended

Battle initiated

CPvip

Battle declared: Kayra's Jegan against Enemy Player

Kiraya

No blockers available

Action step

Kiraya

Passed

CPvip

Passed

Battle started: Kayra's Jegan against Hotarubi

Kiraya

Hotarubi received 2 damage, now destroyed

Battle ended

Turn end phase started

Kiraya

Passed

CPvip

Passed

Turn ended!

Turn 9 started!

Battle initiated

Kiraya

Battle declared: Hyakuren against Nu Gundam

CPvip

No blockers available

Action step

CPvip

Passed

Kiraya

Passed

Battle started: Hyakuren against Nu Gundam

CPvip

Nu Gundam received 4 damage, now destroyed

Kiraya

Hyakuren received 6 damage, now destroyed

Battle ended

Kiraya

Gundam Barbatos 1st Form deployed

Gundam Barbatos Adapt deployed

Selecting target for Gundam Barbatos Adapt

Gundam Barbatos Adapt: Dealt 1 damage to: Gundam Barbatos 1st Form and Kayra's Jegan

Turn end phase started

CPvip

Passed

Kiraya

Passed

Turn ended!

Turn 10 started!

CPvip

Played base: Ra Cailum

Shield card added to hand

Nu Gundam deployed

Placed 1 Resource EX

Battle initiated

CPvip

Battle declared: Kayra's Jegan against Enemy Player

Kiraya

No blockers available

Action step

Kiraya

Passed

CPvip

Passed

Battle started: Kayra's Jegan against Enemy Shield

Kiraya

Shield card: Hotarubi revealed

Played base: Hotarubi

Shield card added to hand

Battle ended

Turn end phase started

Kiraya

Passed

CPvip

Passed

Turn ended!

Turn 11 started!

Battle initiated

Kiraya

Battle declared: Gundam Barbatos Adapt against Kayra's Jegan

CPvip

No blockers available

Action step

CPvip

Passed

Kiraya

Passed

Battle started: Gundam Barbatos Adapt against Kayra's Jegan

CPvip

Kayra's Jegan received 2 damage, now destroyed

Kiraya

Gundam Barbatos Adapt received 2 damage, leaving 2 HP remaining

Battle ended

Battle initiated

Kiraya

Battle declared: Gundam Barbatos 1st Form against Enemy Player

Gundam Barbatos 1st Form: Draw a card

CPvip

No blockers available

Action step

CPvip

Passed

Kiraya

Passed

Battle started: Gundam Barbatos 1st Form against Ra Cailum

CPvip

Ra Cailum received 3 damage, leaving 2 HP remaining

Battle ended

Kiraya

Played command: Overflowing Affection

Overflowing Affection: Draw 2 cards

Selecting target for Overflowing Affection

Isaribi discarded

Gundam Barbatos 1st Form deployed

Gundam Barbatos Adapt deployed

Selecting target for Gundam Barbatos Adapt

Gundam Barbatos Adapt: Dealt 1 damage to: Gundam Barbatos 1st Form and Nu Gundam

Selecting target for Hotarubi

Rested base: Hotarubi

Hotarubi milled 1: Isaribi moved to trash

Graze Custom deployed

Turn end phase started

CPvip

Passed

Kiraya

Passed

Turn ended!

Turn 12 started!

CPvip

Activated: Ra Cailum

Rested base: Ra Cailum

Ra Cailum: Modifier applied to: Nu Gundam

Battle initiated

CPvip

Battle declared: Nu Gundam against Gundam Barbatos 1st Form

Kiraya

No blockers available

Action step

Kiraya

Passed

CPvip

Passed

Battle started: Nu Gundam against Gundam Barbatos 1st Form

Kiraya

Gundam Barbatos 1st Form received 4 damage, now destroyed

CPvip

Nu Gundam received 3 damage, reduced by 1, leaving 1 HP remaining

Battle ended

CPvip

Nu Gundam deployed

Jegan deployed

Turn end phase started

Kiraya

Passed

CPvip

Passed

Turn ended!

Turn 13 started!

Battle initiated

Kiraya

Battle declared: Gundam Barbatos 1st Form against Enemy Player

Gundam Barbatos 1st Form: Draw a card

CPvip

No blockers available

Action step

CPvip

Passed

Kiraya

Passed

Battle started: Gundam Barbatos 1st Form against Ra Cailum

CPvip

Ra Cailum received 3 damage, now destroyed

Battle ended

Kiraya

Gundam Gusion Rebake deployed

Selecting target for Gundam Gusion Rebake

Gundam Gusion Rebake: Dealt 1 damage to: Gundam Barbatos Adapt and Nu Gundam

Selecting target for Hotarubi

Rested base: Hotarubi

Hotarubi milled 1: Ryusei-Go (Graze Custom Ⅱ) moved to trash

Shiden Custom (Ryusei-Go) deployed

Battle initiated

Kiraya

Battle declared: Gundam Barbatos Adapt against Enemy Player

CPvip

No blockers available

Action step

CPvip

Passed

Kiraya

Passed

Battle started: Gundam Barbatos Adapt against Enemy Shield

CPvip

Shield card: Kayra's Re-GZ revealed and discarded

Battle ended

Battle initiated

Kiraya

Battle declared: Graze Custom against Enemy Player

CPvip

No blockers available

Action step

CPvip

Passed

Kiraya

Passed

Battle started: Graze Custom against Enemy Shield

CPvip

Shield card: Re-GZ BWS revealed and discarded

Battle ended

Battle initiated

Kiraya

Battle declared: Gundam Barbatos Adapt against Enemy Player

CPvip

No blockers available

Action step

CPvip

Passed

Kiraya

Passed

Battle started: Gundam Barbatos Adapt against Enemy Shield

CPvip

Shield card: Kindhearted revealed

Kindhearted: Draw a card

Shield card: Kindhearted moved to trash

Battle ended

Turn end phase started

CPvip

Passed

Kiraya

Passed

Turn ended!

Turn 14 started!

CPvip

Played base: Ra Cailum

Shield card added to hand

Battle initiated

CPvip

Battle declared: Nu Gundam against Gundam Barbatos 1st Form

Kiraya

Assigned Gundam Gusion Rebake to block

Action step

Kiraya

Passed

CPvip

Passed

Battle started: Nu Gundam against Gundam Gusion Rebake

Kiraya

Gundam Gusion Rebake received 5 damage, now destroyed

CPvip

Nu Gundam received 3 damage, leaving 2 HP remaining

Kiraya

Breach 5: : Hotarubi received 5 damage, now destroyed

Battle ended

CPvip

Nu Gundam deployed

Linked pilot: Amuro Ray on unit Nu Gundam

Selecting target for Nu Gundam

Jegan, Re-GZ and Re-GZ BWS exiled from the game

Selecting target for Nu Gundam

Battle started: Nu Gundam against Shiden Custom (Ryusei-Go)

Kiraya

Shiden Custom (Ryusei-Go) received 7 damage, now destroyed

CPvip

Nu Gundam received 4 damage, leaving 3 HP remaining

Kiraya

Breach 5 Shield card: Gundam Exia Repair revealed and discarded

CPvip

Healed 2 damage to: Nu Gundam

Battle ended

Battle initiated

CPvip

Battle declared: Nu Gundam against Gundam Barbatos 1st Form

Kiraya

No blockers available

Action step

Kiraya

Passed

CPvip

Passed

Battle started: Nu Gundam against Gundam Barbatos 1st Form

Kiraya

Gundam Barbatos 1st Form received 7 damage, now destroyed

CPvip

Nu Gundam received 3 damage, leaving 2 HP remaining

Kiraya

Breach 5 Shield card: Shiden Custom (Ryusei-Go) revealed and discarded

CPvip

Healed 2 damage to: Nu Gundam

Battle ended

CPvip

Activated: Ra Cailum

Rested base: Ra Cailum

Ra Cailum: Modifier applied to: Jegan

Battle initiated

CPvip

Battle declared: Jegan against Gundam Barbatos Adapt

Kiraya

No blockers available

Action step

Kiraya

Passed

CPvip

Passed

Battle started: Jegan against Gundam Barbatos Adapt

Kiraya

Gundam Barbatos Adapt received 2 damage, now destroyed

CPvip

Jegan received 2 damage, reduced by 1, leaving 1 HP remaining

Battle ended

Turn end phase started

Kiraya

Passed

CPvip

Passed

Turn ended!

Turn 15 started!

Kiraya

Gundam Barbatos 1st Form deployed

Linked pilot: Mikazuki Augus on unit Gundam Barbatos 1st Form

Selecting target for Mikazuki Augus

Mikazuki Augus: Dealt 1 damage to: Gundam Barbatos 1st Form and Jegan

Battle initiated

Kiraya

Battle declared: Gundam Barbatos 1st Form against Enemy Player

Gundam Barbatos 1st Form: Draw a card

CPvip

No blockers available

Action step

CPvip

Passed

Kiraya

Passed

Battle started: Gundam Barbatos 1st Form against Ra Cailum

CPvip

Ra Cailum received 5 damage, now destroyed

Battle ended

Battle initiated

Kiraya

Battle declared: Gundam Barbatos Adapt against Enemy Player

CPvip

No blockers available

Action step

CPvip

Passed

Kiraya

Passed

Battle started: Gundam Barbatos Adapt against Enemy Player

CPvip

No more shields available, game is over!

Kiraya

Winner!

Game ended!