Mobile Suit Arena - Battle logs
Game started!

Chinken

Choose to play first

Kiraya

Choose to mulligan starting hand

Chinken

Choose to mulligan starting hand

Turn 1 started!

Turn end phase started

Kiraya

Passed

Chinken

Passed

Turn ended!

Turn 2 started!

Kiraya

Gundam Exia Repair deployed

Turn end phase started

Chinken

Passed

Kiraya

Passed

Turn ended!

Turn 3 started!

Turn end phase started

Kiraya

Passed

Chinken

Passed

Turn ended!

Turn 4 started!

Battle initiated

Kiraya

Battle declared: Gundam Exia Repair against Enemy Player

Chinken

No blockers available

Action step

Chinken

Passed

Kiraya

Passed

Battle started: Gundam Exia Repair against EX Base

Chinken

EX Base received 2 damage, leaving 1 HP remaining

Battle ended

Turn end phase started

Chinken

Passed

Kiraya

Passed

Turn ended!

Turn 5 started!

Chinken

Guntank deployed

Selecting target for Guntank

Guntank: Dealt 1 damage to Gundam Exia Repair, now destroyed

Kiraya

Gundam Exia Repair milled 2: Graze Custom and Ryusei-Go (Graze Custom Ⅱ) moved to trash

Chinken

Rick Dom deployed

Turn end phase started

Kiraya

Passed

Chinken

Passed

Turn ended!

Turn 6 started!

Kiraya

Replaced EX Base base: Hotarubi

Shield card added to hand

Gundam Barbatos Adapt deployed

Selecting target for Gundam Barbatos Adapt

Gundam Barbatos Adapt: Dealt 1 damage to: Gundam Barbatos Adapt and Rick Dom

Selecting target for Hotarubi

Rested base: Hotarubi

Hotarubi milled 1: Overflowing Affection moved to trash

Turn end phase started

Chinken

Passed

Kiraya

Passed

Turn ended!

Turn 7 started!

Chinken

Gundam deployed

Jegan deployed

Turn end phase started

Kiraya

Passed

Chinken

Passed

Turn ended!

Turn 8 started!

Kiraya

Gundam Flauros (Ryusei-Go) deployed

Selecting target for Gundam Flauros (Ryusei-Go)

Turn end phase started

Chinken

Passed

Kiraya

Passed

Turn ended!

Turn 9 started!

Battle initiated

Chinken

Battle declared: Gundam against Enemy Player

Kiraya

No blockers available

Action step

Kiraya

Passed

Chinken

Passed

Battle started: Gundam against Hotarubi

Kiraya

Hotarubi received 3 damage, leaving 2 HP remaining

Battle ended

Battle initiated

Chinken

Battle declared: Jegan against Enemy Player

Kiraya

No blockers available

Action step

Kiraya

Passed

Chinken

Passed

Battle started: Jegan against Hotarubi

Kiraya

Hotarubi received 2 damage, now destroyed

Battle ended

Battle initiated

Chinken

Battle declared: Rick Dom against Enemy Player

Kiraya

No blockers available

Action step

Kiraya

Passed

Chinken

Passed

Battle started: Rick Dom against Enemy Shield

Kiraya

Shield card: Lafter Frankland revealed

Shield card added to hand: Lafter Frankland

Battle ended

Chinken

Gundam NT-1 deployed

Guntank deployed

No targets for Guntank

Turn end phase started

Kiraya

Passed

Chinken

Passed

Turn ended!

Turn 10 started!

Kiraya

Gundam Gusion Rebake deployed

Selecting target for Gundam Gusion Rebake

Gundam Gusion Rebake: Dealt 1 damage to: Gundam Gusion Rebake and Guntank

Linked pilot: Mikazuki Augus on unit Gundam Barbatos Adapt

Selecting target for Mikazuki Augus

Mikazuki Augus: Dealt 1 damage to: Gundam Flauros (Ryusei-Go) and Guntank

Battle initiated

Kiraya

Battle declared: Gundam Barbatos Adapt against Rick Dom

Chinken

No blockers available

Action step

Chinken

Passed

Kiraya

Passed

Battle started: Gundam Barbatos Adapt against Rick Dom

Chinken

Rick Dom received 4 damage, now destroyed

Kiraya

Gundam Barbatos Adapt received 3 damage, leaving 1 HP remaining

Battle ended

Battle initiated

Kiraya

Battle declared: Gundam Flauros (Ryusei-Go) against Gundam

No targets for Gundam Flauros (Ryusei-Go)

Chinken

No blockers available

Action step

Chinken

Passed

Kiraya

Passed

Battle started: Gundam Flauros (Ryusei-Go) against Gundam

Chinken

Gundam received 5 damage, now destroyed

Kiraya

Gundam Flauros (Ryusei-Go) received 3 damage, now destroyed

Battle ended

Kiraya

Played base: Hotarubi

Shield card added to hand

Turn end phase started

Chinken

Passed

Kiraya

Passed

Turn ended!

Turn 11 started!

Chinken

Dijeh deployed

Linked pilot: Amuro Ray on unit Dijeh

Battle initiated

Chinken

Battle declared: Dijeh against Enemy Player

Kiraya

Assigned no blocker

Action step

Kiraya

Passed

Chinken

Passed

Battle started: Dijeh against Hotarubi

Kiraya

Hotarubi received 5 damage, now destroyed

Battle ended

Battle initiated

Chinken

Battle declared: Gundam NT-1 against Enemy Player

Kiraya

Assigned Gundam Gusion Rebake to block

Action step

Kiraya

Passed

Chinken

Passed

Battle started: Gundam NT-1 against Gundam Gusion Rebake

Kiraya

Gundam Gusion Rebake received 4 damage, now destroyed

Chinken

Gundam NT-1 received 3 damage, leaving 1 HP remaining

Battle ended

Chinken

Guntank deployed

Selecting target for Guntank

Guntank: Dealt 1 damage to Gundam Barbatos Adapt, now destroyed

Turn end phase started

Kiraya

Passed

Chinken

Passed

Gundam NT-1 repaired 2 from [Repair 2]

Turn ended!

Turn 12 started!

Kiraya

Gundam Flauros (Ryusei-Go) deployed

Selecting target for Gundam Flauros (Ryusei-Go)

Played base: Isaribi

Shield card added to hand

Turn end phase started

Chinken

Passed

Kiraya

Passed

Turn ended!

Turn 13 started!

Battle initiated

Chinken

Battle declared: Dijeh against Enemy Player

Kiraya

No blockers available

Action step

Kiraya

Passed

Chinken

Passed

Battle started: Dijeh against Isaribi

Kiraya

Isaribi received 5 damage, now destroyed

Battle ended

Battle initiated

Chinken

Battle declared: Jegan against Enemy Player

Kiraya

No blockers available

Action step

Kiraya

Passed

Chinken

Passed

Battle started: Jegan against Enemy Shield

Kiraya

Shield card: Ryusei-Go (Graze Custom Ⅱ) revealed and discarded

Battle ended

Battle initiated

Chinken

Battle declared: Gundam NT-1 against Enemy Player

Kiraya

No blockers available

Action step

Kiraya

Passed

Chinken

Passed

Battle started: Gundam NT-1 against Enemy Shield

Kiraya

Shield card: Hyakuren revealed and discarded

Battle ended

Chinken

Zeong deployed

Linked pilot: Char Aznable on unit Zeong

Wire-Guided Arm deployed

Wire-Guided Arm deployed

Selecting target for discard

Discarded Jegan

Zaku Ⅱ deployed

Battle initiated

Chinken

Battle declared: Zeong against Enemy Player

Char Aznable: Modifier applied to: Zeong

Kiraya

Can't block High-maneuver

Action step

Kiraya

Passed

Chinken

Passed

Battle started: Zeong against Enemy Player

Kiraya

No more shields available, game is over!

Chinken

Winner!

Game ended!