Mobile Suit Arena - Battle logs
Game started!

maomao

Choose to play first

Choose to keep starting hand

Kiraya

Choose to mulligan starting hand

Turn 1 started!

Turn end phase started

Kiraya

Passed

maomao

Passed

Turn ended!

Turn 2 started!

Kiraya

Gundam Exia Repair deployed

Turn end phase started

maomao

Passed

Kiraya

Passed

Turn ended!

Turn 3 started!

maomao

Zoloat (League Militaire) deployed

Turn end phase started

Kiraya

Passed

maomao

Passed

Turn ended!

Turn 4 started!

Battle initiated

Kiraya

Battle declared: Gundam Exia Repair against Enemy Player

maomao

Assigned no blocker

Action step

maomao

Passed

Kiraya

Passed

Battle started: Gundam Exia Repair against EX Base

maomao

EX Base received 2 damage, leaving 1 HP remaining

Battle ended

Kiraya

Graze Custom deployed

Gundam Exia Repair deployed

Turn end phase started

maomao

Passed

Kiraya

Passed

Turn ended!

Turn 5 started!

maomao

Played command: Overflowing Affection

Overflowing Affection: Draw 2 cards

Selecting target for Overflowing Affection

V-Dash Gundam discarded

Turn end phase started

Kiraya

Passed

maomao

Passed

Turn ended!

Turn 6 started!

Kiraya

Replaced EX Base base: Hotarubi

Shield card added to hand

Battle initiated

Kiraya

Battle declared: Gundam Exia Repair against Enemy Player

maomao

Assigned no blocker

Action step

maomao

Passed

Kiraya

Passed

Battle started: Gundam Exia Repair against EX Base

maomao

EX Base received 2 damage, now destroyed

Battle ended

Battle initiated

Kiraya

Battle declared: Gundam Exia Repair against Enemy Player

maomao

Assigned no blocker

Action step

maomao

Passed

Kiraya

Passed

Battle started: Gundam Exia Repair against Enemy Shield

maomao

Shield card: Unicorn Gundam 02 Banshee Norn (Destroy Mode) revealed and discarded

Battle ended

Kiraya

Hyakuren deployed

Battle initiated

Kiraya

Battle declared: Graze Custom against Enemy Player

maomao

Assigned no blocker

Action step

maomao

Passed

Kiraya

Passed

Battle started: Graze Custom against Enemy Shield

maomao

Shield card: Reineforce Jr. revealed

Played base: Reineforce Jr.

Shield card added to hand

Battle ended

Turn end phase started

maomao

Passed

Kiraya

Passed

Turn ended!

Turn 7 started!

maomao

Delta Plus deployed

Linked pilot: Amuro Ray on unit Delta Plus

Selecting target for Amuro Ray

Rested unit: Hyakuren

Battle initiated

maomao

Battle declared: Delta Plus against Gundam Exia Repair

Kiraya

No blockers available

Action step

Kiraya

Passed

maomao

Passed

Battle started: Delta Plus against Gundam Exia Repair

Kiraya

Gundam Exia Repair received 6 damage, now destroyed

maomao

Delta Plus received 2 damage, leaving 3 HP remaining

Kiraya

Gundam Exia Repair milled 2: Gundam Flauros (Ryusei-Go) and Gundam Barbatos Adapt moved to trash

Battle ended

Battle initiated

maomao

Battle declared: Zoloat (League Militaire) against Hyakuren

Kiraya

No blockers available

Action step

Kiraya

Passed

maomao

Passed

Battle started: Zoloat (League Militaire) against Hyakuren

Kiraya

Hyakuren received 3 damage, now destroyed

maomao

Zoloat (League Militaire) received 4 damage, now destroyed

Battle ended

Turn end phase started

Kiraya

Passed

maomao

Passed

Delta Plus repaired 1 from [Repair 1]

Turn ended!

Turn 8 started!

Kiraya

Gundam Barbatos 1st Form deployed

Linked pilot: Mikazuki Augus on unit Gundam Barbatos 1st Form

Selecting target for Mikazuki Augus

Mikazuki Augus: Dealt 1 damage to: Gundam Barbatos 1st Form and Delta Plus

Selecting target for Hotarubi

Rested base: Hotarubi

Hotarubi milled 1: Gundam Exia Repair moved to trash

Battle initiated

Kiraya

Battle declared: Gundam Barbatos 1st Form against Enemy Player

Gundam Barbatos 1st Form: Draw a card

maomao

No blockers available

Action step

maomao

Passed

Kiraya

Passed

Battle started: Gundam Barbatos 1st Form against Reineforce Jr.

maomao

Reineforce Jr. received 5 damage, now destroyed

Battle ended

Kiraya

Paired pilot: Mikazuki Augus on unit Graze Custom

Selecting target for Mikazuki Augus

Mikazuki Augus: Dealt 1 damage to: Graze Custom and Delta Plus

Battle initiated

Kiraya

Battle declared: Gundam Exia Repair against Delta Plus

maomao

No blockers available

Action step

maomao

Passed

Kiraya

Passed

Battle started: Gundam Exia Repair against Delta Plus

maomao

Delta Plus received 2 damage, now destroyed

Kiraya

Gundam Exia Repair received 6 damage, now destroyed

Gundam Exia Repair milled 2: Gundam Gusion Rebake and Gundam Gusion Rebake moved to trash

Battle ended

Battle initiated

Kiraya

Battle declared: Graze Custom against Enemy Player

maomao

No blockers available

Action step

maomao

Passed

Kiraya

Passed

Battle started: Graze Custom against Enemy Shield

maomao

Shield card: Üso Ewin revealed

Shield card added to hand: Üso Ewin

Battle ended

Turn end phase started

maomao

Passed

Kiraya

Passed

Turn ended!

Turn 9 started!

maomao

Victory Gundam deployed

Linked pilot: Üso Ewin on unit Victory Gundam

Parts deployed

Javelin deployed

Battle initiated

maomao

Battle declared: Victory Gundam against Gundam Barbatos 1st Form

Victory Gundam: Draw a card

Kiraya

No blockers available

Action step

Kiraya

Passed

maomao

Passed

Battle started: Victory Gundam against Gundam Barbatos 1st Form

Kiraya

Gundam Barbatos 1st Form received 5 damage, now destroyed

maomao

Victory Gundam received 5 damage, now destroyed

Battle ended

Turn end phase started

Kiraya

Passed

maomao

Passed

Turn ended!

Turn 10 started!

Kiraya

Gundam Barbatos 1st Form deployed

Shiden Custom (Ryusei-Go) deployed

Battle initiated

Kiraya

Battle declared: Graze Custom against Enemy Player

maomao

No blockers available

Action step

maomao

Passed

Kiraya

Passed

Battle started: Graze Custom against Enemy Shield

maomao

Shield card: Üso Ewin revealed

Shield card added to hand: Üso Ewin

Battle ended

Turn end phase started

maomao

Passed

Kiraya

Passed

Turn ended!

Turn 11 started!

maomao

Victory Gundam deployed

Linked pilot: Üso Ewin on unit Victory Gundam

Parts deployed

Battle initiated

maomao

Battle declared: Victory Gundam against Enemy Player

Victory Gundam: Draw a card

Kiraya

Assigned no blocker

Action step

Kiraya

Passed

maomao

Passed

Battle started: Victory Gundam against Hotarubi

Kiraya

Hotarubi received 5 damage, now destroyed

Battle ended

Battle initiated

maomao

Battle declared: Javelin against Graze Custom

Kiraya

Assigned Shiden Custom (Ryusei-Go) to block

Action step

Kiraya

Passed

maomao

Passed

Battle started: Javelin against Shiden Custom (Ryusei-Go)

Kiraya

Shiden Custom (Ryusei-Go) received 2 damage, leaving 1 HP remaining

maomao

Javelin received 4 damage, now destroyed

Battle ended

Battle initiated

maomao

Battle declared: Parts against Shiden Custom (Ryusei-Go)

Kiraya

No blockers available

Action step

Kiraya

Passed

maomao

Passed

Battle started: Parts against Shiden Custom (Ryusei-Go)

Kiraya

Shiden Custom (Ryusei-Go) received 1 damage, now destroyed

maomao

Parts received 4 damage, now destroyed

Battle ended

Turn end phase started

Kiraya

Passed

maomao

Passed

Turn ended!

Turn 12 started!

Battle initiated

Kiraya

Battle declared: Gundam Barbatos 1st Form against Enemy Player

maomao

No blockers available

Action step

maomao

Passed

Kiraya

Passed

Battle started: Gundam Barbatos 1st Form against Enemy Shield

maomao

Shield card: V-Dash Gundam revealed and discarded

Battle ended

Battle initiated

Kiraya

Battle declared: Graze Custom against Enemy Player

maomao

No blockers available

Action step

maomao

Passed

Kiraya

Passed

Battle started: Graze Custom against Enemy Player

maomao

No more shields available, game is over!

Kiraya

Winner!

Game ended!