Mobile Suit Arena - Battle logs
Game started!

Kiraya

Choose to play first

Choose to keep starting hand

crossroads

Choose to keep starting hand

Turn 1 started!

Turn end phase started

crossroads

Passed

Kiraya

Passed

Turn ended!

Turn 2 started!

crossroads

Jegan deployed

Turn end phase started

Kiraya

Passed

crossroads

Passed

Turn ended!

Turn 3 started!

Kiraya

Graze Custom deployed

Graze Custom deployed

Turn end phase started

crossroads

Passed

Kiraya

Passed

Turn ended!

Turn 4 started!

crossroads

ReZEL deployed

Turn end phase started

Kiraya

Passed

crossroads

Passed

Turn ended!

Turn 5 started!

Battle initiated

Kiraya

Battle declared: Graze Custom against Enemy Player

crossroads

No blockers available

Action step

crossroads

Passed

Kiraya

Passed

Battle started: Graze Custom against EX Base

crossroads

EX Base received 2 damage, leaving 1 HP remaining

Battle ended

Battle initiated

Kiraya

Battle declared: Graze Custom against Enemy Player

crossroads

No blockers available

Action step

crossroads

Passed

Kiraya

Passed

Battle started: Graze Custom against EX Base

crossroads

EX Base received 2 damage, now destroyed

Battle ended

Kiraya

Hyakuren deployed

Turn end phase started

crossroads

Passed

Kiraya

Passed

Turn ended!

Turn 6 started!

Battle initiated

crossroads

Battle declared: ReZEL against Graze Custom

Kiraya

No blockers available

Action step

Kiraya

Passed

crossroads

Passed

Battle started: ReZEL against Graze Custom

Kiraya

Graze Custom received 4 damage, now destroyed

crossroads

ReZEL received 2 damage, leaving 1 HP remaining

Battle ended

Battle initiated

crossroads

Battle declared: Jegan against Graze Custom

Kiraya

No blockers available

Action step

Kiraya

Passed

crossroads

Passed

Battle started: Jegan against Graze Custom

Kiraya

Graze Custom received 2 damage, now destroyed

crossroads

Jegan received 2 damage, now destroyed

Battle ended

crossroads

ReZEL deployed

Jegan deployed

Turn end phase started

Kiraya

Passed

crossroads

Passed

Turn ended!

Turn 7 started!

Kiraya

Replaced EX Base base: Hotarubi

Shield card added to hand

Gundam Barbatos Adapt deployed

Selecting target for Gundam Barbatos Adapt

Gundam Barbatos Adapt: Dealt 1 damage to: Gundam Barbatos Adapt and ReZEL

Selecting target for Hotarubi

Rested base: Hotarubi

Hotarubi milled 1: Gundam Barbatos Lupus moved to trash

Battle initiated

Kiraya

Battle declared: Hyakuren against Enemy Player

crossroads

No blockers available

Action step

crossroads

Passed

Kiraya

Passed

Battle started: Hyakuren against Enemy Shield

crossroads

Shield card: Gundam NT-1 revealed and discarded

Battle ended

Turn end phase started

crossroads

Passed

Kiraya

Passed

Turn ended!

Turn 8 started!

Battle initiated

crossroads

Battle declared: Jegan against Hyakuren

Kiraya

No blockers available

Action step

Kiraya

Passed

crossroads

Passed

Battle started: Jegan against Hyakuren

Kiraya

Hyakuren received 2 damage, leaving 1 HP remaining

crossroads

Jegan received 4 damage, now destroyed

Battle ended

crossroads

Guntank deployed

Selecting target for Guntank

Guntank: Dealt 1 damage to Hyakuren, now destroyed

Battle initiated

crossroads

Battle declared: ReZEL against Enemy Player

Kiraya

No blockers available

Action step

Kiraya

Passed

crossroads

Passed

Battle started: ReZEL against Hotarubi

Kiraya

Hotarubi received 4 damage, leaving 1 HP remaining

Battle ended

crossroads

Re-GZ BWS deployed

Placed 1 Resource EX

Turn end phase started

Kiraya

Passed

crossroads

Passed

Turn ended!

Turn 9 started!

Kiraya

Gundam Barbatos Adapt deployed

Selecting target for Gundam Barbatos Adapt

Gundam Barbatos Adapt: Dealt 1 damage to: Gundam Barbatos Adapt and ReZEL

Selecting target for Hotarubi

Rested base: Hotarubi

Hotarubi milled 1: Hyakuren moved to trash

Shiden Custom (Ryusei-Go) deployed

Battle initiated

Kiraya

Battle declared: Gundam Barbatos Adapt against ReZEL

crossroads

No blockers available

Action step

crossroads

Passed

Kiraya

Passed

Battle started: Gundam Barbatos Adapt against ReZEL

crossroads

ReZEL received 2 damage, now destroyed

Kiraya

Gundam Barbatos Adapt received 4 damage, now destroyed

Battle ended

Turn end phase started

crossroads

Passed

Kiraya

Passed

Turn ended!

Turn 10 started!

Battle initiated

crossroads

Battle declared: Re-GZ BWS against Enemy Player

Kiraya

Assigned Shiden Custom (Ryusei-Go) to block

Action step

Kiraya

Passed

crossroads

Passed

Battle started: Re-GZ BWS against Shiden Custom (Ryusei-Go)

Kiraya

Shiden Custom (Ryusei-Go) received 2 damage, leaving 1 HP remaining

crossroads

Re-GZ BWS received 4 damage, now destroyed

Battle ended

Battle initiated

crossroads

Battle declared: Guntank against Enemy Player

Kiraya

No blockers available

Action step

Kiraya

Passed

crossroads

Passed

Battle started: Guntank against Hotarubi

Kiraya

Hotarubi received 1 damage, now destroyed

Battle ended

crossroads

Jegan deployed

Jegan deployed

Turn end phase started

Kiraya

Passed

crossroads

Passed

Turn ended!

Turn 11 started!

Kiraya

Gundam Gusion Rebake deployed

Selecting target for Gundam Gusion Rebake

Gundam Gusion Rebake: Dealt 1 damage to: Gundam Gusion Rebake and Jegan

Gundam Barbatos Adapt deployed

Selecting target for Gundam Barbatos Adapt

Gundam Barbatos Adapt: Dealt 1 damage to: Gundam Barbatos Adapt and Jegan

Battle initiated

Kiraya

Battle declared: Gundam Barbatos Adapt against Guntank

crossroads

No blockers available

Action step

crossroads

Passed

Kiraya

Passed

Battle started: Gundam Barbatos Adapt against Guntank

crossroads

Guntank received 2 damage, now destroyed

Kiraya

Gundam Barbatos Adapt received 1 damage, leaving 2 HP remaining

Battle ended

Battle initiated

Kiraya

Battle declared: Shiden Custom (Ryusei-Go) against Enemy Player

crossroads

No blockers available

Action step

crossroads

Passed

Kiraya

Passed

Battle started: Shiden Custom (Ryusei-Go) against Enemy Shield

crossroads

Shield card: Loto revealed and discarded

Battle ended

Turn end phase started

crossroads

Passed

Kiraya

Passed

Turn ended!

Turn 12 started!

crossroads

Gundam deployed

Linked pilot: Amuro Ray on unit Gundam

Battle initiated

crossroads

Battle declared: Gundam against Gundam Barbatos Adapt

Kiraya

Assigned no blocker

Action step

Kiraya

Passed

crossroads

Passed

Battle started: Gundam against Gundam Barbatos Adapt

Kiraya

Gundam Barbatos Adapt received 8 damage, now destroyed

crossroads

Gundam received 2 damage, leaving 3 HP remaining

Healed 2 damage to: Gundam

Battle ended

Battle initiated

crossroads

Battle declared: Jegan against Shiden Custom (Ryusei-Go)

Kiraya

Assigned Gundam Gusion Rebake to block

Action step

Kiraya

Passed

crossroads

Passed

Battle started: Jegan against Gundam Gusion Rebake

Kiraya

Gundam Gusion Rebake received 2 damage, leaving 2 HP remaining

crossroads

Jegan received 3 damage, now destroyed

Battle ended

Turn end phase started

Kiraya

Passed

crossroads

Passed

Turn ended!

Turn 13 started!

Kiraya

Gundam Gusion Rebake deployed

Selecting target for Gundam Gusion Rebake

Gundam Gusion Rebake: Dealt 1 damage to: Gundam Gusion Rebake and Gundam

Battle initiated

Kiraya

Battle declared: Shiden Custom (Ryusei-Go) against Gundam

crossroads

No blockers available

Action step

crossroads

Passed

Kiraya

Passed

Battle started: Shiden Custom (Ryusei-Go) against Gundam

crossroads

Gundam received 4 damage, now destroyed

Kiraya

Shiden Custom (Ryusei-Go) received 8 damage, now destroyed

Battle ended

Battle initiated

Kiraya

Battle declared: Gundam Barbatos Adapt against Enemy Player

crossroads

No blockers available

Action step

crossroads

Passed

Kiraya

Passed

Battle started: Gundam Barbatos Adapt against Enemy Shield

crossroads

Shield card: Amuro Ray revealed

Shield card added to hand: Amuro Ray

Battle ended

Battle initiated

Kiraya

Battle declared: Gundam Gusion Rebake against Enemy Player

crossroads

No blockers available

Action step

crossroads

Passed

Kiraya

Passed

Battle started: Gundam Gusion Rebake against Enemy Shield

crossroads

Shield card: Jaburo revealed

Played base: Jaburo

Shield card added to hand

Battle ended

Kiraya

Ryusei-Go (Graze Custom Ⅱ) deployed

Selecting target for Ryusei-Go (Graze Custom Ⅱ)

Ryusei-Go (Graze Custom Ⅱ): Dealt 1 damage to Ryusei-Go (Graze Custom Ⅱ), leaving 1 HP remaining

Ryusei-Go (Graze Custom Ⅱ): Draw a card

Selecting target for Ryusei-Go (Graze Custom Ⅱ)

Gundam Exia Repair discarded

Played base: Isaribi

Shield card added to hand

Turn end phase started

crossroads

Passed

Kiraya

Passed

Turn ended!

Turn 14 started!

crossroads

Re-GZ BWS deployed

Placed 1 Resource EX

Linked pilot: Amuro Ray on unit Re-GZ BWS

Selecting target for Amuro Ray

Rested unit: Gundam Gusion Rebake

Gundam deployed

Linked pilot: Amuro Ray on unit Gundam

Battle initiated

crossroads

Battle declared: Re-GZ BWS against Gundam Barbatos Adapt

Kiraya

No blockers available

Action step

Kiraya

Passed

crossroads

Passed

Battle started: Re-GZ BWS against Gundam Barbatos Adapt

Kiraya

Gundam Barbatos Adapt received 5 damage, now destroyed

crossroads

Re-GZ BWS received 2 damage, leaving 1 HP remaining

Battle ended

Battle initiated

crossroads

Battle declared: Gundam against Gundam Gusion Rebake

Kiraya

No blockers available

Action step

Kiraya

Passed

crossroads

Passed

Battle started: Gundam against Gundam Gusion Rebake

Kiraya

Gundam Gusion Rebake received 6 damage, now destroyed

crossroads

Gundam received 3 damage, leaving 3 HP remaining

Healed 2 damage to: Gundam

Battle ended

Turn end phase started

Kiraya

Passed

crossroads

Passed

Gundam repaired 1 from [Repair 2]

Turn ended!

Turn 15 started!

Kiraya

Gundam Barbatos 1st Form deployed

Activated: Isaribi

Rested base: Isaribi

Isaribi: Modifier applied to: Gundam Gusion Rebake

Battle initiated

Kiraya

Battle declared: Gundam Gusion Rebake against Enemy Player

crossroads

No blockers available

Action step

crossroads

Passed

Kiraya

Passed

Battle started: Gundam Gusion Rebake against Jaburo

crossroads

Jaburo received 5 damage, now destroyed

Battle ended

Battle initiated

Kiraya

Battle declared: Ryusei-Go (Graze Custom Ⅱ) against Enemy Player

crossroads

No blockers available

Action step

crossroads

Passed

Kiraya

Passed

Battle started: Ryusei-Go (Graze Custom Ⅱ) against Enemy Shield

crossroads

Shield card: Nu Gundam revealed and discarded

Battle ended

Turn end phase started

crossroads

Passed

Kiraya

Passed

Turn ended!

Turn 16 started!

crossroads

Played base: Jaburo

No more Shield cards to add to hand

Battle initiated

crossroads

Battle declared: Re-GZ BWS against Ryusei-Go (Graze Custom Ⅱ)

Kiraya

No blockers available

Action step

Kiraya

Passed

crossroads

Passed

Battle started: Re-GZ BWS against Ryusei-Go (Graze Custom Ⅱ)

Kiraya

Ryusei-Go (Graze Custom Ⅱ) received 5 damage, now destroyed

crossroads

Re-GZ BWS received 2 damage, now destroyed

Battle ended

Battle initiated

crossroads

Battle declared: Gundam against Gundam Gusion Rebake

Kiraya

No blockers available

Action step

Kiraya

Passed

crossroads

Passed

Battle started: Gundam against Gundam Gusion Rebake

Kiraya

Gundam Gusion Rebake received 6 damage, now destroyed

crossroads

Gundam received 3 damage, leaving 3 HP remaining

Healed 2 damage to: Gundam

Battle ended

Turn end phase started

Kiraya

Passed

crossroads

Passed

Gundam repaired 1 from [Repair 2]

Turn ended!

Turn 17 started!

Kiraya

Gundam Barbatos 1st Form deployed

Paired pilot: Lafter Frankland on unit Gundam Barbatos 1st Form

Battle initiated

Kiraya

Battle declared: Gundam Barbatos 1st Form against Enemy Player

crossroads

No blockers available

Action step

crossroads

Passed

Kiraya

Passed

Battle started: Gundam Barbatos 1st Form against Jaburo

crossroads

Jaburo received 5 damage, now destroyed

Battle ended

Turn end phase started

crossroads

Passed

Kiraya

Passed

Turn ended!

Turn 18 started!

Battle initiated

crossroads

Battle declared: Gundam against Gundam Barbatos 1st Form

Kiraya

No blockers available

Action step

Kiraya

Passed

crossroads

Passed

Battle started: Gundam against Gundam Barbatos 1st Form

Kiraya

Gundam Barbatos 1st Form received 6 damage, now destroyed

crossroads

Gundam received 5 damage, leaving 1 HP remaining

Healed 2 damage to: Gundam

Battle ended

crossroads

Nu Gundam deployed

Turn end phase started

Kiraya

Passed

crossroads

Passed

Gundam repaired 2 from [Repair 2]

Turn ended!

Turn 19 started!

Kiraya

Linked pilot: Mikazuki Augus on unit Gundam Barbatos 1st Form

Selecting target for Mikazuki Augus

Mikazuki Augus: Dealt 1 damage to: Gundam Barbatos 1st Form and Gundam

Battle initiated

Kiraya

Battle declared: Gundam Barbatos 1st Form against Enemy Player

Gundam Barbatos 1st Form: Draw a card

crossroads

No blockers available

Action step

crossroads

Passed

Kiraya

Passed

Battle started: Gundam Barbatos 1st Form against Enemy Player

crossroads

No more shields available, game is over!

crossroads

Winner!

Game ended!