Mobile Suit Arena - Battle logs
Game started!

ded

Choose to play first

Choose to keep starting hand

Kiraya

Choose to keep starting hand

Turn 1 started!

Turn end phase started

Kiraya

Passed

ded

Passed

Turn ended!

Turn 2 started!

Kiraya

Gundam Exia Repair deployed

Turn end phase started

ded

Passed

Kiraya

Passed

Turn ended!

Turn 3 started!

ded

Javelin deployed

Turn end phase started

Kiraya

Passed

ded

Passed

Turn ended!

Turn 4 started!

Kiraya

Hyakuren deployed

Battle initiated

Kiraya

Battle declared: Gundam Exia Repair against Enemy Player

ded

No blockers available

Action step

ded

Passed

Kiraya

Passed

Battle started: Gundam Exia Repair against EX Base

ded

EX Base received 2 damage, leaving 1 HP remaining

Battle ended

Turn end phase started

ded

Passed

Kiraya

Passed

Turn ended!

Turn 5 started!

Battle initiated

ded

Battle declared: Javelin against Gundam Exia Repair

Kiraya

No blockers available

Action step

Kiraya

Passed

ded

Passed

Battle started: Javelin against Gundam Exia Repair

Kiraya

Gundam Exia Repair received 2 damage, now destroyed

ded

Javelin received 2 damage, now destroyed

Kiraya

Gundam Exia Repair milled 2: Overflowing Affection and Hyakuren moved to trash

Battle ended

ded

Victory Gundam deployed

Turn end phase started

Kiraya

Passed

ded

Passed

Turn ended!

Turn 6 started!

Kiraya

Gundam Barbatos 1st Form deployed

Ryusei-Go (Graze Custom Ⅱ) deployed

Selecting target for Ryusei-Go (Graze Custom Ⅱ)

Ryusei-Go (Graze Custom Ⅱ): Dealt 1 damage to Gundam Barbatos 1st Form, leaving 1 HP remaining

Ryusei-Go (Graze Custom Ⅱ): Draw a card

Selecting target for Ryusei-Go (Graze Custom Ⅱ)

Overflowing Affection discarded

Battle initiated

Kiraya

Battle declared: Hyakuren against Enemy Player

ded

No blockers available

Action step

ded

Passed

Kiraya

Passed

Battle started: Hyakuren against EX Base

ded

EX Base received 4 damage, now destroyed

Battle ended

Turn end phase started

ded

Passed

Kiraya

Passed

Turn ended!

Turn 7 started!

ded

Played base: Reineforce Jr.

Shield card added to hand

Parts deployed

Battle initiated

ded

Battle declared: Victory Gundam against Hyakuren

Kiraya

No blockers available

Action step

Kiraya

Passed

ded

Passed

Battle started: Victory Gundam against Hyakuren

Kiraya

Hyakuren received 3 damage, now destroyed

ded

Victory Gundam received 4 damage, now destroyed

Parts deployed

Battle ended

ded

Victory Gundam deployed

Turn end phase started

Kiraya

Passed

ded

Passed

Turn ended!

Turn 8 started!

Kiraya

Linked pilot: Mikazuki Augus on unit Gundam Barbatos 1st Form

Selecting target for Mikazuki Augus

Mikazuki Augus: Dealt 1 damage to: Ryusei-Go (Graze Custom Ⅱ) and Parts

Played command: Overflowing Affection

Overflowing Affection: Draw 2 cards

Selecting target for Overflowing Affection

Gundam Barbatos Lupus discarded

Battle initiated

Kiraya

Battle declared: Gundam Barbatos 1st Form against Enemy Player

Gundam Barbatos 1st Form: Draw a card

ded

No blockers available

Action step

ded

Passed

Kiraya

Passed

Battle started: Gundam Barbatos 1st Form against Reineforce Jr.

ded

Reineforce Jr. received 5 damage, now destroyed

Battle ended

Kiraya

Hyakuren deployed

Battle initiated

Kiraya

Battle declared: Ryusei-Go (Graze Custom Ⅱ) against Enemy Player

ded

No blockers available

Action step

ded

Passed

Kiraya

Passed

Battle started: Ryusei-Go (Graze Custom Ⅱ) against Enemy Shield

ded

Shield card: Kira Yamato revealed

Shield card added to hand: Kira Yamato

Battle ended

Turn end phase started

ded

Passed

Kiraya

Passed

Turn ended!

Turn 9 started!

Battle initiated

ded

Battle declared: Victory Gundam against Gundam Barbatos 1st Form

Kiraya

No blockers available

Action step

Kiraya

Passed

ded

Passed

Battle started: Victory Gundam against Gundam Barbatos 1st Form

Kiraya

Gundam Barbatos 1st Form received 3 damage, now destroyed

ded

Victory Gundam received 5 damage, now destroyed

Parts deployed

Battle ended

Battle initiated

ded

Battle declared: Parts against Ryusei-Go (Graze Custom Ⅱ)

Kiraya

No blockers available

Action step

Kiraya

Passed

ded

Passed

Battle started: Parts against Ryusei-Go (Graze Custom Ⅱ)

Kiraya

Ryusei-Go (Graze Custom Ⅱ) received 1 damage, now destroyed

ded

Parts received 2 damage, now destroyed

Battle ended

ded

Victory Gundam deployed

Turn end phase started

Kiraya

Passed

ded

Passed

Turn ended!

Turn 10 started!

Kiraya

Gundam Gusion Rebake deployed

Selecting target for Gundam Gusion Rebake

Gundam Gusion Rebake: Dealt 1 damage to: Hyakuren and Parts

Battle initiated

Kiraya

Battle declared: Hyakuren against Enemy Player

ded

No blockers available

Action step

ded

Passed

Kiraya

Passed

Battle started: Hyakuren against Enemy Shield

ded

Shield card: Gun EZ revealed and discarded

Battle ended

Kiraya

Played command: Overflowing Affection

Overflowing Affection: Draw 2 cards

Selecting target for Overflowing Affection

Graze Custom discarded

Turn end phase started

ded

Passed

Kiraya

Passed

Turn ended!

Turn 11 started!

ded

Paired pilot: Kira Yamato on unit Victory Gundam

Battle initiated

ded

Battle declared: Victory Gundam against Hyakuren

Selecting target for Kira Yamato

Kira Yamato: Modifier applied to: Hyakuren

Kiraya

Assigned no blocker

Action step

Kiraya

Passed

ded

Passed

Battle started: Victory Gundam against Hyakuren

Kiraya

Hyakuren received 5 damage, now destroyed

ded

Victory Gundam received 2 damage, leaving 1 HP remaining

Battle ended

ded

V-Dash Gundam deployed

Linked pilot: Üso Ewin on unit V-Dash Gundam

Parts deployed

Battle initiated

ded

Battle declared: V-Dash Gundam against Enemy Player

Kiraya

Assigned no blocker

Action step

Kiraya

Passed

ded

Passed

Battle started: V-Dash Gundam against EX Base

Kiraya

EX Base received 6 damage, now destroyed

Battle ended

Turn end phase started

Kiraya

Passed

ded

Passed

Turn ended!

Turn 12 started!

Kiraya

Played base: Hotarubi

Shield card added to hand

Gundam Flauros (Ryusei-Go) deployed

Selecting target for Gundam Flauros (Ryusei-Go)

Linked pilot: Mikazuki Augus on unit Gundam Flauros (Ryusei-Go)

Selecting target for Mikazuki Augus

Mikazuki Augus: Dealt 1 damage to: Gundam Gusion Rebake and Victory Gundam

Selecting target for Hotarubi

Rested base: Hotarubi

Hotarubi milled 1: Gundam Barbatos 1st Form moved to trash

ded

Parts deployed

Battle initiated

Kiraya

Battle declared: Gundam Flauros (Ryusei-Go) against Enemy Player

Selecting target for Gundam Flauros (Ryusei-Go)

ded

No blockers available

Action step

ded

Passed

Kiraya

Passed

Battle started: Gundam Flauros (Ryusei-Go) against Enemy Shield

ded

Shield card: Kira Yamato revealed

Shield card added to hand: Kira Yamato

Battle ended

Turn end phase started

ded

Passed

Kiraya

Passed

Turn ended!

Turn 13 started!

ded

V-Dash Gundam deployed

Linked pilot: Üso Ewin on unit V-Dash Gundam

Parts deployed

Activated: V-Dash Gundam

Rested unit: Parts

Selecting target for V-Dash Gundam

Rested unit: Gundam Gusion Rebake

Battle initiated

ded

Battle declared: V-Dash Gundam against Gundam Flauros (Ryusei-Go)

Kiraya

No blockers available

Action step

Kiraya

Passed

ded

Passed

Battle started: V-Dash Gundam against Gundam Flauros (Ryusei-Go)

Kiraya

Gundam Flauros (Ryusei-Go) received 6 damage, now destroyed

ded

V-Dash Gundam received 7 damage, now destroyed

Kiraya

Breach 3: : Hotarubi received 3 damage, leaving 2 HP remaining

Battle ended

Battle initiated

ded

Battle declared: V-Dash Gundam against Gundam Gusion Rebake

Kiraya

No blockers available

Action step

Kiraya

Passed

ded

Passed

Battle started: V-Dash Gundam against Gundam Gusion Rebake

Kiraya

Gundam Gusion Rebake received 6 damage, now destroyed

ded

V-Dash Gundam received 3 damage, leaving 3 HP remaining

Kiraya

Breach 3: : Hotarubi received 3 damage, now destroyed

Battle ended

Turn end phase started

Kiraya

Passed

ded

Passed

Turn ended!

Turn 14 started!

Kiraya

Played base: Isaribi

Shield card added to hand

Gundam Barbatos Adapt deployed

Selecting target for Gundam Barbatos Adapt

Gundam Barbatos Adapt: Dealt 1 damage to: Gundam Barbatos Adapt and Parts

Gundam Gusion Rebake deployed

Selecting target for Gundam Gusion Rebake

Gundam Gusion Rebake: Dealt 1 damage to: Gundam Gusion Rebake and V-Dash Gundam

Turn end phase started

ded

Passed

Kiraya

Passed

Turn ended!

Turn 15 started!

ded

Strike Freedom Gundam deployed

Selecting target for Strike Freedom Gundam

Strike Freedom Gundam: chose V-Dash Gundam and Strike Freedom Gundam

Linked pilot: Kira Yamato on unit Strike Freedom Gundam

Kira Yamato: Draw a card

Battle initiated

ded

Battle declared: V-Dash Gundam against Enemy Player

Kiraya

Assigned Gundam Gusion Rebake to block

Action step

Kiraya

Passed

ded

Passed

Battle started: V-Dash Gundam against Gundam Gusion Rebake

Kiraya

Gundam Gusion Rebake received 6 damage, now destroyed

ded

V-Dash Gundam received 3 damage, now destroyed

Strike Freedom Gundam: Draw a card

Kiraya

Breach 3: : Isaribi received 3 damage, leaving 2 HP remaining

Battle ended

Battle initiated

ded

Battle declared: Strike Freedom Gundam against Enemy Player

Selecting target for Strike Freedom Gundam

Kira Yamato and Kira Yamato discarded

Selecting target for Strike Freedom Gundam

Kiraya

Gundam Barbatos Adapt returned to deck

No blockers available

Action step

Kiraya

Passed

ded

Passed

Battle started: Strike Freedom Gundam against Isaribi

Kiraya

Isaribi received 7 damage, now destroyed

ded

Strike Freedom Gundam: Draw a card

Battle ended

Turn end phase started

Kiraya

Passed

ded

Passed

Turn ended!

Turn 16 started!

Kiraya

Shiden Custom (Ryusei-Go) deployed

Gundam Exia Repair deployed

Turn end phase started

ded

Passed

Kiraya

Passed

Turn ended!

Turn 17 started!

ded

V-Dash Gundam deployed

Linked pilot: Üso Ewin on unit V-Dash Gundam

Parts deployed

Gun EZ deployed

Selecting target for Gun EZ

Rested unit: Gun EZ

Selecting target for Gun EZ

Rested unit: Gundam Exia Repair

Activated: V-Dash Gundam

Rested unit: Parts

Selecting target for V-Dash Gundam

Rested unit: Shiden Custom (Ryusei-Go)

Battle initiated

ded

Battle declared: V-Dash Gundam against Shiden Custom (Ryusei-Go)

Kiraya

No blockers available

Action step

Kiraya

Passed

ded

Passed

Battle started: V-Dash Gundam against Shiden Custom (Ryusei-Go)

Kiraya

Shiden Custom (Ryusei-Go) received 6 damage, now destroyed

ded

V-Dash Gundam received 4 damage, leaving 2 HP remaining

Kiraya

Breach 3 Shield card: Ryusei-Go (Graze Custom Ⅱ) revealed and discarded

Battle ended

Battle initiated

ded

Battle declared: Strike Freedom Gundam against Gundam Exia Repair

Selecting target for Strike Freedom Gundam

Kiraya

No blockers available

Action step

Kiraya

Passed

ded

Passed

Battle started: Strike Freedom Gundam against Gundam Exia Repair

Kiraya

Gundam Exia Repair received 7 damage, now destroyed

ded

Strike Freedom Gundam received 2 damage, leaving 6 HP remaining

Kiraya

Gundam Exia Repair milled 2: Mikazuki Augus and Gundam Flauros (Ryusei-Go) moved to trash

Battle ended

Turn end phase started

Kiraya

Passed

ded

Passed

Turn ended!

Turn 18 started!

Kiraya

Shiden Custom (Ryusei-Go) deployed

Turn end phase started

ded

Passed

Kiraya

Passed

Turn ended!

Turn 19 started!

ded

Activated: V-Dash Gundam

Rested unit: Parts

Selecting target for V-Dash Gundam

Rested unit: Shiden Custom (Ryusei-Go)

Battle initiated

ded

Battle declared: Gun EZ against Enemy Player

Kiraya

No blockers available

Action step

Kiraya

Passed

ded

Passed

Battle started: Gun EZ against Enemy Shield

Kiraya

Shield card: Gundam Barbatos Adapt revealed and discarded

Battle ended

ded

Aile Strike Gundam deployed

Linked pilot: Kira Yamato on unit Aile Strike Gundam

Selecting target for Aile Strike Gundam

Kiraya

Shiden Custom (Ryusei-Go) returned to hand

Battle initiated

ded

Battle declared: V-Dash Gundam against Enemy Player

Kiraya

No blockers available

Action step

Kiraya

Passed

ded

Passed

Battle started: V-Dash Gundam against Enemy Shield

Kiraya

Shield card: Graze Custom revealed and discarded

Battle ended

Battle initiated

ded

Battle declared: Aile Strike Gundam against Enemy Player

No targets for Kira Yamato

Kiraya

No blockers available

Action step

Kiraya

Passed

ded

Passed

Battle started: Aile Strike Gundam against Enemy Shield

Kiraya

Shield card: Graze Custom revealed and discarded

Battle ended

Battle initiated

ded

Battle declared: Strike Freedom Gundam against Enemy Player

Kiraya

No blockers available

Action step

Kiraya

Passed

ded

Passed

Battle started: Strike Freedom Gundam against Enemy Player

Kiraya

No more shields available, game is over!

ded

Winner!

Game ended!