Mobile Suit Arena - Battle logs
Game started!

Kiraya

Choose to play first

Choose to keep starting hand

Amada

Choose to keep starting hand

Turn 1 started!

Turn end phase started

Amada

Passed

Kiraya

Passed

Turn ended!

Turn 2 started!

Turn end phase started

Kiraya

Passed

Amada

Passed

Turn ended!

Turn 3 started!

Kiraya

Played command: Overflowing Affection

Overflowing Affection: Draw 2 cards

Selecting target for Overflowing Affection

Ryusei-Go (Graze Custom Ⅱ) discarded

Graze Custom deployed

Turn end phase started

Amada

Passed

Kiraya

Passed

Turn ended!

Turn 4 started!

Amada

Gundam Virtue deployed

Turn end phase started

Kiraya

Passed

Amada

Passed

Turn ended!

Turn 5 started!

Kiraya

Hyakuren deployed

Gundam Exia Repair deployed

Battle initiated

Kiraya

Battle declared: Graze Custom against Enemy Player

Amada

No blockers available

Action step

Amada

Passed

Kiraya

Passed

Battle started: Graze Custom against EX Base

Amada

EX Base received 2 damage, leaving 1 HP remaining

Battle ended

Turn end phase started

Amada

Passed

Kiraya

Passed

Turn ended!

Turn 6 started!

Amada

Played command: Airframe Seizure

Selecting target for Airframe Seizure

Gundam Exia (Trans-Am) discarded

Airframe Seizure: Draw 2 cards

Gundam Exia Repair deployed

Battle initiated

Amada

Battle declared: Gundam Virtue against Graze Custom

Kiraya

No blockers available

Action step

Kiraya

Passed

Amada

Passed

Battle started: Gundam Virtue against Graze Custom

Kiraya

Graze Custom received 3 damage, now destroyed

Amada

Gundam Virtue received 2 damage, leaving 1 HP remaining

Battle ended

Turn end phase started

Kiraya

Passed

Amada

Passed

Turn ended!

Turn 7 started!

Kiraya

Gundam Barbatos Adapt deployed

Selecting target for Gundam Barbatos Adapt

Gundam Barbatos Adapt: Dealt 1 damage to: Gundam Barbatos Adapt and Gundam Virtue

Linked pilot: Mikazuki Augus on unit Gundam Barbatos Adapt

Selecting target for Mikazuki Augus

Mikazuki Augus: Dealt 1 damage to: Gundam Barbatos Adapt and Gundam Exia Repair

Amada

Gundam Exia Repair milled 2: GN Armor Type-E and Gundam Exia Repair moved to trash

Battle initiated

Kiraya

Battle declared: Gundam Exia Repair against Enemy Player

Amada

No blockers available

Action step

Amada

Passed

Kiraya

Passed

Battle started: Gundam Exia Repair against EX Base

Amada

EX Base received 2 damage, now destroyed

Battle ended

Battle initiated

Kiraya

Battle declared: Hyakuren against Enemy Player

Amada

No blockers available

Action step

Amada

Passed

Kiraya

Passed

Battle started: Hyakuren against Enemy Shield

Amada

Shield card: Gundam Virtue revealed and discarded

Battle ended

Battle initiated

Kiraya

Battle declared: Gundam Barbatos Adapt against Enemy Player

Amada

No blockers available

Action step

Amada

Passed

Kiraya

Passed

Battle started: Gundam Barbatos Adapt against Enemy Shield

Amada

Shield card: GN Armor Type-E revealed and discarded

Battle ended

Turn end phase started

Amada

Passed

Kiraya

Passed

Turn ended!

Turn 8 started!

Amada

Gundam Kyrios deployed

Linked pilot: Hallelujah Haptism on unit Gundam Kyrios

Battle initiated

Amada

Battle declared: Gundam Kyrios against Gundam Exia Repair

Kiraya

No blockers available

Action step

Kiraya

Passed

Amada

Passed

Battle started: Gundam Kyrios against Gundam Exia Repair

Kiraya

Gundam Exia Repair received 5 damage, now destroyed

Amada

Damage prevented

Gundam Kyrios received 0 damage, leaving 5 HP remaining

Selecting target for Hallelujah Haptism

Card added to hand: GN Armor (Type-E)

Kiraya

Gundam Exia Repair milled 2: Overflowing Affection and Shiden Custom (Ryusei-Go) moved to trash

Battle ended

Turn end phase started

Kiraya

Passed

Amada

Passed

Turn ended!

Turn 9 started!

Battle initiated

Kiraya

Battle declared: Gundam Barbatos Adapt against Gundam Kyrios

Amada

No blockers available

Action step

Amada

Passed

Kiraya

Passed

Battle started: Gundam Barbatos Adapt against Gundam Kyrios

Amada

Gundam Kyrios received 4 damage, leaving 1 HP remaining

Kiraya

Gundam Barbatos Adapt received 5 damage, now destroyed

Battle ended

Kiraya

Played command: Overflowing Affection

Overflowing Affection: Draw 2 cards

Selecting target for Overflowing Affection

Gundam Flauros (Ryusei-Go) discarded

Gundam Gusion Rebake deployed

Selecting target for Gundam Gusion Rebake

Gundam Gusion Rebake: Dealt 1 damage to: Gundam Gusion Rebake and Gundam Kyrios

Battle initiated

Kiraya

Battle declared: Hyakuren against Enemy Player

Amada

No blockers available

Action step

Amada

Passed

Kiraya

Passed

Battle started: Hyakuren against Enemy Shield

Amada

Shield card: Setsuna F. Seiei revealed

Shield card added to hand: Setsuna F. Seiei

Battle ended

Turn end phase started

Amada

Passed

Kiraya

Passed

Turn ended!

Turn 10 started!

Amada

Gundam Kyrios (Trans-Am) deployed

Linked pilot: Hallelujah Haptism on unit Gundam Kyrios (Trans-Am)

Battle initiated

Amada

Battle declared: Gundam Kyrios (Trans-Am) against Hyakuren

Kiraya

Assigned no blocker

Action step

Kiraya

Passed

Amada

Passed

Battle started: Gundam Kyrios (Trans-Am) against Hyakuren

Kiraya

Hyakuren received 7 damage, now destroyed

Amada

Damage prevented

Gundam Kyrios (Trans-Am) received 0 damage, leaving 5 HP remaining

Selecting target for Hallelujah Haptism

Card added to hand: Setsuna F. Seiei

Battle ended

Turn end phase started

Kiraya

Passed

Amada

Passed

Turn ended!

Turn 11 started!

Kiraya

Gundam Barbatos 1st Form deployed

Ryusei-Go (Graze Custom Ⅱ) deployed

Selecting target for Ryusei-Go (Graze Custom Ⅱ)

Ryusei-Go (Graze Custom Ⅱ): Dealt 1 damage to Gundam Barbatos 1st Form, leaving 1 HP remaining

Ryusei-Go (Graze Custom Ⅱ): Draw a card

Selecting target for Ryusei-Go (Graze Custom Ⅱ)

Gundam Barbatos 1st Form discarded

Linked pilot: Mikazuki Augus on unit Gundam Barbatos 1st Form

Selecting target for Mikazuki Augus

Mikazuki Augus: Dealt 1 damage to: Gundam Barbatos 1st Form and Gundam Kyrios (Trans-Am)

Battle initiated

Kiraya

Battle declared: Gundam Barbatos 1st Form against Gundam Kyrios (Trans-Am)

Gundam Barbatos 1st Form: Draw a card

Amada

No blockers available

Action step

Amada

Passed

Kiraya

Passed

Battle started: Gundam Barbatos 1st Form against Gundam Kyrios (Trans-Am)

Amada

Gundam Kyrios (Trans-Am) received 5 damage, now destroyed

Kiraya

Gundam Barbatos 1st Form received 7 damage, now destroyed

Battle ended

Turn end phase started

Amada

Passed

Kiraya

Passed

Turn ended!

Turn 12 started!

Amada

GN Armor Type-E deployed

No targets for GN Armor Type-E

GN Armor (Type-E) deployed

Turn end phase started

Kiraya

Passed

Amada

Passed

Turn ended!

Turn 13 started!

Kiraya

Gundam Barbatos Lupus deployed

Activated: Gundam Barbatos Lupus

Gundam Flauros (Ryusei-Go), Hyakuren and Gundam Barbatos 1st Form exiled from the game

Selecting target for Gundam Barbatos Lupus

Gundam Barbatos Lupus: Dealt 2 damage to GN Armor (Type-E), leaving 2 HP remaining

Activated: Gundam Barbatos Lupus

Shiden Custom (Ryusei-Go), Gundam Barbatos Adapt and Gundam Barbatos 1st Form exiled from the game

Selecting target for Gundam Barbatos Lupus

Gundam Barbatos Lupus: Dealt 2 damage to GN Armor (Type-E), now destroyed

Battle initiated

Kiraya

Battle declared: Ryusei-Go (Graze Custom Ⅱ) against Enemy Player

Amada

No blockers available

Action step

Amada

Passed

Kiraya

Passed

Battle started: Ryusei-Go (Graze Custom Ⅱ) against Enemy Shield

Amada

Shield card: Airframe Seizure revealed and discarded

Battle ended

Turn end phase started

Amada

Passed

Kiraya

Passed

Turn ended!

Turn 14 started!

Amada

Gundam Exia deployed

Linked pilot: Setsuna F. Seiei on unit Gundam Exia

Gundam Exia milled 2: Gundam Exia and Gundam Exia (Trans-Am) moved to trash

Gundam Exia: Draw a card

Battle initiated

Amada

Battle declared: Gundam Exia against Ryusei-Go (Graze Custom Ⅱ)

Setsuna F. Seiei: Modifier applied to: GN Armor Type-E

Setsuna F. Seiei: Modifier applied to: Gundam Exia

Kiraya

Assigned no blocker

Action step

Kiraya

Passed

Amada

Passed

Battle started: Gundam Exia against Ryusei-Go (Graze Custom Ⅱ)

Kiraya

Ryusei-Go (Graze Custom Ⅱ) received 7 damage, now destroyed

Amada

Gundam Exia received 2 damage, leaving 3 HP remaining

Battle ended

Battle initiated

Amada

Battle declared: GN Armor Type-E against Enemy Player

Kiraya

Assigned Gundam Gusion Rebake to block

Action step

Kiraya

Passed

Amada

Played action: Damage Control

Damage Control: Modifier applied to: GN Armor Type-E

Kiraya

Passed

Amada

Passed

Battle started: GN Armor Type-E against Gundam Gusion Rebake

Kiraya

Gundam Gusion Rebake received 4 damage, now destroyed

Amada

GN Armor Type-E received 3 damage, reduced by 3, leaving 3 HP remaining

Battle ended

Amada

Played base: Ptolemaios

Shield card added to hand

Turn end phase started

Kiraya

Passed

Amada

Passed

Gundam Exia turn end: 1 resource set as active

Turn ended!

Turn 15 started!

Kiraya

Activated: Gundam Barbatos Lupus

Graze Custom, Ryusei-Go (Graze Custom Ⅱ) and Gundam Gusion Rebake exiled from the game

Selecting target for Gundam Barbatos Lupus

Gundam Barbatos Lupus: Dealt 2 damage to Gundam Exia, leaving 1 HP remaining

Gundam Barbatos 1st Form deployed

Gundam Barbatos Adapt deployed

Selecting target for Gundam Barbatos Adapt

Gundam Barbatos Adapt: Dealt 1 damage to: Gundam Barbatos 1st Form and Gundam Exia

Battle initiated

Kiraya

Battle declared: Gundam Barbatos Lupus against Enemy Player

Amada

No blockers available

Action step

Amada

Passed

Kiraya

Passed

Battle started: Gundam Barbatos Lupus against Ptolemaios

Amada

Ptolemaios received 5 damage, now destroyed

Battle ended

Kiraya

Gundam Flauros (Ryusei-Go) deployed

No targets for Gundam Flauros (Ryusei-Go)

Turn end phase started

Amada

Passed

Kiraya

Passed

Turn ended!

Turn 16 started!

Amada

Played command: Airframe Seizure

Selecting target for Airframe Seizure

Gundam Exia Repair discarded

Airframe Seizure: Draw 2 cards

Gundam Kyrios deployed

Linked pilot: Hallelujah Haptism on unit Gundam Kyrios

Battle initiated

Amada

Battle declared: Gundam Kyrios against Gundam Barbatos Lupus

Kiraya

No blockers available

Action step

Kiraya

Passed

Amada

Passed

Battle started: Gundam Kyrios against Gundam Barbatos Lupus

Kiraya

Gundam Barbatos Lupus received 5 damage, now destroyed

Amada

Damage prevented

Gundam Kyrios received 0 damage, leaving 5 HP remaining

Selecting target for Hallelujah Haptism

Card added to hand: Gundam Exia Repair

Battle ended

Battle initiated

Amada

Battle declared: GN Armor Type-E against Enemy Player

Kiraya

No blockers available

Action step

Kiraya

Passed

Amada

Passed

Battle started: GN Armor Type-E against EX Base

Kiraya

EX Base received 3 damage, now destroyed

Battle ended

Turn end phase started

Kiraya

Passed

Amada

Passed

Turn ended!

Turn 17 started!

Battle initiated

Kiraya

Battle declared: Gundam Barbatos 1st Form against Enemy Player

Gundam Barbatos 1st Form: Draw a card

Amada

No blockers available

Action step

Amada

Passed

Kiraya

Passed

Battle started: Gundam Barbatos 1st Form against Enemy Shield

Amada

Shield card: Gundam Exia revealed and discarded

Battle ended

Battle initiated

Kiraya

Battle declared: Gundam Barbatos Adapt against Enemy Player

Amada

No blockers available

Action step

Amada

Passed

Kiraya

Passed

Battle started: Gundam Barbatos Adapt against Enemy Player

Amada

No more shields available, game is over!

Kiraya

Winner!

Game ended!