Mobile Suit Arena - Battle logs
Game started!

WKNG

Choose to play second

Choose to keep starting hand

Kiraya

Choose to keep starting hand

Turn 1 started!

Turn end phase started

WKNG

Passed

Kiraya

Passed

Turn ended!

Turn 2 started!

Turn end phase started

Kiraya

Passed

WKNG

Passed

Turn ended!

Turn 3 started!

Kiraya

Graze Custom deployed

Turn end phase started

WKNG

Passed

Kiraya

Passed

Turn ended!

Turn 4 started!

WKNG

Kayra's Re-GZ deployed

Selecting target for Kayra's Re-GZ

Turn end phase started

Kiraya

Passed

WKNG

Passed

Turn ended!

Turn 5 started!

Kiraya

Gundam Barbatos 1st Form deployed

Played command: Overflowing Affection

Overflowing Affection: Draw 2 cards

Selecting target for Overflowing Affection

Hyakuren discarded

Battle initiated

Kiraya

Battle declared: Graze Custom against Enemy Player

WKNG

No blockers available

Action step

WKNG

Passed

Kiraya

Passed

Battle started: Graze Custom against EX Base

WKNG

EX Base received 2 damage, leaving 1 HP remaining

Battle ended

Turn end phase started

WKNG

Passed

Kiraya

Passed

Turn ended!

Turn 6 started!

Battle initiated

WKNG

Battle declared: Kayra's Re-GZ against Graze Custom

Kiraya

No blockers available

Action step

Kiraya

Passed

WKNG

Passed

Battle started: Kayra's Re-GZ against Graze Custom

Kiraya

Graze Custom received 3 damage, now destroyed

WKNG

Kayra's Re-GZ received 2 damage, leaving 1 HP remaining

Battle ended

WKNG

Played command: A Show of Resolve

A Show of Resolve: Draw 2 cards

Turn end phase started

Kiraya

Passed

WKNG

Passed

Turn ended!

Turn 7 started!

Kiraya

Gundam Barbatos Adapt deployed

Selecting target for Gundam Barbatos Adapt

Gundam Barbatos Adapt: Dealt 1 damage to: Gundam Barbatos 1st Form and Kayra's Re-GZ

Linked pilot: Mikazuki Augus on unit Gundam Barbatos Adapt

Paired pilot: Lafter Frankland on unit Gundam Barbatos 1st Form

Battle initiated

Kiraya

Battle declared: Gundam Barbatos Adapt against Enemy Player

WKNG

No blockers available

Action step

WKNG

Passed

Kiraya

Passed

Battle started: Gundam Barbatos Adapt against EX Base

WKNG

EX Base received 4 damage, now destroyed

Battle ended

Battle initiated

Kiraya

Battle declared: Gundam Barbatos 1st Form against Enemy Player

Lafter Frankland: Modifier applied to: Gundam Barbatos 1st Form

Gundam Barbatos 1st Form: Draw a card

WKNG

Can't block High-maneuver

Action step

WKNG

Passed

Kiraya

Passed

Battle started: Gundam Barbatos 1st Form against Enemy Shield

WKNG

Shield card: Nu Gundam revealed and discarded

Battle ended

Turn end phase started

WKNG

Passed

Kiraya

Passed

Turn ended!

Turn 8 started!

WKNG

Gundam NT-1 deployed

Linked pilot: Amuro Ray on unit Gundam NT-1

Selecting target for Gundam NT-1

Gundam NT-1: Dealt 1 damage to Gundam Barbatos Adapt, leaving 4 HP remaining

Battle initiated

WKNG

Battle declared: Gundam NT-1 against Gundam Barbatos 1st Form

Kiraya

No blockers available

Action step

Kiraya

Passed

WKNG

Passed

Battle started: Gundam NT-1 against Gundam Barbatos 1st Form

Kiraya

Gundam Barbatos 1st Form received 6 damage, now destroyed

WKNG

Gundam NT-1 received 5 damage, leaving 1 HP remaining

Healed 2 damage to: Gundam NT-1

Battle ended

Turn end phase started

Kiraya

Passed

WKNG

Passed

Gundam NT-1 repaired 2 from [Repair 2]

Turn ended!

Turn 9 started!

Kiraya

Gundam Flauros (Ryusei-Go) deployed

No targets for Gundam Flauros (Ryusei-Go)

Linked pilot: Mikazuki Augus on unit Gundam Flauros (Ryusei-Go)

Selecting target for Mikazuki Augus

Mikazuki Augus: Dealt 1 damage to: Gundam Flauros (Ryusei-Go) and Gundam NT-1

Battle initiated

Kiraya

Battle declared: Gundam Barbatos Adapt against Gundam NT-1

WKNG

No blockers available

Action step

WKNG

Passed

Kiraya

Passed

Battle started: Gundam Barbatos Adapt against Gundam NT-1

WKNG

Gundam NT-1 received 4 damage, now destroyed

Kiraya

Gundam Barbatos Adapt received 6 damage, now destroyed

Battle ended

Battle initiated

Kiraya

Battle declared: Gundam Flauros (Ryusei-Go) against Enemy Player

No targets for Gundam Flauros (Ryusei-Go)

WKNG

No blockers available

Action step

WKNG

Passed

Kiraya

Passed

Battle started: Gundam Flauros (Ryusei-Go) against Enemy Shield

WKNG

Shield card: Amuro Ray revealed

Shield card added to hand: Amuro Ray

Battle ended

Turn end phase started

WKNG

Passed

Kiraya

Passed

Turn ended!

Turn 10 started!

WKNG

Re-GZ BWS deployed

Placed 1 Resource EX

Linked pilot: Amuro Ray on unit Re-GZ BWS

Selecting target for Amuro Ray

Already rested unit: Gundam Flauros (Ryusei-Go)

Battle initiated

WKNG

Battle declared: Re-GZ BWS against Gundam Flauros (Ryusei-Go)

Kiraya

No blockers available

Action step

Kiraya

Passed

WKNG

Passed

Battle started: Re-GZ BWS against Gundam Flauros (Ryusei-Go)

Kiraya

Gundam Flauros (Ryusei-Go) received 4 damage, now destroyed

WKNG

Re-GZ BWS received 7 damage, now destroyed

Battle ended

Turn end phase started

Kiraya

Passed

WKNG

Passed

Turn ended!

Turn 11 started!

Kiraya

Played command: Overflowing Affection

Overflowing Affection: Draw 2 cards

Selecting target for Overflowing Affection

Ryusei-Go (Graze Custom Ⅱ) discarded

Replaced EX Base base: Hotarubi

Shield card added to hand

Gundam Barbatos 1st Form deployed

Hyakuren deployed

Turn end phase started

WKNG

Passed

Kiraya

Passed

Turn ended!

Turn 12 started!

WKNG

Nu Gundam deployed

Placed 1 Resource EX

Gundam AGE-2 Normal (SP Ver.) deployed

Linked pilot: Amuro Ray on unit Nu Gundam

Selecting target for Amuro Ray

Rested unit: Gundam Barbatos 1st Form

Battle initiated

WKNG

Battle declared: Nu Gundam against Gundam Barbatos 1st Form

Kiraya

No blockers available

Action step

Kiraya

Passed

WKNG

Passed

Battle started: Nu Gundam against Gundam Barbatos 1st Form

Kiraya

Gundam Barbatos 1st Form received 6 damage, now destroyed

WKNG

Nu Gundam received 3 damage, leaving 2 HP remaining

Kiraya

Breach 3: : Hotarubi received 3 damage, leaving 2 HP remaining

Battle ended

Turn end phase started

Kiraya

Passed

WKNG

Passed

Turn ended!

Turn 13 started!

Kiraya

Gundam Barbatos Lupus deployed

Activated: Gundam Barbatos Lupus

Gundam Flauros (Ryusei-Go), Ryusei-Go (Graze Custom Ⅱ) and Gundam Barbatos 1st Form exiled from the game

Selecting target for Gundam Barbatos Lupus

Gundam Barbatos Lupus: Dealt 2 damage to Nu Gundam, now destroyed

Battle initiated

Kiraya

Battle declared: Hyakuren against Enemy Player

WKNG

No blockers available

Action step

WKNG

Passed

Kiraya

Passed

Battle started: Hyakuren against Enemy Shield

WKNG

Shield card: Jegan revealed and discarded

Battle ended

Turn end phase started

WKNG

Passed

Kiraya

Passed

Turn ended!

Turn 14 started!

WKNG

Nu Gundam deployed

Linked pilot: Amuro Ray on unit Nu Gundam

Selecting target for Nu Gundam

Kayra's Re-GZ, Nu Gundam and Re-GZ BWS exiled from the game

Selecting target for Nu Gundam

Battle started: Nu Gundam against Gundam Barbatos Lupus

Kiraya

Gundam Barbatos Lupus received 7 damage, now destroyed

WKNG

Nu Gundam received 5 damage, leaving 2 HP remaining

Kiraya

Breach 5: : Hotarubi received 5 damage, now destroyed

WKNG

Healed 2 damage to: Nu Gundam

Battle ended

Battle initiated

WKNG

Battle declared: Gundam AGE-2 Normal (SP Ver.) against Hyakuren

Kiraya

No blockers available

Action step

Kiraya

Passed

WKNG

Passed

Battle started: Gundam AGE-2 Normal (SP Ver.) against Hyakuren

Kiraya

Hyakuren received 4 damage, now destroyed

WKNG

Gundam AGE-2 Normal (SP Ver.) received 4 damage, now destroyed

Selecting target for Gundam AGE-2 Normal (SP Ver.)

Amuro Ray returned to hand

Selecting target for Gundam AGE-2 Normal (SP Ver.)

Kayra's Jegan discarded

Battle ended

Battle initiated

WKNG

Battle declared: Nu Gundam against Enemy Player

Kiraya

No blockers available

Action step

Kiraya

Passed

WKNG

Passed

Battle started: Nu Gundam against Enemy Shield

Kiraya

Shield card: Isaribi revealed

Played base: Isaribi

Shield card added to hand

Battle ended

Turn end phase started

Kiraya

Passed

WKNG

Passed

Turn ended!

Turn 15 started!

Kiraya

Gundam Barbatos Lupus deployed

Activated: Gundam Barbatos Lupus

Gundam Barbatos Adapt, Gundam Barbatos Lupus and Hyakuren exiled from the game

Selecting target for Gundam Barbatos Lupus

Gundam Barbatos Lupus: Dealt 2 damage to Nu Gundam, leaving 2 HP remaining

Activated: Gundam Barbatos Lupus

Hyakuren, Graze Custom and Gundam Barbatos 1st Form exiled from the game

Selecting target for Gundam Barbatos Lupus

Gundam Barbatos Lupus: Dealt 2 damage to Nu Gundam, now destroyed

Graze Custom deployed

Played command: Overflowing Affection

Overflowing Affection: Draw 2 cards

Selecting target for Overflowing Affection

Graze Custom discarded

Turn end phase started

WKNG

Passed

Kiraya

Passed

Turn ended!

Turn 16 started!

WKNG

Kayra's Re-GZ deployed

Selecting target for Kayra's Re-GZ

Turn end phase started

Kiraya

Passed

WKNG

Passed

Turn ended!

Turn 17 started!

Kiraya

Gundam Gusion Rebake deployed

Selecting target for Gundam Gusion Rebake

Gundam Gusion Rebake: Dealt 1 damage to: Gundam Gusion Rebake and Kayra's Re-GZ

Shiden Custom (Ryusei-Go) deployed

Linked pilot: Mikazuki Augus on unit Shiden Custom (Ryusei-Go)

Selecting target for Mikazuki Augus

Mikazuki Augus: Dealt 1 damage to: Shiden Custom (Ryusei-Go) and Kayra's Re-GZ

Battle initiated

Kiraya

Battle declared: Graze Custom against Enemy Player

WKNG

No blockers available

Action step

WKNG

Passed

Kiraya

Passed

Battle started: Graze Custom against Enemy Shield

WKNG

Shield card: Gundam revealed and discarded

Battle ended

Battle initiated

Kiraya

Battle declared: Shiden Custom (Ryusei-Go) against Enemy Player

WKNG

No blockers available

Action step

WKNG

Passed

Kiraya

Passed

Battle started: Shiden Custom (Ryusei-Go) against Enemy Shield

WKNG

Shield card: Ra Cailum revealed

Played base: Ra Cailum

Shield card added to hand

Battle ended

Battle initiated

Kiraya

Battle declared: Gundam Barbatos Lupus against Enemy Player

WKNG

No blockers available

Action step

WKNG

Passed

Kiraya

Passed

Battle started: Gundam Barbatos Lupus against Ra Cailum

WKNG

Ra Cailum received 5 damage, now destroyed

Battle ended

Turn end phase started

WKNG

Passed

Kiraya

Passed

Turn ended!

Turn 18 started!

WKNG

Nu Gundam deployed

Linked pilot: Amuro Ray on unit Nu Gundam

Selecting target for Nu Gundam

Nu Gundam, Jegan and Kayra's Jegan exiled from the game

Selecting target for Nu Gundam

Battle started: Nu Gundam against Gundam Gusion Rebake

Kiraya

Gundam Gusion Rebake received 7 damage, now destroyed

WKNG

Nu Gundam received 3 damage, leaving 4 HP remaining

Healed 2 damage to: Nu Gundam

Kiraya

Breach 5: : Isaribi received 5 damage, now destroyed

Battle ended

Kiraya

Winner!

Game ended!