Mobile Suit Arena - Battle logs
Game started!

Kiraya
Choose to play first
Choose to mulligan starting hand
Prommy
Choose to mulligan starting hand

Turn 1 started!

Turn end phase started

Prommy
Passed
Kiraya
Passed
Turn ended!

Turn 2 started!

Prommy
Played command: Overflowing Affection
Overflowing Affection: Draw 2 cards
Selecting target for Overflowing Affection
Darkness Finger discarded

Turn end phase started

Kiraya
Passed
Prommy
Passed
Turn ended!

Turn 3 started!

Kiraya
Graze Custom deployed

Turn end phase started

Prommy
Passed
Kiraya
Passed
Turn ended!

Turn 4 started!

Prommy
Royal Gundam deployed

Turn end phase started

Kiraya
Passed
Prommy
Passed
Turn ended!

Turn 5 started!

Kiraya
Hyakuren deployed
Gundam Exia Repair deployed

Battle initiated

Kiraya
Battle declared: Graze Custom against Enemy Player
Prommy
Assigned no blocker

Action step

Prommy
Passed
Kiraya
Passed
Battle started: Graze Custom against EX Base
Prommy
EX Base received 2 damage, leaving 1 HP remaining

Battle ended


Turn end phase started

Prommy
Passed
Kiraya
Passed
Turn ended!

Turn 6 started!

Prommy
Gundam Maxter deployed
Played command: Overflowing Affection
Overflowing Affection: Draw 2 cards
Selecting target for Overflowing Affection
Darkness Finger discarded

Turn end phase started

Kiraya
Passed
Prommy
Passed
Turn ended!

Turn 7 started!

Kiraya
Replaced EX Base base: Hotarubi
Shield card added to hand
Paired pilot: Mikazuki Augus on unit Gundam Exia Repair
Selecting target for Mikazuki Augus
Mikazuki Augus: Dealt 1 damage to: Hyakuren and Royal Gundam
Selecting target for Hotarubi
Rested base: Hotarubi
Hotarubi milled 1: Lafter Frankland moved to trash
Paired pilot: Mikazuki Augus on unit Graze Custom
Selecting target for Mikazuki Augus
Mikazuki Augus: Dealt 1 damage to: Graze Custom and Royal Gundam
Paired pilot: Lafter Frankland on unit Hyakuren

Battle initiated

Kiraya
Battle declared: Gundam Exia Repair against Enemy Player
Prommy
No blockers available

Action step

Prommy
Passed
Kiraya
Passed
Battle started: Gundam Exia Repair against EX Base
Prommy
EX Base received 4 damage, now destroyed

Battle ended


Battle initiated

Kiraya
Battle declared: Graze Custom against Enemy Player
Prommy
No blockers available

Action step

Prommy
Passed
Kiraya
Passed
Battle started: Graze Custom against Enemy Shield
Prommy
Shield card: Shining Gundam revealed and discarded

Battle ended


Turn end phase started

Prommy
Passed
Kiraya
Passed
Turn ended!

Turn 8 started!

Prommy
Played base: Gundam Fight
Shield card added to hand
Shining Gundam deployed
Selecting target for Shining Gundam
Royal Gundam and Shining Gundam exiled from the game
Selecting target for Shining Gundam
Darkness Finger returned to hand
Linked pilot: Domon Kasshu on unit Shining Gundam
Domon Kasshu: Draw a card
Selecting target for Domon Kasshu
Shining Finger discarded
Selecting target for Domon Kasshu
Selecting target for Shining Finger
Rested unit: Hyakuren
Selecting target for Shining Finger
Shining Finger: Modifier applied to: Shining Gundam

Battle initiated

Prommy
Battle declared: Shining Gundam against Hyakuren
Shining Gundam: 1 resource set as active
Kiraya
No blockers available

Action step

Kiraya
Passed
Prommy
Passed
Battle started: Shining Gundam against Hyakuren
Kiraya
Hyakuren received 5 damage, now destroyed
Prommy
Damage prevented
Shining Gundam received 0 damage, leaving 5 HP remaining

Battle ended

Prommy
Played command: Cyclone Punch
Cyclone Punch: Modifier applied to: Gundam Exia Repair
Selecting target for Cyclone Punch
Linked pilot: Chibodee Crocket on unit Gundam Maxter

Battle initiated

Prommy
Battle declared: Gundam Maxter against Gundam Exia Repair
Selecting target for Cyclone Punch
Cyclone Punch: Modifier applied to: Gundam Exia Repair
Kiraya
No blockers available

Action step

Kiraya
Passed
Prommy
Passed
Battle started: Gundam Maxter against Gundam Exia Repair
Kiraya
Gundam Exia Repair received 4 damage, now destroyed
Prommy
Gundam Maxter received 0 damage, leaving 3 HP remaining
Selecting target for Gundam Maxter
Kiraya
Gundam Exia Repair milled 2: Gundam Flauros (Ryusei-Go) and Mikazuki Augus moved to trash

Battle ended


Turn end phase started

Kiraya
Passed
Prommy
Passed
Turn ended!

Turn 9 started!

Kiraya
Shiden Custom (Ryusei-Go) deployed

Battle initiated

Kiraya
Battle declared: Graze Custom against Gundam Maxter
Prommy
No blockers available

Action step

Prommy
Passed
Kiraya
Passed
Battle started: Graze Custom against Gundam Maxter
Prommy
Gundam Maxter received 4 damage, now destroyed
Kiraya
Graze Custom received 4 damage, now destroyed

Battle ended


Turn end phase started

Prommy
Passed
Kiraya
Passed
Turn ended!

Turn 10 started!

Prommy
Played command: Airframe Seizure
Selecting target for Airframe Seizure
Darkness Finger discarded
Airframe Seizure: Draw 2 cards
Shining Gundam deployed
No targets for Shining Gundam

Battle initiated

Prommy
Battle declared: Shining Gundam against Enemy Player
Shining Gundam: 1 resource set as active
Kiraya
Assigned no blocker

Action step

Kiraya
Passed
Prommy
Passed
Battle started: Shining Gundam against Hotarubi
Kiraya
Hotarubi received 5 damage, now destroyed

Battle ended

Prommy
Royal Gundam deployed

Turn end phase started

Kiraya
Passed
Prommy
Passed
Turn ended!

Turn 11 started!

Kiraya
Played base: Hotarubi
Shield card added to hand
Gundam Barbatos Adapt deployed
Selecting target for Gundam Barbatos Adapt
Gundam Barbatos Adapt: Dealt 1 damage to: Shiden Custom (Ryusei-Go) and Shining Gundam
Selecting target for Hotarubi
Rested base: Hotarubi
Hotarubi milled 1: Gundam Barbatos Lupus moved to trash

Battle initiated

Kiraya
Battle declared: Shiden Custom (Ryusei-Go) against Shining Gundam
Prommy
Assigned Royal Gundam to block

Action step

Prommy
Passed
Kiraya
Passed
Battle started: Shiden Custom (Ryusei-Go) against Royal Gundam
Prommy
Royal Gundam received 4 damage, now destroyed
Kiraya
Shiden Custom (Ryusei-Go) received 3 damage, now destroyed

Battle ended

Kiraya
Hyakuren deployed

Turn end phase started

Prommy
Passed
Kiraya
Passed
Turn ended!

Turn 12 started!

Prommy
Played command: Airframe Seizure
Selecting target for Airframe Seizure
Haow Gundam discarded
Airframe Seizure: Draw 2 cards

Battle initiated

Prommy
Battle declared: Shining Gundam against Enemy Player
Shining Gundam: 1 resource set as active
Kiraya
No blockers available

Action step

Kiraya
Passed
Prommy
Passed
Battle started: Shining Gundam against Hotarubi
Kiraya
Hotarubi received 5 damage, now destroyed

Battle ended

Prommy
Replaced Gundam Fight base: Gundam Fight
Shield card added to hand
Played command: Overflowing Affection
Overflowing Affection: Draw 2 cards
Selecting target for Overflowing Affection
Dragon Gundam discarded

Battle initiated

Prommy
Battle declared: Shining Gundam against Enemy Player
Shining Gundam: 1 resource set as active
Kiraya
No blockers available

Action step

Kiraya
Passed
Prommy
Passed
Battle started: Shining Gundam against Enemy Shield
Kiraya
Shield card: Ryusei-Go (Graze Custom Ⅱ) revealed and discarded

Battle ended

Prommy
Shining Gundam (Super Mode) deployed

Turn end phase started

Kiraya
Passed
Prommy
Passed
Turn ended!

Turn 13 started!

Kiraya
Gundam Barbatos Lupus deployed
Activated: Gundam Barbatos Lupus
Gundam Flauros (Ryusei-Go), Gundam Barbatos Lupus and Shiden Custom (Ryusei-Go) exiled from the game
Selecting target for Gundam Barbatos Lupus
Gundam Barbatos Lupus: Dealt 2 damage to Shining Gundam, leaving 2 HP remaining
Activated: Gundam Barbatos Lupus
Hyakuren, Graze Custom and Ryusei-Go (Graze Custom Ⅱ) exiled from the game
Selecting target for Gundam Barbatos Lupus
Gundam Barbatos Lupus: Dealt 2 damage to Shining Gundam, now destroyed

Battle initiated

Kiraya
Battle declared: Hyakuren against Shining Gundam
Prommy
No blockers available

Action step

Prommy
Passed
Kiraya
Passed
Battle started: Hyakuren against Shining Gundam
Prommy
Shining Gundam received 4 damage, now destroyed
Kiraya
Hyakuren received 3 damage, now destroyed

Battle ended


Battle initiated

Kiraya
Battle declared: Gundam Barbatos Adapt against Enemy Player
Prommy
No blockers available

Action step

Prommy
Passed
Kiraya
Passed
Battle started: Gundam Barbatos Adapt against Gundam Fight
Prommy
Gundam Fight received 2 damage, leaving 3 HP remaining

Battle ended


Turn end phase started

Prommy
Passed
Kiraya
Passed
Turn ended!

Turn 14 started!

Prommy
Dragon Gundam deployed
Played command: Hoka Kyoten Juzetsujin
Hoka Kyoten Juzetsujin: Modifier applied to: Dragon Gundam
Selecting target for Hoka Kyoten Juzetsujin
Linked pilot: Sai Saici on unit Dragon Gundam
Shining Gundam (Super Mode): Modifier applied to: Shining Gundam (Super Mode)

Battle initiated

Prommy
Battle declared: Dragon Gundam against Gundam Barbatos Adapt
Selecting target for Hoka Kyoten Juzetsujin
Hoka Kyoten Juzetsujin: Modifier applied to: Shining Gundam (Super Mode)
Shining Gundam (Super Mode): Modifier applied to: Shining Gundam (Super Mode)
Kiraya
No blockers available

Action step

Kiraya
Passed
Prommy
Passed
Battle started: Dragon Gundam against Gundam Barbatos Adapt
Kiraya
Gundam Barbatos Adapt received 6 damage, now destroyed
Prommy
Dragon Gundam received 2 damage, leaving 2 HP remaining
Kiraya
Breach 3 Shield card: Isaribi revealed
Played base: Isaribi
Shield card added to hand

Battle ended

Prommy
Activated: Gundam Fight
Rested base: Gundam Fight
Gundam Fight: Modifier applied to: Shining Gundam (Super Mode)

Battle initiated

Prommy
Battle declared: Shining Gundam (Super Mode) against Enemy Player
Kiraya
No blockers available

Action step

Kiraya
Passed
Prommy
Passed
Battle started: Shining Gundam (Super Mode) against Isaribi
Kiraya
Isaribi received 6 damage, now destroyed

Battle ended

Prommy
Royal Gundam deployed

Turn end phase started

Kiraya
Passed
Prommy
Passed
Turn ended!

Turn 15 started!

Kiraya
Gundam Flauros (Ryusei-Go) deployed
Selecting target for Gundam Flauros (Ryusei-Go)

Battle initiated

Kiraya
Battle declared: Gundam Barbatos Lupus against Dragon Gundam
Prommy
No blockers available

Action step

Prommy
Passed
Kiraya
Passed
Battle started: Gundam Barbatos Lupus against Dragon Gundam
Prommy
Dragon Gundam received 5 damage, now destroyed
Kiraya
Gundam Barbatos Lupus received 6 damage, now destroyed

Battle ended

Kiraya
Shiden Custom (Ryusei-Go) deployed

Turn end phase started

Prommy
Passed
Kiraya
Passed
Turn ended!

Turn 16 started!

Prommy
Rising Gundam deployed
Linked pilot: Domon Kasshu on unit Rising Gundam
Domon Kasshu: Draw a card
Selecting target for Domon Kasshu
Gundam Maxter discarded
Selecting target for Rising Gundam
Rested unit: Shiden Custom (Ryusei-Go)

Battle initiated

Prommy
Battle declared: Shining Gundam (Super Mode) against Enemy Player
Kiraya
No blockers available

Action step

Kiraya
Passed
Prommy
Passed
Battle started: Shining Gundam (Super Mode) against Enemy Shield

Kiraya
Shield card: Shiden Custom (Ryusei-Go) revealed and discarded

Battle ended


Battle initiated

Prommy
Battle declared: Rising Gundam against Enemy Player
Kiraya
No blockers available

Action step

Kiraya
Passed
Prommy
Passed
Battle started: Rising Gundam against Enemy Player
Kiraya
No more shields available, game is over!
Prommy
Winner!

Game ended!