Mobile Suit Arena - Battle logs
Game started!

Kiraya

Choose to play first

Choose to keep starting hand

steel

Choose to mulligan starting hand

Turn 1 started!

Turn end phase started

steel

Passed

Kiraya

Passed

Turn ended!

Turn 2 started!

Turn end phase started

Kiraya

Passed

steel

Passed

Turn ended!

Turn 3 started!

Kiraya

Graze Custom deployed

Graze Custom deployed

Turn end phase started

steel

Passed

Kiraya

Passed

Turn ended!

Turn 4 started!

steel

Chaos Gundam deployed

Turn end phase started

Kiraya

Passed

steel

Passed

Turn ended!

Turn 5 started!

Battle initiated

Kiraya

Battle declared: Graze Custom against Enemy Player

steel

No blockers available

Action step

steel

Passed

Kiraya

Passed

Battle started: Graze Custom against EX Base

steel

EX Base received 2 damage, leaving 1 HP remaining

Battle ended

Battle initiated

Kiraya

Battle declared: Graze Custom against Enemy Player

steel

No blockers available

Action step

steel

Passed

Kiraya

Passed

Battle started: Graze Custom against EX Base

steel

EX Base received 2 damage, now destroyed

Battle ended

Kiraya

Hyakuren deployed

Played command: Overflowing Affection

Overflowing Affection: Draw 2 cards

Selecting target for Overflowing Affection

Shiden Custom (Ryusei-Go) discarded

Turn end phase started

steel

Passed

Kiraya

Passed

Turn ended!

Turn 6 started!

steel

Played command: Airframe Seizure

Selecting target for Airframe Seizure

Auel Neider discarded

Airframe Seizure: Draw 2 cards

Gaia Gundam deployed

Linked pilot: Stellar Loussier on unit Gaia Gundam

Battle initiated

steel

Battle declared: Chaos Gundam against Enemy Player

Selecting target for Chaos Gundam

Chaos Gundam: Modifier applied to: Gaia Gundam

Kiraya

No blockers available

Action step

Kiraya

Passed

steel

Passed

Battle started: Chaos Gundam against EX Base

Kiraya

EX Base received 4 damage, now destroyed

Battle ended

Battle initiated

steel

Battle declared: Gaia Gundam against Enemy Player

Kiraya

Can't block High-maneuver

Action step

Kiraya

Passed

steel

Passed

Battle started: Gaia Gundam against Enemy Shield

Kiraya

Shield card: Gundam Flauros (Ryusei-Go) revealed and discarded

Selecting target for Gaia Gundam

steel

Selecting target for Gaia Gundam

Gaia Gundam (MA Mode) deployed

Battle ended

Turn end phase started

Kiraya

Passed

steel

Passed

Turn ended!

Turn 7 started!

Kiraya

Gundam Barbatos 1st Form deployed

Gundam Barbatos Adapt deployed

Selecting target for Gundam Barbatos Adapt

Gundam Barbatos Adapt: Dealt 1 damage to: Gundam Barbatos 1st Form and Gaia Gundam

Battle initiated

Kiraya

Battle declared: Graze Custom against Gaia Gundam

steel

No blockers available

Action step

steel

Passed

Kiraya

Passed

Battle started: Graze Custom against Gaia Gundam

steel

Gaia Gundam received 2 damage, now destroyed

Kiraya

Graze Custom received 5 damage, now destroyed

steel

Selecting target for Stellar Loussier

Card added to hand: Gaia Gundam (MA Mode)

Battle ended

Battle initiated

Kiraya

Battle declared: Graze Custom against Chaos Gundam

steel

No blockers available

Action step

steel

Passed

Kiraya

Passed

Battle started: Graze Custom against Chaos Gundam

steel

Chaos Gundam received 2 damage, now destroyed

Kiraya

Graze Custom received 4 damage, now destroyed

Battle ended

Battle initiated

Kiraya

Battle declared: Hyakuren against Enemy Player

steel

No blockers available

Action step

steel

Passed

Kiraya

Passed

Battle started: Hyakuren against Enemy Shield

steel

Shield card: Airframe Seizure revealed and discarded

Battle ended

Turn end phase started

steel

Passed

Kiraya

Passed

Turn ended!

Turn 8 started!

steel

Played base: Girty Lue

Shield card added to hand

Played command: A Show of Resolve

A Show of Resolve: Draw 2 cards

Battle initiated

steel

Battle declared: Gaia Gundam (MA Mode) against Enemy Player

Kiraya

No blockers available

Action step

Kiraya

Passed

steel

Passed

Battle started: Gaia Gundam (MA Mode) against Enemy Shield

Kiraya

Shield card: Lafter Frankland revealed

Shield card added to hand: Lafter Frankland

Battle ended

Turn end phase started

Kiraya

Passed

steel

Passed

Turn ended!

Turn 9 started!

Kiraya

Paired pilot: Lafter Frankland on unit Gundam Barbatos 1st Form

Battle initiated

Kiraya

Battle declared: Gundam Barbatos 1st Form against Enemy Player

Lafter Frankland: Modifier applied to: Gundam Barbatos 1st Form

Gundam Barbatos 1st Form: Draw a card

steel

Can't block High-maneuver

Action step

steel

Passed

Kiraya

Passed

Battle started: Gundam Barbatos 1st Form against Girty Lue

steel

Girty Lue received 5 damage, now destroyed

Battle ended

Kiraya

Played base: Isaribi

Shield card added to hand

Linked pilot: Mikazuki Augus on unit Gundam Barbatos Adapt

Selecting target for Mikazuki Augus

Mikazuki Augus: Dealt 1 damage to: Hyakuren and Gaia Gundam (MA Mode)

Battle initiated

Kiraya

Battle declared: Gundam Barbatos Adapt against Gaia Gundam (MA Mode)

steel

No blockers available

Action step

steel

Passed

Kiraya

Passed

Battle started: Gundam Barbatos Adapt against Gaia Gundam (MA Mode)

steel

Gaia Gundam (MA Mode) received 4 damage, now destroyed

Kiraya

Gundam Barbatos Adapt received 4 damage, leaving 1 HP remaining

Battle ended

Battle initiated

Kiraya

Battle declared: Hyakuren against Enemy Player

steel

No blockers available

Action step

steel

Passed

Kiraya

Passed

Battle started: Hyakuren against Enemy Shield

steel

Shield card: A Show of Resolve revealed and discarded

Battle ended

Kiraya

Hyakuren deployed

Turn end phase started

steel

Passed

Kiraya

Passed

Turn ended!

Turn 10 started!

steel

Played command: Airframe Seizure

Selecting target for Airframe Seizure

Exass discarded

Airframe Seizure: Draw 2 cards

Forbidden Gundam deployed

Turn end phase started

Kiraya

Passed

steel

Passed

Turn ended!

Turn 11 started!

Kiraya

Played command: Overflowing Affection

Overflowing Affection: Draw 2 cards

Selecting target for Overflowing Affection

Gundam Exia Repair discarded

Battle initiated

Kiraya

Battle declared: Gundam Barbatos Adapt against Enemy Player

steel

Assigned no blocker

Action step

steel

Passed

Kiraya

Passed

Battle started: Gundam Barbatos Adapt against Enemy Shield

steel

Shield card: Girty Lue revealed

Played base: Girty Lue

Shield card added to hand

Battle ended

Battle initiated

Kiraya

Battle declared: Gundam Barbatos 1st Form against Enemy Player

Lafter Frankland: Modifier applied to: Gundam Barbatos 1st Form

Gundam Barbatos 1st Form: Draw a card

steel

Can't block High-maneuver

Action step

steel

Passed

Kiraya

Passed

Battle started: Gundam Barbatos 1st Form against Girty Lue

steel

Girty Lue received 5 damage, now destroyed

Battle ended

Battle initiated

Kiraya

Battle declared: Hyakuren against Enemy Player

steel

Assigned no blocker

Action step

steel

Passed

Kiraya

Passed

Battle started: Hyakuren against Enemy Shield

steel

Shield card: Abyss Gundam (MA Mode) revealed and discarded

Battle ended

Battle initiated

Kiraya

Battle declared: Hyakuren against Enemy Player

steel

Assigned Forbidden Gundam to block

Action step

steel

Passed

Kiraya

Passed

Battle started: Hyakuren against Forbidden Gundam

steel

Forbidden Gundam received 4 damage, now destroyed

Kiraya

Hyakuren received 4 damage, now destroyed

Battle ended

Kiraya

Ryusei-Go (Graze Custom Ⅱ) deployed

Selecting target for Ryusei-Go (Graze Custom Ⅱ)

Ryusei-Go (Graze Custom Ⅱ): Dealt 1 damage to Ryusei-Go (Graze Custom Ⅱ), leaving 1 HP remaining

Ryusei-Go (Graze Custom Ⅱ): Draw a card

Selecting target for Ryusei-Go (Graze Custom Ⅱ)

Gundam Barbatos Lupus discarded

Graze Custom deployed

Graze Custom deployed

Turn end phase started

steel

Passed

Kiraya

Passed

Turn ended!

Turn 12 started!

steel

Gaia Gundam deployed

Linked pilot: Stellar Loussier on unit Gaia Gundam

Battle initiated

steel

Battle declared: Gaia Gundam against Enemy Player

Kiraya

No blockers available

Action step

Kiraya

Passed

steel

Passed

Battle started: Gaia Gundam against Isaribi

Kiraya

Isaribi received 5 damage, now destroyed

Selecting target for Gaia Gundam

Gundam Exia Repair discarded

Battle ended

steel

Exass deployed

Linked pilot: Auel Neider on unit Exass

Battle initiated

steel

Battle declared: Exass against Enemy Player

Auel Neider: Modifier applied to: Exass

Kiraya

No blockers available

Action step

Kiraya

Passed

steel

Passed

Battle started: Exass against Enemy Shield

Kiraya

Shield card: Hotarubi revealed

Played base: Hotarubi

Shield card added to hand

Battle ended

Kiraya

Winner!

Game ended!