Mobile Suit Arena - Battle logs
Game started!

Azure

Choose to play first

Choose to keep starting hand

Kiraya

Choose to mulligan starting hand

Turn 1 started!

Turn end phase started

Kiraya

Passed

Azure

Passed

Turn ended!

Turn 2 started!

Kiraya

Played command: Overflowing Affection

Overflowing Affection: Draw 2 cards

Selecting target for Overflowing Affection

Gundam Gusion Rebake discarded

Turn end phase started

Azure

Passed

Kiraya

Passed

Turn ended!

Turn 3 started!

Turn end phase started

Kiraya

Passed

Azure

Passed

Turn ended!

Turn 4 started!

Kiraya

Hyakuren deployed

Turn end phase started

Azure

Passed

Kiraya

Passed

Turn ended!

Turn 5 started!

Azure

Replaced EX Base base: Archangel

Shield card added to hand

Gaplant TR-5 "Hrairoo" Unit 1 deployed

Turn end phase started

Kiraya

Passed

Azure

Passed

Turn ended!

Turn 6 started!

Battle initiated

Kiraya

Battle declared: Hyakuren against Enemy Player

Azure

Assigned no blocker

Action step

Azure

Passed

Kiraya

Passed

Battle started: Hyakuren against Archangel

Azure

Archangel received 4 damage, leaving 1 HP remaining

Battle ended

Kiraya

Gundam Barbatos 1st Form deployed

Linked pilot: Mikazuki Augus on unit Gundam Barbatos 1st Form

Selecting target for Mikazuki Augus

Mikazuki Augus: Dealt 1 damage to: Gundam Barbatos 1st Form and Gaplant TR-5 "Hrairoo" Unit 1

Turn end phase started

Azure

Passed

Kiraya

Passed

Turn ended!

Turn 7 started!

Azure

Paired pilot: Kira Yamato on unit Gaplant TR-5 "Hrairoo" Unit 1

Battle initiated

Azure

Battle declared: Gaplant TR-5 "Hrairoo" Unit 1 against Hyakuren

Selecting target for Kira Yamato

Kira Yamato: Modifier applied to: Hyakuren

Kiraya

No blockers available

Action step

Kiraya

Passed

Azure

Passed

Battle started: Gaplant TR-5 "Hrairoo" Unit 1 against Hyakuren

Kiraya

Hyakuren received 5 damage, now destroyed

Azure

Gaplant TR-5 "Hrairoo" Unit 1 received 2 damage, leaving 1 HP remaining

Battle ended

Azure

Played command: Overflowing Affection

Overflowing Affection: Draw 2 cards

Selecting target for Overflowing Affection

Murasame (Andrew Waldfeld Unit) discarded

Rick Dias deployed

Turn end phase started

Kiraya

Passed

Azure

Passed

Turn ended!

Turn 8 started!

Kiraya

Gundam Barbatos 1st Form deployed

Gundam Barbatos Adapt deployed

Selecting target for Gundam Barbatos Adapt

Gundam Barbatos Adapt: Dealt 1 damage to: Gundam Barbatos 1st Form and Gaplant TR-5 "Hrairoo" Unit 1

Battle initiated

Kiraya

Battle declared: Gundam Barbatos 1st Form against Enemy Player

Gundam Barbatos 1st Form: Draw a card

Azure

Assigned Rick Dias to block

Action step

Azure

Passed

Kiraya

Passed

Battle started: Gundam Barbatos 1st Form against Rick Dias

Azure

Rick Dias received 5 damage, now destroyed

Kiraya

Gundam Barbatos 1st Form received 3 damage, now destroyed

Battle ended

Turn end phase started

Azure

Passed

Kiraya

Passed

Turn ended!

Turn 9 started!

Azure

Aile Strike Gundam deployed

Linked pilot: Kira Yamato on unit Aile Strike Gundam

Selecting target for Aile Strike Gundam

Kiraya

Gundam Barbatos 1st Form returned to hand

Turn end phase started

Kiraya

Passed

Azure

Passed

Turn ended!

Turn 10 started!

Kiraya

Gundam Barbatos 1st Form deployed

Ryusei-Go (Graze Custom Ⅱ) deployed

Selecting target for Ryusei-Go (Graze Custom Ⅱ)

Ryusei-Go (Graze Custom Ⅱ): Dealt 1 damage to Gundam Barbatos 1st Form, leaving 1 HP remaining

Ryusei-Go (Graze Custom Ⅱ): Draw a card

Selecting target for Ryusei-Go (Graze Custom Ⅱ)

Ryusei-Go (Graze Custom Ⅱ) discarded

Paired pilot: Lafter Frankland on unit Gundam Barbatos Adapt

Battle initiated

Kiraya

Battle declared: Gundam Barbatos Adapt against Enemy Player

Azure

Assigned Aile Strike Gundam to block

Action step

Azure

Passed

Kiraya

Passed

Battle started: Gundam Barbatos Adapt against Aile Strike Gundam

Azure

Aile Strike Gundam received 4 damage, leaving 1 HP remaining

Kiraya

Gundam Barbatos Adapt received 6 damage, now destroyed

Battle ended

Turn end phase started

Azure

Passed

Kiraya

Passed

Turn ended!

Turn 11 started!

Azure

Played action: Siege Ploy

Rested unit: Gundam Barbatos 1st Form

Battle initiated

Azure

Battle declared: Aile Strike Gundam against Gundam Barbatos 1st Form

Selecting target for Kira Yamato

Kira Yamato: Modifier applied to: Gundam Barbatos 1st Form

Kiraya

No blockers available

Action step

Kiraya

Passed

Azure

Passed

Battle started: Aile Strike Gundam against Gundam Barbatos 1st Form

Kiraya

Gundam Barbatos 1st Form received 6 damage, now destroyed

Azure

Aile Strike Gundam received 1 damage, now destroyed

Battle ended

Azure

Murasame (Andrew Waldfeld Unit) deployed

Turn end phase started

Kiraya

Passed

Azure

Passed

Turn ended!

Turn 12 started!

Battle initiated

Kiraya

Battle declared: Ryusei-Go (Graze Custom Ⅱ) against Enemy Player

Azure

No blockers available

Action step

Azure

Passed

Kiraya

Passed

Battle started: Ryusei-Go (Graze Custom Ⅱ) against Archangel

Azure

Archangel received 2 damage, now destroyed

Battle ended

Kiraya

Gundam Barbatos Lupus deployed

Activated: Gundam Barbatos Lupus

Hyakuren, Gundam Barbatos Adapt and Gundam Barbatos 1st Form exiled from the game

Selecting target for Gundam Barbatos Lupus

Gundam Barbatos Lupus: Dealt 2 damage to Murasame (Andrew Waldfeld Unit), leaving 2 HP remaining

Activated: Gundam Barbatos Lupus

Gundam Gusion Rebake, Gundam Barbatos 1st Form and Ryusei-Go (Graze Custom Ⅱ) exiled from the game

Selecting target for Gundam Barbatos Lupus

Gundam Barbatos Lupus: Dealt 2 damage to Murasame (Andrew Waldfeld Unit), now destroyed

Gundam Exia Repair deployed

Turn end phase started

Azure

Passed

Kiraya

Passed

Turn ended!

Turn 13 started!

Turn end phase started

Kiraya

Passed

Azure

Passed

Turn ended!

Turn 14 started!

Battle initiated

Kiraya

Battle declared: Ryusei-Go (Graze Custom Ⅱ) against Enemy Player

Azure

No blockers available

Action step

Azure

Passed

Kiraya

Passed

Battle started: Ryusei-Go (Graze Custom Ⅱ) against Enemy Shield

Azure

Shield card: Rick Dias revealed and discarded

Battle ended

Battle initiated

Kiraya

Battle declared: Gundam Exia Repair against Enemy Player

Azure

No blockers available

Action step

Azure

Passed

Kiraya

Passed

Battle started: Gundam Exia Repair against Enemy Shield

Azure

Shield card: Archangel revealed

Played base: Archangel

Shield card added to hand

Battle ended

Battle initiated

Kiraya

Battle declared: Gundam Barbatos Lupus against Enemy Player

Azure

No blockers available

Action step

Azure

Passed

Kiraya

Passed

Battle started: Gundam Barbatos Lupus against Archangel

Azure

Archangel received 5 damage, now destroyed

Battle ended

Kiraya

Gundam Flauros (Ryusei-Go) deployed

No targets for Gundam Flauros (Ryusei-Go)

Ryusei-Go (Graze Custom Ⅱ) deployed

Selecting target for Ryusei-Go (Graze Custom Ⅱ)

Ryusei-Go (Graze Custom Ⅱ): Dealt 1 damage to Ryusei-Go (Graze Custom Ⅱ), leaving 1 HP remaining

Ryusei-Go (Graze Custom Ⅱ): Draw a card

Selecting target for Ryusei-Go (Graze Custom Ⅱ)

Hyakuren discarded

Played command: Overflowing Affection

Overflowing Affection: Draw 2 cards

Selecting target for Overflowing Affection

Gundam Barbatos Lupus discarded

Turn end phase started

Azure

Passed

Kiraya

Passed

Turn ended!

Turn 15 started!

Azure

Strike Freedom Gundam deployed

Selecting target for Strike Freedom Gundam

Strike Freedom Gundam: chose Strike Freedom Gundam

Linked pilot: Kira Yamato on unit Strike Freedom Gundam

Kira Yamato: Draw a card

Played command: Overflowing Affection

Overflowing Affection: Draw 2 cards

Selecting target for Overflowing Affection

Freedom Gundam discarded

Battle initiated

Azure

Battle declared: Strike Freedom Gundam against Gundam Barbatos Lupus

Selecting target for Strike Freedom Gundam

Strike Freedom Gundam and Andrew Waldfeld discarded

Selecting target for Strike Freedom Gundam

Kiraya

Gundam Exia Repair returned to deck

No blockers available

Action step

Kiraya

Passed

Azure

Passed

Battle started: Strike Freedom Gundam against Gundam Barbatos Lupus

Kiraya

Gundam Barbatos Lupus received 7 damage, now destroyed

Azure

Strike Freedom Gundam received 5 damage, leaving 3 HP remaining

Strike Freedom Gundam: Draw a card

Battle ended

Turn end phase started

Kiraya

Passed

Azure

Passed

Turn ended!

Turn 16 started!

Battle initiated

Kiraya

Battle declared: Ryusei-Go (Graze Custom Ⅱ) against Enemy Player

Azure

No blockers available

Action step

Azure

Passed

Kiraya

Passed

Battle started: Ryusei-Go (Graze Custom Ⅱ) against Enemy Shield

Azure

Shield card: Aile Strike Gundam revealed and discarded

Battle ended

Battle initiated

Kiraya

Battle declared: Ryusei-Go (Graze Custom Ⅱ) against Enemy Player

Azure

No blockers available

Action step

Azure

Passed

Kiraya

Passed

Battle started: Ryusei-Go (Graze Custom Ⅱ) against Enemy Shield

Azure

Shield card: Strike Freedom Gundam revealed and discarded

Battle ended

Kiraya

Shiden Custom (Ryusei-Go) deployed

Gundam Flauros (Ryusei-Go) deployed

No targets for Gundam Flauros (Ryusei-Go)

Winner!

Game ended!