Mobile Suit Arena - Battle logs
Game started!

뉴비가늅늅

Choose to play first

Kiraya

Choose to keep starting hand

뉴비가늅늅

Choose to mulligan starting hand

Turn 1 started!

Turn end phase started

Kiraya

Passed

뉴비가늅늅

Passed

Turn ended!

Turn 2 started!

Kiraya

Graze Custom deployed

Turn end phase started

뉴비가늅늅

Passed

Kiraya

Passed

Turn ended!

Turn 3 started!

뉴비가늅늅

Played command: Overflowing Affection

Overflowing Affection: Draw 2 cards

Selecting target for Overflowing Affection

Esperansa discarded

Gundam Exia Repair deployed

Turn end phase started

Kiraya

Passed

뉴비가늅늅

Passed

Turn ended!

Turn 4 started!

Kiraya

Hyakuren deployed

Turn end phase started

뉴비가늅늅

Passed

Kiraya

Passed

Turn ended!

Turn 5 started!

뉴비가늅늅

Esperansa deployed

Turn end phase started

Kiraya

Passed

뉴비가늅늅

Passed

Turn ended!

Turn 6 started!

Kiraya

Gundam Barbatos Adapt deployed

Selecting target for Gundam Barbatos Adapt

Gundam Barbatos Adapt: Dealt 1 damage to: Gundam Barbatos Adapt and Gundam Exia Repair

뉴비가늅늅

Gundam Exia Repair milled 2: Gundam Airmaster and Garrod Ran & Tiffa Adill moved to trash

Kiraya

Linked pilot: Mikazuki Augus on unit Gundam Barbatos Adapt

Selecting target for Mikazuki Augus

Mikazuki Augus: Dealt 1 damage to: Gundam Barbatos Adapt and Esperansa

Battle initiated

Kiraya

Battle declared: Hyakuren against Enemy Player

뉴비가늅늅

No blockers available

Action step

뉴비가늅늅

Passed

Kiraya

Passed

Battle started: Hyakuren against EX Base

뉴비가늅늅

EX Base received 4 damage, now destroyed

Battle ended

Battle initiated

Kiraya

Battle declared: Graze Custom against Enemy Player

뉴비가늅늅

No blockers available

Action step

뉴비가늅늅

Passed

Kiraya

Passed

Battle started: Graze Custom against Enemy Shield

뉴비가늅늅

Shield card: Gundam Airmaster revealed and discarded

Battle ended

Battle initiated

Kiraya

Battle declared: Gundam Barbatos Adapt against Enemy Player

뉴비가늅늅

No blockers available

Action step

뉴비가늅늅

Passed

Kiraya

Passed

Battle started: Gundam Barbatos Adapt against Enemy Shield

뉴비가늅늅

Shield card: Freeden Ⅱ revealed

Played base: Freeden Ⅱ

Shield card added to hand

Battle ended

Turn end phase started

뉴비가늅늅

Passed

Kiraya

Passed

Turn ended!

Turn 7 started!

뉴비가늅늅

Linked pilot: Ennil El on unit Esperansa

Battle initiated

뉴비가늅늅

Battle declared: Esperansa against Hyakuren

Kiraya

No blockers available

Action step

Kiraya

Passed

뉴비가늅늅

Passed

Battle started: Esperansa against Hyakuren

Kiraya

Hyakuren received 2 damage, leaving 1 HP remaining

뉴비가늅늅

Esperansa received 4 damage, leaving 1 HP remaining

Ennil El: destroyed Hyakuren

Battle ended

뉴비가늅늅

Gundam X deployed

Turn end phase started

Kiraya

Passed

뉴비가늅늅

Passed

Turn ended!

Turn 8 started!

Battle initiated

Kiraya

Battle declared: Graze Custom against Esperansa

뉴비가늅늅

No blockers available

Action step

뉴비가늅늅

Passed

Kiraya

Passed

Battle started: Graze Custom against Esperansa

뉴비가늅늅

Esperansa received 2 damage, now destroyed

Kiraya

Graze Custom received 2 damage, now destroyed

Battle ended

Kiraya

Gundam Barbatos 1st Form deployed

Ryusei-Go (Graze Custom Ⅱ) deployed

Selecting target for Ryusei-Go (Graze Custom Ⅱ)

Ryusei-Go (Graze Custom Ⅱ): Dealt 1 damage to Gundam Barbatos 1st Form, leaving 1 HP remaining

Ryusei-Go (Graze Custom Ⅱ): Draw a card

Selecting target for Ryusei-Go (Graze Custom Ⅱ)

Gundam Exia Repair discarded

Turn end phase started

뉴비가늅늅

Passed

Kiraya

Passed

Turn ended!

Turn 9 started!

Battle initiated

뉴비가늅늅

Battle declared: Gundam X against Enemy Player

Kiraya

No blockers available

Action step

Kiraya

Passed

뉴비가늅늅

Passed

Battle started: Gundam X against EX Base

Kiraya

EX Base received 3 damage, now destroyed

Battle ended

뉴비가늅늅

Gundam X deployed

Gundam Exia Repair deployed

Turn end phase started

Kiraya

Passed

뉴비가늅늅

Passed

Turn ended!

Turn 10 started!

Kiraya

Gundam Flauros (Ryusei-Go) deployed

Selecting target for Gundam Flauros (Ryusei-Go)

뉴비가늅늅

Gundam Exia Repair milled 2: Gundam DX and Overflowing Affection moved to trash

Kiraya

Linked pilot: Mikazuki Augus on unit Gundam Flauros (Ryusei-Go)

Selecting target for Mikazuki Augus

Mikazuki Augus: Dealt 1 damage to: Gundam Flauros (Ryusei-Go) and Gundam X

Battle initiated

Kiraya

Battle declared: Gundam Barbatos 1st Form against Gundam X

Gundam Barbatos 1st Form: Draw a card

뉴비가늅늅

No blockers available

Action step

뉴비가늅늅

Passed

Kiraya

Passed

Battle started: Gundam Barbatos 1st Form against Gundam X

뉴비가늅늅

Gundam X received 3 damage, now destroyed

Kiraya

Gundam Barbatos 1st Form received 3 damage, now destroyed

Battle ended

Battle initiated

Kiraya

Battle declared: Gundam Flauros (Ryusei-Go) against Enemy Player

No targets for Gundam Flauros (Ryusei-Go)

뉴비가늅늅

No blockers available

Action step

뉴비가늅늅

Passed

Kiraya

Passed

Battle started: Gundam Flauros (Ryusei-Go) against Freeden Ⅱ

뉴비가늅늅

Freeden Ⅱ received 7 damage, now destroyed

Battle ended

Battle initiated

Kiraya

Battle declared: Ryusei-Go (Graze Custom Ⅱ) against Enemy Player

뉴비가늅늅

No blockers available

Action step

뉴비가늅늅

Passed

Kiraya

Passed

Battle started: Ryusei-Go (Graze Custom Ⅱ) against Enemy Shield

뉴비가늅늅

Shield card: Gundam Airmaster revealed and discarded

Battle ended

Battle initiated

Kiraya

Battle declared: Gundam Barbatos Adapt against Enemy Player

뉴비가늅늅

No blockers available

Action step

뉴비가늅늅

Passed

Kiraya

Passed

Battle started: Gundam Barbatos Adapt against Enemy Shield

뉴비가늅늅

Shield card: Gundam X Divider revealed and discarded

Battle ended

Turn end phase started

뉴비가늅늅

Passed

Kiraya

Passed

Turn ended!

Turn 11 started!

Battle initiated

뉴비가늅늅

Battle declared: Gundam X against Gundam Flauros (Ryusei-Go)

Kiraya

No blockers available

Action step

Kiraya

Passed

뉴비가늅늅

Passed

Battle started: Gundam X against Gundam Flauros (Ryusei-Go)

Kiraya

Gundam Flauros (Ryusei-Go) received 3 damage, now destroyed

뉴비가늅늅

Gundam X received 7 damage, now destroyed

Battle ended

뉴비가늅늅

Gundam Leopard Destroy deployed

Linked pilot: Garrod Ran & Tiffa Adill on unit Gundam Leopard Destroy

Selecting target for Garrod Ran & Tiffa Adill

Jamil Neate discarded

Selecting target for Garrod Ran & Tiffa Adill

Card added to hand: Gundam Leopard Destroy

Battle initiated

뉴비가늅늅

Battle declared: Gundam Leopard Destroy against Gundam Barbatos Adapt

Selecting target for Gundam Leopard Destroy

Gundam Leopard Destroy: Dealt 2 damage to: Ryusei-Go (Graze Custom Ⅱ) and Gundam Leopard Destroy

Kiraya

No blockers available

Action step

Kiraya

Passed

뉴비가늅늅

Passed

Battle started: Gundam Leopard Destroy against Gundam Barbatos Adapt

Kiraya

Gundam Barbatos Adapt received 5 damage, now destroyed

뉴비가늅늅

Gundam Leopard Destroy received 4 damage, leaving 1 HP remaining

Battle ended

Turn end phase started

Kiraya

Passed

뉴비가늅늅

Passed

Turn ended!

Turn 12 started!

Kiraya

Played base: Hotarubi

Shield card added to hand

Gundam Barbatos 1st Form deployed

Gundam Barbatos Adapt deployed

Selecting target for Gundam Barbatos Adapt

Gundam Barbatos Adapt: Dealt 1 damage to: Gundam Barbatos 1st Form and Gundam Leopard Destroy

Selecting target for Hotarubi

Rested base: Hotarubi

Hotarubi milled 1: Gundam Barbatos 1st Form moved to trash

Graze Custom deployed

Turn end phase started

뉴비가늅늅

Passed

Kiraya

Passed

Turn ended!

Turn 13 started!

뉴비가늅늅

Gundam Leopard Destroy deployed

Linked pilot: Jamil Neate on unit Gundam Leopard Destroy

Battle initiated

뉴비가늅늅

Battle declared: Gundam Leopard Destroy against Enemy Player

Selecting target for Jamil Neate

Gundam X discarded

Jamil Neate: Draw a card

Selecting target for Gundam Leopard Destroy

Gundam Leopard Destroy: Dealt 2 damage to: Gundam Barbatos 1st Form and Gundam Leopard Destroy

Kiraya

No blockers available

Action step

Kiraya

Passed

뉴비가늅늅

Passed

Battle started: Gundam Leopard Destroy against Hotarubi

Kiraya

Hotarubi received 6 damage, now destroyed

Battle ended

Turn end phase started

Kiraya

Passed

뉴비가늅늅

Passed

Turn ended!

Turn 14 started!

Kiraya

Gundam Barbatos Lupus deployed

Activated: Gundam Barbatos Lupus

Gundam Barbatos Adapt, Gundam Barbatos 1st Form and Gundam Barbatos 1st Form exiled from the game

Selecting target for Gundam Barbatos Lupus

Gundam Barbatos Lupus: Dealt 2 damage to Gundam Leopard Destroy, leaving 2 HP remaining

Activated: Gundam Barbatos Lupus

Graze Custom, Gundam Flauros (Ryusei-Go) and Ryusei-Go (Graze Custom Ⅱ) exiled from the game

Selecting target for Gundam Barbatos Lupus

Gundam Barbatos Lupus: Dealt 2 damage to Gundam Leopard Destroy, now destroyed

Battle initiated

Kiraya

Battle declared: Graze Custom against Enemy Player

뉴비가늅늅

No blockers available

Action step

뉴비가늅늅

Passed

Kiraya

Passed

Battle started: Graze Custom against Enemy Shield

뉴비가늅늅

Shield card: Freeden Ⅱ revealed

Played base: Freeden Ⅱ

No more Shield cards to add to hand

Selecting target for Freeden Ⅱ

Freeden Ⅱ: destroyed Gundam Barbatos Adapt

Battle ended

Kiraya

Graze Custom deployed

Turn end phase started

뉴비가늅늅

Passed

Kiraya

Passed

Turn ended!

Turn 15 started!

뉴비가늅늅

Gundam Airmaster deployed

Linked pilot: Garrod Ran & Tiffa Adill on unit Gundam Airmaster

Selecting target for Garrod Ran & Tiffa Adill

Ennil El discarded

Selecting target for Garrod Ran & Tiffa Adill

Card added to hand: Gundam Airmaster (Fighter Mode)

Gundam Airmaster (Fighter Mode) deployed

Linked pilot: Garrod Ran & Tiffa Adill on unit Gundam Airmaster (Fighter Mode)

Selecting target for Garrod Ran & Tiffa Adill

Battle initiated

뉴비가늅늅

Battle declared: Gundam Airmaster (Fighter Mode) against Graze Custom

Kiraya

No blockers available

Action step

Kiraya

Passed

뉴비가늅늅

Passed

Battle started: Gundam Airmaster (Fighter Mode) against Graze Custom

Kiraya

Graze Custom received 4 damage, now destroyed

뉴비가늅늅

Gundam Airmaster (Fighter Mode) received 2 damage, leaving 3 HP remaining

Battle ended

Turn end phase started

Kiraya

Passed

뉴비가늅늅

Passed

Turn ended!

Turn 16 started!

Kiraya

Played command: Overflowing Affection

Overflowing Affection: Draw 2 cards

Selecting target for Overflowing Affection

Hyakuren discarded

Battle initiated

Kiraya

Battle declared: Graze Custom against Gundam Airmaster (Fighter Mode)

뉴비가늅늅

Assigned no blocker

Action step

뉴비가늅늅

Passed

Kiraya

Passed

Battle started: Graze Custom against Gundam Airmaster (Fighter Mode)

뉴비가늅늅

Gundam Airmaster (Fighter Mode) received 2 damage, leaving 1 HP remaining

Kiraya

Graze Custom received 4 damage, now destroyed

Battle ended

Kiraya

Activated: Gundam Barbatos Lupus

Graze Custom, Hyakuren and Graze Custom exiled from the game

Selecting target for Gundam Barbatos Lupus

Gundam Barbatos Lupus: Dealt 2 damage to Gundam Airmaster (Fighter Mode), now destroyed

Turn end phase started

뉴비가늅늅

Passed

Kiraya

Passed

Turn ended!

Turn 17 started!

뉴비가늅늅

Gundam Airmaster (Fighter Mode) deployed

Turn end phase started

Kiraya

Passed

뉴비가늅늅

Passed

Turn ended!

Turn 18 started!

Kiraya

Gundam Barbatos 1st Form deployed

Turn end phase started

뉴비가늅늅

Passed

Kiraya

Passed

Turn ended!

Turn 19 started!

뉴비가늅늅

Gundam DX deployed

Battle initiated

뉴비가늅늅

Battle declared: Gundam Airmaster (Fighter Mode) against Enemy Player

Kiraya

No blockers available

Action step

Kiraya

Passed

뉴비가늅늅

Passed

Battle started: Gundam Airmaster (Fighter Mode) against Enemy Player

Kiraya

Shield card: Hyakuren revealed and discarded

Battle ended

Turn end phase started

Kiraya

Passed

뉴비가늅늅

Passed

Turn ended!

Turn 20 started!

Kiraya

Gundam Exia Repair deployed

Activated: Gundam Barbatos Lupus

Hyakuren, Gundam Barbatos Adapt and Hyakuren exiled from the game

Selecting target for Gundam Barbatos Lupus

Gundam Barbatos Lupus: Dealt 2 damage to Gundam DX, leaving 4 HP remaining

Paired pilot: Lafter Frankland on unit Gundam Barbatos Lupus

Battle initiated

Kiraya

Battle declared: Gundam Barbatos Lupus against Enemy Player

뉴비가늅늅

Assigned Gundam Airmaster to block

Action step

뉴비가늅늅

Passed

Kiraya

Passed

Battle started: Gundam Barbatos Lupus against Gundam Airmaster

뉴비가늅늅

Gundam Airmaster received 7 damage, now destroyed

Kiraya

Gundam Barbatos Lupus received 5 damage, leaving 1 HP remaining

Battle ended

Battle initiated

Kiraya

Battle declared: Gundam Barbatos 1st Form against Gundam Airmaster (Fighter Mode)

뉴비가늅늅

No blockers available

Action step

뉴비가늅늅

Passed

Kiraya

Passed

Battle started: Gundam Barbatos 1st Form against Gundam Airmaster (Fighter Mode)

뉴비가늅늅

Gundam Airmaster (Fighter Mode) received 3 damage, now destroyed

Kiraya

Gundam Barbatos 1st Form received 3 damage, now destroyed

Battle ended

Turn end phase started

뉴비가늅늅

Passed

Kiraya

Passed

Turn ended!

Turn 21 started!

Battle initiated

뉴비가늅늅

Battle declared: Gundam DX against Gundam Barbatos Lupus

Kiraya

No blockers available

Action step

Kiraya

Passed

뉴비가늅늅

Passed

Battle started: Gundam DX against Gundam Barbatos Lupus

Kiraya

Gundam Barbatos Lupus received 6 damage, now destroyed

뉴비가늅늅

Gundam DX received 7 damage, now destroyed

Battle ended

뉴비가늅늅

Gundam Exia Repair deployed

Turn end phase started

Kiraya

Passed

뉴비가늅늅

Passed

Turn ended!

Turn 22 started!

Kiraya

Ryusei-Go (Graze Custom Ⅱ) deployed

Selecting target for Ryusei-Go (Graze Custom Ⅱ)

Ryusei-Go (Graze Custom Ⅱ): Dealt 1 damage to Ryusei-Go (Graze Custom Ⅱ), leaving 1 HP remaining

Ryusei-Go (Graze Custom Ⅱ): Draw a card

Selecting target for Ryusei-Go (Graze Custom Ⅱ)

Hyakuren discarded

Battle initiated

Kiraya

Battle declared: Gundam Exia Repair against Enemy Player

뉴비가늅늅

No blockers available

Action step

뉴비가늅늅

Passed

Kiraya

Passed

Battle started: Gundam Exia Repair against Freeden Ⅱ

뉴비가늅늅

Freeden Ⅱ received 2 damage, leaving 3 HP remaining

Battle ended

Turn end phase started

뉴비가늅늅

Passed

Kiraya

Passed

Turn ended!

Turn 23 started!

Battle initiated

뉴비가늅늅

Battle declared: Gundam Exia Repair against Gundam Exia Repair

Kiraya

No blockers available

Action step

Kiraya

Passed

뉴비가늅늅

Passed

Battle started: Gundam Exia Repair against Gundam Exia Repair

Kiraya

Gundam Exia Repair received 2 damage, now destroyed

뉴비가늅늅

Gundam Exia Repair received 2 damage, now destroyed

Gundam Exia Repair milled 2: Gundam Leopard Destroy and Gundam X Divider moved to trash

Kiraya

Gundam Exia Repair milled 2: Shiden Custom (Ryusei-Go) and Gundam Flauros (Ryusei-Go) moved to trash

Battle ended

뉴비가늅늅

Gundam Airmaster (Fighter Mode) deployed

Turn end phase started

Kiraya

Passed

뉴비가늅늅

Passed

Turn ended!

Turn 24 started!

Battle initiated

Kiraya

Battle declared: Ryusei-Go (Graze Custom Ⅱ) against Enemy Player

뉴비가늅늅

No blockers available

Action step

뉴비가늅늅

Passed

Kiraya

Passed

Battle started: Ryusei-Go (Graze Custom Ⅱ) against Freeden Ⅱ

뉴비가늅늅

Freeden Ⅱ received 2 damage, leaving 1 HP remaining

Battle ended

Turn end phase started

뉴비가늅늅

Passed

Kiraya

Passed

Turn ended!

Turn 25 started!

Battle initiated

뉴비가늅늅

Battle declared: Gundam Airmaster (Fighter Mode) against Ryusei-Go (Graze Custom Ⅱ)

Kiraya

No blockers available

Action step

Kiraya

Passed

뉴비가늅늅

Passed

Battle started: Gundam Airmaster (Fighter Mode) against Ryusei-Go (Graze Custom Ⅱ)

Kiraya

Ryusei-Go (Graze Custom Ⅱ) received 3 damage, now destroyed

뉴비가늅늅

Gundam Airmaster (Fighter Mode) received 2 damage, leaving 1 HP remaining

Battle ended

Turn end phase started

Kiraya

Passed

뉴비가늅늅

Passed

Turn ended!

Turn 26 started!

Kiraya

Gundam Barbatos Adapt deployed

Selecting target for Gundam Barbatos Adapt

Gundam Barbatos Adapt: Dealt 1 damage to: Gundam Barbatos Adapt and Gundam Airmaster (Fighter Mode)

Turn end phase started

뉴비가늅늅

Passed

Kiraya

Passed

Turn ended!

Turn 27 started!

뉴비가늅늅

Played action: Giant Killing

Giant Killing: destroyed Gundam Barbatos Adapt

Gundam X deployed

Turn end phase started

Kiraya

Passed

뉴비가늅늅

Passed

Turn ended!

Turn 28 started!

Kiraya

Gundam Barbatos Lupus deployed

Activated: Gundam Barbatos Lupus

Gundam Flauros (Ryusei-Go), Ryusei-Go (Graze Custom Ⅱ) and Gundam Barbatos Adapt exiled from the game

Selecting target for Gundam Barbatos Lupus

Gundam Barbatos Lupus: Dealt 2 damage to Gundam X, leaving 2 HP remaining

Activated: Gundam Barbatos Lupus

Gundam Barbatos Lupus, Hyakuren and Shiden Custom (Ryusei-Go) exiled from the game

Selecting target for Gundam Barbatos Lupus

Gundam Barbatos Lupus: Dealt 2 damage to Gundam X, now destroyed

Turn end phase started

뉴비가늅늅

Passed

Kiraya

Passed

Turn ended!

Turn 29 started!

Kiraya

Winner!

Game ended!