Mobile Suit Arena - Battle logs
Game started!

KIRRA

Choose to play first

Kiraya

Choose to keep starting hand

KIRRA

Choose to mulligan starting hand

Turn 1 started!

Turn end phase started

Kiraya

Passed

KIRRA

Passed

Turn ended!

Turn 2 started!

Kiraya

Graze Custom deployed

Turn end phase started

KIRRA

Passed

Kiraya

Passed

Turn ended!

Turn 3 started!

Turn end phase started

Kiraya

Passed

KIRRA

Passed

Turn ended!

Turn 4 started!

Kiraya

Gundam Exia Repair deployed

Battle initiated

Kiraya

Battle declared: Graze Custom against Enemy Player

KIRRA

No blockers available

Action step

KIRRA

Passed

Kiraya

Passed

Battle started: Graze Custom against EX Base

KIRRA

EX Base received 2 damage, leaving 1 HP remaining

Battle ended

Turn end phase started

KIRRA

Passed

Kiraya

Passed

Turn ended!

Turn 5 started!

KIRRA

Played action: Siege Ploy

Rested unit: Gundam Exia Repair

Guntank deployed

Selecting target for Guntank

Guntank: Dealt 1 damage to Gundam Exia Repair, now destroyed

Kiraya

Gundam Exia Repair milled 2: Gundam Barbatos Lupus and Overflowing Affection moved to trash

KIRRA

Played command: Orga's Order

Graze Custom deployed

Turn end phase started

Kiraya

Passed

KIRRA

Passed

Turn ended!

Turn 6 started!

Battle initiated

Kiraya

Battle declared: Graze Custom against Enemy Player

KIRRA

No blockers available

Action step

KIRRA

Passed

Kiraya

Passed

Battle started: Graze Custom against EX Base

KIRRA

EX Base received 2 damage, now destroyed

Battle ended

Kiraya

Gundam Barbatos 1st Form deployed

Replaced EX Base base: Hotarubi

Shield card added to hand

Turn end phase started

KIRRA

Passed

Kiraya

Passed

Turn ended!

Turn 7 started!

KIRRA

Played action: Siege Ploy

Rested unit: Gundam Barbatos 1st Form

Played base: Corsica Base

Shield card added to hand

Tallgeese deployed

Battle initiated

KIRRA

Battle declared: Graze Custom against Gundam Barbatos 1st Form

Kiraya

No blockers available

Action step

Kiraya

Passed

KIRRA

Passed

Battle started: Graze Custom against Gundam Barbatos 1st Form

Kiraya

Gundam Barbatos 1st Form received 2 damage, now destroyed

KIRRA

Graze Custom received 3 damage, now destroyed

Battle ended

Battle initiated

KIRRA

Battle declared: Guntank against Enemy Player

Kiraya

No blockers available

Action step

Kiraya

Passed

KIRRA

Passed

Battle started: Guntank against Hotarubi

Kiraya

Hotarubi received 1 damage, leaving 4 HP remaining

Battle ended

Turn end phase started

Kiraya

Passed

KIRRA

Passed

Turn ended!

Turn 8 started!

Kiraya

Gundam Barbatos Adapt deployed

Selecting target for Gundam Barbatos Adapt

Gundam Barbatos Adapt: Dealt 1 damage to: Gundam Barbatos Adapt and Tallgeese

Selecting target for Hotarubi

Rested base: Hotarubi

Hotarubi milled 1: Overflowing Affection moved to trash

Gundam Barbatos Adapt deployed

Selecting target for Gundam Barbatos Adapt

Gundam Barbatos Adapt: Dealt 1 damage to: Gundam Barbatos Adapt and Tallgeese

Battle initiated

Kiraya

Battle declared: Graze Custom against Guntank

KIRRA

No blockers available

Action step

KIRRA

Passed

Kiraya

Passed

Battle started: Graze Custom against Guntank

KIRRA

Guntank received 2 damage, now destroyed

Kiraya

Graze Custom received 1 damage, leaving 1 HP remaining

Battle ended

Turn end phase started

KIRRA

Passed

Kiraya

Passed

Turn ended!

Turn 9 started!

KIRRA

Gundam Barbatos Adapt deployed

Selecting target for Gundam Barbatos Adapt

Gundam Barbatos Adapt: Dealt 1 damage to: Gundam Barbatos Adapt and Graze Custom

Hyakuren deployed

Turn end phase started

Kiraya

Passed

KIRRA

Passed

Turn ended!

Turn 10 started!

Kiraya

Gundam Gusion Rebake deployed

Selecting target for Gundam Gusion Rebake

Gundam Gusion Rebake: Dealt 1 damage to: Gundam Gusion Rebake and Gundam Barbatos Adapt

Selecting target for Hotarubi

Rested base: Hotarubi

Hotarubi milled 1: Gundam Barbatos 1st Form moved to trash

Gundam Exia Repair deployed

Battle initiated

Kiraya

Battle declared: Gundam Barbatos Adapt against Enemy Player

KIRRA

No blockers available

Action step

KIRRA

Played action: Siege Ploy

Rested unit: Gundam Gusion Rebake

Kiraya

Passed

KIRRA

Passed

Kiraya

Battle started: Gundam Barbatos Adapt against Corsica Base

KIRRA

Corsica Base received 2 damage, leaving 3 HP remaining

Battle ended

Battle initiated

Kiraya

Battle declared: Gundam Barbatos Adapt against Enemy Player

KIRRA

No blockers available

Action step

KIRRA

Passed

Kiraya

Passed

Battle started: Gundam Barbatos Adapt against Corsica Base

KIRRA

Corsica Base received 2 damage, leaving 1 HP remaining

Battle ended

Turn end phase started

KIRRA

Passed

Kiraya

Passed

Turn ended!

Turn 11 started!

KIRRA

Ryusei-Go (Graze Custom Ⅱ) deployed

Selecting target for Ryusei-Go (Graze Custom Ⅱ)

Ryusei-Go (Graze Custom Ⅱ): Dealt 1 damage to Ryusei-Go (Graze Custom Ⅱ), leaving 1 HP remaining

Ryusei-Go (Graze Custom Ⅱ): Draw a card

Selecting target for Ryusei-Go (Graze Custom Ⅱ)

Graze Custom discarded

Battle initiated

KIRRA

Battle declared: Hyakuren against Enemy Player

Kiraya

No blockers available

Action step

Kiraya

Passed

KIRRA

Passed

Battle started: Hyakuren against Hotarubi

Kiraya

Hotarubi received 4 damage, now destroyed

Battle ended

KIRRA

Guntank deployed

Selecting target for Guntank

Guntank: Dealt 1 damage to Gundam Barbatos Adapt, leaving 2 HP remaining

Played command: A Show of Resolve

A Show of Resolve: Draw 2 cards

Battle initiated

KIRRA

Battle declared: Gundam Barbatos Adapt against Enemy Player

Kiraya

No blockers available

Action step

Kiraya

Passed

KIRRA

Passed

Battle started: Gundam Barbatos Adapt against Enemy Shield

Kiraya

Shield card: Gundam Flauros (Ryusei-Go) revealed and discarded

Battle ended

Turn end phase started

Kiraya

Passed

KIRRA

Passed

Turn ended!

Turn 12 started!

Battle initiated

Kiraya

Battle declared: Gundam Exia Repair against Hyakuren

KIRRA

No blockers available

Action step

KIRRA

Passed

Kiraya

Passed

Battle started: Gundam Exia Repair against Hyakuren

KIRRA

Hyakuren received 2 damage, leaving 1 HP remaining

Kiraya

Gundam Exia Repair received 4 damage, now destroyed

Gundam Exia Repair: destroyed Hyakuren

Gundam Exia Repair milled 2: Mikazuki Augus and Ryusei-Go (Graze Custom Ⅱ) moved to trash

Battle ended

Kiraya

Gundam Barbatos Lupus deployed

Activated: Gundam Barbatos Lupus

Gundam Barbatos 1st Form, Graze Custom and Gundam Flauros (Ryusei-Go) exiled from the game

Selecting target for Gundam Barbatos Lupus

Gundam Barbatos Lupus: Dealt 2 damage to Guntank, now destroyed

Activated: Gundam Barbatos Lupus

Gundam Barbatos Lupus, Gundam Barbatos 1st Form and Ryusei-Go (Graze Custom Ⅱ) exiled from the game

Selecting target for Gundam Barbatos Lupus

Gundam Barbatos Lupus: Dealt 2 damage to Gundam Barbatos Adapt, now destroyed

Battle initiated

Kiraya

Battle declared: Gundam Barbatos Adapt against Enemy Player

KIRRA

No blockers available

Action step

KIRRA

Passed

Kiraya

Passed

Battle started: Gundam Barbatos Adapt against Corsica Base

KIRRA

Corsica Base received 2 damage, now destroyed

Battle ended

Battle initiated

Kiraya

Battle declared: Gundam Barbatos Adapt against Enemy Player

KIRRA

No blockers available

Action step

KIRRA

Passed

Kiraya

Passed

Battle started: Gundam Barbatos Adapt against Enemy Shield

KIRRA

Shield card: Akihiro Altland revealed

Shield card added to hand: Akihiro Altland

Battle ended

Turn end phase started

KIRRA

Passed

Kiraya

Passed

Turn ended!

Turn 13 started!

KIRRA

Played command: A Show of Resolve

A Show of Resolve: Draw 2 cards

Battle initiated

KIRRA

Battle declared: Ryusei-Go (Graze Custom Ⅱ) against Enemy Player

Kiraya

Assigned Gundam Gusion Rebake to block

Action step

Kiraya

Passed

KIRRA

Passed

Battle started: Ryusei-Go (Graze Custom Ⅱ) against Gundam Gusion Rebake

Kiraya

Gundam Gusion Rebake received 2 damage, leaving 2 HP remaining

KIRRA

Ryusei-Go (Graze Custom Ⅱ) received 3 damage, now destroyed

Battle ended

KIRRA

Gundam Barbatos 1st Form deployed

Linked pilot: Mikazuki Augus on unit Gundam Barbatos 1st Form

Selecting target for Mikazuki Augus

Mikazuki Augus: Dealt 1 damage to: Gundam Barbatos 1st Form and Gundam Barbatos Lupus

Battle initiated

KIRRA

Battle declared: Gundam Barbatos 1st Form against Enemy Player

Gundam Barbatos 1st Form: Draw a card

Kiraya

No blockers available

Action step

Kiraya

Passed

KIRRA

Passed

Battle started: Gundam Barbatos 1st Form against Enemy Shield

Kiraya

Shield card: Gundam Barbatos Adapt revealed and discarded

Battle ended

Turn end phase started

Kiraya

Passed

KIRRA

Passed

Turn ended!

Turn 14 started!

Kiraya

Gundam Gusion Rebake deployed

Selecting target for Gundam Gusion Rebake

Gundam Gusion Rebake: Dealt 1 damage to: Gundam Gusion Rebake and Gundam Barbatos 1st Form

Gundam Barbatos Adapt deployed

Selecting target for Gundam Barbatos Adapt

Gundam Barbatos Adapt: Dealt 1 damage to: Gundam Barbatos Adapt and Gundam Barbatos 1st Form

Battle initiated

Kiraya

Battle declared: Gundam Barbatos Adapt against Enemy Player

KIRRA

No blockers available

Action step

KIRRA

Passed

Kiraya

Passed

Battle started: Gundam Barbatos Adapt against Enemy Shield

KIRRA

Shield card: Mikazuki Augus revealed

Shield card added to hand: Mikazuki Augus

Battle ended

Battle initiated

Kiraya

Battle declared: Gundam Barbatos Adapt against Enemy Player

KIRRA

No blockers available

Action step

KIRRA

Passed

Kiraya

Passed

Battle started: Gundam Barbatos Adapt against Enemy Shield

KIRRA

Shield card: Orga's Order revealed and discarded

Battle ended

Battle initiated

Kiraya

Battle declared: Gundam Barbatos Lupus against Enemy Player

KIRRA

No blockers available

Action step

KIRRA

Passed

Kiraya

Passed

Battle started: Gundam Barbatos Lupus against Enemy Shield

KIRRA

Shield card: Guntank revealed and discarded

Battle ended

Turn end phase started

KIRRA

Passed

Kiraya

Passed

Turn ended!

Turn 15 started!

KIRRA

Gundam Barbatos Adapt deployed

Selecting target for Gundam Barbatos Adapt

Gundam Barbatos Adapt: Dealt 1 damage to: Gundam Barbatos Adapt and Gundam Gusion Rebake

Linked pilot: Mikazuki Augus on unit Gundam Barbatos Adapt

Selecting target for Mikazuki Augus

Mikazuki Augus: Dealt 1 damage to: Gundam Barbatos Adapt and Gundam Gusion Rebake

Gundam Gusion Rebake deployed

Selecting target for Gundam Gusion Rebake

Gundam Gusion Rebake: Dealt 1 damage to: Gundam Gusion Rebake and Gundam Barbatos Adapt

Linked pilot: Akihiro Altland on unit Gundam Gusion Rebake

Battle initiated

KIRRA

Battle declared: Gundam Gusion Rebake against Gundam Barbatos Adapt

Kiraya

Assigned Gundam Gusion Rebake to block

Action step

Kiraya

Passed

KIRRA

Passed

Battle started: Gundam Gusion Rebake against Gundam Gusion Rebake

Kiraya

Gundam Gusion Rebake received 4 damage, now destroyed

KIRRA

Gundam Gusion Rebake received 3 damage, leaving 2 HP remaining

Selecting target for Akihiro Altland

Graze Custom returned to hand

Battle ended

Battle initiated

KIRRA

Battle declared: Gundam Barbatos Adapt against Enemy Player

Kiraya

No blockers available

Action step

Kiraya

Passed

KIRRA

Passed

Battle started: Gundam Barbatos Adapt against Enemy Shield

Kiraya

Shield card: Hyakuren revealed and discarded

Battle ended

Turn end phase started

Kiraya

Passed

KIRRA

Passed

Turn ended!

Turn 16 started!

Kiraya

Activated: Gundam Barbatos Lupus

Gundam Barbatos Adapt, Gundam Gusion Rebake and Gundam Gusion Rebake exiled from the game

Selecting target for Gundam Barbatos Lupus

Gundam Barbatos Lupus: Dealt 2 damage to Gundam Gusion Rebake, now destroyed

Battle initiated

Kiraya

Battle declared: Gundam Barbatos Adapt against Enemy Player

KIRRA

No blockers available

Action step

KIRRA

Passed

Kiraya

Passed

Battle started: Gundam Barbatos Adapt against Enemy Shield

KIRRA

Shield card: Gundam Barbatos 1st Form revealed and discarded

Battle ended

Kiraya

Hyakuren deployed

Graze Custom deployed

Battle initiated

Kiraya

Battle declared: Gundam Barbatos Adapt against Enemy Player

KIRRA

No blockers available

Action step

KIRRA

Passed

Kiraya

Passed

Battle started: Gundam Barbatos Adapt against Enemy Player

KIRRA

No more shields available, game is over!

Kiraya

Winner!

Game ended!