Mobile Suit Arena - Battle logs
Game started!

Kiraya

Choose to play first

Choose to keep starting hand

Petrullica

Choose to keep starting hand

Turn 1 started!

Turn end phase started

Petrullica

Passed

Kiraya

Passed

Turn ended!

Turn 2 started!

Turn end phase started

Kiraya

Passed

Petrullica

Passed

Turn ended!

Turn 3 started!

Kiraya

Graze Custom deployed

Graze Custom deployed

Turn end phase started

Petrullica

Passed

Kiraya

Passed

Turn ended!

Turn 4 started!

Petrullica

Gundam Lfrith deployed

Turn end phase started

Kiraya

Passed

Petrullica

Passed

Turn ended!

Turn 5 started!

Kiraya

Ryusei-Go (Graze Custom Ⅱ) deployed

Selecting target for Ryusei-Go (Graze Custom Ⅱ)

Ryusei-Go (Graze Custom Ⅱ): Dealt 1 damage to Ryusei-Go (Graze Custom Ⅱ), leaving 1 HP remaining

Ryusei-Go (Graze Custom Ⅱ): Draw a card

Selecting target for Ryusei-Go (Graze Custom Ⅱ)

Overflowing Affection discarded

Replaced EX Base base: Isaribi

Shield card added to hand

Turn end phase started

Petrullica

Passed

Kiraya

Passed

Turn ended!

Turn 6 started!

Petrullica

Impulse Gundam deployed

Turn end phase started

Kiraya

Passed

Petrullica

Passed

Turn ended!

Turn 7 started!

Kiraya

Activated: Isaribi

Rested base: Isaribi

Isaribi: Modifier applied to: Ryusei-Go (Graze Custom Ⅱ)

Battle initiated

Kiraya

Battle declared: Ryusei-Go (Graze Custom Ⅱ) against Enemy Player

Petrullica

Assigned no blocker

Action step

Petrullica

Played action: Unforeseen Incident

Unforeseen Incident: Modifier applied to: Ryusei-Go (Graze Custom Ⅱ)

Kiraya

Passed

Petrullica

Passed

Kiraya

Battle started: Ryusei-Go (Graze Custom Ⅱ) against EX Base

Petrullica

EX Base received 1 damage, leaving 2 HP remaining

Battle ended

Kiraya

Gundam Barbatos Adapt deployed

Selecting target for Gundam Barbatos Adapt

Gundam Barbatos Adapt: Dealt 1 damage to: Gundam Barbatos Adapt and Gundam Lfrith

Gundam Barbatos Adapt deployed

Selecting target for Gundam Barbatos Adapt

Gundam Barbatos Adapt: Dealt 1 damage to: Gundam Barbatos Adapt and Gundam Lfrith

Turn end phase started

Petrullica

Passed

Kiraya

Passed

Turn ended!

Turn 8 started!

Petrullica

Replaced EX Base base: Minerva

Shield card added to hand

Selecting target for Minerva

Battle initiated

Petrullica

Battle declared: Impulse Gundam against Ryusei-Go (Graze Custom Ⅱ)

Kiraya

No blockers available

Action step

Kiraya

Passed

Petrullica

Passed

Battle started: Impulse Gundam against Ryusei-Go (Graze Custom Ⅱ)

Kiraya

Ryusei-Go (Graze Custom Ⅱ) received 3 damage, now destroyed

Petrullica

Impulse Gundam received 2 damage, leaving 1 HP remaining

Battle ended

Petrullica

Blast Impulse Gundam deployed

Turn end phase started

Kiraya

Passed

Petrullica

Passed

Turn ended!

Turn 9 started!

Kiraya

Activated: Isaribi

Rested base: Isaribi

Isaribi: Modifier applied to: Gundam Barbatos Adapt

Battle initiated

Kiraya

Battle declared: Gundam Barbatos Adapt against Enemy Player

Petrullica

Assigned no blocker

Action step

Petrullica

Passed

Kiraya

Passed

Battle started: Gundam Barbatos Adapt against Minerva

Petrullica

Minerva received 4 damage, leaving 1 HP remaining

Battle ended

Kiraya

Shiden Custom (Ryusei-Go) deployed

Battle initiated

Kiraya

Battle declared: Gundam Barbatos Adapt against Enemy Player

Petrullica

Assigned Blast Impulse Gundam to block

Action step

Petrullica

Passed

Kiraya

Passed

Battle started: Gundam Barbatos Adapt against Blast Impulse Gundam

Petrullica

Blast Impulse Gundam received 2 damage, leaving 1 HP remaining

Kiraya

Gundam Barbatos Adapt received 5 damage, now destroyed

Battle ended

Battle initiated

Kiraya

Battle declared: Graze Custom against Enemy Player

Petrullica

Assigned Gundam Lfrith to block

Action step

Petrullica

Passed

Kiraya

Passed

Battle started: Graze Custom against Gundam Lfrith

Petrullica

Gundam Lfrith received 2 damage, now destroyed

Kiraya

Graze Custom received 2 damage, now destroyed

Battle ended

Battle initiated

Kiraya

Battle declared: Graze Custom against Enemy Player

Petrullica

No blockers available

Action step

Petrullica

Passed

Kiraya

Passed

Battle started: Graze Custom against Minerva

Petrullica

Minerva received 2 damage, now destroyed

Battle ended

Turn end phase started

Petrullica

Passed

Kiraya

Passed

Turn ended!

Turn 10 started!

Petrullica

Aile Strike Gundam deployed

Linked pilot: Kira Yamato on unit Aile Strike Gundam

Selecting target for Aile Strike Gundam

Kiraya

Shiden Custom (Ryusei-Go) returned to hand

Battle initiated

Petrullica

Battle declared: Aile Strike Gundam against Gundam Barbatos Adapt

Selecting target for Kira Yamato

Kira Yamato: Modifier applied to: Gundam Barbatos Adapt

Kiraya

No blockers available

Action step

Kiraya

Passed

Petrullica

Passed

Battle started: Aile Strike Gundam against Gundam Barbatos Adapt

Kiraya

Gundam Barbatos Adapt received 6 damage, now destroyed

Petrullica

Aile Strike Gundam received 0 damage, leaving 5 HP remaining

Battle ended

Battle initiated

Petrullica

Battle declared: Impulse Gundam against Graze Custom

Kiraya

No blockers available

Action step

Kiraya

Passed

Petrullica

Passed

Battle started: Impulse Gundam against Graze Custom

Kiraya

Graze Custom received 3 damage, now destroyed

Petrullica

Impulse Gundam received 2 damage, now destroyed

Battle ended

Battle initiated

Petrullica

Battle declared: Blast Impulse Gundam against Enemy Player

Kiraya

No blockers available

Action step

Kiraya

Passed

Petrullica

Passed

Battle started: Blast Impulse Gundam against Isaribi

Kiraya

Isaribi received 5 damage, now destroyed

Battle ended

Turn end phase started

Kiraya

Passed

Petrullica

Passed

Turn ended!

Turn 11 started!

Kiraya

Played base: Hotarubi

Shield card added to hand

Shiden Custom (Ryusei-Go) deployed

Linked pilot: Mikazuki Augus on unit Shiden Custom (Ryusei-Go)

Selecting target for Mikazuki Augus

Mikazuki Augus: Dealt 1 damage to: Shiden Custom (Ryusei-Go) and Blast Impulse Gundam

Selecting target for Hotarubi

Rested base: Hotarubi

Hotarubi milled 1: Gundam Exia Repair moved to trash

Battle initiated

Kiraya

Battle declared: Shiden Custom (Ryusei-Go) against Aile Strike Gundam

Petrullica

No blockers available

Action step

Petrullica

Passed

Kiraya

Passed

Battle started: Shiden Custom (Ryusei-Go) against Aile Strike Gundam

Petrullica

Aile Strike Gundam received 6 damage, now destroyed

Kiraya

Shiden Custom (Ryusei-Go) received 6 damage, now destroyed

Battle ended

Turn end phase started

Petrullica

Passed

Kiraya

Passed

Turn ended!

Turn 12 started!

Petrullica

Force Impulse Gundam deployed

Played base: Minerva

Shield card added to hand

Selecting target for Minerva

Turn end phase started

Kiraya

Passed

Petrullica

Passed

Turn ended!

Turn 13 started!

Kiraya

Gundam Barbatos Lupus deployed

Activated: Gundam Barbatos Lupus

Graze Custom, Gundam Barbatos Adapt and Shiden Custom (Ryusei-Go) exiled from the game

Selecting target for Gundam Barbatos Lupus

Gundam Barbatos Lupus: Dealt 2 damage to Force Impulse Gundam, leaving 2 HP remaining

Activated: Gundam Barbatos Lupus

Ryusei-Go (Graze Custom Ⅱ), Gundam Barbatos Adapt and Graze Custom exiled from the game

Selecting target for Gundam Barbatos Lupus

Gundam Barbatos Lupus: Dealt 2 damage to Force Impulse Gundam, now destroyed

Petrullica

Selecting target for Force Impulse Gundam

Impulse Gundam returned to hand

Kiraya

Graze Custom deployed

Turn end phase started

Petrullica

Passed

Kiraya

Passed

Turn ended!

Turn 14 started!

Petrullica

Destiny Gundam deployed

Linked pilot: Shinn Asuka on unit Destiny Gundam

Battle initiated

Petrullica

Battle declared: Destiny Gundam against Enemy Player

Shinn Asuka: 1 resource set as active

Selecting target for Destiny Gundam

Rested 3 Resources (Exiled 1 Resource EX)

Blast Impulse Gundam deployed

Kiraya

Can't block High-maneuver

Action step

Kiraya

Passed

Petrullica

Passed

Battle started: Destiny Gundam against Hotarubi

Kiraya

Hotarubi received 8 damage, now destroyed

Battle ended

Turn end phase started

Kiraya

Passed

Petrullica

Passed

Turn ended!

Turn 15 started!

Kiraya

Gundam Flauros (Ryusei-Go) deployed

No targets for Gundam Flauros (Ryusei-Go)

Hyakuren deployed

Gundam Barbatos 1st Form deployed

Battle initiated

Kiraya

Battle declared: Graze Custom against Enemy Player

Petrullica

Assigned no blocker

Action step

Petrullica

Passed

Kiraya

Passed

Battle started: Graze Custom against Minerva

Petrullica

Minerva received 2 damage, leaving 3 HP remaining

Battle ended

Battle initiated

Kiraya

Battle declared: Gundam Barbatos Lupus against Destiny Gundam

Petrullica

Assigned Blast Impulse Gundam to block

Action step

Petrullica

Passed

Kiraya

Passed

Battle started: Gundam Barbatos Lupus against Blast Impulse Gundam

Petrullica

Blast Impulse Gundam received 5 damage, now destroyed

Kiraya

Gundam Barbatos Lupus received 5 damage, now destroyed

Battle ended

Turn end phase started

Petrullica

Passed

Kiraya

Passed

Turn ended!

Turn 16 started!

Battle initiated

Petrullica

Battle declared: Destiny Gundam against Enemy Player

Selecting target for Destiny Gundam

Rested 3 Resources

Blast Impulse Gundam deployed

Shinn Asuka: 1 resource set as active

Kiraya

Can't block High-maneuver

Action step

Kiraya

Passed

Petrullica

Passed

Battle started: Destiny Gundam against Enemy Shield

Kiraya

Shield card: Gundam Gusion Rebake revealed and discarded

Battle ended

Petrullica

Perfect Strike Gundam deployed

No targets for Perfect Strike Gundam

Impulse Gundam deployed

Turn end phase started

Kiraya

Passed

Petrullica

Passed

Turn ended!

Turn 17 started!

Kiraya

Ryusei-Go (Graze Custom Ⅱ) deployed

Selecting target for Ryusei-Go (Graze Custom Ⅱ)

Ryusei-Go (Graze Custom Ⅱ): Dealt 1 damage to Gundam Barbatos 1st Form, leaving 1 HP remaining

Ryusei-Go (Graze Custom Ⅱ): Draw a card

Selecting target for Ryusei-Go (Graze Custom Ⅱ)

Lafter Frankland discarded

Battle initiated

Kiraya

Battle declared: Hyakuren against Enemy Player

Petrullica

Assigned no blocker

Action step

Petrullica

Passed

Kiraya

Passed

Battle started: Hyakuren against Minerva

Petrullica

Minerva received 4 damage, now destroyed

Battle ended

Battle initiated

Kiraya

Battle declared: Gundam Flauros (Ryusei-Go) against Destiny Gundam

No targets for Gundam Flauros (Ryusei-Go)

Petrullica

Assigned Blast Impulse Gundam to block

Action step

Petrullica

Passed

Kiraya

Passed

Battle started: Gundam Flauros (Ryusei-Go) against Blast Impulse Gundam

Petrullica

Blast Impulse Gundam received 5 damage, now destroyed

Kiraya

Gundam Flauros (Ryusei-Go) received 5 damage, now destroyed

Battle ended

Battle initiated

Kiraya

Battle declared: Gundam Barbatos 1st Form against Enemy Player

Gundam Barbatos 1st Form: Draw a card

Petrullica

Assigned no blocker

Action step

Petrullica

Passed

Kiraya

Passed

Battle started: Gundam Barbatos 1st Form against Enemy Shield

Petrullica

Shield card: Shinn Asuka revealed

Shield card added to hand: Shinn Asuka

Battle ended

Kiraya

Paired pilot: Mikazuki Augus on unit Graze Custom

Selecting target for Mikazuki Augus

Mikazuki Augus: Dealt 1 damage to: Graze Custom and Destiny Gundam

Battle initiated

Kiraya

Battle declared: Graze Custom against Destiny Gundam

Petrullica

Assigned no blocker

Action step

Petrullica

Played action: Unforeseen Incident

Unforeseen Incident: Modifier applied to: Graze Custom

Kiraya

Passed

Petrullica

Passed

Kiraya

Battle started: Graze Custom against Destiny Gundam

Petrullica

Destiny Gundam received 1 damage, leaving 3 HP remaining

Kiraya

Graze Custom received 8 damage, now destroyed

Battle ended

Kiraya

Gundam Barbatos Lupus deployed

Turn end phase started

Petrullica

Passed

Kiraya

Passed

Turn ended!

Turn 18 started!

Battle initiated

Petrullica

Battle declared: Impulse Gundam against Enemy Player

Kiraya

No blockers available

Action step

Kiraya

Passed

Petrullica

Passed

Battle started: Impulse Gundam against Enemy Shield

Kiraya

Shield card: Overflowing Affection revealed and discarded

Battle ended

Petrullica

Activated: Impulse Gundam

Rested 2 Resources

Impulse Gundam returned to deck

Force Impulse Gundam deployed

Battle initiated

Petrullica

Battle declared: Destiny Gundam against Enemy Player

Shinn Asuka: 1 resource set as active

Selecting target for Destiny Gundam

Rested 3 Resources

Blast Impulse Gundam deployed

Kiraya

Can't block High-maneuver

Action step

Kiraya

Passed

Petrullica

Passed

Battle started: Destiny Gundam against Enemy Shield

Kiraya

Shield card: Graze Custom revealed and discarded

Battle ended

Battle initiated

Petrullica

Battle declared: Perfect Strike Gundam against Gundam Barbatos 1st Form

Kiraya

No blockers available

Action step

Kiraya

Passed

Petrullica

Passed

Battle started: Perfect Strike Gundam against Gundam Barbatos 1st Form

Kiraya

Gundam Barbatos 1st Form received 4 damage, now destroyed

Petrullica

Perfect Strike Gundam received 3 damage, leaving 1 HP remaining

Battle ended

Petrullica

Force Impulse Gundam deployed

Linked pilot: Shinn Asuka on unit Force Impulse Gundam

Battle initiated

Petrullica

Battle declared: Force Impulse Gundam against Enemy Player

Shinn Asuka: 1 resource set as active

Kiraya

No blockers available

Action step

Kiraya

Passed

Petrullica

Passed

Battle started: Force Impulse Gundam against Enemy Shield

Kiraya

Shield card: Isaribi revealed

Played base: Isaribi

No more Shield cards to add to hand

Battle ended

Petrullica

Played base: Minerva

Shield card added to hand

Selecting target for Minerva

Turn end phase started

Kiraya

Passed

Petrullica

Passed

Turn ended!

Turn 19 started!

Kiraya

Linked pilot: Mikazuki Augus on unit Ryusei-Go (Graze Custom Ⅱ)

Selecting target for Mikazuki Augus

Mikazuki Augus: Dealt 1 damage to: Hyakuren and Perfect Strike Gundam

Activated: Isaribi

Rested base: Isaribi

Isaribi: Modifier applied to: Hyakuren

Battle initiated

Kiraya

Battle declared: Hyakuren against Destiny Gundam

Petrullica

Assigned Blast Impulse Gundam to block

Action step

Petrullica

Passed

Kiraya

Passed

Battle started: Hyakuren against Blast Impulse Gundam

Petrullica

Blast Impulse Gundam received 6 damage, now destroyed

Kiraya

Hyakuren received 5 damage, now destroyed

Battle ended

Kiraya

Activated: Gundam Barbatos Lupus

Graze Custom, Gundam Barbatos 1st Form and Hyakuren exiled from the game

Selecting target for Gundam Barbatos Lupus

Gundam Barbatos Lupus: Dealt 2 damage to Force Impulse Gundam, leaving 2 HP remaining

Activated: Gundam Barbatos Lupus

Gundam Barbatos Lupus, Gundam Gusion Rebake and Graze Custom exiled from the game

Selecting target for Gundam Barbatos Lupus

Gundam Barbatos Lupus: Dealt 2 damage to Force Impulse Gundam, now destroyed

Petrullica

Selecting target for Force Impulse Gundam

Blast Impulse Gundam returned to hand

Battle initiated

Kiraya

Battle declared: Ryusei-Go (Graze Custom Ⅱ) against Destiny Gundam

Petrullica

No blockers available

Action step

Petrullica

Passed

Kiraya

Passed

Battle started: Ryusei-Go (Graze Custom Ⅱ) against Destiny Gundam

Petrullica

Destiny Gundam received 4 damage, now destroyed

Kiraya

Ryusei-Go (Graze Custom Ⅱ) received 8 damage, now destroyed

Battle ended

Battle initiated

Kiraya

Battle declared: Gundam Barbatos Lupus against Enemy Player

Petrullica

No blockers available

Action step

Petrullica

Passed

Kiraya

Passed

Battle started: Gundam Barbatos Lupus against Enemy Player

Petrullica

Minerva received 5 damage, now destroyed

Battle ended

Turn end phase started

Petrullica

Passed

Kiraya

Passed

Turn ended!

Turn 20 started!

Petrullica

Destiny Gundam deployed

Linked pilot: Shinn Asuka on unit Destiny Gundam

Battle initiated

Petrullica

Battle declared: Destiny Gundam against Enemy Player

Shinn Asuka: 1 resource set as active

Selecting target for Destiny Gundam

Rested 3 Resources

Blast Impulse Gundam deployed

Kiraya

Can't block High-maneuver

Action step

Kiraya

Passed

Petrullica

Passed

Battle started: Force Impulse Gundam against Isaribi

Kiraya

Isaribi received 5 damage, now destroyed

Battle ended

Battle initiated

Petrullica

Battle declared: Destiny Gundam against Enemy Player

Shinn Asuka: 1 resource set as active

Selecting target for Destiny Gundam

Rested 3 Resources

Blast Impulse Gundam deployed

Kiraya

Can't block High-maneuver

Action step

Kiraya

Passed

Petrullica

Passed

Battle started: Destiny Gundam against Enemy Player

Kiraya

No more shields available, game is over!

Kiraya

Winner!

Game ended!