Mobile Suit Arena - Battle logs
Game started!

cookd

Choose to play second

Choose to keep starting hand

Kiraya

Choose to mulligan starting hand

Turn 1 started!

Turn end phase started

cookd

Passed

Kiraya

Passed

Turn ended!

Turn 2 started!

Turn end phase started

Kiraya

Passed

cookd

Passed

Turn ended!

Turn 3 started!

Turn end phase started

cookd

Passed

Kiraya

Passed

Turn ended!

Turn 4 started!

cookd

Replaced EX Base base: Saint Gabriel Institute

Shield card added to hand

Selecting target for Saint Gabriel Institute

Turn end phase started

Kiraya

Passed

cookd

Passed

Turn ended!

Turn 5 started!

Kiraya

Hyakuren deployed

Replaced EX Base base: Isaribi

Shield card added to hand

Turn end phase started

cookd

Passed

Kiraya

Passed

Turn ended!

Turn 6 started!

cookd

Wing Gundam (Bird Mode) deployed

Placed 1 Resource EX

Linked pilot: Heero Yuy on unit Wing Gundam (Bird Mode)

Battle initiated

cookd

Battle declared: Wing Gundam (Bird Mode) against Enemy Player

Kiraya

No blockers available

Action step

Kiraya

Passed

cookd

Passed

Battle started: Wing Gundam (Bird Mode) against Isaribi

Kiraya

Isaribi received 5 damage, now destroyed

Battle ended

Turn end phase started

Kiraya

Passed

cookd

Passed

Turn ended!

Turn 7 started!

Kiraya

Gundam Barbatos 1st Form deployed

Linked pilot: Mikazuki Augus on unit Gundam Barbatos 1st Form

Selecting target for Mikazuki Augus

Mikazuki Augus: Dealt 1 damage to: Gundam Barbatos 1st Form and Wing Gundam (Bird Mode)

Battle initiated

Kiraya

Battle declared: Gundam Barbatos 1st Form against Enemy Player

Gundam Barbatos 1st Form: Draw a card

cookd

No blockers available

Action step

cookd

Passed

Kiraya

Passed

Battle started: Gundam Barbatos 1st Form against Saint Gabriel Institute

cookd

Saint Gabriel Institute received 5 damage, now destroyed

Battle ended

Battle initiated

Kiraya

Battle declared: Hyakuren against Wing Gundam (Bird Mode)

cookd

No blockers available

Action step

cookd

Passed

Kiraya

Passed

Battle started: Hyakuren against Wing Gundam (Bird Mode)

cookd

Wing Gundam (Bird Mode) received 4 damage, now destroyed

Kiraya

Hyakuren received 5 damage, now destroyed

Battle ended

Kiraya

Played command: Overflowing Affection

Overflowing Affection: Draw 2 cards

Selecting target for Overflowing Affection

Gundam Exia Repair discarded

Turn end phase started

cookd

Passed

Kiraya

Passed

Turn ended!

Turn 8 started!

cookd

Gundam Heavyarms deployed

Selecting target for Gundam Heavyarms

Returned to deck bottom

Linked pilot: Heero Yuy on unit Gundam Heavyarms

Battle initiated

cookd

Battle declared: Gundam Heavyarms against Enemy Player

Kiraya

No blockers available

Action step

Kiraya

Passed

cookd

Passed

Battle started: Gundam Heavyarms against Enemy Shield

Kiraya

Shield card: Overflowing Affection revealed and discarded

cookd

Selecting target for Heero Yuy

Heero Yuy: Modifier applied to: Gundam Barbatos 1st Form

Battle ended

Turn end phase started

Kiraya

Passed

cookd

Passed

Turn ended!

Turn 9 started!

Battle initiated

Kiraya

Battle declared: Gundam Barbatos 1st Form against Gundam Heavyarms

Gundam Barbatos 1st Form: Draw a card

cookd

No blockers available

Action step

cookd

Played action: Iron-Fisted Discipline

Iron-Fisted Discipline: Modifier applied to: Gundam Barbatos 1st Form

Kiraya

Passed

cookd

Passed

Kiraya

Battle started: Gundam Barbatos 1st Form against Gundam Heavyarms

cookd

Gundam Heavyarms received 3 damage, leaving 2 HP remaining

Kiraya

Gundam Barbatos 1st Form received 5 damage, now destroyed

Battle ended

Kiraya

Gundam Barbatos Adapt deployed

Selecting target for Gundam Barbatos Adapt

Gundam Barbatos Adapt: Dealt 1 damage to: Gundam Barbatos Adapt and Gundam Heavyarms

Gundam Barbatos Adapt deployed

Selecting target for Gundam Barbatos Adapt

Gundam Barbatos Adapt: Dealt 1 damage to: Gundam Barbatos Adapt and Gundam Heavyarms

Graze Custom deployed

Turn end phase started

cookd

Passed

Kiraya

Passed

Turn ended!

Turn 10 started!

cookd

Noin's Taurus deployed

Shenlong Gundam deployed

Turn end phase started

Kiraya

Passed

cookd

Passed

Turn ended!

Turn 11 started!

Kiraya

Gundam Gusion Rebake deployed

Selecting target for Gundam Gusion Rebake

Winner!

Game ended!