Mobile Suit Arena - Battle logs
Game started!

JJL

Choose to play second

Choose to keep starting hand

Kiraya

Choose to mulligan starting hand

Turn 1 started!

Turn end phase started

JJL

Passed

Kiraya

Passed

Turn ended!

Turn 2 started!

JJL

Played command: Overflowing Affection

Overflowing Affection: Draw 2 cards

Selecting target for Overflowing Affection

Kira Yamato discarded

Turn end phase started

Kiraya

Passed

JJL

Passed

Turn ended!

Turn 3 started!

Kiraya

Graze Custom deployed

Gundam Exia Repair deployed

Turn end phase started

JJL

Passed

Kiraya

Passed

Turn ended!

Turn 4 started!

Turn end phase started

Kiraya

Passed

JJL

Passed

Turn ended!

Turn 5 started!

Battle initiated

Kiraya

Battle declared: Graze Custom against Enemy Player

JJL

No blockers available

Action step

JJL

Passed

Kiraya

Passed

Battle started: Graze Custom against EX Base

JJL

EX Base received 2 damage, leaving 1 HP remaining

Battle ended

Battle initiated

Kiraya

Battle declared: Gundam Exia Repair against Enemy Player

JJL

No blockers available

Action step

JJL

Passed

Kiraya

Passed

Battle started: Gundam Exia Repair against EX Base

JJL

EX Base received 2 damage, now destroyed

Battle ended

Kiraya

Hyakuren deployed

Played command: Overflowing Affection

Overflowing Affection: Draw 2 cards

Selecting target for Overflowing Affection

Gundam Exia Repair discarded

Turn end phase started

JJL

Passed

Kiraya

Passed

Turn ended!

Turn 6 started!

JJL

Strike Rouge (Ootori) deployed

Turn end phase started

Kiraya

Passed

JJL

Passed

Turn ended!

Turn 7 started!

Battle initiated

Kiraya

Battle declared: Gundam Exia Repair against Enemy Player

JJL

Assigned no blocker

Action step

JJL

Passed

Kiraya

Passed

Battle started: Gundam Exia Repair against Enemy Shield

JJL

Shield card: Overflowing Affection revealed and discarded

Battle ended

Kiraya

Gundam Barbatos 1st Form deployed

Paired pilot: Mikazuki Augus on unit Hyakuren

Selecting target for Mikazuki Augus

Mikazuki Augus: Dealt 1 damage to: Gundam Barbatos 1st Form and Strike Rouge (Ootori)

Paired pilot: Lafter Frankland on unit Gundam Barbatos 1st Form

Battle initiated

Kiraya

Battle declared: Graze Custom against Enemy Player

JJL

Assigned Strike Rouge (Ootori) to block

Action step

JJL

Passed

Kiraya

Passed

Battle started: Graze Custom against Strike Rouge (Ootori)

JJL

Strike Rouge (Ootori) received 2 damage, leaving 1 HP remaining

Kiraya

Graze Custom received 3 damage, now destroyed

Battle ended

Battle initiated

Kiraya

Battle declared: Hyakuren against Enemy Player

JJL

No blockers available

Action step

JJL

Passed

Kiraya

Passed

Battle started: Hyakuren against Enemy Shield

JJL

Shield card: A Show of Resolve revealed and discarded

Battle ended

Turn end phase started

JJL

Passed

Kiraya

Passed

Turn ended!

Turn 8 started!

JJL

Gundam deployed

Linked pilot: Amuro Ray on unit Gundam

Selecting target for Amuro Ray

Rested unit: Gundam Barbatos 1st Form

Battle initiated

JJL

Battle declared: Strike Rouge (Ootori) against Gundam Barbatos 1st Form

Kiraya

No blockers available

Action step

Kiraya

Passed

JJL

Passed

Battle started: Strike Rouge (Ootori) against Gundam Barbatos 1st Form

Kiraya

Gundam Barbatos 1st Form received 4 damage, now destroyed

JJL

Strike Rouge (Ootori) received 5 damage, now destroyed

Battle ended

Battle initiated

JJL

Battle declared: Gundam against Gundam Exia Repair

Kiraya

No blockers available

Action step

Kiraya

Passed

JJL

Passed

Battle started: Gundam against Gundam Exia Repair

Kiraya

Gundam Exia Repair received 6 damage, now destroyed

JJL

Gundam received 2 damage, leaving 3 HP remaining

Kiraya

Gundam Exia Repair milled 2: Graze Custom and Hyakuren moved to trash

Battle ended

Turn end phase started

Kiraya

Passed

JJL

Passed

Gundam repaired 2 from [Repair 2]

Turn ended!

Turn 9 started!

Kiraya

Played command: Overflowing Affection

Overflowing Affection: Draw 2 cards

Selecting target for Overflowing Affection

Graze Custom discarded

Battle initiated

Kiraya

Battle declared: Hyakuren against Gundam

JJL

No blockers available

Action step

JJL

Passed

Kiraya

Passed

Battle started: Hyakuren against Gundam

JJL

Gundam received 6 damage, now destroyed

Kiraya

Hyakuren received 5 damage, now destroyed

Battle ended

Kiraya

Hyakuren deployed

Replaced EX Base base: Hotarubi

Shield card added to hand

Turn end phase started

JJL

Passed

Kiraya

Passed

Turn ended!

Turn 10 started!

JJL

Freedom Gundam deployed

Turn end phase started

Kiraya

Passed

JJL

Passed

Turn ended!

Turn 11 started!

Kiraya

Gundam Barbatos 1st Form deployed

Gundam Barbatos Adapt deployed

Selecting target for Gundam Barbatos Adapt

Gundam Barbatos Adapt: Dealt 1 damage to: Gundam Barbatos 1st Form and Freedom Gundam

Selecting target for Hotarubi

Rested base: Hotarubi

Hotarubi milled 1: Mikazuki Augus moved to trash

Battle initiated

Kiraya

Battle declared: Hyakuren against Enemy Player

JJL

Assigned no blocker

Action step

JJL

Passed

Kiraya

Passed

Battle started: Hyakuren against Enemy Shield

JJL

Shield card: Kira Yamato revealed

Shield card added to hand: Kira Yamato

Battle ended

Turn end phase started

JJL

Passed

Kiraya

Passed

Turn ended!

Turn 12 started!

JJL

Aile Strike Gundam deployed

Linked pilot: Kira Yamato on unit Aile Strike Gundam

Selecting target for Aile Strike Gundam

Kiraya

Gundam Barbatos 1st Form returned to hand

Battle initiated

JJL

Battle declared: Aile Strike Gundam against Hyakuren

Selecting target for Kira Yamato

Kira Yamato: Modifier applied to: Hyakuren

Kiraya

No blockers available

Action step

Kiraya

Passed

JJL

Passed

Battle started: Aile Strike Gundam against Hyakuren

Kiraya

Hyakuren received 6 damage, now destroyed

JJL

Aile Strike Gundam received 2 damage, leaving 3 HP remaining

Battle ended

Turn end phase started

Kiraya

Passed

JJL

Passed

Turn ended!

Turn 13 started!

Kiraya

Gundam Barbatos Lupus deployed

Activated: Gundam Barbatos Lupus

Graze Custom, Hyakuren and Hyakuren exiled from the game

Selecting target for Gundam Barbatos Lupus

Gundam Barbatos Lupus: Dealt 2 damage to Aile Strike Gundam, leaving 1 HP remaining

Activated: Gundam Barbatos Lupus

Graze Custom, Graze Custom and Hyakuren exiled from the game

Selecting target for Gundam Barbatos Lupus

Gundam Barbatos Lupus: Dealt 2 damage to Aile Strike Gundam, now destroyed

Turn end phase started

JJL

Passed

Kiraya

Passed

Turn ended!

Turn 14 started!

JJL

Strike Freedom Gundam deployed

Selecting target for Strike Freedom Gundam

Strike Freedom Gundam: chose Freedom Gundam and Strike Freedom Gundam

Linked pilot: Kira Yamato on unit Strike Freedom Gundam

Battle initiated

JJL

Battle declared: Strike Freedom Gundam against Enemy Player

Selecting target for Strike Freedom Gundam

A Show of Resolve and Strike Rouge (Kira's Unit) discarded

Selecting target for Strike Freedom Gundam

Kiraya

Gundam Barbatos Adapt returned to deck

JJL

Selecting target for Kira Yamato

Kira Yamato: Modifier applied to: Gundam Barbatos Lupus

Kiraya

No blockers available

Action step

Kiraya

Passed

JJL

Passed

Battle started: Strike Freedom Gundam against Hotarubi

Kiraya

Hotarubi received 7 damage, now destroyed

JJL

Strike Freedom Gundam: Draw a card

Battle ended

Turn end phase started

Kiraya

Passed

JJL

Passed

Turn ended!

Turn 15 started!

Kiraya

Gundam Barbatos 1st Form deployed

Ryusei-Go (Graze Custom Ⅱ) deployed

Selecting target for Ryusei-Go (Graze Custom Ⅱ)

Ryusei-Go (Graze Custom Ⅱ): Dealt 1 damage to Gundam Barbatos 1st Form, leaving 1 HP remaining

Ryusei-Go (Graze Custom Ⅱ): Draw a card

Selecting target for Ryusei-Go (Graze Custom Ⅱ)

Gundam Flauros (Ryusei-Go) discarded

Paired pilot: Lafter Frankland on unit Gundam Barbatos Lupus

Battle initiated

Kiraya

Battle declared: Gundam Barbatos Lupus against Strike Freedom Gundam

JJL

Assigned no blocker

Action step

JJL

Passed

Kiraya

Passed

Battle started: Gundam Barbatos Lupus against Strike Freedom Gundam

JJL

Strike Freedom Gundam received 7 damage, now destroyed

Kiraya

Gundam Barbatos Lupus received 7 damage, now destroyed

Battle ended

Turn end phase started

JJL

Passed

Kiraya

Passed

Turn ended!

Turn 16 started!

JJL

Strike Freedom Gundam deployed

Selecting target for Strike Freedom Gundam

Strike Freedom Gundam: chose Freedom Gundam and Strike Freedom Gundam

Linked pilot: Kira Yamato on unit Strike Freedom Gundam

Kira Yamato: Draw a card

Battle initiated

JJL

Battle declared: Strike Freedom Gundam against Enemy Player

Selecting target for Strike Freedom Gundam

Kiraya

No blockers available

Action step

Kiraya

Passed

JJL

Passed

Battle started: Strike Freedom Gundam against Enemy Shield

Kiraya

Shield card: Graze Custom revealed and discarded

JJL

Strike Freedom Gundam: Draw a card

Battle ended

JJL

Rick Dias deployed

Turn end phase started

Kiraya

Passed

JJL

Passed

Turn ended!

Turn 17 started!

Battle initiated

Kiraya

Battle declared: Ryusei-Go (Graze Custom Ⅱ) against Enemy Player

JJL

Assigned no blocker

Action step

JJL

Passed

Kiraya

Passed

Battle started: Ryusei-Go (Graze Custom Ⅱ) against Enemy Shield

JJL

Shield card: Freedom Gundam revealed and discarded

Battle ended

Battle initiated

Kiraya

Battle declared: Gundam Barbatos 1st Form against Enemy Player

Gundam Barbatos 1st Form: Draw a card

JJL

Assigned no blocker

Action step

JJL

Passed

Kiraya

Passed

Battle started: Gundam Barbatos 1st Form against Enemy Shield

JJL

Shield card: Strike Freedom Gundam revealed and discarded

Battle ended

Kiraya

Gundam Barbatos Lupus deployed

Shiden Custom (Ryusei-Go) deployed

Turn end phase started

JJL

Passed

Kiraya

Passed

Turn ended!

Turn 18 started!

JJL

Played base: Archangel

Shield card added to hand

Battle initiated

JJL

Battle declared: Freedom Gundam against Enemy Player

Kiraya

Assigned Shiden Custom (Ryusei-Go) to block

Action step

Kiraya

Passed

JJL

Passed

Battle started: Freedom Gundam against Shiden Custom (Ryusei-Go)

Kiraya

Shiden Custom (Ryusei-Go) received 4 damage, now destroyed

JJL

Freedom Gundam received 4 damage, now destroyed

Battle ended

JJL

Aile Strike Gundam deployed

Linked pilot: Kira Yamato on unit Aile Strike Gundam

Selecting target for Aile Strike Gundam

Kiraya

Ryusei-Go (Graze Custom Ⅱ) returned to hand

Battle initiated

JJL

Battle declared: Aile Strike Gundam against Gundam Barbatos 1st Form

Selecting target for Kira Yamato

Kira Yamato: Modifier applied to: Gundam Barbatos 1st Form

Kiraya

No blockers available

Action step

Kiraya

Passed

JJL

Passed

Battle started: Aile Strike Gundam against Gundam Barbatos 1st Form

Kiraya

Gundam Barbatos 1st Form received 6 damage, now destroyed

JJL

Aile Strike Gundam received 1 damage, leaving 4 HP remaining

Battle ended

Battle initiated

JJL

Battle declared: Strike Freedom Gundam against Enemy Player

Selecting target for Strike Freedom Gundam

Archangel and Kira Yamato discarded

Selecting target for Strike Freedom Gundam

Kiraya

Gundam Barbatos Lupus returned to deck

No blockers available

Action step

Kiraya

Passed

JJL

Passed

Battle started: Strike Freedom Gundam against Enemy Shield

Kiraya

Shield card: Mikazuki Augus revealed

Shield card added to hand: Mikazuki Augus

Battle ended

JJL

Activated: Archangel

Rested 2 Resources

Set Active: Aile Strike Gundam

Archangel: Modifier applied to: Aile Strike Gundam

Turn end phase started

Kiraya

Passed

JJL

Passed

Turn ended!

Turn 19 started!

Kiraya

Gundam Barbatos Lupus deployed

Ryusei-Go (Graze Custom Ⅱ) deployed

Selecting target for Ryusei-Go (Graze Custom Ⅱ)

Ryusei-Go (Graze Custom Ⅱ): Dealt 1 damage to Ryusei-Go (Graze Custom Ⅱ), leaving 1 HP remaining

Ryusei-Go (Graze Custom Ⅱ): Draw a card

Selecting target for Ryusei-Go (Graze Custom Ⅱ)

Isaribi discarded

Ryusei-Go (Graze Custom Ⅱ) deployed

Selecting target for Ryusei-Go (Graze Custom Ⅱ)

Ryusei-Go (Graze Custom Ⅱ): Dealt 1 damage to Ryusei-Go (Graze Custom Ⅱ), leaving 1 HP remaining

Ryusei-Go (Graze Custom Ⅱ): Draw a card

Selecting target for Ryusei-Go (Graze Custom Ⅱ)

Hotarubi discarded

Activated: Gundam Barbatos Lupus

Graze Custom, Shiden Custom (Ryusei-Go) and Gundam Barbatos 1st Form exiled from the game

Selecting target for Gundam Barbatos Lupus

Gundam Barbatos Lupus: Dealt 2 damage to Aile Strike Gundam, leaving 2 HP remaining

Activated: Gundam Barbatos Lupus

Gundam Barbatos 1st Form, Gundam Flauros (Ryusei-Go) and Gundam Barbatos Lupus exiled from the game

Selecting target for Gundam Barbatos Lupus

Gundam Barbatos Lupus: Dealt 2 damage to Aile Strike Gundam, now destroyed

Turn end phase started

JJL

Passed

Kiraya

Passed

Turn ended!

Turn 20 started!

JJL

Paired pilot: Amuro Ray on unit Rick Dias

Selecting target for Amuro Ray

Rested unit: Gundam Barbatos Lupus

Battle initiated

JJL

Battle declared: Strike Freedom Gundam against Gundam Barbatos Lupus

Kiraya

No blockers available

Action step

Kiraya

Passed

JJL

Passed

Battle started: Strike Freedom Gundam against Gundam Barbatos Lupus

Kiraya

Gundam Barbatos Lupus received 7 damage, now destroyed

JJL

Strike Freedom Gundam received 5 damage, leaving 3 HP remaining

Battle ended

JJL

Rick Dias deployed

Turn end phase started

Kiraya

Passed

JJL

Passed

Turn ended!

Turn 21 started!

Battle initiated

Kiraya

Battle declared: Ryusei-Go (Graze Custom Ⅱ) against Strike Freedom Gundam

JJL

Assigned Rick Dias to block

Action step

JJL

Passed

Kiraya

Passed

Battle started: Ryusei-Go (Graze Custom Ⅱ) against Rick Dias

JJL

Rick Dias received 2 damage, leaving 1 HP remaining

Kiraya

Ryusei-Go (Graze Custom Ⅱ) received 3 damage, now destroyed

Battle ended

Kiraya

Hyakuren deployed

Paired pilot: Mikazuki Augus on unit Hyakuren

Selecting target for Mikazuki Augus

Mikazuki Augus: Dealt 1 damage to: Hyakuren and Rick Dias

Turn end phase started

JJL

Passed

Kiraya

Passed

Turn ended!

Turn 22 started!

Battle initiated

JJL

Battle declared: Strike Freedom Gundam against Enemy Player

Kiraya

No blockers available

Action step

Kiraya

Passed

JJL

Passed

Battle started: Strike Freedom Gundam against Enemy Shield

Kiraya

Shield card: Gundam Barbatos 1st Form revealed and discarded

Battle ended

Battle initiated

JJL

Battle declared: Rick Dias against Enemy Player

Kiraya

No blockers available

Action step

Kiraya

Passed

JJL

Passed

Battle started: Rick Dias against Enemy Shield

Kiraya

Shield card: Shiden Custom (Ryusei-Go) revealed and discarded

Battle ended

JJL

Activated: Archangel

Rested 2 Resources

Set Active: Rick Dias

Archangel: Modifier applied to: Rick Dias

Turn end phase started

Kiraya

Passed

JJL

Passed

Turn ended!

Turn 23 started!

Battle initiated

Kiraya

Battle declared: Hyakuren against Enemy Player

JJL

Assigned no blocker

Action step

JJL

Passed

Kiraya

Passed

Battle started: Hyakuren against Archangel

JJL

Archangel received 6 damage, now destroyed

Battle ended

Kiraya

Paired pilot: Lafter Frankland on unit Ryusei-Go (Graze Custom Ⅱ)

Battle initiated

Kiraya

Battle declared: Ryusei-Go (Graze Custom Ⅱ) against Enemy Player

Lafter Frankland: Modifier applied to: Ryusei-Go (Graze Custom Ⅱ)

JJL

Can't block High-maneuver

Action step

JJL

Played action: Graceful Demeanor

Kiraya

Ryusei-Go (Graze Custom Ⅱ) and Lafter Frankland returned to hand

Passed

JJL

Passed

Battle ended

Kiraya

Ryusei-Go (Graze Custom Ⅱ) deployed

Selecting target for Ryusei-Go (Graze Custom Ⅱ)

Ryusei-Go (Graze Custom Ⅱ): Dealt 1 damage to Ryusei-Go (Graze Custom Ⅱ), leaving 1 HP remaining

Ryusei-Go (Graze Custom Ⅱ): Draw a card

Selecting target for Ryusei-Go (Graze Custom Ⅱ)

Ryusei-Go (Graze Custom Ⅱ) discarded

Turn end phase started

JJL

Passed

Kiraya

Passed

Turn ended!

Turn 24 started!

Battle initiated

JJL

Battle declared: Strike Freedom Gundam against Enemy Player

Kiraya

No blockers available

Action step

Kiraya

Passed

JJL

Passed

Battle started: Strike Freedom Gundam against Enemy Player

Kiraya

Gundam Barbatos Lupus returned to hand

Battle started: Strike Freedom Gundam against Enemy Player

Kiraya

Gundam Barbatos Lupus returned to hand

Battle started: Strike Freedom Gundam against Enemy Player

Kiraya

No more shields available, game is over!

Kiraya

Winner!

Game ended!