Mobile Suit Arena - Battle logs
Game started!

Kiraya

Choose to play first

Choose to keep starting hand

melon2222

Choose to mulligan starting hand

Turn 1 started!

Turn end phase started

melon2222

Passed

Kiraya

Passed

Turn ended!

Turn 2 started!

melon2222

Played command: Airframe Seizure

Selecting target for Airframe Seizure

Kira Yamato discarded

Airframe Seizure: Draw 2 cards

Turn end phase started

Kiraya

Passed

melon2222

Passed

Turn ended!

Turn 3 started!

Kiraya

Graze Custom deployed

Graze Custom deployed

Turn end phase started

melon2222

Passed

Kiraya

Passed

Turn ended!

Turn 4 started!

melon2222

Played command: Airframe Seizure

Selecting target for Airframe Seizure

Strike Freedom Gundam discarded

Airframe Seizure: Draw 2 cards

Turn end phase started

Kiraya

Passed

melon2222

Passed

Turn ended!

Turn 5 started!

Battle initiated

Kiraya

Battle declared: Graze Custom against Enemy Player

melon2222

No blockers available

Action step

melon2222

Passed

Kiraya

Passed

Battle started: Graze Custom against EX Base

melon2222

EX Base received 2 damage, leaving 1 HP remaining

Battle ended

Battle initiated

Kiraya

Battle declared: Graze Custom against Enemy Player

melon2222

No blockers available

Action step

melon2222

Played action: Close Combat

Close Combat: Dealt 2 damage to Graze Custom, now destroyed

Kiraya

Passed

melon2222

Passed

Battle ended

Kiraya

Hyakuren deployed

Played command: Overflowing Affection

Overflowing Affection: Draw 2 cards

Selecting target for Overflowing Affection

Isaribi discarded

Turn end phase started

melon2222

Passed

Kiraya

Passed

Turn ended!

Turn 6 started!

melon2222

Played action: Improved Technique

Improved Technique: Dealt 3 damage to Hyakuren, now destroyed

Turn end phase started

Kiraya

Passed

melon2222

Passed

Turn ended!

Turn 7 started!

Battle initiated

Kiraya

Battle declared: Graze Custom against Enemy Player

melon2222

No blockers available

Action step

melon2222

Passed

Kiraya

Passed

Battle started: Graze Custom against EX Base

melon2222

EX Base received 2 damage, now destroyed

Battle ended

Kiraya

Gundam Barbatos 1st Form deployed

Ryusei-Go (Graze Custom Ⅱ) deployed

Selecting target for Ryusei-Go (Graze Custom Ⅱ)

Ryusei-Go (Graze Custom Ⅱ): Dealt 1 damage to Gundam Barbatos 1st Form, leaving 1 HP remaining

Ryusei-Go (Graze Custom Ⅱ): Draw a card

Selecting target for Ryusei-Go (Graze Custom Ⅱ)

Gundam Flauros (Ryusei-Go) discarded

Turn end phase started

melon2222

Passed

Kiraya

Passed

Turn ended!

Turn 8 started!

melon2222

Played action: Battle of Aces

Battle of Aces: Dealt 3 damage to Gundam Barbatos 1st Form, now destroyed

Played action: Darkness Finger

Darkness Finger: Dealt 2 damage to Ryusei-Go (Graze Custom Ⅱ), now destroyed

Played action: Kindhearted

Kindhearted: Draw a card

Turn end phase started

Kiraya

Passed

melon2222

Passed

Turn ended!

Turn 9 started!

Battle initiated

Kiraya

Battle declared: Graze Custom against Enemy Player

melon2222

No blockers available

Action step

melon2222

Passed

Kiraya

Passed

Battle started: Graze Custom against Enemy Shield

melon2222

Shield card: Kshatriya revealed and discarded

Battle ended

Kiraya

Played command: Overflowing Affection

Overflowing Affection: Draw 2 cards

Selecting target for Overflowing Affection

Gundam Barbatos Lupus discarded

Replaced EX Base base: Isaribi

Shield card added to hand

Shiden Custom (Ryusei-Go) deployed

Turn end phase started

melon2222

Passed

Kiraya

Passed

Turn ended!

Turn 10 started!

melon2222

Kshatriya deployed

Linked pilot: Marida Cruz on unit Kshatriya

Selecting target for Kshatriya

Kshatriya: Dealt 1 damage to: Graze Custom and Shiden Custom (Ryusei-Go)

Battle initiated

melon2222

Battle declared: Kshatriya against Enemy Player

Selecting target for Marida Cruz

Marida Cruz: Dealt 1 damage to Graze Custom, now destroyed

Kiraya

Assigned Shiden Custom (Ryusei-Go) to block

Action step

Kiraya

Passed

melon2222

Passed

Battle started: Kshatriya against Shiden Custom (Ryusei-Go)

Kiraya

Shiden Custom (Ryusei-Go) received 7 damage, now destroyed

melon2222

Kshatriya received 4 damage, leaving 1 HP remaining

Battle ended

Turn end phase started

Kiraya

Passed

melon2222

Passed

Turn ended!

Turn 11 started!

Kiraya

Gundam Barbatos 1st Form deployed

Gundam Barbatos Adapt deployed

Selecting target for Gundam Barbatos Adapt

Gundam Barbatos Adapt: Dealt 1 damage to: Gundam Barbatos 1st Form and Kshatriya

Ryusei-Go (Graze Custom Ⅱ) deployed

Selecting target for Ryusei-Go (Graze Custom Ⅱ)

Ryusei-Go (Graze Custom Ⅱ): Dealt 1 damage to Gundam Barbatos Adapt, leaving 3 HP remaining

Ryusei-Go (Graze Custom Ⅱ): Draw a card

Selecting target for Ryusei-Go (Graze Custom Ⅱ)

Gundam Exia Repair discarded

Turn end phase started

melon2222

Passed

Kiraya

Passed

Turn ended!

Turn 12 started!

melon2222

Unicorn Gundam 02 Banshee (Destroy Mode) deployed

Linked pilot: Marida Cruz on unit Unicorn Gundam 02 Banshee (Destroy Mode)

Battle initiated

melon2222

Battle declared: Unicorn Gundam 02 Banshee (Destroy Mode) against Enemy Player

Selecting target for Marida Cruz

Marida Cruz: Dealt 1 damage to Gundam Barbatos 1st Form, now destroyed

Selecting target for Unicorn Gundam 02 Banshee (Destroy Mode)

Returned to deck bottom

Set Active: Unicorn Gundam 02 Banshee (Destroy Mode)

Unicorn Gundam 02 Banshee (Destroy Mode): Modifier applied to: Unicorn Gundam 02 Banshee (Destroy Mode)

Kiraya

No blockers available

Action step

Kiraya

Passed

melon2222

Passed

Battle started: Unicorn Gundam 02 Banshee (Destroy Mode) against Isaribi

Kiraya

Isaribi received 7 damage, now destroyed

Battle ended

Battle initiated

melon2222

Battle declared: Unicorn Gundam 02 Banshee (Destroy Mode) against Enemy Player

Selecting target for Marida Cruz

Marida Cruz: Dealt 1 damage to Ryusei-Go (Graze Custom Ⅱ), leaving 1 HP remaining

Kiraya

No blockers available

Action step

Kiraya

Passed

melon2222

Passed

Battle started: Unicorn Gundam 02 Banshee (Destroy Mode) against Enemy Shield

Kiraya

Shield card: Lafter Frankland revealed

Shield card added to hand: Lafter Frankland

Battle ended

Turn end phase started

Kiraya

Passed

melon2222

Passed

Turn ended!

Turn 13 started!

Kiraya

Gundam Gusion Rebake deployed

Selecting target for Gundam Gusion Rebake

Gundam Gusion Rebake: Dealt 1 damage to: Gundam Gusion Rebake and Unicorn Gundam 02 Banshee (Destroy Mode)

Paired pilot: Lafter Frankland on unit Ryusei-Go (Graze Custom Ⅱ)

Battle initiated

Kiraya

Battle declared: Ryusei-Go (Graze Custom Ⅱ) against Unicorn Gundam 02 Banshee (Destroy Mode)

Lafter Frankland: Modifier applied to: Ryusei-Go (Graze Custom Ⅱ)

melon2222

Can't block High-maneuver

Action step

melon2222

Passed

Kiraya

Passed

Battle started: Ryusei-Go (Graze Custom Ⅱ) against Unicorn Gundam 02 Banshee (Destroy Mode)

melon2222

Unicorn Gundam 02 Banshee (Destroy Mode) received 4 damage, now destroyed

Kiraya

Ryusei-Go (Graze Custom Ⅱ) received 7 damage, now destroyed

Battle ended

Battle initiated

Kiraya

Battle declared: Gundam Barbatos Adapt against Enemy Player

melon2222

No blockers available

Action step

melon2222

Passed

Kiraya

Passed

Battle started: Gundam Barbatos Adapt against Enemy Shield

melon2222

Shield card: Overwhelming Pressure revealed and discarded

Battle ended

Kiraya

Hyakuren deployed

Turn end phase started

melon2222

Passed

Kiraya

Passed

Turn ended!

Turn 14 started!

melon2222

Played command: A Show of Resolve

A Show of Resolve: Draw 2 cards

Played command: Airframe Seizure

Selecting target for Airframe Seizure

Kindhearted discarded

Airframe Seizure: Draw 2 cards

Played action: Battle of Aces

Battle of Aces: Dealt 3 damage to Gundam Barbatos Adapt, now destroyed

Turn end phase started

Kiraya

Passed

melon2222

Passed

Turn ended!

Turn 15 started!

Kiraya

Gundam Barbatos 1st Form deployed

Battle initiated

Kiraya

Battle declared: Hyakuren against Enemy Player

melon2222

No blockers available

Action step

melon2222

Passed

Kiraya

Passed

Battle started: Hyakuren against Enemy Shield

melon2222

Shield card: Close Combat revealed

Shield card: Close Combat moved to trash

Selecting target for Close Combat

Close Combat: Dealt 2 damage to Gundam Barbatos 1st Form, now destroyed

Battle ended

Battle initiated

Kiraya

Battle declared: Gundam Gusion Rebake against Enemy Player

melon2222

No blockers available

Action step

melon2222

Passed

Kiraya

Passed

Battle started: Gundam Gusion Rebake against Enemy Shield

melon2222

Shield card: Strike Freedom Gundam revealed and discarded

Battle ended

Turn end phase started

melon2222

Passed

Kiraya

Passed

Turn ended!

Turn 16 started!

melon2222

Played action: Kindhearted

Kindhearted: Draw a card

Played action: Battle of Aces

Battle of Aces: Dealt 3 damage to Gundam Gusion Rebake, leaving 1 HP remaining

Played action: Close Combat

Close Combat: Dealt 2 damage to Gundam Gusion Rebake, now destroyed

Turn end phase started

Kiraya

Passed

melon2222

Passed

Turn ended!

Turn 17 started!

Battle initiated

Kiraya

Battle declared: Hyakuren against Enemy Player

melon2222

No blockers available

Action step

melon2222

Passed

Kiraya

Passed

Battle started: Hyakuren against Enemy Shield

melon2222

Shield card: Airframe Seizure revealed and discarded

Battle ended

Kiraya

Gundam Barbatos Adapt deployed

No targets for Gundam Barbatos Adapt

Turn end phase started

melon2222

Passed

Kiraya

Passed

Turn ended!

Turn 18 started!

melon2222

Unicorn Gundam 02 Banshee (Destroy Mode) deployed

Linked pilot: Marida Cruz on unit Unicorn Gundam 02 Banshee (Destroy Mode)

Battle initiated

melon2222

Battle declared: Unicorn Gundam 02 Banshee (Destroy Mode) against Hyakuren

Selecting target for Marida Cruz

Marida Cruz: Dealt 1 damage to Gundam Barbatos Adapt, leaving 3 HP remaining

Selecting target for Unicorn Gundam 02 Banshee (Destroy Mode)

Returned to deck bottom

Set Active: Unicorn Gundam 02 Banshee (Destroy Mode)

Unicorn Gundam 02 Banshee (Destroy Mode): Modifier applied to: Unicorn Gundam 02 Banshee (Destroy Mode)

Kiraya

No blockers available

Action step

Kiraya

Passed

melon2222

Passed

Battle started: Unicorn Gundam 02 Banshee (Destroy Mode) against Hyakuren

Kiraya

Hyakuren received 7 damage, now destroyed

melon2222

Damage prevented

Unicorn Gundam 02 Banshee (Destroy Mode) received 0 damage, leaving 5 HP remaining

Battle ended

Battle initiated

melon2222

Battle declared: Unicorn Gundam 02 Banshee (Destroy Mode) against Enemy Player

Selecting target for Marida Cruz

Marida Cruz: Dealt 1 damage to Gundam Barbatos Adapt, leaving 2 HP remaining

Kiraya

No blockers available

Action step

Kiraya

Passed

melon2222

Passed

Battle started: Unicorn Gundam 02 Banshee (Destroy Mode) against Enemy Shield

Kiraya

Shield card: Hotarubi revealed

Played base: Hotarubi

Shield card added to hand

Battle ended

melon2222

Kshatriya deployed

Turn end phase started

Kiraya

Passed

melon2222

Passed

Turn ended!

Turn 19 started!

Kiraya

Played command: Overflowing Affection

Overflowing Affection: Draw 2 cards

Selecting target for Overflowing Affection

Hotarubi discarded

Gundam Barbatos 1st Form deployed

Gundam Exia Repair deployed

Battle initiated

Kiraya

Battle declared: Gundam Barbatos Adapt against Enemy Player

melon2222

No blockers available

Action step

melon2222

Passed

Kiraya

Passed

Battle started: Gundam Barbatos Adapt against Enemy Shield

melon2222

Shield card: Strike Freedom Gundam revealed and discarded

Battle ended

Turn end phase started

melon2222

Passed

Kiraya

Passed

Turn ended!

Turn 20 started!

Kiraya

Winner!

Game ended!