Mobile Suit Arena - Battle logs
Game started!

Kelryn

Choose to play second

Choose to mulligan starting hand

Kiraya

Choose to mulligan starting hand

Turn 1 started!

Turn end phase started

Kelryn

Passed

Kiraya

Passed

Turn ended!

Turn 2 started!

Kelryn

Zaku Ⅱ deployed

Turn end phase started

Kiraya

Passed

Kelryn

Passed

Turn ended!

Turn 3 started!

Kiraya

Graze Custom deployed

Graze Custom deployed

Turn end phase started

Kelryn

Passed

Kiraya

Passed

Turn ended!

Turn 4 started!

Battle initiated

Kelryn

Battle declared: Zaku Ⅱ against Enemy Player

Zaku Ⅱ: Modifier applied to: Zaku Ⅱ

Kiraya

No blockers available

Action step

Kiraya

Passed

Kelryn

Passed

Battle started: Zaku Ⅱ against EX Base

Kiraya

EX Base received 3 damage, now destroyed

Battle ended

Kelryn

Hobby Hizack deployed

Hobby Hizack deployed

Turn end phase started

Kiraya

Passed

Kelryn

Passed

Turn ended!

Turn 5 started!

Battle initiated

Kiraya

Battle declared: Graze Custom against Zaku Ⅱ

Kelryn

No blockers available

Action step

Kelryn

Passed

Kiraya

Passed

Battle started: Graze Custom against Zaku Ⅱ

Kelryn

Zaku Ⅱ received 2 damage, now destroyed

Kiraya

Graze Custom received 1 damage, leaving 1 HP remaining

Battle ended

Kiraya

Hyakuren deployed

Played command: Overflowing Affection

Overflowing Affection: Draw 2 cards

Selecting target for Overflowing Affection

Ryusei-Go (Graze Custom Ⅱ) discarded

Battle initiated

Kiraya

Battle declared: Graze Custom against Enemy Player

Kelryn

No blockers available

Action step

Kelryn

Passed

Kiraya

Passed

Battle started: Graze Custom against EX Base

Kelryn

EX Base received 2 damage, leaving 1 HP remaining

Battle ended

Turn end phase started

Kelryn

Passed

Kiraya

Passed

Turn ended!

Turn 6 started!

Battle initiated

Kelryn

Battle declared: Hobby Hizack against Enemy Player

Kiraya

No blockers available

Action step

Kiraya

Passed

Kelryn

Passed

Battle started: Hobby Hizack against Enemy Shield

Kiraya

Shield card: Gundam Barbatos Adapt revealed and discarded

Battle ended

Battle initiated

Kelryn

Battle declared: Hobby Hizack against Enemy Player

Kiraya

No blockers available

Action step

Kiraya

Passed

Kelryn

Passed

Battle started: Hobby Hizack against Enemy Shield

Kiraya

Shield card: Gundam Barbatos Adapt revealed and discarded

Battle ended

Kelryn

Char's Zaku Ⅱ deployed

Linked pilot: Char Aznable on unit Char's Zaku Ⅱ

Battle initiated

Kelryn

Battle declared: Char's Zaku Ⅱ against Enemy Player

Char Aznable: Modifier applied to: Char's Zaku Ⅱ

Kiraya

Can't block High-maneuver

Action step

Kiraya

Passed

Kelryn

Passed

Battle started: Char's Zaku Ⅱ against Enemy Shield

Kiraya

Shield card: Gundam Flauros (Ryusei-Go) revealed and discarded

Battle ended

Kelryn

Hobby Hizack deployed

Turn end phase started

Kiraya

Passed

Kelryn

Passed

Turn ended!

Turn 7 started!

Kiraya

Gundam Barbatos 1st Form deployed

Linked pilot: Mikazuki Augus on unit Gundam Barbatos 1st Form

Selecting target for Mikazuki Augus

Mikazuki Augus: Dealt 1 damage to: Gundam Barbatos 1st Form and Hobby Hizack

Battle initiated

Kiraya

Battle declared: Gundam Barbatos 1st Form against Char's Zaku Ⅱ

Gundam Barbatos 1st Form: Draw a card

Kelryn

No blockers available

Action step

Kelryn

Passed

Kiraya

Passed

Battle started: Gundam Barbatos 1st Form against Char's Zaku Ⅱ

Kelryn

Char's Zaku Ⅱ received 5 damage, now destroyed

Kiraya

Gundam Barbatos 1st Form received 4 damage, now destroyed

Kelryn

Char's Zaku Ⅱ deployed

Battle ended

Battle initiated

Kiraya

Battle declared: Graze Custom against Hobby Hizack

Kelryn

No blockers available

Action step

Kelryn

Passed

Kiraya

Passed

Battle started: Graze Custom against Hobby Hizack

Kelryn

Hobby Hizack received 2 damage, now destroyed

Kiraya

Graze Custom received 2 damage, now destroyed

Battle ended

Battle initiated

Kiraya

Battle declared: Graze Custom against Enemy Player

Kelryn

No blockers available

Action step

Kelryn

Passed

Kiraya

Passed

Battle started: Graze Custom against EX Base

Kelryn

EX Base received 2 damage, now destroyed

Battle ended

Battle initiated

Kiraya

Battle declared: Hyakuren against Hobby Hizack

Kelryn

No blockers available

Action step

Kelryn

Passed

Kiraya

Passed

Battle started: Hyakuren against Hobby Hizack

Kelryn

Hobby Hizack received 4 damage, now destroyed

Kiraya

Hyakuren received 2 damage, leaving 1 HP remaining

Battle ended

Kiraya

Gundam Exia Repair deployed

Turn end phase started

Kelryn

Passed

Kiraya

Passed

Turn ended!

Turn 8 started!

Battle initiated

Kelryn

Battle declared: Hobby Hizack against Enemy Player

Kiraya

No blockers available

Action step

Kiraya

Passed

Kelryn

Passed

Battle started: Hobby Hizack against Enemy Shield

Kiraya

Shield card: Graze Custom revealed and discarded

Battle ended

Battle initiated

Kelryn

Battle declared: Char's Zaku Ⅱ against Enemy Player

Kiraya

No blockers available

Action step

Kiraya

Passed

Kelryn

Passed

Battle started: Char's Zaku Ⅱ against Enemy Shield

Kiraya

Shield card: Hyakuren revealed and discarded

Battle ended

Kelryn

Zaku Ⅱ deployed

Turn end phase started

Kiraya

Passed

Kelryn

Passed

Turn ended!

Turn 9 started!

Kiraya

Gundam Exia Repair deployed

Ryusei-Go (Graze Custom Ⅱ) deployed

Selecting target for Ryusei-Go (Graze Custom Ⅱ)

Ryusei-Go (Graze Custom Ⅱ): Dealt 1 damage to Graze Custom, leaving 1 HP remaining

Ryusei-Go (Graze Custom Ⅱ): Draw a card

Selecting target for Ryusei-Go (Graze Custom Ⅱ)

Gundam Barbatos Lupus discarded

Linked pilot: Mikazuki Augus on unit Ryusei-Go (Graze Custom Ⅱ)

Selecting target for Mikazuki Augus

Mikazuki Augus: Dealt 1 damage to: Ryusei-Go (Graze Custom Ⅱ) and Char's Zaku Ⅱ

Battle initiated

Kiraya

Battle declared: Graze Custom against Hobby Hizack

Kelryn

No blockers available

Action step

Kelryn

Passed

Kiraya

Passed

Battle started: Graze Custom against Hobby Hizack

Kelryn

Hobby Hizack received 2 damage, now destroyed

Kiraya

Graze Custom received 2 damage, now destroyed

Battle ended

Battle initiated

Kiraya

Battle declared: Gundam Exia Repair against Enemy Player

Kelryn

No blockers available

Action step

Kelryn

Passed

Kiraya

Passed

Battle started: Gundam Exia Repair against Enemy Shield

Kelryn

Shield card: Char's Gelgoog revealed and discarded

Battle ended

Battle initiated

Kiraya

Battle declared: Ryusei-Go (Graze Custom Ⅱ) against Enemy Player

Kelryn

No blockers available

Action step

Kelryn

Passed

Kiraya

Passed

Battle started: Ryusei-Go (Graze Custom Ⅱ) against Enemy Shield

Kelryn

Shield card: Axis revealed

Played base: Axis

Shield card added to hand

Battle ended

Kiraya

Paired pilot: Lafter Frankland on unit Hyakuren

Battle initiated

Kiraya

Battle declared: Hyakuren against Enemy Player

Lafter Frankland: Modifier applied to: Hyakuren

Kelryn

Can't block High-maneuver

Action step

Kelryn

Passed

Kiraya

Passed

Battle started: Hyakuren against Axis

Kelryn

Axis received 6 damage, now destroyed

Battle ended

Turn end phase started

Kelryn

Passed

Kiraya

Passed

Turn ended!

Turn 10 started!

Battle initiated

Kelryn

Battle declared: Zaku Ⅱ against Enemy Player

Zaku Ⅱ: Modifier applied to: Zaku Ⅱ

Kiraya

No blockers available

Action step

Kiraya

Passed

Kelryn

Passed

Battle started: Zaku Ⅱ against Enemy Shield

Kiraya

Shield card: Lafter Frankland revealed

Shield card added to hand: Lafter Frankland

Battle ended

Kelryn

Char's Gelgoog deployed

Activated: Char's Gelgoog

Rezin's Geara Doga discarded

Selecting target for Char's Gelgoog

Linked pilot: Char Aznable on unit Char's Gelgoog

Battle initiated

Kelryn

Battle declared: Char's Gelgoog against Enemy Player

Char Aznable: Modifier applied to: Char's Gelgoog

Kiraya

Can't block High-maneuver

Action step

Kiraya

Passed

Kelryn

Passed

Battle started: Char's Gelgoog against Enemy Player

Kiraya

No more shields available, game is over!

Kelryn

Winner!

Game ended!