Mobile Suit Arena - Battle logs
Game started!

ASDF

Choose to play first

Choose to keep starting hand

Kiraya

Choose to keep starting hand

Turn 1 started!

Turn end phase started

Kiraya

Passed

ASDF

Passed

Turn ended!

Turn 2 started!

Turn end phase started

ASDF

Passed

Kiraya

Passed

Turn ended!

Turn 3 started!

ASDF

Royal Gundam deployed

Turn end phase started

Kiraya

Passed

ASDF

Passed

Turn ended!

Turn 4 started!

Kiraya

Hyakuren deployed

Turn end phase started

ASDF

Passed

Kiraya

Passed

Turn ended!

Turn 5 started!

ASDF

Played command: Overflowing Affection

Overflowing Affection: Draw 2 cards

Selecting target for Overflowing Affection

Master Gundam discarded

Gundam Maxter deployed

Turn end phase started

Kiraya

Passed

ASDF

Passed

Turn ended!

Turn 6 started!

Kiraya

Gundam Barbatos Adapt deployed

Selecting target for Gundam Barbatos Adapt

Gundam Barbatos Adapt: Dealt 1 damage to: Gundam Barbatos Adapt and Royal Gundam

Gundam Barbatos Adapt deployed

Selecting target for Gundam Barbatos Adapt

Gundam Barbatos Adapt: Dealt 1 damage to: Gundam Barbatos Adapt and Royal Gundam

Battle initiated

Kiraya

Battle declared: Hyakuren against Enemy Player

ASDF

No blockers available

Action step

ASDF

Passed

Kiraya

Passed

Battle started: Hyakuren against EX Base

ASDF

EX Base received 4 damage, now destroyed

Battle ended

Turn end phase started

ASDF

Passed

Kiraya

Passed

Turn ended!

Turn 7 started!

ASDF

Gundam Maxter deployed

Played command: Cyclone Punch

Cyclone Punch: Modifier applied to: Hyakuren

Selecting target for Cyclone Punch

Linked pilot: Chibodee Crocket on unit Gundam Maxter

Battle initiated

ASDF

Battle declared: Gundam Maxter against Hyakuren

Selecting target for Cyclone Punch

Cyclone Punch: Modifier applied to: Hyakuren

Kiraya

No blockers available

Action step

Kiraya

Passed

ASDF

Passed

Battle started: Gundam Maxter against Hyakuren

Kiraya

Hyakuren received 4 damage, now destroyed

ASDF

Gundam Maxter received 0 damage, leaving 3 HP remaining

Selecting target for Gundam Maxter

Battle ended

Turn end phase started

Kiraya

Passed

ASDF

Passed

Turn ended!

Turn 8 started!

Battle initiated

Kiraya

Battle declared: Gundam Barbatos Adapt against Enemy Player

ASDF

No blockers available

Action step

ASDF

Passed

Kiraya

Passed

Battle started: Gundam Barbatos Adapt against Enemy Shield

ASDF

Shield card: Shining Gundam (Super Mode) revealed and discarded

Battle ended

Battle initiated

Kiraya

Battle declared: Gundam Barbatos Adapt against Enemy Player

ASDF

No blockers available

Action step

ASDF

Passed

Kiraya

Passed

Battle started: Gundam Barbatos Adapt against Enemy Shield

ASDF

Shield card: Gundam Fight revealed

Played base: Gundam Fight

Shield card added to hand

Battle ended

Kiraya

Gundam Barbatos 1st Form deployed

Gundam Barbatos Adapt deployed

Selecting target for Gundam Barbatos Adapt

Gundam Barbatos Adapt: Dealt 1 damage to: Gundam Barbatos 1st Form and Gundam Maxter

Turn end phase started

ASDF

Played action: Darkness Finger

Darkness Finger: Dealt 2 damage to Gundam Barbatos 1st Form, now destroyed

Kiraya

Passed

ASDF

Passed

Kiraya

Turn ended!

Turn 9 started!

ASDF

Played command: Cyclone Punch

Cyclone Punch: Modifier applied to: Gundam Barbatos Adapt

Selecting target for Cyclone Punch

Linked pilot: Chibodee Crocket on unit Gundam Maxter

Battle initiated

ASDF

Battle declared: Gundam Maxter against Gundam Barbatos Adapt

Selecting target for Cyclone Punch

Cyclone Punch: Modifier applied to: Gundam Barbatos Adapt

Kiraya

No blockers available

Action step

Kiraya

Passed

ASDF

Passed

Battle started: Gundam Maxter against Gundam Barbatos Adapt

Kiraya

Gundam Barbatos Adapt received 4 damage, now destroyed

ASDF

Gundam Maxter received 0 damage, leaving 3 HP remaining

Selecting target for Gundam Maxter

Card added to hand: Darkness Finger

Battle ended

Battle initiated

ASDF

Battle declared: Gundam Maxter against Gundam Barbatos Adapt

Selecting target for Cyclone Punch

Cyclone Punch: Modifier applied to: Gundam Barbatos Adapt

Kiraya

No blockers available

Action step

Kiraya

Passed

ASDF

Passed

Battle started: Gundam Maxter against Gundam Barbatos Adapt

Kiraya

Gundam Barbatos Adapt received 4 damage, now destroyed

ASDF

Gundam Maxter received 0 damage, leaving 2 HP remaining

Selecting target for Gundam Maxter

Battle ended

ASDF

Rising Gundam deployed

Turn end phase started

Kiraya

Passed

ASDF

Passed

Turn ended!

Turn 10 started!

Battle initiated

Kiraya

Battle declared: Gundam Barbatos Adapt against Gundam Maxter

ASDF

No blockers available

Action step

ASDF

Passed

Kiraya

Passed

Battle started: Gundam Barbatos Adapt against Gundam Maxter

ASDF

Gundam Maxter received 2 damage, now destroyed

Kiraya

Gundam Barbatos Adapt received 4 damage, now destroyed

Battle ended

Kiraya

Shiden Custom (Ryusei-Go) deployed

Hyakuren deployed

Turn end phase started

ASDF

Passed

Kiraya

Passed

Turn ended!

Turn 11 started!

ASDF

Haow Gundam deployed

Linked pilot: Master Asia on unit Haow Gundam

Selecting target for Haow Gundam

Rested unit: Rising Gundam

Dealt 2 damage to: Shiden Custom (Ryusei-Go) and Hyakuren

Played action: Darkness Finger

Darkness Finger: Dealt 2 damage to Shiden Custom (Ryusei-Go), now destroyed

Battle initiated

ASDF

Battle declared: Haow Gundam against Enemy Player

Selecting target for Master Asia

Haow Gundam: Dealt 2 damage to Hyakuren, now destroyed

Kiraya

No blockers available

Action step

Kiraya

Passed

ASDF

Passed

Battle started: Haow Gundam against EX Base

Kiraya

EX Base received 6 damage, now destroyed

Battle ended

Battle initiated

ASDF

Battle declared: Gundam Maxter against Enemy Player

Cannot activate Cyclone Punch: No available targets

Kiraya

No blockers available

Action step

Kiraya

Passed

ASDF

Passed

Battle started: Gundam Maxter against Enemy Shield

Kiraya

Shield card: Zeheart Galette revealed

Shield card added to hand: Zeheart Galette

Battle ended

Turn end phase started

Kiraya

Passed

ASDF

Passed

Turn ended!

Turn 12 started!

Kiraya

Gundam Gusion Rebake deployed

Selecting target for Gundam Gusion Rebake

Gundam Gusion Rebake: Dealt 1 damage to: Gundam Gusion Rebake and Gundam Maxter

Paired pilot: Zeheart Galette on unit Gundam Gusion Rebake

Zeheart Galette milled 2: Isaribi and Gundam Gusion Rebake moved to trash

Turn end phase started

ASDF

Passed

Kiraya

Passed

Turn ended!

Turn 13 started!

Battle initiated

ASDF

Battle declared: Haow Gundam against Enemy Player

Kiraya

Assigned no blocker

Action step

Kiraya

Passed

ASDF

Passed

Battle started: Haow Gundam against Enemy Shield

Kiraya

Shield card: Gundam Barbatos Lupus revealed and discarded

Battle ended

ASDF

Activated: Gundam Fight

Rested base: Gundam Fight

Gundam Fight: Modifier applied to: Gundam Maxter

Battle initiated

ASDF

Battle declared: Gundam Maxter against Enemy Player

Selecting target for Cyclone Punch

Cyclone Punch: Modifier applied to: Gundam Gusion Rebake

Kiraya

Assigned Gundam Gusion Rebake to block

Action step

Kiraya

Passed

ASDF

Passed

Battle started: Gundam Maxter against Gundam Gusion Rebake

Kiraya

Gundam Gusion Rebake received 6 damage, now destroyed

ASDF

Gundam Maxter received 3 damage, now destroyed

Selecting target for Gundam Maxter

Battle ended

Battle initiated

ASDF

Battle declared: Rising Gundam against Enemy Player

Kiraya

No blockers available

Action step

Kiraya

Passed

ASDF

Passed

Battle started: Rising Gundam against Enemy Shield

Kiraya

Shield card: Gundam Barbatos Lupus revealed and discarded

Battle ended

ASDF

Royal Gundam deployed

Shining Gundam deployed

Turn end phase started

Kiraya

Passed

ASDF

Passed

Turn ended!

Turn 14 started!

Kiraya

Played command: Overflowing Affection

Overflowing Affection: Draw 2 cards

Selecting target for Overflowing Affection

Gundam Barbatos 1st Form discarded

Played base: Isaribi

Shield card added to hand

Gundam Flauros (Ryusei-Go) deployed

Selecting target for Gundam Flauros (Ryusei-Go)

Linked pilot: Mikazuki Augus on unit Gundam Flauros (Ryusei-Go)

Selecting target for Mikazuki Augus

Mikazuki Augus: Dealt 1 damage to: Gundam Flauros (Ryusei-Go) and Rising Gundam

Battle initiated

Kiraya

Battle declared: Gundam Flauros (Ryusei-Go) against Haow Gundam

Selecting target for Gundam Flauros (Ryusei-Go)

ASDF

No blockers available

Action step

ASDF

Passed

Kiraya

Passed

Battle started: Gundam Flauros (Ryusei-Go) against Haow Gundam

ASDF

Haow Gundam received 7 damage, now destroyed

Kiraya

Gundam Flauros (Ryusei-Go) received 6 damage, now destroyed

Battle ended

Turn end phase started

ASDF

Passed

Kiraya

Passed

Turn ended!

Turn 15 started!

ASDF

Replaced Gundam Fight base: Mining Asteroid Palau

Shield card added to hand

Master Gundam deployed

Linked pilot: Master Asia on unit Master Gundam

Battle initiated

ASDF

Battle declared: Master Gundam against Enemy Player

Selecting target for Master Gundam

Darkness Finger and Cyclone Punch exiled from the game

Kiraya

Isaribi received 5 damage, now destroyed

No blockers available

Action step

Kiraya

Passed

ASDF

Passed

Battle started: Master Gundam against Enemy Shield

Kiraya

Shield card: Ryusei-Go (Graze Custom Ⅱ) revealed and discarded

Battle ended

Battle initiated

ASDF

Battle declared: Rising Gundam against Enemy Player

Kiraya

No blockers available

Action step

ASDF

Passed

Battle started: Rising Gundam against Enemy Shield

Kiraya

Shield card: Hyakuren revealed and discarded

Battle ended

Turn end phase started

Kiraya

Passed

ASDF

Passed

Turn ended!

Turn 16 started!

Kiraya

Gundam Barbatos Lupus deployed

Paired pilot: Zeheart Galette on unit Gundam Barbatos Lupus

Zeheart Galette milled 2: Overflowing Affection and Graze Custom moved to trash

Activated: Gundam Barbatos Lupus

Ryusei-Go (Graze Custom Ⅱ), Hyakuren and Graze Custom exiled from the game

Selecting target for Gundam Barbatos Lupus

Gundam Barbatos Lupus: Dealt 2 damage to Master Gundam, leaving 5 HP remaining

Activated: Gundam Barbatos Lupus

Gundam Gusion Rebake, Gundam Barbatos Lupus and Gundam Flauros (Ryusei-Go) exiled from the game

Selecting target for Gundam Barbatos Lupus

Gundam Barbatos Lupus: Dealt 2 damage to Master Gundam, leaving 3 HP remaining

Activated: Gundam Barbatos Lupus

Gundam Barbatos Adapt, Gundam Gusion Rebake and Gundam Barbatos Lupus exiled from the game

Selecting target for Gundam Barbatos Lupus

Gundam Barbatos Lupus: Dealt 2 damage to Master Gundam, leaving 1 HP remaining

Activated: Gundam Barbatos Lupus

Shiden Custom (Ryusei-Go), Hyakuren and Gundam Barbatos 1st Form exiled from the game

Selecting target for Gundam Barbatos Lupus

Gundam Barbatos Lupus: Dealt 2 damage to Master Gundam, now destroyed

Activated: Gundam Barbatos Lupus

Gundam Barbatos 1st Form, Gundam Barbatos Adapt and Gundam Barbatos Adapt exiled from the game

Selecting target for Gundam Barbatos Lupus

Gundam Barbatos Lupus: Dealt 2 damage to Rising Gundam, now destroyed

Turn end phase started

ASDF

Passed

Kiraya

Passed

Turn ended!

Turn 17 started!

ASDF

Shining Gundam deployed

Turn end phase started

Kiraya

Passed

ASDF

Passed

Turn ended!

Turn 18 started!

Kiraya

Gundam Barbatos 1st Form deployed

Gundam Exia Repair deployed

Battle initiated

Kiraya

Battle declared: Gundam Barbatos Lupus against Enemy Player

ASDF

No blockers available

Action step

ASDF

Passed

Kiraya

Passed

Battle started: Gundam Barbatos Lupus against Mining Asteroid Palau

ASDF

Mining Asteroid Palau received 7 damage, now destroyed

Battle ended

Turn end phase started

ASDF

Passed

Kiraya

Passed

Turn ended!

Turn 19 started!

ASDF

Played base: Mining Asteroid Palau

Shield card added to hand

Battle initiated

ASDF

Battle declared: Shining Gundam against Enemy Player

Kiraya

No blockers available

Action step

Kiraya

Passed

ASDF

Passed

Battle started: Shining Gundam against Enemy Player

Kiraya

Gundam Barbatos Lupusendo received 5 damage, now destroyed

Kiraya

No more shields available, game is over!

ASDF

Winner!

Game ended!