Mobile Suit Arena - Battle logs
Game started!

Kiraya

Choose to play first

Choose to keep starting hand

Sally

Choose to keep starting hand

Turn 1 started!

Turn end phase started

Sally

Passed

Kiraya

Passed

Turn ended!

Turn 2 started!

Sally

Gelgoog (GQ) deployed

Turn end phase started

Kiraya

Passed

Sally

Passed

Turn ended!

Turn 3 started!

Kiraya

Graze Custom deployed

Played command: Overflowing Affection

Overflowing Affection: Draw 2 cards

Selecting target for Overflowing Affection

Graze Custom discarded

Turn end phase started

Sally

Passed

Kiraya

Passed

Turn ended!

Turn 4 started!

Sally

Char's Zaku Ⅱ deployed

Turn end phase started

Kiraya

Passed

Sally

Passed

Turn ended!

Turn 5 started!

Kiraya

Gundam Barbatos 1st Form deployed

Turn end phase started

Sally

Passed

Kiraya

Passed

Turn ended!

Turn 6 started!

Sally

Char's Zaku Ⅱ deployed

Zaku Ⅱ deployed

Battle initiated

Sally

Battle declared: Char's Zaku Ⅱ against Enemy Player

Kiraya

No blockers available

Action step

Kiraya

Passed

Sally

Passed

Battle started: Char's Zaku Ⅱ against EX Base

Kiraya

EX Base received 3 damage, now destroyed

Battle ended

Battle initiated

Sally

Battle declared: Gelgoog (GQ) against Enemy Player

Kiraya

No blockers available

Action step

Kiraya

Passed

Sally

Passed

Battle started: Gelgoog (GQ) against Enemy Shield

Kiraya

Shield card: Gundam Exia Repair revealed and discarded

Battle ended

Turn end phase started

Kiraya

Passed

Sally

Passed

Turn ended!

Turn 7 started!

Kiraya

Gundam Barbatos Adapt deployed

Selecting target for Gundam Barbatos Adapt

Gundam Barbatos Adapt: Dealt 1 damage to: Gundam Barbatos 1st Form and Zaku Ⅱ

Gundam Barbatos Adapt deployed

Selecting target for Gundam Barbatos Adapt

Gundam Barbatos Adapt: Dealt 1 damage to: Graze Custom and Zaku Ⅱ

Battle initiated

Kiraya

Battle declared: Graze Custom against Gelgoog (GQ)

Sally

No blockers available

Action step

Sally

Passed

Kiraya

Passed

Battle started: Graze Custom against Gelgoog (GQ)

Sally

Gelgoog (GQ) received 2 damage, now destroyed

Kiraya

Graze Custom received 2 damage, now destroyed

Battle ended

Battle initiated

Kiraya

Battle declared: Gundam Barbatos 1st Form against Enemy Player

Gundam Barbatos 1st Form: Draw a card

Sally

No blockers available

Action step

Sally

Passed

Kiraya

Passed

Battle started: Gundam Barbatos 1st Form against EX Base

Sally

EX Base received 3 damage, now destroyed

Battle ended

Turn end phase started

Sally

Passed

Kiraya

Passed

Turn ended!

Turn 8 started!

Sally

Played command: Airframe Seizure

Selecting target for Airframe Seizure

Big Zam discarded

Airframe Seizure: Draw 2 cards

Gelgoog deployed

Zaku Ⅱ deployed

Battle initiated

Sally

Battle declared: Char's Zaku Ⅱ against Gundam Barbatos 1st Form

Kiraya

No blockers available

Action step

Kiraya

Passed

Sally

Passed

Battle started: Char's Zaku Ⅱ against Gundam Barbatos 1st Form

Kiraya

Gundam Barbatos 1st Form received 3 damage, now destroyed

Sally

Char's Zaku Ⅱ received 3 damage, now destroyed

Selecting target for Char's Zaku Ⅱ

Card added to hand: Zaku I Sniper Type

Battle ended

Battle initiated

Sally

Battle declared: Char's Zaku Ⅱ against Enemy Player

Kiraya

No blockers available

Action step

Kiraya

Passed

Sally

Passed

Battle started: Char's Zaku Ⅱ against Enemy Shield

Kiraya

Shield card: Graze Custom revealed and discarded

Battle ended

Turn end phase started

Kiraya

Passed

Sally

Passed

Turn ended!

Turn 9 started!

Kiraya

Shiden Custom (Ryusei-Go) deployed

Gundam Barbatos 1st Form deployed

Battle initiated

Kiraya

Battle declared: Gundam Barbatos Adapt against Enemy Player

Sally

No blockers available

Action step

Sally

Passed

Kiraya

Passed

Battle started: Gundam Barbatos Adapt against Enemy Shield

Sally

Shield card: Zeong revealed and discarded

Battle ended

Battle initiated

Kiraya

Battle declared: Gundam Barbatos Adapt against Enemy Player

Sally

No blockers available

Action step

Sally

Passed

Kiraya

Passed

Battle started: Gundam Barbatos Adapt against Enemy Shield

Sally

Shield card: GFreD revealed and discarded

Battle ended

Turn end phase started

Sally

Passed

Kiraya

Passed

Turn ended!

Turn 10 started!

Sally

Zaku I Sniper Type deployed

Selecting target for Zaku I Sniper Type

Returned to deck bottom

Battle initiated

Sally

Battle declared: Char's Zaku Ⅱ against Enemy Player

Kiraya

Assigned no blocker

Action step

Kiraya

Passed

Sally

Passed

Battle started: Char's Zaku Ⅱ against Enemy Shield

Kiraya

Shield card: Isaribi revealed

Played base: Isaribi

Shield card added to hand

Battle ended

Battle initiated

Sally

Battle declared: Gelgoog against Gundam Barbatos Adapt

Kiraya

Assigned Shiden Custom (Ryusei-Go) to block

Action step

Kiraya

Passed

Sally

Passed

Battle started: Gelgoog against Shiden Custom (Ryusei-Go)

Kiraya

Shiden Custom (Ryusei-Go) received 4 damage, now destroyed

Sally

Gelgoog received 4 damage, now destroyed

Battle ended

Sally

Char's Zaku Ⅱ deployed

Activated Zaku I Sniper Type Support: Zaku Ⅱ gets +1 AP

Battle initiated

Sally

Battle declared: Zaku Ⅱ against Gundam Barbatos Adapt

Zaku Ⅱ: Modifier applied to: Zaku Ⅱ

Kiraya

No blockers available

Action step

Kiraya

Passed

Sally

Passed

Battle started: Zaku Ⅱ against Gundam Barbatos Adapt

Kiraya

Gundam Barbatos Adapt received 4 damage, now destroyed

Sally

Zaku Ⅱ received 2 damage, now destroyed

Battle ended

Turn end phase started

Kiraya

Passed

Sally

Passed

Turn ended!

Turn 11 started!

Kiraya

Gundam Gusion Rebake deployed

Selecting target for Gundam Gusion Rebake

Gundam Gusion Rebake: Dealt 1 damage to: Gundam Barbatos Adapt and Char's Zaku Ⅱ

Linked pilot: Mikazuki Augus on unit Gundam Barbatos 1st Form

Selecting target for Mikazuki Augus

Mikazuki Augus: Dealt 1 damage to: Gundam Barbatos 1st Form and Char's Zaku Ⅱ

Sally

Selecting target for Char's Zaku Ⅱ

Card added to hand: GFreD

Battle initiated

Kiraya

Battle declared: Gundam Barbatos Adapt against Zaku I Sniper Type

Sally

No blockers available

Action step

Sally

Passed

Kiraya

Passed

Battle started: Gundam Barbatos Adapt against Zaku I Sniper Type

Sally

Zaku I Sniper Type received 2 damage, now destroyed

Kiraya

Gundam Barbatos Adapt received 0 damage, leaving 3 HP remaining

Battle ended

Battle initiated

Kiraya

Battle declared: Gundam Barbatos 1st Form against Enemy Player

Gundam Barbatos 1st Form: Draw a card

Sally

No blockers available

Action step

Sally

Passed

Kiraya

Passed

Battle started: Gundam Barbatos 1st Form against Enemy Shield

Sally

Shield card: A Baoa Qu revealed

Played base: A Baoa Qu

Shield card added to hand

Battle ended

Kiraya

Played command: Overflowing Affection

Overflowing Affection: Draw 2 cards

Selecting target for Overflowing Affection

Gundam Barbatos Lupus discarded

Turn end phase started

Sally

Passed

Kiraya

Passed

Turn ended!

Turn 12 started!

Sally

Gelgoog deployed

Rick Dom deployed

Rick Dom deployed

Battle initiated

Sally

Battle declared: Char's Zaku Ⅱ against Gundam Barbatos 1st Form

Kiraya

Assigned Gundam Gusion Rebake to block

Action step

Kiraya

Passed

Sally

Passed

Battle started: Char's Zaku Ⅱ against Gundam Gusion Rebake

Kiraya

Gundam Gusion Rebake received 3 damage, leaving 2 HP remaining

Sally

Char's Zaku Ⅱ received 3 damage, now destroyed

Selecting target for Char's Zaku Ⅱ

Card added to hand: Rick Dom

Battle ended

Turn end phase started

Kiraya

Passed

Sally

Passed

Turn ended!

Turn 13 started!

Battle initiated

Kiraya

Battle declared: Gundam Barbatos 1st Form against Enemy Player

Gundam Barbatos 1st Form: Draw a card

Sally

No blockers available

Action step

Sally

Passed

Kiraya

Passed

Battle started: Gundam Barbatos 1st Form against A Baoa Qu

Sally

A Baoa Qu received 5 damage, now destroyed

Battle ended

Kiraya

Hyakuren deployed

Gundam Barbatos 1st Form deployed

Shiden Custom (Ryusei-Go) deployed

Battle initiated

Kiraya

Battle declared: Gundam Barbatos Adapt against Enemy Player

Sally

No blockers available

Action step

Sally

Passed

Kiraya

Passed

Battle started: Gundam Barbatos Adapt against Enemy Shield

Sally

Shield card: Char Aznable revealed

Shield card added to hand: Char Aznable

Battle ended

Turn end phase started

Sally

Passed

Kiraya

Passed

Turn ended!

Turn 14 started!

Sally

Zeong deployed

Linked pilot: Char Aznable on unit Zeong

Wire-Guided Arm deployed

Wire-Guided Arm deployed

Battle initiated

Sally

Battle declared: Zeong against Enemy Player

Char Aznable: Modifier applied to: Zeong

Kiraya

Can't block High-maneuver

Action step

Kiraya

Passed

Sally

Passed

Battle started: Zeong against Isaribi

Kiraya

Isaribi received 6 damage, now destroyed

Battle ended

Battle initiated

Sally

Battle declared: Rick Dom against Gundam Barbatos 1st Form

Kiraya

Assigned Gundam Gusion Rebake to block

Action step

Kiraya

Passed

Sally

Passed

Battle started: Rick Dom against Gundam Gusion Rebake

Kiraya

Gundam Gusion Rebake received 3 damage, now destroyed

Sally

Rick Dom received 3 damage, now destroyed

Kiraya

Breach 2 Shield card: Shiden Custom (Ryusei-Go) revealed and discarded

Battle ended

Battle initiated

Sally

Battle declared: Rick Dom against Gundam Barbatos 1st Form

Kiraya

Assigned no blocker

Action step

Kiraya

Passed

Sally

Passed

Battle started: Rick Dom against Gundam Barbatos 1st Form

Kiraya

Gundam Barbatos 1st Form received 3 damage, now destroyed

Sally

Rick Dom received 5 damage, now destroyed

Kiraya

Breach 2 Shield card: Gundam Barbatos Adapt revealed and discarded

Battle ended

Battle initiated

Sally

Battle declared: Gelgoog against Enemy Player

Kiraya

Assigned Shiden Custom (Ryusei-Go) to block

Action step

Kiraya

Passed

Sally

Passed

Battle started: Gelgoog against Shiden Custom (Ryusei-Go)

Kiraya

Shiden Custom (Ryusei-Go) received 4 damage, now destroyed

Sally

Gelgoog received 4 damage, now destroyed

Battle ended

Sally

Rick Dom deployed

Turn end phase started

Kiraya

Passed

Sally

Passed

Turn ended!

Turn 15 started!

Kiraya

Gundam Gusion Rebake deployed

Selecting target for Gundam Gusion Rebake

Gundam Gusion Rebake: Dealt 1 damage to: Gundam Barbatos 1st Form and Wire-Guided Arm

Battle initiated

Kiraya

Battle declared: Gundam Barbatos 1st Form against Enemy Player

Gundam Barbatos 1st Form: Draw a card

Sally

No blockers available

Action step

Sally

Passed

Kiraya

Passed

Battle started: Gundam Barbatos 1st Form against Enemy Shield

Sally

Shield card: Nyaan revealed

Shield card added to hand: Nyaan

Battle ended

Battle initiated

Kiraya

Battle declared: Hyakuren against Enemy Player

Sally

No blockers available

Action step

Sally

Passed

Kiraya

Passed

Battle started: Hyakuren against Enemy Player

Sally

No more shields available, game is over!

Kiraya

Winner!

Game ended!