Mobile Suit Arena - Battle logs
Game started!

RYOMARU

Choose to play first

Kiraya

Choose to keep starting hand

RYOMARU

Choose to mulligan starting hand

Turn 1 started!

Turn end phase started

Kiraya

Passed

RYOMARU

Passed

Turn ended!

Turn 2 started!

Kiraya

Graze Custom deployed

Turn end phase started

RYOMARU

Passed

Kiraya

Passed

Turn ended!

Turn 3 started!

RYOMARU

Zaku Ⅱ deployed

Zaku Ⅱ deployed

Turn end phase started

Kiraya

Passed

RYOMARU

Passed

Turn ended!

Turn 4 started!

Kiraya

Hyakuren deployed

Turn end phase started

RYOMARU

Passed

Kiraya

Passed

Turn ended!

Turn 5 started!

Battle initiated

RYOMARU

Battle declared: Zaku Ⅱ against Enemy Player

Zaku Ⅱ: Modifier applied to: Zaku Ⅱ

Kiraya

No blockers available

Action step

Kiraya

Passed

RYOMARU

Passed

Battle started: Zaku Ⅱ against EX Base

Kiraya

EX Base received 3 damage, now destroyed

Battle ended

Battle initiated

RYOMARU

Battle declared: Zaku Ⅱ against Enemy Player

Kiraya

No blockers available

Action step

Kiraya

Passed

RYOMARU

Passed

Battle started: Zaku Ⅱ against Enemy Shield

Kiraya

Shield card: Graze Custom revealed and discarded

Battle ended

RYOMARU

Char's Zaku Ⅱ deployed

Linked pilot: Char Aznable on unit Char's Zaku Ⅱ

Battle initiated

RYOMARU

Battle declared: Char's Zaku Ⅱ against Enemy Player

Char Aznable: Modifier applied to: Char's Zaku Ⅱ

Kiraya

Can't block High-maneuver

Action step

Kiraya

Passed

RYOMARU

Passed

Battle started: Char's Zaku Ⅱ against Enemy Shield

Kiraya

Shield card: Gundam Barbatos 1st Form revealed and discarded

Battle ended

Turn end phase started

Kiraya

Passed

RYOMARU

Passed

Turn ended!

Turn 6 started!

Battle initiated

Kiraya

Battle declared: Hyakuren against Enemy Player

RYOMARU

No blockers available

Action step

RYOMARU

Passed

Kiraya

Passed

Battle started: Hyakuren against EX Base

RYOMARU

EX Base received 4 damage, now destroyed

Battle ended

Kiraya

Hyakuren deployed

Paired pilot: Mikazuki Augus on unit Hyakuren

Selecting target for Mikazuki Augus

Mikazuki Augus: Dealt 1 damage to: Graze Custom and Char's Zaku Ⅱ

Battle initiated

Kiraya

Battle declared: Graze Custom against Char's Zaku Ⅱ

RYOMARU

No blockers available

Action step

RYOMARU

Passed

Kiraya

Passed

Battle started: Graze Custom against Char's Zaku Ⅱ

RYOMARU

Char's Zaku Ⅱ received 2 damage, now destroyed

Kiraya

Graze Custom received 4 damage, now destroyed

RYOMARU

Char's Zaku Ⅱ deployed

Battle ended

Kiraya

Paired pilot: Mikazuki Augus on unit Hyakuren

Selecting target for Mikazuki Augus

Mikazuki Augus: Dealt 1 damage to: Hyakuren and Char's Zaku Ⅱ

Turn end phase started

RYOMARU

Passed

Kiraya

Passed

Turn ended!

Turn 7 started!

Battle initiated

RYOMARU

Battle declared: Zaku Ⅱ against Enemy Player

Kiraya

No blockers available

Action step

Kiraya

Passed

RYOMARU

Passed

Battle started: Zaku Ⅱ against Enemy Shield

Kiraya

Shield card: Isaribi revealed

Played base: Isaribi

Shield card added to hand

Battle ended

Battle initiated

RYOMARU

Battle declared: Zaku Ⅱ against Hyakuren

Zaku Ⅱ: Modifier applied to: Zaku Ⅱ

Kiraya

No blockers available

Action step

Kiraya

Passed

RYOMARU

Passed

Battle started: Zaku Ⅱ against Hyakuren

Kiraya

Hyakuren received 3 damage, now destroyed

RYOMARU

Zaku Ⅱ received 6 damage, now destroyed

Battle ended

RYOMARU

Played base: Zanzibar

Shield card added to hand

Selecting target for Zanzibar

Rick Dom deployed

Char's Zaku Ⅱ deployed

Turn end phase started

Kiraya

Passed

RYOMARU

Passed

Turn ended!

Turn 8 started!

Kiraya

Shiden Custom (Ryusei-Go) deployed

Battle initiated

Kiraya

Battle declared: Hyakuren against Enemy Player

RYOMARU

No blockers available

Action step

RYOMARU

Passed

Kiraya

Passed

Battle started: Hyakuren against Zanzibar

RYOMARU

Zanzibar received 6 damage, now destroyed

Battle ended

Turn end phase started

RYOMARU

Passed

Kiraya

Passed

Turn ended!

Turn 9 started!

Battle initiated

RYOMARU

Battle declared: Char's Zaku Ⅱ against Enemy Player

Kiraya

Assigned no blocker

Action step

Kiraya

Passed

RYOMARU

Passed

Battle started: Char's Zaku Ⅱ against Isaribi

Kiraya

Isaribi received 3 damage, leaving 2 HP remaining

Battle ended

Battle initiated

RYOMARU

Battle declared: Rick Dom against Enemy Player

Kiraya

Assigned no blocker

Action step

Kiraya

Passed

RYOMARU

Passed

Battle started: Rick Dom against Isaribi

Kiraya

Isaribi received 3 damage, now destroyed

Battle ended

RYOMARU

Zaku Ⅱ deployed

Turn end phase started

Kiraya

Passed

RYOMARU

Passed

Turn ended!

Turn 10 started!

Battle initiated

Kiraya

Battle declared: Hyakuren against Rick Dom

RYOMARU

No blockers available

Action step

RYOMARU

Passed

Kiraya

Passed

Battle started: Hyakuren against Rick Dom

RYOMARU

Rick Dom received 6 damage, now destroyed

Kiraya

Hyakuren received 3 damage, leaving 1 HP remaining

Battle ended

Kiraya

Gundam Gusion Rebake deployed

Selecting target for Gundam Gusion Rebake

Gundam Gusion Rebake: Dealt 1 damage to: Gundam Gusion Rebake and Zaku Ⅱ

Paired pilot: Zeheart Galette on unit Shiden Custom (Ryusei-Go)

Zeheart Galette milled 2: Gundam Barbatos Lupus and Gundam Barbatos 1st Form moved to trash

Battle initiated

Kiraya

Battle declared: Shiden Custom (Ryusei-Go) against Char's Zaku Ⅱ

RYOMARU

No blockers available

Action step

RYOMARU

Passed

Kiraya

Passed

Battle started: Shiden Custom (Ryusei-Go) against Char's Zaku Ⅱ

RYOMARU

Char's Zaku Ⅱ received 6 damage, now destroyed

Kiraya

Shiden Custom (Ryusei-Go) received 3 damage, leaving 2 HP remaining

RYOMARU

Selecting target for Char's Zaku Ⅱ

Card added to hand: Gouf

Battle ended

Turn end phase started

RYOMARU

Passed

Kiraya

Passed

Turn ended!

Turn 11 started!

RYOMARU

Sinanju deployed

Linked pilot: Full Frontal on unit Sinanju

Selecting target for Full Frontal

Gouf deployed

Zaku Ⅱ deployed

Battle initiated

RYOMARU

Battle declared: Sinanju against Enemy Player

Kiraya

Can't block High-maneuver

Action step

Kiraya

Passed

RYOMARU

Passed

Battle started: Sinanju against Enemy Shield

Kiraya

Shield card: Gundam Barbatos Lupus revealed and discarded

RYOMARU

Selecting target for Sinanju

Sinanju: Dealt 2 damage to Gundam Gusion Rebake, leaving 2 HP remaining

Battle ended

Battle initiated

RYOMARU

Battle declared: Zaku Ⅱ against Enemy Player

Kiraya

Assigned no blocker

Action step

Kiraya

Passed

RYOMARU

Passed

Battle started: Zaku Ⅱ against Enemy Shield

Kiraya

Shield card: Gundam Gusion Rebake revealed and discarded

Battle ended

Battle initiated

RYOMARU

Battle declared: Zaku Ⅱ against Enemy Player

Kiraya

Assigned Gundam Gusion Rebake to block

Action step

Kiraya

Passed

RYOMARU

Passed

Battle started: Zaku Ⅱ against Gundam Gusion Rebake

Kiraya

Gundam Gusion Rebake received 2 damage, now destroyed

RYOMARU

Zaku Ⅱ received 3 damage, now destroyed

Battle ended

Turn end phase started

Kiraya

Passed

RYOMARU

Passed

Turn ended!

Turn 12 started!

Kiraya

Gundam Barbatos Adapt deployed

Selecting target for Gundam Barbatos Adapt

Gundam Barbatos Adapt: Dealt 1 damage to: Shiden Custom (Ryusei-Go) and Zaku Ⅱ

Battle initiated

Kiraya

Battle declared: Hyakuren against Sinanju

RYOMARU

No blockers available

Action step

RYOMARU

Passed

Kiraya

Passed

Battle started: Hyakuren against Sinanju

RYOMARU

Sinanju received 6 damage, now destroyed

Kiraya

Hyakuren received 7 damage, now destroyed

Battle ended

Kiraya

Gundam Gusion Rebake deployed

Selecting target for Gundam Gusion Rebake

Gundam Gusion Rebake: Dealt 1 damage to: Gundam Barbatos Adapt and Zaku Ⅱ

Turn end phase started

RYOMARU

Passed

Kiraya

Passed

Turn ended!

Turn 13 started!

RYOMARU

Zeong deployed

Linked pilot: Char Aznable on unit Zeong

Wire-Guided Arm deployed

Wire-Guided Arm deployed

Battle initiated

RYOMARU

Battle declared: Zeong against Enemy Player

Char Aznable: Modifier applied to: Zeong

Kiraya

Can't block High-maneuver

Action step

Kiraya

Passed

RYOMARU

Passed

Battle started: Zeong against Enemy Player

Kiraya

No more shields available, game is over!

RYOMARU

Winner!

Game ended!