Mobile Suit Arena - Battle logs
Game started!

Xyriz

Choose to play first

Kiraya

Choose to mulligan starting hand

Xyriz

Choose to keep starting hand

Turn 1 started!

Turn end phase started

Kiraya

Passed

Xyriz

Passed

Turn ended!

Turn 2 started!

Kiraya

Graze Custom deployed

Turn end phase started

Xyriz

Passed

Kiraya

Passed

Turn ended!

Turn 3 started!

Xyriz

Jegan deployed

Turn end phase started

Kiraya

Passed

Xyriz

Passed

Turn ended!

Turn 4 started!

Kiraya

Graze Custom deployed

Gundam Exia Repair deployed

Battle initiated

Kiraya

Battle declared: Graze Custom against Enemy Player

Xyriz

No blockers available

Action step

Xyriz

Passed

Kiraya

Passed

Battle started: Graze Custom against EX Base

Xyriz

EX Base received 2 damage, leaving 1 HP remaining

Battle ended

Turn end phase started

Xyriz

Passed

Kiraya

Passed

Turn ended!

Turn 5 started!

Xyriz

Zaku Ⅱ deployed

Kayra's Re-GZ deployed

Selecting target for Kayra's Re-GZ

Returned to deck top

Battle initiated

Xyriz

Battle declared: Jegan against Graze Custom

Kiraya

No blockers available

Action step

Kiraya

Passed

Xyriz

Passed

Battle started: Jegan against Graze Custom

Kiraya

Graze Custom received 2 damage, now destroyed

Xyriz

Jegan received 2 damage, now destroyed

Battle ended

Turn end phase started

Kiraya

Passed

Xyriz

Passed

Turn ended!

Turn 6 started!

Battle initiated

Kiraya

Battle declared: Gundam Exia Repair against Enemy Player

Xyriz

No blockers available

Action step

Xyriz

Passed

Kiraya

Passed

Battle started: Gundam Exia Repair against EX Base

Xyriz

EX Base received 2 damage, now destroyed

Battle ended

Battle initiated

Kiraya

Battle declared: Graze Custom against Enemy Player

Xyriz

No blockers available

Action step

Xyriz

Passed

Kiraya

Passed

Battle started: Graze Custom against Enemy Shield

Xyriz

Shield card: Re-GZ revealed and discarded

Battle ended

Kiraya

Shiden Custom (Ryusei-Go) deployed

Turn end phase started

Xyriz

Passed

Kiraya

Passed

Turn ended!

Turn 7 started!

Xyriz

Gundam deployed

Linked pilot: Amuro Ray on unit Gundam

Selecting target for Amuro Ray

Rested unit: Shiden Custom (Ryusei-Go)

Battle initiated

Xyriz

Battle declared: Kayra's Re-GZ against Graze Custom

Kiraya

No blockers available

Action step

Kiraya

Passed

Xyriz

Passed

Battle started: Kayra's Re-GZ against Graze Custom

Kiraya

Graze Custom received 4 damage, now destroyed

Xyriz

Kayra's Re-GZ received 2 damage, leaving 1 HP remaining

Battle ended

Battle initiated

Xyriz

Battle declared: Zaku Ⅱ against Shiden Custom (Ryusei-Go)

Zaku Ⅱ: Modifier applied to: Zaku Ⅱ

Kiraya

No blockers available

Action step

Kiraya

Passed

Xyriz

Passed

Battle started: Zaku Ⅱ against Shiden Custom (Ryusei-Go)

Kiraya

Shiden Custom (Ryusei-Go) received 4 damage, now destroyed

Xyriz

Zaku Ⅱ received 4 damage, now destroyed

Battle ended

Battle initiated

Xyriz

Battle declared: Gundam against Gundam Exia Repair

Kiraya

No blockers available

Action step

Kiraya

Passed

Xyriz

Passed

Battle started: Gundam against Gundam Exia Repair

Kiraya

Gundam Exia Repair received 6 damage, now destroyed

Xyriz

Gundam received 2 damage, leaving 3 HP remaining

Kiraya

Gundam Exia Repair milled 2: Gundam Barbatos 1st Form and Gundam Barbatos 1st Form moved to trash

Battle ended

Turn end phase started

Kiraya

Passed

Xyriz

Passed

Gundam repaired 2 from [Repair 2]

Turn ended!

Turn 8 started!

Kiraya

Shiden Custom (Ryusei-Go) deployed

Gundam Exia Repair deployed

Turn end phase started

Xyriz

Passed

Kiraya

Passed

Turn ended!

Turn 9 started!

Xyriz

Kayra's Jegan deployed

Selecting target for Kayra's Jegan

Kayra's Jegan: Modifier applied to: Kayra's Re-GZ

Rick Dom deployed

Zaku Ⅱ deployed

Battle initiated

Xyriz

Battle declared: Kayra's Re-GZ against Shiden Custom (Ryusei-Go)

Kiraya

No blockers available

Action step

Kiraya

Passed

Xyriz

Passed

Battle started: Kayra's Re-GZ against Shiden Custom (Ryusei-Go)

Kiraya

Shiden Custom (Ryusei-Go) received 4 damage, now destroyed

Xyriz

Kayra's Re-GZ received 4 damage, now destroyed

Battle ended

Battle initiated

Xyriz

Battle declared: Gundam against Enemy Player

Kiraya

No blockers available

Action step

Kiraya

Passed

Xyriz

Passed

Battle started: Gundam against EX Base

Kiraya

EX Base received 6 damage, now destroyed

Battle ended

Turn end phase started

Kiraya

Passed

Xyriz

Passed

Turn ended!

Turn 10 started!

Kiraya

Hyakuren deployed

Paired pilot: Mikazuki Augus on unit Gundam Exia Repair

Selecting target for Mikazuki Augus

Mikazuki Augus: Dealt 1 damage to: Gundam Exia Repair and Gundam

Battle initiated

Kiraya

Battle declared: Gundam Exia Repair against Gundam

Xyriz

No blockers available

Action step

Xyriz

Passed

Kiraya

Passed

Battle started: Gundam Exia Repair against Gundam

Xyriz

Gundam received 4 damage, now destroyed

Kiraya

Gundam Exia Repair received 5 damage, now destroyed

Gundam Exia Repair milled 2: Graze Custom and Ryusei-Go (Graze Custom Ⅱ) moved to trash

Battle ended

Kiraya

Paired pilot: Zeheart Galette on unit Hyakuren

Zeheart Galette milled 2: Gundam Gusion Rebake and Mikazuki Augus moved to trash

Turn end phase started

Xyriz

Passed

Kiraya

Passed

Turn ended!

Turn 11 started!

Xyriz

Jegan deployed

Turn end phase started

Kiraya

Passed

Xyriz

Passed

Turn ended!

Turn 12 started!

Kiraya

Gundam Barbatos Lupus deployed

Activated: Gundam Barbatos Lupus

Graze Custom, Ryusei-Go (Graze Custom Ⅱ) and Gundam Gusion Rebake exiled from the game

Selecting target for Gundam Barbatos Lupus

Gundam Barbatos Lupus: Dealt 2 damage to Zaku Ⅱ, now destroyed

Activated: Gundam Barbatos Lupus

Graze Custom, Shiden Custom (Ryusei-Go) and Shiden Custom (Ryusei-Go) exiled from the game

Selecting target for Gundam Barbatos Lupus

Gundam Barbatos Lupus: Dealt 2 damage to Jegan, now destroyed

Battle initiated

Kiraya

Battle declared: Hyakuren against Enemy Player

Xyriz

No blockers available

Action step

Xyriz

Passed

Kiraya

Passed

Battle started: Hyakuren against Enemy Shield

Xyriz

Shield card: Re-GZ revealed and discarded

Battle ended

Turn end phase started

Xyriz

Passed

Kiraya

Passed

Turn ended!

Turn 13 started!

Battle initiated

Xyriz

Battle declared: Kayra's Jegan against Enemy Player

Kiraya

No blockers available

Action step

Kiraya

Passed

Xyriz

Passed

Battle started: Kayra's Jegan against Enemy Shield

Kiraya

Shield card: Gundam Barbatos 1st Form revealed and discarded

Battle ended

Battle initiated

Xyriz

Battle declared: Rick Dom against Enemy Player

Kiraya

No blockers available

Action step

Kiraya

Passed

Xyriz

Passed

Battle started: Rick Dom against Enemy Shield

Kiraya

Shield card: Overflowing Affection revealed and discarded

Battle ended

Xyriz

Nu Gundam deployed

Linked pilot: Amuro Ray on unit Nu Gundam

Selecting target for Nu Gundam

Jegan, Re-GZ and Kayra's Re-GZ exiled from the game

Selecting target for Nu Gundam

Battle started: Nu Gundam against Gundam Barbatos Lupus

Kiraya

Gundam Barbatos Lupus received 7 damage, now destroyed

Xyriz

Nu Gundam received 5 damage, leaving 2 HP remaining

Kiraya

Breach 5 Shield card: Gundam Barbatos Adapt revealed and discarded

Xyriz

Healed 2 damage to: Nu Gundam

Battle ended

Battle initiated

Xyriz

Battle declared: Nu Gundam against Hyakuren

Kiraya

No blockers available

Action step

Kiraya

Passed

Xyriz

Passed

Battle started: Nu Gundam against Hyakuren

Kiraya

Hyakuren received 7 damage, now destroyed

Xyriz

Nu Gundam received 6 damage, now destroyed

Kiraya

Breach 5 Shield card: Gundam Gusion Rebake revealed and discarded

Xyriz

Healed 2 damage to: Nu Gundam

Battle ended

Turn end phase started

Kiraya

Passed

Xyriz

Passed

Turn ended!

Turn 14 started!

Kiraya

Gundam Exia Repair deployed

Gundam Barbatos Adapt deployed

Selecting target for Gundam Barbatos Adapt

Gundam Barbatos Adapt: Dealt 1 damage to: Gundam Barbatos Adapt and Rick Dom

Turn end phase started

Xyriz

Passed

Kiraya

Passed

Turn ended!

Turn 15 started!

Battle initiated

Xyriz

Battle declared: Kayra's Jegan against Enemy Player

Kiraya

No blockers available

Action step

Kiraya

Passed

Xyriz

Passed

Battle started: Kayra's Jegan against Enemy Shield

Kiraya

Shield card: Gundam Barbatos Lupus revealed and discarded

Battle ended

Battle initiated

Xyriz

Battle declared: Rick Dom against Enemy Player

Kiraya

No blockers available

Action step

Kiraya

Passed

Xyriz

Passed

Battle started: Rick Dom against Enemy Shield

Kiraya

Shield card: Zeheart Galette revealed

Shield card added to hand: Zeheart Galette

Battle ended

Xyriz

Gundam deployed

Linked pilot: Amuro Ray on unit Gundam

Battle initiated

Xyriz

Battle declared: Gundam against Enemy Player

Kiraya

No blockers available

Action step

Kiraya

Passed

Xyriz

Passed

Battle started: Gundam against Enemy Player

Kiraya

No more shields available, game is over!

Xyriz

Winner!

Game ended!