Mobile Suit Arena - Battle logs
Game started!

Kiraya

Choose to play first

Choose to keep starting hand

KosXBlue

Choose to keep starting hand

Turn 1 started!

Turn end phase started

KosXBlue

Passed

Kiraya

Passed

Turn ended!

Turn 2 started!

Turn end phase started

Kiraya

Passed

KosXBlue

Passed

Turn ended!

Turn 3 started!

Kiraya

Gundam Exia Repair deployed

Gundam Exia Repair deployed

Turn end phase started

KosXBlue

Passed

Kiraya

Passed

Turn ended!

Turn 4 started!

KosXBlue

Played action: Close Combat

Close Combat: Dealt 2 damage to Gundam Exia Repair, now destroyed

Kiraya

Gundam Exia Repair milled 2: Gundam Barbatos Lupus and Gundam Barbatos 1st Form moved to trash

Turn end phase started

Kiraya

Passed

KosXBlue

Passed

Turn ended!

Turn 5 started!

Battle initiated

Kiraya

Battle declared: Gundam Exia Repair against Enemy Player

KosXBlue

No blockers available

Action step

KosXBlue

Passed

Kiraya

Passed

Battle started: Gundam Exia Repair against EX Base

KosXBlue

EX Base received 2 damage, leaving 1 HP remaining

Battle ended

Kiraya

Hyakuren deployed

Played command: Overflowing Affection

Overflowing Affection: Draw 2 cards

Selecting target for Overflowing Affection

Minerva discarded

Turn end phase started

KosXBlue

Passed

Kiraya

Passed

Turn ended!

Turn 6 started!

KosXBlue

Gundam Lfrith deployed

Turn end phase started

Kiraya

Passed

KosXBlue

Passed

Turn ended!

Turn 7 started!

Battle initiated

Kiraya

Battle declared: Gundam Exia Repair against Enemy Player

KosXBlue

Assigned no blocker

Action step

KosXBlue

Passed

Kiraya

Passed

Battle started: Gundam Exia Repair against EX Base

KosXBlue

EX Base received 2 damage, now destroyed

Battle ended

Battle initiated

Kiraya

Battle declared: Hyakuren against Enemy Player

KosXBlue

Assigned no blocker

Action step

KosXBlue

Passed

Kiraya

Passed

Battle started: Hyakuren against Enemy Shield

KosXBlue

Shield card: Athrun Zala revealed

Shield card added to hand: Athrun Zala

Battle ended

Kiraya

Gundam Barbatos 1st Form deployed

Gundam Barbatos Adapt deployed

Selecting target for Gundam Barbatos Adapt

Gundam Barbatos Adapt: Dealt 1 damage to: Gundam Barbatos 1st Form and Gundam Lfrith

Turn end phase started

KosXBlue

Passed

Kiraya

Passed

Turn ended!

Turn 8 started!

KosXBlue

Aegis Gundam deployed

Linked pilot: Athrun Zala on unit Aegis Gundam

Battle initiated

KosXBlue

Battle declared: Aegis Gundam against Gundam Barbatos 1st Form

No targets for Aegis Gundam

Kiraya

No blockers available

Action step

Kiraya

Passed

KosXBlue

Passed

Battle started: Aegis Gundam against Gundam Barbatos 1st Form

Kiraya

Gundam Barbatos 1st Form received 5 damage, now destroyed

KosXBlue

Aegis Gundam received 3 damage, leaving 2 HP remaining

Battle ended

Battle initiated

KosXBlue

Battle declared: Gundam Lfrith against Gundam Exia Repair

Kiraya

No blockers available

Action step

Kiraya

Passed

KosXBlue

Passed

Battle started: Gundam Lfrith against Gundam Exia Repair

Kiraya

Gundam Exia Repair received 2 damage, now destroyed

KosXBlue

Gundam Lfrith received 2 damage, leaving 1 HP remaining

Kiraya

Gundam Exia Repair: destroyed Gundam Lfrith

Gundam Exia Repair milled 2: Hyakuren and Hyakuren moved to trash

Battle ended

Turn end phase started

Kiraya

Passed

KosXBlue

Passed

Turn ended!

Turn 9 started!

Battle initiated

Kiraya

Battle declared: Gundam Barbatos Adapt against Aegis Gundam

KosXBlue

No blockers available

Action step

KosXBlue

Passed

Kiraya

Passed

Battle started: Gundam Barbatos Adapt against Aegis Gundam

KosXBlue

Aegis Gundam received 2 damage, now destroyed

Kiraya

Gundam Barbatos Adapt received 5 damage, now destroyed

Battle ended

Battle initiated

Kiraya

Battle declared: Hyakuren against Enemy Player

KosXBlue

No blockers available

Action step

KosXBlue

Passed

Kiraya

Passed

Battle started: Hyakuren against Enemy Shield

KosXBlue

Shield card: Close Combat revealed

Shield card: Close Combat moved to trash

Selecting target for Close Combat

Close Combat: Dealt 2 damage to Hyakuren, leaving 1 HP remaining

Battle ended

Kiraya

Gundam Gusion Rebake deployed

No targets for Gundam Gusion Rebake

Paired pilot: Zeheart Galette on unit Gundam Gusion Rebake

Zeheart Galette milled 2: Graze Custom and Overflowing Affection moved to trash

Turn end phase started

KosXBlue

Passed

Kiraya

Passed

Turn ended!

Turn 10 started!

KosXBlue

Aile Strike Gundam deployed

Linked pilot: Kira Yamato on unit Aile Strike Gundam

Selecting target for Aile Strike Gundam

Kiraya

Hyakuren returned to hand

Battle initiated

KosXBlue

Battle declared: Aile Strike Gundam against Enemy Player

Selecting target for Kira Yamato

Kira Yamato: Modifier applied to: Gundam Gusion Rebake

Kiraya

Assigned no blocker

Action step

Kiraya

Passed

KosXBlue

Passed

Battle started: Aile Strike Gundam against EX Base

Kiraya

EX Base received 6 damage, now destroyed

Battle ended

Turn end phase started

Kiraya

Passed

KosXBlue

Passed

Turn ended!

Turn 11 started!

Battle initiated

Kiraya

Battle declared: Gundam Gusion Rebake against Aile Strike Gundam

KosXBlue

No blockers available

Action step

KosXBlue

Passed

Kiraya

Passed

Battle started: Gundam Gusion Rebake against Aile Strike Gundam

KosXBlue

Aile Strike Gundam received 5 damage, now destroyed

Kiraya

Gundam Gusion Rebake received 6 damage, leaving 1 HP remaining

Battle ended

Kiraya

Played base: Isaribi

Shield card added to hand

Hyakuren deployed

Graze Custom deployed

Gundam Exia Repair deployed

Turn end phase started

KosXBlue

Passed

Kiraya

Passed

Turn ended!

Turn 12 started!

KosXBlue

Providence Gundam deployed

Linked pilot: Rau Le Creuset on unit Providence Gundam

No targets for Rau Le Creuset

Battle initiated

KosXBlue

Battle declared: Providence Gundam against Enemy Player

Selecting target for Providence Gundam

Providence Gundam: Dealt 2 damage to Gundam Gusion Rebake, now destroyed

Kiraya

No blockers available

Action step

Kiraya

Passed

KosXBlue

Passed

Battle started: Providence Gundam against Isaribi

Kiraya

Isaribi received 9 damage, now destroyed

Battle ended

Turn end phase started

Kiraya

Passed

KosXBlue

Passed

Turn ended!

Turn 13 started!

Battle initiated

Kiraya

Battle declared: Gundam Exia Repair against Providence Gundam

KosXBlue

No blockers available

Action step

KosXBlue

Passed

Kiraya

Passed

Battle started: Gundam Exia Repair against Providence Gundam

KosXBlue

Providence Gundam received 2 damage, leaving 4 HP remaining

Kiraya

Gundam Exia Repair received 7 damage, now destroyed

Gundam Exia Repair milled 2: Zeheart Galette and Overflowing Affection moved to trash

Battle ended

Kiraya

Gundam Barbatos Lupus deployed

Activated: Gundam Barbatos Lupus

Gundam Barbatos Adapt, Graze Custom and Gundam Gusion Rebake exiled from the game

Selecting target for Gundam Barbatos Lupus

Gundam Barbatos Lupus: Dealt 2 damage to Providence Gundam, leaving 2 HP remaining

Activated: Gundam Barbatos Lupus

Gundam Barbatos 1st Form, Hyakuren and Hyakuren exiled from the game

Selecting target for Gundam Barbatos Lupus

Gundam Barbatos Lupus: Dealt 2 damage to Providence Gundam, now destroyed

Battle initiated

Kiraya

Battle declared: Graze Custom against Enemy Player

KosXBlue

No blockers available

Action step

KosXBlue

Passed

Kiraya

Passed

Battle started: Graze Custom against Enemy Shield

KosXBlue

Shield card: Close Combat revealed

Shield card: Close Combat moved to trash

Selecting target for Close Combat

Close Combat: Dealt 2 damage to Graze Custom, now destroyed

Battle ended

Battle initiated

Kiraya

Battle declared: Hyakuren against Enemy Player

KosXBlue

No blockers available

Action step

KosXBlue

Passed

Kiraya

Passed

Battle started: Hyakuren against Enemy Shield

KosXBlue

Shield card: Airframe Seizure revealed and discarded

Battle ended

Turn end phase started

KosXBlue

Passed

Kiraya

Passed

Turn ended!

Turn 14 started!

KosXBlue

Aile Strike Gundam deployed

Linked pilot: Kira Yamato on unit Aile Strike Gundam

Selecting target for Aile Strike Gundam

Kiraya

Hyakuren returned to hand

KosXBlue

Silver Bullet deployed

Battle initiated

KosXBlue

Battle declared: Aile Strike Gundam against Enemy Player

Selecting target for Kira Yamato

Kira Yamato: Modifier applied to: Gundam Barbatos Lupus

Kiraya

No blockers available

Action step

Kiraya

Passed

KosXBlue

Passed

Battle started: Aile Strike Gundam against Enemy Shield

Kiraya

Shield card: Minerva revealed

Played base: Minerva

Shield card added to hand

Battle ended

Turn end phase started

Kiraya

Passed

KosXBlue

Passed

Turn ended!

Turn 15 started!

Kiraya

Gundam Barbatos Adapt deployed

Selecting target for Gundam Barbatos Adapt

Gundam Barbatos Adapt: Dealt 1 damage to: Gundam Barbatos Adapt and Aile Strike Gundam

Gundam Flauros (Ryusei-Go) deployed

No targets for Gundam Flauros (Ryusei-Go)

Hyakuren deployed

Turn end phase started

KosXBlue

Passed

Kiraya

Passed

Turn ended!

Turn 16 started!

KosXBlue

Gundam Lfrith deployed

Sword Strike Gundam deployed

Battle initiated

KosXBlue

Battle declared: Aile Strike Gundam against Enemy Player

Selecting target for Kira Yamato

Kira Yamato: Modifier applied to: Gundam Barbatos Lupus

Kiraya

No blockers available

Action step

Kiraya

Passed

KosXBlue

Passed

Battle started: Aile Strike Gundam against Minerva

Kiraya

Minerva received 6 damage, now destroyed

Battle ended

Turn end phase started

Kiraya

Passed

KosXBlue

Passed

Turn ended!

Turn 17 started!

Kiraya

Played base: Isaribi

Shield card added to hand

Activated: Isaribi

Rested base: Isaribi

Isaribi: Modifier applied to: Gundam Barbatos Adapt

Battle initiated

Kiraya

Battle declared: Gundam Barbatos Adapt against Aile Strike Gundam

KosXBlue

Assigned Gundam Lfrith to block

Action step

KosXBlue

Passed

Kiraya

Passed

Battle started: Gundam Barbatos Adapt against Gundam Lfrith

KosXBlue

Gundam Lfrith received 4 damage, now destroyed

Kiraya

Gundam Barbatos Adapt received 2 damage, leaving 1 HP remaining

Battle ended

Battle initiated

Kiraya

Battle declared: Hyakuren against Aile Strike Gundam

KosXBlue

Assigned no blocker

Action step

KosXBlue

Passed

Kiraya

Passed

Battle started: Hyakuren against Aile Strike Gundam

KosXBlue

Aile Strike Gundam received 4 damage, now destroyed

Kiraya

Hyakuren received 6 damage, now destroyed

Battle ended

Kiraya

Shiden Custom (Ryusei-Go) deployed

Ryusei-Go (Graze Custom Ⅱ) deployed

Selecting target for Ryusei-Go (Graze Custom Ⅱ)

Ryusei-Go (Graze Custom Ⅱ): Dealt 1 damage to Ryusei-Go (Graze Custom Ⅱ), leaving 1 HP remaining

Ryusei-Go (Graze Custom Ⅱ): Draw a card

Selecting target for Ryusei-Go (Graze Custom Ⅱ)

Graze Custom discarded

Battle initiated

Kiraya

Battle declared: Gundam Flauros (Ryusei-Go) against Enemy Player

No targets for Gundam Flauros (Ryusei-Go)

KosXBlue

Assigned no blocker

Action step

KosXBlue

Passed

Kiraya

Passed

Battle started: Gundam Flauros (Ryusei-Go) against Enemy Shield

KosXBlue

Shield card: Close Combat revealed

Shield card: Close Combat moved to trash

Selecting target for Close Combat

Close Combat: Dealt 2 damage to Ryusei-Go (Graze Custom Ⅱ), now destroyed

Battle ended

Kiraya

Activated: Gundam Barbatos Lupus

Gundam Barbatos Lupus, Gundam Barbatos 1st Form and Hyakuren exiled from the game

Selecting target for Gundam Barbatos Lupus

Gundam Barbatos Lupus: Dealt 2 damage to Sword Strike Gundam, leaving 1 HP remaining

Linked pilot: Mikazuki Augus on unit Shiden Custom (Ryusei-Go)

Selecting target for Mikazuki Augus

Mikazuki Augus: Dealt 1 damage to: Gundam Barbatos Lupus and Sword Strike Gundam

Turn end phase started

KosXBlue

Passed

Kiraya

Passed

Turn ended!

Turn 18 started!

KosXBlue

Played base: Jachin Due

Shield card added to hand

No targets for Jachin Due

Battle initiated

KosXBlue

Battle declared: Silver Bullet against Gundam Flauros (Ryusei-Go)

Kiraya

Winner!

Game ended!