Mobile Suit Arena - Battle logs
Game started!

Kiraya

Choose to play first

ann

Choose to mulligan starting hand

Kiraya

Choose to keep starting hand

Turn 1 started!

Turn end phase started

ann

Passed

Kiraya

Passed

Turn ended!

Turn 2 started!

ann

Gundam Exia Repair deployed

Turn end phase started

Kiraya

Passed

ann

Passed

Turn ended!

Turn 3 started!

Kiraya

Graze Custom deployed

Turn end phase started

ann

Passed

Kiraya

Passed

Turn ended!

Turn 4 started!

Battle initiated

ann

Battle declared: Gundam Exia Repair against Enemy Player

Kiraya

No blockers available

Action step

Kiraya

Passed

ann

Passed

Battle started: Gundam Exia Repair against EX Base

Kiraya

EX Base received 2 damage, leaving 1 HP remaining

Battle ended

ann

Graze Custom deployed

Gundam Exia Repair deployed

Turn end phase started

Kiraya

Passed

ann

Passed

Turn ended!

Turn 5 started!

Kiraya

Hyakuren deployed

Gundam Exia Repair deployed

Battle initiated

Kiraya

Battle declared: Graze Custom against Enemy Player

ann

No blockers available

Action step

ann

Passed

Kiraya

Passed

Battle started: Graze Custom against EX Base

ann

EX Base received 2 damage, leaving 1 HP remaining

Battle ended

Turn end phase started

ann

Passed

Kiraya

Passed

Turn ended!

Turn 6 started!

ann

Played command: Airframe Seizure

Selecting target for Airframe Seizure

Char Aznable discarded

Airframe Seizure: Draw 2 cards

Battle initiated

ann

Battle declared: Gundam Exia Repair against Enemy Player

Kiraya

No blockers available

Action step

Kiraya

Passed

ann

Passed

Battle started: Gundam Exia Repair against EX Base

Kiraya

EX Base received 2 damage, now destroyed

Battle ended

Battle initiated

ann

Battle declared: Gundam Exia Repair against Graze Custom

Kiraya

No blockers available

Action step

Kiraya

Passed

ann

Passed

Battle started: Gundam Exia Repair against Graze Custom

Kiraya

Graze Custom received 2 damage, now destroyed

ann

Gundam Exia Repair received 2 damage, now destroyed

Gundam Exia Repair milled 2: Char Aznable and Gundam Exia Repair moved to trash

Battle ended

Battle initiated

ann

Battle declared: Graze Custom against Enemy Player

Kiraya

No blockers available

Action step

Kiraya

Passed

ann

Passed

Battle started: Graze Custom against Enemy Shield

Kiraya

Shield card: Minerva revealed

Played base: Minerva

Shield card added to hand

Battle ended

ann

Paired pilot: Mikazuki Augus on unit Graze Custom

Selecting target for Mikazuki Augus

Mikazuki Augus: Dealt 1 damage to: Graze Custom and Gundam Exia Repair

Kiraya

Gundam Exia Repair milled 2: Gundam Flauros (Ryusei-Go) and Hyakuren moved to trash

Turn end phase started

Kiraya

Passed

ann

Passed

Turn ended!

Turn 7 started!

Kiraya

Gundam Barbatos Adapt deployed

Selecting target for Gundam Barbatos Adapt

Gundam Barbatos Adapt: Dealt 1 damage to: Hyakuren and Graze Custom

Linked pilot: Mikazuki Augus on unit Gundam Barbatos Adapt

Selecting target for Mikazuki Augus

Mikazuki Augus: Dealt 1 damage to: Gundam Barbatos Adapt and Graze Custom

Battle initiated

Kiraya

Battle declared: Gundam Barbatos Adapt against Gundam Exia Repair

ann

No blockers available

Action step

ann

Passed

Kiraya

Passed

Battle started: Gundam Barbatos Adapt against Gundam Exia Repair

ann

Gundam Exia Repair received 4 damage, now destroyed

Kiraya

Gundam Barbatos Adapt received 2 damage, leaving 2 HP remaining

ann

Gundam Exia Repair milled 2: Shiden Custom (Ryusei-Go) and Airframe Seizure moved to trash

Battle ended

Battle initiated

Kiraya

Battle declared: Hyakuren against Enemy Player

ann

No blockers available

Action step

ann

Passed

Kiraya

Passed

Battle started: Hyakuren against EX Base

ann

EX Base received 4 damage, now destroyed

Battle ended

Kiraya

Graze Custom deployed

Turn end phase started

ann

Passed

Kiraya

Passed

Turn ended!

Turn 8 started!

ann

Shiden Custom (Ryusei-Go) deployed

Turn end phase started

Kiraya

Passed

ann

Passed

Turn ended!

Turn 9 started!

Battle initiated

Kiraya

Battle declared: Graze Custom against Enemy Player

ann

Assigned Shiden Custom (Ryusei-Go) to block

Action step

ann

Passed

Kiraya

Passed

Battle started: Graze Custom against Shiden Custom (Ryusei-Go)

ann

Shiden Custom (Ryusei-Go) received 2 damage, leaving 1 HP remaining

Kiraya

Graze Custom received 4 damage, now destroyed

Battle ended

Kiraya

Gundam Gusion Rebake deployed

Selecting target for Gundam Gusion Rebake

Gundam Gusion Rebake: Dealt 1 damage to: Gundam Gusion Rebake and Shiden Custom (Ryusei-Go)

Battle initiated

Kiraya

Battle declared: Hyakuren against Enemy Player

ann

No blockers available

Action step

ann

Passed

Kiraya

Passed

Battle started: Hyakuren against Enemy Shield

ann

Shield card: Graze Custom revealed and discarded

Battle ended

Battle initiated

Kiraya

Battle declared: Gundam Barbatos Adapt against Enemy Player

ann

No blockers available

Action step

ann

Passed

Kiraya

Passed

Battle started: Gundam Barbatos Adapt against Enemy Shield

ann

Shield card: Gundam Barbatos 1st Form revealed and discarded

Battle ended

Kiraya

Paired pilot: Zeheart Galette on unit Gundam Gusion Rebake

Zeheart Galette milled 2: Gundam Barbatos Lupus and Gundam Flauros (Ryusei-Go) moved to trash

Turn end phase started

ann

Passed

Kiraya

Passed

Turn ended!

Turn 10 started!

ann

Played command: Airframe Seizure

Selecting target for Airframe Seizure

Mikazuki Augus discarded

Airframe Seizure: Draw 2 cards

Played base: Rewloola

Shield card added to hand

Selecting target for Rewloola

Rewloola: Dealt 1 damage to Hyakuren, leaving 1 HP remaining

Turn end phase started

Kiraya

Passed

ann

Passed

Turn ended!

Turn 11 started!

Kiraya

Paired pilot: Zeheart Galette on unit Hyakuren

Zeheart Galette milled 2: Mikazuki Augus and Gundam Barbatos Adapt moved to trash

Battle initiated

Kiraya

Battle declared: Hyakuren against Enemy Player

ann

No blockers available

Action step

ann

Passed

Kiraya

Passed

Battle started: Hyakuren against Rewloola

ann

Rewloola received 6 damage, now destroyed

Battle ended

Battle initiated

Kiraya

Battle declared: Gundam Barbatos Adapt against Enemy Player

ann

No blockers available

Action step

ann

Passed

Kiraya

Passed

Battle started: Gundam Barbatos Adapt against Enemy Shield

ann

Shield card: Hyakuren revealed and discarded

Battle ended

Battle initiated

Kiraya

Battle declared: Gundam Gusion Rebake against Enemy Player

ann

No blockers available

Action step

ann

Passed

Kiraya

Passed

Battle started: Gundam Gusion Rebake against Enemy Shield

ann

Shield card: Gundam Exia Repair revealed and discarded

Battle ended

Kiraya

Shiden Custom (Ryusei-Go) deployed

Graze Custom deployed

Turn end phase started

ann

Passed

Kiraya

Passed

Turn ended!

Turn 12 started!

ann

Gundam Barbatos Lupus deployed

Linked pilot: Mikazuki Augus on unit Gundam Barbatos Lupus

Selecting target for Mikazuki Augus

Mikazuki Augus: Dealt 1 damage to: Gundam Barbatos Lupus and Hyakuren

Activated: Gundam Barbatos Lupus

Graze Custom, Gundam Barbatos 1st Form and Hyakuren exiled from the game

Selecting target for Gundam Barbatos Lupus

Gundam Barbatos Lupus: Dealt 2 damage to Hyakuren, now destroyed

Activated: Gundam Barbatos Lupus

Graze Custom, Shiden Custom (Ryusei-Go) and Shiden Custom (Ryusei-Go) exiled from the game

Selecting target for Gundam Barbatos Lupus

Gundam Barbatos Lupus: Dealt 2 damage to Gundam Barbatos Adapt, now destroyed

Battle initiated

ann

Battle declared: Gundam Barbatos Lupus against Gundam Gusion Rebake

Kiraya

Assigned no blocker

Action step

Kiraya

Passed

ann

Passed

Battle started: Gundam Barbatos Lupus against Gundam Gusion Rebake

Kiraya

Gundam Gusion Rebake received 7 damage, now destroyed

ann

Gundam Barbatos Lupus received 5 damage, now destroyed

Battle ended

Turn end phase started

Kiraya

Passed

ann

Passed

Turn ended!

Turn 13 started!

Battle initiated

Kiraya

Battle declared: Graze Custom against Enemy Player

ann

No blockers available

Action step

ann

Passed

Kiraya

Passed

Battle started: Graze Custom against Enemy Shield

ann

Shield card: Gundam Barbatos Adapt revealed and discarded

Battle ended

Battle initiated

Kiraya

Battle declared: Shiden Custom (Ryusei-Go) against Enemy Player

ann

No blockers available

Action step

ann

Passed

Kiraya

Passed

Battle started: Shiden Custom (Ryusei-Go) against Enemy Player

ann

No more shields available, game is over!

Kiraya

Winner!

Game ended!