Mobile Suit Arena - Battle logs
Game started!

Kaz

Choose to play second

Choose to keep starting hand

Kiraya

Choose to keep starting hand

Turn 1 started!

Turn end phase started

Kaz

Passed

Kiraya

Passed

Turn ended!

Turn 2 started!

Turn end phase started

Kiraya

Passed

Kaz

Passed

Turn ended!

Turn 3 started!

Kiraya

Gundam Exia Repair deployed

Played command: Overflowing Affection

Overflowing Affection: Draw 2 cards

Selecting target for Overflowing Affection

Gundam Barbatos Lupus discarded

Turn end phase started

Kaz

Passed

Kiraya

Passed

Turn ended!

Turn 4 started!

Kaz

Delta Plus (Waverider Mode) deployed

Turn end phase started

Kiraya

Passed

Kaz

Passed

Turn ended!

Turn 5 started!

Kiraya

Gundam Barbatos 1st Form deployed

Played command: Overflowing Affection

Overflowing Affection: Draw 2 cards

Selecting target for Overflowing Affection

Isaribi discarded

Battle initiated

Kiraya

Battle declared: Gundam Exia Repair against Enemy Player

Kaz

No blockers available

Action step

Kaz

Passed

Kiraya

Passed

Battle started: Gundam Exia Repair against EX Base

Kaz

EX Base received 2 damage, leaving 1 HP remaining

Battle ended

Turn end phase started

Kaz

Passed

Kiraya

Passed

Turn ended!

Turn 6 started!

Kaz

Zoloat (League Militaire) deployed

Battle initiated

Kaz

Battle declared: Delta Plus (Waverider Mode) against Gundam Exia Repair

Kiraya

No blockers available

Action step

Kiraya

Passed

Kaz

Passed

Battle started: Delta Plus (Waverider Mode) against Gundam Exia Repair

Kiraya

Gundam Exia Repair received 2 damage, now destroyed

Kaz

Delta Plus (Waverider Mode) received 2 damage, leaving 1 HP remaining

Kiraya

Gundam Exia Repair: destroyed Delta Plus (Waverider Mode)

Gundam Exia Repair milled 2: Overflowing Affection and Ryusei-Go (Graze Custom Ⅱ) moved to trash

Battle ended

Kaz

Played action: Kindhearted

Kindhearted: Draw a card

Turn end phase started

Kiraya

Passed

Kaz

Passed

Turn ended!

Turn 7 started!

Kiraya

Gundam Barbatos Adapt deployed

Selecting target for Gundam Barbatos Adapt

Gundam Barbatos Adapt: Dealt 1 damage to: Gundam Barbatos 1st Form and Zoloat (League Militaire)

Linked pilot: Mikazuki Augus on unit Gundam Barbatos 1st Form

Selecting target for Mikazuki Augus

Mikazuki Augus: Dealt 1 damage to: Gundam Barbatos Adapt and Zoloat (League Militaire)

Battle initiated

Kiraya

Battle declared: Gundam Barbatos 1st Form against Enemy Player

Gundam Barbatos 1st Form: Draw a card

Kaz

No blockers available

Action step

Kaz

Passed

Kiraya

Passed

Battle started: Gundam Barbatos 1st Form against EX Base

Kaz

EX Base received 5 damage, now destroyed

Battle ended

Kiraya

Gundam Exia Repair deployed

Turn end phase started

Kaz

Passed

Kiraya

Passed

Turn ended!

Turn 8 started!

Kaz

Zoloat (League Militaire) deployed

ReZEL deployed

Turn end phase started

Kiraya

Passed

Kaz

Passed

Turn ended!

Turn 9 started!

Kiraya

Gundam Barbatos Adapt deployed

Selecting target for Gundam Barbatos Adapt

Gundam Barbatos Adapt: Dealt 1 damage to: Gundam Barbatos Adapt and Zoloat (League Militaire)

Gundam Barbatos Adapt deployed

Selecting target for Gundam Barbatos Adapt

Gundam Barbatos Adapt: Dealt 1 damage to: Gundam Barbatos Adapt and Zoloat (League Militaire)

Battle initiated

Kiraya

Battle declared: Gundam Exia Repair against Enemy Player

Kaz

No blockers available

Action step

Kaz

Passed

Kiraya

Passed

Battle started: Gundam Exia Repair against Enemy Shield

Kaz

Shield card: Riddhe Marcenas revealed

Shield card added to hand: Riddhe Marcenas

Battle ended

Battle initiated

Kiraya

Battle declared: Gundam Barbatos Adapt against Enemy Player

Kaz

No blockers available

Action step

Kaz

Passed

Kiraya

Passed

Battle started: Gundam Barbatos Adapt against Enemy Shield

Kaz

Shield card: ReZEL revealed and discarded

Battle ended

Battle initiated

Kiraya

Battle declared: Gundam Barbatos 1st Form against Enemy Player

Gundam Barbatos 1st Form: Draw a card

Kaz

No blockers available

Action step

Kaz

Passed

Kiraya

Passed

Battle started: Gundam Barbatos 1st Form against Enemy Shield

Kaz

Shield card: Amuro Ray revealed

Shield card added to hand: Amuro Ray

Battle ended

Turn end phase started

Kaz

Passed

Kiraya

Passed

Turn ended!

Turn 10 started!

Battle initiated

Kaz

Battle declared: ReZEL against Gundam Barbatos 1st Form

Kiraya

No blockers available

Action step

Kiraya

Passed

Kaz

Passed

Battle started: ReZEL against Gundam Barbatos 1st Form

Kiraya

Gundam Barbatos 1st Form received 4 damage, now destroyed

Kaz

ReZEL received 5 damage, now destroyed

Battle ended

Kaz

Played base: White Base

Shield card added to hand

Activated: White Base

Rested 2 Resources

Gundam deployed

Zoloat (League Militaire) deployed

Turn end phase started

Kiraya

Passed

Kaz

Passed

Turn ended!

Turn 11 started!

Battle initiated

Kiraya

Battle declared: Gundam Exia Repair against Enemy Player

Kaz

Assigned no blocker

Action step

Kaz

Passed

Kiraya

Passed

Battle started: Gundam Exia Repair against White Base

Kaz

White Base received 2 damage, leaving 3 HP remaining

Battle ended

Kiraya

Replaced EX Base base: Isaribi

Shield card added to hand

Activated: Isaribi

Rested base: Isaribi

Isaribi: Modifier applied to: Gundam Barbatos Adapt

Battle initiated

Kiraya

Battle declared: Gundam Barbatos Adapt against Enemy Player

Kaz

Assigned Zoloat (League Militaire) to block

Action step

Kaz

Passed

Kiraya

Passed

Battle started: Gundam Barbatos Adapt against Zoloat (League Militaire)

Kaz

Zoloat (League Militaire) received 4 damage, now destroyed

Kiraya

Gundam Barbatos Adapt received 3 damage, now destroyed

Battle ended

Kiraya

Paired pilot: Zeheart Galette on unit Gundam Barbatos Adapt

Zeheart Galette milled 2: Mikazuki Augus and Graze Custom moved to trash

Battle initiated

Kiraya

Battle declared: Gundam Barbatos Adapt against Enemy Player

Kaz

No blockers available

Action step

Kaz

Passed

Kiraya

Passed

Battle started: Gundam Barbatos Adapt against White Base

Kaz

White Base received 4 damage, now destroyed

Battle ended

Battle initiated

Kiraya

Battle declared: Gundam Barbatos Adapt against Enemy Player

Kaz

No blockers available

Action step

Kaz

Passed

Kiraya

Passed

Battle started: Gundam Barbatos Adapt against Enemy Shield

Kaz

Shield card: Loran Cehack revealed

Shield card added to hand: Loran Cehack

Battle ended

Kiraya

Shiden Custom (Ryusei-Go) deployed

Turn end phase started

Kaz

Passed

Kiraya

Passed

Turn ended!

Turn 12 started!

Kaz

Kapool deployed

Linked pilot: Loran Cehack on unit Kapool

Selecting target for Loran Cehack

Kiraya

Shiden Custom (Ryusei-Go) returned to hand

Battle initiated

Kaz

Battle declared: Gundam against Gundam Barbatos Adapt

Kiraya

No blockers available

Action step

Kiraya

Passed

Kaz

Played action: The Witch and the Bride

Kiraya

Gundam Exia Repair returned to hand

Passed

Kaz

Passed

Battle started: Gundam against Gundam Barbatos Adapt

Kiraya

Gundam Barbatos Adapt received 3 damage, now destroyed

Kaz

Gundam received 2 damage, leaving 1 HP remaining

Battle ended

Battle initiated

Kaz

Battle declared: Kapool against Gundam Barbatos Adapt

Selecting target for Kapool

Rested 1 Resource

Kapool: Draw a card

Selecting target for Kapool

Riddhe Marcenas discarded

Kiraya

No blockers available

Action step

Kiraya

Passed

Kaz

Passed

Battle started: Kapool against Gundam Barbatos Adapt

Kiraya

Gundam Barbatos Adapt received 5 damage, now destroyed

Kaz

Kapool received 4 damage, now destroyed

Battle ended

Turn end phase started

Kiraya

Passed

Kaz

Passed

Turn ended!

Turn 13 started!

Kiraya

Gundam Barbatos Lupus deployed

Activated: Gundam Barbatos Lupus

Graze Custom, Gundam Barbatos Adapt and Gundam Barbatos Adapt exiled from the game

Selecting target for Gundam Barbatos Lupus

Gundam Barbatos Lupus: Dealt 2 damage to Gundam, now destroyed

Gundam Exia Repair deployed

Turn end phase started

Kaz

Passed

Kiraya

Passed

Turn ended!

Turn 14 started!

Kaz

Gundam deployed

Linked pilot: Amuro Ray on unit Gundam

Selecting target for Amuro Ray

Rested unit: Gundam Barbatos Lupus

Battle initiated

Kaz

Battle declared: Gundam against Gundam Barbatos Lupus

Selecting target for Gundam

Amuro Ray returned to hand

Kiraya

No blockers available

Action step

Kiraya

Passed

Kaz

Passed

Battle started: Gundam against Gundam Barbatos Lupus

Kiraya

Gundam Barbatos Lupus received 6 damage, now destroyed

Kaz

Gundam received 5 damage, now destroyed

Battle ended

Kaz

Delta Plus (Waverider Mode) deployed

Turn end phase started

Kiraya

Passed

Kaz

Passed

Turn ended!

Turn 15 started!

Kiraya

Shiden Custom (Ryusei-Go) deployed

Gundam Barbatos 1st Form deployed

Gundam Barbatos 1st Form deployed

Graze Custom deployed

Battle initiated

Kiraya

Battle declared: Gundam Exia Repair against Enemy Player

Kaz

No blockers available

Action step

Kaz

Passed

Kiraya

Passed

Battle started: Gundam Exia Repair against Enemy Shield

Kaz

Shield card: Kapool revealed and discarded

Battle ended

Turn end phase started

Kaz

Passed

Kiraya

Passed

Turn ended!

Turn 16 started!

Kaz

Played action: Kindhearted

Kindhearted: Draw a card

Played command: A Show of Resolve

A Show of Resolve: Draw 2 cards

Gundam deployed

Linked pilot: Amuro Ray on unit Gundam

Selecting target for Amuro Ray

Rested unit: Gundam Barbatos 1st Form

Battle initiated

Kaz

Battle declared: Gundam against Gundam Barbatos 1st Form

Kiraya

Assigned no blocker

Action step

Kiraya

Passed

Kaz

Passed

Battle started: Gundam against Gundam Barbatos 1st Form

Kiraya

Gundam Barbatos 1st Form received 6 damage, now destroyed

Kaz

Gundam received 3 damage, leaving 2 HP remaining

Battle ended

Battle initiated

Kaz

Battle declared: Delta Plus (Waverider Mode) against Gundam Exia Repair

Kiraya

Winner!

Game ended!