Mobile Suit Arena - Battle logs
Game started!

fuji

Choose to play first

Kiraya

Choose to mulligan starting hand

fuji

Choose to mulligan starting hand

Turn 1 started!

Turn end phase started

Kiraya

Passed

fuji

Passed

Turn ended!

Turn 2 started!

Kiraya

Played command: Overflowing Affection

Overflowing Affection: Draw 2 cards

Selecting target for Overflowing Affection

Shiden Custom (Ryusei-Go) discarded

Turn end phase started

fuji

Passed

Kiraya

Passed

Turn ended!

Turn 3 started!

Turn end phase started

Kiraya

Passed

fuji

Passed

Turn ended!

Turn 4 started!

Kiraya

Gundam Barbatos 1st Form deployed

Turn end phase started

fuji

Passed

Kiraya

Passed

Turn ended!

Turn 5 started!

Turn end phase started

Kiraya

Passed

fuji

Passed

Turn ended!

Turn 6 started!

Kiraya

Ryusei-Go (Graze Custom Ⅱ) deployed

Selecting target for Ryusei-Go (Graze Custom Ⅱ)

Ryusei-Go (Graze Custom Ⅱ): Dealt 1 damage to Gundam Barbatos 1st Form, leaving 1 HP remaining

Ryusei-Go (Graze Custom Ⅱ): Draw a card

Selecting target for Ryusei-Go (Graze Custom Ⅱ)

Gundam Flauros (Ryusei-Go) discarded

Battle initiated

Kiraya

Battle declared: Gundam Barbatos 1st Form against Enemy Player

Gundam Barbatos 1st Form: Draw a card

fuji

No blockers available

Action step

fuji

Passed

Kiraya

Passed

Battle started: Gundam Barbatos 1st Form against EX Base

fuji

EX Base received 3 damage, now destroyed

Battle ended

Kiraya

Replaced EX Base base: Minerva

Shield card added to hand

Selecting target for Minerva

Turn end phase started

fuji

Passed

Kiraya

Passed

Turn ended!

Turn 7 started!

fuji

Zoloat (League Militaire) deployed

Victory Gundam deployed

Turn end phase started

Kiraya

Passed

fuji

Passed

Turn ended!

Turn 8 started!

Kiraya

Gundam Barbatos Adapt deployed

Selecting target for Gundam Barbatos Adapt

Gundam Barbatos Adapt: Dealt 1 damage to: Ryusei-Go (Graze Custom Ⅱ) and Zoloat (League Militaire)

Linked pilot: Mikazuki Augus on unit Gundam Barbatos Adapt

Selecting target for Mikazuki Augus

Mikazuki Augus: Dealt 1 damage to: Gundam Barbatos Adapt and Zoloat (League Militaire)

Battle initiated

Kiraya

Battle declared: Gundam Barbatos 1st Form against Enemy Player

Gundam Barbatos 1st Form: Draw a card

fuji

No blockers available

Action step

fuji

Passed

Kiraya

Passed

Battle started: Gundam Barbatos 1st Form against Enemy Shield

fuji

Shield card: Reineforce Jr. revealed

Played base: Reineforce Jr.

Shield card added to hand

Battle ended

Battle initiated

Kiraya

Battle declared: Gundam Barbatos Adapt against Enemy Player

fuji

No blockers available

Action step

fuji

Passed

Kiraya

Passed

Battle started: Gundam Barbatos Adapt against Reineforce Jr.

fuji

Reineforce Jr. received 4 damage, leaving 1 HP remaining

Battle ended

Battle initiated

Kiraya

Battle declared: Ryusei-Go (Graze Custom Ⅱ) against Enemy Player

fuji

No blockers available

Action step

fuji

Passed

Kiraya

Passed

Battle started: Ryusei-Go (Graze Custom Ⅱ) against Reineforce Jr.

fuji

Reineforce Jr. received 2 damage, now destroyed

Battle ended

Kiraya

Gundam Exia Repair deployed

Turn end phase started

fuji

Passed

Kiraya

Passed

Turn ended!

Turn 9 started!

fuji

Gundam Gusion Rebake deployed

Selecting target for Gundam Gusion Rebake

Gundam Gusion Rebake: Dealt 1 damage to: Victory Gundam and Gundam Barbatos 1st Form

Battle initiated

fuji

Battle declared: Victory Gundam against Ryusei-Go (Graze Custom Ⅱ)

Kiraya

No blockers available

Action step

Kiraya

Passed

fuji

Passed

Battle started: Victory Gundam against Ryusei-Go (Graze Custom Ⅱ)

Kiraya

Ryusei-Go (Graze Custom Ⅱ) received 3 damage, now destroyed

fuji

Victory Gundam received 2 damage, now destroyed

Battle ended

Turn end phase started

Kiraya

Passed

fuji

Passed

Turn ended!

Turn 10 started!

Kiraya

Shiden Custom (Ryusei-Go) deployed

Battle initiated

Kiraya

Battle declared: Gundam Exia Repair against Enemy Player

fuji

Assigned Gundam Gusion Rebake to block

Action step

fuji

Passed

Kiraya

Passed

Battle started: Gundam Exia Repair against Gundam Gusion Rebake

fuji

Gundam Gusion Rebake received 2 damage, leaving 3 HP remaining

Kiraya

Gundam Exia Repair received 3 damage, now destroyed

Gundam Exia Repair milled 2: Minerva and Gundam Barbatos 1st Form moved to trash

Battle ended

Battle initiated

Kiraya

Battle declared: Gundam Barbatos Adapt against Enemy Player

fuji

No blockers available

Action step

fuji

Passed

Kiraya

Passed

Battle started: Gundam Barbatos Adapt against Enemy Shield

fuji

Shield card: Gundam Gusion Rebake revealed and discarded

Battle ended

Kiraya

Graze Custom deployed

Graze Custom deployed

Turn end phase started

fuji

Passed

Kiraya

Passed

Turn ended!

Turn 11 started!

fuji

Blast Impulse Gundam deployed

Gundam deployed

Turn end phase started

Kiraya

Passed

fuji

Passed

Turn ended!

Turn 12 started!

Kiraya

Gundam Barbatos Lupus deployed

Battle initiated

Kiraya

Battle declared: Graze Custom against Enemy Player

fuji

Assigned Gundam Gusion Rebake to block

Action step

fuji

Passed

Kiraya

Passed

Battle started: Graze Custom against Gundam Gusion Rebake

fuji

Gundam Gusion Rebake received 2 damage, leaving 1 HP remaining

Kiraya

Graze Custom received 3 damage, now destroyed

Battle ended

Battle initiated

Kiraya

Battle declared: Graze Custom against Enemy Player

fuji

Assigned no blocker

Action step

fuji

Passed

Kiraya

Passed

Battle started: Graze Custom against Enemy Shield

fuji

Shield card: Reineforce Jr. revealed

Played base: Reineforce Jr.

Shield card added to hand

Battle ended

Kiraya

Paired pilot: Zeheart Galette on unit Gundam Barbatos Lupus

Zeheart Galette milled 2: Gundam Barbatos 1st Form and Gundam Barbatos Adapt moved to trash

Activated: Gundam Barbatos Lupus

Graze Custom, Gundam Barbatos 1st Form and Gundam Barbatos Adapt exiled from the game

Selecting target for Gundam Barbatos Lupus

Gundam Barbatos Lupus: Dealt 2 damage to Gundam Gusion Rebake, now destroyed

Activated: Gundam Barbatos Lupus

Gundam Flauros (Ryusei-Go), Hyakuren and Gundam Barbatos 1st Form exiled from the game

Selecting target for Gundam Barbatos Lupus

Gundam Barbatos Lupus: Dealt 2 damage to Blast Impulse Gundam, leaving 1 HP remaining

Activated: Gundam Barbatos Lupus

Shiden Custom (Ryusei-Go), Gundam Barbatos 1st Form and Ryusei-Go (Graze Custom Ⅱ) exiled from the game

Selecting target for Gundam Barbatos Lupus

Gundam Barbatos Lupus: Dealt 2 damage to Blast Impulse Gundam, now destroyed

Turn end phase started

fuji

Passed

Kiraya

Passed

Turn ended!

Turn 13 started!

Battle initiated

fuji

Battle declared: Gundam against Graze Custom

Kiraya

Assigned Shiden Custom (Ryusei-Go) to block

Action step

Kiraya

Passed

fuji

Passed

Battle started: Gundam against Shiden Custom (Ryusei-Go)

Kiraya

Shiden Custom (Ryusei-Go) received 3 damage, now destroyed

fuji

Gundam received 4 damage, now destroyed

Battle ended

fuji

Sazabi deployed

Linked pilot: Char Aznable on unit Sazabi

Selecting target for Char Aznable

Battle initiated

fuji

Battle declared: Sazabi against Graze Custom

Selecting target for Sazabi

Kiraya

No blockers available

Action step

Kiraya

Passed

fuji

Passed

Battle started: Sazabi against Graze Custom

Kiraya

Graze Custom received 7 damage, now destroyed

fuji

Sazabi received 2 damage, leaving 5 HP remaining

Battle ended

Turn end phase started

Kiraya

Passed

fuji

Passed

Turn ended!

Turn 14 started!

Kiraya

Replaced Minerva base: Isaribi

Shield card added to hand

Activated: Isaribi

Rested base: Isaribi

Isaribi: Modifier applied to: Gundam Barbatos Adapt

Battle initiated

Kiraya

Battle declared: Gundam Barbatos Adapt against Enemy Player

fuji

No blockers available

Action step

fuji

Passed

Kiraya

Passed

Battle started: Gundam Barbatos Adapt against Reineforce Jr.

fuji

Reineforce Jr. received 6 damage, now destroyed

Battle ended

Kiraya

Played command: Overflowing Affection

Overflowing Affection: Draw 2 cards

Selecting target for Overflowing Affection

Gundam Barbatos Adapt discarded

Hyakuren deployed

Graze Custom deployed

Activated: Gundam Barbatos Lupus

Shiden Custom (Ryusei-Go), Graze Custom and Gundam Barbatos Adapt exiled from the game

Selecting target for Gundam Barbatos Lupus

Gundam Barbatos Lupus: Dealt 2 damage to Sazabi, leaving 3 HP remaining

Paired pilot: Mikazuki Augus on unit Hyakuren

Selecting target for Mikazuki Augus

Mikazuki Augus: Dealt 1 damage to: Graze Custom and Sazabi

Battle initiated

Kiraya

Battle declared: Gundam Barbatos Lupus against Enemy Player

fuji

No blockers available

Action step

fuji

Passed

Kiraya

Passed

Battle started: Gundam Barbatos Lupus against Enemy Shield

fuji

Shield card: Gun EZ revealed and discarded

Battle ended

Turn end phase started

fuji

Passed

Kiraya

Passed

Turn ended!

Turn 15 started!

fuji

Gun EZ deployed

Selecting target for Gun EZ

Rested unit: Gun EZ

Selecting target for Gun EZ

Rested unit: Graze Custom

Played base: Reineforce Jr.

No more Shield cards to add to hand

Parts deployed

Battle initiated

fuji

Battle declared: Sazabi against Graze Custom

Selecting target for Sazabi

Sazabi: destroyed Parts

Kiraya

Selecting target for Sazabi

fuji

Sazabi: destroyed Gundam Barbatos Adapt

Kiraya

No blockers available

Action step

Kiraya

Passed

fuji

Passed

Battle started: Sazabi against Graze Custom

Kiraya

Graze Custom received 7 damage, now destroyed

fuji

Sazabi received 2 damage, now destroyed

Battle ended

fuji

Played command: A Show of Resolve

A Show of Resolve: Draw 2 cards

Kiraya

Winner!

Game ended!