Mobile Suit Arena - Battle logs
Game started!

Kiraya

Choose to play first

D1xception

Choose to keep starting hand

Kiraya

Choose to mulligan starting hand

Turn 1 started!

Turn end phase started

D1xception

Passed

Kiraya

Passed

Turn ended!

Turn 2 started!

Turn end phase started

Kiraya

Passed

D1xception

Passed

Turn ended!

Turn 3 started!

Kiraya

Graze Custom deployed

Gundam Exia Repair deployed

Turn end phase started

D1xception

Passed

Kiraya

Passed

Turn ended!

Turn 4 started!

D1xception

Gundam Lfrith deployed

Turn end phase started

Kiraya

Passed

D1xception

Passed

Turn ended!

Turn 5 started!

Kiraya

Gundam Barbatos 1st Form deployed

Gundam Exia Repair deployed

Battle initiated

Kiraya

Battle declared: Gundam Exia Repair against Enemy Player

D1xception

Assigned no blocker

Action step

D1xception

Passed

Kiraya

Passed

Battle started: Gundam Exia Repair against EX Base

D1xception

EX Base received 2 damage, leaving 1 HP remaining

Battle ended

Turn end phase started

D1xception

Passed

Kiraya

Passed

Turn ended!

Turn 6 started!

D1xception

Gundam Heavyarms deployed

Selecting target for Gundam Heavyarms

Returned to deck bottom

Linked pilot: Quatre Raberba Winner on unit Gundam Heavyarms

Selecting target for Quatre Raberba Winner

Rested unit: Gundam Barbatos 1st Form

Battle initiated

D1xception

Battle declared: Gundam Heavyarms against Gundam Barbatos 1st Form

Kiraya

No blockers available

Action step

Kiraya

Passed

D1xception

Passed

Battle started: Gundam Heavyarms against Gundam Barbatos 1st Form

Kiraya

Gundam Barbatos 1st Form received 5 damage, now destroyed

D1xception

Gundam Heavyarms received 3 damage, leaving 2 HP remaining

Battle ended

Turn end phase started

Kiraya

Passed

D1xception

Passed

Turn ended!

Turn 7 started!

Battle initiated

Kiraya

Battle declared: Gundam Exia Repair against Enemy Player

D1xception

Assigned no blocker

Action step

D1xception

Passed

Kiraya

Passed

Battle started: Gundam Exia Repair against EX Base

D1xception

EX Base received 2 damage, now destroyed

Battle ended

Battle initiated

Kiraya

Battle declared: Gundam Exia Repair against Gundam Heavyarms

D1xception

Assigned no blocker

Action step

D1xception

Passed

Kiraya

Passed

Battle started: Gundam Exia Repair against Gundam Heavyarms

D1xception

Gundam Heavyarms received 2 damage, now destroyed

Kiraya

Gundam Exia Repair received 5 damage, now destroyed

Gundam Exia Repair milled 2: Zeheart Galette and Shiden Custom (Ryusei-Go) moved to trash

Battle ended

Kiraya

Replaced EX Base base: Minerva

Shield card added to hand

Selecting target for Minerva

Shiden Custom (Ryusei-Go) deployed

Turn end phase started

D1xception

Passed

Kiraya

Passed

Turn ended!

Turn 8 started!

D1xception

Played command: Overflowing Affection

Overflowing Affection: Draw 2 cards

Selecting target for Overflowing Affection

Wing Gundam Zero (EW) discarded

Paired pilot: Heero Yuy on unit Gundam Lfrith

Battle initiated

D1xception

Battle declared: Gundam Lfrith against Gundam Exia Repair

Kiraya

Assigned Shiden Custom (Ryusei-Go) to block

Action step

Kiraya

Passed

D1xception

Passed

Battle started: Gundam Lfrith against Shiden Custom (Ryusei-Go)

Kiraya

Shiden Custom (Ryusei-Go) received 4 damage, now destroyed

D1xception

Gundam Lfrith received 4 damage, leaving 1 HP remaining

Battle ended

Turn end phase started

Kiraya

Passed

D1xception

Passed

Turn ended!

Turn 9 started!

Kiraya

Gundam Gusion Rebake deployed

Selecting target for Gundam Gusion Rebake

Gundam Gusion Rebake: Dealt 1 damage to: Gundam Gusion Rebake and Gundam Lfrith

Battle initiated

Kiraya

Battle declared: Gundam Exia Repair against Enemy Player

D1xception

No blockers available

Action step

D1xception

Passed

Kiraya

Passed

Battle started: Gundam Exia Repair against Enemy Shield

D1xception

Shield card: Heero Yuy revealed

Shield card added to hand: Heero Yuy

Battle ended

Battle initiated

Kiraya

Battle declared: Graze Custom against Enemy Player

D1xception

No blockers available

Action step

D1xception

Passed

Kiraya

Passed

Battle started: Graze Custom against Enemy Shield

D1xception

Shield card: Overflowing Affection revealed and discarded

Battle ended

Kiraya

Played command: Overflowing Affection

Overflowing Affection: Draw 2 cards

Selecting target for Overflowing Affection

Hyakuren discarded

Turn end phase started

D1xception

Passed

Kiraya

Passed

Turn ended!

Turn 10 started!

D1xception

Shenlong Gundam deployed

Linked pilot: Chang Wufei on unit Shenlong Gundam

Battle initiated

D1xception

Battle declared: Shenlong Gundam against Graze Custom

No targets for Shenlong Gundam

Kiraya

Assigned no blocker

Action step

Kiraya

Passed

D1xception

Passed

Battle started: Shenlong Gundam against Graze Custom

Kiraya

Graze Custom received 6 damage, now destroyed

D1xception

Damage prevented

Shenlong Gundam received 0 damage, leaving 5 HP remaining

Kiraya

Breach 4: : Minerva received 4 damage, leaving 1 HP remaining

Battle ended

Turn end phase started

Kiraya

Passed

D1xception

Passed

Turn ended!

Turn 11 started!

Kiraya

Gundam Gusion Rebake deployed

Selecting target for Gundam Gusion Rebake

Gundam Gusion Rebake: Dealt 1 damage to: Gundam Gusion Rebake and Shenlong Gundam

Paired pilot: Mikazuki Augus on unit Gundam Exia Repair

Selecting target for Mikazuki Augus

Mikazuki Augus: Dealt 1 damage to: Gundam Exia Repair and Shenlong Gundam

Battle initiated

Kiraya

Battle declared: Gundam Exia Repair against Shenlong Gundam

D1xception

No blockers available

Action step

D1xception

Passed

Kiraya

Passed

Battle started: Gundam Exia Repair against Shenlong Gundam

D1xception

Shenlong Gundam received 4 damage, now destroyed

Kiraya

Gundam Exia Repair received 6 damage, now destroyed

Gundam Exia Repair milled 2: Graze Custom and Mikazuki Augus moved to trash

Battle ended

Battle initiated

Kiraya

Battle declared: Gundam Gusion Rebake against Enemy Player

D1xception

No blockers available

Action step

D1xception

Passed

Kiraya

Passed

Battle started: Gundam Gusion Rebake against Enemy Shield

D1xception

Shield card: Flat (Militia) revealed and discarded

Battle ended

Kiraya

Replaced Minerva base: Minerva

Shield card added to hand

Selecting target for Minerva

Turn end phase started

D1xception

Passed

Kiraya

Passed

Turn ended!

Turn 12 started!

D1xception

Wing Gundam deployed

Played base: Peacemillion

Shield card added to hand

Linked pilot: Heero Yuy on unit Wing Gundam

Battle initiated

D1xception

Battle declared: Wing Gundam against Gundam Gusion Rebake

Kiraya

Assigned no blocker

Action step

Kiraya

Passed

D1xception

Passed

Battle started: Wing Gundam against Gundam Gusion Rebake

Kiraya

Gundam Gusion Rebake received 7 damage, now destroyed

D1xception

Wing Gundam received 3 damage, leaving 4 HP remaining

Kiraya

Breach 5: : Minerva received 5 damage, now destroyed

D1xception

Selecting target for Peacemillion

Healed 2 damage to: Wing Gundam

Battle ended

Turn end phase started

Kiraya

Passed

D1xception

Passed

Turn ended!

Turn 13 started!

Kiraya

Played base: Isaribi

Shield card added to hand

Gundam Barbatos Lupus deployed

Activated: Gundam Barbatos Lupus

Graze Custom, Hyakuren and Gundam Gusion Rebake exiled from the game

Selecting target for Gundam Barbatos Lupus

Gundam Barbatos Lupus: Dealt 2 damage to Wing Gundam, leaving 4 HP remaining

Activated: Isaribi

Rested base: Isaribi

Isaribi: Modifier applied to: Gundam Gusion Rebake

Battle initiated

Kiraya

Battle declared: Gundam Gusion Rebake against Wing Gundam

D1xception

No blockers available

Action step

D1xception

Passed

Kiraya

Passed

Battle started: Gundam Gusion Rebake against Wing Gundam

D1xception

Wing Gundam received 5 damage, now destroyed

Kiraya

Gundam Gusion Rebake received 7 damage, now destroyed

Battle ended

Turn end phase started

D1xception

Passed

Kiraya

Passed

Turn ended!

Turn 14 started!

D1xception

Wing Gundam deployed

Flat (Militia) deployed

Turn end phase started

Kiraya

Passed

D1xception

Passed

Turn ended!

Turn 15 started!

Kiraya

Gundam Barbatos 1st Form deployed

Ryusei-Go (Graze Custom Ⅱ) deployed

Selecting target for Ryusei-Go (Graze Custom Ⅱ)

Ryusei-Go (Graze Custom Ⅱ): Dealt 1 damage to Gundam Barbatos 1st Form, leaving 1 HP remaining

Ryusei-Go (Graze Custom Ⅱ): Draw a card

Selecting target for Ryusei-Go (Graze Custom Ⅱ)

Shiden Custom (Ryusei-Go) discarded

Activated: Gundam Barbatos Lupus

Graze Custom, Gundam Gusion Rebake and Shiden Custom (Ryusei-Go) exiled from the game

Selecting target for Gundam Barbatos Lupus

Gundam Barbatos Lupus: Dealt 2 damage to Flat (Militia), leaving 2 HP remaining

Activated: Gundam Barbatos Lupus

Shiden Custom (Ryusei-Go), Shiden Custom (Ryusei-Go) and Hyakuren exiled from the game

Selecting target for Gundam Barbatos Lupus

Gundam Barbatos Lupus: Dealt 2 damage to Flat (Militia), now destroyed

Linked pilot: Mikazuki Augus on unit Gundam Barbatos 1st Form

Selecting target for Mikazuki Augus

Mikazuki Augus: Dealt 1 damage to: Ryusei-Go (Graze Custom Ⅱ) and Wing Gundam

Activated: Isaribi

Rested base: Isaribi

Isaribi: Modifier applied to: Gundam Barbatos 1st Form

Battle initiated

Kiraya

Battle declared: Gundam Barbatos 1st Form against Enemy Player

Gundam Barbatos 1st Form: Draw a card

D1xception

No blockers available

Action step

D1xception

Passed

Kiraya

Passed

Battle started: Gundam Barbatos 1st Form against Peacemillion

D1xception

Peacemillion received 7 damage, now destroyed

Battle ended

Kiraya

Shiden Custom (Ryusei-Go) deployed

Battle initiated

Kiraya

Battle declared: Gundam Barbatos Lupus against Enemy Player

D1xception

No blockers available

Action step

D1xception

Passed

Kiraya

Passed

Battle started: Gundam Barbatos Lupus against Enemy Shield

D1xception

Shield card: Gundam Heavyarms revealed and discarded

Battle ended

Turn end phase started

D1xception

Passed

Kiraya

Passed

Turn ended!

Turn 16 started!

Battle initiated

D1xception

Battle declared: Wing Gundam against Gundam Barbatos 1st Form

Kiraya

Assigned Shiden Custom (Ryusei-Go) to block

Action step

Kiraya

Passed

D1xception

Passed

Battle started: Wing Gundam against Shiden Custom (Ryusei-Go)

Kiraya

Shiden Custom (Ryusei-Go) received 4 damage, now destroyed

D1xception

Wing Gundam received 4 damage, now destroyed

Kiraya

Breach 5: : Isaribi received 5 damage, now destroyed

Battle ended

D1xception

Wing Gundam (Bird Mode) deployed

Placed 1 Resource EX

Linked pilot: Heero Yuy on unit Wing Gundam (Bird Mode)

Battle initiated

D1xception

Battle declared: Wing Gundam (Bird Mode) against Gundam Barbatos 1st Form

Kiraya

No blockers available

Action step

Kiraya

Passed

D1xception

Passed

Battle started: Wing Gundam (Bird Mode) against Gundam Barbatos 1st Form

Kiraya

Gundam Barbatos 1st Form received 4 damage, now destroyed

D1xception

Wing Gundam (Bird Mode) received 5 damage, now destroyed

Battle ended

D1xception

Gundam Lfrith deployed

Turn end phase started

Kiraya

Passed

D1xception

Passed

Turn ended!

Turn 17 started!

Kiraya

Played command: Overflowing Affection

Overflowing Affection: Draw 2 cards

Selecting target for Overflowing Affection

Gundam Barbatos Adapt discarded

Gundam Gusion Rebake deployed

Selecting target for Gundam Gusion Rebake

Gundam Gusion Rebake: Dealt 1 damage to: Gundam Gusion Rebake and Gundam Lfrith

Activated: Gundam Barbatos Lupus

Gundam Barbatos 1st Form, Shiden Custom (Ryusei-Go) and Gundam Barbatos Adapt exiled from the game

Selecting target for Gundam Barbatos Lupus

Gundam Barbatos Lupus: Dealt 2 damage to Gundam Lfrith, leaving 1 HP remaining

Battle initiated

Kiraya

Battle declared: Ryusei-Go (Graze Custom Ⅱ) against Enemy Player

D1xception

Assigned Gundam Lfrith to block

Action step

Kiraya

Passed

D1xception

Passed

Battle started: Ryusei-Go (Graze Custom Ⅱ) against Gundam Lfrith

D1xception

Gundam Lfrith received 2 damage, now destroyed

Kiraya

Gundam Barbatos Lupus received 2 damage, now destroyed

Battle ended

Kiraya

Gundam Lfrith received 2 damage, now destroyed

Gundam Exia Repair deployed

Turn end phase started

Kiraya

Passed

Kiraya

Passed

Turn ended!

Turn 18 started!

Kiraya

Winner!

Game ended!