Mobile Suit Arena - Battle logs
Game started!

Kiraya

Choose to play second

Sally

Choose to mulligan starting hand

Kiraya

Choose to keep starting hand

Turn 1 started!

Turn end phase started

Kiraya

Passed

Sally

Passed

Turn ended!

Turn 2 started!

Turn end phase started

Sally

Passed

Kiraya

Passed

Turn ended!

Turn 3 started!

Sally

Zaku Ⅱ deployed

Played command: Overflowing Affection

Overflowing Affection: Draw 2 cards

Selecting target for Overflowing Affection

Peacemillion discarded

Turn end phase started

Kiraya

Passed

Sally

Passed

Turn ended!

Turn 4 started!

Kiraya

Gundam Barbatos 1st Form deployed

Turn end phase started

Sally

Passed

Kiraya

Passed

Turn ended!

Turn 5 started!

Sally

Gundam Ez8 High Mobility Custom deployed

Zaku Ⅱ deployed

Battle initiated

Sally

Battle declared: Zaku Ⅱ against Enemy Player

Zaku Ⅱ: Modifier applied to: Zaku Ⅱ

Kiraya

No blockers available

Action step

Kiraya

Passed

Sally

Passed

Battle started: Zaku Ⅱ against EX Base

Kiraya

EX Base received 3 damage, now destroyed

Battle ended

Turn end phase started

Kiraya

Passed

Sally

Passed

Turn ended!

Turn 6 started!

Battle initiated

Kiraya

Battle declared: Gundam Barbatos 1st Form against Zaku Ⅱ

Sally

No blockers available

Action step

Sally

Passed

Kiraya

Passed

Battle started: Gundam Barbatos 1st Form against Zaku Ⅱ

Sally

Zaku Ⅱ received 3 damage, now destroyed

Kiraya

Gundam Barbatos 1st Form received 1 damage, leaving 1 HP remaining

Battle ended

Kiraya

Shiden Custom (Ryusei-Go) deployed

Turn end phase started

Sally

Passed

Kiraya

Passed

Turn ended!

Turn 7 started!

Sally

Paired pilot: Trowa Barton on unit Gundam Ez8 High Mobility Custom

Battle initiated

Sally

Battle declared: Gundam Ez8 High Mobility Custom against Gundam Barbatos 1st Form

Kiraya

Assigned Shiden Custom (Ryusei-Go) to block

Action step

Kiraya

Passed

Sally

Passed

Battle started: Gundam Ez8 High Mobility Custom against Shiden Custom (Ryusei-Go)

Kiraya

Shiden Custom (Ryusei-Go) received 5 damage, now destroyed

Sally

Gundam Ez8 High Mobility Custom received 4 damage, leaving 1 HP remaining

Trowa Barton: Draw a card

Selecting target for Trowa Barton

Wing Gundam discarded

Battle ended

Sally

Leo deployed

Leo deployed

Battle initiated

Sally

Battle declared: Zaku Ⅱ against Gundam Barbatos 1st Form

Zaku Ⅱ: Modifier applied to: Zaku Ⅱ

Kiraya

No blockers available

Action step

Kiraya

Passed

Sally

Passed

Battle started: Zaku Ⅱ against Gundam Barbatos 1st Form

Kiraya

Gundam Barbatos 1st Form received 3 damage, now destroyed

Sally

Zaku Ⅱ received 3 damage, now destroyed

Battle ended

Turn end phase started

Kiraya

Passed

Sally

Passed

Turn ended!

Turn 8 started!

Kiraya

Gundam Barbatos 1st Form deployed

Linked pilot: Mikazuki Augus on unit Gundam Barbatos 1st Form

Selecting target for Mikazuki Augus

Mikazuki Augus: Dealt 1 damage to: Gundam Barbatos 1st Form and Gundam Ez8 High Mobility Custom

Battle initiated

Kiraya

Battle declared: Gundam Barbatos 1st Form against Enemy Player

Gundam Barbatos 1st Form: Draw a card

Sally

No blockers available

Action step

Sally

Passed

Kiraya

Passed

Battle started: Gundam Barbatos 1st Form against EX Base

Sally

EX Base received 5 damage, now destroyed

Battle ended

Kiraya

Gundam Exia Repair deployed

Turn end phase started

Sally

Passed

Kiraya

Passed

Turn ended!

Turn 9 started!

Battle initiated

Sally

Battle declared: Leo against Gundam Barbatos 1st Form

Kiraya

No blockers available

Action step

Kiraya

Passed

Sally

Passed

Battle started: Leo against Gundam Barbatos 1st Form

Kiraya

Gundam Barbatos 1st Form received 2 damage, now destroyed

Sally

Leo received 5 damage, now destroyed

Battle ended

Battle initiated

Sally

Battle declared: Leo against Enemy Player

Kiraya

No blockers available

Action step

Kiraya

Passed

Sally

Passed

Battle started: Leo against Enemy Shield

Kiraya

Shield card: Gundam Barbatos Adapt revealed and discarded

Battle ended

Turn end phase started

Kiraya

Passed

Sally

Passed

Turn ended!

Turn 10 started!

Kiraya

Gundam Flauros (Ryusei-Go) deployed

Selecting target for Gundam Flauros (Ryusei-Go)

Battle initiated

Kiraya

Battle declared: Gundam Exia Repair against Enemy Player

Sally

No blockers available

Action step

Sally

Passed

Kiraya

Passed

Battle started: Gundam Exia Repair against Enemy Shield

Sally

Shield card: Gundam Heavyarms revealed and discarded

Battle ended

Kiraya

Paired pilot: Zeheart Galette on unit Gundam Flauros (Ryusei-Go)

Zeheart Galette milled 2: Mikazuki Augus and Isaribi moved to trash

Turn end phase started

Sally

Passed

Kiraya

Passed

Turn ended!

Turn 11 started!

Sally

Played base: Peacemillion

Shield card added to hand

Wing Gundam deployed

Turn end phase started

Kiraya

Passed

Sally

Passed

Turn ended!

Turn 12 started!

Battle initiated

Kiraya

Battle declared: Gundam Flauros (Ryusei-Go) against Enemy Player

No targets for Gundam Flauros (Ryusei-Go)

Sally

No blockers available

Action step

Sally

Passed

Kiraya

Passed

Battle started: Gundam Flauros (Ryusei-Go) against Peacemillion

Sally

Peacemillion received 7 damage, now destroyed

Battle ended

Battle initiated

Kiraya

Battle declared: Gundam Exia Repair against Enemy Player

Sally

No blockers available

Action step

Sally

Passed

Kiraya

Passed

Battle started: Gundam Exia Repair against Enemy Shield

Sally

Shield card: Wing Gundam revealed and discarded

Battle ended

Kiraya

Gundam Gusion Rebake deployed

Selecting target for Gundam Gusion Rebake

Gundam Gusion Rebake: Dealt 1 damage to: Gundam Exia Repair and Wing Gundam

Gundam Exia Repair milled 2: Mikazuki Augus and Overflowing Affection moved to trash

Paired pilot: Zeheart Galette on unit Gundam Gusion Rebake

Zeheart Galette milled 2: Ryusei-Go (Graze Custom Ⅱ) and Gundam Barbatos Lupus moved to trash

Turn end phase started

Sally

Passed

Kiraya

Passed

Turn ended!

Turn 13 started!

Sally

Gundam Heavyarms deployed

Selecting target for Gundam Heavyarms

Returned to deck bottom

Paired pilot: Quatre Raberba Winner on unit Wing Gundam

Selecting target for Quatre Raberba Winner

Rested unit: Gundam Gusion Rebake

Battle initiated

Sally

Battle declared: Wing Gundam against Gundam Flauros (Ryusei-Go)

Kiraya

No blockers available

Action step

Kiraya

Passed

Sally

Passed

Battle started: Wing Gundam against Gundam Flauros (Ryusei-Go)

Kiraya

Gundam Flauros (Ryusei-Go) received 6 damage, now destroyed

Sally

Wing Gundam received 7 damage, now destroyed

Kiraya

Breach 5 Shield card: Hyakuren revealed and discarded

Battle ended

Sally

Zaku Ⅱ deployed

Leo deployed

Turn end phase started

Kiraya

Passed

Sally

Passed

Turn ended!

Turn 14 started!

Kiraya

Played base: Isaribi

Shield card added to hand

Battle initiated

Kiraya

Battle declared: Gundam Gusion Rebake against Enemy Player

Sally

No blockers available

Action step

Sally

Passed

Kiraya

Passed

Battle started: Gundam Gusion Rebake against Enemy Shield

Sally

Shield card: Gundam Sandrock (EW) revealed and discarded

Battle ended

Kiraya

Gundam Barbatos Lupus deployed

Activated: Gundam Barbatos Lupus

Gundam Barbatos Lupus, Gundam Flauros (Ryusei-Go) and Hyakuren exiled from the game

Selecting target for Gundam Barbatos Lupus

Gundam Barbatos Lupus: Dealt 2 damage to Zaku Ⅱ, now destroyed

Activated: Gundam Barbatos Lupus

Gundam Barbatos 1st Form, Gundam Barbatos Adapt and Ryusei-Go (Graze Custom Ⅱ) exiled from the game

Selecting target for Gundam Barbatos Lupus

Gundam Barbatos Lupus: Dealt 2 damage to Leo, now destroyed

Gundam Exia Repair deployed

Turn end phase started

Sally

Passed

Kiraya

Passed

Turn ended!

Turn 15 started!

Sally

Leo deployed

Battle initiated

Sally

Battle declared: Gundam Heavyarms against Enemy Player

Kiraya

No blockers available

Action step

Kiraya

Passed

Sally

Passed

Battle started: Gundam Heavyarms against Isaribi

Kiraya

Isaribi received 3 damage, leaving 2 HP remaining

Battle ended

Kiraya

Winner!

Game ended!