Mobile Suit Arena - Battle logs
Game started!

Kiraya

Choose to play first

Choose to keep starting hand

タクヤ

Choose to keep starting hand

Turn 1 started!

Turn end phase started

タクヤ

Passed

Kiraya

Passed

Turn ended!

Turn 2 started!

タクヤ

Zaku Ⅱ deployed

Turn end phase started

Kiraya

Passed

タクヤ

Passed

Turn ended!

Turn 3 started!

Kiraya

Graze Custom deployed

Gundam Exia Repair deployed

Turn end phase started

タクヤ

Passed

Kiraya

Passed

Turn ended!

Turn 4 started!

タクヤ

Rick Dom deployed

Turn end phase started

Kiraya

Passed

タクヤ

Passed

Turn ended!

Turn 5 started!

Battle initiated

Kiraya

Battle declared: Graze Custom against Enemy Player

タクヤ

No blockers available

Action step

タクヤ

Passed

Kiraya

Passed

Battle started: Graze Custom against EX Base

タクヤ

EX Base received 2 damage, leaving 1 HP remaining

Battle ended

Battle initiated

Kiraya

Battle declared: Gundam Exia Repair against Enemy Player

タクヤ

No blockers available

Action step

タクヤ

Passed

Kiraya

Passed

Battle started: Gundam Exia Repair against EX Base

タクヤ

EX Base received 2 damage, now destroyed

Battle ended

Kiraya

Hyakuren deployed

Graze Custom deployed

Turn end phase started

タクヤ

Passed

Kiraya

Passed

Turn ended!

Turn 6 started!

タクヤ

Gundam Barbatos Adapt deployed

Selecting target for Gundam Barbatos Adapt

Gundam Barbatos Adapt: Dealt 1 damage to: Gundam Barbatos Adapt and Graze Custom

Linked pilot: Mikazuki Augus on unit Gundam Barbatos Adapt

Selecting target for Mikazuki Augus

Mikazuki Augus: Dealt 1 damage to: Gundam Barbatos Adapt and Graze Custom

Battle initiated

タクヤ

Battle declared: Gundam Barbatos Adapt against Graze Custom

Kiraya

No blockers available

Action step

Kiraya

Passed

タクヤ

Passed

Battle started: Gundam Barbatos Adapt against Graze Custom

Kiraya

Graze Custom received 4 damage, now destroyed

タクヤ

Gundam Barbatos Adapt received 2 damage, leaving 1 HP remaining

Battle ended

Battle initiated

タクヤ

Battle declared: Zaku Ⅱ against Gundam Exia Repair

Kiraya

No blockers available

Action step

Kiraya

Passed

タクヤ

Passed

Battle started: Zaku Ⅱ against Gundam Exia Repair

Kiraya

Gundam Exia Repair received 2 damage, now destroyed

タクヤ

Zaku Ⅱ received 2 damage, now destroyed

Kiraya

Gundam Exia Repair milled 2: Overflowing Affection and Gundam Barbatos 1st Form moved to trash

Battle ended

Battle initiated

タクヤ

Battle declared: Rick Dom against Enemy Player

Kiraya

No blockers available

Action step

Kiraya

Passed

タクヤ

Passed

Battle started: Rick Dom against EX Base

Kiraya

EX Base received 3 damage, now destroyed

Battle ended

Turn end phase started

Kiraya

Passed

タクヤ

Passed

Turn ended!

Turn 7 started!

Kiraya

Played base: Minerva

Shield card added to hand

Selecting target for Minerva

Gundam Barbatos Adapt deployed

Selecting target for Gundam Barbatos Adapt

Gundam Barbatos Adapt: Dealt 1 damage to: Hyakuren and Gundam Barbatos Adapt

Battle initiated

Kiraya

Battle declared: Hyakuren against Rick Dom

タクヤ

No blockers available

Action step

タクヤ

Passed

Kiraya

Passed

Battle started: Hyakuren against Rick Dom

タクヤ

Rick Dom received 4 damage, now destroyed

Kiraya

Hyakuren received 3 damage, now destroyed

Battle ended

Kiraya

Linked pilot: Mikazuki Augus on unit Gundam Barbatos Adapt

Battle initiated

Kiraya

Battle declared: Gundam Barbatos Adapt against Enemy Player

タクヤ

No blockers available

Action step

タクヤ

Passed

Kiraya

Passed

Battle started: Gundam Barbatos Adapt against Enemy Shield

タクヤ

Shield card: Mikazuki Augus revealed

Shield card added to hand: Mikazuki Augus

Battle ended

Turn end phase started

タクヤ

Passed

Kiraya

Passed

Turn ended!

Turn 8 started!

タクヤ

Rick Dom deployed

Rick Dom deployed

Turn end phase started

Kiraya

Passed

タクヤ

Passed

Turn ended!

Turn 9 started!

Battle initiated

Kiraya

Battle declared: Gundam Barbatos Adapt against Enemy Player

タクヤ

No blockers available

Action step

タクヤ

Passed

Kiraya

Passed

Battle started: Gundam Barbatos Adapt against Enemy Shield

タクヤ

Shield card: Sazabi revealed and discarded

Battle ended

Kiraya

Gundam Gusion Rebake deployed

Selecting target for Gundam Gusion Rebake

Gundam Gusion Rebake: Dealt 1 damage to: Gundam Gusion Rebake and Rick Dom

Turn end phase started

タクヤ

Passed

Kiraya

Passed

Turn ended!

Turn 10 started!

タクヤ

Char's Zaku Ⅱ deployed

Linked pilot: Char Aznable on unit Char's Zaku Ⅱ

Battle initiated

タクヤ

Battle declared: Char's Zaku Ⅱ against Enemy Player

Char Aznable: Modifier applied to: Char's Zaku Ⅱ

Kiraya

Can't block High-maneuver

Action step

Kiraya

Passed

タクヤ

Passed

Battle started: Char's Zaku Ⅱ against Minerva

Kiraya

Minerva received 5 damage, now destroyed

Battle ended

タクヤ

Gundam Barbatos Adapt deployed

Selecting target for Gundam Barbatos Adapt

Gundam Barbatos Adapt: Dealt 1 damage to: Gundam Barbatos Adapt and Gundam Gusion Rebake

Linked pilot: Mikazuki Augus on unit Gundam Barbatos Adapt

Selecting target for Mikazuki Augus

Mikazuki Augus: Dealt 1 damage to: Gundam Barbatos Adapt and Gundam Barbatos Adapt

Battle initiated

タクヤ

Battle declared: Rick Dom against Enemy Player

Kiraya

Assigned no blocker

Action step

Kiraya

Passed

タクヤ

Passed

Battle started: Rick Dom against Enemy Shield

Kiraya

Shield card: Ryusei-Go (Graze Custom Ⅱ) revealed and discarded

Battle ended

Battle initiated

タクヤ

Battle declared: Rick Dom against Enemy Player

Kiraya

Assigned no blocker

Action step

Kiraya

Passed

タクヤ

Passed

Battle started: Rick Dom against Enemy Shield

Kiraya

Shield card: Gundam Barbatos 1st Form revealed and discarded

Battle ended

Battle initiated

タクヤ

Battle declared: Gundam Barbatos Adapt against Gundam Barbatos Adapt

Kiraya

Assigned Gundam Gusion Rebake to block

Action step

Kiraya

Passed

タクヤ

Passed

Battle started: Gundam Barbatos Adapt against Gundam Gusion Rebake

Kiraya

Gundam Gusion Rebake received 4 damage, now destroyed

タクヤ

Gundam Barbatos Adapt received 3 damage, now destroyed

Battle ended

Turn end phase started

Kiraya

Passed

タクヤ

Passed

Turn ended!

Turn 11 started!

Kiraya

Played command: Overflowing Affection

Overflowing Affection: Draw 2 cards

Selecting target for Overflowing Affection

Gundam Barbatos Lupus discarded

Shiden Custom (Ryusei-Go) deployed

Battle initiated

Kiraya

Battle declared: Gundam Barbatos Adapt against Rick Dom

タクヤ

No blockers available

Action step

タクヤ

Passed

Kiraya

Passed

Battle started: Gundam Barbatos Adapt against Rick Dom

タクヤ

Rick Dom received 4 damage, now destroyed

Kiraya

Gundam Barbatos Adapt received 3 damage, leaving 1 HP remaining

Battle ended

Kiraya

Gundam Barbatos Adapt deployed

Selecting target for Gundam Barbatos Adapt

Gundam Barbatos Adapt: Dealt 1 damage to: Gundam Barbatos Adapt and Char's Zaku Ⅱ

Turn end phase started

タクヤ

Passed

Kiraya

Passed

Turn ended!

Turn 12 started!

Battle initiated

タクヤ

Battle declared: Rick Dom against Gundam Barbatos Adapt

Kiraya

Assigned Shiden Custom (Ryusei-Go) to block

Action step

Kiraya

Passed

タクヤ

Passed

Battle started: Rick Dom against Shiden Custom (Ryusei-Go)

Kiraya

Shiden Custom (Ryusei-Go) received 3 damage, now destroyed

タクヤ

Rick Dom received 4 damage, now destroyed

Kiraya

Breach 2 Shield card: Shiden Custom (Ryusei-Go) revealed and discarded

Battle ended

Battle initiated

タクヤ

Battle declared: Char's Zaku Ⅱ against Enemy Player

Char Aznable: Modifier applied to: Char's Zaku Ⅱ

Kiraya

Can't block High-maneuver

Action step

Kiraya

Passed

タクヤ

Passed

Battle started: Char's Zaku Ⅱ against Enemy Shield

Kiraya

Shield card: Zeheart Galette revealed

Shield card added to hand: Zeheart Galette

Battle ended

タクヤ

Zaku Ⅱ deployed

Turn end phase started

Kiraya

Passed

タクヤ

Passed

Turn ended!

Turn 13 started!

Kiraya

Gundam Barbatos Lupus deployed

Activated: Gundam Barbatos Lupus

Gundam Barbatos Lupus, Shiden Custom (Ryusei-Go) and Shiden Custom (Ryusei-Go) exiled from the game

Selecting target for Gundam Barbatos Lupus

Gundam Barbatos Lupus: Dealt 2 damage to Char's Zaku Ⅱ, now destroyed

タクヤ

Selecting target for Char's Zaku Ⅱ

Card added to hand: Zaku Ⅱ

Kiraya

Activated: Gundam Barbatos Lupus

Ryusei-Go (Graze Custom Ⅱ), Gundam Barbatos 1st Form and Gundam Gusion Rebake exiled from the game

Selecting target for Gundam Barbatos Lupus

Gundam Barbatos Lupus: Dealt 2 damage to Zaku Ⅱ, now destroyed

Battle initiated

Kiraya

Battle declared: Gundam Barbatos Adapt against Enemy Player

タクヤ

No blockers available

Action step

タクヤ

Passed

Kiraya

Passed

Battle started: Gundam Barbatos Adapt against Enemy Shield

タクヤ

Shield card: Mikazuki Augus revealed

Shield card added to hand: Mikazuki Augus

Battle ended

Kiraya

Played base: Isaribi

Shield card added to hand

Battle initiated

Kiraya

Battle declared: Gundam Barbatos Adapt against Enemy Player

タクヤ

No blockers available

Action step

タクヤ

Passed

Kiraya

Passed

Battle started: Gundam Barbatos Adapt against Enemy Shield

タクヤ

Shield card: Gundam Barbatos 1st Form revealed and discarded

Battle ended

Turn end phase started

タクヤ

Passed

Kiraya

Passed

Turn ended!

Turn 14 started!

タクヤ

Zaku Ⅱ deployed

Zaku Ⅱ deployed

Paired pilot: Mikazuki Augus on unit Zaku Ⅱ

Selecting target for Mikazuki Augus

Mikazuki Augus: Dealt 1 damage to: Zaku Ⅱ and Gundam Barbatos Adapt

Turn end phase started

Kiraya

Passed

タクヤ

Passed

Turn ended!

Turn 15 started!

Kiraya

Gundam Barbatos 1st Form deployed

Gundam Gusion Rebake deployed

Selecting target for Gundam Gusion Rebake

Gundam Gusion Rebake: Dealt 1 damage to: Gundam Barbatos 1st Form and Zaku Ⅱ

Activated: Gundam Barbatos Lupus

Gundam Barbatos 1st Form, Hyakuren and Gundam Barbatos Adapt exiled from the game

Selecting target for Gundam Barbatos Lupus

Winner!

Game ended!