Mobile Suit Arena - Battle logs
Game started!

DDDRAGON

Choose to play second

Kiraya

Choose to keep starting hand

DDDRAGON

Choose to keep starting hand

Turn 1 started!

Turn end phase started

DDDRAGON

Passed

Kiraya

Passed

Turn ended!

Turn 2 started!

DDDRAGON

0 Gundam deployed

Turn end phase started

Kiraya

Passed

DDDRAGON

Passed

Turn ended!

Turn 3 started!

Kiraya

Graze Custom deployed

Graze Custom deployed

Turn end phase started

DDDRAGON

Passed

Kiraya

Passed

Turn ended!

Turn 4 started!

DDDRAGON

Gundam Kyrios (Flight Mode) deployed

Turn end phase started

Kiraya

Passed

DDDRAGON

Passed

Turn ended!

Turn 5 started!

Battle initiated

Kiraya

Battle declared: Graze Custom against Enemy Player

DDDRAGON

No blockers available

Action step

DDDRAGON

Passed

Kiraya

Passed

Battle started: Graze Custom against EX Base

DDDRAGON

EX Base received 2 damage, leaving 1 HP remaining

Battle ended

Battle initiated

Kiraya

Battle declared: Graze Custom against Enemy Player

DDDRAGON

No blockers available

Action step

DDDRAGON

Passed

Kiraya

Passed

Battle started: Graze Custom against EX Base

DDDRAGON

EX Base received 2 damage, now destroyed

Battle ended

Kiraya

Gundam Barbatos 1st Form deployed

Replaced EX Base base: Minerva

Shield card added to hand

Selecting target for Minerva

Turn end phase started

DDDRAGON

Passed

Kiraya

Passed

Turn ended!

Turn 6 started!

DDDRAGON

Played base: Trinity Warship

Shield card added to hand

Played command: Airframe Seizure

Selecting target for Airframe Seizure

Gundam Exia discarded

Airframe Seizure: Draw 2 cards

Battle initiated

DDDRAGON

Battle declared: Gundam Kyrios (Flight Mode) against Graze Custom

Kiraya

No blockers available

Action step

Kiraya

Passed

DDDRAGON

Passed

Battle started: Gundam Kyrios (Flight Mode) against Graze Custom

Kiraya

Graze Custom received 3 damage, now destroyed

DDDRAGON

Gundam Kyrios (Flight Mode) received 2 damage, now destroyed

Battle ended

Battle initiated

DDDRAGON

Battle declared: 0 Gundam against Graze Custom

Kiraya

No blockers available

Action step

Kiraya

Passed

DDDRAGON

Passed

Battle started: 0 Gundam against Graze Custom

Kiraya

Graze Custom received 2 damage, now destroyed

DDDRAGON

0 Gundam received 2 damage, now destroyed

Battle ended

Turn end phase started

Kiraya

Passed

DDDRAGON

Passed

Turn ended!

Turn 7 started!

Kiraya

Shiden Custom (Ryusei-Go) deployed

Played command: Overflowing Affection

Overflowing Affection: Draw 2 cards

Selecting target for Overflowing Affection

Zeheart Galette discarded

Turn end phase started

DDDRAGON

Passed

Kiraya

Passed

Turn ended!

Turn 8 started!

DDDRAGON

Gundam Exia deployed

Linked pilot: Setsuna F. Seiei on unit Gundam Exia

Battle initiated

DDDRAGON

Battle declared: Gundam Exia against Enemy Player

Setsuna F. Seiei: Modifier applied to: Gundam Exia

Kiraya

Assigned Shiden Custom (Ryusei-Go) to block

Action step

Kiraya

Passed

DDDRAGON

Passed

Battle started: Gundam Exia against Shiden Custom (Ryusei-Go)

Kiraya

Shiden Custom (Ryusei-Go) received 7 damage, now destroyed

DDDRAGON

Gundam Exia received 4 damage, now destroyed

Battle ended

Turn end phase started

Kiraya

Passed

DDDRAGON

Passed

Turn ended!

Turn 9 started!

Kiraya

Shiden Custom (Ryusei-Go) deployed

Graze Custom deployed

Paired pilot: Zeheart Galette on unit Gundam Barbatos 1st Form

Zeheart Galette milled 2: Zeheart Galette and Gundam Flauros (Ryusei-Go) moved to trash

No targets for Zeheart Galette

Battle initiated

Kiraya

Battle declared: Gundam Barbatos 1st Form against Enemy Player

DDDRAGON

No blockers available

Action step

DDDRAGON

Passed

Kiraya

Passed

Battle started: Gundam Barbatos 1st Form against Trinity Warship

DDDRAGON

Trinity Warship received 5 damage, now destroyed

Battle ended

Turn end phase started

DDDRAGON

Passed

Kiraya

Passed

Turn ended!

Turn 10 started!

DDDRAGON

Played base: Trinity Warship

Shield card added to hand

Gundam Kyrios deployed

Linked pilot: Hallelujah Haptism on unit Gundam Kyrios

Battle initiated

DDDRAGON

Battle declared: Gundam Kyrios against Gundam Barbatos 1st Form

Kiraya

Assigned no blocker

Action step

Kiraya

Passed

DDDRAGON

Passed

Battle started: Gundam Kyrios against Gundam Barbatos 1st Form

Kiraya

Gundam Barbatos 1st Form received 5 damage, now destroyed

DDDRAGON

Damage prevented

Gundam Kyrios received 0 damage, leaving 5 HP remaining

Selecting target for Hallelujah Haptism

Battle ended

Turn end phase started

Kiraya

Passed

DDDRAGON

Passed

Turn ended!

Turn 11 started!

Kiraya

Gundam Gusion Rebake deployed

Selecting target for Gundam Gusion Rebake

Gundam Gusion Rebake: Dealt 1 damage to: Graze Custom and Gundam Kyrios

Replaced Minerva base: Isaribi

Shield card added to hand

Activated: Isaribi

Rested base: Isaribi

Isaribi: Modifier applied to: Graze Custom

Battle initiated

Kiraya

Battle declared: Graze Custom against Gundam Kyrios

DDDRAGON

No blockers available

Action step

DDDRAGON

Passed

Kiraya

Passed

Battle started: Graze Custom against Gundam Kyrios

DDDRAGON

Gundam Kyrios received 4 damage, now destroyed

Kiraya

Graze Custom received 5 damage, now destroyed

Battle ended

Kiraya

Linked pilot: Mikazuki Augus on unit Shiden Custom (Ryusei-Go)

Battle initiated

Kiraya

Battle declared: Shiden Custom (Ryusei-Go) against Enemy Player

DDDRAGON

No blockers available

Action step

DDDRAGON

Passed

Kiraya

Passed

Battle started: Shiden Custom (Ryusei-Go) against Trinity Warship

DDDRAGON

Trinity Warship received 6 damage, now destroyed

Battle ended

Turn end phase started

DDDRAGON

Passed

Kiraya

Passed

Turn ended!

Turn 12 started!

DDDRAGON

Gundam Exia deployed

Gundam Kyrios (Flight Mode) deployed

Turn end phase started

Kiraya

Passed

DDDRAGON

Passed

Gundam Exia turn end: 1 resource set as active

Turn ended!

Turn 13 started!

Kiraya

Gundam Flauros (Ryusei-Go) deployed

No targets for Gundam Flauros (Ryusei-Go)

Linked pilot: Mikazuki Augus on unit Gundam Flauros (Ryusei-Go)

Selecting target for Mikazuki Augus

Mikazuki Augus: Dealt 1 damage to: Gundam Gusion Rebake and Gundam Kyrios (Flight Mode)

Battle initiated

Kiraya

Battle declared: Gundam Flauros (Ryusei-Go) against Enemy Player

No targets for Gundam Flauros (Ryusei-Go)

DDDRAGON

No blockers available

Action step

DDDRAGON

Passed

Kiraya

Passed

Battle started: Gundam Flauros (Ryusei-Go) against Enemy Shield

DDDRAGON

Shield card: Gundam Virtue revealed and discarded

Battle ended

Battle initiated

Kiraya

Battle declared: Shiden Custom (Ryusei-Go) against Enemy Player

DDDRAGON

No blockers available

Action step

DDDRAGON

Passed

Kiraya

Passed

Battle started: Shiden Custom (Ryusei-Go) against Enemy Shield

DDDRAGON

Shield card: Setsuna F. Seiei revealed

Shield card added to hand: Setsuna F. Seiei

Battle ended

Battle initiated

Kiraya

Battle declared: Gundam Gusion Rebake against Enemy Player

DDDRAGON

No blockers available

Action step

DDDRAGON

Passed

Kiraya

Passed

Battle started: Gundam Gusion Rebake against Enemy Shield

DDDRAGON

Shield card: Gundam Virtue revealed and discarded

Battle ended

Turn end phase started

DDDRAGON

Passed

Kiraya

Passed

Turn ended!

Turn 14 started!

DDDRAGON

Gundam Exia (Trans-Am) deployed

Linked pilot: Setsuna F. Seiei on unit Gundam Exia (Trans-Am)

Battle initiated

DDDRAGON

Battle declared: Gundam Exia (Trans-Am) against Enemy Player

Setsuna F. Seiei: Modifier applied to: Gundam Exia

Setsuna F. Seiei: Modifier applied to: Gundam Exia (Trans-Am)

Kiraya

No blockers available

Action step

Kiraya

Passed

DDDRAGON

Passed

Battle started: Gundam Exia (Trans-Am) against Isaribi

Kiraya

Isaribi received 9 damage, now destroyed

DDDRAGON

Selecting target for Gundam Exia (Trans-Am)

Battle ended

Battle initiated

DDDRAGON

Battle declared: Gundam Exia against Shiden Custom (Ryusei-Go)

Kiraya

No blockers available

Action step

Kiraya

Passed

DDDRAGON

Passed

Battle started: Gundam Exia against Shiden Custom (Ryusei-Go)

Kiraya

Shiden Custom (Ryusei-Go) received 5 damage, now destroyed

DDDRAGON

Gundam Exia received 6 damage, now destroyed

Battle ended

Turn end phase started

Kiraya

Passed

DDDRAGON

Passed

Turn ended!

Turn 15 started!

Kiraya

Paired pilot: Mikazuki Augus on unit Gundam Gusion Rebake

Selecting target for Mikazuki Augus

Mikazuki Augus: Dealt 1 damage to: Gundam Gusion Rebake and Gundam Exia (Trans-Am)

Battle initiated

Kiraya

Battle declared: Gundam Gusion Rebake against Gundam Exia (Trans-Am)

DDDRAGON

No blockers available

Action step

DDDRAGON

Passed

Kiraya

Passed

Battle started: Gundam Gusion Rebake against Gundam Exia (Trans-Am)

DDDRAGON

Gundam Exia (Trans-Am) received 5 damage, now destroyed

Kiraya

Gundam Gusion Rebake received 8 damage, now destroyed

Battle ended

Turn end phase started

DDDRAGON

Passed

Kiraya

Passed

Turn ended!

Turn 16 started!

DDDRAGON

Gundam Kyrios (Flight Mode) deployed

Gundam Exia Repair deployed

Turn end phase started

Kiraya

Passed

DDDRAGON

Passed

Turn ended!

Turn 17 started!

Kiraya

Graze Custom deployed

Turn end phase started

DDDRAGON

Passed

Kiraya

Passed

Turn ended!

Turn 18 started!

Battle initiated

DDDRAGON

Battle declared: Gundam Exia Repair against Enemy Player

Kiraya

No blockers available

Action step

Kiraya

Passed

DDDRAGON

Passed

Battle started: Gundam Exia Repair against Enemy Shield

Kiraya

Shield card: Gundam Barbatos Adapt revealed and discarded

Battle ended

Battle initiated

DDDRAGON

Battle declared: Gundam Kyrios (Flight Mode) against Enemy Player

Kiraya

No blockers available

Action step

Kiraya

Passed

DDDRAGON

Passed

Battle started: Gundam Kyrios (Flight Mode) against Enemy Shield

Kiraya

Shield card: Gundam Barbatos Adapt revealed and discarded

Battle ended

DDDRAGON

Gundam Kyrios deployed

Linked pilot: Hallelujah Haptism on unit Gundam Kyrios

Battle initiated

DDDRAGON

Battle declared: Gundam Kyrios against Enemy Player

Kiraya

No blockers available

Action step

Kiraya

Passed

DDDRAGON

Passed

Battle started: Gundam Kyrios against Enemy Shield

Kiraya

Shield card: Overflowing Affection revealed and discarded

Battle ended

DDDRAGON

Played command: Decisive Last Resort

Selecting target for Decisive Last Resort

0 Gundam, Gundam Exia, Gundam Virtue, Gundam Virtue, Gundam Exia, Gundam Exia (Trans-Am) exiled from the game

Selecting target for Decisive Last Resort

Decisive Last Resort: destroyed Graze Custom

Turn end phase started

Kiraya

Passed

DDDRAGON

Passed

Turn ended!

Turn 19 started!

Kiraya

Hyakuren deployed

Paired pilot: Mikazuki Augus on unit Hyakuren

Selecting target for Mikazuki Augus

Mikazuki Augus: Dealt 1 damage to: Hyakuren and Gundam Kyrios (Flight Mode)

Turn end phase started

DDDRAGON

Passed

Kiraya

Passed

Turn ended!

Turn 20 started!

Battle initiated

DDDRAGON

Battle declared: Gundam Exia Repair against Enemy Player

Kiraya

No blockers available

Action step

Kiraya

Passed

DDDRAGON

Passed

Battle started: Gundam Exia Repair against Enemy Shield

Kiraya

Shield card: Ryusei-Go (Graze Custom Ⅱ) revealed and discarded

Battle ended

Battle initiated

DDDRAGON

Battle declared: Gundam Kyrios against Enemy Player

Kiraya

No blockers available

Action step

Kiraya

Passed

DDDRAGON

Passed

Battle started: Gundam Kyrios against Enemy Player

Kiraya

No more shields available, game is over!

DDDRAGON

Winner!

Game ended!