Mobile Suit Arena - Battle logs
Game started!

emily

Choose to play second

Kiraya

Choose to keep starting hand

emily

Choose to keep starting hand

Turn 1 started!

Turn end phase started

emily

Passed

Kiraya

Passed

Turn ended!

Turn 2 started!

emily

Zaku Ⅱ deployed

Turn end phase started

Kiraya

Passed

emily

Passed

Turn ended!

Turn 3 started!

Kiraya

Gundam Exia Repair deployed

Gundam Exia Repair deployed

Turn end phase started

emily

Passed

Kiraya

Passed

Turn ended!

Turn 4 started!

Battle initiated

emily

Battle declared: Zaku Ⅱ against Enemy Player

Zaku Ⅱ: Modifier applied to: Zaku Ⅱ

Kiraya

No blockers available

Action step

Kiraya

Passed

emily

Passed

Battle started: Zaku Ⅱ against EX Base

Kiraya

EX Base received 3 damage, now destroyed

Battle ended

emily

Zaku Ⅱ deployed

Graze Custom deployed

Turn end phase started

Kiraya

Passed

emily

Passed

Turn ended!

Turn 5 started!

Battle initiated

Kiraya

Battle declared: Gundam Exia Repair against Zaku Ⅱ

emily

No blockers available

Action step

emily

Passed

Kiraya

Passed

Battle started: Gundam Exia Repair against Zaku Ⅱ

emily

Zaku Ⅱ received 2 damage, now destroyed

Kiraya

Gundam Exia Repair received 1 damage, now destroyed

Gundam Exia Repair milled 2: Ryusei-Go (Graze Custom Ⅱ) and Gundam Barbatos Lupus moved to trash

Battle ended

Kiraya

Gundam Barbatos 1st Form deployed

Turn end phase started

emily

Passed

Kiraya

Passed

Turn ended!

Turn 6 started!

Battle initiated

emily

Battle declared: Graze Custom against Enemy Player

Kiraya

No blockers available

Action step

Kiraya

Passed

emily

Passed

Battle started: Graze Custom against Enemy Shield

Kiraya

Shield card: Minerva revealed

Played base: Minerva

Shield card added to hand

Battle ended

Battle initiated

emily

Battle declared: Zaku Ⅱ against Enemy Player

Zaku Ⅱ: Modifier applied to: Zaku Ⅱ

Kiraya

No blockers available

Action step

Kiraya

Passed

emily

Passed

Battle started: Zaku Ⅱ against Minerva

Kiraya

Minerva received 3 damage, leaving 2 HP remaining

Battle ended

emily

Gundam Barbatos 1st Form deployed

Turn end phase started

Kiraya

Passed

emily

Passed

Turn ended!

Turn 7 started!

Kiraya

Gundam Barbatos Adapt deployed

Selecting target for Gundam Barbatos Adapt

Gundam Barbatos Adapt: Dealt 1 damage to: Gundam Barbatos 1st Form and Gundam Barbatos 1st Form

Linked pilot: Mikazuki Augus on unit Gundam Barbatos 1st Form

Selecting target for Mikazuki Augus

Mikazuki Augus: Dealt 1 damage to: Gundam Barbatos Adapt and Gundam Barbatos 1st Form

Battle initiated

Kiraya

Battle declared: Gundam Exia Repair against Zaku Ⅱ

emily

No blockers available

Action step

emily

Passed

Kiraya

Passed

Battle started: Gundam Exia Repair against Zaku Ⅱ

emily

Zaku Ⅱ received 2 damage, now destroyed

Kiraya

Gundam Exia Repair received 1 damage, now destroyed

Gundam Exia Repair milled 2: Gundam Barbatos 1st Form and Gundam Exia Repair moved to trash

Battle ended

Battle initiated

Kiraya

Battle declared: Gundam Barbatos 1st Form against Enemy Player

Gundam Barbatos 1st Form: Draw a card

emily

No blockers available

Action step

emily

Passed

Kiraya

Passed

Battle started: Gundam Barbatos 1st Form against EX Base

emily

EX Base received 5 damage, now destroyed

Battle ended

Turn end phase started

emily

Passed

Kiraya

Passed

Turn ended!

Turn 8 started!

emily

Hyakuren deployed

Gundam Barbatos Adapt deployed

Selecting target for Gundam Barbatos Adapt

Gundam Barbatos Adapt: Dealt 1 damage to: Graze Custom and Gundam Barbatos Adapt

Battle initiated

emily

Battle declared: Graze Custom against Gundam Barbatos 1st Form

Kiraya

No blockers available

Action step

Kiraya

Passed

emily

Passed

Battle started: Graze Custom against Gundam Barbatos 1st Form

Kiraya

Gundam Barbatos 1st Form received 2 damage, now destroyed

emily

Graze Custom received 5 damage, now destroyed

Battle ended

Turn end phase started

Kiraya

Passed

emily

Passed

Turn ended!

Turn 9 started!

Battle initiated

Kiraya

Battle declared: Gundam Barbatos Adapt against Enemy Player

emily

No blockers available

Action step

emily

Passed

Kiraya

Passed

Battle started: Gundam Barbatos Adapt against Enemy Shield

emily

Shield card: Wing Gundam Zero revealed and discarded

Battle ended

Kiraya

Shiden Custom (Ryusei-Go) deployed

Gundam Barbatos 1st Form deployed

Turn end phase started

emily

Passed

Kiraya

Passed

Turn ended!

Turn 10 started!

Battle initiated

emily

Battle declared: Gundam Barbatos Adapt against Enemy Player

Kiraya

Assigned Shiden Custom (Ryusei-Go) to block

Action step

Kiraya

Passed

emily

Passed

Battle started: Gundam Barbatos Adapt against Shiden Custom (Ryusei-Go)

Kiraya

Shiden Custom (Ryusei-Go) received 2 damage, leaving 1 HP remaining

emily

Gundam Barbatos Adapt received 4 damage, now destroyed

Battle ended

emily

Gundam Gusion Rebake deployed

Selecting target for Gundam Gusion Rebake

Gundam Gusion Rebake: Dealt 1 damage to: Hyakuren and Shiden Custom (Ryusei-Go)

Battle initiated

emily

Battle declared: Hyakuren against Enemy Player

Kiraya

No blockers available

Action step

Kiraya

Passed

emily

Passed

Battle started: Hyakuren against Minerva

Kiraya

Minerva received 4 damage, now destroyed

Battle ended

emily

Graze Custom deployed

Turn end phase started

Kiraya

Passed

emily

Passed

Turn ended!

Turn 11 started!

Kiraya

Gundam Gusion Rebake deployed

Selecting target for Gundam Gusion Rebake

Gundam Gusion Rebake: Dealt 1 damage to: Gundam Barbatos 1st Form and Graze Custom

Battle initiated

Kiraya

Battle declared: Gundam Barbatos Adapt against Hyakuren

emily

Assigned no blocker

Action step

emily

Passed

Kiraya

Passed

Battle started: Gundam Barbatos Adapt against Hyakuren

emily

Hyakuren received 2 damage, now destroyed

Kiraya

Gundam Barbatos Adapt received 4 damage, now destroyed

Battle ended

Kiraya

Gundam Barbatos Adapt deployed

Selecting target for Gundam Barbatos Adapt

Gundam Barbatos Adapt: Dealt 1 damage to: Gundam Barbatos Adapt and Graze Custom

Battle initiated

Kiraya

Battle declared: Gundam Barbatos 1st Form against Enemy Player

Gundam Barbatos 1st Form: Draw a card

emily

Assigned Gundam Gusion Rebake to block

Action step

emily

Passed

Kiraya

Passed

Battle started: Gundam Barbatos 1st Form against Gundam Gusion Rebake

emily

Gundam Gusion Rebake received 3 damage, leaving 2 HP remaining

Kiraya

Gundam Barbatos 1st Form received 3 damage, now destroyed

Battle ended

Turn end phase started

emily

Passed

Kiraya

Passed

Turn ended!

Turn 12 started!

emily

Gundam Barbatos Lupus Rex deployed

Turn end phase started

Kiraya

Passed

emily

Passed

Selecting target for Gundam Barbatos Lupus Rex

Dealt 1 damage to Gundam Barbatos Lupus Rex, leaving 5 HP remaining

Set Active: Gundam Barbatos Lupus Rex

Turn ended!

Turn 13 started!

Kiraya

Gundam Barbatos Lupus deployed

Activated: Gundam Barbatos Lupus

Gundam Barbatos 1st Form, Shiden Custom (Ryusei-Go) and Gundam Barbatos Adapt exiled from the game

Selecting target for Gundam Barbatos Lupus

Gundam Barbatos Lupus: Dealt 2 damage to Gundam Barbatos Lupus Rex, leaving 3 HP remaining

Activated: Gundam Barbatos Lupus

Ryusei-Go (Graze Custom Ⅱ), Gundam Barbatos Lupus and Gundam Barbatos 1st Form exiled from the game

Selecting target for Gundam Barbatos Lupus

Gundam Barbatos Lupus: Dealt 2 damage to Gundam Barbatos Lupus Rex, leaving 1 HP remaining

Linked pilot: Mikazuki Augus on unit Gundam Barbatos Lupus

Selecting target for Mikazuki Augus

Mikazuki Augus: Dealt 1 damage to: Gundam Barbatos Adapt and Gundam Barbatos Lupus Rex

Battle initiated

Kiraya

Battle declared: Gundam Barbatos Adapt against Enemy Player

emily

Assigned no blocker

Action step

emily

Passed

Kiraya

Passed

Battle started: Gundam Barbatos Adapt against Enemy Shield

emily

Shield card: Mikazuki Augus revealed

Shield card added to hand: Mikazuki Augus

Battle ended

Turn end phase started

emily

Passed

Kiraya

Passed

Turn ended!

Turn 14 started!

Battle initiated

emily

Battle declared: Gundam Gusion Rebake against Enemy Player

Kiraya

Assigned no blocker

Action step

Kiraya

Passed

emily

Passed

Battle started: Gundam Gusion Rebake against Enemy Shield

Kiraya

Shield card: Ryusei-Go (Graze Custom Ⅱ) revealed and discarded

Battle ended

emily

Shiden Custom (Ryusei-Go) deployed

Linked pilot: Mikazuki Augus on unit Shiden Custom (Ryusei-Go)

Selecting target for Mikazuki Augus

Mikazuki Augus: Dealt 1 damage to: Gundam Gusion Rebake and Gundam Gusion Rebake

Wing Gundam deployed

Turn end phase started

Kiraya

Passed

emily

Passed

Turn ended!

Turn 15 started!

Kiraya

Gundam Gusion Rebake deployed

Selecting target for Gundam Gusion Rebake

Gundam Gusion Rebake: Dealt 1 damage to: Gundam Barbatos Adapt and Gundam Gusion Rebake

Battle initiated

Kiraya

Battle declared: Gundam Barbatos Adapt against Enemy Player

emily

Assigned no blocker

Action step

emily

Passed

Kiraya

Passed

Battle started: Gundam Barbatos Adapt against Enemy Shield

emily

Shield card: Wing Gundam revealed and discarded

Battle ended

Kiraya

Shiden Custom (Ryusei-Go) deployed

Turn end phase started

emily

Passed

Kiraya

Passed

Turn ended!

Turn 16 started!

Battle initiated

emily

Battle declared: Wing Gundam against Shiden Custom (Ryusei-Go)

Kiraya

Assigned Gundam Gusion Rebake to block

Action step

Kiraya

Passed

emily

Passed

Battle started: Wing Gundam against Gundam Gusion Rebake

Kiraya

Gundam Gusion Rebake received 4 damage, now destroyed

emily

Wing Gundam received 3 damage, leaving 2 HP remaining

Kiraya

Breach 5 Shield card: Hyakuren revealed and discarded

Battle ended

emily

Wing Gundam Zero deployed

Dealt 3 damage to: Shiden Custom (Ryusei-Go), Gundam Barbatos Adapt, Gundam Gusion Rebake and Shiden Custom (Ryusei-Go)

Turn end phase started

Kiraya

Passed

emily

Passed

Turn ended!

Turn 17 started!

Kiraya

Gundam Barbatos Adapt deployed

Selecting target for Gundam Barbatos Adapt

Gundam Barbatos Adapt: Dealt 1 damage to: Gundam Barbatos Adapt and Shiden Custom (Ryusei-Go)

Activated: Gundam Barbatos Lupus

Hyakuren, Gundam Barbatos Adapt and Shiden Custom (Ryusei-Go) exiled from the game

Selecting target for Gundam Barbatos Lupus

Gundam Barbatos Lupus: Dealt 2 damage to Wing Gundam, now destroyed

Gundam Flauros (Ryusei-Go) deployed

No targets for Gundam Flauros (Ryusei-Go)

Linked pilot: Mikazuki Augus on unit Gundam Flauros (Ryusei-Go)

Selecting target for Mikazuki Augus

Mikazuki Augus: Dealt 1 damage to: Gundam Barbatos Adapt and Wing Gundam Zero

Activated: Gundam Barbatos Lupus

Gundam Barbatos 1st Form, Ryusei-Go (Graze Custom Ⅱ) and Gundam Gusion Rebake exiled from the game

Selecting target for Gundam Barbatos Lupus

Gundam Barbatos Lupus: Dealt 2 damage to Wing Gundam Zero, leaving 4 HP remaining

Battle initiated

Kiraya

Battle declared: Gundam Gusion Rebake against Enemy Player

emily

No blockers available

Action step

emily

Passed

Kiraya

Passed

Battle started: Gundam Gusion Rebake against Enemy Shield

emily

Shield card: Giant Killing revealed and discarded

Battle ended

Battle initiated

Kiraya

Battle declared: Gundam Barbatos Lupus against Enemy Player

emily

No blockers available

Action step

emily

Passed

Kiraya

Passed

Battle started: Gundam Barbatos Lupus against Enemy Shield

emily

Shield card: Hyakuren revealed and discarded

Battle ended

Battle initiated

Kiraya

Battle declared: Gundam Flauros (Ryusei-Go) against Enemy Player

No targets for Gundam Flauros (Ryusei-Go)

emily

No blockers available

Action step

emily

Passed

Kiraya

Passed

Battle started: Gundam Flauros (Ryusei-Go) against Enemy Shield

emily

Shield card: Giant Killing revealed and discarded

Battle ended

Turn end phase started

emily

Passed

Kiraya

Passed

Turn ended!

Turn 18 started!

emily

Graze Custom deployed

Linked pilot: Heero Yuy on unit Wing Gundam Zero

Battle initiated

emily

Battle declared: Wing Gundam Zero against Gundam Barbatos Lupus

Kiraya

Can't block High-maneuver

Action step

Kiraya

Passed

emily

Passed

Battle started: Wing Gundam Zero against Gundam Barbatos Lupus

Kiraya

Gundam Barbatos Lupus received 8 damage, now destroyed

emily

Wing Gundam Zero received 7 damage, now destroyed

Battle ended

Turn end phase started

Kiraya

Passed

emily

Passed

Turn ended!

Turn 19 started!

Kiraya

Gundam Barbatos Lupus deployed

Gundam Barbatos Adapt deployed

Selecting target for Gundam Barbatos Adapt

Gundam Barbatos Adapt: Dealt 1 damage to: Gundam Barbatos Adapt and Graze Custom

Battle initiated

Kiraya

Battle declared: Gundam Barbatos Adapt against Enemy Player

emily

No blockers available

Action step

emily

Passed

Kiraya

Passed

Battle started: Gundam Barbatos Adapt against Enemy Player

emily

No more shields available, game is over!

Kiraya

Winner!

Game ended!