Mobile Suit Arena - Battle logs
Game started!

Kiraya

Choose to play first

Choose to mulligan starting hand

cdawg

Choose to keep starting hand

Turn 1 started!

Turn end phase started

cdawg

Passed

Kiraya

Passed

Turn ended!

Turn 2 started!

Turn end phase started

Kiraya

Passed

cdawg

Passed

Turn ended!

Turn 3 started!

Kiraya

Graze Custom deployed

Graze Custom deployed

Turn end phase started

cdawg

Passed

Kiraya

Passed

Turn ended!

Turn 4 started!

cdawg

Gundam Lfrith deployed

Turn end phase started

Kiraya

Passed

cdawg

Passed

Turn ended!

Turn 5 started!

Kiraya

Gundam Barbatos 1st Form deployed

Replaced EX Base base: Minerva

Shield card added to hand

Selecting target for Minerva

Turn end phase started

cdawg

Passed

Kiraya

Passed

Turn ended!

Turn 6 started!

cdawg

Played command: Overflowing Affection

Overflowing Affection: Draw 2 cards

Selecting target for Overflowing Affection

Overflowing Affection discarded

Played command: Striker Pack

Selecting target for Striker Pack

Launcher Strike Gundam deployed

Turn end phase started

Kiraya

Passed

cdawg

Passed

Turn ended!

Turn 7 started!

Kiraya

Shiden Custom (Ryusei-Go) deployed

Linked pilot: Mikazuki Augus on unit Gundam Barbatos 1st Form

Selecting target for Mikazuki Augus

Mikazuki Augus: Dealt 1 damage to: Gundam Barbatos 1st Form and Gundam Lfrith

Turn end phase started

cdawg

Passed

Kiraya

Passed

Turn ended!

Turn 8 started!

cdawg

Played command: Overflowing Affection

Overflowing Affection: Draw 2 cards

Selecting target for Overflowing Affection

Kira Yamato discarded

Gundam Lfrith deployed

Flat (Militia) deployed

Turn end phase started

Kiraya

Passed

cdawg

Passed

Turn ended!

Turn 9 started!

Kiraya

Gundam Flauros (Ryusei-Go) deployed

Selecting target for Gundam Flauros (Ryusei-Go)

Paired pilot: Zeheart Galette on unit Graze Custom

Zeheart Galette milled 2: Shiden Custom (Ryusei-Go) and Gundam Barbatos Adapt moved to trash

Battle initiated

Kiraya

Battle declared: Graze Custom against Enemy Player

cdawg

Assigned no blocker

Action step

cdawg

Passed

Kiraya

Passed

Battle started: Graze Custom against EX Base

cdawg

EX Base received 4 damage, now destroyed

Battle ended

Battle initiated

Kiraya

Battle declared: Gundam Barbatos 1st Form against Enemy Player

Gundam Barbatos 1st Form: Draw a card

cdawg

Assigned Gundam Lfrith to block

Action step

cdawg

Passed

Kiraya

Passed

Battle started: Gundam Barbatos 1st Form against Gundam Lfrith

cdawg

Gundam Lfrith received 5 damage, now destroyed

Kiraya

Gundam Barbatos 1st Form received 2 damage, now destroyed

Battle ended

Turn end phase started

cdawg

Passed

Kiraya

Passed

Turn ended!

Turn 10 started!

cdawg

Aile Strike Gundam deployed

Linked pilot: Kira Yamato on unit Aile Strike Gundam

Selecting target for Aile Strike Gundam

Kiraya

Gundam Flauros (Ryusei-Go) returned to hand

Battle initiated

cdawg

Battle declared: Aile Strike Gundam against Graze Custom

Selecting target for Kira Yamato

Kira Yamato: Modifier applied to: Graze Custom

Kiraya

Assigned no blocker

Action step

Kiraya

Passed

cdawg

Passed

Battle started: Aile Strike Gundam against Graze Custom

Kiraya

Graze Custom received 6 damage, now destroyed

cdawg

Aile Strike Gundam received 2 damage, leaving 3 HP remaining

Battle ended

Turn end phase started

Kiraya

Passed

cdawg

Passed

Turn ended!

Turn 11 started!

Kiraya

Gundam Flauros (Ryusei-Go) deployed

No targets for Gundam Flauros (Ryusei-Go)

Gundam Barbatos 1st Form deployed

Turn end phase started

cdawg

Passed

Kiraya

Passed

Turn ended!

Turn 12 started!

cdawg

Wing Gundam deployed

Gundam Lfrith deployed

Turn end phase started

Kiraya

Passed

cdawg

Passed

Turn ended!

Turn 13 started!

Kiraya

Gundam Gusion Rebake deployed

Selecting target for Gundam Gusion Rebake

Gundam Gusion Rebake: Dealt 1 damage to: Gundam Barbatos 1st Form and Aile Strike Gundam

Battle initiated

Kiraya

Battle declared: Gundam Barbatos 1st Form against Enemy Player

Gundam Barbatos 1st Form: Draw a card

cdawg

Assigned Flat (Militia) to block

Action step

cdawg

Passed

Kiraya

Passed

Battle started: Gundam Barbatos 1st Form against Flat (Militia)

cdawg

Flat (Militia) received 3 damage, leaving 1 HP remaining

Kiraya

Gundam Barbatos 1st Form received 2 damage, now destroyed

Battle ended

Kiraya

Gundam Barbatos Adapt deployed

Selecting target for Gundam Barbatos Adapt

Gundam Barbatos Adapt: Dealt 1 damage to: Gundam Barbatos Adapt and Flat (Militia)

Turn end phase started

cdawg

Passed

Kiraya

Passed

Turn ended!

Turn 14 started!

Battle initiated

cdawg

Battle declared: Aile Strike Gundam against Enemy Player

Selecting target for Kira Yamato

Kira Yamato: Modifier applied to: Shiden Custom (Ryusei-Go)

Kiraya

Assigned Gundam Gusion Rebake to block

Action step

Kiraya

Passed

cdawg

Passed

Battle started: Aile Strike Gundam against Gundam Gusion Rebake

Kiraya

Gundam Gusion Rebake received 6 damage, now destroyed

cdawg

Aile Strike Gundam received 3 damage, now destroyed

Battle ended

Battle initiated

cdawg

Battle declared: Wing Gundam against Gundam Barbatos Adapt

Kiraya

Assigned Shiden Custom (Ryusei-Go) to block

Action step

Kiraya

Passed

cdawg

Passed

Battle started: Wing Gundam against Shiden Custom (Ryusei-Go)

Kiraya

Shiden Custom (Ryusei-Go) received 4 damage, now destroyed

cdawg

Wing Gundam received 4 damage, leaving 1 HP remaining

Kiraya

Breach 5: : Minerva received 5 damage, now destroyed

Battle ended

cdawg

Wing Gundam Zero (EW) deployed

Turn end phase started

Kiraya

Passed

cdawg

Passed

Turn ended!

Turn 15 started!

Kiraya

Gundam Barbatos Lupus deployed

Gundam Barbatos Adapt deployed

Selecting target for Gundam Barbatos Adapt

Gundam Barbatos Adapt: Dealt 1 damage to: Gundam Barbatos Adapt and Wing Gundam

Activated: Gundam Barbatos Lupus

Gundam Barbatos 1st Form, Gundam Gusion Rebake and Shiden Custom (Ryusei-Go) exiled from the game

Selecting target for Gundam Barbatos Lupus

Gundam Barbatos Lupus: Dealt 2 damage to Wing Gundam Zero (EW), leaving 2 HP remaining

Activated: Gundam Barbatos Lupus

Gundam Barbatos Adapt, Graze Custom and Gundam Barbatos 1st Form exiled from the game

Selecting target for Gundam Barbatos Lupus

Gundam Barbatos Lupus: Dealt 2 damage to Wing Gundam Zero (EW), now destroyed

Turn end phase started

cdawg

Passed

Kiraya

Passed

Turn ended!

Turn 16 started!

cdawg

Gundam Heavyarms deployed

Selecting target for Gundam Heavyarms

Returned to deck top

Sword Strike Gundam deployed

Turn end phase started

Kiraya

Passed

cdawg

Passed

Turn ended!

Turn 17 started!

Kiraya

Played base: Isaribi

Shield card added to hand

Activated: Isaribi

Rested base: Isaribi

Isaribi: Modifier applied to: Gundam Barbatos Adapt

Battle initiated

Kiraya

Battle declared: Gundam Barbatos Adapt against Enemy Player

cdawg

Assigned no blocker

Action step

cdawg

Passed

Kiraya

Passed

Battle started: Gundam Barbatos Adapt against Enemy Shield

cdawg

Shield card: Wing Gundam Zero revealed and discarded

Battle ended

Kiraya

Paired pilot: Zeheart Galette on unit Graze Custom

Zeheart Galette milled 2: Overflowing Affection and Gundam Gusion Rebake moved to trash

Battle initiated

Kiraya

Battle declared: Graze Custom against Enemy Player

cdawg

Assigned no blocker

Action step

cdawg

Played action: Graceful Demeanor

Kiraya

Graze Custom and Zeheart Galette returned to hand

Passed

cdawg

Passed

Battle ended

Kiraya

Graze Custom deployed

Paired pilot: Zeheart Galette on unit Gundam Barbatos Adapt

Zeheart Galette milled 2: Hyakuren and Hyakuren moved to trash

Battle initiated

Kiraya

Battle declared: Gundam Barbatos Adapt against Enemy Player

cdawg

Assigned no blocker

Action step

cdawg

Passed

Kiraya

Passed

Battle started: Gundam Barbatos Adapt against Enemy Shield

cdawg

Shield card: Underground Desert Base revealed

Played base: Underground Desert Base

Shield card added to hand

Battle ended

Kiraya

Gundam Barbatos 1st Form deployed

Turn end phase started

cdawg

Passed

Kiraya

Passed

Turn ended!

Turn 18 started!

cdawg

Linked pilot: Kira Yamato on unit Sword Strike Gundam

Battle initiated

cdawg

Battle declared: Sword Strike Gundam against Gundam Barbatos Adapt

Selecting target for Kira Yamato

Kira Yamato: Modifier applied to: Gundam Barbatos Adapt

Selecting target for Sword Strike Gundam

Kiraya

Gundam Barbatos 1st Form returned to hand

No blockers available

Action step

Kiraya

Passed

cdawg

Passed

Battle started: Sword Strike Gundam against Gundam Barbatos Adapt

Kiraya

Gundam Barbatos Adapt received 6 damage, now destroyed

cdawg

Sword Strike Gundam received 2 damage, leaving 2 HP remaining

Battle ended

Battle initiated

cdawg

Battle declared: Gundam Heavyarms against Gundam Barbatos Adapt

Kiraya

No blockers available

Action step

Kiraya

Passed

cdawg

Passed

Battle started: Gundam Heavyarms against Gundam Barbatos Adapt

Kiraya

Gundam Barbatos Adapt received 3 damage, now destroyed

cdawg

Gundam Heavyarms received 2 damage, leaving 2 HP remaining

Battle ended

cdawg

Wing Gundam Zero (EW) deployed

Turn end phase started

Kiraya

Passed

cdawg

Passed

Turn ended!

Turn 19 started!

Kiraya

Activated: Gundam Barbatos Lupus

Hyakuren, Gundam Barbatos Adapt and Gundam Barbatos Adapt exiled from the game

Selecting target for Gundam Barbatos Lupus

Gundam Barbatos Lupus: Dealt 2 damage to Sword Strike Gundam, now destroyed

Activated: Gundam Barbatos Lupus

Shiden Custom (Ryusei-Go), Gundam Gusion Rebake and Hyakuren exiled from the game

Selecting target for Gundam Barbatos Lupus

Gundam Barbatos Lupus: Dealt 2 damage to Wing Gundam Zero (EW), leaving 2 HP remaining

Battle initiated

Kiraya

Battle declared: Graze Custom against Gundam Heavyarms

cdawg

Assigned Gundam Lfrith to block

Action step

cdawg

Passed

Kiraya

Passed

Battle started: Graze Custom against Gundam Lfrith

cdawg

Gundam Lfrith received 2 damage, leaving 2 HP remaining

Kiraya

Graze Custom received 2 damage, now destroyed

Battle ended

Kiraya

Gundam Barbatos 1st Form deployed

Linked pilot: Mikazuki Augus on unit Gundam Barbatos 1st Form

Selecting target for Mikazuki Augus

Mikazuki Augus: Dealt 1 damage to: Gundam Barbatos Lupus and Gundam Lfrith

Activated: Isaribi

Rested base: Isaribi

Isaribi: Modifier applied to: Gundam Barbatos Lupus

Battle initiated

Kiraya

Battle declared: Gundam Barbatos Lupus against Enemy Player

cdawg

Assigned no blocker

Action step

cdawg

Passed

Kiraya

Passed

Battle started: Gundam Barbatos Lupus against Underground Desert Base

cdawg

Underground Desert Base received 7 damage, now destroyed

Battle ended

Battle initiated

Kiraya

Battle declared: Gundam Flauros (Ryusei-Go) against Gundam Lfrith

No targets for Gundam Flauros (Ryusei-Go)

cdawg

Assigned no blocker

Action step

cdawg

Passed

Kiraya

Passed

Battle started: Gundam Flauros (Ryusei-Go) against Gundam Lfrith

cdawg

Gundam Lfrith received 5 damage, now destroyed

Kiraya

Gundam Flauros (Ryusei-Go) received 2 damage, leaving 1 HP remaining

Battle ended

Battle initiated

Kiraya

Battle declared: Gundam Barbatos 1st Form against Enemy Player

cdawg

Assigned no blocker

Action step

cdawg

Passed

Kiraya

Passed

Battle started: Gundam Barbatos 1st Form against Enemy Shield

cdawg

Shield card: Heero Yuy revealed

Shield card added to hand: Heero Yuy

Battle ended

Kiraya

Gundam Barbatos 1st Form deployed

Turn end phase started

cdawg

Passed

Kiraya

Passed

Turn ended!

Turn 20 started!

cdawg

Wing Gundam deployed

Linked pilot: Heero Yuy on unit Wing Gundam

Battle initiated

cdawg

Battle declared: Wing Gundam against Gundam Barbatos Lupus

Kiraya

No blockers available

Action step

Kiraya

Passed

cdawg

Passed

Battle started: Wing Gundam against Gundam Barbatos Lupus

Kiraya

Gundam Barbatos Lupus received 7 damage, now destroyed

cdawg

Wing Gundam received 5 damage, leaving 2 HP remaining

Kiraya

Breach 5: : Isaribi received 5 damage, now destroyed

Battle ended

Battle initiated

cdawg

Battle declared: Wing Gundam Zero (EW) against Enemy Player

Selecting target for Wing Gundam Zero (EW)

Rested unit: Gundam Barbatos 1st Form

Kiraya

No blockers available

Action step

Kiraya

Passed

cdawg

Passed

Battle started: Wing Gundam Zero (EW) against Enemy Shield

Kiraya

Shield cards: Hyakuren and Overflowing Affection revealed and discarded

Battle ended

Battle initiated

cdawg

Battle declared: Gundam Heavyarms against Gundam Barbatos 1st Form

Kiraya

No blockers available

Action step

Kiraya

Passed

cdawg

Passed

Battle started: Gundam Heavyarms against Gundam Barbatos 1st Form

Kiraya

Gundam Barbatos 1st Form received 3 damage, now destroyed

cdawg

Gundam Heavyarms received 5 damage, now destroyed

Battle ended

Battle initiated

cdawg

Battle declared: Gundam Lfrith against Gundam Barbatos 1st Form

Kiraya

No blockers available

Action step

Kiraya

Passed

cdawg

Passed

Battle started: Gundam Lfrith against Gundam Barbatos 1st Form

Kiraya

Gundam Barbatos 1st Form received 2 damage, now destroyed

cdawg

Gundam Lfrith received 3 damage, leaving 1 HP remaining

Battle ended

cdawg

Wing Gundam Zero (EW) deployed

Turn end phase started

Kiraya

Passed

cdawg

Passed

Turn ended!

Turn 21 started!

Kiraya

Played command: Overflowing Affection

Overflowing Affection: Draw 2 cards

Selecting target for Overflowing Affection

Graze Custom discarded

Linked pilot: Mikazuki Augus on unit Gundam Flauros (Ryusei-Go)

Selecting target for Mikazuki Augus

Mikazuki Augus: Dealt 1 damage to: Gundam Flauros (Ryusei-Go) and Gundam Lfrith

Gundam Barbatos Lupus deployed

Activated: Gundam Barbatos Lupus

Gundam Barbatos 1st Form, Gundam Barbatos 1st Form and Graze Custom exiled from the game

Selecting target for Gundam Barbatos Lupus

Gundam Barbatos Lupus: Dealt 2 damage to Wing Gundam, now destroyed

Activated: Gundam Barbatos Lupus

Graze Custom, Gundam Barbatos Lupus and Hyakuren exiled from the game

Selecting target for Gundam Barbatos Lupus

Gundam Barbatos Lupus: Dealt 2 damage to Wing Gundam Zero (EW), now destroyed

Battle initiated

Kiraya

Battle declared: Gundam Flauros (Ryusei-Go) against Enemy Player

No targets for Gundam Flauros (Ryusei-Go)

cdawg

No blockers available

Action step

cdawg

Passed

Kiraya

Passed

Battle started: Gundam Flauros (Ryusei-Go) against Enemy Shield

cdawg

Shield card: Overflowing Affection revealed and discarded

Battle ended

Turn end phase started

cdawg

Passed

Kiraya

Passed

Turn ended!

Turn 22 started!

Battle initiated

cdawg

Battle declared: Wing Gundam Zero (EW) against Gundam Flauros (Ryusei-Go)

Selecting target for Wing Gundam Zero (EW)

Rested unit: Gundam Barbatos Lupus

Kiraya

No blockers available

Action step

Kiraya

Passed

cdawg

Passed

Battle started: Wing Gundam Zero (EW) against Gundam Flauros (Ryusei-Go)

Kiraya

Gundam Flauros (Ryusei-Go) received 5 damage, now destroyed

cdawg

Wing Gundam Zero (EW) received 7 damage, now destroyed

Battle ended

cdawg

Wing Gundam deployed

Turn end phase started

Kiraya

Passed

cdawg

Passed

Turn ended!

Turn 23 started!

Kiraya

Gundam Exia Repair deployed

Battle initiated

Kiraya

Battle declared: Gundam Barbatos Lupus against Enemy Player

cdawg

No blockers available

Action step

cdawg

Passed

Kiraya

Passed

Battle started: Gundam Barbatos Lupus against Enemy Shield

cdawg

Shield card: Wing Gundam revealed and discarded

Battle ended

Turn end phase started

cdawg

Passed

Kiraya

Passed

Turn ended!

Turn 24 started!

Kiraya

Winner!

Game ended!