Mobile Suit Arena - Battle logs
Game started!

ながが

Choose to play first

Choose to mulligan starting hand

Kiraya

Choose to mulligan starting hand

Turn 1 started!

Turn end phase started

Kiraya

Passed

ながが

Passed

Turn ended!

Turn 2 started!

Turn end phase started

ながが

Passed

Kiraya

Passed

Turn ended!

Turn 3 started!

Turn end phase started

Kiraya

Passed

ながが

Passed

Turn ended!

Turn 4 started!

Kiraya

Impulse Gundam deployed

Turn end phase started

ながが

Passed

Kiraya

Passed

Turn ended!

Turn 5 started!

ながが

Rick Dias deployed

Turn end phase started

Kiraya

Passed

ながが

Passed

Turn ended!

Turn 6 started!

Kiraya

Played command: Fatal Strike

Fatal Strike: destroyed Rick Dias

Battle initiated

Kiraya

Battle declared: Impulse Gundam against Enemy Player

ながが

No blockers available

Action step

ながが

Passed

Kiraya

Passed

Battle started: Impulse Gundam against EX Base

ながが

EX Base received 3 damage, now destroyed

Battle ended

Kiraya

Graze Custom deployed

Turn end phase started

ながが

Passed

Kiraya

Passed

Turn ended!

Turn 7 started!

ながが

Gundam Lfrith deployed

Rick Dias deployed

Turn end phase started

Kiraya

Passed

ながが

Passed

Turn ended!

Turn 8 started!

Kiraya

Zoloat (League Militaire) deployed

Impulse Gundam deployed

Turn end phase started

ながが

Passed

Kiraya

Passed

Turn ended!

Turn 9 started!

ながが

Silver Bullet deployed

Gundam Lfrith deployed

Turn end phase started

Kiraya

Passed

ながが

Passed

Turn ended!

Turn 10 started!

Kiraya

Blast Impulse Gundam deployed

Turn end phase started

ながが

Passed

Kiraya

Passed

Turn ended!

Turn 11 started!

ながが

Played base: Argama

Shield card added to hand

Played command: Overflowing Affection

Overflowing Affection: Draw 2 cards

Selecting target for Overflowing Affection

Sword Strike Gundam discarded

Sword Strike Gundam deployed

Turn end phase started

Kiraya

Passed

ながが

Passed

Turn ended!

Turn 12 started!

Battle initiated

Kiraya

Battle declared: Impulse Gundam against Enemy Player

ながが

Assigned no blocker

Action step

ながが

Passed

Kiraya

Passed

Battle started: Impulse Gundam against Argama

ながが

Argama received 3 damage, leaving 2 HP remaining

Battle ended

Battle initiated

Kiraya

Battle declared: Graze Custom against Enemy Player

ながが

Assigned Gundam Lfrith to block

Action step

ながが

Passed

Kiraya

Passed

Battle started: Graze Custom against Gundam Lfrith

ながが

Gundam Lfrith received 2 damage, leaving 2 HP remaining

Kiraya

Graze Custom received 2 damage, now destroyed

Battle ended

Battle initiated

Kiraya

Battle declared: Impulse Gundam against Enemy Player

ながが

Assigned Silver Bullet to block

Action step

ながが

Passed

Kiraya

Passed

Battle started: Impulse Gundam against Silver Bullet

ながが

Silver Bullet received 3 damage, leaving 1 HP remaining

Kiraya

Impulse Gundam received 4 damage, now destroyed

Battle ended

Battle initiated

Kiraya

Battle declared: Zoloat (League Militaire) against Silver Bullet

ながが

Assigned Gundam Lfrith to block

Action step

ながが

Passed

Kiraya

Passed

Battle started: Zoloat (League Militaire) against Gundam Lfrith

ながが

Gundam Lfrith received 3 damage, leaving 1 HP remaining

Kiraya

Zoloat (League Militaire) received 2 damage, now destroyed

Battle ended

Kiraya

Played command: Widespread Annihilation

Widespread Annihilation: destroyed Impulse Gundam, Gundam Lfrith, Rick Dias, Gundam Lfrith and Sword Strike Gundam

Turn end phase started

ながが

Passed

Kiraya

Passed

Turn ended!

Turn 13 started!

ながが

Freedom Gundam deployed

Linked pilot: Kira Yamato on unit Freedom Gundam

Kira Yamato: Draw a card

Selecting target for Freedom Gundam

Freedom Gundam: Modifier applied to: Blast Impulse Gundam

Turn end phase started

Kiraya

Passed

ながが

Passed

Turn ended!

Turn 14 started!

Kiraya

Strike Rouge (Ootori) deployed

Linked pilot: Kira Yamato on unit Strike Rouge (Ootori)

Kira Yamato: Draw a card

Battle initiated

Kiraya

Battle declared: Strike Rouge (Ootori) against Enemy Player

ながが

Assigned no blocker

Action step

ながが

Passed

Kiraya

Passed

Battle started: Strike Rouge (Ootori) against Argama

ながが

Argama received 5 damage, now destroyed

Battle ended

Kiraya

Gundam Flauros (Ryusei-Go) deployed

No targets for Gundam Flauros (Ryusei-Go)

Turn end phase started

ながが

Passed

Kiraya

Passed

Turn ended!

Turn 15 started!

ながが

Played command: Striker Pack

Selecting target for Striker Pack

Sword Strike Gundam deployed

Aile Strike Gundam deployed

Paired pilot: Amuro Ray on unit Aile Strike Gundam

Selecting target for Aile Strike Gundam

Kiraya

Gundam Flauros (Ryusei-Go) returned to hand

ながが

Selecting target for Amuro Ray

Rested unit: Blast Impulse Gundam

Selecting target for Freedom Gundam

Freedom Gundam: Modifier applied to: Strike Rouge (Ootori)

Battle initiated

ながが

Battle declared: Freedom Gundam against Strike Rouge (Ootori)

Kiraya

No blockers available

Action step

Kiraya

Passed

ながが

Passed

Battle started: Freedom Gundam against Strike Rouge (Ootori)

Kiraya

Strike Rouge (Ootori) received 6 damage, now destroyed

ながが

Freedom Gundam received 3 damage, leaving 5 HP remaining

Battle ended

Battle initiated

ながが

Battle declared: Silver Bullet against Blast Impulse Gundam

Kiraya

No blockers available

Action step

Kiraya

Passed

ながが

Passed

Battle started: Silver Bullet against Blast Impulse Gundam

Kiraya

Blast Impulse Gundam received 4 damage, now destroyed

ながが

Silver Bullet received 5 damage, now destroyed

Battle ended

Turn end phase started

Kiraya

Passed

ながが

Passed

Turn ended!

Turn 16 started!

Kiraya

Gundam Flauros (Ryusei-Go) deployed

Selecting target for Gundam Flauros (Ryusei-Go)

Turn end phase started

ながが

Passed

Kiraya

Passed

Turn ended!

Turn 17 started!

ながが

Silver Bullet deployed

Rick Dias deployed

Turn end phase started

Kiraya

Passed

ながが

Passed

Turn ended!

Turn 18 started!

Kiraya

Strike Freedom Gundam deployed

Selecting target for Strike Freedom Gundam

Strike Freedom Gundam: Modifier applied to: Gundam Flauros (Ryusei-Go)

Strike Freedom Gundam: Modifier applied to: Strike Freedom Gundam

Strike Freedom Gundam: chose Gundam Flauros (Ryusei-Go) and Strike Freedom Gundam

Linked pilot: Kira Yamato on unit Strike Freedom Gundam

Kira Yamato: Draw a card

Played command: Fatal Strike

Fatal Strike: destroyed Rick Dias

Battle initiated

Kiraya

Battle declared: Gundam Flauros (Ryusei-Go) against Enemy Player

No targets for Gundam Flauros (Ryusei-Go)

ながが

Assigned no blocker

Action step

ながが

Passed

Kiraya

Passed

Battle started: Gundam Flauros (Ryusei-Go) against Enemy Shield

ながが

Shield card: Argama revealed

Played base: Argama

Shield card added to hand

Kiraya

Strike Freedom Gundam: Draw a card

Battle ended

Battle initiated

Kiraya

Battle declared: Strike Freedom Gundam against Enemy Player

Selecting target for Strike Freedom Gundam

Gundam Barbatos Lupus and Force Impulse Gundam discarded

Selecting target for Strike Freedom Gundam

ながが

Aile Strike Gundam and Amuro Ray returned to deck

Assigned no blocker

Action step

ながが

Passed

Kiraya

Passed

Battle started: Strike Freedom Gundam against Argama

ながが

Argama received 7 damage, now destroyed

Kiraya

Strike Freedom Gundam: Draw a card

Battle ended

Turn end phase started

ながが

Passed

Kiraya

Passed

Turn ended!

Turn 19 started!

ながが

Strike Freedom Gundam deployed

Selecting target for Strike Freedom Gundam

Strike Freedom Gundam: Modifier applied to: Freedom Gundam

Strike Freedom Gundam: Modifier applied to: Strike Freedom Gundam

Strike Freedom Gundam: chose Freedom Gundam and Strike Freedom Gundam

Linked pilot: Kira Yamato on unit Strike Freedom Gundam

Kira Yamato: Draw a card

Played base: Argama

Shield card added to hand

Battle initiated

ながが

Battle declared: Silver Bullet against Gundam Flauros (Ryusei-Go)

Kiraya

No blockers available

Action step

Kiraya

Passed

ながが

Passed

Battle started: Silver Bullet against Gundam Flauros (Ryusei-Go)

Kiraya

Gundam Flauros (Ryusei-Go) received 4 damage, now destroyed

ながが

Silver Bullet received 5 damage, now destroyed

Battle ended

Battle initiated

ながが

Battle declared: Strike Freedom Gundam against Enemy Player

Selecting target for Strike Freedom Gundam

Amuro Ray and Sword Strike Gundam discarded

Selecting target for Strike Freedom Gundam

Kiraya

Strike Freedom Gundam and Kira Yamato returned to deck

No blockers available

Action step

Kiraya

Passed

ながが

Passed

Battle started: Strike Freedom Gundam against EX Base

Kiraya

EX Base received 7 damage, now destroyed

ながが

Strike Freedom Gundam: Draw a card

Battle ended

Battle initiated

ながが

Battle declared: Freedom Gundam against Enemy Player

Kiraya

No blockers available

Action step

Kiraya

Passed

ながが

Passed

Battle started: Freedom Gundam against Enemy Shield

Kiraya

Shield card: Graze Custom revealed and discarded

ながが

Strike Freedom Gundam: Draw a card

Battle ended

ながが

Gundam Lfrith deployed

Turn end phase started

Kiraya

Passed

ながが

Passed

Turn ended!

Turn 20 started!

Kiraya

Gundam Gusion Rebake deployed

Selecting target for Gundam Gusion Rebake

Gundam Gusion Rebake: Dealt 1 damage to: Gundam Gusion Rebake and Freedom Gundam

Gundam Barbatos Lupus deployed

Activated: Gundam Barbatos Lupus

Gundam Barbatos Lupus, Gundam Flauros (Ryusei-Go) and Graze Custom exiled from the game

Selecting target for Gundam Barbatos Lupus

Gundam Barbatos Lupus: Dealt 2 damage to Freedom Gundam, leaving 2 HP remaining

Turn end phase started

ながが

Passed

Kiraya

Passed

Turn ended!

Turn 21 started!

Battle initiated

ながが

Battle declared: Strike Freedom Gundam against Enemy Player

Selecting target for Strike Freedom Gundam

Kira Yamato and Rick Dias discarded

Selecting target for Strike Freedom Gundam

Kiraya

Gundam Gusion Rebake returned to deck

No blockers available

Action step

Kiraya

Passed

ながが

Passed

Battle started: Strike Freedom Gundam against Enemy Shield

Kiraya

Shield card: Gundam Barbatos 1st Form revealed and discarded

Battle ended

Battle initiated

ながが

Battle declared: Freedom Gundam against Enemy Player

Kiraya

No blockers available

Action step

Kiraya

Passed

ながが

Passed

Battle started: Freedom Gundam against Enemy Shield

Kiraya

Shield card: Gundam Barbatos Adapt revealed and discarded

Battle ended

Turn end phase started

Kiraya

Passed

ながが

Passed

Turn ended!

Turn 22 started!

Kiraya

Activated: Gundam Barbatos Lupus

Graze Custom, Gundam Barbatos 1st Form and Gundam Barbatos Adapt exiled from the game

Selecting target for Gundam Barbatos Lupus

Gundam Barbatos Lupus: Dealt 2 damage to Freedom Gundam, now destroyed

Force Impulse Gundam deployed

Gundam Flauros (Ryusei-Go) deployed

No targets for Gundam Flauros (Ryusei-Go)

Graze Custom deployed

Battle initiated

Kiraya

Battle declared: Gundam Barbatos Lupus against Enemy Player

ながが

Assigned no blocker

Action step

ながが

Passed

Kiraya

Passed

Battle started: Gundam Barbatos Lupus against Argama

ながが

Argama received 5 damage, now destroyed

Battle ended

Turn end phase started

ながが

Passed

Kiraya

Passed

Turn ended!

Turn 23 started!

ながが

Freedom Gundam deployed

Paired pilot: Amuro Ray on unit Freedom Gundam

Selecting target for Amuro Ray

Rested unit: Graze Custom

Selecting target for Freedom Gundam

Freedom Gundam: Modifier applied to: Gundam Barbatos Lupus

Battle initiated

ながが

Battle declared: Strike Freedom Gundam against Gundam Barbatos Lupus

Kiraya

No blockers available

Action step

Kiraya

Passed

ながが

Passed

Battle started: Strike Freedom Gundam against Gundam Barbatos Lupus

Kiraya

Gundam Barbatos Lupus received 7 damage, now destroyed

ながが

Strike Freedom Gundam received 3 damage, leaving 5 HP remaining

Battle ended

Battle initiated

ながが

Battle declared: Gundam Lfrith against Graze Custom

Kiraya

No blockers available

Action step

Kiraya

Passed

ながが

Passed

Battle started: Gundam Lfrith against Graze Custom

Kiraya

Graze Custom received 2 damage, now destroyed

ながが

Gundam Lfrith received 2 damage, leaving 2 HP remaining

Battle ended

Turn end phase started

Kiraya

Passed

ながが

Passed

Turn ended!

Turn 24 started!

Kiraya

Gundam Barbatos 1st Form deployed

Battle initiated

Kiraya

Battle declared: Force Impulse Gundam against Strike Freedom Gundam

ながが

Assigned Freedom Gundam to block

Action step

ながが

Passed

Kiraya

Passed

Battle started: Force Impulse Gundam against Freedom Gundam

ながが

Freedom Gundam received 5 damage, leaving 2 HP remaining

Kiraya

Force Impulse Gundam received 6 damage, now destroyed

Selecting target for Force Impulse Gundam

Blast Impulse Gundam returned to hand

Battle ended

Kiraya

Blast Impulse Gundam deployed

Battle initiated

Kiraya

Battle declared: Gundam Flauros (Ryusei-Go) against Strike Freedom Gundam

No targets for Gundam Flauros (Ryusei-Go)

ながが

No blockers available

Action step

ながが

Passed

Kiraya

Passed

Battle started: Gundam Flauros (Ryusei-Go) against Strike Freedom Gundam

ながが

Strike Freedom Gundam received 5 damage, now destroyed

Kiraya

Gundam Flauros (Ryusei-Go) received 7 damage, now destroyed

Battle ended

Turn end phase started

ながが

Passed

Kiraya

Passed

Turn ended!

Turn 25 started!

ながが

Played command: A Show of Resolve

A Show of Resolve: Draw 2 cards

Aile Strike Gundam deployed

Turn end phase started

Kiraya

Passed

ながが

Passed

Turn ended!

Turn 26 started!

Kiraya

Linked pilot: Mikazuki Augus on unit Gundam Barbatos 1st Form

Selecting target for Mikazuki Augus

Mikazuki Augus: Dealt 1 damage to: Gundam Barbatos 1st Form and Aile Strike Gundam

Battle initiated

Kiraya

Battle declared: Gundam Barbatos 1st Form against Enemy Player

Gundam Barbatos 1st Form: Draw a card

ながが

Assigned Gundam Lfrith to block

Action step

ながが

Passed

Kiraya

Passed

Battle started: Gundam Barbatos 1st Form against Gundam Lfrith

ながが

Gundam Lfrith received 5 damage, now destroyed

Kiraya

Gundam Barbatos 1st Form received 2 damage, now destroyed

Battle ended

Kiraya

Played base: Axis

Shield card added to hand

Gundam Barbatos Adapt deployed

Selecting target for Gundam Barbatos Adapt

Gundam Barbatos Adapt: Dealt 1 damage to: Gundam Barbatos Adapt and Freedom Gundam

Turn end phase started

ながが

Passed

Kiraya

Passed

Turn ended!

Turn 27 started!

ながが

Linked pilot: Kira Yamato on unit Aile Strike Gundam

Selecting target for Aile Strike Gundam

Kiraya

Blast Impulse Gundam returned to hand

ながが

Selecting target for Freedom Gundam

Freedom Gundam: Modifier applied to: Gundam Barbatos Adapt

Battle initiated

ながが

Battle declared: Freedom Gundam against Enemy Player

Kiraya

No blockers available

Action step

Kiraya

Passed

ながが

Passed

Battle started: Freedom Gundam against Axis

Kiraya

Axis received 6 damage, now destroyed

Battle ended

ながが

Played command: Striker Pack

Selecting target for Striker Pack

Sword Strike Gundam deployed

Turn end phase started

Kiraya

Passed

ながが

Passed

Turn ended!

Turn 28 started!

Kiraya

Gundam Barbatos Adapt deployed

Selecting target for Gundam Barbatos Adapt

Gundam Barbatos Adapt: Dealt 1 damage to: Gundam Barbatos Adapt and Freedom Gundam

Blast Impulse Gundam deployed

Turn end phase started

ながが

Passed

Kiraya

Passed

Turn ended!

Turn 29 started!

ながが

Gundam deployed

Turn end phase started

Kiraya

Passed

ながが

Passed

Turn ended!

Turn 30 started!

Kiraya

Graze Custom deployed

Turn end phase started

ながが

Passed

Kiraya

Passed

Turn ended!

Turn 31 started!

ながが

Silver Bullet deployed

Turn end phase started

Kiraya

Passed

ながが

Passed

Turn ended!

Turn 32 started!

Kiraya

Paired pilot: Kira Yamato on unit Gundam Barbatos Adapt

Battle initiated

Kiraya

Battle declared: Gundam Barbatos Adapt against Enemy Player

ながが

Assigned no blocker

Action step

ながが

Passed

Kiraya

Passed

Battle started: Gundam Barbatos Adapt against Enemy Shield

ながが

Shield card: Strike Freedom Gundam revealed and discarded

Battle ended

Turn end phase started

ながが

Passed

Kiraya

Passed

Turn ended!

Turn 33 started!

Kiraya

Gundam Barbatos Lupus/Turn ended!