Mobile Suit Arena - Battle logs
Game started!

one

Choose to play second

Kiraya

Choose to keep starting hand

one

Choose to keep starting hand

Turn 1 started!

Turn end phase started

one

Passed

Kiraya

Passed

Turn ended!

Turn 2 started!

Turn end phase started

Kiraya

Passed

one

Passed

Turn ended!

Turn 3 started!

Kiraya

Graze Custom deployed

Graze Custom deployed

Turn end phase started

one

Passed

Kiraya

Passed

Turn ended!

Turn 4 started!

one

Gundam Heavyarms (EW) deployed

Turn end phase started

Kiraya

Passed

one

Passed

Turn ended!

Turn 5 started!

Battle initiated

Kiraya

Battle declared: Graze Custom against Enemy Player

one

No blockers available

Action step

one

Passed

Kiraya

Passed

Battle started: Graze Custom against EX Base

one

EX Base received 2 damage, leaving 1 HP remaining

Battle ended

Battle initiated

Kiraya

Battle declared: Graze Custom against Enemy Player

one

No blockers available

Action step

one

Passed

Kiraya

Passed

Battle started: Graze Custom against EX Base

one

EX Base received 2 damage, now destroyed

Battle ended

Kiraya

Zoloat (League Militaire) deployed

Turn end phase started

one

Passed

Kiraya

Passed

Turn ended!

Turn 6 started!

one

Played command: Overflowing Affection

Overflowing Affection: Draw 2 cards

Selecting target for Overflowing Affection

Altron Gundam (EW) discarded

Noin's Taurus deployed

Activated: Gundam Heavyarms (EW)

Gundam Heavyarms (EW): Modifier applied to: Zoloat (League Militaire)

Battle initiated

one

Battle declared: Gundam Heavyarms (EW) against Graze Custom

Kiraya

Assigned Zoloat (League Militaire) to block

Action step

Kiraya

Passed

one

Passed

Battle started: Gundam Heavyarms (EW) against Zoloat (League Militaire)

Kiraya

Zoloat (League Militaire) received 3 damage, now destroyed

one

Gundam Heavyarms (EW) received 2 damage, leaving 1 HP remaining

Battle ended

Turn end phase started

Kiraya

Passed

one

Passed

Turn ended!

Turn 7 started!

Kiraya

Gundam Barbatos Adapt deployed

Selecting target for Gundam Barbatos Adapt

Gundam Barbatos Adapt: Dealt 1 damage to: Gundam Barbatos Adapt and Gundam Heavyarms (EW)

Linked pilot: Mikazuki Augus on unit Gundam Barbatos Adapt

Selecting target for Mikazuki Augus

Mikazuki Augus: Dealt 1 damage to: Gundam Barbatos Adapt and Noin's Taurus

one

Noin's Taurus: Draw a card

Selecting target for Noin's Taurus

Heero Yuy discarded

Battle initiated

Kiraya

Battle declared: Graze Custom against Enemy Player

one

No blockers available

Action step

one

Passed

Kiraya

Passed

Battle started: Graze Custom against Enemy Shield

one

Shield card: Graceful Demeanor revealed

Shield card: Graceful Demeanor moved to trash

Selecting target for Graceful Demeanor

Kiraya

Graze Custom and Graze Custom returned to hand

Battle ended

Battle initiated

Kiraya

Battle declared: Gundam Barbatos Adapt against Enemy Player

one

No blockers available

Action step

one

Passed

Kiraya

Passed

Battle started: Gundam Barbatos Adapt against Enemy Shield

one

Shield card: Gundam Heavyarms (EW) revealed and discarded

Battle ended

Kiraya

Graze Custom deployed

Turn end phase started

one

Passed

Kiraya

Passed

Turn ended!

Turn 8 started!

one

Gundam Sandrock (EW) deployed

Played command: Overflowing Affection

Overflowing Affection: Draw 2 cards

Selecting target for Overflowing Affection

Overflowing Affection discarded

Turn end phase started

Kiraya

Passed

one

Passed

Turn ended!

Turn 9 started!

Battle initiated

Kiraya

Battle declared: Graze Custom against Enemy Player

one

No blockers available

Action step

one

Passed

Kiraya

Passed

Battle started: Graze Custom against Enemy Shield

one

Shield card: A Show of Resolve revealed and discarded

Battle ended

Battle initiated

Kiraya

Battle declared: Gundam Barbatos Adapt against Enemy Player

one

No blockers available

Action step

one

Passed

Kiraya

Passed

Battle started: Gundam Barbatos Adapt against Enemy Shield

one

Shield card: Quatre Raberba Winner revealed

Shield card added to hand: Quatre Raberba Winner

Battle ended

Kiraya

Hyakuren deployed

Graze Custom deployed

Gundam Barbatos 1st Form deployed

Turn end phase started

one

Passed

Kiraya

Passed

Turn ended!

Turn 10 started!

one

Gundam Heavyarms (EW) deployed

Linked pilot: Quatre Raberba Winner on unit Gundam Sandrock (EW)

Selecting target for Quatre Raberba Winner

Rested unit: Gundam Barbatos 1st Form

Activated: Gundam Heavyarms (EW)

Gundam Heavyarms (EW): Modifier applied to: Gundam Barbatos 1st Form

Battle initiated

one

Battle declared: Gundam Sandrock (EW) against Gundam Barbatos 1st Form

Selecting target for Gundam Sandrock (EW)

Gundam Sandrock (EW): Modifier applied to: Gundam Barbatos 1st Form

Kiraya

No blockers available

Action step

Kiraya

Passed

one

Passed

Battle started: Gundam Sandrock (EW) against Gundam Barbatos 1st Form

Kiraya

Gundam Barbatos 1st Form received 5 damage, now destroyed

one

Gundam Sandrock (EW) received 0 damage, leaving 5 HP remaining

Battle ended

one

Gundam Heavyarms (EW) deployed

Turn end phase started

Kiraya

Passed

one

Passed

Turn ended!

Turn 11 started!

Battle initiated

Kiraya

Battle declared: Graze Custom against Enemy Player

one

No blockers available

Action step

one

Passed

Kiraya

Passed

Battle started: Graze Custom against Enemy Shield

one

Shield card: Gundam Epyon revealed and discarded

Battle ended

Battle initiated

Kiraya

Battle declared: Graze Custom against Enemy Player

one

No blockers available

Action step

one

Played action: Unforeseen Incident

Unforeseen Incident: Modifier applied to: Graze Custom

Kiraya

Passed

one

Passed

Kiraya

Battle started: Graze Custom against Enemy Shield

one

Shield received 0 damage

Battle ended

Battle initiated

Kiraya

Battle declared: Hyakuren against Enemy Player

one

No blockers available

Action step

one

Passed

Kiraya

Passed

Battle started: Hyakuren against Enemy Shield

one

Shield card: Noin's Taurus revealed and discarded

Battle ended

Battle initiated

Kiraya

Battle declared: Gundam Barbatos Adapt against Enemy Player

one

No blockers available

Action step

one

Passed

Kiraya

Passed

Battle started: Gundam Barbatos Adapt against Enemy Player

one

No more shields available, game is over!

Kiraya

Winner!

Game ended!