Mobile Suit Arena - Battle logs
Game started!

sai

Choose to play first

Choose to keep starting hand

Kiraya

Choose to mulligan starting hand

Turn 1 started!

Turn end phase started

Kiraya

Passed

sai

Passed

Turn ended!

Turn 2 started!

Kiraya

Graze Custom deployed

Turn end phase started

sai

Passed

Kiraya

Passed

Turn ended!

Turn 3 started!

sai

Played command: Overflowing Affection

Overflowing Affection: Draw 2 cards

Selecting target for Overflowing Affection

Re-GZ BWS discarded

Turn end phase started

Kiraya

Passed

sai

Passed

Turn ended!

Turn 4 started!

Kiraya

Impulse Gundam deployed

Battle initiated

Kiraya

Battle declared: Graze Custom against Enemy Player

sai

No blockers available

Action step

sai

Passed

Kiraya

Passed

Battle started: Graze Custom against EX Base

sai

EX Base received 2 damage, leaving 1 HP remaining

Battle ended

Turn end phase started

sai

Passed

Kiraya

Passed

Turn ended!

Turn 5 started!

sai

Re-GZ BWS deployed

Placed 1 Resource EX

Turn end phase started

Kiraya

Passed

sai

Passed

Turn ended!

Turn 6 started!

Battle initiated

Kiraya

Battle declared: Graze Custom against Enemy Player

sai

No blockers available

Action step

sai

Passed

Kiraya

Passed

Battle started: Graze Custom against EX Base

sai

EX Base received 2 damage, now destroyed

Battle ended

Kiraya

Gundam Barbatos Adapt deployed

Selecting target for Gundam Barbatos Adapt

Gundam Barbatos Adapt: Dealt 1 damage to: Gundam Barbatos Adapt and Re-GZ BWS

Linked pilot: Mikazuki Augus on unit Gundam Barbatos Adapt

Selecting target for Mikazuki Augus

Mikazuki Augus: Dealt 1 damage to: Impulse Gundam and Re-GZ BWS

Battle initiated

Kiraya

Battle declared: Impulse Gundam against Enemy Player

sai

No blockers available

Action step

sai

Passed

Kiraya

Passed

Battle started: Impulse Gundam against Enemy Shield

sai

Shield card: Nu Gundam revealed and discarded

Battle ended

Battle initiated

Kiraya

Battle declared: Gundam Barbatos Adapt against Enemy Player

sai

No blockers available

Action step

sai

Passed

Kiraya

Passed

Battle started: Gundam Barbatos Adapt against Enemy Shield

sai

Shield card: Nu Gundam revealed and discarded

Battle ended

Turn end phase started

sai

Passed

Kiraya

Passed

Turn ended!

Turn 7 started!

sai

Wing Gundam (Bird Mode) deployed

Placed 1 Resource EX

Linked pilot: Heero Yuy on unit Wing Gundam (Bird Mode)

Battle initiated

sai

Battle declared: Wing Gundam (Bird Mode) against Graze Custom

Kiraya

No blockers available

Action step

Kiraya

Passed

sai

Passed

Battle started: Wing Gundam (Bird Mode) against Graze Custom

Kiraya

Graze Custom received 5 damage, now destroyed

sai

Wing Gundam (Bird Mode) received 2 damage, leaving 2 HP remaining

Battle ended

Turn end phase started

Kiraya

Passed

sai

Passed

Turn ended!

Turn 8 started!

Kiraya

Strike Rouge (Ootori) deployed

Linked pilot: Kira Yamato on unit Strike Rouge (Ootori)

Kira Yamato: Draw a card

Battle initiated

Kiraya

Battle declared: Strike Rouge (Ootori) against Wing Gundam (Bird Mode)

sai

No blockers available

Action step

sai

Passed

Kiraya

Passed

Battle started: Strike Rouge (Ootori) against Wing Gundam (Bird Mode)

sai

Wing Gundam (Bird Mode) received 5 damage, now destroyed

Kiraya

Strike Rouge (Ootori) received 5 damage, leaving 1 HP remaining

Battle ended

Battle initiated

Kiraya

Battle declared: Impulse Gundam against Enemy Player

sai

No blockers available

Action step

sai

Passed

Kiraya

Passed

Battle started: Impulse Gundam against Enemy Shield

sai

Shield card: Overflowing Affection revealed and discarded

Battle ended

Battle initiated

Kiraya

Battle declared: Gundam Barbatos Adapt against Enemy Player

sai

No blockers available

Action step

sai

Passed

Kiraya

Passed

Battle started: Gundam Barbatos Adapt against Enemy Shield

sai

Shield card: Amuro Ray revealed

Shield card added to hand: Amuro Ray

Battle ended

Turn end phase started

sai

Passed

Kiraya

Passed

Turn ended!

Turn 9 started!

sai

Nu Gundam deployed

Linked pilot: Amuro Ray on unit Nu Gundam

Selecting target for Nu Gundam

Re-GZ BWS, Re-GZ BWS and Nu Gundam exiled from the game

Selecting target for Nu Gundam

Battle started: Nu Gundam against Impulse Gundam

Kiraya

Impulse Gundam received 7 damage, now destroyed

sai

Nu Gundam received 3 damage, leaving 4 HP remaining

Healed 2 damage to: Nu Gundam

Kiraya

Breach 5: : EX Base received 5 damage, now destroyed

Battle ended

Battle initiated

sai

Battle declared: Nu Gundam against Gundam Barbatos Adapt

Kiraya

No blockers available

Action step

Kiraya

Passed

sai

Passed

Battle started: Nu Gundam against Gundam Barbatos Adapt

Kiraya

Gundam Barbatos Adapt received 7 damage, now destroyed

sai

Nu Gundam received 4 damage, leaving 2 HP remaining

Healed 2 damage to: Nu Gundam

Kiraya

Breach 5 Shield card: Impulse Gundam revealed and discarded

Battle ended

Turn end phase started

Kiraya

Passed

sai

Passed

Turn ended!

Turn 10 started!

Battle initiated

Kiraya

Battle declared: Strike Rouge (Ootori) against Nu Gundam

sai

No blockers available

Action step

sai

Played action: Unforeseen Incident

Unforeseen Incident: Modifier applied to: Strike Rouge (Ootori)

Kiraya

Passed

sai

Passed

Kiraya

Battle started: Strike Rouge (Ootori) against Nu Gundam

sai

Nu Gundam received 2 damage, leaving 2 HP remaining

Kiraya

Strike Rouge (Ootori) received 7 damage, now destroyed

Battle ended

Kiraya

Gundam Barbatos 1st Form deployed

Graze Custom deployed

Turn end phase started

sai

Passed

Kiraya

Passed

Turn ended!

Turn 11 started!

sai

Wing Gundam deployed

Linked pilot: Heero Yuy on unit Wing Gundam

Battle initiated

sai

Battle declared: Wing Gundam against Gundam Barbatos 1st Form

Kiraya

No blockers available

Action step

Kiraya

Passed

sai

Passed

Battle started: Wing Gundam against Gundam Barbatos 1st Form

Kiraya

Gundam Barbatos 1st Form received 7 damage, now destroyed

sai

Wing Gundam received 3 damage, leaving 4 HP remaining

Kiraya

Breach 5 Shield card: Blast Impulse Gundam revealed and discarded

Battle ended

Battle initiated

sai

Battle declared: Nu Gundam against Enemy Player

Kiraya

No blockers available

Action step

Kiraya

Passed

sai

Passed

Battle started: Nu Gundam against Enemy Shield

Kiraya

Shield card: Axis revealed

Played base: Axis

Shield card added to hand

Battle ended

Turn end phase started

Kiraya

Passed

sai

Passed

Turn ended!

Turn 12 started!

Kiraya

Gundam Barbatos Lupus deployed

Activated: Gundam Barbatos Lupus

Graze Custom, Gundam Barbatos Adapt and Gundam Barbatos 1st Form exiled from the game

Selecting target for Gundam Barbatos Lupus

Gundam Barbatos Lupus: Dealt 2 damage to Nu Gundam, now destroyed

Battle initiated

Kiraya

Battle declared: Graze Custom against Enemy Player

sai

No blockers available

Action step

sai

Passed

Kiraya

Passed

Battle started: Graze Custom against Enemy Shield

sai

Shield card: Heero Yuy revealed

Shield card added to hand: Heero Yuy

Battle ended

Turn end phase started

sai

Passed

Kiraya

Passed

Turn ended!

Turn 13 started!

sai

Strike Gundam deployed

Strike Gundam: Draw a card

Selecting target for Strike Gundam

Amuro Ray discarded

Battle initiated

sai

Battle declared: Wing Gundam against Enemy Player

Kiraya

No blockers available

Action step

Kiraya

Passed

sai

Passed

Battle started: Wing Gundam against Axis

Kiraya

Axis received 7 damage, now destroyed

Battle ended

sai

Wing Gundam deployed

Linked pilot: Heero Yuy on unit Wing Gundam

Battle initiated

sai

Battle declared: Wing Gundam against Graze Custom

Kiraya

No blockers available

Action step

Kiraya

Passed

sai

Passed

Battle started: Wing Gundam against Graze Custom

Kiraya

Graze Custom received 7 damage, now destroyed

sai

Wing Gundam received 2 damage, leaving 5 HP remaining

Kiraya

Breach 5 Shield card: Gundam Barbatos Adapt revealed and discarded

Battle ended

Turn end phase started

Kiraya

Passed

sai

Passed

Turn ended!

Turn 14 started!

Kiraya

Graze Custom deployed

Strike Freedom Gundam deployed

Selecting target for Strike Freedom Gundam

Strike Freedom Gundam: Modifier applied to: Gundam Barbatos Lupus

Strike Freedom Gundam: Modifier applied to: Strike Freedom Gundam

Strike Freedom Gundam: chose Gundam Barbatos Lupus and Strike Freedom Gundam

Linked pilot: Kira Yamato on unit Strike Freedom Gundam

Kira Yamato: Draw a card

Battle initiated

Kiraya

Battle declared: Gundam Barbatos Lupus against Enemy Player

sai

No blockers available

Action step

sai

Passed

Kiraya

Passed

Battle started: Gundam Barbatos Lupus against Enemy Shield

sai

Shield card: Overflowing Affection revealed and discarded

Kiraya

Strike Freedom Gundam: Draw a card

Battle ended

Kiraya

Winner!

Game ended!