Mobile Suit Arena - Battle logs
Game started!

Kiraya

Choose to play second

Choose to mulligan starting hand

soulnate

Choose to keep starting hand

Turn 1 started!

Turn end phase started

Kiraya

Passed

soulnate

Passed

Turn ended!

Turn 2 started!

Kiraya

Graze Custom deployed

Turn end phase started

soulnate

Passed

Kiraya

Passed

Turn ended!

Turn 3 started!

soulnate

Guntank deployed

No targets for Guntank

Turn end phase started

Kiraya

Passed

soulnate

Passed

Turn ended!

Turn 4 started!

Kiraya

Hyakuren deployed

Turn end phase started

soulnate

Passed

Kiraya

Passed

Turn ended!

Turn 5 started!

soulnate

Impulse Gundam deployed

Turn end phase started

Kiraya

Passed

soulnate

Passed

Turn ended!

Turn 6 started!

Battle initiated

Kiraya

Battle declared: Hyakuren against Enemy Player

soulnate

No blockers available

Action step

soulnate

Passed

Kiraya

Passed

Battle started: Hyakuren against EX Base

soulnate

EX Base received 4 damage, now destroyed

Battle ended

Battle initiated

Kiraya

Battle declared: Graze Custom against Enemy Player

soulnate

No blockers available

Action step

soulnate

Passed

Kiraya

Passed

Battle started: Graze Custom against Enemy Shield

soulnate

Shield card: Amuro Ray revealed

Shield card added to hand: Amuro Ray

Battle ended

Kiraya

Played command: Overflowing Affection

Overflowing Affection: Draw 2 cards

Selecting target for Overflowing Affection

Overflowing Affection discarded

Played command: Overflowing Affection

Overflowing Affection: Draw 2 cards

Selecting target for Overflowing Affection

Isaribi discarded

Replaced EX Base base: Isaribi

Shield card added to hand

Turn end phase started

soulnate

Passed

Kiraya

Passed

Turn ended!

Turn 7 started!

soulnate

Gundam deployed

Linked pilot: Amuro Ray on unit Gundam

Selecting target for Amuro Ray

Already rested unit: Hyakuren

Battle initiated

soulnate

Battle declared: Gundam against Enemy Player

Kiraya

No blockers available

Action step

Kiraya

Passed

soulnate

Passed

Battle started: Gundam against Isaribi

Kiraya

Isaribi received 6 damage, now destroyed

Battle ended

Battle initiated

soulnate

Battle declared: Guntank against Enemy Player

Kiraya

No blockers available

Action step

Kiraya

Passed

soulnate

Passed

Battle started: Guntank against Enemy Shield

Kiraya

Shield card: Hyakuren revealed and discarded

Battle ended

Battle initiated

soulnate

Battle declared: Impulse Gundam against Enemy Player

Kiraya

No blockers available

Action step

Kiraya

Passed

soulnate

Passed

Battle started: Impulse Gundam against Enemy Shield

Kiraya

Shield card: Graze Custom revealed and discarded

Battle ended

Turn end phase started

Kiraya

Passed

soulnate

Passed

Turn ended!

Turn 8 started!

Kiraya

Gundam Barbatos 1st Form deployed

Linked pilot: Mikazuki Augus on unit Gundam Barbatos 1st Form

Selecting target for Mikazuki Augus

Mikazuki Augus: Dealt 1 damage to: Gundam Barbatos 1st Form and Impulse Gundam

Battle initiated

Kiraya

Battle declared: Graze Custom against Impulse Gundam

soulnate

No blockers available

Action step

soulnate

Passed

Kiraya

Passed

Battle started: Graze Custom against Impulse Gundam

soulnate

Impulse Gundam received 2 damage, now destroyed

Kiraya

Graze Custom received 3 damage, now destroyed

Battle ended

Battle initiated

Kiraya

Battle declared: Hyakuren against Guntank

soulnate

No blockers available

Action step

soulnate

Passed

Kiraya

Passed

Battle started: Hyakuren against Guntank

soulnate

Guntank received 4 damage, now destroyed

Kiraya

Hyakuren received 1 damage, leaving 2 HP remaining

Battle ended

Battle initiated

Kiraya

Battle declared: Gundam Barbatos 1st Form against Gundam

Gundam Barbatos 1st Form: Draw a card

soulnate

No blockers available

Action step

soulnate

Passed

Kiraya

Passed

Battle started: Gundam Barbatos 1st Form against Gundam

soulnate

Gundam received 5 damage, now destroyed

Kiraya

Gundam Barbatos 1st Form received 5 damage, now destroyed

Battle ended

Kiraya

Gundam Exia Repair deployed

Turn end phase started

soulnate

Passed

Kiraya

Passed

Turn ended!

Turn 9 started!

soulnate

Gundam NT-1 deployed

Linked pilot: Amuro Ray on unit Gundam NT-1

Selecting target for Amuro Ray

Rested unit: Gundam Exia Repair

Selecting target for Gundam NT-1

Gundam NT-1: Dealt 1 damage to Gundam Exia Repair, now destroyed

Gundam NT-1: Draw a card

Kiraya

Gundam Exia Repair milled 2: Gundam Barbatos Lupus and Gundam Gusion Rebake moved to trash

Battle initiated

soulnate

Battle declared: Gundam NT-1 against Hyakuren

Kiraya

No blockers available

Action step

Kiraya

Passed

soulnate

Passed

Battle started: Gundam NT-1 against Hyakuren

Kiraya

Hyakuren received 6 damage, now destroyed

soulnate

Gundam NT-1 received 4 damage, leaving 1 HP remaining

Battle ended

Turn end phase started

Kiraya

Passed

soulnate

Passed

Gundam NT-1 repaired 2 from [Repair 2]

Turn ended!

Turn 10 started!

Kiraya

Gundam Barbatos Adapt deployed

Selecting target for Gundam Barbatos Adapt

Gundam Barbatos Adapt: Dealt 1 damage to: Gundam Barbatos Adapt and Gundam NT-1

Gundam Barbatos Adapt deployed

Selecting target for Gundam Barbatos Adapt

Gundam Barbatos Adapt: Dealt 1 damage to: Gundam Barbatos Adapt and Gundam NT-1

Linked pilot: Mikazuki Augus on unit Gundam Barbatos Adapt

Selecting target for Mikazuki Augus

Mikazuki Augus: Dealt 1 damage to: Gundam Barbatos Adapt and Gundam NT-1

Battle initiated

Kiraya

Battle declared: Gundam Barbatos Adapt against Enemy Player

soulnate

No blockers available

Action step

soulnate

Passed

Kiraya

Passed

Battle started: Gundam Barbatos Adapt against Enemy Shield

soulnate

Shield card: Gundam Exia Repair revealed and discarded

Battle ended

Turn end phase started

soulnate

Passed

Kiraya

Passed

Turn ended!

Turn 11 started!

soulnate

Blast Impulse Gundam deployed

Blast Impulse Gundam deployed

Turn end phase started

Kiraya

Passed

soulnate

Passed

Turn ended!

Turn 12 started!

Kiraya

Gundam Barbatos Lupus deployed

Activated: Gundam Barbatos Lupus

Gundam Barbatos Lupus, Gundam Gusion Rebake and Hyakuren exiled from the game

Selecting target for Gundam Barbatos Lupus

Gundam Barbatos Lupus: Dealt 2 damage to Blast Impulse Gundam, leaving 1 HP remaining

Activated: Gundam Barbatos Lupus

Graze Custom, Graze Custom and Gundam Barbatos 1st Form exiled from the game

Selecting target for Gundam Barbatos Lupus

Gundam Barbatos Lupus: Dealt 2 damage to Blast Impulse Gundam, now destroyed

Battle initiated

Kiraya

Battle declared: Gundam Barbatos Adapt against Enemy Player

soulnate

Assigned Blast Impulse Gundam to block

Action step

soulnate

Passed

Kiraya

Passed

Battle started: Gundam Barbatos Adapt against Blast Impulse Gundam

soulnate

Blast Impulse Gundam received 2 damage, leaving 1 HP remaining

Kiraya

Gundam Barbatos Adapt received 5 damage, now destroyed

Battle ended

Battle initiated

Kiraya

Battle declared: Gundam Barbatos Adapt against Enemy Player

soulnate

No blockers available

Action step

soulnate

Passed

Kiraya

Passed

Battle started: Gundam Barbatos Adapt against Enemy Shield

soulnate

Shield card: Gundam Exia Repair revealed and discarded

Battle ended

Kiraya

Graze Custom deployed

Turn end phase started

soulnate

Passed

Kiraya

Passed

Turn ended!

Turn 13 started!

soulnate

Played command: A Show of Resolve

A Show of Resolve: Draw 2 cards

Paired pilot: Amuro Ray on unit Blast Impulse Gundam

Selecting target for Amuro Ray

Rested unit: Gundam Barbatos Lupus

Battle initiated

soulnate

Battle declared: Blast Impulse Gundam against Gundam Barbatos Lupus

Kiraya

No blockers available

Action step

Kiraya

Passed

soulnate

Passed

Battle started: Blast Impulse Gundam against Gundam Barbatos Lupus

Kiraya

Gundam Barbatos Lupus received 7 damage, now destroyed

soulnate

Blast Impulse Gundam received 5 damage, now destroyed

Battle ended

soulnate

Played base: Minerva

Shield card added to hand

Selecting target for Minerva

Turn end phase started

Kiraya

Passed

soulnate

Passed

Turn ended!

Turn 14 started!

Battle initiated

Kiraya

Battle declared: Gundam Barbatos Adapt against Enemy Player

soulnate

No blockers available

Action step

soulnate

Passed

Kiraya

Passed

Battle started: Gundam Barbatos Adapt against Minerva

soulnate

Minerva received 4 damage, leaving 1 HP remaining

Battle ended

Battle initiated

Kiraya

Battle declared: Graze Custom against Enemy Player

soulnate

No blockers available

Action step

soulnate

Passed

Kiraya

Passed

Battle started: Graze Custom against Minerva

soulnate

Minerva received 2 damage, now destroyed

Battle ended

Kiraya

Gundam Barbatos Lupus Rex deployed

Gundam Exia Repair deployed

Turn end phase started

soulnate

Passed

Kiraya

Passed

Selecting target for Gundam Barbatos Lupus Rex

Dealt 1 damage to Gundam Barbatos Adapt, leaving 3 HP remaining

Set Active: Gundam Barbatos Adapt

Turn ended!

Turn 15 started!

soulnate

Rey's Blaze Zaku Phantom deployed

Linked pilot: Rey Za Burrel on unit Rey's Blaze Zaku Phantom

Selecting target for Rey Za Burrel

Rey Za Burrel: Modifier applied to: Rey's Blaze Zaku Phantom

Battle initiated

soulnate

Battle declared: Rey's Blaze Zaku Phantom against Graze Custom

Kiraya

No blockers available

Action step

Kiraya

Passed

soulnate

Passed

Battle started: Rey's Blaze Zaku Phantom against Graze Custom

Kiraya

Graze Custom received 5 damage, now destroyed

soulnate

Rey's Blaze Zaku Phantom received 2 damage, reduced by 3, leaving 5 HP remaining

Battle ended

soulnate

Blast Impulse Gundam deployed

Turn end phase started

Kiraya

Passed

soulnate

Passed

Turn ended!

Turn 16 started!

Kiraya

Gundam Barbatos 1st Form deployed

Linked pilot: Mikazuki Augus on unit Gundam Barbatos 1st Form

Selecting target for Mikazuki Augus

Mikazuki Augus: Dealt 1 damage to: Gundam Barbatos 1st Form and Rey's Blaze Zaku Phantom (reduced by 1)

Battle initiated

Kiraya

Battle declared: Gundam Barbatos Adapt against Rey's Blaze Zaku Phantom

soulnate

Assigned no blocker

Action step

soulnate

Passed

Kiraya

Passed

Battle started: Gundam Barbatos Adapt against Rey's Blaze Zaku Phantom

soulnate

Rey's Blaze Zaku Phantom received 4 damage, leaving 1 HP remaining

Kiraya

Gundam Barbatos Adapt received 5 damage, now destroyed

Battle ended

Battle initiated

Kiraya

Battle declared: Gundam Barbatos 1st Form against Enemy Player

Gundam Barbatos 1st Form: Draw a card

soulnate

Assigned Blast Impulse Gundam to block

Action step

soulnate

Passed

Kiraya

Passed

Battle started: Gundam Barbatos 1st Form against Blast Impulse Gundam

soulnate

Blast Impulse Gundam received 5 damage, now destroyed

Kiraya

Gundam Barbatos 1st Form received 5 damage, now destroyed

Battle ended

Battle initiated

Kiraya

Battle declared: Gundam Exia Repair against Rey's Blaze Zaku Phantom

soulnate

No blockers available

Action step

soulnate

Passed

Kiraya

Passed

Battle started: Gundam Exia Repair against Rey's Blaze Zaku Phantom

soulnate

Rey's Blaze Zaku Phantom received 2 damage, now destroyed

Kiraya

Gundam Exia Repair received 5 damage, now destroyed

Gundam Exia Repair milled 2: Shiden Custom (Ryusei-Go) and Shiden Custom (Ryusei-Go) moved to trash

Battle ended

Battle initiated

Kiraya

Battle declared: Gundam Barbatos Lupus Rex against Enemy Player

soulnate

No blockers available

Action step

soulnate

Passed

Kiraya

Passed

Battle started: Gundam Barbatos Lupus Rex against Enemy Shield

soulnate

Shield card: Minerva revealed

Played base: Minerva

Shield card added to hand

Battle ended

Kiraya

Gundam Flauros (Ryusei-Go) deployed

No targets for Gundam Flauros (Ryusei-Go)

Turn end phase started

soulnate

Passed

Kiraya

Passed

Selecting target for Gundam Barbatos Lupus Rex

Dealt 1 damage to Gundam Barbatos Lupus Rex, leaving 5 HP remaining

Set Active: Gundam Barbatos Lupus Rex

Turn ended!

Turn 17 started!

Kiraya

Winner!

Game ended!