Mobile Suit Arena - Battle logs
Game started!

Kiraya

Choose to play second

Choose to mulligan starting hand

Sheldon

Choose to mulligan starting hand

Turn 1 started!

Sheldon

Played command: Airframe Seizure

Selecting target for Airframe Seizure

Shining Finger discarded

Airframe Seizure: Draw 2 cards

Turn end phase started

Kiraya

Passed

Sheldon

Passed

Turn ended!

Turn 2 started!

Kiraya

Graze Custom deployed

Turn end phase started

Sheldon

Passed

Kiraya

Passed

Turn ended!

Turn 3 started!

Sheldon

Played command: Overflowing Affection

Overflowing Affection: Draw 2 cards

Selecting target for Overflowing Affection

Master Gundam discarded

Shining Gundam deployed

Turn end phase started

Kiraya

Passed

Sheldon

Passed

Turn ended!

Turn 4 started!

Kiraya

Hyakuren deployed

Turn end phase started

Sheldon

Passed

Kiraya

Passed

Turn ended!

Turn 5 started!

Sheldon

Played command: Overflowing Affection

Overflowing Affection: Draw 2 cards

Selecting target for Overflowing Affection

Unicorn Gundam (Awakened) discarded

Turn end phase started

Kiraya

Passed

Sheldon

Passed

Turn ended!

Turn 6 started!

Kiraya

Gundam Barbatos Adapt deployed

Selecting target for Gundam Barbatos Adapt

Gundam Barbatos Adapt: Dealt 1 damage to: Gundam Barbatos Adapt and Shining Gundam

Linked pilot: Mikazuki Augus on unit Gundam Barbatos Adapt

Selecting target for Mikazuki Augus

Mikazuki Augus: Dealt 1 damage to: Gundam Barbatos Adapt and Shining Gundam

Battle initiated

Kiraya

Battle declared: Hyakuren against Enemy Player

Sheldon

No blockers available

Action step

Sheldon

Passed

Kiraya

Passed

Battle started: Hyakuren against EX Base

Sheldon

EX Base received 4 damage, now destroyed

Battle ended

Battle initiated

Kiraya

Battle declared: Graze Custom against Enemy Player

Sheldon

No blockers available

Action step

Sheldon

Passed

Kiraya

Passed

Battle started: Graze Custom against Enemy Shield

Sheldon

Shield card: Argama revealed

Played base: Argama

Shield card added to hand

Battle ended

Battle initiated

Kiraya

Battle declared: Gundam Barbatos Adapt against Enemy Player

Sheldon

No blockers available

Action step

Sheldon

Passed

Kiraya

Passed

Battle started: Gundam Barbatos Adapt against Argama

Sheldon

Argama received 4 damage, leaving 1 HP remaining

Battle ended

Turn end phase started

Sheldon

Passed

Kiraya

Passed

Turn ended!

Turn 7 started!

Sheldon

Shining Gundam deployed

Selecting target for Shining Gundam

Master Gundam and Shining Gundam exiled from the game

Selecting target for Shining Gundam

Shining Finger returned to hand

Linked pilot: Domon Kasshu on unit Shining Gundam

Domon Kasshu: Draw a card

Selecting target for Domon Kasshu

Shining Finger discarded

Selecting target for Domon Kasshu

Selecting target for Shining Finger

Already rested unit: Hyakuren

Selecting target for Shining Finger

Shining Finger: Modifier applied to: Shining Gundam

Battle initiated

Sheldon

Battle declared: Shining Gundam against Gundam Barbatos Adapt

Shining Gundam: 1 resource set as active

Kiraya

No blockers available

Action step

Kiraya

Passed

Sheldon

Played action: Darkness Finger

Darkness Finger: Dealt 2 damage to Graze Custom, now destroyed

Kiraya

Passed

Sheldon

Passed

Battle started: Shining Gundam against Gundam Barbatos Adapt

Kiraya

Gundam Barbatos Adapt received 5 damage, now destroyed

Sheldon

Damage prevented

Shining Gundam received 0 damage, leaving 5 HP remaining

Battle ended

Turn end phase started

Kiraya

Passed

Sheldon

Passed

Turn ended!

Turn 8 started!

Kiraya

Hyakuren deployed

Played command: Overflowing Affection

Overflowing Affection: Draw 2 cards

Selecting target for Overflowing Affection

Gundam Barbatos 1st Form discarded

Battle initiated

Kiraya

Battle declared: Hyakuren against Enemy Player

Sheldon

No blockers available

Action step

Sheldon

Passed

Kiraya

Passed

Battle started: Hyakuren against Argama

Sheldon

Argama received 4 damage, now destroyed

Battle ended

Turn end phase started

Sheldon

Passed

Kiraya

Passed

Turn ended!

Turn 9 started!

Sheldon

Gundam Maxter deployed

Played command: Cyclone Punch

Cyclone Punch: Modifier applied to: Hyakuren

Selecting target for Cyclone Punch

Linked pilot: Chibodee Crocket on unit Gundam Maxter

Battle initiated

Sheldon

Battle declared: Gundam Maxter against Hyakuren

Selecting target for Cyclone Punch

Cyclone Punch: Modifier applied to: Hyakuren

Kiraya

No blockers available

Action step

Kiraya

Passed

Sheldon

Passed

Battle started: Gundam Maxter against Hyakuren

Kiraya

Hyakuren received 4 damage, now destroyed

Sheldon

Gundam Maxter received 0 damage, leaving 3 HP remaining

Selecting target for Gundam Maxter

Card added to hand: Darkness Finger

Battle ended

Battle initiated

Sheldon

Battle declared: Shining Gundam against Enemy Player

Shining Gundam: 1 resource set as active

Kiraya

No blockers available

Action step

Kiraya

Passed

Sheldon

Passed

Battle started: Shining Gundam against EX Base

Kiraya

EX Base received 5 damage, now destroyed

Battle ended

Sheldon

Silver Bullet deployed

Turn end phase started

Kiraya

Passed

Sheldon

Passed

Turn ended!

Turn 10 started!

Kiraya

Gundam Gusion Rebake deployed

Selecting target for Gundam Gusion Rebake

Gundam Gusion Rebake: Dealt 1 damage to: Hyakuren and Shining Gundam

Played base: Isaribi

Shield card added to hand

Activated: Isaribi

Rested base: Isaribi

Isaribi: Modifier applied to: Hyakuren

Battle initiated

Kiraya

Battle declared: Hyakuren against Shining Gundam

Sheldon

Assigned no blocker

Action step

Sheldon

Passed

Kiraya

Passed

Battle started: Hyakuren against Shining Gundam

Sheldon

Shining Gundam received 6 damage, now destroyed

Kiraya

Hyakuren received 5 damage, now destroyed

Battle ended

Turn end phase started

Sheldon

Passed

Kiraya

Passed

Turn ended!

Turn 11 started!

Sheldon

Rising Gundam deployed

Played action: Darkness Finger

Darkness Finger: Dealt 2 damage to Gundam Gusion Rebake, leaving 3 HP remaining

Linked pilot: Master Asia on unit Rising Gundam

Selecting target for Rising Gundam

Rested unit: Gundam Gusion Rebake

Battle initiated

Sheldon

Battle declared: Rising Gundam against Enemy Player

Selecting target for Master Asia

Rising Gundam: Dealt 2 damage to Gundam Gusion Rebake, leaving 1 HP remaining

Kiraya

No blockers available

Action step

Kiraya

Passed

Sheldon

Passed

Battle started: Rising Gundam against Isaribi

Kiraya

Isaribi received 6 damage, now destroyed

Battle ended

Battle initiated

Sheldon

Battle declared: Gundam Maxter against Gundam Gusion Rebake

Selecting target for Cyclone Punch

Cyclone Punch: Modifier applied to: Gundam Gusion Rebake

Kiraya

No blockers available

Action step

Kiraya

Passed

Sheldon

Passed

Battle started: Gundam Maxter against Gundam Gusion Rebake

Kiraya

Gundam Gusion Rebake received 4 damage, now destroyed

Sheldon

Gundam Maxter received 1 damage, leaving 2 HP remaining

Selecting target for Gundam Maxter

Battle ended

Turn end phase started

Kiraya

Passed

Sheldon

Passed

Turn ended!

Turn 12 started!

Kiraya

Gundam Flauros (Ryusei-Go) deployed

No targets for Gundam Flauros (Ryusei-Go)

Gundam Barbatos 1st Form deployed

Graze Custom deployed

Turn end phase started

Sheldon

Passed

Kiraya

Passed

Turn ended!

Turn 13 started!

Sheldon

Master Gundam deployed

Played action: Darkness Finger

Darkness Finger: Dealt 2 damage to Gundam Barbatos 1st Form, now destroyed

Darkness Finger: Draw a card

Played action: Shining Finger

Rested unit: Gundam Flauros (Ryusei-Go)

Battle initiated

Sheldon

Battle declared: Gundam Maxter against Gundam Flauros (Ryusei-Go)

Selecting target for Cyclone Punch

Cyclone Punch: Modifier applied to: Graze Custom

Kiraya

No blockers available

Action step

Kiraya

Passed

Sheldon

Passed

Battle started: Gundam Maxter against Gundam Flauros (Ryusei-Go)

Kiraya

Gundam Flauros (Ryusei-Go) received 4 damage, now destroyed

Sheldon

Gundam Maxter received 5 damage, now destroyed

Selecting target for Gundam Maxter

Card added to hand: Darkness Finger

Battle ended

Battle initiated

Sheldon

Battle declared: Rising Gundam against Enemy Player

Selecting target for Master Asia

Rising Gundam: Dealt 2 damage to Graze Custom, now destroyed

Kiraya

No blockers available

Action step

Kiraya

Passed

Sheldon

Passed

Battle started: Rising Gundam against Enemy Shield

Kiraya

Shield card: Gundam Barbatos Adapt revealed and discarded

Battle ended

Turn end phase started

Kiraya

Passed

Sheldon

Passed

Turn ended!

Turn 14 started!

Kiraya

Played base: Isaribi

Shield card added to hand

Gundam Barbatos Lupus Rex deployed

Turn end phase started

Sheldon

Passed

Kiraya

Passed

Selecting target for Gundam Barbatos Lupus Rex

Turn ended!

Turn 15 started!

Sheldon

Played action: Darkness Finger

Darkness Finger: Dealt 2 damage to Gundam Barbatos Lupus Rex, leaving 4 HP remaining

Darkness Finger: Draw a card

Shining Gundam deployed

Selecting target for Shining Gundam

Shining Gundam and Gundam Maxter exiled from the game

Selecting target for Shining Gundam

Darkness Finger returned to hand

Played action: Darkness Finger

Darkness Finger: Dealt 2 damage to Gundam Barbatos Lupus Rex, leaving 2 HP remaining

Darkness Finger: Draw a card

Battle initiated

Sheldon

Battle declared: Master Gundam against Enemy Player

Selecting target for Master Gundam

Shining Finger and Darkness Finger exiled from the game

Kiraya

Isaribi received 5 damage, now destroyed

No blockers available

Action step

Kiraya

Passed

Sheldon

Passed

Battle started: Master Gundam against Enemy Shield

Kiraya

Shield card: Gundam Exia Repair revealed and discarded

Battle ended

Battle initiated

Sheldon

Battle declared: Rising Gundam against Enemy Player

Selecting target for Master Asia

Rising Gundam: Dealt 2 damage to Gundam Barbatos Lupus Rex, now destroyed

Kiraya

No blockers available

Action step

Kiraya

Passed

Sheldon

Passed

Battle started: Rising Gundam against Enemy Shield

Kiraya

Shield card: Hyakuren revealed and discarded

Battle ended

Battle initiated

Sheldon

Battle declared: Silver Bullet against Enemy Player

Kiraya

No blockers available

Action step

Kiraya

Passed

Sheldon

Passed

Battle started: Silver Bullet against Enemy Shield

Kiraya

Shield card: Chad Chadan revealed

Shield card added to hand: Chad Chadan

Battle ended

Sheldon

Linked pilot: Domon Kasshu on unit Shining Gundam

Domon Kasshu: Draw a card

Selecting target for Domon Kasshu

Shining Gundam discarded

Battle initiated

Sheldon

Battle declared: Shining Gundam against Enemy Player

Shining Gundam: 1 resource set as active

Kiraya

No blockers available

Action step

Kiraya

Passed

Sheldon

Passed

Battle started: Shining Gundam against Enemy Player

Kiraya

No more shields available, game is over!

Sheldon

Winner!

Game ended!