Mobile Suit Arena - Battle logs
Game started!

bigbingus

Choose to play first

Choose to mulligan starting hand

Kiraya

Choose to keep starting hand

Turn 1 started!

Turn end phase started

Kiraya

Passed

bigbingus

Passed

Turn ended!

Turn 2 started!

Turn end phase started

bigbingus

Passed

Kiraya

Passed

Turn ended!

Turn 3 started!

bigbingus

Zaku Ⅱ deployed

Zaku Ⅱ deployed

Turn end phase started

Kiraya

Passed

bigbingus

Passed

Turn ended!

Turn 4 started!

Kiraya

Hyakuren deployed

Turn end phase started

bigbingus

Passed

Kiraya

Passed

Turn ended!

Turn 5 started!

bigbingus

Char's Zaku Ⅱ deployed

Zaku Ⅱ deployed

Battle initiated

bigbingus

Battle declared: Zaku Ⅱ against Enemy Player

Zaku Ⅱ: Modifier applied to: Zaku Ⅱ

Kiraya

No blockers available

Action step

Kiraya

Passed

bigbingus

Passed

Battle started: Zaku Ⅱ against EX Base

Kiraya

EX Base received 3 damage, now destroyed

Battle ended

Battle initiated

bigbingus

Battle declared: Zaku Ⅱ against Enemy Player

Zaku Ⅱ: Modifier applied to: Zaku Ⅱ

Kiraya

No blockers available

Action step

Kiraya

Passed

bigbingus

Passed

Battle started: Zaku Ⅱ against Enemy Shield

Kiraya

Shield card: Gundam Exia Repair revealed and discarded

Battle ended

Turn end phase started

Kiraya

Passed

bigbingus

Passed

Turn ended!

Turn 6 started!

Battle initiated

Kiraya

Battle declared: Hyakuren against Zaku Ⅱ

bigbingus

No blockers available

Action step

bigbingus

Passed

Kiraya

Passed

Battle started: Hyakuren against Zaku Ⅱ

bigbingus

Zaku Ⅱ received 4 damage, now destroyed

Kiraya

Hyakuren received 1 damage, leaving 2 HP remaining

Battle ended

Kiraya

Gundam Barbatos Adapt deployed

Selecting target for Gundam Barbatos Adapt

Gundam Barbatos Adapt: Dealt 1 damage to: Gundam Barbatos Adapt and Zaku Ⅱ

Linked pilot: Mikazuki Augus on unit Gundam Barbatos Adapt

Selecting target for Mikazuki Augus

Mikazuki Augus: Dealt 1 damage to: Gundam Barbatos Adapt and Zaku Ⅱ

Battle initiated

Kiraya

Battle declared: Gundam Barbatos Adapt against Enemy Player

bigbingus

No blockers available

Action step

bigbingus

Passed

Kiraya

Passed

Battle started: Gundam Barbatos Adapt against EX Base

bigbingus

EX Base received 4 damage, now destroyed

Battle ended

Turn end phase started

bigbingus

Passed

Kiraya

Passed

Turn ended!

Turn 7 started!

Battle initiated

bigbingus

Battle declared: Char's Zaku Ⅱ against Gundam Barbatos Adapt

Kiraya

No blockers available

Action step

Kiraya

Passed

bigbingus

Passed

Battle started: Char's Zaku Ⅱ against Gundam Barbatos Adapt

Kiraya

Gundam Barbatos Adapt received 3 damage, now destroyed

bigbingus

Char's Zaku Ⅱ received 4 damage, now destroyed

Selecting target for Char's Zaku Ⅱ

Card added to hand: Quess's Jagd Doga

Battle ended

Battle initiated

bigbingus

Battle declared: Zaku Ⅱ against Hyakuren

Kiraya

No blockers available

Action step

Kiraya

Passed

bigbingus

Passed

Battle started: Zaku Ⅱ against Hyakuren

Kiraya

Hyakuren received 2 damage, now destroyed

bigbingus

Zaku Ⅱ received 4 damage, now destroyed

Battle ended

bigbingus

Quess's Jagd Doga deployed

Quess's Jagd Doga deployed

Turn end phase started

Kiraya

Passed

bigbingus

Passed

Turn ended!

Turn 8 started!

Kiraya

Gundam Barbatos 1st Form deployed

Played base: Isaribi

Shield card added to hand

Played command: Overflowing Affection

Overflowing Affection: Draw 2 cards

Selecting target for Overflowing Affection

Gundam Barbatos Lupus Rex discarded

Turn end phase started

bigbingus

Passed

Kiraya

Passed

Turn ended!

Turn 9 started!

Battle initiated

bigbingus

Battle declared: Quess's Jagd Doga against Enemy Player

Kiraya

No blockers available

Action step

Kiraya

Passed

bigbingus

Passed

Battle started: Quess's Jagd Doga against Isaribi

Kiraya

Isaribi received 3 damage, leaving 2 HP remaining

Battle ended

Battle initiated

bigbingus

Battle declared: Quess's Jagd Doga against Enemy Player

Kiraya

No blockers available

Action step

Kiraya

Passed

bigbingus

Passed

Battle started: Quess's Jagd Doga against Isaribi

Kiraya

Isaribi received 3 damage, now destroyed

Battle ended

Turn end phase started

Kiraya

Passed

bigbingus

Passed

Turn ended!

Turn 10 started!

Kiraya

Shiden Custom (Ryusei-Go) deployed

Gundam Barbatos Adapt deployed

Selecting target for Gundam Barbatos Adapt

Gundam Barbatos Adapt: Dealt 1 damage to: Gundam Barbatos 1st Form and Quess's Jagd Doga

Battle initiated

Kiraya

Battle declared: Gundam Barbatos 1st Form against Quess's Jagd Doga

Gundam Barbatos 1st Form: Draw a card

bigbingus

No blockers available

Action step

bigbingus

Passed

Kiraya

Passed

Battle started: Gundam Barbatos 1st Form against Quess's Jagd Doga

bigbingus

Quess's Jagd Doga received 3 damage, now destroyed

Kiraya

Gundam Barbatos 1st Form received 3 damage, now destroyed

Battle ended

Turn end phase started

bigbingus

Passed

Kiraya

Passed

Turn ended!

Turn 11 started!

Battle initiated

bigbingus

Battle declared: Quess's Jagd Doga against Enemy Player

Kiraya

Assigned Shiden Custom (Ryusei-Go) to block

Action step

Kiraya

Passed

bigbingus

Passed

Battle started: Quess's Jagd Doga against Shiden Custom (Ryusei-Go)

Kiraya

Shiden Custom (Ryusei-Go) received 3 damage, now destroyed

bigbingus

Quess's Jagd Doga received 4 damage, now destroyed

Battle ended

bigbingus

Zeong deployed

Linked pilot: Char Aznable on unit Zeong

Wire-Guided Arm deployed

Wire-Guided Arm deployed

Battle initiated

bigbingus

Battle declared: Zeong against Enemy Player

Char Aznable: Modifier applied to: Zeong

Kiraya

Can't block High-maneuver

Action step

Kiraya

Passed

bigbingus

Passed

Battle started: Zeong against Enemy Shield

Kiraya

Shield card: Gundam Barbatos Lupus revealed and discarded

Battle ended

Turn end phase started

Kiraya

Passed

bigbingus

Passed

Turn ended!

Turn 12 started!

Kiraya

Gundam Barbatos 1st Form deployed

Linked pilot: Mikazuki Augus on unit Gundam Barbatos 1st Form

Selecting target for Mikazuki Augus

Mikazuki Augus: Dealt 1 damage to: Gundam Barbatos 1st Form and Wire-Guided Arm

Battle initiated

Kiraya

Battle declared: Gundam Barbatos 1st Form against Zeong

Gundam Barbatos 1st Form: Draw a card

bigbingus

No blockers available

Action step

bigbingus

Passed

Kiraya

Passed

Battle started: Gundam Barbatos 1st Form against Zeong

bigbingus

Zeong received 5 damage, now destroyed

Kiraya

Gundam Barbatos 1st Form received 5 damage, now destroyed

bigbingus

Zeong (Head) deployed

Battle ended

Battle initiated

Kiraya

Battle declared: Gundam Barbatos Adapt against Zeong (Head)

bigbingus

No blockers available

Action step

bigbingus

Passed

Kiraya

Passed

Battle started: Gundam Barbatos Adapt against Zeong (Head)

bigbingus

Zeong (Head) received 2 damage, now destroyed

Kiraya

Gundam Barbatos Adapt received 3 damage, leaving 1 HP remaining

Battle ended

Kiraya

Shiden Custom (Ryusei-Go) deployed

Turn end phase started

bigbingus

Passed

Kiraya

Passed

Turn ended!

Turn 13 started!

bigbingus

Gundam Gusion Rebake deployed

Selecting target for Gundam Gusion Rebake

Gundam Gusion Rebake: Dealt 1 damage to: Gundam Gusion Rebake and Gundam Barbatos Adapt

Zaku Ⅱ deployed

Gundam Barbatos Adapt deployed

Selecting target for Gundam Barbatos Adapt

Gundam Barbatos Adapt: Dealt 1 damage to: Gundam Barbatos Adapt and Shiden Custom (Ryusei-Go)

Battle initiated

bigbingus

Battle declared: Wire-Guided Arm against Enemy Player

Kiraya

Assigned Shiden Custom (Ryusei-Go) to block

Action step

Kiraya

Passed

bigbingus

Passed

Battle started: Wire-Guided Arm against Shiden Custom (Ryusei-Go)

Kiraya

Shiden Custom (Ryusei-Go) received 2 damage, now destroyed

bigbingus

Wire-Guided Arm received 4 damage, now destroyed

Battle ended

Turn end phase started

Kiraya

Passed

bigbingus

Passed

Turn ended!

Turn 14 started!

Kiraya

Gundam Flauros (Ryusei-Go) deployed

Selecting target for Gundam Flauros (Ryusei-Go)

Shiden Custom (Ryusei-Go) deployed

Turn end phase started

bigbingus

Passed

Kiraya

Passed

Turn ended!

Turn 15 started!

Battle initiated

bigbingus

Battle declared: Gundam Gusion Rebake against Enemy Player

Kiraya

Assigned no blocker

Action step

Kiraya

Passed

bigbingus

Passed

Battle started: Gundam Gusion Rebake against Enemy Shield

Kiraya

Shield card: Gundam Exia Repair revealed and discarded

Battle ended

bigbingus

Sazabi deployed

Linked pilot: Char Aznable on unit Sazabi

Battle initiated

bigbingus

Battle declared: Sazabi against Enemy Player

Selecting target for Sazabi

Sazabi: destroyed Gundam Barbatos Adapt

Kiraya

Selecting target for Sazabi

bigbingus

Sazabi: destroyed Gundam Flauros (Ryusei-Go)

Char Aznable: Modifier applied to: Sazabi

Kiraya

Can't block High-maneuver

Action step

Kiraya

Passed

bigbingus

Passed

Battle started: Sazabi against Enemy Shield

Kiraya

Shield cards: Gundam Flauros (Ryusei-Go) and Gundam Barbatos Adapt revealed and discarded

Battle ended

Turn end phase started

Kiraya

Passed

bigbingus

Passed

Turn ended!

Turn 16 started!

Kiraya

Played command: Overflowing Affection

Overflowing Affection: Draw 2 cards

Selecting target for Overflowing Affection

Hyakuren discarded

Gundam Barbatos Lupus deployed

Activated: Gundam Barbatos Lupus

Gundam Flauros (Ryusei-Go), Gundam Barbatos Adapt and Hyakuren exiled from the game

Selecting target for Gundam Barbatos Lupus

Gundam Barbatos Lupus: Dealt 2 damage to Sazabi, leaving 4 HP remaining

Activated: Gundam Barbatos Lupus

Gundam Barbatos Adapt, Shiden Custom (Ryusei-Go) and Gundam Flauros (Ryusei-Go) exiled from the game

Selecting target for Gundam Barbatos Lupus

Gundam Barbatos Lupus: Dealt 2 damage to Sazabi, leaving 2 HP remaining

Activated: Gundam Barbatos Lupus

Gundam Barbatos Lupus Rex, Gundam Barbatos Lupus and Gundam Barbatos 1st Form exiled from the game

Selecting target for Gundam Barbatos Lupus

Gundam Barbatos Lupus: Dealt 2 damage to Sazabi, now destroyed

Battle initiated

Kiraya

Battle declared: Shiden Custom (Ryusei-Go) against Gundam Gusion Rebake

bigbingus

No blockers available

Action step

bigbingus

Passed

Kiraya

Passed

Battle started: Shiden Custom (Ryusei-Go) against Gundam Gusion Rebake

bigbingus

Gundam Gusion Rebake received 4 damage, now destroyed

Kiraya

Shiden Custom (Ryusei-Go) received 3 damage, now destroyed

Battle ended

Kiraya

Hyakuren deployed

Turn end phase started

bigbingus

Passed

Kiraya

Passed

Turn ended!

Turn 17 started!

bigbingus

Gundam Gusion Rebake deployed

Selecting target for Gundam Gusion Rebake

Gundam Gusion Rebake: Dealt 1 damage to: Gundam Gusion Rebake and Gundam Barbatos Lupus

Turn end phase started

Kiraya

Passed

bigbingus

Passed

Turn ended!

Turn 18 started!

Kiraya

Hyakuren deployed

Graze Custom deployed

Gundam Exia Repair deployed

Battle initiated

Kiraya

Battle declared: Hyakuren against Enemy Player

bigbingus

Assigned Gundam Gusion Rebake to block

Action step

bigbingus

Passed

Kiraya

Passed

Battle started: Hyakuren against Gundam Gusion Rebake

bigbingus

Gundam Gusion Rebake received 4 damage, now destroyed

Kiraya

Hyakuren received 3 damage, now destroyed

Battle ended

Battle initiated

Kiraya

Battle declared: Gundam Barbatos Lupus against Enemy Player

bigbingus

No blockers available

Action step

bigbingus

Passed

Kiraya

Passed

Battle started: Gundam Barbatos Lupus against Enemy Shield

bigbingus

Shield card: Mikazuki Augus revealed

Shield card added to hand: Mikazuki Augus

Battle ended

Turn end phase started

bigbingus

Passed

Kiraya

Passed

Turn ended!

Turn 19 started!

Turn end phase started

Kiraya

Passed

bigbingus

Passed

Turn ended!

Turn 20 started!

Battle initiated

Kiraya

Battle declared: Gundam Exia Repair against Enemy Player

bigbingus

No blockers available

Action step

bigbingus

Passed

Kiraya

Passed

Battle started: Gundam Exia Repair against Enemy Shield

bigbingus

Shield card: Gundam Barbatos Adapt revealed and discarded

Battle ended

Battle initiated

Kiraya

Battle declared: Graze Custom against Enemy Player

bigbingus

No blockers available

Action step

bigbingus

Passed

Kiraya

Passed

Battle started: Graze Custom against Enemy Shield

bigbingus

Shield card: Gundam Barbatos Adapt revealed and discarded

Battle ended

Battle initiated

Kiraya

Battle declared: Hyakuren against Enemy Player

bigbingus

No blockers available

Action step

bigbingus

Passed

Kiraya

Passed

Battle started: Hyakuren against Enemy Shield

bigbingus

Shield card: Axis revealed

Played base: Axis

Shield card added to hand

Battle ended

Battle initiated

Kiraya

Battle declared: Gundam Barbatos Lupus against Enemy Player

bigbingus

No blockers available

Action step

bigbingus

Passed

Kiraya

Passed

Battle started: Gundam Barbatos Lupus against Axis

bigbingus

Axis received 5 damage, leaving 1 HP remaining

Battle ended

Kiraya

Shiden Custom (Ryusei-Go) deployed

Turn end phase started

bigbingus

Passed

Kiraya

Passed

Turn ended!

Turn 21 started!

bigbingus

Rick Dom deployed

Rick Dom deployed

Paired pilot: Mikazuki Augus on unit Rick Dom

Selecting target for Mikazuki Augus

Mikazuki Augus: Dealt 1 damage to: Rick Dom and Gundam Exia Repair

Kiraya

Gundam Exia Repair milled 2: Chad Chadan and Overflowing Affection moved to trash

bigbingus

Paired pilot: Char Aznable on unit Rick Dom

Turn end phase started

Kiraya

Passed

bigbingus

Passed

Turn ended!

Turn 22 started!

Kiraya

Activated: Gundam Barbatos Lupus

Shiden Custom (Ryusei-Go), Shiden Custom (Ryusei-Go) and Hyakuren exiled from the game

Selecting target for Gundam Barbatos Lupus

Gundam Barbatos Lupus: Dealt 2 damage to Rick Dom, leaving 1 HP remaining

Gundam Gusion Rebake deployed

Selecting target for Gundam Gusion Rebake

Gundam Gusion Rebake: Dealt 1 damage to: Gundam Gusion Rebake and Rick Dom

Battle initiated

Kiraya

Battle declared: Graze Custom against Enemy Player

bigbingus

No blockers available

Action step

bigbingus

Passed

Kiraya

Passed

Battle started: Graze Custom against Axis

bigbingus

Axis received 2 damage, now destroyed

Battle ended

Battle initiated

Kiraya

Battle declared: Hyakuren against Enemy Player

bigbingus

No blockers available

Action step

bigbingus

Passed

Kiraya

Passed

Battle started: Hyakuren against Enemy Shield

bigbingus

Shield card: Axis revealed

Played base: Axis

No more Shield cards to add to hand

Battle ended

Turn end phase started

bigbingus

Passed

Kiraya

Passed

Turn ended!

Turn 23 started!

Battle initiated

bigbingus

Battle declared: Rick Dom against Enemy Player

Char Aznable: Modifier applied to: Rick Dom

Kiraya

Assigned Shiden Custom (Ryusei-Go) to block

Action step

Kiraya

Passed

bigbingus

Passed

Battle started: Rick Dom against Shiden Custom (Ryusei-Go)

Kiraya

Shiden Custom (Ryusei-Go) received 5 damage, now destroyed

bigbingus

Rick Dom received 4 damage, now destroyed

Battle ended

Kiraya

Winner!

Game ended!