Mobile Suit Arena - Battle logs
Game started!

HoloBurst

Choose to play first

Kiraya

Choose to keep starting hand

HoloBurst

Choose to keep starting hand

Turn 1 started!

Turn end phase started

Kiraya

Passed

HoloBurst

Passed

Turn ended!

Turn 2 started!

Kiraya

Graze Custom deployed

Turn end phase started

HoloBurst

Passed

Kiraya

Passed

Turn ended!

Turn 3 started!

HoloBurst

Played command: Overflowing Affection

Overflowing Affection: Draw 2 cards

Selecting target for Overflowing Affection

Suletta Mercury discarded

Played command: Overflowing Affection

Overflowing Affection: Draw 2 cards

Selecting target for Overflowing Affection

Interwoven Blessings discarded

Turn end phase started

Kiraya

Passed

HoloBurst

Passed

Turn ended!

Turn 4 started!

Kiraya

Hyakuren deployed

Turn end phase started

HoloBurst

Passed

Kiraya

Passed

Turn ended!

Turn 5 started!

HoloBurst

Played command: First Contact

Placed 1 rested Resource

Turn end phase started

Kiraya

Passed

HoloBurst

Passed

Turn ended!

Turn 6 started!

Battle initiated

Kiraya

Battle declared: Hyakuren against Enemy Player

HoloBurst

No blockers available

Action step

HoloBurst

Passed

Kiraya

Passed

Battle started: Hyakuren against EX Base

HoloBurst

EX Base received 4 damage, now destroyed

Battle ended

Battle initiated

Kiraya

Battle declared: Graze Custom against Enemy Player

HoloBurst

No blockers available

Action step

HoloBurst

Passed

Kiraya

Passed

Battle started: Graze Custom against Enemy Shield

HoloBurst

Shield card: Suletta Mercury revealed

Shield card added to hand: Suletta Mercury

Battle ended

Kiraya

Replaced EX Base base: Axis

Shield card added to hand

Turn end phase started

HoloBurst

Passed

Kiraya

Passed

Turn ended!

Turn 7 started!

HoloBurst

Michaelis deployed

Linked pilot: Suletta Mercury on unit Michaelis

Battle initiated

HoloBurst

Battle declared: Michaelis against Graze Custom

Suletta Mercury: 1 resource set as active

Kiraya

No blockers available

Action step

Kiraya

Passed

HoloBurst

Passed

Battle started: Michaelis against Graze Custom

Kiraya

Graze Custom received 5 damage, now destroyed

HoloBurst

Michaelis received 2 damage, leaving 4 HP remaining

Battle ended

HoloBurst

Gundam Aerial (Bit on Form) deployed

Linked pilot: Suletta Mercury on unit Gundam Aerial (Bit on Form)

Battle initiated

HoloBurst

Battle declared: Gundam Aerial (Bit on Form) against Hyakuren

Kiraya

No blockers available

Action step

Kiraya

Passed

HoloBurst

Passed

Battle started: Gundam Aerial (Bit on Form) against Hyakuren

Kiraya

Hyakuren received 5 damage, now destroyed

HoloBurst

Gundam Aerial (Bit on Form) received 4 damage, leaving 2 HP remaining

Battle ended

Turn end phase started

Kiraya

Passed

HoloBurst

Passed

Turn ended!

Turn 8 started!

Kiraya

Gundam Barbatos Adapt deployed

Selecting target for Gundam Barbatos Adapt

Gundam Barbatos Adapt: Dealt 1 damage to: Gundam Barbatos Adapt and Gundam Aerial (Bit on Form)

Linked pilot: Mikazuki Augus on unit Gundam Barbatos Adapt

Selecting target for Mikazuki Augus

Mikazuki Augus: Dealt 1 damage to: Gundam Barbatos Adapt and Gundam Aerial (Bit on Form)

Battle initiated

Kiraya

Battle declared: Gundam Barbatos Adapt against Michaelis

HoloBurst

No blockers available

Action step

HoloBurst

Passed

Kiraya

Passed

Battle started: Gundam Barbatos Adapt against Michaelis

HoloBurst

Michaelis received 4 damage, now destroyed

Kiraya

Gundam Barbatos Adapt received 5 damage, now destroyed

Battle ended

Turn end phase started

HoloBurst

Passed

Kiraya

Passed

Turn ended!

Turn 9 started!

HoloBurst

Gundam Aerial Rebuild deployed

Linked pilot: Suletta Mercury on unit Gundam Aerial Rebuild

Selecting target for Gundam Aerial Rebuild

Overflowing Affection returned to hand

Battle initiated

HoloBurst

Battle declared: Gundam Aerial Rebuild against Enemy Player

Suletta Mercury: 1 resource set as active

Kiraya

No blockers available

Action step

Kiraya

Passed

HoloBurst

Passed

Battle started: Gundam Aerial Rebuild against Axis

Kiraya

Axis received 6 damage, now destroyed

Battle ended

HoloBurst

Played command: Overflowing Affection

Overflowing Affection: Draw 2 cards

Selecting target for Overflowing Affection

Darilbalde discarded

Turn end phase started

Kiraya

Passed

HoloBurst

Passed

Turn ended!

Turn 10 started!

Kiraya

Gundam Barbatos 1st Form deployed

Linked pilot: Mikazuki Augus on unit Gundam Barbatos 1st Form

Selecting target for Mikazuki Augus

Mikazuki Augus: Dealt 1 damage to: Gundam Barbatos 1st Form and Gundam Aerial Rebuild

Battle initiated

Kiraya

Battle declared: Gundam Barbatos 1st Form against Gundam Aerial Rebuild

Gundam Barbatos 1st Form: Draw a card

HoloBurst

No blockers available

Action step

HoloBurst

Passed

Kiraya

Passed

Battle started: Gundam Barbatos 1st Form against Gundam Aerial Rebuild

HoloBurst

Gundam Aerial Rebuild received 5 damage, now destroyed

Kiraya

Gundam Barbatos 1st Form received 6 damage, now destroyed

Battle ended

Turn end phase started

HoloBurst

Passed

Kiraya

Passed

Turn ended!

Turn 11 started!

HoloBurst

Gundam Aerial (Mirasoul Flight Unit) deployed

Gundam Aerial (Bit on Form) deployed

Darilbalde deployed

No targets for Darilbalde

Turn end phase started

Kiraya

Passed

HoloBurst

Passed

Turn ended!

Turn 12 started!

Kiraya

Gundam Gusion Rebake deployed

Selecting target for Gundam Gusion Rebake

Gundam Gusion Rebake: Dealt 1 damage to: Gundam Gusion Rebake and Darilbalde

Gundam Barbatos Adapt deployed

Selecting target for Gundam Barbatos Adapt

Gundam Barbatos Adapt: Dealt 1 damage to: Gundam Barbatos Adapt and Darilbalde

Turn end phase started

HoloBurst

Passed

Kiraya

Passed

Turn ended!

Turn 13 started!

HoloBurst

Played base: Quiet Zero

Shield card added to hand

Linked pilot: Suletta Mercury on unit Gundam Aerial (Mirasoul Flight Unit)

Battle initiated

HoloBurst

Battle declared: Gundam Aerial (Mirasoul Flight Unit) against Enemy Player

Kiraya

Assigned no blocker

Action step

Kiraya

Passed

HoloBurst

Passed

Battle started: Gundam Aerial (Mirasoul Flight Unit) against Enemy Shield

Kiraya

Shield card: Gundam Exia Repair revealed and discarded

Battle ended

HoloBurst

Darilbalde deployed

No targets for Darilbalde

Turn end phase started

Kiraya

Passed

HoloBurst

Passed

Turn ended!

Turn 14 started!

Kiraya

Gundam Barbatos Adapt deployed

Selecting target for Gundam Barbatos Adapt

Gundam Barbatos Adapt: Dealt 1 damage to: Gundam Barbatos Adapt and Darilbalde

Gundam Gusion Rebake deployed

Selecting target for Gundam Gusion Rebake

Gundam Gusion Rebake: Dealt 1 damage to: Gundam Barbatos Adapt and Darilbalde

Turn end phase started

HoloBurst

Passed

Kiraya

Passed

Turn ended!

Turn 15 started!

Battle initiated

HoloBurst

Battle declared: Gundam Aerial (Mirasoul Flight Unit) against Enemy Player

Kiraya

Assigned no blocker

Action step

Kiraya

Passed

HoloBurst

Passed

Battle started: Gundam Aerial (Mirasoul Flight Unit) against Enemy Shield

Kiraya

Shield card: Gundam Barbatos Lupus revealed and discarded

Battle ended

Turn end phase started

Kiraya

Passed

HoloBurst

Passed

Turn ended!

Turn 16 started!

Kiraya

Strike Freedom Gundam deployed

Selecting target for Strike Freedom Gundam

Strike Freedom Gundam: Modifier applied to: Gundam Barbatos Adapt

Strike Freedom Gundam: Modifier applied to: Strike Freedom Gundam

Strike Freedom Gundam: chose Gundam Barbatos Adapt and Strike Freedom Gundam

Linked pilot: Kira Yamato on unit Strike Freedom Gundam

Kira Yamato: Draw a card

Battle initiated

Kiraya

Battle declared: Strike Freedom Gundam against Enemy Player

Selecting target for Strike Freedom Gundam

Kira Yamato and Gundam Gusion Rebake discarded

Selecting target for Strike Freedom Gundam

HoloBurst

Gundam Aerial (Mirasoul Flight Unit) and Suletta Mercury returned to deck

No blockers available

Action step

HoloBurst

Passed

Kiraya

Passed

Battle started: Strike Freedom Gundam against Quiet Zero

HoloBurst

Quiet Zero received 7 damage, now destroyed

Kiraya

Strike Freedom Gundam: Draw a card

Battle ended

Battle initiated

Kiraya

Battle declared: Gundam Barbatos Adapt against Enemy Player

HoloBurst

No blockers available

Action step

HoloBurst

Passed

Kiraya

Passed

Battle started: Gundam Barbatos Adapt against Enemy Shield

HoloBurst

Shield card: Quiet Zero revealed

Played base: Quiet Zero

Shield card added to hand

Kiraya

Strike Freedom Gundam: Draw a card

Battle ended

Turn end phase started

HoloBurst

Passed

Kiraya

Passed

Turn ended!

Turn 17 started!

HoloBurst

Gundam Aerial Rebuild deployed

Selecting target for Gundam Aerial Rebuild

Card added to hand: Gundam Aerial Rebuild

Played command: Overflowing Affection

Overflowing Affection: Draw 2 cards

Selecting target for Overflowing Affection

Gundam Aerial Rebuild discarded

Activated: Quiet Zero

Rested 2 Resources

Gundnode deployed

Battle initiated

HoloBurst

Battle declared: Gundam Aerial (Bit on Form) against Gundam Barbatos Adapt

Kiraya

Assigned Gundam Gusion Rebake to block

Action step

Kiraya

Passed

HoloBurst

Passed

Battle started: Gundam Aerial (Bit on Form) against Gundam Gusion Rebake

Kiraya

Gundam Gusion Rebake received 3 damage, leaving 1 HP remaining

HoloBurst

Gundam Aerial (Bit on Form) received 3 damage, leaving 1 HP remaining

Battle ended

Turn end phase started

Kiraya

Passed

HoloBurst

Passed

Turn ended!

Turn 18 started!

Kiraya

Gundam Barbatos Lupus deployed

Linked pilot: Mikazuki Augus on unit Gundam Barbatos Lupus

Selecting target for Mikazuki Augus

Mikazuki Augus: Dealt 1 damage to: Gundam Barbatos Adapt and Gundam Aerial (Bit on Form)

Activated: Gundam Barbatos Lupus

Gundam Barbatos Adapt, Gundam Barbatos 1st Form and Gundam Barbatos Lupus exiled from the game

Selecting target for Gundam Barbatos Lupus

Gundam Barbatos Lupus: Dealt 2 damage to Gundnode, now destroyed

Played base: Axis

Shield card added to hand

Battle initiated

Kiraya

Battle declared: Strike Freedom Gundam against Enemy Player

Selecting target for Strike Freedom Gundam

Gundam Gusion Rebake and Axis discarded

Selecting target for Strike Freedom Gundam

HoloBurst

Gundam Aerial Rebuild returned to deck

No blockers available

Action step

HoloBurst

Played action: Unforeseen Incident

Unforeseen Incident: Modifier applied to: Strike Freedom Gundam

Kiraya

Passed

HoloBurst

Passed

Kiraya

Battle started: Strike Freedom Gundam against Quiet Zero

HoloBurst

Quiet Zero received 4 damage, leaving 2 HP remaining

Battle ended

Battle initiated

Kiraya

Battle declared: Gundam Barbatos Adapt against Enemy Player

HoloBurst

No blockers available

Action step

HoloBurst

Passed

Kiraya

Passed

Battle started: Gundam Barbatos Adapt against Quiet Zero

HoloBurst

Quiet Zero received 2 damage, now destroyed

Battle ended

Battle initiated

Kiraya

Battle declared: Gundam Barbatos Adapt against Enemy Player

HoloBurst

No blockers available

Action step

Kiraya

Winner!

Game ended!