Mobile Suit Arena - Battle logs
Game started!

あーちんふぁんとむ

Choose to play first

Choose to mulligan starting hand

Kiraya

Choose to keep starting hand

Turn 1 started!

Turn end phase started

Kiraya

Passed

あーちんふぁんとむ

Passed

Turn ended!

Turn 2 started!

Kiraya

Graze Custom deployed

Turn end phase started

あーちんふぁんとむ

Passed

Kiraya

Passed

Turn ended!

Turn 3 started!

Turn end phase started

Kiraya

Passed

あーちんふぁんとむ

Passed

Turn ended!

Turn 4 started!

Kiraya

Graze Custom deployed

Gundam Exia Repair deployed

Battle initiated

Kiraya

Battle declared: Graze Custom against Enemy Player

あーちんふぁんとむ

No blockers available

Action step

あーちんふぁんとむ

Passed

Kiraya

Passed

Battle started: Graze Custom against EX Base

あーちんふぁんとむ

EX Base received 2 damage, leaving 1 HP remaining

Battle ended

Turn end phase started

あーちんふぁんとむ

Passed

Kiraya

Passed

Turn ended!

Turn 5 started!

あーちんふぁんとむ

Gundam Barbatos 1st Form deployed

Turn end phase started

Kiraya

Passed

あーちんふぁんとむ

Passed

Turn ended!

Turn 6 started!

Battle initiated

Kiraya

Battle declared: Gundam Exia Repair against Enemy Player

あーちんふぁんとむ

No blockers available

Action step

あーちんふぁんとむ

Passed

Kiraya

Passed

Battle started: Gundam Exia Repair against EX Base

あーちんふぁんとむ

EX Base received 2 damage, now destroyed

Battle ended

Battle initiated

Kiraya

Battle declared: Graze Custom against Enemy Player

あーちんふぁんとむ

No blockers available

Action step

あーちんふぁんとむ

Passed

Kiraya

Passed

Battle started: Graze Custom against Enemy Shield

あーちんふぁんとむ

Shield card: Axis revealed

Played base: Axis

Shield card added to hand

Battle ended

Battle initiated

Kiraya

Battle declared: Graze Custom against Enemy Player

あーちんふぁんとむ

No blockers available

Action step

あーちんふぁんとむ

Passed

Kiraya

Passed

Battle started: Graze Custom against Axis

あーちんふぁんとむ

Axis received 2 damage, leaving 4 HP remaining

Battle ended

Kiraya

Gundam Barbatos Adapt deployed

Selecting target for Gundam Barbatos Adapt

Gundam Barbatos Adapt: Dealt 1 damage to: Gundam Barbatos Adapt and Gundam Barbatos 1st Form

Linked pilot: Mikazuki Augus on unit Gundam Barbatos Adapt

Selecting target for Mikazuki Augus

Mikazuki Augus: Dealt 1 damage to: Gundam Barbatos Adapt and Gundam Barbatos 1st Form

Battle initiated

Kiraya

Battle declared: Gundam Barbatos Adapt against Enemy Player

あーちんふぁんとむ

No blockers available

Action step

あーちんふぁんとむ

Passed

Kiraya

Passed

Battle started: Gundam Barbatos Adapt against Axis

あーちんふぁんとむ

Axis received 4 damage, now destroyed

Battle ended

Turn end phase started

あーちんふぁんとむ

Passed

Kiraya

Passed

Turn ended!

Turn 7 started!

あーちんふぁんとむ

Gundam Barbatos 1st Form deployed

Gundam Barbatos Adapt deployed

Selecting target for Gundam Barbatos Adapt

Gundam Barbatos Adapt: Dealt 1 damage to: Gundam Barbatos 1st Form and Gundam Exia Repair

Kiraya

Gundam Exia Repair milled 2: Gundam Barbatos 1st Form and Gundam Gusion Rebake moved to trash

Turn end phase started

Kiraya

Passed

あーちんふぁんとむ

Passed

Turn ended!

Turn 8 started!

Kiraya

Gundam Barbatos Adapt deployed

Selecting target for Gundam Barbatos Adapt

Gundam Barbatos Adapt: Dealt 1 damage to: Gundam Barbatos Adapt and Gundam Barbatos 1st Form

Battle initiated

Kiraya

Battle declared: Graze Custom against Enemy Player

あーちんふぁんとむ

No blockers available

Action step

あーちんふぁんとむ

Passed

Kiraya

Passed

Battle started: Graze Custom against Enemy Shield

あーちんふぁんとむ

Shield card: Force Impulse Gundam revealed and discarded

Battle ended

Battle initiated

Kiraya

Battle declared: Graze Custom against Enemy Player

あーちんふぁんとむ

No blockers available

Action step

あーちんふぁんとむ

Passed

Kiraya

Passed

Battle started: Graze Custom against Enemy Shield

あーちんふぁんとむ

Shield card: Fatal Strike revealed

Shield card: Fatal Strike moved to trash

Selecting target for Fatal Strike

Fatal Strike: Dealt 1 damage to Graze Custom, leaving 1 HP remaining

Battle ended

Battle initiated

Kiraya

Battle declared: Gundam Barbatos Adapt against Enemy Player

あーちんふぁんとむ

No blockers available

Action step

あーちんふぁんとむ

Passed

Kiraya

Passed

Battle started: Gundam Barbatos Adapt against Enemy Shield

あーちんふぁんとむ

Shield card: Gundam Barbatos Adapt revealed and discarded

Battle ended

Turn end phase started

あーちんふぁんとむ

Passed

Kiraya

Passed

Turn ended!

Turn 9 started!

あーちんふぁんとむ

Gundam Barbatos Adapt deployed

Selecting target for Gundam Barbatos Adapt

Gundam Barbatos Adapt: Dealt 1 damage to: Gundam Barbatos Adapt and Graze Custom

Played command: Fatal Strike

Fatal Strike: destroyed Graze Custom

Paired pilot: Kira Yamato on unit Gundam Barbatos Adapt

Battle initiated

あーちんふぁんとむ

Battle declared: Gundam Barbatos Adapt against Gundam Barbatos Adapt

Kiraya

No blockers available

Action step

Kiraya

Passed

あーちんふぁんとむ

Passed

Battle started: Gundam Barbatos Adapt against Gundam Barbatos Adapt

Kiraya

Gundam Barbatos Adapt received 4 damage, now destroyed

あーちんふぁんとむ

Gundam Barbatos Adapt received 4 damage, leaving 2 HP remaining

Battle ended

Turn end phase started

Kiraya

Passed

あーちんふぁんとむ

Passed

Turn ended!

Turn 10 started!

Battle initiated

Kiraya

Battle declared: Gundam Barbatos Adapt against Enemy Player

あーちんふぁんとむ

No blockers available

Action step

あーちんふぁんとむ

Passed

Kiraya

Passed

Battle started: Gundam Barbatos Adapt against Enemy Shield

あーちんふぁんとむ

Shield card: GN Armor Type-E revealed and discarded

Battle ended

Kiraya

Strike Rouge (Ootori) deployed

Linked pilot: Kira Yamato on unit Strike Rouge (Ootori)

Kira Yamato: Draw a card

Battle initiated

Kiraya

Battle declared: Strike Rouge (Ootori) against Enemy Player

あーちんふぁんとむ

No blockers available

Action step

あーちんふぁんとむ

Passed

Kiraya

Passed

Battle started: Strike Rouge (Ootori) against Enemy Player

あーちんふぁんとむ

No more shields available, game is over!

Kiraya

Winner!

Game ended!