Mobile Suit Arena - Battle logs
Game started!

Iseria

Choose to play first

Kiraya

Choose to keep starting hand

Iseria

Choose to mulligan starting hand

Turn 1 started!

Turn end phase started

Kiraya

Passed

Iseria

Passed

Turn ended!

Turn 2 started!

Kiraya

Graze Custom deployed

Turn end phase started

Iseria

Passed

Kiraya

Passed

Turn ended!

Turn 3 started!

Iseria

Gundam Exia Repair deployed

Turn end phase started

Kiraya

Passed

Iseria

Passed

Turn ended!

Turn 4 started!

Kiraya

Hyakuren deployed

Turn end phase started

Iseria

Passed

Kiraya

Passed

Turn ended!

Turn 5 started!

Iseria

Replaced EX Base base: Rewloola

Shield card added to hand

Selecting target for Rewloola

Rewloola: Dealt 1 damage to Graze Custom, leaving 1 HP remaining

Turn end phase started

Kiraya

Passed

Iseria

Passed

Turn ended!

Turn 6 started!

Kiraya

Hyakuren deployed

Gundam Exia Repair deployed

Turn end phase started

Iseria

Passed

Kiraya

Passed

Turn ended!

Turn 7 started!

Iseria

Gundam Barbatos Adapt deployed

Selecting target for Gundam Barbatos Adapt

Gundam Barbatos Adapt: Dealt 1 damage to: Gundam Barbatos Adapt and Gundam Exia Repair

Kiraya

Gundam Exia Repair milled 2: Strike Freedom Gundam and Gundam Barbatos Adapt moved to trash

Turn end phase started

Kiraya

Passed

Iseria

Passed

Turn ended!

Turn 8 started!

Kiraya

Gundam Flauros (Ryusei-Go) deployed

Selecting target for Gundam Flauros (Ryusei-Go)

Iseria

Gundam Exia Repair milled 2: Sazabi and Shiden Custom (Ryusei-Go) moved to trash

Battle initiated

Kiraya

Battle declared: Hyakuren against Enemy Player

Iseria

No blockers available

Action step

Iseria

Passed

Kiraya

Passed

Battle started: Hyakuren against Rewloola

Iseria

Rewloola received 4 damage, leaving 1 HP remaining

Battle ended

Battle initiated

Kiraya

Battle declared: Graze Custom against Enemy Player

Iseria

No blockers available

Action step

Iseria

Passed

Kiraya

Passed

Battle started: Graze Custom against Rewloola

Iseria

Rewloola received 2 damage, now destroyed

Battle ended

Battle initiated

Kiraya

Battle declared: Hyakuren against Enemy Player

Iseria

No blockers available

Action step

Iseria

Passed

Kiraya

Passed

Battle started: Hyakuren against Enemy Shield

Iseria

Shield card: Mikazuki Augus revealed

Shield card added to hand: Mikazuki Augus

Battle ended

Turn end phase started

Iseria

Passed

Kiraya

Passed

Turn ended!

Turn 9 started!

Iseria

Gundam Gusion Rebake deployed

Selecting target for Gundam Gusion Rebake

Gundam Gusion Rebake: Dealt 1 damage to: Gundam Barbatos Adapt and Hyakuren

Battle initiated

Iseria

Battle declared: Gundam Barbatos Adapt against Hyakuren

Kiraya

No blockers available

Action step

Kiraya

Passed

Iseria

Passed

Battle started: Gundam Barbatos Adapt against Hyakuren

Kiraya

Hyakuren received 2 damage, now destroyed

Iseria

Gundam Barbatos Adapt received 4 damage, now destroyed

Battle ended

Iseria

Paired pilot: Mikazuki Augus on unit Gundam Gusion Rebake

Selecting target for Mikazuki Augus

Mikazuki Augus: Dealt 1 damage to: Gundam Gusion Rebake and Graze Custom

Turn end phase started

Kiraya

Passed

Iseria

Passed

Turn ended!

Turn 10 started!

Kiraya

Replaced EX Base base: Axis

Shield card added to hand

Gundam Exia Repair deployed

Battle initiated

Kiraya

Battle declared: Gundam Flauros (Ryusei-Go) against Enemy Player

No targets for Gundam Flauros (Ryusei-Go)

Iseria

Assigned no blocker

Action step

Iseria

Passed

Kiraya

Passed

Battle started: Gundam Flauros (Ryusei-Go) against Enemy Shield

Iseria

Shield card: Hyakuren revealed and discarded

Battle ended

Turn end phase started

Iseria

Passed

Kiraya

Passed

Turn ended!

Turn 11 started!

Iseria

Gundam Flauros (Ryusei-Go) deployed

Selecting target for Gundam Flauros (Ryusei-Go)

Kiraya

Gundam Exia Repair milled 2: Gundam Barbatos Adapt and Gundam Gusion Rebake moved to trash

Battle initiated

Iseria

Battle declared: Gundam Gusion Rebake against Gundam Flauros (Ryusei-Go)

Kiraya

No blockers available

Action step

Kiraya

Passed

Iseria

Passed

Battle started: Gundam Gusion Rebake against Gundam Flauros (Ryusei-Go)

Kiraya

Gundam Flauros (Ryusei-Go) received 5 damage, now destroyed

Iseria

Gundam Gusion Rebake received 5 damage, now destroyed

Battle ended

Iseria

Graze Custom deployed

Gundam Exia Repair deployed

Turn end phase started

Kiraya

Passed

Iseria

Passed

Turn ended!

Turn 12 started!

Battle initiated

Kiraya

Battle declared: Hyakuren against Enemy Player

Iseria

No blockers available

Action step

Iseria

Passed

Kiraya

Passed

Battle started: Hyakuren against Enemy Shield

Iseria

Shield card: Gundam Barbatos 1st Form revealed and discarded

Battle ended

Kiraya

Gundam Barbatos Lupus deployed

Activated: Gundam Barbatos Lupus

Gundam Barbatos Adapt, Gundam Gusion Rebake and Gundam Flauros (Ryusei-Go) exiled from the game

Selecting target for Gundam Barbatos Lupus

Gundam Barbatos Lupus: Dealt 2 damage to Gundam Flauros (Ryusei-Go), leaving 1 HP remaining

Activated: Gundam Barbatos Lupus

Gundam Barbatos Adapt, Hyakuren and Graze Custom exiled from the game

Selecting target for Gundam Barbatos Lupus

Gundam Barbatos Lupus: Dealt 2 damage to Gundam Flauros (Ryusei-Go), now destroyed

Turn end phase started

Iseria

Passed

Kiraya

Passed

Turn ended!

Turn 13 started!

Battle initiated

Iseria

Battle declared: Gundam Exia Repair against Hyakuren

Kiraya

No blockers available

Action step

Kiraya

Passed

Iseria

Passed

Battle started: Gundam Exia Repair against Hyakuren

Kiraya

Hyakuren received 2 damage, leaving 1 HP remaining

Iseria

Gundam Exia Repair received 4 damage, now destroyed

Gundam Exia Repair: destroyed Hyakuren

Gundam Exia Repair milled 2: Gundam Barbatos 1st Form and Graze Custom moved to trash

Battle ended

Iseria

Sazabi deployed

Linked pilot: Char Aznable on unit Sazabi

Selecting target for Char Aznable

Played base: Rewloola

Shield card added to hand

Selecting target for Rewloola

Rewloola: Dealt 1 damage to Gundam Barbatos Lupus, leaving 4 HP remaining

Battle initiated

Iseria

Battle declared: Sazabi against Enemy Player

Selecting target for Sazabi

Sazabi: destroyed Graze Custom

Kiraya

Selecting target for Sazabi

Iseria

Sazabi: destroyed Gundam Barbatos Lupus

Kiraya

No blockers available

Action step

Kiraya

Passed

Iseria

Passed

Battle started: Sazabi against Axis

Kiraya

Axis received 7 damage, now destroyed

Battle ended

Turn end phase started

Kiraya

Passed

Iseria

Passed

Turn ended!

Turn 14 started!

Kiraya

Strike Freedom Gundam deployed

Selecting target for Strike Freedom Gundam

Strike Freedom Gundam: Modifier applied to: Strike Freedom Gundam

Strike Freedom Gundam: chose Strike Freedom Gundam

Linked pilot: Kira Yamato on unit Strike Freedom Gundam

Kira Yamato: Draw a card

Battle initiated

Kiraya

Battle declared: Strike Freedom Gundam against Enemy Player

Selecting target for Strike Freedom Gundam

Widespread Annihilation and Hyakuren discarded

Selecting target for Strike Freedom Gundam

Iseria

Sazabi and Char Aznable returned to deck

No blockers available

Action step

Iseria

Passed

Kiraya

Passed

Battle started: Strike Freedom Gundam against Rewloola

Iseria

Rewloola received 7 damage, now destroyed

Kiraya

Strike Freedom Gundam: Draw a card

Battle ended

Turn end phase started

Iseria

Passed

Kiraya

Passed

Turn ended!

Turn 15 started!

Iseria

Sazabi deployed

Linked pilot: Char Aznable on unit Sazabi

Selecting target for Char Aznable

Played base: Rewloola

Shield card added to hand

No targets for Rewloola

Ryusei-Go (Graze Custom Ⅱ) deployed

Selecting target for Ryusei-Go (Graze Custom Ⅱ)

Ryusei-Go (Graze Custom Ⅱ): Dealt 1 damage to Ryusei-Go (Graze Custom Ⅱ), leaving 1 HP remaining

Ryusei-Go (Graze Custom Ⅱ): Draw a card

Selecting target for Ryusei-Go (Graze Custom Ⅱ)

Gundam Barbatos Adapt discarded

Battle initiated

Iseria

Battle declared: Sazabi against Enemy Player

Selecting target for Sazabi

Sazabi: destroyed Ryusei-Go (Graze Custom Ⅱ)

Kiraya

Selecting target for Sazabi

Iseria

Sazabi: destroyed Strike Freedom Gundam

Kiraya

No blockers available

Action step

Kiraya

Passed

Iseria

Passed

Battle started: Sazabi against Enemy Shield

Kiraya

Shield cards: Kira Yamato and Mikazuki Augus revealed

Shield card added to hand: Kira Yamato

Shield card added to hand: Mikazuki Augus

Battle ended

Turn end phase started

Kiraya

Passed

Iseria

Passed

Turn ended!

Turn 16 started!

Kiraya

Strike Freedom Gundam deployed

Selecting target for Strike Freedom Gundam

Strike Freedom Gundam: Modifier applied to: Strike Freedom Gundam

Strike Freedom Gundam: chose Strike Freedom Gundam

Linked pilot: Kira Yamato on unit Strike Freedom Gundam

Kira Yamato: Draw a card

Battle initiated

Kiraya

Battle declared: Strike Freedom Gundam against Enemy Player

Selecting target for Strike Freedom Gundam

Mikazuki Augus and Kira Yamato discarded

Selecting target for Strike Freedom Gundam

Iseria

Sazabi and Char Aznable returned to deck

No blockers available

Action step

Iseria

Passed

Kiraya

Passed

Battle started: Strike Freedom Gundam against Rewloola

Iseria

Rewloola received 7 damage, now destroyed

Kiraya

Strike Freedom Gundam: Draw a card

Battle ended

Turn end phase started

Iseria

Passed

Kiraya

Passed

Turn ended!

Turn 17 started!

Iseria

Gundam Barbatos Lupus deployed

Linked pilot: Mikazuki Augus on unit Gundam Barbatos Lupus

Selecting target for Mikazuki Augus

Mikazuki Augus: Dealt 1 damage to: Gundam Barbatos Lupus and Strike Freedom Gundam

Battle initiated

Iseria

Battle declared: Gundam Barbatos Lupus against Strike Freedom Gundam

Kiraya

No blockers available

Action step

Kiraya

Passed

Iseria

Passed

Battle started: Gundam Barbatos Lupus against Strike Freedom Gundam

Kiraya

Strike Freedom Gundam received 7 damage, now destroyed

Iseria

Gundam Barbatos Lupus received 7 damage, now destroyed

Battle ended

Iseria

Played base: Rewloola

No more Shield cards to add to hand

No targets for Rewloola

Turn end phase started

Kiraya

Passed

Iseria

Passed

Turn ended!

Turn 18 started!

Kiraya

Gundam Barbatos Lupus deployed

Gundam Gusion Rebake deployed

No targets for Gundam Gusion Rebake

Turn end phase started

Iseria

Passed

Kiraya

Passed

Turn ended!

Turn 19 started!

Iseria

Sazabi deployed

Gundam Barbatos 1st Form deployed

Linked pilot: Char Aznable on unit Sazabi

Selecting target for Char Aznable

Battle initiated

Iseria

Battle declared: Sazabi against Enemy Player

Selecting target for Sazabi

Sazabi: destroyed Gundam Barbatos 1st Form

Kiraya

Selecting target for Sazabi

Iseria

Sazabi: destroyed Gundam Gusion Rebake

Kiraya

No blockers available

Action step

Kiraya

Passed

Iseria

Passed

Battle started: Sazabi against Enemy Shield

Kiraya

Shield cards: Hyakuren and Gundam Barbatos 1st Form revealed and discarded

Battle ended

Turn end phase started

Kiraya

Passed

Iseria

Passed

Turn ended!

Turn 20 started!

Kiraya

Strike Freedom Gundam deployed

Selecting target for Strike Freedom Gundam

Strike Freedom Gundam: Modifier applied to: Gundam Barbatos Lupus

Strike Freedom Gundam: Modifier applied to: Strike Freedom Gundam

Strike Freedom Gundam: chose Gundam Barbatos Lupus and Strike Freedom Gundam

Battle initiated

Kiraya

Battle declared: Gundam Barbatos Lupus against Enemy Player

Iseria

No blockers available

Action step

Iseria

Passed

Kiraya

Passed

Battle started: Gundam Barbatos Lupus against Rewloola

Iseria

Rewloola received 7 damage, now destroyed

Kiraya

Strike Freedom Gundam: Draw a card

Battle ended

Kiraya

Linked pilot: Kira Yamato on unit Strike Freedom Gundam

Kira Yamato: Draw a card

Battle initiated

Kiraya

Battle declared: Strike Freedom Gundam against Enemy Player

Selecting target for Strike Freedom Gundam

Gundam Barbatos Adapt and Gundam Flauros (Ryusei-Go) discarded

Selecting target for Strike Freedom Gundam

Iseria

Sazabi and Char Aznable returned to deck

No blockers available

Action step

Iseria

Passed

Kiraya

Passed

Battle started: Strike Freedom Gundam against Enemy Player

Iseria

No more shields available, game is over!

Kiraya

Winner!

Game ended!