Mobile Suit Arena - Battle logs
Game started!

Kiraya

Choose to play second

SPIFFYMIK

Choose to keep starting hand

Kiraya

Choose to keep starting hand

Turn 1 started!

SPIFFYMIK

Played command: Airframe Seizure

Selecting target for Airframe Seizure

Master Asia discarded

Airframe Seizure: Draw 2 cards

Turn end phase started

Kiraya

Passed

SPIFFYMIK

Passed

Turn ended!

Turn 2 started!

Kiraya

Graze Custom deployed

Turn end phase started

SPIFFYMIK

Passed

Kiraya

Passed

Turn ended!

Turn 3 started!

Turn end phase started

Kiraya

Passed

SPIFFYMIK

Passed

Turn ended!

Turn 4 started!

Kiraya

Hyakuren deployed

Battle initiated

Kiraya

Battle declared: Graze Custom against Enemy Player

SPIFFYMIK

No blockers available

Action step

SPIFFYMIK

Passed

Kiraya

Passed

Battle started: Graze Custom against EX Base

SPIFFYMIK

EX Base received 2 damage, leaving 1 HP remaining

Battle ended

Turn end phase started

SPIFFYMIK

Passed

Kiraya

Passed

Turn ended!

Turn 5 started!

SPIFFYMIK

Gundam Maxter deployed

Played command: Cyclone Punch

Cyclone Punch: Modifier applied to: Graze Custom

Selecting target for Cyclone Punch

Linked pilot: Chibodee Crocket on unit Gundam Maxter

Battle initiated

SPIFFYMIK

Battle declared: Gundam Maxter against Graze Custom

Selecting target for Cyclone Punch

Cyclone Punch: Modifier applied to: Graze Custom

Kiraya

No blockers available

Action step

Kiraya

Passed

SPIFFYMIK

Passed

Battle started: Gundam Maxter against Graze Custom

Kiraya

Graze Custom received 4 damage, now destroyed

SPIFFYMIK

Gundam Maxter received 0 damage, leaving 3 HP remaining

Selecting target for Gundam Maxter

Card added to hand: Darkness Finger

Battle ended

Turn end phase started

Kiraya

Passed

SPIFFYMIK

Passed

Turn ended!

Turn 6 started!

Kiraya

Strike Rouge (Ootori) deployed

Battle initiated

Kiraya

Battle declared: Hyakuren against Enemy Player

SPIFFYMIK

No blockers available

Action step

SPIFFYMIK

Passed

Kiraya

Passed

Battle started: Hyakuren against EX Base

SPIFFYMIK

EX Base received 4 damage, now destroyed

Battle ended

Turn end phase started

SPIFFYMIK

Passed

Kiraya

Passed

Turn ended!

Turn 7 started!

SPIFFYMIK

Rising Gundam deployed

Linked pilot: Domon Kasshu on unit Rising Gundam

Selecting target for Rising Gundam

Rested unit: Strike Rouge (Ootori)

Domon Kasshu: Draw a card

Selecting target for Domon Kasshu

Shining Finger discarded

Selecting target for Domon Kasshu

Battle initiated

SPIFFYMIK

Battle declared: Gundam Maxter against Hyakuren

Selecting target for Cyclone Punch

Cyclone Punch: Modifier applied to: Hyakuren

Kiraya

No blockers available

Action step

Kiraya

Passed

SPIFFYMIK

Passed

Battle started: Gundam Maxter against Hyakuren

Kiraya

Hyakuren received 4 damage, now destroyed

SPIFFYMIK

Gundam Maxter received 2 damage, leaving 1 HP remaining

Selecting target for Gundam Maxter

Card added to hand: Cyclone Punch

Battle ended

Battle initiated

SPIFFYMIK

Battle declared: Rising Gundam against Strike Rouge (Ootori)

Kiraya

No blockers available

Action step

Kiraya

Passed

SPIFFYMIK

Passed

Battle started: Rising Gundam against Strike Rouge (Ootori)

Kiraya

Strike Rouge (Ootori) received 6 damage, now destroyed

SPIFFYMIK

Rising Gundam received 3 damage, leaving 1 HP remaining

Battle ended

Turn end phase started

Kiraya

Passed

SPIFFYMIK

Passed

Turn ended!

Turn 8 started!

Kiraya

Gundam Barbatos Adapt deployed

Selecting target for Gundam Barbatos Adapt

Gundam Barbatos Adapt: Dealt 1 damage to: Gundam Barbatos Adapt and Rising Gundam

Turn end phase started

SPIFFYMIK

Passed

Kiraya

Passed

Turn ended!

Turn 9 started!

SPIFFYMIK

Played command: Overflowing Affection

Overflowing Affection: Draw 2 cards

Selecting target for Overflowing Affection

Master Gundam discarded

Shining Gundam deployed

Selecting target for Shining Gundam

Rising Gundam and Master Gundam exiled from the game

Selecting target for Shining Gundam

Shining Finger returned to hand

Linked pilot: Domon Kasshu on unit Shining Gundam

Domon Kasshu: Draw a card

Selecting target for Domon Kasshu

Shining Finger discarded

Selecting target for Domon Kasshu

Selecting target for Shining Finger

Rested unit: Gundam Barbatos Adapt

Selecting target for Shining Finger

Shining Finger: Modifier applied to: Shining Gundam

Battle initiated

SPIFFYMIK

Battle declared: Shining Gundam against Gundam Barbatos Adapt

Shining Gundam: 1 resource set as active

Kiraya

No blockers available

Action step

Kiraya

Passed

SPIFFYMIK

Passed

Battle started: Shining Gundam against Gundam Barbatos Adapt

Kiraya

Gundam Barbatos Adapt received 5 damage, now destroyed

SPIFFYMIK

Damage prevented

Shining Gundam received 0 damage, leaving 5 HP remaining

Battle ended

Battle initiated

SPIFFYMIK

Battle declared: Gundam Maxter against Enemy Player

Cannot activate Cyclone Punch: No available targets

Kiraya

No blockers available

Action step

Kiraya

Passed

SPIFFYMIK

Passed

Battle started: Gundam Maxter against EX Base

Kiraya

EX Base received 4 damage, now destroyed

Battle ended

SPIFFYMIK

Played command: Overflowing Affection

Overflowing Affection: Draw 2 cards

Selecting target for Overflowing Affection

Royal Gundam discarded

Turn end phase started

Kiraya

Passed

SPIFFYMIK

Passed

Turn ended!

Turn 10 started!

Kiraya

Gundam Gusion Rebake deployed

Selecting target for Gundam Gusion Rebake

Gundam Gusion Rebake: Dealt 1 damage to: Gundam Gusion Rebake and Gundam Maxter

Turn end phase started

SPIFFYMIK

Passed

Kiraya

Passed

Turn ended!

Turn 11 started!

SPIFFYMIK

Shining Gundam deployed

Selecting target for Shining Gundam

Royal Gundam and Gundam Maxter exiled from the game

Selecting target for Shining Gundam

Shining Finger returned to hand

Played command: Overflowing Affection

Overflowing Affection: Draw 2 cards

Selecting target for Overflowing Affection

Cyclone Punch discarded

Played action: Shining Finger

Rested unit: Gundam Gusion Rebake

Selecting target for Shining Finger

Shining Finger: Modifier applied to: Shining Gundam

Battle initiated

SPIFFYMIK

Battle declared: Shining Gundam against Gundam Gusion Rebake

Shining Gundam: 1 resource set as active

Kiraya

No blockers available

Action step

Kiraya

Passed

SPIFFYMIK

Passed

Battle started: Shining Gundam against Gundam Gusion Rebake

Kiraya

Gundam Gusion Rebake received 5 damage, now destroyed

SPIFFYMIK

Damage prevented

Shining Gundam received 0 damage, leaving 5 HP remaining

Battle ended

Turn end phase started

Kiraya

Passed

SPIFFYMIK

Passed

Turn ended!

Turn 12 started!

Kiraya

Gundam Gusion Rebake deployed

Selecting target for Gundam Gusion Rebake

Gundam Gusion Rebake: Dealt 1 damage to: Gundam Gusion Rebake and Shining Gundam

Graze Custom deployed

Turn end phase started

SPIFFYMIK

Played action: Darkness Finger

Darkness Finger: Dealt 2 damage to Graze Custom, now destroyed

Kiraya

Passed

SPIFFYMIK

Passed

Kiraya

Turn ended!

Turn 13 started!

SPIFFYMIK

Played base: Gundam Fight

Shield card added to hand

Rising Gundam deployed

Linked pilot: Domon Kasshu on unit Shining Gundam

Domon Kasshu: Draw a card

Selecting target for Domon Kasshu

Cyclone Punch discarded

Selecting target for Domon Kasshu

Selecting target for Cyclone Punch

Cyclone Punch: Modifier applied to: Gundam Gusion Rebake

Selecting target for Cyclone Punch

Linked pilot: Chibodee Crocket on unit Rising Gundam

Selecting target for Rising Gundam

Rested unit: Gundam Gusion Rebake

Battle initiated

SPIFFYMIK

Battle declared: Rising Gundam against Gundam Gusion Rebake

Kiraya

No blockers available

Action step

Kiraya

Passed

SPIFFYMIK

Passed

Battle started: Rising Gundam against Gundam Gusion Rebake

Kiraya

Gundam Gusion Rebake received 5 damage, now destroyed

SPIFFYMIK

Rising Gundam received 1 damage, leaving 3 HP remaining

Battle ended

Battle initiated

SPIFFYMIK

Battle declared: Shining Gundam against Enemy Player

Shining Gundam: 1 resource set as active

Kiraya

No blockers available

Action step

Kiraya

Passed

SPIFFYMIK

Passed

Battle started: Shining Gundam against Enemy Shield

Kiraya

Shield card: Gundam Exia Repair revealed and discarded

Battle ended

Battle initiated

SPIFFYMIK

Battle declared: Shining Gundam against Enemy Player

Shining Gundam: 1 resource set as active

Kiraya

No blockers available

Action step

Kiraya

Passed

SPIFFYMIK

Passed

Battle started: Shining Gundam against Enemy Shield

Kiraya

Shield card: Gundam Barbatos 1st Form revealed and discarded

Battle ended

SPIFFYMIK

Played command: Airframe Seizure

Selecting target for Airframe Seizure

Gundam Maxter discarded

Airframe Seizure: Draw 2 cards

Turn end phase started

Kiraya

Passed

SPIFFYMIK

Passed

Turn ended!

Turn 14 started!

Kiraya

Gundam Barbatos Lupus deployed

Activated: Gundam Barbatos Lupus

Gundam Gusion Rebake, Graze Custom and Gundam Gusion Rebake exiled from the game

Selecting target for Gundam Barbatos Lupus

Gundam Barbatos Lupus: Dealt 2 damage to Shining Gundam, leaving 2 HP remaining

Activated: Gundam Barbatos Lupus

Graze Custom, Gundam Barbatos Adapt and Gundam Barbatos 1st Form exiled from the game

Selecting target for Gundam Barbatos Lupus

Gundam Barbatos Lupus: Dealt 2 damage to Shining Gundam, now destroyed

Linked pilot: Mikazuki Augus on unit Gundam Barbatos Lupus

Selecting target for Mikazuki Augus

Mikazuki Augus: Dealt 1 damage to: Gundam Barbatos Lupus and Shining Gundam

Battle initiated

Kiraya

Battle declared: Gundam Barbatos Lupus against Enemy Player

SPIFFYMIK

No blockers available

Action step

SPIFFYMIK

Passed

Kiraya

Passed

Battle started: Gundam Barbatos Lupus against Gundam Fight

SPIFFYMIK

Gundam Fight received 7 damage, now destroyed

Battle ended

Turn end phase started

SPIFFYMIK

Passed

Kiraya

Passed

Turn ended!

Turn 15 started!

Battle initiated

SPIFFYMIK

Battle declared: Rising Gundam against Gundam Barbatos Lupus

Kiraya

No blockers available

Action step

Kiraya

Passed

SPIFFYMIK

Passed

Battle started: Rising Gundam against Gundam Barbatos Lupus

Kiraya

Gundam Barbatos Lupus received 5 damage, now destroyed

SPIFFYMIK

Rising Gundam received 7 damage, now destroyed

Battle ended

Battle initiated

SPIFFYMIK

Battle declared: Shining Gundam against Enemy Player

Kiraya

No blockers available

Action step

Kiraya

Passed

SPIFFYMIK

Passed

Battle started: Shining Gundam against Enemy Shield

Kiraya

Shield card: Axis revealed

Played base: Axis

Shield card added to hand

Battle ended

SPIFFYMIK

Haow Gundam deployed

Linked pilot: Master Asia on unit Haow Gundam

Selecting target for Haow Gundam

Battle initiated

SPIFFYMIK

Battle declared: Haow Gundam against Enemy Player

Kiraya

No blockers available

Action step

Kiraya

Passed

SPIFFYMIK

Passed

Battle started: Haow Gundam against Axis

Kiraya

Axis received 6 damage, now destroyed

Battle ended

SPIFFYMIK

Shining Gundam deployed

Turn end phase started

Kiraya

Passed

SPIFFYMIK

Passed

Turn ended!

Turn 16 started!

Kiraya

Played command: Widespread Annihilation

Widespread Annihilation: destroyed Shining Gundam and Shining Gundam

Strike Rouge (Ootori) deployed

Turn end phase started

SPIFFYMIK

Passed

Kiraya

Passed

Turn ended!

Turn 17 started!

SPIFFYMIK

Played command: Overflowing Affection

Overflowing Affection: Draw 2 cards

Selecting target for Overflowing Affection

Royal Gundam discarded

Gundam Maxter deployed

Played command: Cyclone Punch

Cyclone Punch: Modifier applied to: Strike Rouge (Ootori)

Selecting target for Cyclone Punch

Linked pilot: Chibodee Crocket on unit Gundam Maxter

Battle initiated

SPIFFYMIK

Battle declared: Gundam Maxter against Enemy Player

Selecting target for Cyclone Punch

Cyclone Punch: Modifier applied to: Strike Rouge (Ootori)

Kiraya

Assigned Strike Rouge (Ootori) to block

Action step

Kiraya

Passed

SPIFFYMIK

Passed

Battle started: Gundam Maxter against Strike Rouge (Ootori)

Kiraya

Strike Rouge (Ootori) received 4 damage, now destroyed

SPIFFYMIK

Gundam Maxter received 0 damage, leaving 3 HP remaining

Selecting target for Gundam Maxter

Battle ended

Battle initiated

SPIFFYMIK

Battle declared: Haow Gundam against Enemy Player

No targets for Master Asia

Kiraya

No blockers available

Action step

Kiraya

Passed

SPIFFYMIK

Passed

Battle started: Haow Gundam against Enemy Shield

Kiraya

Shield card: Gundam Barbatos Lupus revealed and discarded

Battle ended

Turn end phase started

Kiraya

Passed

SPIFFYMIK

Passed

Turn ended!

Turn 18 started!

Kiraya

Gundam Barbatos Lupus deployed

Gundam Barbatos Adapt deployed

Selecting target for Gundam Barbatos Adapt

Gundam Barbatos Adapt: Dealt 1 damage to: Gundam Barbatos Adapt and Haow Gundam

M1 Astray (Shrike) deployed

Selecting target for M1 Astray (Shrike)

M1 Astray (Shrike): Dealt 1 damage to Gundam Maxter, leaving 2 HP remaining

Activated: Gundam Barbatos Lupus

Hyakuren, Gundam Barbatos Lupus and Gundam Barbatos Lupus exiled from the game

Selecting target for Gundam Barbatos Lupus

Gundam Barbatos Lupus: Dealt 2 damage to Gundam Maxter, now destroyed

Turn end phase started

SPIFFYMIK

Passed

Kiraya

Passed

Turn ended!

Turn 19 started!

SPIFFYMIK

Played command: Airframe Seizure

Selecting target for Airframe Seizure

Royal Gundam discarded

Airframe Seizure: Draw 2 cards

Battle initiated

SPIFFYMIK

Battle declared: Haow Gundam against Enemy Player

Kiraya

No blockers available

Action step

Kiraya

Passed

SPIFFYMIK

Passed

Battle started: Haow Gundam against Enemy Shield

Kiraya

Shield card: Graze Custom revealed and discarded

Battle ended

SPIFFYMIK

Shining Gundam deployed

Turn end phase started

Kiraya

Passed

SPIFFYMIK

Passed

Turn ended!

Turn 20 started!

Kiraya

Gundam Flauros (Ryusei-Go) deployed

Selecting target for Gundam Flauros (Ryusei-Go)

Battle initiated

Kiraya

Battle declared: Gundam Barbatos Lupus against Haow Gundam

SPIFFYMIK

No blockers available

Action step

SPIFFYMIK

Passed

Kiraya

Passed

Battle started: Gundam Barbatos Lupus against Haow Gundam

SPIFFYMIK

Haow Gundam received 5 damage, now destroyed

Kiraya

Gundam Barbatos Lupus received 6 damage, now destroyed

Battle ended

Battle initiated

Kiraya

Battle declared: M1 Astray (Shrike) against Enemy Player

SPIFFYMIK

No blockers available

Action step

SPIFFYMIK

Passed

Kiraya

Passed

Battle started: M1 Astray (Shrike) against Enemy Shield

SPIFFYMIK

Shield card: Domon Kasshu revealed

Shield card added to hand: Domon Kasshu

Battle ended

Battle initiated

Kiraya

Battle declared: Gundam Barbatos Adapt against Enemy Player

SPIFFYMIK

No blockers available

Action step

SPIFFYMIK

Passed

Kiraya

Passed

Battle started: Gundam Barbatos Adapt against Enemy Shield

SPIFFYMIK

Shield card: Shining Gundam revealed and discarded

Battle ended

Turn end phase started

SPIFFYMIK

Passed

Kiraya

Passed

Turn ended!

Turn 21 started!

Turn end phase started

Kiraya

Passed

SPIFFYMIK

Passed

Turn ended!

Turn 22 started!

Kiraya

Played base: Axis

No more Shield cards to add to hand

Battle initiated

Kiraya

Battle declared: M1 Astray (Shrike) against Enemy Player

SPIFFYMIK

No blockers available

Action step

SPIFFYMIK

Played action: Darkness Finger

Darkness Finger: Dealt 2 damage to M1 Astray (Shrike), now destroyed

Kiraya

Passed

SPIFFYMIK

Passed

Battle ended

Battle initiated

Kiraya

Battle declared: Gundam Barbatos Adapt against Enemy Player

SPIFFYMIK

No blockers available

Action step

SPIFFYMIK

Passed

Kiraya

Passed

Battle started: Gundam Barbatos Adapt against Enemy Shield

SPIFFYMIK

Shield card: Darkness Finger revealed

Shield card: Darkness Finger moved to trash

Selecting target for Darkness Finger

Darkness Finger: Dealt 2 damage to Gundam Flauros (Ryusei-Go), leaving 1 HP remaining

Battle ended

Battle initiated

Kiraya

Battle declared: Gundam Flauros (Ryusei-Go) against Enemy Player

No targets for Gundam Flauros (Ryusei-Go)

SPIFFYMIK

No blockers available

Action step

SPIFFYMIK

Passed

Kiraya

Passed

Battle started: Gundam Flauros (Ryusei-Go) against Enemy Shield

SPIFFYMIK

Shield card: Shining Finger revealed

Shield card added to hand: Shining Finger

Battle ended

Turn end phase started

Kiraya

Passed

SPIFFYMIK

Passed

Turn ended!

Turn 23 started!

SPIFFYMIK

Played command: Overflowing Affection

Overflowing Affection: Draw 2 cards

Selecting target for Overflowing Affection

Royal Gundam discarded

Turn end phase started

Kiraya

Passed

SPIFFYMIK

Passed

Turn ended!

Turn 24 started!

Battle initiated

Kiraya

Battle declared: Gundam Barbatos Adapt against Enemy Player

SPIFFYMIK

No blockers available

Action step

SPIFFYMIK

Played action: Shining Finger

Rested unit: Gundam Flauros (Ryusei-Go)

Kiraya

Passed

SPIFFYMIK

Passed

Kiraya

Battle started: Gundam Barbatos Adapt against Enemy Shield

SPIFFYMIK

Shield card: Gundam Fight revealed

Played base: Gundam Fight

No more Shield cards to add to hand

Battle ended

Kiraya

Gundam Barbatos Adapt deployed

Selecting target for Gundam Barbatos Adapt

Gundam Barbatos Adapt: Dealt 1 damage to: Gundam Barbatos Adapt and Gundam Maxter

Turn end phase started

SPIFFYMIK

Passed

Kiraya

Passed

Turn ended!

Turn 25 started!

SPIFFYMIK

Haow Gundam deployed

Linked pilot: Master Asia on unit Haow Gundam

Selecting target for Haow Gundam

Paired pilot: Domon Kasshu on unit Gundam Maxter

Domon Kasshu: Draw a card

Selecting target for Domon Kasshu

Shining Finger discarded

Selecting target for Domon Kasshu

Selecting target for Shining Finger

Rested unit: Gundam Barbatos Adapt

Winner!

Game ended!