Mobile Suit Arena - Battle logs
Game started!

Kiraya

Choose to play second

Choose to keep starting hand

Bela

Choose to keep starting hand

Turn 1 started!

Turn end phase started

Kiraya

Passed

Bela

Passed

Turn ended!

Turn 2 started!

Kiraya

M1 Astray (Shrike) deployed

No targets for M1 Astray (Shrike)

Turn end phase started

Bela

Passed

Kiraya

Passed

Turn ended!

Turn 3 started!

Bela

Zaku Ⅱ deployed

Jegan deployed

Turn end phase started

Kiraya

Passed

Bela

Passed

Turn ended!

Turn 4 started!

Kiraya

Hyakuren deployed

Turn end phase started

Bela

Passed

Kiraya

Passed

Turn ended!

Turn 5 started!

Bela

Gundam Ez8 High Mobility Custom deployed

Zaku Ⅱ deployed

Battle initiated

Bela

Battle declared: Zaku Ⅱ against Enemy Player

Zaku Ⅱ: Modifier applied to: Zaku Ⅱ

Kiraya

No blockers available

Action step

Kiraya

Passed

Bela

Passed

Battle started: Zaku Ⅱ against EX Base

Kiraya

EX Base received 3 damage, now destroyed

Battle ended

Battle initiated

Bela

Battle declared: Jegan against Enemy Player

Kiraya

No blockers available

Action step

Kiraya

Passed

Bela

Passed

Battle started: Jegan against Enemy Shield

Kiraya

Shield card: Widespread Annihilation revealed and discarded

Battle ended

Turn end phase started

Kiraya

Passed

Bela

Passed

Turn ended!

Turn 6 started!

Kiraya

Gundam Barbatos 1st Form deployed

Linked pilot: Mikazuki Augus on unit Gundam Barbatos 1st Form

Selecting target for Mikazuki Augus

Mikazuki Augus: Dealt 1 damage to: Gundam Barbatos 1st Form and Zaku Ⅱ

Battle initiated

Kiraya

Battle declared: Gundam Barbatos 1st Form against Enemy Player

Gundam Barbatos 1st Form: Draw a card

Bela

No blockers available

Action step

Bela

Passed

Kiraya

Passed

Battle started: Gundam Barbatos 1st Form against EX Base

Bela

EX Base received 5 damage, now destroyed

Battle ended

Kiraya

M1 Astray (Shrike) deployed

Selecting target for M1 Astray (Shrike)

M1 Astray (Shrike): Dealt 1 damage to Zaku Ⅱ, leaving 1 HP remaining

Battle initiated

Kiraya

Battle declared: M1 Astray (Shrike) against Zaku Ⅱ

Bela

No blockers available

Action step

Bela

Passed

Kiraya

Passed

Battle started: M1 Astray (Shrike) against Zaku Ⅱ

Bela

Zaku Ⅱ received 1 damage, now destroyed

Kiraya

M1 Astray (Shrike) received 1 damage, leaving 1 HP remaining

Battle ended

Battle initiated

Kiraya

Battle declared: Hyakuren against Enemy Player

Bela

No blockers available

Action step

Bela

Passed

Kiraya

Passed

Battle started: Hyakuren against Enemy Shield

Bela

Shield card: Rick Dom revealed and discarded

Battle ended

Turn end phase started

Bela

Passed

Kiraya

Passed

Turn ended!

Turn 7 started!

Battle initiated

Bela

Battle declared: Jegan against Gundam Barbatos 1st Form

Kiraya

No blockers available

Action step

Kiraya

Passed

Bela

Passed

Battle started: Jegan against Gundam Barbatos 1st Form

Kiraya

Gundam Barbatos 1st Form received 2 damage, now destroyed

Bela

Jegan received 5 damage, now destroyed

Battle ended

Battle initiated

Bela

Battle declared: Gundam Ez8 High Mobility Custom against Hyakuren

Kiraya

No blockers available

Action step

Kiraya

Passed

Bela

Passed

Battle started: Gundam Ez8 High Mobility Custom against Hyakuren

Kiraya

Hyakuren received 4 damage, now destroyed

Bela

Gundam Ez8 High Mobility Custom received 4 damage, now destroyed

Battle ended

Bela

Gundam deployed

Linked pilot: Amuro Ray on unit Gundam

Selecting target for Amuro Ray

Rested unit: M1 Astray (Shrike)

Battle initiated

Bela

Battle declared: Gundam against M1 Astray (Shrike)

Kiraya

No blockers available

Action step

Kiraya

Passed

Bela

Passed

Battle started: Gundam against M1 Astray (Shrike)

Kiraya

M1 Astray (Shrike) received 6 damage, now destroyed

Bela

Gundam received 1 damage, leaving 4 HP remaining

Battle ended

Battle initiated

Bela

Battle declared: Zaku Ⅱ against M1 Astray (Shrike)

Zaku Ⅱ: Modifier applied to: Zaku Ⅱ

Kiraya

No blockers available

Action step

Kiraya

Passed

Bela

Passed

Battle started: Zaku Ⅱ against M1 Astray (Shrike)

Kiraya

M1 Astray (Shrike) received 4 damage, now destroyed

Bela

Zaku Ⅱ received 1 damage, now destroyed

Battle ended

Turn end phase started

Kiraya

Passed

Bela

Passed

Gundam repaired 1 from [Repair 2]

Turn ended!

Turn 8 started!

Kiraya

Strike Rouge (Ootori) deployed

Graze Custom deployed

Turn end phase started

Bela

Passed

Kiraya

Passed

Turn ended!

Turn 9 started!

Bela

Re-GZ deployed

Kayra's Re-GZ deployed

Selecting target for Kayra's Re-GZ

Returned to deck top

Battle initiated

Bela

Battle declared: Gundam against Enemy Player

Kiraya

Assigned no blocker

Action step

Kiraya

Passed

Bela

Passed

Battle started: Gundam against Enemy Shield

Kiraya

Shield card: Kira Yamato revealed

Shield card added to hand: Kira Yamato

Battle ended

Turn end phase started

Kiraya

Passed

Bela

Passed

Turn ended!

Turn 10 started!

Battle initiated

Kiraya

Battle declared: Graze Custom against Enemy Player

Bela

No blockers available

Action step

Bela

Passed

Kiraya

Passed

Battle started: Graze Custom against Enemy Shield

Bela

Shield card: Amuro Ray revealed

Shield card added to hand: Amuro Ray

Battle ended

Kiraya

Gundam Gusion Rebake deployed

Selecting target for Gundam Gusion Rebake

Gundam Gusion Rebake: Dealt 1 damage to: Strike Rouge (Ootori) and Re-GZ

Paired pilot: Mikazuki Augus on unit Graze Custom

Selecting target for Mikazuki Augus

Mikazuki Augus: Dealt 1 damage to: Strike Rouge (Ootori) and Re-GZ

Bela

Selecting target for Re-GZ

Card added to hand: Re-GZ

Battle initiated

Kiraya

Battle declared: Strike Rouge (Ootori) against Enemy Player

Bela

No blockers available

Action step

Bela

Passed

Kiraya

Passed

Battle started: Strike Rouge (Ootori) against Enemy Shield

Bela

Shield card: Guntank revealed and discarded

Battle ended

Turn end phase started

Bela

Passed

Kiraya

Passed

Turn ended!

Turn 11 started!

Bela

Jegan deployed

Re-GZ deployed

Battle initiated

Bela

Battle declared: Gundam against Strike Rouge (Ootori)

Kiraya

Assigned no blocker

Action step

Kiraya

Passed

Bela

Passed

Battle started: Gundam against Strike Rouge (Ootori)

Kiraya

Strike Rouge (Ootori) received 6 damage, now destroyed

Bela

Gundam received 3 damage, leaving 2 HP remaining

Battle ended

Battle initiated

Bela

Battle declared: Kayra's Re-GZ against Graze Custom

Kiraya

Assigned Gundam Gusion Rebake to block

Action step

Kiraya

Passed

Bela

Passed

Battle started: Kayra's Re-GZ against Gundam Gusion Rebake

Kiraya

Gundam Gusion Rebake received 4 damage, leaving 1 HP remaining

Bela

Kayra's Re-GZ received 3 damage, now destroyed

Battle ended

Turn end phase started

Kiraya

Passed

Bela

Passed

Gundam repaired 2 from [Repair 2]

Turn ended!

Turn 12 started!

Battle initiated

Kiraya

Battle declared: Graze Custom against Enemy Player

Bela

No blockers available

Action step

Bela

Passed

Kiraya

Passed

Battle started: Graze Custom against Enemy Shield

Bela

Shield card: Jegan revealed and discarded

Battle ended

Kiraya

Played command: Widespread Annihilation

Widespread Annihilation: destroyed Gundam, Jegan, Re-GZ and Graze Custom

Bela

Selecting target for Re-GZ

Card added to hand: Nu Gundam

Battle initiated

Kiraya

Battle declared: Gundam Gusion Rebake against Enemy Player

Bela

No blockers available

Action step

Bela

Passed

Kiraya

Passed

Battle started: Gundam Gusion Rebake against Enemy Shield

Bela

Shield card: Amuro Ray revealed

Shield card added to hand: Amuro Ray

Battle ended

Turn end phase started

Bela

Passed

Kiraya

Passed

Turn ended!

Turn 13 started!

Bela

Nu Gundam deployed

Linked pilot: Amuro Ray on unit Nu Gundam

Selecting target for Nu Gundam

Jegan, Jegan and Jegan exiled from the game

Selecting target for Nu Gundam

Battle started: Nu Gundam against Gundam Gusion Rebake

Kiraya

Gundam Gusion Rebake received 7 damage, now destroyed

Bela

Nu Gundam received 3 damage, leaving 4 HP remaining

Kiraya

Breach 5 Shield card: Axis revealed

Played base: Axis

Bela

Healed 2 damage to: Nu Gundam

Kiraya

Shield card added to hand

Battle ended

Battle initiated

Bela

Battle declared: Nu Gundam against Enemy Player

Kiraya

No blockers available

Action step

Kiraya

Passed

Bela

Passed

Battle started: Nu Gundam against Axis

Kiraya

Axis received 7 damage, now destroyed

Battle ended

Turn end phase started

Kiraya

Passed

Bela

Passed

Turn ended!

Turn 14 started!

Kiraya

Hyakuren deployed

Gundam Barbatos 1st Form deployed

Turn end phase started

Bela

Passed

Kiraya

Passed

Turn ended!

Turn 15 started!

Bela

Nu Gundam deployed

Placed 1 Resource EX

Linked pilot: Amuro Ray on unit Nu Gundam

Battle initiated

Bela

Battle declared: Nu Gundam against Enemy Player

Kiraya

No blockers available

Action step

Kiraya

Passed

Bela

Passed

Battle started: Nu Gundam against Enemy Shield

Kiraya

Shield card: Kira Yamato revealed

Shield card added to hand: Kira Yamato

Battle ended

Battle initiated

Bela

Battle declared: Nu Gundam against Enemy Player

Kiraya

No blockers available

Action step

Kiraya

Passed

Bela

Passed

Battle started: Nu Gundam against Enemy Shield

Kiraya

Shield card: Axis revealed

Played base: Axis

No more Shield cards to add to hand

Battle ended

Bela

Re-GZ deployed

Turn end phase started

Kiraya

Passed

Bela

Passed

Turn ended!

Turn 16 started!

Kiraya

Strike Freedom Gundam deployed

Selecting target for Strike Freedom Gundam

Strike Freedom Gundam: Modifier applied to: Gundam Barbatos 1st Form

Strike Freedom Gundam: Modifier applied to: Strike Freedom Gundam

Strike Freedom Gundam: chose Gundam Barbatos 1st Form and Strike Freedom Gundam

Battle initiated

Kiraya

Battle declared: Gundam Barbatos 1st Form against Enemy Player

Bela

No blockers available

Action step

Bela

Passed

Kiraya

Passed

Battle started: Gundam Barbatos 1st Form against Enemy Shield

Bela

Shield card: Gundam Ez8 High Mobility Custom revealed and discarded

Kiraya

Strike Freedom Gundam: Draw a card

Battle ended

Kiraya

Linked pilot: Kira Yamato on unit Strike Freedom Gundam

Kira Yamato: Draw a card

Graze Custom deployed

Battle initiated

Kiraya

Battle declared: Strike Freedom Gundam against Enemy Player

Selecting target for Strike Freedom Gundam

Kira Yamato and Kira Yamato discarded

Selecting target for Strike Freedom Gundam

Bela

Re-GZ returned to deck

No blockers available

Action step

Bela

Passed

Kiraya

Passed

Battle started: Strike Freedom Gundam against Enemy Player

Bela

No more shields available, game is over!

Kiraya

Winner!

Game ended!