Mobile Suit Arena - Battle logs
Game started!

Essen

Choose to play second

Kiraya

Choose to keep starting hand

Essen

Choose to keep starting hand

Turn 1 started!

Turn end phase started

Essen

Passed

Kiraya

Passed

Turn ended!

Turn 2 started!

Essen

Jegan deployed

Turn end phase started

Kiraya

Passed

Essen

Passed

Turn ended!

Turn 3 started!

Kiraya

Graze Custom deployed

Gundam Exia Repair deployed

Turn end phase started

Essen

Passed

Kiraya

Passed

Turn ended!

Turn 4 started!

Essen

Kayra's Re-GZ deployed

Selecting target for Kayra's Re-GZ

Returned to deck top

Turn end phase started

Kiraya

Passed

Essen

Passed

Turn ended!

Turn 5 started!

Kiraya

Gundam Barbatos 1st Form deployed

Turn end phase started

Essen

Passed

Kiraya

Passed

Turn ended!

Turn 6 started!

Essen

Kayra's Jegan deployed

Selecting target for Kayra's Jegan

Kayra's Jegan: Modifier applied to: Jegan

Battle initiated

Essen

Battle declared: Jegan against Gundam Barbatos 1st Form

Kiraya

No blockers available

Action step

Kiraya

Passed

Essen

Passed

Battle started: Jegan against Gundam Barbatos 1st Form

Kiraya

Gundam Barbatos 1st Form received 2 damage, now destroyed

Essen

Jegan received 3 damage, now destroyed

Battle ended

Battle initiated

Essen

Battle declared: Kayra's Re-GZ against Enemy Player

Kiraya

No blockers available

Action step

Kiraya

Passed

Essen

Passed

Battle started: Kayra's Re-GZ against EX Base

Kiraya

EX Base received 3 damage, now destroyed

Battle ended

Turn end phase started

Kiraya

Passed

Essen

Passed

Turn ended!

Turn 7 started!

Kiraya

Gundam Barbatos 1st Form deployed

Gundam Barbatos Adapt deployed

Selecting target for Gundam Barbatos Adapt

Gundam Barbatos Adapt: Dealt 1 damage to: Gundam Barbatos 1st Form and Kayra's Jegan

Battle initiated

Kiraya

Battle declared: Gundam Exia Repair against Kayra's Re-GZ

Essen

No blockers available

Action step

Essen

Passed

Kiraya

Passed

Battle started: Gundam Exia Repair against Kayra's Re-GZ

Essen

Kayra's Re-GZ received 2 damage, leaving 1 HP remaining

Kiraya

Gundam Exia Repair received 3 damage, now destroyed

Gundam Exia Repair: destroyed Kayra's Re-GZ

Gundam Exia Repair milled 2: Strike Rouge (Ootori) and Hyakuren moved to trash

Battle ended

Turn end phase started

Essen

Passed

Kiraya

Passed

Turn ended!

Turn 8 started!

Battle initiated

Essen

Battle declared: Kayra's Jegan against Enemy Player

Kiraya

No blockers available

Action step

Kiraya

Passed

Essen

Passed

Battle started: Kayra's Jegan against Enemy Shield

Kiraya

Shield card: Gundam Barbatos Lupus revealed and discarded

Battle ended

Essen

Gundam deployed

Linked pilot: Amuro Ray on unit Gundam

Selecting target for Amuro Ray

Rested unit: Gundam Barbatos 1st Form

Battle initiated

Essen

Battle declared: Gundam against Gundam Barbatos 1st Form

Kiraya

No blockers available

Action step

Kiraya

Passed

Essen

Passed

Battle started: Gundam against Gundam Barbatos 1st Form

Kiraya

Gundam Barbatos 1st Form received 6 damage, now destroyed

Essen

Gundam received 3 damage, leaving 2 HP remaining

Battle ended

Essen

Replaced EX Base base: Ra Cailum

Shield card added to hand

Turn end phase started

Kiraya

Passed

Essen

Passed

Gundam repaired 2 from [Repair 2]

Turn ended!

Turn 9 started!

Kiraya

Played base: Axis

Shield card added to hand

Strike Rouge (Ootori) deployed

Battle initiated

Kiraya

Battle declared: Graze Custom against Kayra's Jegan

Essen

No blockers available

Action step

Essen

Passed

Kiraya

Passed

Battle started: Graze Custom against Kayra's Jegan

Essen

Kayra's Jegan received 2 damage, now destroyed

Kiraya

Graze Custom received 2 damage, now destroyed

Battle ended

Kiraya

Paired pilot: Kira Yamato on unit Gundam Barbatos Adapt

Battle initiated

Kiraya

Battle declared: Gundam Barbatos Adapt against Gundam

Essen

No blockers available

Action step

Essen

Passed

Kiraya

Passed

Battle started: Gundam Barbatos Adapt against Gundam

Essen

Gundam received 4 damage, now destroyed

Kiraya

Gundam Barbatos Adapt received 5 damage, leaving 1 HP remaining

Battle ended

Turn end phase started

Essen

Passed

Kiraya

Passed

Turn ended!

Turn 10 started!

Essen

Re-GZ BWS deployed

Placed 1 Resource EX

Kayra's Re-GZ deployed

Selecting target for Kayra's Re-GZ

Returned to deck top

Turn end phase started

Kiraya

Passed

Essen

Passed

Turn ended!

Turn 11 started!

Battle initiated

Kiraya

Battle declared: Gundam Barbatos Adapt against Enemy Player

Essen

No blockers available

Action step

Essen

Passed

Kiraya

Passed

Battle started: Gundam Barbatos Adapt against Ra Cailum

Essen

Ra Cailum received 4 damage, leaving 1 HP remaining

Battle ended

Kiraya

Gundam Barbatos 1st Form deployed

Gundam Gusion Rebake deployed

Selecting target for Gundam Gusion Rebake

Gundam Gusion Rebake: Dealt 1 damage to: Gundam Barbatos 1st Form and Kayra's Re-GZ

Turn end phase started

Essen

Passed

Kiraya

Passed

Turn ended!

Turn 12 started!

Essen

Played command: A Show of Resolve

A Show of Resolve: Draw 2 cards

Activated: Ra Cailum

Rested base: Ra Cailum

Ra Cailum: Modifier applied to: Kayra's Re-GZ

Kayra's Jegan deployed

Selecting target for Kayra's Jegan

Kayra's Jegan: Modifier applied to: Kayra's Re-GZ

Battle initiated

Essen

Battle declared: Kayra's Re-GZ against Gundam Barbatos 1st Form

Kiraya

Assigned Strike Rouge (Ootori) to block

Action step

Kiraya

Passed

Essen

Passed

Battle started: Kayra's Re-GZ against Strike Rouge (Ootori)

Kiraya

Strike Rouge (Ootori) received 3 damage, leaving 1 HP remaining

Essen

Kayra's Re-GZ received 3 damage, reduced by 1, now destroyed

Battle ended

Turn end phase started

Kiraya

Passed

Essen

Passed

Turn ended!

Turn 13 started!

Battle initiated

Kiraya

Battle declared: Gundam Barbatos Adapt against Enemy Player

Essen

No blockers available

Action step

Essen

Passed

Kiraya

Passed

Battle started: Gundam Barbatos Adapt against Ra Cailum

Essen

Ra Cailum received 4 damage, now destroyed

Battle ended

Battle initiated

Kiraya

Battle declared: Gundam Barbatos 1st Form against Enemy Player

Gundam Barbatos 1st Form: Draw a card

Essen

No blockers available

Action step

Essen

Passed

Kiraya

Passed

Battle started: Gundam Barbatos 1st Form against Enemy Shield

Essen

Shield card: Amuro Ray revealed

Shield card added to hand: Amuro Ray

Battle ended

Kiraya

Gundam Barbatos Lupus deployed

Activated: Gundam Barbatos Lupus

Gundam Barbatos Lupus, Gundam Barbatos 1st Form and Graze Custom exiled from the game

Selecting target for Gundam Barbatos Lupus

Gundam Barbatos Lupus: Dealt 2 damage to Kayra's Jegan, leaving 1 HP remaining

Linked pilot: Mikazuki Augus on unit Gundam Barbatos 1st Form

Selecting target for Mikazuki Augus

Mikazuki Augus: Dealt 1 damage to: Gundam Barbatos Adapt and Kayra's Jegan

Activated: Gundam Barbatos Lupus

Gundam Barbatos 1st Form, Hyakuren and Gundam Barbatos Adapt exiled from the game

Selecting target for Gundam Barbatos Lupus

Gundam Barbatos Lupus: Dealt 2 damage to Re-GZ BWS, now destroyed

Battle initiated

Kiraya

Battle declared: Strike Rouge (Ootori) against Enemy Player

Essen

No blockers available

Action step

Essen

Passed

Kiraya

Passed

Battle started: Strike Rouge (Ootori) against Enemy Shield

Essen

Shield card: Nu Gundam revealed and discarded

Battle ended

Turn end phase started

Essen

Passed

Kiraya

Passed

Turn ended!

Turn 14 started!

Essen

Played base: Ra Cailum

Shield card added to hand

Nu Gundam deployed

Activated: Ra Cailum

Rested base: Ra Cailum

Ra Cailum: Modifier applied to: Nu Gundam

Linked pilot: Amuro Ray on unit Nu Gundam

Selecting target for Nu Gundam

Kayra's Jegan, Re-GZ BWS and Nu Gundam exiled from the game

Selecting target for Nu Gundam

Battle started: Nu Gundam against Gundam Gusion Rebake

Kiraya

Gundam Gusion Rebake received 7 damage, now destroyed

Essen

Nu Gundam received 3 damage, reduced by 1, leaving 5 HP remaining

Healed 2 damage to: Nu Gundam

Kiraya

Breach 5: : Axis received 5 damage, leaving 1 HP remaining

Battle ended

Battle initiated

Essen

Battle declared: Nu Gundam against Gundam Barbatos 1st Form

Kiraya

No blockers available

Action step

Kiraya

Passed

Essen

Passed

Battle started: Nu Gundam against Gundam Barbatos 1st Form

Kiraya

Gundam Barbatos 1st Form received 7 damage, now destroyed

Essen

Nu Gundam received 5 damage, reduced by 1, leaving 3 HP remaining

Healed 2 damage to: Nu Gundam

Kiraya

Breach 5: : Axis received 5 damage, now destroyed

Battle ended

Turn end phase started

Kiraya

Passed

Essen

Passed

Turn ended!

Turn 15 started!

Kiraya

Gundam Gusion Rebake deployed

Selecting target for Gundam Gusion Rebake

Gundam Gusion Rebake: Dealt 1 damage to: Gundam Barbatos Lupus and Nu Gundam

Battle initiated

Kiraya

Battle declared: Gundam Barbatos Lupus against Nu Gundam

Essen

No blockers available

Action step

Essen

Passed

Kiraya

Passed

Battle started: Gundam Barbatos Lupus against Nu Gundam

Essen

Nu Gundam received 5 damage, now destroyed

Kiraya

Gundam Barbatos Lupus received 7 damage, now destroyed

Battle ended

Kiraya

Gundam Flauros (Ryusei-Go) deployed

No targets for Gundam Flauros (Ryusei-Go)

Battle initiated

Kiraya

Battle declared: Strike Rouge (Ootori) against Enemy Player

Essen

No blockers available

Action step

Essen

Passed

Kiraya

Passed

Battle started: Strike Rouge (Ootori) against Ra Cailum

Essen

Ra Cailum received 3 damage, leaving 2 HP remaining

Battle ended

Turn end phase started

Essen

Passed

Kiraya

Passed

Turn ended!

Turn 16 started!

Essen

Delta Plus deployed

Re-GZ deployed

Linked pilot: Amuro Ray on unit Re-GZ

Activated: Ra Cailum

Rested base: Ra Cailum

Ra Cailum: Modifier applied to: Re-GZ

Battle initiated

Essen

Battle declared: Re-GZ against Strike Rouge (Ootori)

Kiraya

Assigned no blocker

Action step

Kiraya

Passed

Essen

Passed

Battle started: Re-GZ against Strike Rouge (Ootori)

Kiraya

Strike Rouge (Ootori) received 6 damage, now destroyed

Essen

Re-GZ received 3 damage, reduced by 1, leaving 2 HP remaining

Healed 2 damage to: Re-GZ

Battle ended

Essen

Linked pilot: Amuro Ray on unit Delta Plus

Battle initiated

Essen

Battle declared: Delta Plus against Enemy Player

Kiraya

Assigned no blocker

Action step

Kiraya

Passed

Essen

Passed

Battle started: Delta Plus against Enemy Shield

Kiraya

Shield card: Gundam Barbatos Lupus revealed and discarded

Battle ended

Turn end phase started

Kiraya

Passed

Essen

Passed

Turn ended!

Turn 17 started!

Kiraya

Played command: Widespread Annihilation

Widespread Annihilation: destroyed Delta Plus and Re-GZ

Essen

Selecting target for Re-GZ

Card added to hand: Nu Gundam

Battle initiated

Kiraya

Battle declared: Gundam Flauros (Ryusei-Go) against Enemy Player

No targets for Gundam Flauros (Ryusei-Go)

Essen

No blockers available

Action step

Essen

Passed

Kiraya

Passed

Battle started: Gundam Flauros (Ryusei-Go) against Ra Cailum

Essen

Ra Cailum received 5 damage, now destroyed

Battle ended

Battle initiated

Kiraya

Battle declared: Gundam Gusion Rebake against Enemy Player

Essen

No blockers available

Action step

Essen

Passed

Kiraya

Passed

Battle started: Gundam Gusion Rebake against Enemy Shield

Essen

Shield card: Jegan revealed and discarded

Battle ended

Kiraya

Gundam Barbatos Adapt deployed

No targets for Gundam Barbatos Adapt

Turn end phase started

Essen

Passed

Kiraya

Passed

Turn ended!

Turn 18 started!

Essen

Nu Gundam deployed

Placed 1 Resource EX

Played command: Mutual Attraction

Selecting target for Mutual Attraction

Amuro Ray returned to hand

Linked pilot: Amuro Ray on unit Nu Gundam

Battle initiated

Essen

Battle declared: Nu Gundam against Gundam Gusion Rebake

Kiraya

No blockers available

Action step

Kiraya

Passed

Essen

Passed

Battle started: Nu Gundam against Gundam Gusion Rebake

Kiraya

Gundam Gusion Rebake received 6 damage, now destroyed

Essen

Nu Gundam received 3 damage, leaving 3 HP remaining

Healed 2 damage to: Nu Gundam

Kiraya

Breach 3 Shield card: Widespread Annihilation revealed and discarded

Battle ended

Essen

Jegan deployed

Turn end phase started

Kiraya

Passed

Essen

Passed

Turn ended!

Turn 19 started!

Battle initiated

Kiraya

Battle declared: Gundam Barbatos Adapt against Enemy Player

Essen

No blockers available

Action step

Essen

Passed

Kiraya

Passed

Battle started: Gundam Barbatos Adapt against Enemy Shield

Essen

Shield card: Nu Gundam revealed and discarded

Battle ended

Battle initiated

Kiraya

Battle declared: Gundam Flauros (Ryusei-Go) against Enemy Player

Selecting target for Gundam Flauros (Ryusei-Go)

Essen

No blockers available

Action step

Essen

Passed

Kiraya

Passed

Battle started: Gundam Flauros (Ryusei-Go) against Enemy Player

Essen

No more shields available, game is over!

Kiraya

Winner!

Game ended!