Mobile Suit Arena - Battle logs
Game started!

AsoNgPilay

Choose to play second

Kiraya

Choose to mulligan starting hand

AsoNgPilay

Choose to mulligan starting hand

Turn 1 started!

Turn end phase started

AsoNgPilay

Passed

Kiraya

Passed

Turn ended!

Turn 2 started!

Turn end phase started

Kiraya

Passed

AsoNgPilay

Passed

Turn ended!

Turn 3 started!

Turn end phase started

AsoNgPilay

Passed

Kiraya

Passed

Turn ended!

Turn 4 started!

AsoNgPilay

Flat (Militia) deployed

Turn end phase started

Kiraya

Passed

AsoNgPilay

Passed

Turn ended!

Turn 5 started!

Kiraya

Hyakuren deployed

Graze Custom deployed

Turn end phase started

AsoNgPilay

Passed

Kiraya

Passed

Turn ended!

Turn 6 started!

AsoNgPilay

Played command: Striker Pack

Selecting target for Striker Pack

Launcher Strike Gundam deployed

Turn end phase started

Kiraya

Passed

AsoNgPilay

Passed

Turn ended!

Turn 7 started!

Kiraya

Replaced EX Base base: Axis

Shield card added to hand

Gundam Barbatos Adapt deployed

Selecting target for Gundam Barbatos Adapt

Gundam Barbatos Adapt: Dealt 1 damage to: Gundam Barbatos Adapt and Flat (Militia)

Linked pilot: Mikazuki Augus on unit Gundam Barbatos Adapt

Selecting target for Mikazuki Augus

Mikazuki Augus: Dealt 1 damage to: Gundam Barbatos Adapt and Flat (Militia)

Turn end phase started

AsoNgPilay

Passed

Kiraya

Passed

Turn ended!

Turn 8 started!

AsoNgPilay

Played command: Overflowing Affection

Overflowing Affection: Draw 2 cards

Selecting target for Overflowing Affection

Rau Le Creuset discarded

Turn end phase started

Kiraya

Passed

AsoNgPilay

Passed

Turn ended!

Turn 9 started!

Kiraya

Gundam Flauros (Ryusei-Go) deployed

Selecting target for Gundam Flauros (Ryusei-Go)

Battle initiated

Kiraya

Battle declared: Hyakuren against Enemy Player

AsoNgPilay

Assigned no blocker

Action step

AsoNgPilay

Played action: Graceful Demeanor

Kiraya

Hyakuren and Graze Custom returned to hand

Passed

AsoNgPilay

Passed

Battle ended

Battle initiated

Kiraya

Battle declared: Gundam Barbatos Adapt against Enemy Player

AsoNgPilay

Assigned no blocker

Action step

AsoNgPilay

Passed

Kiraya

Passed

Battle started: Gundam Barbatos Adapt against EX Base

AsoNgPilay

EX Base received 4 damage, now destroyed

Battle ended

Kiraya

Graze Custom deployed

Turn end phase started

AsoNgPilay

Passed

Kiraya

Passed

Turn ended!

Turn 10 started!

AsoNgPilay

Aile Strike Gundam deployed

Linked pilot: Kira Yamato on unit Aile Strike Gundam

Selecting target for Aile Strike Gundam

Kiraya

Gundam Flauros (Ryusei-Go) returned to hand

Battle initiated

AsoNgPilay

Battle declared: Aile Strike Gundam against Gundam Barbatos Adapt

Selecting target for Kira Yamato

Kira Yamato: Modifier applied to: Gundam Barbatos Adapt

Kiraya

No blockers available

Action step

Kiraya

Passed

AsoNgPilay

Passed

Battle started: Aile Strike Gundam against Gundam Barbatos Adapt

Kiraya

Gundam Barbatos Adapt received 6 damage, now destroyed

AsoNgPilay

Aile Strike Gundam received 2 damage, leaving 3 HP remaining

Battle ended

Turn end phase started

Kiraya

Passed

AsoNgPilay

Passed

Turn ended!

Turn 11 started!

Kiraya

Gundam Gusion Rebake deployed

Selecting target for Gundam Gusion Rebake

Gundam Gusion Rebake: Dealt 1 damage to: Graze Custom and Flat (Militia)

Paired pilot: Mikazuki Augus on unit Graze Custom

Selecting target for Mikazuki Augus

Mikazuki Augus: Dealt 1 damage to: Graze Custom and Flat (Militia)

Battle initiated

Kiraya

Battle declared: Graze Custom against Aile Strike Gundam

AsoNgPilay

No blockers available

Action step

AsoNgPilay

Passed

Kiraya

Passed

Battle started: Graze Custom against Aile Strike Gundam

AsoNgPilay

Aile Strike Gundam received 4 damage, now destroyed

Kiraya

Graze Custom received 6 damage, now destroyed

Battle ended

Turn end phase started

AsoNgPilay

Passed

Kiraya

Passed

Turn ended!

Turn 12 started!

AsoNgPilay

Played base: Jachin Due

Shield card added to hand

No targets for Jachin Due

Justice Gundam deployed

Fatum-00 deployed

Linked pilot: Athrun Zala on unit Justice Gundam

Battle initiated

AsoNgPilay

Battle declared: Justice Gundam against Gundam Gusion Rebake

Selecting target for Justice Gundam

Fatum-00 attack this turn

Kiraya

No blockers available

Action step

Kiraya

Passed

AsoNgPilay

Passed

Battle started: Justice Gundam against Gundam Gusion Rebake

Kiraya

Gundam Gusion Rebake received 6 damage, now destroyed

AsoNgPilay

Justice Gundam received 3 damage, leaving 4 HP remaining

Battle ended

Battle initiated

AsoNgPilay

Battle declared: Fatum-00 against Enemy Player

Kiraya

No blockers available

Action step

Kiraya

Passed

AsoNgPilay

Passed

Battle started: Fatum-00 against Axis

Kiraya

Axis received 2 damage, leaving 4 HP remaining

Battle ended

Turn end phase started

Kiraya

Passed

AsoNgPilay

Passed

Turn ended!

Turn 13 started!

Kiraya

Gundam Flauros (Ryusei-Go) deployed

Selecting target for Gundam Flauros (Ryusei-Go)

Replaced Axis base: Axis

Shield card added to hand

Hyakuren deployed

Turn end phase started

AsoNgPilay

Passed

Kiraya

Passed

Turn ended!

Turn 14 started!

Battle initiated

AsoNgPilay

Battle declared: Justice Gundam against Enemy Player

No targets for Justice Gundam

Kiraya

No blockers available

Action step

Kiraya

Passed

AsoNgPilay

Passed

Battle started: Justice Gundam against Axis

Kiraya

Axis received 6 damage, now destroyed

Battle ended

AsoNgPilay

GFreD deployed

Activated: GFreD

Rau Le Creuset exiled from the game

Rested 1 Resource

Dealt 1 damage to: Gundam Flauros (Ryusei-Go) and Hyakuren

Turn end phase started

Kiraya

Passed

AsoNgPilay

Passed

Turn ended!

Turn 15 started!

Kiraya

Strike Freedom Gundam deployed

Selecting target for Strike Freedom Gundam

Strike Freedom Gundam: Modifier applied to: Hyakuren

Strike Freedom Gundam: Modifier applied to: Strike Freedom Gundam

Strike Freedom Gundam: chose Hyakuren and Strike Freedom Gundam

Battle initiated

Kiraya

Battle declared: Hyakuren against Justice Gundam

AsoNgPilay

No blockers available

Action step

AsoNgPilay

Passed

Kiraya

Passed

Battle started: Hyakuren against Justice Gundam

AsoNgPilay

Justice Gundam received 4 damage, now destroyed

Kiraya

Hyakuren received 6 damage, now destroyed

Strike Freedom Gundam: Draw a card

Battle ended

Kiraya

Played base: Axis

Shield card added to hand

Linked pilot: Kira Yamato on unit Strike Freedom Gundam

Kira Yamato: Draw a card

Battle initiated

Kiraya

Battle declared: Strike Freedom Gundam against Enemy Player

Selecting target for Strike Freedom Gundam

Gundam Exia Repair and Graze Custom discarded

Selecting target for Strike Freedom Gundam

AsoNgPilay

GFreD returned to deck

No blockers available

Action step

AsoNgPilay

Passed

Kiraya

Passed

Battle started: Strike Freedom Gundam against Jachin Due

AsoNgPilay

Jachin Due received 7 damage, now destroyed

Kiraya

Strike Freedom Gundam: Draw a card

Battle ended

Battle initiated

Kiraya

Battle declared: Gundam Flauros (Ryusei-Go) against Enemy Player

No targets for Gundam Flauros (Ryusei-Go)

AsoNgPilay

No blockers available

Action step

AsoNgPilay

Passed

Kiraya

Passed

Battle started: Gundam Flauros (Ryusei-Go) against Enemy Shield

AsoNgPilay

Shield card: Nyaan revealed

Shield card added to hand: Nyaan

Battle ended

Turn end phase started

AsoNgPilay

Passed

Kiraya

Passed

Turn ended!

Turn 16 started!

AsoNgPilay

Providence Gundam deployed

Linked pilot: Rau Le Creuset on unit Providence Gundam

Selecting target for Rau Le Creuset

Jachin Due returned to hand

Played base: Jachin Due

Shield card added to hand

Selecting target for Jachin Due

Jachin Due: Modifier applied to: Providence Gundam

Battle initiated

AsoNgPilay

Battle declared: Providence Gundam against Strike Freedom Gundam

Selecting target for Providence Gundam

Providence Gundam: Dealt 3 damage to Gundam Flauros (Ryusei-Go), now destroyed

Kiraya

No blockers available

Action step

Kiraya

Passed

AsoNgPilay

Passed

Battle started: Providence Gundam against Strike Freedom Gundam

Kiraya

Strike Freedom Gundam received 12 damage, now destroyed

AsoNgPilay

Providence Gundam received 7 damage, now destroyed

Battle ended

AsoNgPilay

Played command: Overflowing Affection

Overflowing Affection: Draw 2 cards

Selecting target for Overflowing Affection

A New Sign discarded

Turn end phase started

Kiraya

Passed

AsoNgPilay

Passed

Turn ended!

Turn 17 started!

Kiraya

Gundam Gusion Rebake deployed

No targets for Gundam Gusion Rebake

Gundam Barbatos 1st Form deployed

Gundam Barbatos Adapt deployed

No targets for Gundam Barbatos Adapt

Turn end phase started

AsoNgPilay

Passed

Kiraya

Passed

Turn ended!

Turn 18 started!

AsoNgPilay

GQuuuuuuX (Omega Psycommu) deployed

Selecting target for GQuuuuuuX (Omega Psycommu)

GQuuuuuuX (Omega Psycommu): Dealt 3 damage to Gundam Barbatos 1st Form, now destroyed

Flat (Militia) deployed

Turn end phase started

Kiraya

Passed

AsoNgPilay

Passed

Turn ended!

Turn 19 started!

Kiraya

Strike Freedom Gundam deployed

Selecting target for Strike Freedom Gundam

Strike Freedom Gundam: Modifier applied to: Gundam Barbatos Adapt

Strike Freedom Gundam: Modifier applied to: Strike Freedom Gundam

Strike Freedom Gundam: chose Gundam Barbatos Adapt and Strike Freedom Gundam

Linked pilot: Kira Yamato on unit Strike Freedom Gundam

Kira Yamato: Draw a card

Battle initiated

Kiraya

Battle declared: Strike Freedom Gundam against Enemy Player

Selecting target for Strike Freedom Gundam

Graze Custom and Gundam Barbatos Adapt discarded

Selecting target for Strike Freedom Gundam

AsoNgPilay

Flat (Militia) returned to deck

No blockers available

Action step

AsoNgPilay

Passed

Kiraya

Passed

Battle started: Strike Freedom Gundam against Jachin Due

AsoNgPilay

Jachin Due received 7 damage, now destroyed

Kiraya

Strike Freedom Gundam: Draw a card

Battle ended

Battle initiated

Kiraya

Battle declared: Gundam Barbatos Adapt against Enemy Player

AsoNgPilay

No blockers available

Action step

AsoNgPilay

Passed

Kiraya

Passed

Battle started: Gundam Barbatos Adapt against Enemy Shield

AsoNgPilay

Shield card: Argama revealed

Played base: Argama

Shield card added to hand

Kiraya

Strike Freedom Gundam: Draw a card

Battle ended

Kiraya

Gundam Barbatos 1st Form deployed

Linked pilot: Mikazuki Augus on unit Gundam Barbatos 1st Form

Selecting target for Mikazuki Augus

Mikazuki Augus: Dealt 1 damage to: Gundam Barbatos 1st Form and GQuuuuuuX (Omega Psycommu)

Battle initiated

Kiraya

Battle declared: Gundam Barbatos 1st Form against Enemy Player

Gundam Barbatos 1st Form: Draw a card

AsoNgPilay

No blockers available

Action step

AsoNgPilay

Passed

Kiraya

Passed

Battle started: Gundam Barbatos 1st Form against Argama

AsoNgPilay

Argama received 5 damage, now destroyed

Battle ended

Turn end phase started

AsoNgPilay

Passed

Kiraya

Passed

Turn ended!

Turn 20 started!

AsoNgPilay

Played command: Overflowing Affection

Overflowing Affection: Draw 2 cards

Selecting target for Overflowing Affection

Nyaan discarded

GFreD deployed

Sword Strike Gundam deployed

Linked pilot: Kira Yamato on unit Sword Strike Gundam

Battle initiated

AsoNgPilay

Battle declared: Sword Strike Gundam against Gundam Barbatos Adapt

Selecting target for Sword Strike Gundam

Kiraya

Gundam Barbatos 1st Form and Mikazuki Augus returned to hand

AsoNgPilay

Selecting target for Kira Yamato

Kira Yamato: Modifier applied to: Gundam Barbatos Adapt

Kiraya

Assigned Gundam Gusion Rebake to block

Action step

Kiraya

Passed

AsoNgPilay

Passed

Battle started: Sword Strike Gundam against Gundam Gusion Rebake

Kiraya

Gundam Gusion Rebake received 6 damage, now destroyed

AsoNgPilay

Sword Strike Gundam received 3 damage, leaving 1 HP remaining

Battle ended

Battle initiated

AsoNgPilay

Battle declared: GQuuuuuuX (Omega Psycommu) against Gundam Barbatos Adapt

Kiraya

No blockers available

Action step

Kiraya

Passed

AsoNgPilay

Passed

Battle started: GQuuuuuuX (Omega Psycommu) against Gundam Barbatos Adapt

Kiraya

Gundam Barbatos Adapt received 6 damage, now destroyed

AsoNgPilay

GQuuuuuuX (Omega Psycommu) received 2 damage, leaving 2 HP remaining

Battle ended

Kiraya

Winner!

Game ended!