Mobile Suit Arena - Battle logs
Game started!

Kiraya

Choose to play second

Necessary

Choose to keep starting hand

Kiraya

Choose to keep starting hand

Turn 1 started!

Necessary

Played command: Airframe Seizure

Selecting target for Airframe Seizure

Gundam Aerial Rebuild discarded

Airframe Seizure: Draw 2 cards

Turn end phase started

Kiraya

Passed

Necessary

Passed

Turn ended!

Turn 2 started!

Kiraya

Graze Custom deployed

Turn end phase started

Necessary

Passed

Kiraya

Passed

Turn ended!

Turn 3 started!

Necessary

Played command: Overflowing Affection

Overflowing Affection: Draw 2 cards

Selecting target for Overflowing Affection

Master Gundam discarded

Played command: Airframe Seizure

Selecting target for Airframe Seizure

Shining Gundam discarded

Airframe Seizure: Draw 2 cards

Turn end phase started

Kiraya

Passed

Necessary

Passed

Turn ended!

Turn 4 started!

Kiraya

Hyakuren deployed

Turn end phase started

Necessary

Passed

Kiraya

Passed

Turn ended!

Turn 5 started!

Necessary

Replaced EX Base base: Argama

Shield card added to hand

Gundam Maxter deployed

Turn end phase started

Kiraya

Passed

Necessary

Passed

Turn ended!

Turn 6 started!

Kiraya

Hyakuren deployed

Graze Custom deployed

Battle initiated

Kiraya

Battle declared: Hyakuren against Enemy Player

Necessary

No blockers available

Action step

Necessary

Passed

Kiraya

Passed

Battle started: Hyakuren against Argama

Necessary

Argama received 4 damage, leaving 1 HP remaining

Battle ended

Battle initiated

Kiraya

Battle declared: Graze Custom against Enemy Player

Necessary

No blockers available

Action step

Necessary

Passed

Kiraya

Passed

Battle started: Graze Custom against Argama

Necessary

Argama received 2 damage, now destroyed

Battle ended

Turn end phase started

Necessary

Passed

Kiraya

Passed

Turn ended!

Turn 7 started!

Battle initiated

Necessary

Battle declared: Gundam Maxter against Hyakuren

Kiraya

No blockers available

Action step

Kiraya

Passed

Necessary

Passed

Battle started: Gundam Maxter against Hyakuren

Kiraya

Hyakuren received 3 damage, now destroyed

Necessary

Gundam Maxter received 4 damage, now destroyed

Selecting target for Gundam Maxter

Card added to hand: Shining Finger

Battle ended

Necessary

Played action: Darkness Finger

Darkness Finger: Dealt 2 damage to Graze Custom, now destroyed

Played base: Mining Asteroid Palau

Shield card added to hand

Played action: Darkness Finger

Darkness Finger: Dealt 2 damage to Graze Custom, now destroyed

Played command: Overflowing Affection

Overflowing Affection: Draw 2 cards

Selecting target for Overflowing Affection

Master Asia discarded

Turn end phase started

Kiraya

Passed

Necessary

Passed

Turn ended!

Turn 8 started!

Kiraya

Hyakuren deployed

Gundam Barbatos 1st Form deployed

Battle initiated

Kiraya

Battle declared: Hyakuren against Enemy Player

Necessary

No blockers available

Action step

Necessary

Passed

Kiraya

Passed

Battle started: Hyakuren against Mining Asteroid Palau

Necessary

Mining Asteroid Palau received 4 damage, leaving 2 HP remaining

Battle ended

Turn end phase started

Necessary

Passed

Kiraya

Passed

Turn ended!

Turn 9 started!

Necessary

Shining Gundam deployed

Selecting target for Shining Gundam

Shining Gundam and Gundam Maxter exiled from the game

Selecting target for Shining Gundam

Darkness Finger returned to hand

Linked pilot: Domon Kasshu on unit Shining Gundam

Domon Kasshu: Draw a card

Selecting target for Domon Kasshu

Shining Finger discarded

Selecting target for Domon Kasshu

Selecting target for Shining Finger

Rested unit: Hyakuren

Selecting target for Shining Finger

Shining Finger: Modifier applied to: Shining Gundam

Battle initiated

Necessary

Battle declared: Shining Gundam against Hyakuren

Shining Gundam: 1 resource set as active

Kiraya

No blockers available

Action step

Kiraya

Passed

Necessary

Passed

Battle started: Shining Gundam against Hyakuren

Kiraya

Hyakuren received 5 damage, now destroyed

Necessary

Damage prevented

Shining Gundam received 0 damage, leaving 5 HP remaining

Battle ended

Necessary

Played action: Darkness Finger

Darkness Finger: Dealt 2 damage to Gundam Barbatos 1st Form, now destroyed

Turn end phase started

Kiraya

Passed

Necessary

Passed

Turn ended!

Turn 10 started!

Kiraya

Gundam Gusion Rebake deployed

Selecting target for Gundam Gusion Rebake

Gundam Gusion Rebake: Dealt 1 damage to: Hyakuren and Shining Gundam

Battle initiated

Kiraya

Battle declared: Hyakuren against Shining Gundam

Necessary

No blockers available

Action step

Necessary

Passed

Kiraya

Passed

Battle started: Hyakuren against Shining Gundam

Necessary

Shining Gundam received 4 damage, now destroyed

Kiraya

Hyakuren received 5 damage, now destroyed

Battle ended

Kiraya

Graze Custom deployed

Turn end phase started

Necessary

Passed

Kiraya

Passed

Turn ended!

Turn 11 started!

Necessary

Gundam Maxter deployed

Turn end phase started

Kiraya

Passed

Necessary

Passed

Turn ended!

Turn 12 started!

Battle initiated

Kiraya

Battle declared: Graze Custom against Enemy Player

Necessary

No blockers available

Action step

Necessary

Passed

Kiraya

Passed

Battle started: Graze Custom against Mining Asteroid Palau

Necessary

Mining Asteroid Palau received 2 damage, now destroyed

Battle ended

Kiraya

Gundam Flauros (Ryusei-Go) deployed

No targets for Gundam Flauros (Ryusei-Go)

Graze Custom deployed

Turn end phase started

Necessary

Passed

Kiraya

Passed

Turn ended!

Turn 13 started!

Necessary

Master Gundam deployed

Linked pilot: Master Asia on unit Master Gundam

Played command: Cyclone Punch

Cyclone Punch: Modifier applied to: Gundam Gusion Rebake

Selecting target for Cyclone Punch

Linked pilot: Chibodee Crocket on unit Gundam Maxter

Battle initiated

Necessary

Battle declared: Gundam Maxter against Graze Custom

Selecting target for Cyclone Punch

Cyclone Punch: Modifier applied to: Graze Custom

Kiraya

Assigned Gundam Gusion Rebake to block

Action step

Kiraya

Passed

Necessary

Passed

Battle started: Gundam Maxter against Gundam Gusion Rebake

Kiraya

Gundam Gusion Rebake received 4 damage, leaving 1 HP remaining

Necessary

Gundam Maxter received 1 damage, leaving 2 HP remaining

Battle ended

Battle initiated

Necessary

Battle declared: Master Gundam against Graze Custom

Selecting target for Master Asia

Master Gundam: Dealt 2 damage to Gundam Gusion Rebake, now destroyed

Selecting target for Master Gundam

Shining Finger and Darkness Finger exiled from the game

Kiraya

EX Base received 5 damage, now destroyed

No blockers available

Action step

Kiraya

Passed

Necessary

Passed

Battle started: Master Gundam against Graze Custom

Kiraya

Graze Custom received 7 damage, now destroyed

Necessary

Master Gundam received 0 damage, leaving 7 HP remaining

Battle ended

Turn end phase started

Kiraya

Passed

Necessary

Passed

Turn ended!

Turn 14 started!

Battle initiated

Kiraya

Battle declared: Graze Custom against Gundam Maxter

Necessary

No blockers available

Action step

Necessary

Passed

Kiraya

Passed

Battle started: Graze Custom against Gundam Maxter

Necessary

Gundam Maxter received 2 damage, now destroyed

Kiraya

Graze Custom received 4 damage, now destroyed

Battle ended

Kiraya

M1 Astray (Shrike) deployed

Selecting target for M1 Astray (Shrike)

M1 Astray (Shrike): Dealt 1 damage to Master Gundam, leaving 6 HP remaining

Gundam Barbatos 1st Form deployed

Battle initiated

Kiraya

Battle declared: Gundam Flauros (Ryusei-Go) against Enemy Player

No targets for Gundam Flauros (Ryusei-Go)

Necessary

No blockers available

Action step

Necessary

Passed

Kiraya

Passed

Battle started: Gundam Flauros (Ryusei-Go) against Enemy Shield

Necessary

Shield card: Rising Gundam revealed and discarded

Battle ended

Turn end phase started

Necessary

Passed

Kiraya

Passed

Turn ended!

Turn 15 started!

Necessary

Played base: Mining Asteroid Palau

Shield card added to hand

Shining Gundam deployed

Selecting target for Shining Gundam

Gundam Maxter and Rising Gundam exiled from the game

Selecting target for Shining Gundam

Darkness Finger returned to hand

Played action: Darkness Finger

Darkness Finger: Dealt 2 damage to Gundam Barbatos 1st Form, now destroyed

Darkness Finger: Draw a card

Battle initiated

Necessary

Battle declared: Master Gundam against Gundam Flauros (Ryusei-Go)

Selecting target for Master Asia

Master Gundam: Dealt 2 damage to M1 Astray (Shrike), now destroyed

Selecting target for Master Gundam

Cyclone Punch and Darkness Finger exiled from the game

Kiraya

Shield card: Gundam Barbatos Adapt revealed and discarded

No blockers available

Action step

Kiraya

Passed

Necessary

Passed

Battle started: Master Gundam against Gundam Flauros (Ryusei-Go)

Kiraya

Gundam Flauros (Ryusei-Go) received 7 damage, now destroyed

Necessary

Master Gundam received 5 damage, leaving 1 HP remaining

Battle ended

Necessary

Rising Gundam deployed

Turn end phase started

Kiraya

Passed

Necessary

Passed

Turn ended!

Turn 16 started!

Kiraya

Strike Rouge (Ootori) deployed

Turn end phase started

Necessary

Passed

Kiraya

Passed

Turn ended!

Turn 17 started!

Necessary

Paired pilot: Suletta Mercury on unit Shining Gundam

Played action: Shining Finger

Rested unit: Strike Rouge (Ootori)

Selecting target for Shining Finger

Shining Finger: Modifier applied to: Shining Gundam

Battle initiated

Necessary

Battle declared: Shining Gundam against Strike Rouge (Ootori)

Suletta Mercury: 1 resource set as active

Shining Gundam: 1 resource set as active

Kiraya

No blockers available

Action step

Kiraya

Passed

Necessary

Passed

Battle started: Shining Gundam against Strike Rouge (Ootori)

Kiraya

Strike Rouge (Ootori) received 4 damage, now destroyed

Necessary

Damage prevented

Shining Gundam received 0 damage, leaving 6 HP remaining

Battle ended

Battle initiated

Necessary

Battle declared: Rising Gundam against Enemy Player

Kiraya

No blockers available

Action step

Kiraya

Passed

Necessary

Passed

Battle started: Rising Gundam against Enemy Shield

Kiraya

Shield card: Hyakuren revealed and discarded

Battle ended

Battle initiated

Necessary

Battle declared: Master Gundam against Enemy Player

No targets for Master Asia

Kiraya

No blockers available

Action step

Kiraya

Passed

Necessary

Passed

Battle started: Master Gundam against Enemy Shield

Kiraya

Shield card: Axis revealed

Played base: Axis

Shield card added to hand

Battle ended

Necessary

Unicorn Gundam (Awakened) deployed

Turn end phase started

Kiraya

Passed

Necessary

Passed

Turn ended!

Turn 18 started!

Kiraya

Gundam Barbatos Lupus deployed

Activated: Gundam Barbatos Lupus

Gundam Barbatos Adapt, Gundam Flauros (Ryusei-Go) and Hyakuren exiled from the game

Selecting target for Gundam Barbatos Lupus

Gundam Barbatos Lupus: Dealt 2 damage to Master Gundam, now destroyed

Activated: Gundam Barbatos Lupus

Graze Custom, Graze Custom and Gundam Barbatos 1st Form exiled from the game

Selecting target for Gundam Barbatos Lupus

Gundam Barbatos Lupus: Dealt 2 damage to Shining Gundam, leaving 4 HP remaining

Activated: Gundam Barbatos Lupus

Gundam Barbatos 1st Form, Hyakuren and Gundam Gusion Rebake exiled from the game

Selecting target for Gundam Barbatos Lupus

Gundam Barbatos Lupus: Dealt 2 damage to Shining Gundam, leaving 2 HP remaining

Activated: Gundam Barbatos Lupus

Graze Custom, Graze Custom and Hyakuren exiled from the game

Selecting target for Gundam Barbatos Lupus

Gundam Barbatos Lupus: Dealt 2 damage to Shining Gundam, now destroyed

Gundam Flauros (Ryusei-Go) deployed

No targets for Gundam Flauros (Ryusei-Go)

Turn end phase started

Necessary

Passed

Kiraya

Passed

Turn ended!

Turn 19 started!

Necessary

Linked pilot: Master Asia on unit Rising Gundam

Selecting target for Rising Gundam

Rested unit: Gundam Flauros (Ryusei-Go)

Battle initiated

Necessary

Battle declared: Rising Gundam against Enemy Player

Kiraya

No blockers available

Action step

Kiraya

Passed

Necessary

Passed

Battle started: Rising Gundam against Axis

Kiraya

Axis received 6 damage, now destroyed

Battle ended

Battle initiated

Necessary

Battle declared: Unicorn Gundam (Awakened) against Enemy Player

Kiraya

No blockers available

Action step

Kiraya

Passed

Necessary

Passed

Battle started: Unicorn Gundam (Awakened) against Enemy Shield

Kiraya

Shield cards: M1 Astray (Shrike) and Gundam Gusion Rebake revealed and discarded

Battle ended

Necessary

Paired pilot: Suletta Mercury on unit Unicorn Gundam (Awakened)

Turn end phase started

Kiraya

Passed

Necessary

Passed

Turn ended!

Turn 20 started!

Battle initiated

Kiraya

Battle declared: Gundam Flauros (Ryusei-Go) against Rising Gundam

No targets for Gundam Flauros (Ryusei-Go)

Necessary

No blockers available

Action step

Necessary

Passed

Kiraya

Passed

Battle started: Gundam Flauros (Ryusei-Go) against Rising Gundam

Necessary

Rising Gundam received 5 damage, now destroyed

Kiraya

Gundam Flauros (Ryusei-Go) received 6 damage, now destroyed

Battle ended

Kiraya

Activated: Gundam Barbatos Lupus

Hyakuren, Gundam Gusion Rebake and Gundam Flauros (Ryusei-Go) exiled from the game

Selecting target for Gundam Barbatos Lupus

Gundam Barbatos Lupus: Dealt 2 damage to Unicorn Gundam (Awakened), leaving 6 HP remaining

Paired pilot: Kira Yamato on unit Gundam Barbatos Lupus

Battle initiated

Kiraya

Battle declared: Gundam Barbatos Lupus against Unicorn Gundam (Awakened)

Necessary

No blockers available

Action step

Necessary

Passed

Kiraya

Passed

Battle started: Gundam Barbatos Lupus against Unicorn Gundam (Awakened)

Necessary

Unicorn Gundam (Awakened) received 7 damage, now destroyed

Kiraya

Gundam Barbatos Lupus received 5 damage, leaving 2 HP remaining

Battle ended

Turn end phase started

Necessary

Passed

Kiraya

Passed

Turn ended!

Turn 21 started!

Turn end phase started

Kiraya

Passed

Necessary

Passed

Turn ended!

Turn 22 started!

Battle initiated

Kiraya

Battle declared: Gundam Barbatos Lupus against Enemy Player

Necessary

No blockers available

Action step

Necessary

Passed

Kiraya

Passed

Battle started: Gundam Barbatos Lupus against Mining Asteroid Palau

Necessary

Mining Asteroid Palau received 7 damage, now destroyed

Battle ended

Kiraya

Strike Freedom Gundam deployed

Selecting target for Strike Freedom Gundam

Strike Freedom Gundam: Modifier applied to: Gundam Barbatos Lupus

Strike Freedom Gundam: Modifier applied to: Strike Freedom Gundam

Strike Freedom Gundam: chose Gundam Barbatos Lupus and Strike Freedom Gundam

Turn end phase started

Necessary

Passed

Kiraya

Passed

Turn ended!

Turn 23 started!

Necessary

Played base: Argama

Shield card added to hand

Shining Gundam deployed

Selecting target for Shining Gundam

Master Gundam and Shining Gundam exiled from the game

Selecting target for Shining Gundam

Shining Finger returned to hand

Linked pilot: Domon Kasshu on unit Shining Gundam

Domon Kasshu: Draw a card

Selecting target for Domon Kasshu

Shining Finger discarded

Selecting target for Domon Kasshu

Selecting target for Shining Finger

Already rested unit: Gundam Barbatos Lupus

Selecting target for Shining Finger

Shining Finger: Modifier applied to: Shining Gundam

Battle initiated

Necessary

Battle declared: Shining Gundam against Enemy Player

Shining Gundam: 1 resource set as active

Kiraya

No blockers available

Action step

Kiraya

Passed

Necessary

Passed

Battle started: Shining Gundam against Enemy Player

Kiraya

No more shields available, game is over!

Necessary

Winner!

Game ended!