Mobile Suit Arena - Battle logs
Game started!

Kiraya

Choose to play second

Choose to mulligan starting hand

X105

Choose to keep starting hand

Turn 1 started!

Turn end phase started

Kiraya

Passed

X105

Passed

Turn ended!

Turn 2 started!

Kiraya

Gundam Exia Repair deployed

Turn end phase started

X105

Passed

Kiraya

Passed

Turn ended!

Turn 3 started!

X105

Played command: Overflowing Affection

Overflowing Affection: Draw 2 cards

Selecting target for Overflowing Affection

Strike Rouge (Ootori) discarded

Turn end phase started

Kiraya

Passed

X105

Passed

Turn ended!

Turn 4 started!

Kiraya

Hyakuren deployed

Turn end phase started

X105

Passed

Kiraya

Passed

Turn ended!

Turn 5 started!

X105

Gundam Lfrith deployed

Turn end phase started

Kiraya

Passed

X105

Passed

Turn ended!

Turn 6 started!

Kiraya

Hyakuren deployed

Battle initiated

Kiraya

Battle declared: Gundam Exia Repair against Enemy Player

X105

Assigned no blocker

Action step

X105

Passed

Kiraya

Passed

Battle started: Gundam Exia Repair against EX Base

X105

EX Base received 2 damage, leaving 1 HP remaining

Battle ended

Turn end phase started

X105

Passed

Kiraya

Passed

Turn ended!

Turn 7 started!

X105

Strike Rouge (Ootori) deployed

Turn end phase started

Kiraya

Passed

X105

Passed

Turn ended!

Turn 8 started!

Battle initiated

Kiraya

Battle declared: Gundam Exia Repair against Enemy Player

X105

Assigned no blocker

Action step

X105

Passed

Kiraya

Passed

Battle started: Gundam Exia Repair against EX Base

X105

EX Base received 2 damage, now destroyed

Battle ended

Kiraya

Gundam Barbatos 1st Form deployed

Linked pilot: Mikazuki Augus on unit Gundam Barbatos 1st Form

Selecting target for Mikazuki Augus

Mikazuki Augus: Dealt 1 damage to: Gundam Barbatos 1st Form and Strike Rouge (Ootori)

Battle initiated

Kiraya

Battle declared: Gundam Barbatos 1st Form against Enemy Player

Gundam Barbatos 1st Form: Draw a card

X105

Assigned Gundam Lfrith to block

Action step

X105

Passed

Kiraya

Passed

Battle started: Gundam Barbatos 1st Form against Gundam Lfrith

X105

Gundam Lfrith received 5 damage, now destroyed

Kiraya

Gundam Barbatos 1st Form received 2 damage, now destroyed

Battle ended

Battle initiated

Kiraya

Battle declared: Hyakuren against Enemy Player

X105

Assigned Strike Rouge (Ootori) to block

Action step

X105

Passed

Kiraya

Passed

Battle started: Hyakuren against Strike Rouge (Ootori)

X105

Strike Rouge (Ootori) received 4 damage, now destroyed

Kiraya

Hyakuren received 3 damage, now destroyed

Battle ended

Battle initiated

Kiraya

Battle declared: Hyakuren against Enemy Player

X105

No blockers available

Action step

X105

Passed

Kiraya

Passed

Battle started: Hyakuren against Enemy Shield

X105

Shield card: Overflowing Affection revealed and discarded

Battle ended

Turn end phase started

X105

Passed

Kiraya

Passed

Turn ended!

Turn 9 started!

X105

Timeout 1

Turn end phase started

Kiraya

Passed

Kiraya

Passed

Turn ended!

Turn 10 started!

Kiraya

Winner!

Game ended!