Mobile Suit Arena - Battle logs
Game started!

ama

Choose to play first

Kiraya

Choose to mulligan starting hand

ama

Choose to keep starting hand

Turn 1 started!

Turn end phase started

Kiraya

Passed

ama

Passed

Turn ended!

Turn 2 started!

Kiraya

Graze Custom deployed

Turn end phase started

ama

Passed

Kiraya

Passed

Turn ended!

Turn 3 started!

Turn end phase started

Kiraya

Passed

ama

Passed

Turn ended!

Turn 4 started!

Kiraya

Hyakuren deployed

Turn end phase started

ama

Played action: Close Combat

Close Combat: Dealt 2 damage to Graze Custom, now destroyed

Kiraya

Passed

ama

Passed

Kiraya

Turn ended!

Turn 5 started!

Turn end phase started

Kiraya

Passed

ama

Passed

Turn ended!

Turn 6 started!

Kiraya

Replaced EX Base base: Axis

Shield card added to hand

Battle initiated

Kiraya

Battle declared: Hyakuren against Enemy Player

ama

No blockers available

Action step

ama

Played action: Improved Technique

Improved Technique: Dealt 3 damage to Hyakuren, now destroyed

Kiraya

Passed

ama

Passed

Battle ended

Turn end phase started

ama

Passed

Kiraya

Passed

Turn ended!

Turn 7 started!

ama

Played command: Airframe Seizure

Selecting target for Airframe Seizure

Marida Cruz discarded

Airframe Seizure: Draw 2 cards

Turn end phase started

Kiraya

Passed

ama

Passed

Turn ended!

Turn 8 started!

Kiraya

Gundam Gusion Rebake deployed

No targets for Gundam Gusion Rebake

Turn end phase started

ama

Passed

Kiraya

Passed

Turn ended!

Turn 9 started!

Turn end phase started

Kiraya

Passed

ama

Passed

Turn ended!

Turn 10 started!

Battle initiated

Kiraya

Battle declared: Gundam Gusion Rebake against Enemy Player

ama

No blockers available

Action step

ama

Passed

Kiraya

Passed

Battle started: Gundam Gusion Rebake against EX Base

ama

EX Base received 3 damage, now destroyed

Battle ended

Turn end phase started

ama

Played action: Overwhelming Pressure

Overwhelming Pressure: Dealt 4 damage to Gundam Gusion Rebake, leaving 1 HP remaining

Kiraya

Passed

ama

Passed

Kiraya

Turn ended!

Turn 11 started!

Turn end phase started

Kiraya

Passed

ama

Passed

Turn ended!

Turn 12 started!

Kiraya

Gundam Barbatos Lupus deployed

Battle initiated

Kiraya

Battle declared: Gundam Gusion Rebake against Enemy Player

ama

No blockers available

Action step

ama

Passed

Kiraya

Passed

Battle started: Gundam Gusion Rebake against Enemy Shield

ama

Shield card: Darkness Finger revealed

Shield card: Darkness Finger moved to trash

Selecting target for Darkness Finger

Darkness Finger: Dealt 2 damage to Gundam Barbatos Lupus, leaving 3 HP remaining

Battle ended

Turn end phase started

ama

Played action: Close Combat

Close Combat: Dealt 2 damage to Gundam Barbatos Lupus, leaving 1 HP remaining

Kiraya

Passed

ama

Passed

Kiraya

Turn ended!

Turn 13 started!

Turn end phase started

Kiraya

Passed

ama

Passed

Turn ended!

Turn 14 started!

Kiraya

Strike Freedom Gundam deployed

Selecting target for Strike Freedom Gundam

Strike Freedom Gundam: Modifier applied to: Gundam Barbatos Lupus

Strike Freedom Gundam: Modifier applied to: Strike Freedom Gundam

Strike Freedom Gundam: chose Gundam Barbatos Lupus and Strike Freedom Gundam

Linked pilot: Kira Yamato on unit Strike Freedom Gundam

Kira Yamato: Draw a card

Battle initiated

Kiraya

Battle declared: Gundam Barbatos Lupus against Enemy Player

ama

No blockers available

Action step

ama

Played action: Close Combat

Close Combat: Dealt 2 damage to Gundam Barbatos Lupus, now destroyed

Kiraya

Passed

ama

Passed

Battle ended

Battle initiated

Kiraya

Battle declared: Strike Freedom Gundam against Enemy Player

ama

No blockers available

Action step

ama

Passed

Kiraya

Passed

Battle started: Strike Freedom Gundam against Enemy Shield

ama

Shield card: Overwhelming Pressure revealed and discarded

Kiraya

Strike Freedom Gundam: Draw a card

Battle ended

Battle initiated

Kiraya

Battle declared: Gundam Gusion Rebake against Enemy Player

ama

No blockers available

Action step

ama

Passed

Kiraya

Passed

Battle started: Gundam Gusion Rebake against Enemy Shield

ama

Shield card: Unicorn Gundam 02 Banshee (Destroy Mode) revealed and discarded

Battle ended

Turn end phase started

ama

Played action: Darkness Finger

Darkness Finger: Dealt 2 damage to Strike Freedom Gundam, leaving 6 HP remaining

Kiraya

Passed

ama

Passed

Kiraya

Turn ended!

Turn 15 started!

ama

Strike Freedom Gundam deployed

Selecting target for Strike Freedom Gundam

Strike Freedom Gundam: Modifier applied to: Strike Freedom Gundam

Strike Freedom Gundam: chose Strike Freedom Gundam

Linked pilot: Kira Yamato on unit Strike Freedom Gundam

Kira Yamato: Draw a card

Played command: Airframe Seizure

Selecting target for Airframe Seizure

Improved Technique discarded

Airframe Seizure: Draw 2 cards

Battle initiated

ama

Battle declared: Strike Freedom Gundam against Strike Freedom Gundam

Selecting target for Strike Freedom Gundam

Kiraya

No blockers available

Action step

Kiraya

Passed

ama

Passed

Battle started: Strike Freedom Gundam against Strike Freedom Gundam

Kiraya

Strike Freedom Gundam received 7 damage, now destroyed

ama

Strike Freedom Gundam received 7 damage, leaving 1 HP remaining

Strike Freedom Gundam: Draw a card

Battle ended

Turn end phase started

Kiraya

Passed

ama

Passed

Turn ended!

Turn 16 started!

Kiraya

Gundam Barbatos 1st Form deployed

Gundam Barbatos Adapt deployed

Selecting target for Gundam Barbatos Adapt

Gundam Barbatos Adapt: Dealt 1 damage to: Gundam Barbatos 1st Form and Strike Freedom Gundam

Linked pilot: Mikazuki Augus on unit Gundam Barbatos 1st Form

Battle initiated

Kiraya

Battle declared: Gundam Barbatos 1st Form against Enemy Player

Gundam Barbatos 1st Form: Draw a card

ama

No blockers available

Action step

ama

Passed

Kiraya

Passed

Battle started: Gundam Barbatos 1st Form against Enemy Shield

ama

Shield card: Kshatriya revealed and discarded

Battle ended

Battle initiated

Kiraya

Battle declared: Gundam Gusion Rebake against Enemy Player

ama

No blockers available

Action step

ama

Passed

Kiraya

Passed

Battle started: Gundam Gusion Rebake against Enemy Shield

ama

Shield card: Kindhearted revealed

Kindhearted: Draw a card

Shield card: Kindhearted moved to trash

Battle ended

Kiraya

Gundam Flauros (Ryusei-Go) deployed

No targets for Gundam Flauros (Ryusei-Go)

Turn end phase started

ama

Passed

Kiraya

Passed

Turn ended!

Turn 17 started!

ama

Kshatriya deployed

Linked pilot: Marida Cruz on unit Kshatriya

Selecting target for Kshatriya

Kshatriya: Dealt 1 damage to: Gundam Gusion Rebake and Gundam Barbatos 1st Form

Battle initiated

ama

Battle declared: Kshatriya against Enemy Player

Selecting target for Marida Cruz

Marida Cruz: Dealt 1 damage to Gundam Barbatos 1st Form, now destroyed

Kiraya

No blockers available

Action step

Kiraya

Passed

ama

Passed

Battle started: Kshatriya against Axis

Kiraya

Axis received 7 damage, now destroyed

Battle ended

ama

Played action: Kindhearted

Kindhearted: Draw a card

Turn end phase started

Kiraya

Passed

ama

Passed

Turn ended!

Turn 18 started!

Kiraya

Played base: Axis

Shield card added to hand

Battle initiated

Kiraya

Battle declared: Gundam Barbatos Adapt against Enemy Player

ama

No blockers available

Action step

ama

Passed

Kiraya

Passed

Battle started: Gundam Barbatos Adapt against Enemy Shield

ama

Shield card: White Base revealed

Played base: White Base

No more Shield cards to add to hand

Battle ended

Battle initiated

Kiraya

Battle declared: Gundam Flauros (Ryusei-Go) against Kshatriya

No targets for Gundam Flauros (Ryusei-Go)

ama

No blockers available

Action step

ama

Passed

Kiraya

Passed

Battle started: Gundam Flauros (Ryusei-Go) against Kshatriya

ama

Kshatriya received 5 damage, now destroyed

Kiraya

Gundam Flauros (Ryusei-Go) received 7 damage, now destroyed

Battle ended

Kiraya

Gundam Flauros (Ryusei-Go) deployed

No targets for Gundam Flauros (Ryusei-Go)

Turn end phase started

ama

Passed

Kiraya

Passed

Turn ended!

Turn 19 started!

ama

Activated: White Base

Rested 2 Resources

Gundam deployed

Strike Freedom Gundam deployed

Selecting target for Strike Freedom Gundam

Strike Freedom Gundam: Modifier applied to: Gundam

Strike Freedom Gundam: Modifier applied to: Strike Freedom Gundam

Strike Freedom Gundam: chose Gundam and Strike Freedom Gundam

Linked pilot: Kira Yamato on unit Strike Freedom Gundam

Kira Yamato: Draw a card

Battle initiated

ama

Battle declared: Strike Freedom Gundam against Gundam Barbatos Adapt

Selecting target for Strike Freedom Gundam

Kiraya

No blockers available

Action step

Kiraya

Passed

ama

Passed

Battle started: Strike Freedom Gundam against Gundam Barbatos Adapt

Kiraya

Gundam Barbatos Adapt received 7 damage, now destroyed

ama

Strike Freedom Gundam received 2 damage, leaving 6 HP remaining

Strike Freedom Gundam: Draw a card

Battle ended

Turn end phase started

Kiraya

Passed

ama

Passed

Turn ended!

Turn 20 started!

Kiraya

Strike Freedom Gundam deployed

Selecting target for Strike Freedom Gundam

Strike Freedom Gundam: Modifier applied to: Gundam Flauros (Ryusei-Go)

Strike Freedom Gundam: Modifier applied to: Strike Freedom Gundam

Strike Freedom Gundam: chose Gundam Flauros (Ryusei-Go) and Strike Freedom Gundam

Battle initiated

Kiraya

Battle declared: Gundam Flauros (Ryusei-Go) against Enemy Player

Selecting target for Gundam Flauros (Ryusei-Go)

ama

No blockers available

Action step

ama

Passed

Kiraya

Passed

Battle started: Gundam Flauros (Ryusei-Go) against White Base

ama

White Base received 5 damage, now destroyed

Kiraya

Strike Freedom Gundam: Draw a card

Battle ended

Turn end phase started

Kiraya

Passed

ama

Passed

Turn ended!

Turn 21 started!

Kiraya

Linked pilot: Kira Yamato on unit Strike Freedom Gundam

Kira Yamato: Draw a card

Winner!

Game ended!