Mobile Suit Arena - Battle logs
Game started!

Tylernol

Choose to play second

Kiraya

Choose to keep starting hand

Tylernol

Choose to mulligan starting hand

Turn 1 started!

Turn end phase started

Tylernol

Passed

Kiraya

Passed

Turn ended!

Turn 2 started!

Turn end phase started

Kiraya

Passed

Tylernol

Passed

Turn ended!

Turn 3 started!

Kiraya

Gundam Exia Repair deployed

Turn end phase started

Tylernol

Passed

Kiraya

Passed

Turn ended!

Turn 4 started!

Tylernol

Replaced EX Base base: Mining Asteroid Palau

Shield card added to hand

Turn end phase started

Kiraya

Passed

Tylernol

Passed

Turn ended!

Turn 5 started!

Kiraya

Hyakuren deployed

Battle initiated

Kiraya

Battle declared: Gundam Exia Repair against Enemy Player

Tylernol

No blockers available

Action step

Tylernol

Passed

Kiraya

Passed

Battle started: Gundam Exia Repair against Mining Asteroid Palau

Tylernol

Mining Asteroid Palau received 2 damage, leaving 4 HP remaining

Battle ended

Turn end phase started

Tylernol

Passed

Kiraya

Passed

Turn ended!

Turn 6 started!

Tylernol

Played action: Improved Technique

Improved Technique: Dealt 3 damage to Hyakuren, now destroyed

Turn end phase started

Kiraya

Passed

Tylernol

Passed

Turn ended!

Turn 7 started!

Kiraya

Gundam Barbatos Adapt deployed

No targets for Gundam Barbatos Adapt

Linked pilot: Mikazuki Augus on unit Gundam Barbatos Adapt

Battle initiated

Kiraya

Battle declared: Gundam Barbatos Adapt against Enemy Player

Tylernol

No blockers available

Action step

Tylernol

Passed

Kiraya

Passed

Battle started: Gundam Barbatos Adapt against Mining Asteroid Palau

Tylernol

Mining Asteroid Palau received 4 damage, now destroyed

Battle ended

Battle initiated

Kiraya

Battle declared: Gundam Exia Repair against Enemy Player

Tylernol

No blockers available

Action step

Tylernol

Passed

Kiraya

Passed

Battle started: Gundam Exia Repair against Enemy Shield

Tylernol

Shield card: Char's Zaku Ⅱ revealed and discarded

Battle ended

Kiraya

Replaced EX Base base: Axis

Shield card added to hand

Turn end phase started

Tylernol

Passed

Kiraya

Passed

Turn ended!

Turn 8 started!

Tylernol

Played action: Close Combat

Close Combat: Dealt 2 damage to Gundam Exia Repair, now destroyed

Kiraya

Gundam Exia Repair milled 2: Strike Rouge (Ootori) and Gundam Gusion Rebake moved to trash

Tylernol

Schuzrum-Galluss deployed

Turn end phase started

Kiraya

Passed

Tylernol

Passed

Turn ended!

Turn 9 started!

Battle initiated

Kiraya

Battle declared: Gundam Barbatos Adapt against Enemy Player

Tylernol

No blockers available

Action step

Tylernol

Passed

Kiraya

Passed

Battle started: Gundam Barbatos Adapt against Enemy Shield

Tylernol

Shield card: Mining Asteroid Palau revealed

Played base: Mining Asteroid Palau

Shield card added to hand

Battle ended

Kiraya

Gundam Gusion Rebake deployed

Selecting target for Gundam Gusion Rebake

Gundam Gusion Rebake: Dealt 1 damage to: Gundam Barbatos Adapt and Schuzrum-Galluss

Graze Custom deployed

Turn end phase started

Tylernol

Passed

Kiraya

Passed

Turn ended!

Turn 10 started!

Tylernol

G-Self deployed

Placed 1 Resource EX

Battle initiated

Tylernol

Battle declared: Schuzrum-Galluss against Gundam Barbatos Adapt

Kiraya

Assigned Gundam Gusion Rebake to block

Action step

Kiraya

Passed

Tylernol

Passed

Battle started: Schuzrum-Galluss against Gundam Gusion Rebake

Kiraya

Gundam Gusion Rebake received 4 damage, leaving 1 HP remaining

Tylernol

Schuzrum-Galluss received 3 damage, now destroyed

Battle ended

Tylernol

Schuzrum-Galluss deployed

Turn end phase started

Kiraya

Passed

Tylernol

Passed

Turn ended!

Turn 11 started!

Battle initiated

Kiraya

Battle declared: Gundam Barbatos Adapt against Enemy Player

Tylernol

No blockers available

Action step

Tylernol

Passed

Kiraya

Passed

Battle started: Gundam Barbatos Adapt against Mining Asteroid Palau

Tylernol

Mining Asteroid Palau received 4 damage, leaving 2 HP remaining

Battle ended

Battle initiated

Kiraya

Battle declared: Graze Custom against Enemy Player

Tylernol

No blockers available

Action step

Tylernol

Passed

Kiraya

Passed

Battle started: Graze Custom against Mining Asteroid Palau

Tylernol

Mining Asteroid Palau received 2 damage, now destroyed

Battle ended

Kiraya

Hyakuren deployed

Gundam Flauros (Ryusei-Go) deployed

No targets for Gundam Flauros (Ryusei-Go)

Turn end phase started

Tylernol

Passed

Kiraya

Passed

Turn ended!

Turn 12 started!

Battle initiated

Tylernol

Battle declared: G-Self against Graze Custom

Kiraya

Assigned no blocker

Action step

Kiraya

Passed

Tylernol

Passed

Battle started: G-Self against Graze Custom

Kiraya

Graze Custom received 3 damage, now destroyed

Tylernol

G-Self received 2 damage, now destroyed

Battle ended

Battle initiated

Tylernol

Battle declared: Schuzrum-Galluss against Gundam Barbatos Adapt

Kiraya

Assigned Gundam Gusion Rebake to block

Action step

Kiraya

Passed

Tylernol

Passed

Battle started: Schuzrum-Galluss against Gundam Gusion Rebake

Kiraya

Gundam Gusion Rebake received 4 damage, now destroyed

Tylernol

Schuzrum-Galluss received 3 damage, now destroyed

Battle ended

Tylernol

Gundam Calibarn deployed

Placed 3 Resource EX

Turn end phase started

Kiraya

Passed

Tylernol

Passed

Turn ended!

Turn 13 started!

Battle initiated

Kiraya

Battle declared: Hyakuren against Enemy Player

Tylernol

No blockers available

Action step

Tylernol

Passed

Kiraya

Passed

Battle started: Hyakuren against Enemy Shield

Tylernol

Shield card: Close Combat revealed

Shield card: Close Combat moved to trash

Selecting target for Close Combat

Close Combat: Dealt 2 damage to Gundam Flauros (Ryusei-Go), leaving 1 HP remaining

Battle ended

Battle initiated

Kiraya

Battle declared: Gundam Barbatos Adapt against Enemy Player

Tylernol

No blockers available

Action step

Tylernol

Passed

Kiraya

Passed

Battle started: Gundam Barbatos Adapt against Enemy Shield

Tylernol

Shield card: G-Self revealed and discarded

Battle ended

Battle initiated

Kiraya

Battle declared: Gundam Flauros (Ryusei-Go) against Enemy Player

No targets for Gundam Flauros (Ryusei-Go)

Tylernol

No blockers available

Action step

Tylernol

Passed

Kiraya

Passed

Battle started: Gundam Flauros (Ryusei-Go) against Enemy Player

Tylernol

No more shields available, game is over!

Kiraya

Winner!

Game ended!