Mobile Suit Arena - Battle logs
Game started!

saikyo

Choose to play second

Choose to keep starting hand

Kiraya

Choose to mulligan starting hand

Turn 1 started!

Turn end phase started

saikyo

Passed

Kiraya

Passed

Turn ended!

Turn 2 started!

saikyo

Played command: Airframe Seizure

Selecting target for Airframe Seizure

Strike Freedom Gundam discarded

Airframe Seizure: Draw 2 cards

Turn end phase started

Kiraya

Passed

saikyo

Passed

Turn ended!

Turn 3 started!

Kiraya

Graze Custom deployed

Turn end phase started

saikyo

Passed

Kiraya

Passed

Turn ended!

Turn 4 started!

Turn end phase started

Kiraya

Passed

saikyo

Passed

Turn ended!

Turn 5 started!

Battle initiated

Kiraya

Battle declared: Graze Custom against Enemy Player

saikyo

No blockers available

Action step

saikyo

Passed

Kiraya

Passed

Battle started: Graze Custom against EX Base

saikyo

EX Base received 2 damage, leaving 1 HP remaining

Battle ended

Turn end phase started

saikyo

Passed

Kiraya

Passed

Turn ended!

Turn 6 started!

saikyo

Strike Rouge (Kira's Unit) deployed

Turn end phase started

Kiraya

Passed

saikyo

Passed

Turn ended!

Turn 7 started!

Battle initiated

Kiraya

Battle declared: Graze Custom against Enemy Player

saikyo

No blockers available

Action step

saikyo

Passed

Kiraya

Passed

Battle started: Graze Custom against EX Base

saikyo

EX Base received 2 damage, now destroyed

Battle ended

Kiraya

Hyakuren deployed

Replaced EX Base base: Axis

Shield card added to hand

Gundam Exia Repair deployed

Turn end phase started

saikyo

Passed

Kiraya

Passed

Turn ended!

Turn 8 started!

saikyo

Played action: Close Combat

Close Combat: Dealt 2 damage to Gundam Exia Repair, now destroyed

Kiraya

Gundam Exia Repair milled 2: Strike Rouge (Ootori) and Hyakuren moved to trash

saikyo

Linked pilot: Kira Yamato on unit Strike Rouge (Kira's Unit)

Kira Yamato: Draw a card

Battle initiated

saikyo

Battle declared: Strike Rouge (Kira's Unit) against Graze Custom

Kiraya

No blockers available

Action step

Kiraya

Passed

saikyo

Passed

Battle started: Strike Rouge (Kira's Unit) against Graze Custom

Kiraya

Graze Custom received 5 damage, now destroyed

saikyo

Strike Rouge (Kira's Unit) received 2 damage, leaving 4 HP remaining

Battle ended

saikyo

Played base: Mining Asteroid Palau

Shield card added to hand

Turn end phase started

Kiraya

Passed

saikyo

Passed

Turn ended!

Turn 9 started!

Battle initiated

Kiraya

Battle declared: Hyakuren against Strike Rouge (Kira's Unit)

saikyo

No blockers available

Action step

saikyo

Passed

Kiraya

Passed

Battle started: Hyakuren against Strike Rouge (Kira's Unit)

saikyo

Strike Rouge (Kira's Unit) received 4 damage, now destroyed

Kiraya

Hyakuren received 5 damage, now destroyed

Battle ended

Kiraya

Gundam Gusion Rebake deployed

No targets for Gundam Gusion Rebake

Turn end phase started

saikyo

Passed

Kiraya

Passed

Turn ended!

Turn 10 started!

saikyo

Full Armor Unicorn Gundam (Unicorn Mode) deployed

Linked pilot: Banagher Links on unit Full Armor Unicorn Gundam (Unicorn Mode)

Banagher Links: Draw a card

Battle initiated

saikyo

Battle declared: Full Armor Unicorn Gundam (Unicorn Mode) against Enemy Player

Kiraya

Assigned Gundam Gusion Rebake to block

Action step

Kiraya

Passed

saikyo

Passed

Battle started: Full Armor Unicorn Gundam (Unicorn Mode) against Gundam Gusion Rebake

Kiraya

Gundam Gusion Rebake received 7 damage, now destroyed

saikyo

Full Armor Unicorn Gundam (Unicorn Mode) received 3 damage, leaving 3 HP remaining

Battle ended

Turn end phase started

Kiraya

Passed

saikyo

Passed

Turn ended!

Turn 11 started!

Kiraya

Gundam Gusion Rebake deployed

Selecting target for Gundam Gusion Rebake

Gundam Gusion Rebake: Dealt 1 damage to: Gundam Gusion Rebake and Full Armor Unicorn Gundam (Unicorn Mode)

Gundam Barbatos Adapt deployed

Selecting target for Gundam Barbatos Adapt

Gundam Barbatos Adapt: Dealt 1 damage to: Gundam Barbatos Adapt and Full Armor Unicorn Gundam (Unicorn Mode)

Turn end phase started

saikyo

Passed

Kiraya

Passed

Turn ended!

Turn 12 started!

saikyo

Played action: Battle of Aces

Battle of Aces: Dealt 3 damage to Gundam Barbatos Adapt, now destroyed

Battle initiated

saikyo

Battle declared: Full Armor Unicorn Gundam (Unicorn Mode) against Enemy Player

Kiraya

Assigned no blocker

Action step

Kiraya

Passed

saikyo

Passed

Battle started: Full Armor Unicorn Gundam (Unicorn Mode) against Axis

Kiraya

Axis received 7 damage, now destroyed

Battle ended

saikyo

Activated: Unicorn Gundam (Destroy Mode)

Full Armor Unicorn Gundam (Unicorn Mode): destroyed

Unicorn Gundam (Destroy Mode) deployed

Linked pilot: Banagher Links on unit Unicorn Gundam (Destroy Mode)

Banagher Links: Draw a card

Battle initiated

saikyo

Battle declared: Unicorn Gundam (Destroy Mode) against Enemy Player

Selecting target for Unicorn Gundam (Destroy Mode)

Rested unit: Gundam Gusion Rebake

Kiraya

No blockers available

Action step

Kiraya

Passed

saikyo

Passed

Battle started: Unicorn Gundam (Destroy Mode) against Enemy Shield

Kiraya

Shield card: Axis revealed

Played base: Axis

Shield card added to hand

Battle ended

saikyo

Played command: A Show of Resolve

A Show of Resolve: Draw 2 cards

Turn end phase started

Kiraya

Passed

saikyo

Passed

Turn ended!

Turn 13 started!

Kiraya

Gundam Barbatos 1st Form deployed

Linked pilot: Mikazuki Augus on unit Gundam Barbatos 1st Form

Selecting target for Mikazuki Augus

Mikazuki Augus: Dealt 1 damage to: Gundam Barbatos 1st Form and Unicorn Gundam (Destroy Mode)

Battle initiated

Kiraya

Battle declared: Gundam Barbatos 1st Form against Unicorn Gundam (Destroy Mode)

Gundam Barbatos 1st Form: Draw a card

saikyo

No blockers available

Action step

saikyo

Passed

Kiraya

Passed

Battle started: Gundam Barbatos 1st Form against Unicorn Gundam (Destroy Mode)

saikyo

Unicorn Gundam (Destroy Mode) received 5 damage, now destroyed

Kiraya

Gundam Barbatos 1st Form received 7 damage, now destroyed

Battle ended

Kiraya

Gundam Barbatos 1st Form deployed

Turn end phase started

saikyo

Passed

Kiraya

Passed

Turn ended!

Turn 14 started!

saikyo

Strike Freedom Gundam deployed

Selecting target for Strike Freedom Gundam

Strike Freedom Gundam: Modifier applied to: Strike Freedom Gundam

Strike Freedom Gundam: chose Strike Freedom Gundam

Linked pilot: Kira Yamato on unit Strike Freedom Gundam

Kira Yamato: Draw a card

Battle initiated

saikyo

Battle declared: Strike Freedom Gundam against Enemy Player

Selecting target for Strike Freedom Gundam

Marida Cruz and Mining Asteroid Palau discarded

Selecting target for Strike Freedom Gundam

Kiraya

Gundam Barbatos 1st Form returned to deck

Assigned Gundam Gusion Rebake to block

Action step

Kiraya

Passed

saikyo

Passed

Battle started: Strike Freedom Gundam against Gundam Gusion Rebake

Kiraya

Gundam Gusion Rebake received 7 damage, now destroyed

saikyo

Strike Freedom Gundam received 3 damage, leaving 5 HP remaining

Strike Freedom Gundam: Draw a card

Battle ended

Turn end phase started

Kiraya

Passed

saikyo

Passed

Turn ended!

Turn 15 started!

Kiraya

Gundam Barbatos Adapt deployed

Selecting target for Gundam Barbatos Adapt

Gundam Barbatos Adapt: Dealt 1 damage to: Gundam Barbatos Adapt and Strike Freedom Gundam

Linked pilot: Mikazuki Augus on unit Gundam Barbatos Adapt

Selecting target for Mikazuki Augus

Mikazuki Augus: Dealt 1 damage to: Gundam Barbatos Adapt and Strike Freedom Gundam

Battle initiated

Kiraya

Battle declared: Gundam Barbatos Adapt against Strike Freedom Gundam

saikyo

No blockers available

Action step

saikyo

Passed

Kiraya

Passed

Battle started: Gundam Barbatos Adapt against Strike Freedom Gundam

saikyo

Strike Freedom Gundam received 4 damage, now destroyed

Kiraya

Gundam Barbatos Adapt received 7 damage, now destroyed

Battle ended

Kiraya

Strike Rouge (Ootori) deployed

Turn end phase started

saikyo

Passed

Kiraya

Passed

Turn ended!

Turn 16 started!

saikyo

Played action: Improved Technique

Improved Technique: Dealt 3 damage to Strike Rouge (Ootori), leaving 1 HP remaining

Played action: Close Combat

Close Combat: Dealt 2 damage to Strike Rouge (Ootori), now destroyed

Played command: Airframe Seizure

Selecting target for Airframe Seizure

Unicorn Gundam (Unicorn Mode) discarded

Airframe Seizure: Draw 2 cards

Played command: Airframe Seizure

Selecting target for Airframe Seizure

Unicorn Gundam (Unicorn Mode) discarded

Airframe Seizure: Draw 2 cards

Turn end phase started

Kiraya

Passed

saikyo

Passed

Turn ended!

Turn 17 started!

Kiraya

Gundam Flauros (Ryusei-Go) deployed

No targets for Gundam Flauros (Ryusei-Go)

Turn end phase started

saikyo

Played action: Darkness Finger

Darkness Finger: Dealt 2 damage to Gundam Flauros (Ryusei-Go), leaving 1 HP remaining

Kiraya

Passed

saikyo

Passed

Kiraya

Turn ended!

Turn 18 started!

saikyo

Unicorn Gundam 02 Banshee (Destroy Mode) deployed

Linked pilot: Marida Cruz on unit Unicorn Gundam 02 Banshee (Destroy Mode)

Played command: A Show of Resolve

A Show of Resolve: Draw 2 cards

Played command: Airframe Seizure

Selecting target for Airframe Seizure

Unicorn Gundam 02 Banshee (Destroy Mode) discarded

Airframe Seizure: Draw 2 cards

Battle initiated

saikyo

Battle declared: Unicorn Gundam 02 Banshee (Destroy Mode) against Enemy Player

Selecting target for Marida Cruz

Marida Cruz: Dealt 1 damage to Gundam Flauros (Ryusei-Go), now destroyed

Selecting target for Unicorn Gundam 02 Banshee (Destroy Mode)

Returned to deck bottom

Set Active: Unicorn Gundam 02 Banshee (Destroy Mode)

Unicorn Gundam 02 Banshee (Destroy Mode): Modifier applied to: Unicorn Gundam 02 Banshee (Destroy Mode)

Kiraya

No blockers available

Action step

Kiraya

Passed

saikyo

Passed

Battle started: Unicorn Gundam 02 Banshee (Destroy Mode) against Axis

Kiraya

Axis received 7 damage, now destroyed

Battle ended

Battle initiated

saikyo

Battle declared: Unicorn Gundam 02 Banshee (Destroy Mode) against Enemy Player

Selecting target for Unicorn Gundam 02 Banshee (Destroy Mode)

Returned to deck bottom

Set Active: Unicorn Gundam 02 Banshee (Destroy Mode)

Unicorn Gundam 02 Banshee (Destroy Mode): Modifier applied to: Unicorn Gundam 02 Banshee (Destroy Mode)

No targets for Marida Cruz

Kiraya

No blockers available

Action step

Kiraya

Passed

saikyo

Passed

Battle started: Unicorn Gundam 02 Banshee (Destroy Mode) against Enemy Shield

Kiraya

Shield card: Mikazuki Augus revealed

Shield card added to hand: Mikazuki Augus

Battle ended

Turn end phase started

Kiraya

Passed

saikyo

Passed

Turn ended!

Turn 19 started!

Kiraya

Strike Freedom Gundam deployed

Selecting target for Strike Freedom Gundam

Strike Freedom Gundam: Modifier applied to: Strike Freedom Gundam

Strike Freedom Gundam: chose Strike Freedom Gundam

Linked pilot: Kira Yamato on unit Strike Freedom Gundam

Kira Yamato: Draw a card

Gundam Barbatos Adapt deployed

Selecting target for Gundam Barbatos Adapt

Gundam Barbatos Adapt: Dealt 1 damage to: Gundam Barbatos Adapt and Unicorn Gundam 02 Banshee (Destroy Mode)

Battle initiated

Kiraya

Battle declared: Strike Freedom Gundam against Enemy Player

Selecting target for Strike Freedom Gundam

Widespread Annihilation and Gundam Barbatos 1st Form discarded

Selecting target for Strike Freedom Gundam

saikyo

Unicorn Gundam 02 Banshee (Destroy Mode) and Marida Cruz returned to deck

No blockers available

Action step

saikyo

Passed

Kiraya

Passed

Battle started: Strike Freedom Gundam against Mining Asteroid Palau

saikyo

Mining Asteroid Palau received 7 damage, now destroyed

Kiraya

Strike Freedom Gundam: Draw a card

Battle ended

Kiraya

Linked pilot: Mikazuki Augus on unit Gundam Barbatos Adapt

Turn end phase started

saikyo

Passed

Kiraya

Passed

Turn ended!

Turn 20 started!

saikyo

Played command: A Show of Resolve

A Show of Resolve: Draw 2 cards

Played action: Improved Technique

Improved Technique: Dealt 3 damage to Gundam Barbatos Adapt, leaving 1 HP remaining

Played action: Darkness Finger

Darkness Finger: Dealt 2 damage to Gundam Barbatos Adapt, now destroyed

Turn end phase started

Kiraya

Passed

saikyo

Passed

Turn ended!

Turn 21 started!

Battle initiated

Kiraya

Battle declared: Strike Freedom Gundam against Enemy Player

saikyo

No blockers available

Action step

saikyo

Passed

Kiraya

Passed

Battle started: Strike Freedom Gundam against Enemy Shield

saikyo

Shield card: Kira Yamato revealed

Shield card added to hand: Kira Yamato

Battle ended

Kiraya

Strike Rouge (Ootori) deployed

Gundam Barbatos Adapt deployed

No targets for Gundam Barbatos Adapt

Turn end phase started

saikyo

Passed

Kiraya

Passed

Turn ended!

Turn 22 started!

saikyo

Strike Freedom Gundam deployed

Selecting target for Strike Freedom Gundam

Strike Freedom Gundam: Modifier applied to: Strike Freedom Gundam

Strike Freedom Gundam: chose Strike Freedom Gundam

Linked pilot: Kira Yamato on unit Strike Freedom Gundam

Kira Yamato: Draw a card

Played command: A Show of Resolve

A Show of Resolve: Draw 2 cards

Played command: Airframe Seizure

Selecting target for Airframe Seizure

Airframe Seizure discarded

Airframe Seizure: Draw 2 cards

Battle initiated

saikyo

Battle declared: Strike Freedom Gundam against Enemy Player

Selecting target for Strike Freedom Gundam

Strike Freedom Gundam and Banagher Links discarded

Selecting target for Strike Freedom Gundam

Kiraya

Strike Rouge (Ootori) returned to deck

No blockers available

Action step

Kiraya

Passed

saikyo

Passed

Battle started: Strike Freedom Gundam against Enemy Shield

Kiraya

Shield card: Gundam Barbatos Lupus revealed and discarded

saikyo

Strike Freedom Gundam: Draw a card

Battle ended

Turn end phase started

Kiraya

Passed

saikyo

Passed

Turn ended!

Turn 23 started!

Battle initiated

Kiraya

Battle declared: Gundam Barbatos Adapt against Enemy Player

saikyo

No blockers available

Action step

saikyo

Passed

Kiraya

Passed

Battle started: Gundam Barbatos Adapt against Enemy Shield

saikyo

Shield card: Banagher Links revealed

Shield card added to hand: Banagher Links

Battle ended

Battle initiated

Kiraya

Battle declared: Strike Freedom Gundam against Strike Freedom Gundam

saikyo

No blockers available

Action step

saikyo

Passed

Kiraya

Passed

Battle started: Strike Freedom Gundam against Strike Freedom Gundam

saikyo

Strike Freedom Gundam received 7 damage, leaving 1 HP remaining

Kiraya

Strike Freedom Gundam received 7 damage, leaving 1 HP remaining

Battle ended

Kiraya

M1 Astray (Shrike) deployed

Selecting target for M1 Astray (Shrike)

M1 Astray (Shrike): Dealt 1 damage to Strike Freedom Gundam, now destroyed

Turn end phase started

saikyo

Passed

Kiraya

Passed

Turn ended!

Turn 24 started!

saikyo

Unicorn Gundam 02 Banshee (Destroy Mode) deployed

Linked pilot: Marida Cruz on unit Unicorn Gundam 02 Banshee (Destroy Mode)

Played action: Battle of Aces

Battle of Aces: Dealt 3 damage to Strike Freedom Gundam, now destroyed

Battle initiated

saikyo

Battle declared: Unicorn Gundam 02 Banshee (Destroy Mode) against Gundam Barbatos Adapt

Selecting target for Marida Cruz

Marida Cruz: Dealt 1 damage to M1 Astray (Shrike), leaving 1 HP remaining

Selecting target for Unicorn Gundam 02 Banshee (Destroy Mode)

Returned to deck bottom

Set Active: Unicorn Gundam 02 Banshee (Destroy Mode)

Unicorn Gundam 02 Banshee (Destroy Mode): Modifier applied to: Unicorn Gundam 02 Banshee (Destroy Mode)

Kiraya

No blockers available

Action step

Kiraya

Passed

saikyo

Passed

Battle started: Unicorn Gundam 02 Banshee (Destroy Mode) against Gundam Barbatos Adapt

Kiraya

Gundam Barbatos Adapt received 7 damage, now destroyed

saikyo

Damage prevented

Unicorn Gundam 02 Banshee (Destroy Mode) received 0 damage, leaving 5 HP remaining

Battle ended

Battle initiated

saikyo

Battle declared: Unicorn Gundam 02 Banshee (Destroy Mode) against Enemy Player

Selecting target for Marida Cruz

Marida Cruz: Dealt 1 damage to M1 Astray (Shrike), now destroyed

Kiraya

No blockers available

Action step

Kiraya

Passed

saikyo

Passed

Battle started: Unicorn Gundam 02 Banshee (Destroy Mode) against Enemy Shield

Kiraya

Shield card: Gundam Barbatos Lupus revealed and discarded

Battle ended

Turn end phase started

Kiraya

Passed

saikyo

Passed

Turn ended!

Turn 25 started!

Kiraya

Gundam Barbatos Lupus deployed

Activated: Gundam Barbatos Lupus

Gundam Barbatos Lupus, Gundam Barbatos Adapt and Gundam Barbatos Lupus exiled from the game

Selecting target for Gundam Barbatos Lupus

Gundam Barbatos Lupus: Dealt 2 damage to Unicorn Gundam 02 Banshee (Destroy Mode), leaving 3 HP remaining

Activated: Gundam Barbatos Lupus

Gundam Flauros (Ryusei-Go), Gundam Barbatos 1st Form and Gundam Barbatos Adapt exiled from the game

Selecting target for Gundam Barbatos Lupus

Gundam Barbatos Lupus: Dealt 2 damage to Unicorn Gundam 02 Banshee (Destroy Mode), leaving 1 HP remaining

Activated: Gundam Barbatos Lupus

Gundam Gusion Rebake, Gundam Gusion Rebake and Gundam Barbatos Adapt exiled from the game

Selecting target for Gundam Barbatos Lupus

Gundam Barbatos Lupus: Dealt 2 damage to Unicorn Gundam 02 Banshee (Destroy Mode), now destroyed

Turn end phase started

saikyo

Passed

Kiraya

Passed

Turn ended!

Turn 26 started!

saikyo

Unicorn Gundam (Unicorn Mode) deployed

Linked pilot: Banagher Links on unit Unicorn Gundam (Unicorn Mode)

Banagher Links: Draw a card

Unicorn Gundam (Unicorn Mode) deployed

Linked pilot: Banagher Links on unit Unicorn Gundam (Unicorn Mode)

Banagher Links: Draw a card

Battle initiated

saikyo

Battle declared: Unicorn Gundam (Unicorn Mode) against Enemy Player

Kiraya

No blockers available

Action step

saikyo

Passed

Kiraya

Passed

Battle started: Unicorn Gundam (Unicorn Mode) against Enemy Player

Kiraya

No more shields available, game is over!

saikyo

Winner!

Game ended!