Mobile Suit Arena - Battle logs
Game started!

Kiraya

Choose to play second

TopdeckAmuro

Choose to mulligan starting hand

Kiraya

Choose to keep starting hand

Turn 1 started!

TopdeckAmuro

Played command: Airframe Seizure

Selecting target for Airframe Seizure

Strike Freedom Gundam discarded

Airframe Seizure: Draw 2 cards

Turn end phase started

Kiraya

Passed

TopdeckAmuro

Passed

Turn ended!

Turn 2 started!

Kiraya

Gundam Exia Repair deployed

Turn end phase started

TopdeckAmuro

Passed

Kiraya

Passed

Turn ended!

Turn 3 started!

TopdeckAmuro

Replaced EX Base base: Mining Asteroid Palau

Shield card added to hand

Played command: Airframe Seizure

Selecting target for Airframe Seizure

Marida Cruz discarded

Airframe Seizure: Draw 2 cards

Turn end phase started

Kiraya

Passed

TopdeckAmuro

Passed

Turn ended!

Turn 4 started!

Kiraya

Hyakuren deployed

Battle initiated

Kiraya

Battle declared: Gundam Exia Repair against Enemy Player

TopdeckAmuro

No blockers available

Action step

TopdeckAmuro

Passed

Kiraya

Passed

Battle started: Gundam Exia Repair against Mining Asteroid Palau

TopdeckAmuro

Mining Asteroid Palau received 2 damage, leaving 4 HP remaining

Battle ended

Turn end phase started

TopdeckAmuro

Passed

Kiraya

Passed

Turn ended!

Turn 5 started!

TopdeckAmuro

Played action: Improved Technique

Improved Technique: Dealt 3 damage to Hyakuren, now destroyed

Turn end phase started

Kiraya

Passed

TopdeckAmuro

Passed

Turn ended!

Turn 6 started!

Kiraya

Gundam Barbatos Adapt deployed

No targets for Gundam Barbatos Adapt

Linked pilot: Mikazuki Augus on unit Gundam Barbatos Adapt

Battle initiated

Kiraya

Battle declared: Gundam Barbatos Adapt against Enemy Player

TopdeckAmuro

No blockers available

Action step

TopdeckAmuro

Passed

Kiraya

Passed

Battle started: Gundam Barbatos Adapt against Mining Asteroid Palau

TopdeckAmuro

Mining Asteroid Palau received 4 damage, now destroyed

Battle ended

Battle initiated

Kiraya

Battle declared: Gundam Exia Repair against Enemy Player

TopdeckAmuro

No blockers available

Action step

TopdeckAmuro

Passed

Kiraya

Passed

Battle started: Gundam Exia Repair against Enemy Shield

TopdeckAmuro

Shield card: Mining Asteroid Palau revealed

Played base: Mining Asteroid Palau

Shield card added to hand

Battle ended

Turn end phase started

TopdeckAmuro

Passed

Kiraya

Passed

Turn ended!

Turn 7 started!

TopdeckAmuro

Strike Rouge (Ootori) deployed

Turn end phase started

Kiraya

Passed

TopdeckAmuro

Passed

Turn ended!

Turn 8 started!

Battle initiated

Kiraya

Battle declared: Gundam Exia Repair against Enemy Player

TopdeckAmuro

Assigned no blocker

Action step

TopdeckAmuro

Played action: Darkness Finger

Darkness Finger: Dealt 2 damage to Gundam Exia Repair, now destroyed

Kiraya

Gundam Exia Repair milled 2: Gundam Barbatos Lupus and Gundam Flauros (Ryusei-Go) moved to trash

Passed

TopdeckAmuro

Passed

Battle ended

Battle initiated

Kiraya

Battle declared: Gundam Barbatos Adapt against Enemy Player

TopdeckAmuro

Assigned no blocker

Action step

TopdeckAmuro

Passed

Kiraya

Passed

Battle started: Gundam Barbatos Adapt against Mining Asteroid Palau

TopdeckAmuro

Mining Asteroid Palau received 4 damage, leaving 2 HP remaining

Battle ended

Kiraya

Gundam Gusion Rebake deployed

Selecting target for Gundam Gusion Rebake

Gundam Gusion Rebake: Dealt 1 damage to: Gundam Barbatos Adapt and Strike Rouge (Ootori)

Turn end phase started

TopdeckAmuro

Passed

Kiraya

Passed

Turn ended!

Turn 9 started!

TopdeckAmuro

Strike Rouge (Ootori) deployed

Linked pilot: Kira Yamato on unit Strike Rouge (Ootori)

Kira Yamato: Draw a card

Battle initiated

TopdeckAmuro

Battle declared: Strike Rouge (Ootori) against Gundam Barbatos Adapt

Kiraya

Assigned no blocker

Action step

Kiraya

Passed

TopdeckAmuro

Passed

Battle started: Strike Rouge (Ootori) against Gundam Barbatos Adapt

Kiraya

Gundam Barbatos Adapt received 5 damage, now destroyed

TopdeckAmuro

Strike Rouge (Ootori) received 4 damage, leaving 2 HP remaining

Battle ended

Turn end phase started

Kiraya

Passed

TopdeckAmuro

Passed

Turn ended!

Turn 10 started!

Kiraya

Gundam Barbatos 1st Form deployed

Gundam Barbatos Adapt deployed

Selecting target for Gundam Barbatos Adapt

Gundam Barbatos Adapt: Dealt 1 damage to: Gundam Barbatos 1st Form and Strike Rouge (Ootori)

Turn end phase started

TopdeckAmuro

Passed

Kiraya

Passed

Turn ended!

Turn 11 started!

TopdeckAmuro

Played action: Improved Technique

Improved Technique: Dealt 3 damage to Gundam Barbatos 1st Form, now destroyed

Turn end phase started

Kiraya

Passed

TopdeckAmuro

Passed

Turn ended!

Turn 12 started!

Kiraya

Gundam Barbatos Lupus deployed

Activated: Gundam Barbatos Lupus

Gundam Flauros (Ryusei-Go), Gundam Barbatos Adapt and Gundam Barbatos 1st Form exiled from the game

Selecting target for Gundam Barbatos Lupus

Gundam Barbatos Lupus: Dealt 2 damage to Strike Rouge (Ootori), now destroyed

Battle initiated

Kiraya

Battle declared: Gundam Barbatos Adapt against Enemy Player

TopdeckAmuro

Assigned no blocker

Action step

TopdeckAmuro

Played action: Overwhelming Pressure

Overwhelming Pressure: Dealt 4 damage to Gundam Barbatos Adapt, now destroyed

Kiraya

Passed

TopdeckAmuro

Passed

Battle ended

Turn end phase started

TopdeckAmuro

Passed

Kiraya

Passed

Turn ended!

Turn 13 started!

TopdeckAmuro

Strike Rouge (Ootori) deployed

Replaced Mining Asteroid Palau base: Mining Asteroid Palau

Shield card added to hand

Turn end phase started

Kiraya

Passed

TopdeckAmuro

Passed

Turn ended!

Turn 14 started!

Kiraya

Played command: Widespread Annihilation

Widespread Annihilation: destroyed Strike Rouge (Ootori) and Strike Rouge (Ootori)

Battle initiated

Kiraya

Battle declared: Gundam Barbatos Lupus against Enemy Player

TopdeckAmuro

No blockers available

Action step

TopdeckAmuro

Passed

Kiraya

Passed

Battle started: Gundam Barbatos Lupus against Mining Asteroid Palau

TopdeckAmuro

Mining Asteroid Palau received 5 damage, leaving 1 HP remaining

Battle ended

Battle initiated

Kiraya

Battle declared: Gundam Gusion Rebake against Enemy Player

TopdeckAmuro

No blockers available

Action step

TopdeckAmuro

Passed

Kiraya

Passed

Battle started: Gundam Gusion Rebake against Mining Asteroid Palau

TopdeckAmuro

Mining Asteroid Palau received 3 damage, now destroyed

Battle ended

Kiraya

Hyakuren deployed

Turn end phase started

TopdeckAmuro

Passed

Kiraya

Passed

Turn ended!

Turn 15 started!

TopdeckAmuro

Unicorn Gundam 02 Banshee (Destroy Mode) deployed

Linked pilot: Marida Cruz on unit Unicorn Gundam 02 Banshee (Destroy Mode)

Battle initiated

TopdeckAmuro

Battle declared: Unicorn Gundam 02 Banshee (Destroy Mode) against Gundam Barbatos Lupus

Selecting target for Marida Cruz

Marida Cruz: Dealt 1 damage to Hyakuren, leaving 2 HP remaining

Selecting target for Unicorn Gundam 02 Banshee (Destroy Mode)

Returned to deck bottom

Set Active: Unicorn Gundam 02 Banshee (Destroy Mode)

Unicorn Gundam 02 Banshee (Destroy Mode): Modifier applied to: Unicorn Gundam 02 Banshee (Destroy Mode)

Kiraya

No blockers available

Action step

Kiraya

Passed

TopdeckAmuro

Passed

Battle started: Unicorn Gundam 02 Banshee (Destroy Mode) against Gundam Barbatos Lupus

Kiraya

Gundam Barbatos Lupus received 7 damage, now destroyed

TopdeckAmuro

Damage prevented

Unicorn Gundam 02 Banshee (Destroy Mode) received 0 damage, leaving 5 HP remaining

Battle ended

Battle initiated

TopdeckAmuro

Battle declared: Unicorn Gundam 02 Banshee (Destroy Mode) against Gundam Gusion Rebake

Selecting target for Marida Cruz

Marida Cruz: Dealt 1 damage to Hyakuren, leaving 1 HP remaining

Kiraya

No blockers available

Action step

Kiraya

Passed

TopdeckAmuro

Passed

Battle started: Unicorn Gundam 02 Banshee (Destroy Mode) against Gundam Gusion Rebake

Kiraya

Gundam Gusion Rebake received 7 damage, now destroyed

TopdeckAmuro

Damage prevented

Unicorn Gundam 02 Banshee (Destroy Mode) received 0 damage, leaving 5 HP remaining

Battle ended

TopdeckAmuro

Played base: Mining Asteroid Palau

Shield card added to hand

Turn end phase started

Kiraya

Passed

TopdeckAmuro

Passed

Turn ended!

Turn 16 started!

Kiraya

Replaced EX Base base: Axis

Shield card added to hand

Gundam Barbatos 1st Form deployed

Linked pilot: Mikazuki Augus on unit Gundam Barbatos 1st Form

Selecting target for Mikazuki Augus

Mikazuki Augus: Dealt 1 damage to: Gundam Barbatos 1st Form and Unicorn Gundam 02 Banshee (Destroy Mode)

Battle initiated

Kiraya

Battle declared: Hyakuren against Unicorn Gundam 02 Banshee (Destroy Mode)

TopdeckAmuro

No blockers available

Action step

TopdeckAmuro

Played action: Darkness Finger

Darkness Finger: Dealt 2 damage to Gundam Barbatos 1st Form, now destroyed

Kiraya

Passed

TopdeckAmuro

Passed

Kiraya

Battle started: Hyakuren against Unicorn Gundam 02 Banshee (Destroy Mode)

TopdeckAmuro

Unicorn Gundam 02 Banshee (Destroy Mode) received 4 damage, now destroyed

Kiraya

Hyakuren received 7 damage, now destroyed

Battle ended

Turn end phase started

TopdeckAmuro

Passed

Kiraya

Passed

Turn ended!

Turn 17 started!

TopdeckAmuro

Unicorn Gundam 02 Banshee (Destroy Mode) deployed

Turn end phase started

Kiraya

Passed

TopdeckAmuro

Passed

Turn ended!

Turn 18 started!

Kiraya

Strike Freedom Gundam deployed

Selecting target for Strike Freedom Gundam

Strike Freedom Gundam: Modifier applied to: Strike Freedom Gundam

Strike Freedom Gundam: chose Strike Freedom Gundam

M1 Astray (Shrike) deployed

No targets for M1 Astray (Shrike)

Turn end phase started

TopdeckAmuro

Played action: Overwhelming Pressure

Overwhelming Pressure: Dealt 4 damage to M1 Astray (Shrike), now destroyed

Kiraya

Passed

TopdeckAmuro

Passed

Kiraya

Turn ended!

Turn 19 started!

TopdeckAmuro

Strike Freedom Gundam deployed

Selecting target for Strike Freedom Gundam

Strike Freedom Gundam: Modifier applied to: Unicorn Gundam 02 Banshee (Destroy Mode)

Strike Freedom Gundam: Modifier applied to: Strike Freedom Gundam

Strike Freedom Gundam: chose Unicorn Gundam 02 Banshee (Destroy Mode) and Strike Freedom Gundam

Linked pilot: Kira Yamato on unit Strike Freedom Gundam

Kira Yamato: Draw a card

Battle initiated

TopdeckAmuro

Battle declared: Strike Freedom Gundam against Enemy Player

Selecting target for Strike Freedom Gundam

Overwhelming Pressure and Strike Rouge (Ootori) discarded

Selecting target for Strike Freedom Gundam

Kiraya

Strike Freedom Gundam returned to deck

No blockers available

Action step

Kiraya

Passed

TopdeckAmuro

Passed

Battle started: Strike Freedom Gundam against Axis

Kiraya

Axis received 7 damage, now destroyed

TopdeckAmuro

Strike Freedom Gundam: Draw a card

Battle ended

Battle initiated

TopdeckAmuro

Battle declared: Unicorn Gundam 02 Banshee (Destroy Mode) against Enemy Player

Kiraya

No blockers available

Action step

Kiraya

Passed

TopdeckAmuro

Passed

Battle started: Unicorn Gundam 02 Banshee (Destroy Mode) against Enemy Shield

Kiraya

Shield card: Gundam Gusion Rebake revealed and discarded

TopdeckAmuro

Strike Freedom Gundam: Draw a card

Battle ended

Turn end phase started

Kiraya

Passed

TopdeckAmuro

Passed

Turn ended!

Turn 20 started!

Turn end phase started

TopdeckAmuro

Passed

Kiraya

Passed

Turn ended!

Turn 21 started!

TopdeckAmuro

Strike Freedom Gundam deployed

Selecting target for Strike Freedom Gundam

Strike Freedom Gundam: Modifier applied to: Unicorn Gundam 02 Banshee (Destroy Mode)

Strike Freedom Gundam: Modifier applied to: Strike Freedom Gundam

Strike Freedom Gundam: chose Unicorn Gundam 02 Banshee (Destroy Mode) and Strike Freedom Gundam

Battle initiated

TopdeckAmuro

Battle declared: Unicorn Gundam 02 Banshee (Destroy Mode) against Enemy Player

Kiraya

No blockers available

Action step

Kiraya

Passed

TopdeckAmuro

Passed

Battle started: Unicorn Gundam 02 Banshee (Destroy Mode) against Enemy Shield

Kiraya

Shield card: Mikazuki Augus revealed

Shield card added to hand: Mikazuki Augus

TopdeckAmuro

Strike Freedom Gundam: Draw a card

Battle ended

Battle initiated

TopdeckAmuro

Battle declared: Strike Freedom Gundam against Enemy Player

Kiraya

No blockers available

Action step

Kiraya

Passed

TopdeckAmuro

Played action: Kindhearted

Kindhearted: Draw a card

Kiraya

Passed

TopdeckAmuro

Passed

Battle started: Strike Freedom Gundam against Enemy Shield

Kiraya

Shield card: Gundam Flauros (Ryusei-Go) revealed and discarded

TopdeckAmuro

Strike Freedom Gundam: Draw a card

Battle ended

TopdeckAmuro

Played command: A Show of Resolve

A Show of Resolve: Draw 2 cards

Turn end phase started

Kiraya

Passed

TopdeckAmuro

Passed

Turn ended!

Turn 22 started!

Kiraya

Gundam Barbatos 1st Form deployed

Linked pilot: Mikazuki Augus on unit Gundam Barbatos 1st Form

Selecting target for Mikazuki Augus

Mikazuki Augus: Dealt 1 damage to: Gundam Barbatos 1st Form and Strike Freedom Gundam

Strike Freedom Gundam deployed

Selecting target for Strike Freedom Gundam

Strike Freedom Gundam: Modifier applied to: Gundam Barbatos 1st Form

Strike Freedom Gundam: Modifier applied to: Strike Freedom Gundam

Strike Freedom Gundam: chose Gundam Barbatos 1st Form and Strike Freedom Gundam

Battle initiated

Kiraya

Battle declared: Gundam Barbatos 1st Form against Unicorn Gundam 02 Banshee (Destroy Mode)

Gundam Barbatos 1st Form: Draw a card

TopdeckAmuro

No blockers available

Action step

TopdeckAmuro

Passed

Kiraya

Passed

Battle started: Gundam Barbatos 1st Form against Unicorn Gundam 02 Banshee (Destroy Mode)

TopdeckAmuro

Unicorn Gundam 02 Banshee (Destroy Mode) received 5 damage, now destroyed

Kiraya

Gundam Barbatos 1st Form received 5 damage, now destroyed

Strike Freedom Gundam: Draw a card

Battle ended

Kiraya

Linked pilot: Kira Yamato on unit Strike Freedom Gundam

Kira Yamato: Draw a card

Battle initiated

Kiraya

Battle declared: Strike Freedom Gundam against Enemy Player

Selecting target for Strike Freedom Gundam

Graze Custom and Graze Custom discarded

Selecting target for Strike Freedom Gundam

TopdeckAmuro

Strike Freedom Gundam and Kira Yamato returned to deck

No blockers available

Action step

TopdeckAmuro

Passed

Kiraya

Passed

Battle started: Strike Freedom Gundam against Mining Asteroid Palau

TopdeckAmuro

Mining Asteroid Palau received 7 damage, now destroyed

Kiraya

Strike Freedom Gundam: Draw a card

Battle ended

Turn end phase started

TopdeckAmuro

Passed

Kiraya

Passed

Turn ended!

Turn 23 started!

TopdeckAmuro

Played command: A Show of Resolve

A Show of Resolve: Draw 2 cards

Linked pilot: Kira Yamato on unit Strike Freedom Gundam

Kira Yamato: Draw a card

Battle initiated

TopdeckAmuro

Battle declared: Strike Freedom Gundam against Enemy Player

Selecting target for Strike Freedom Gundam

Airframe Seizure and Kshatriya discarded

Selecting target for Strike Freedom Gundam

Kiraya

Strike Freedom Gundam and Kira Yamato returned to deck

No blockers available

Action step

Kiraya

Passed

TopdeckAmuro

Passed

Battle started: Strike Freedom Gundam against Enemy Shield

Kiraya

Shield card: Mikazuki Augus revealed

Shield card added to hand: Mikazuki Augus

Battle ended

TopdeckAmuro

Played base: Mining Asteroid Palau

Shield card added to hand

Strike Rouge (Ootori) deployed

Turn end phase started

Kiraya

Passed

TopdeckAmuro

Passed

Turn ended!

Turn 24 started!

Kiraya

M1 Astray (Shrike) deployed

Selecting target for M1 Astray (Shrike)

M1 Astray (Shrike): Dealt 1 damage to Strike Freedom Gundam, leaving 7 HP remaining

Gundam Barbatos Adapt deployed

Selecting target for Gundam Barbatos Adapt

Gundam Barbatos Adapt: Dealt 1 damage to: M1 Astray (Shrike) and Strike Freedom Gundam

Linked pilot: Mikazuki Augus on unit Gundam Barbatos Adapt

Selecting target for Mikazuki Augus

Mikazuki Augus: Dealt 1 damage to: Gundam Barbatos Adapt and Strike Freedom Gundam

Battle initiated

Kiraya

Battle declared: Gundam Barbatos Adapt against Enemy Player

TopdeckAmuro

Assigned Strike Rouge (Ootori) to block

Action step

TopdeckAmuro

Passed

Kiraya

Passed

Battle started: Gundam Barbatos Adapt against Strike Rouge (Ootori)

TopdeckAmuro

Strike Rouge (Ootori) received 4 damage, now destroyed

Kiraya

Gundam Barbatos Adapt received 3 damage, leaving 1 HP remaining

Battle ended

Turn end phase started

TopdeckAmuro

Passed

Kiraya

Passed

Turn ended!

Turn 25 started!

TopdeckAmuro

Kshatriya deployed

Linked pilot: Marida Cruz on unit Kshatriya

Selecting target for Kshatriya

Kshatriya: Dealt 1 damage to: M1 Astray (Shrike) and Gundam Barbatos Adapt

Battle initiated

TopdeckAmuro

Battle declared: Kshatriya against Enemy Player

No targets for Marida Cruz

Kiraya

No blockers available

Action step

Kiraya

Passed

TopdeckAmuro

Passed

Battle started: Kshatriya against Enemy Shield

Kiraya

Shield card: Gundam Barbatos 1st Form revealed and discarded

Battle ended

Battle initiated

TopdeckAmuro

Battle declared: Strike Freedom Gundam against Enemy Player

Kiraya

No blockers available

Action step

Kiraya

Passed

TopdeckAmuro

Passed

Battle started: Strike Freedom Gundam against Enemy Player

Kiraya

No more shields available, game is over!

TopdeckAmuro

Winner!

Game ended!