Mobile Suit Arena - Battle logs
Game started!

YU123

Choose to play second

Kiraya

Choose to keep starting hand

YU123

Choose to keep starting hand

Turn 1 started!

Turn end phase started

YU123

Passed

Kiraya

Passed

Turn ended!

Turn 2 started!

Turn end phase started

Kiraya

Passed

YU123

Passed

Turn ended!

Turn 3 started!

Turn end phase started

YU123

Passed

Kiraya

Passed

Turn ended!

Turn 4 started!

Turn end phase started

Kiraya

Passed

YU123

Passed

Turn ended!

Turn 5 started!

Kiraya

Gundam Barbatos 1st Form deployed

Turn end phase started

YU123

Passed

Kiraya

Passed

Turn ended!

Turn 6 started!

YU123

Rising Gundam deployed

Turn end phase started

Kiraya

Passed

YU123

Passed

Turn ended!

Turn 7 started!

Kiraya

Gundam Barbatos Adapt deployed

Selecting target for Gundam Barbatos Adapt

Gundam Barbatos Adapt: Dealt 1 damage to: Gundam Barbatos 1st Form and Rising Gundam

Battle initiated

Kiraya

Battle declared: Gundam Barbatos 1st Form against Enemy Player

Gundam Barbatos 1st Form: Draw a card

YU123

No blockers available

Action step

YU123

Passed

Kiraya

Passed

Battle started: Gundam Barbatos 1st Form against EX Base

YU123

EX Base received 3 damage, now destroyed

Battle ended

Kiraya

Linked pilot: Mikazuki Augus on unit Gundam Barbatos Adapt

Selecting target for Mikazuki Augus

Mikazuki Augus: Dealt 1 damage to: Gundam Barbatos Adapt and Rising Gundam

Battle initiated

Kiraya

Battle declared: Gundam Barbatos Adapt against Enemy Player

YU123

No blockers available

Action step

YU123

Passed

Kiraya

Passed

Battle started: Gundam Barbatos Adapt against Enemy Shield

YU123

Shield card: Darkness Finger revealed

Shield card: Darkness Finger moved to trash

Selecting target for Darkness Finger

Darkness Finger: Dealt 2 damage to Gundam Barbatos 1st Form, now destroyed

Battle ended

Kiraya

Graze Custom deployed

Turn end phase started

YU123

Passed

Kiraya

Passed

Turn ended!

Turn 8 started!

YU123

Gundam Maxter deployed

Played base: Gundam Fight

Shield card added to hand

Played command: Cyclone Punch

Cyclone Punch: Modifier applied to: Gundam Barbatos Adapt

Selecting target for Cyclone Punch

Linked pilot: Chibodee Crocket on unit Gundam Maxter

Battle initiated

YU123

Battle declared: Gundam Maxter against Gundam Barbatos Adapt

Selecting target for Cyclone Punch

Cyclone Punch: Modifier applied to: Gundam Barbatos Adapt

Kiraya

No blockers available

Action step

Kiraya

Passed

YU123

Passed

Battle started: Gundam Maxter against Gundam Barbatos Adapt

Kiraya

Gundam Barbatos Adapt received 4 damage, now destroyed

YU123

Gundam Maxter received 0 damage, leaving 3 HP remaining

Selecting target for Gundam Maxter

Card added to hand: Darkness Finger

Battle ended

Battle initiated

YU123

Battle declared: Rising Gundam against Enemy Player

Kiraya

No blockers available

Action step

Kiraya

Passed

YU123

Passed

Battle started: Rising Gundam against EX Base

Kiraya

EX Base received 4 damage, now destroyed

Battle ended

Turn end phase started

Kiraya

Passed

YU123

Passed

Turn ended!

Turn 9 started!

Kiraya

Gundam Gusion Rebake deployed

Selecting target for Gundam Gusion Rebake

Gundam Gusion Rebake: Dealt 1 damage to: Graze Custom and Gundam Maxter

Battle initiated

Kiraya

Battle declared: Graze Custom against Gundam Maxter

YU123

No blockers available

Action step

YU123

Passed

Kiraya

Passed

Battle started: Graze Custom against Gundam Maxter

YU123

Gundam Maxter received 2 damage, now destroyed

Kiraya

Graze Custom received 4 damage, now destroyed

Battle ended

Kiraya

M1 Astray (Shrike) deployed

Selecting target for M1 Astray (Shrike)

M1 Astray (Shrike): Dealt 1 damage to Rising Gundam, now destroyed

Turn end phase started

YU123

Passed

Kiraya

Passed

Turn ended!

Turn 10 started!

YU123

Played command: Airframe Seizure

Selecting target for Airframe Seizure

Shining Finger discarded

Airframe Seizure: Draw 2 cards

Turn end phase started

Kiraya

Passed

YU123

Passed

Turn ended!

Turn 11 started!

Kiraya

Hyakuren deployed

Gundam Exia Repair deployed

Battle initiated

Kiraya

Battle declared: M1 Astray (Shrike) against Enemy Player

YU123

No blockers available

Action step

YU123

Passed

Kiraya

Passed

Battle started: M1 Astray (Shrike) against Gundam Fight

YU123

Gundam Fight received 1 damage, leaving 4 HP remaining

Battle ended

Turn end phase started

YU123

Passed

Kiraya

Passed

Turn ended!

Turn 12 started!

YU123

Master Gundam deployed

Played action: Darkness Finger

Darkness Finger: Dealt 2 damage to Gundam Exia Repair, now destroyed

Darkness Finger: Draw a card

Kiraya

Gundam Exia Repair milled 2: Gundam Gusion Rebake and Kira Yamato moved to trash

YU123

Linked pilot: Master Asia on unit Master Gundam

Battle initiated

YU123

Battle declared: Master Gundam against Enemy Player

Selecting target for Master Asia

Master Gundam: Dealt 2 damage to M1 Astray (Shrike), now destroyed

Selecting target for Master Gundam

Darkness Finger and Shining Finger exiled from the game

Kiraya

Shield card: Strike Freedom Gundam revealed and discarded

Assigned Gundam Gusion Rebake to block

Action step

Kiraya

Passed

YU123

Passed

Battle started: Master Gundam against Gundam Gusion Rebake

Kiraya

Gundam Gusion Rebake received 7 damage, now destroyed

YU123

Master Gundam received 3 damage, leaving 4 HP remaining

Battle ended

Turn end phase started

Kiraya

Passed

YU123

Passed

Turn ended!

Turn 13 started!

Kiraya

Gundam Barbatos 1st Form deployed

Gundam Barbatos Adapt deployed

Selecting target for Gundam Barbatos Adapt

Gundam Barbatos Adapt: Dealt 1 damage to: Gundam Barbatos 1st Form and Master Gundam

Battle initiated

Kiraya

Battle declared: Hyakuren against Master Gundam

YU123

No blockers available

Action step

YU123

Passed

Kiraya

Passed

Battle started: Hyakuren against Master Gundam

YU123

Master Gundam received 4 damage, now destroyed

Kiraya

Hyakuren received 7 damage, now destroyed

Battle ended

Turn end phase started

YU123

Passed

Kiraya

Passed

Turn ended!

Turn 14 started!

YU123

Shining Gundam (Super Mode) deployed

Linked pilot: Domon Kasshu on unit Shining Gundam (Super Mode)

Domon Kasshu: Draw a card

Selecting target for Domon Kasshu

Darkness Finger discarded

Selecting target for Domon Kasshu

Selecting target for Darkness Finger

Darkness Finger: Dealt 2 damage to Gundam Barbatos 1st Form, now destroyed

Shining Gundam (Super Mode): Modifier applied to: Shining Gundam (Super Mode)

Battle initiated

YU123

Battle declared: Shining Gundam (Super Mode) against Enemy Player

Shining Gundam (Super Mode): Modifier applied to: Shining Gundam (Super Mode)

Kiraya

No blockers available

Action step

Kiraya

Passed

YU123

Passed

Battle started: Shining Gundam (Super Mode) against Enemy Shield

Kiraya

Shield cards: Gundam Barbatos 1st Form and Graze Custom revealed and discarded

Battle ended

YU123

Shining Gundam deployed

Turn end phase started

Kiraya

Passed

YU123

Passed

Turn ended!

Turn 15 started!

Kiraya

Gundam Gusion Rebake deployed

Selecting target for Gundam Gusion Rebake

Gundam Gusion Rebake: Dealt 1 damage to: Gundam Barbatos Adapt and Shining Gundam (Super Mode)

Turn end phase started

YU123

Passed

Kiraya

Passed

Turn ended!

Turn 16 started!

Battle initiated

YU123

Battle declared: Shining Gundam against Enemy Player

Kiraya

Assigned no blocker

Action step

Kiraya

Passed

YU123

Passed

Battle started: Shining Gundam against Enemy Shield

Kiraya

Shield card: Axis revealed

Played base: Axis

Shield card added to hand

Battle ended

YU123

Shining Gundam deployed

Selecting target for Shining Gundam

Gundam Maxter and Rising Gundam exiled from the game

Selecting target for Shining Gundam

Darkness Finger returned to hand

Linked pilot: Domon Kasshu on unit Shining Gundam

Domon Kasshu: Draw a card

Selecting target for Domon Kasshu

Darkness Finger discarded

Selecting target for Domon Kasshu

Selecting target for Darkness Finger

Darkness Finger: Dealt 2 damage to Gundam Gusion Rebake, leaving 3 HP remaining

Shining Gundam (Super Mode): Modifier applied to: Shining Gundam (Super Mode)

Played action: Shining Finger

Rested unit: Gundam Gusion Rebake

Selecting target for Shining Finger

Shining Finger: Modifier applied to: Shining Gundam

Shining Gundam (Super Mode): Modifier applied to: Shining Gundam (Super Mode)

Battle initiated

YU123

Battle declared: Shining Gundam against Gundam Gusion Rebake

Shining Gundam: 1 resource set as active

Kiraya

No blockers available

Action step

Kiraya

Passed

YU123

Passed

Battle started: Shining Gundam against Gundam Gusion Rebake

Kiraya

Gundam Gusion Rebake received 5 damage, now destroyed

YU123

Damage prevented

Shining Gundam received 0 damage, leaving 5 HP remaining

Battle ended

Battle initiated

YU123

Battle declared: Shining Gundam (Super Mode) against Enemy Player

Shining Gundam (Super Mode): Modifier applied to: Shining Gundam (Super Mode)

Kiraya

No blockers available

Action step

Kiraya

Passed

YU123

Passed

Battle started: Shining Gundam (Super Mode) against Axis

Kiraya

Axis received 8 damage, now destroyed

Battle ended

YU123

Gundam Maxter deployed

Turn end phase started

Kiraya

Passed

YU123

Passed

Turn ended!

Turn 17 started!

Battle initiated

Kiraya

Battle declared: Gundam Barbatos Adapt against Shining Gundam (Super Mode)

YU123

No blockers available

Action step

YU123

Passed

Kiraya

Passed

Battle started: Gundam Barbatos Adapt against Shining Gundam (Super Mode)

YU123

Shining Gundam (Super Mode) received 2 damage, leaving 3 HP remaining

Kiraya

Gundam Barbatos Adapt received 6 damage, now destroyed

Battle ended

Kiraya

Played command: Widespread Annihilation

Widespread Annihilation: destroyed Shining Gundam, Shining Gundam and Gundam Maxter

Turn end phase started

YU123

Passed

Kiraya

Passed

Turn ended!

Turn 18 started!

Battle initiated

YU123

Battle declared: Shining Gundam (Super Mode) against Enemy Player

Shining Gundam (Super Mode): Modifier applied to: Shining Gundam (Super Mode)

Kiraya

No blockers available

Action step

Kiraya

Passed

YU123

Passed

Battle started: Shining Gundam (Super Mode) against Enemy Shield

Kiraya

Shield card: Gundam Flauros (Ryusei-Go) revealed and discarded

Battle ended

YU123

Shining Gundam deployed

Turn end phase started

Kiraya

Passed

YU123

Passed

Turn ended!

Turn 19 started!

Kiraya

Strike Freedom Gundam deployed

Selecting target for Strike Freedom Gundam

Strike Freedom Gundam: Modifier applied to: Strike Freedom Gundam

Strike Freedom Gundam: chose Strike Freedom Gundam

Linked pilot: Kira Yamato on unit Strike Freedom Gundam

Kira Yamato: Draw a card

Battle initiated

Kiraya

Battle declared: Strike Freedom Gundam against Shining Gundam (Super Mode)

Selecting target for Strike Freedom Gundam

Kira Yamato and Mikazuki Augus discarded

Selecting target for Strike Freedom Gundam

YU123

Shining Gundam returned to deck

No blockers available

Action step

YU123

Passed

Kiraya

Passed

Battle started: Strike Freedom Gundam against Shining Gundam (Super Mode)

YU123

Shining Gundam (Super Mode) received 7 damage, now destroyed

Kiraya

Strike Freedom Gundam received 6 damage, leaving 2 HP remaining

Strike Freedom Gundam: Draw a card

Battle ended

Turn end phase started

YU123

Passed

Kiraya

Passed

Turn ended!

Turn 20 started!

YU123

Replaced Gundam Fight base: Argama

Shield card added to hand

Rising Gundam deployed

Played action: Shining Finger

Already rested unit: Strike Freedom Gundam

Linked pilot: Master Asia on unit Rising Gundam

Selecting target for Rising Gundam

Already rested unit: Strike Freedom Gundam

Battle initiated

YU123

Battle declared: Rising Gundam against Enemy Player

Selecting target for Master Asia

Rising Gundam: Dealt 2 damage to Strike Freedom Gundam, now destroyed

Kiraya

No blockers available

Action step

Kiraya

Passed

YU123

Passed

Battle started: Rising Gundam against Enemy Player

Kiraya

No more shields available, game is over!

YU123

Winner!

Game ended!