Mobile Suit Arena - Battle logs
Game started!

ユニコォォォォォン

Choose to play first

Kiraya

Choose to mulligan starting hand

Turn 1 started!

Turn end phase started

Kiraya

Passed

ユニコォォォォォン

Passed

Turn ended!

Turn 2 started!

Turn end phase started

ユニコォォォォォン

Passed

Kiraya

Passed

Turn ended!

Turn 3 started!

ユニコォォォォォン

Zaku Ⅱ deployed

Zaku Ⅱ deployed

Turn end phase started

Kiraya

Passed

ユニコォォォォォン

Passed

Turn ended!

Turn 4 started!

Turn end phase started

ユニコォォォォォン

Passed

Kiraya

Passed

Turn ended!

Turn 5 started!

Battle initiated

ユニコォォォォォン

Battle declared: Zaku Ⅱ against Enemy Player

Kiraya

No blockers available

Action step

Kiraya

Passed

ユニコォォォォォン

Passed

Battle started: Zaku Ⅱ against EX Base

Kiraya

EX Base received 2 damage, leaving 1 HP remaining

Battle ended

Battle initiated

ユニコォォォォォン

Battle declared: Zaku Ⅱ against Enemy Player

Kiraya

No blockers available

Action step

Kiraya

Passed

ユニコォォォォォン

Passed

Battle started: Zaku Ⅱ against EX Base

Kiraya

EX Base received 2 damage, now destroyed

Battle ended

ユニコォォォォォン

Replaced EX Base base: Falmel

Shield card added to hand

Char's Zaku Ⅱ deployed

Gundam Exia Repair deployed

Turn end phase started

Kiraya

Passed

ユニコォォォォォン

Passed

Turn ended!

Turn 6 started!

Kiraya

M1 Astray (Shrike) deployed

Selecting target for M1 Astray (Shrike)

M1 Astray (Shrike): Dealt 1 damage to Char's Zaku Ⅱ, now destroyed

Gundam Barbatos Adapt deployed

Selecting target for Gundam Barbatos Adapt

Gundam Barbatos Adapt: Dealt 1 damage to: Gundam Barbatos Adapt and Gundam Exia Repair

ユニコォォォォォン

Gundam Exia Repair milled 2: Fatal Strike and Gundam Barbatos Adapt moved to trash

Turn end phase started

ユニコォォォォォン

Passed

Kiraya

Passed

Turn ended!

Turn 7 started!

Battle initiated

ユニコォォォォォン

Battle declared: Zaku Ⅱ against Enemy Player

Kiraya

No blockers available

Action step

Kiraya

Passed

ユニコォォォォォン

Passed

Battle started: Zaku Ⅱ against Enemy Shield

Kiraya

Shield card: Gundam Barbatos Lupus revealed and discarded

Battle ended

Battle initiated

ユニコォォォォォン

Battle declared: Zaku Ⅱ against Enemy Player

Kiraya

No blockers available

Action step

Kiraya

Passed

ユニコォォォォォン

Passed

Battle started: Zaku Ⅱ against Enemy Shield

Kiraya

Shield card: Kira Yamato revealed

Shield card added to hand: Kira Yamato

Battle ended

ユニコォォォォォン

Char's Zaku Ⅱ deployed

Gundam Barbatos 1st Form deployed

Turn end phase started

Kiraya

Passed

ユニコォォォォォン

Passed

Turn ended!

Turn 8 started!

Kiraya

M1 Astray (Shrike) deployed

Selecting target for M1 Astray (Shrike)

M1 Astray (Shrike): Dealt 1 damage to Zaku Ⅱ, leaving 1 HP remaining

Battle initiated

Kiraya

Battle declared: Gundam Barbatos Adapt against Zaku Ⅱ

ユニコォォォォォン

No blockers available

Action step

ユニコォォォォォン

Passed

Kiraya

Passed

Battle started: Gundam Barbatos Adapt against Zaku Ⅱ

ユニコォォォォォン

Zaku Ⅱ received 2 damage, now destroyed

Kiraya

Gundam Barbatos Adapt received 2 damage, leaving 1 HP remaining

Battle ended

Kiraya

Played base: Axis

Shield card added to hand

Linked pilot: Mikazuki Augus on unit Gundam Barbatos Adapt

Selecting target for Mikazuki Augus

Mikazuki Augus: Dealt 1 damage to: M1 Astray (Shrike) and Zaku Ⅱ

Battle initiated

Kiraya

Battle declared: M1 Astray (Shrike) against Enemy Player

ユニコォォォォォン

No blockers available

Action step

ユニコォォォォォン

Passed

Kiraya

Passed

Battle started: M1 Astray (Shrike) against Falmel

ユニコォォォォォン

Falmel received 1 damage, leaving 4 HP remaining

Battle ended

Turn end phase started

ユニコォォォォォン

Passed

Kiraya

Passed

Turn ended!

Turn 9 started!

ユニコォォォォォン

Linked pilot: Mikazuki Augus on unit Gundam Barbatos 1st Form

Selecting target for Mikazuki Augus

Mikazuki Augus: Dealt 1 damage to: Gundam Barbatos 1st Form and M1 Astray (Shrike)

Battle initiated

ユニコォォォォォン

Battle declared: Gundam Barbatos 1st Form against Enemy Player

Gundam Barbatos 1st Form: Draw a card

Kiraya

No blockers available

Action step

Kiraya

Passed

ユニコォォォォォン

Passed

Battle started: Gundam Barbatos 1st Form against Axis

Kiraya

Axis received 5 damage, leaving 1 HP remaining

Battle ended

Battle initiated

ユニコォォォォォン

Battle declared: Char's Zaku Ⅱ against Enemy Player

Kiraya

No blockers available

Action step

Kiraya

Passed

ユニコォォォォォン

Passed

Battle started: Char's Zaku Ⅱ against Axis

Kiraya

Axis received 3 damage, now destroyed

Battle ended

ユニコォォォォォン

Zaku Ⅱ deployed

Zaku Ⅱ deployed

Turn end phase started

Kiraya

Passed

ユニコォォォォォン

Passed

Turn ended!

Turn 10 started!

Kiraya

Played base: Axis

Shield card added to hand

Gundam Gusion Rebake deployed

Selecting target for Gundam Gusion Rebake

Gundam Gusion Rebake: Dealt 1 damage to: M1 Astray (Shrike) and Gundam Barbatos 1st Form

Battle initiated

Kiraya

Battle declared: M1 Astray (Shrike) against Gundam Barbatos 1st Form

ユニコォォォォォン

No blockers available

Action step

ユニコォォォォォン

Passed

Kiraya

Passed

Battle started: M1 Astray (Shrike) against Gundam Barbatos 1st Form

ユニコォォォォォン

Gundam Barbatos 1st Form received 1 damage, now destroyed

Kiraya

M1 Astray (Shrike) received 5 damage, now destroyed

Battle ended

Battle initiated

Kiraya

Battle declared: Gundam Barbatos Adapt against Char's Zaku Ⅱ

ユニコォォォォォン

No blockers available

Action step

ユニコォォォォォン

Passed

Kiraya

Passed

Battle started: Gundam Barbatos Adapt against Char's Zaku Ⅱ

ユニコォォォォォン

Char's Zaku Ⅱ received 4 damage, now destroyed

Kiraya

Gundam Barbatos Adapt received 3 damage, now destroyed

ユニコォォォォォン

Selecting target for Char's Zaku Ⅱ

Card added to hand: Zeong

Battle ended

Turn end phase started

ユニコォォォォォン

Passed

Kiraya

Passed

Turn ended!

Turn 11 started!

ユニコォォォォォン

Zeong deployed

Linked pilot: Char Aznable on unit Zeong

Wire-Guided Arm deployed

Wire-Guided Arm deployed

Battle initiated

ユニコォォォォォン

Battle declared: Zeong against Enemy Player

Char Aznable: Modifier applied to: Zeong

Kiraya

Can't block High-maneuver

Action step

Kiraya

Passed

ユニコォォォォォン

Passed

Battle started: Zeong against Axis

Kiraya

Axis received 6 damage, now destroyed

Battle ended

Battle initiated

ユニコォォォォォン

Battle declared: Zaku Ⅱ against Enemy Player

Zaku Ⅱ: Modifier applied to: Zaku Ⅱ

Kiraya

Assigned Gundam Gusion Rebake to block

Action step

Kiraya

Passed

ユニコォォォォォン

Passed

Battle started: Zaku Ⅱ against Gundam Gusion Rebake

Kiraya

Gundam Gusion Rebake received 3 damage, leaving 2 HP remaining

ユニコォォォォォン

Zaku Ⅱ received 3 damage, now destroyed

Battle ended

Battle initiated

ユニコォォォォォン

Battle declared: Zaku Ⅱ against Enemy Player

Kiraya

No blockers available

Action step

Kiraya

Passed

ユニコォォォォォン

Passed

Battle started: Zaku Ⅱ against Enemy Shield

Kiraya

Shield card: Axis revealed

Played base: Axis

Shield card added to hand

Battle ended

Turn end phase started

Kiraya

Passed

ユニコォォォォォン

Passed

Turn ended!

Turn 12 started!

Kiraya

Played command: Widespread Annihilation

Widespread Annihilation: destroyed Zaku Ⅱ, Wire-Guided Arm and Wire-Guided Arm

Paired pilot: Kira Yamato on unit Gundam Gusion Rebake

Battle initiated

Kiraya

Battle declared: Gundam Gusion Rebake against Zeong

ユニコォォォォォン

No blockers available

Action step

ユニコォォォォォン

Passed

Kiraya

Passed

Battle started: Gundam Gusion Rebake against Zeong

ユニコォォォォォン

Zeong received 5 damage, now destroyed

Kiraya

Gundam Gusion Rebake received 5 damage, now destroyed

ユニコォォォォォン

Zeong (Head) deployed

Battle ended

Turn end phase started

ユニコォォォォォン

Passed

Kiraya

Passed

Turn ended!

Turn 13 started!

ユニコォォォォォン

Char's Gelgoog deployed

Linked pilot: Char Aznable on unit Char's Gelgoog

Battle initiated

ユニコォォォォォン

Battle declared: Char's Gelgoog against Enemy Player

Char Aznable: Modifier applied to: Char's Gelgoog

Kiraya

Can't block High-maneuver

Action step

Kiraya

Passed

ユニコォォォォォン

Passed

Battle started: Char's Gelgoog against Axis

Kiraya

Axis received 6 damage, now destroyed

Battle ended

Battle initiated

ユニコォォォォォン

Battle declared: Zeong (Head) against Enemy Player

Kiraya

No blockers available

Action step

Kiraya

Passed

ユニコォォォォォン

Passed

Battle started: Zeong (Head) against Enemy Player

Kiraya

No more shields available, game is over!

ユニコォォォォォン

Winner!

Game ended!