Mobile Suit Arena - Battle logs
Game started!

Kiraya

Choose to play second

云老师

Choose to keep starting hand

Kiraya

Choose to mulligan starting hand

Turn 1 started!

Turn end phase started

Kiraya

Passed

云老师

Passed

Turn ended!

Turn 2 started!

Turn end phase started

云老师

Passed

Kiraya

Passed

Turn ended!

Turn 3 started!

云老师

Graze Custom deployed

Graze Custom deployed

Turn end phase started

Kiraya

Passed

云老师

Passed

Turn ended!

Turn 4 started!

Kiraya

Gundam Barbatos 1st Form deployed

Turn end phase started

云老师

Passed

Kiraya

Passed

Turn ended!

Turn 5 started!

云老师

Replaced EX Base base: Corsica Base

Shield card added to hand

Tallgeese deployed

Battle initiated

云老师

Battle declared: Graze Custom against Enemy Player

Kiraya

No blockers available

Action step

Kiraya

Passed

云老师

Passed

Battle started: Graze Custom against EX Base

Kiraya

EX Base received 2 damage, leaving 1 HP remaining

Battle ended

Battle initiated

云老师

Battle declared: Graze Custom against Enemy Player

Kiraya

No blockers available

Action step

Kiraya

Passed

云老师

Passed

Battle started: Graze Custom against EX Base

Kiraya

EX Base received 2 damage, now destroyed

Battle ended

Turn end phase started

Kiraya

Passed

云老师

Passed

Turn ended!

Turn 6 started!

Kiraya

Played base: Axis

Shield card added to hand

Strike Rouge (Ootori) deployed

Turn end phase started

云老师

Passed

Kiraya

Passed

Turn ended!

Turn 7 started!

Battle initiated

云老师

Battle declared: Tallgeese against Enemy Player

Kiraya

Assigned no blocker

Action step

Kiraya

Passed

云老师

Passed

Battle started: Tallgeese against Axis

Kiraya

Axis received 4 damage, leaving 2 HP remaining

Battle ended

云老师

Gundam Barbatos 1st Form deployed

Ryusei-Go (Graze Custom Ⅱ) deployed

Selecting target for Ryusei-Go (Graze Custom Ⅱ)

Ryusei-Go (Graze Custom Ⅱ): Dealt 1 damage to Ryusei-Go (Graze Custom Ⅱ), leaving 1 HP remaining

Ryusei-Go (Graze Custom Ⅱ): Draw a card

Selecting target for Ryusei-Go (Graze Custom Ⅱ)

Kira Yamato discarded

Turn end phase started

Kiraya

Passed

云老师

Passed

Turn ended!

Turn 8 started!

Kiraya

Gundam Barbatos Adapt deployed

Selecting target for Gundam Barbatos Adapt

Gundam Barbatos Adapt: Dealt 1 damage to: Gundam Barbatos 1st Form and Tallgeese

M1 Astray (Shrike) deployed

Selecting target for M1 Astray (Shrike)

M1 Astray (Shrike): Dealt 1 damage to Tallgeese, now destroyed

Battle initiated

Kiraya

Battle declared: Gundam Barbatos 1st Form against Enemy Player

Gundam Barbatos 1st Form: Draw a card

云老师

No blockers available

Action step

云老师

Passed

Kiraya

Passed

Battle started: Gundam Barbatos 1st Form against Corsica Base

云老师

Corsica Base received 3 damage, leaving 2 HP remaining

Battle ended

Kiraya

Graze Custom deployed

Turn end phase started

云老师

Passed

Kiraya

Passed

Turn ended!

Turn 9 started!

云老师

Gundam Flauros (Ryusei-Go) deployed

Selecting target for Gundam Flauros (Ryusei-Go)

Battle initiated

云老师

Battle declared: Ryusei-Go (Graze Custom Ⅱ) against Enemy Player

Kiraya

Assigned no blocker

Action step

Kiraya

Passed

云老师

Passed

Battle started: Ryusei-Go (Graze Custom Ⅱ) against Axis

Kiraya

Axis received 2 damage, now destroyed

Battle ended

云老师

Linked pilot: Mikazuki Augus on unit Gundam Flauros (Ryusei-Go)

Selecting target for Mikazuki Augus

Mikazuki Augus: Dealt 1 damage to: Gundam Barbatos 1st Form and Gundam Barbatos 1st Form

Battle initiated

云老师

Battle declared: Graze Custom against Enemy Player

Kiraya

Assigned Strike Rouge (Ootori) to block

Action step

Kiraya

Passed

云老师

Passed

Battle started: Graze Custom against Strike Rouge (Ootori)

Kiraya

Strike Rouge (Ootori) received 2 damage, leaving 2 HP remaining

云老师

Graze Custom received 3 damage, now destroyed

Battle ended

Battle initiated

云老师

Battle declared: Gundam Barbatos 1st Form against Enemy Player

Gundam Barbatos 1st Form: Draw a card

Kiraya

No blockers available

Action step

Kiraya

Passed

云老师

Passed

Battle started: Gundam Barbatos 1st Form against Enemy Shield

Kiraya

Shield card: Gundam Barbatos Adapt revealed and discarded

Battle ended

Battle initiated

云老师

Battle declared: Graze Custom against Enemy Player

Kiraya

No blockers available

Action step

Kiraya

Passed

云老师

Passed

Battle started: Graze Custom against Enemy Shield

Kiraya

Shield card: Hyakuren revealed and discarded

Battle ended

Battle initiated

云老师

Battle declared: Gundam Flauros (Ryusei-Go) against Enemy Player

Selecting target for Gundam Flauros (Ryusei-Go)

Kiraya

No blockers available

Action step

Kiraya

Passed

云老师

Passed

Battle started: Gundam Flauros (Ryusei-Go) against Enemy Shield

Kiraya

Shield card: Widespread Annihilation revealed and discarded

Battle ended

Turn end phase started

Kiraya

Passed

云老师

Passed

Turn ended!

Turn 10 started!

Kiraya

Gundam Gusion Rebake deployed

Selecting target for Gundam Gusion Rebake

Gundam Gusion Rebake: Dealt 1 damage to: Gundam Barbatos Adapt and Gundam Barbatos 1st Form

Graze Custom deployed

Battle initiated

Kiraya

Battle declared: Gundam Barbatos Adapt against Graze Custom

云老师

No blockers available

Action step

云老师

Passed

Kiraya

Passed

Battle started: Gundam Barbatos Adapt against Graze Custom

云老师

Graze Custom received 2 damage, now destroyed

Kiraya

Gundam Barbatos Adapt received 2 damage, leaving 1 HP remaining

Battle ended

Turn end phase started

云老师

Passed

Kiraya

Passed

Turn ended!

Turn 11 started!

Battle initiated

云老师

Battle declared: Ryusei-Go (Graze Custom Ⅱ) against Enemy Player

Kiraya

Assigned Gundam Gusion Rebake to block

Action step

Kiraya

Passed

云老师

Passed

Battle started: Ryusei-Go (Graze Custom Ⅱ) against Gundam Gusion Rebake

Kiraya

Gundam Gusion Rebake received 2 damage, leaving 3 HP remaining

云老师

Ryusei-Go (Graze Custom Ⅱ) received 3 damage, now destroyed

Battle ended

Battle initiated

云老师

Battle declared: Gundam Flauros (Ryusei-Go) against Enemy Player

Selecting target for Gundam Flauros (Ryusei-Go)

Kiraya

Assigned Strike Rouge (Ootori) to block

Action step

Kiraya

Passed

云老师

Passed

Battle started: Gundam Flauros (Ryusei-Go) against Strike Rouge (Ootori)

Kiraya

Strike Rouge (Ootori) received 7 damage, now destroyed

云老师

Gundam Flauros (Ryusei-Go) received 3 damage, leaving 1 HP remaining

Battle ended

云老师

Played command: A Show of Resolve

A Show of Resolve: Draw 2 cards

Gundam Barbatos Adapt deployed

Selecting target for Gundam Barbatos Adapt

Gundam Barbatos Adapt: Dealt 1 damage to: Gundam Barbatos Adapt and Gundam Barbatos Adapt

Turn end phase started

Kiraya

Passed

云老师

Passed

Turn ended!

Turn 12 started!

Kiraya

Gundam Flauros (Ryusei-Go) deployed

No targets for Gundam Flauros (Ryusei-Go)

Hyakuren deployed

Turn end phase started

云老师

Passed

Kiraya

Passed

Turn ended!

Turn 13 started!

Battle initiated

云老师

Battle declared: Gundam Barbatos Adapt against Enemy Player

Kiraya

Assigned no blocker

Action step

Kiraya

Passed

云老师

Passed

Battle started: Gundam Barbatos Adapt against Enemy Shield

Kiraya

Shield card: Kira Yamato revealed

Shield card added to hand: Kira Yamato

Battle ended

Turn end phase started

Kiraya

Passed

云老师

Passed

Turn ended!

Turn 14 started!

Kiraya

Gundam Barbatos Lupus deployed

Activated: Gundam Barbatos Lupus

Gundam Barbatos Adapt, Graze Custom and Gundam Barbatos Adapt exiled from the game

Selecting target for Gundam Barbatos Lupus

Gundam Barbatos Lupus: Dealt 2 damage to Gundam Flauros (Ryusei-Go), now destroyed

Battle initiated

Kiraya

Battle declared: Hyakuren against Gundam Barbatos Adapt

云老师

No blockers available

Action step

云老师

Passed

Kiraya

Passed

Battle started: Hyakuren against Gundam Barbatos Adapt

云老师

Gundam Barbatos Adapt received 4 damage, now destroyed

Kiraya

Hyakuren received 2 damage, leaving 1 HP remaining

Battle ended

Battle initiated

Kiraya

Battle declared: Gundam Flauros (Ryusei-Go) against Enemy Player

No targets for Gundam Flauros (Ryusei-Go)

云老师

No blockers available

Action step

云老师

Passed

Kiraya

Passed

Battle started: Gundam Flauros (Ryusei-Go) against Corsica Base

云老师

Corsica Base received 5 damage, now destroyed

Battle ended

Turn end phase started

云老师

Passed

Kiraya

Passed

Turn ended!

Turn 15 started!

云老师

Strike Rouge (Ootori) deployed

Gundam Gusion Rebake deployed

Selecting target for Gundam Gusion Rebake

Gundam Gusion Rebake: Dealt 1 damage to: Strike Rouge (Ootori) and Hyakuren

Turn end phase started

Kiraya

Passed

云老师

Passed

Turn ended!

Turn 16 started!

Kiraya

Played base: Axis

Shield card added to hand

Battle initiated

Kiraya

Battle declared: Gundam Flauros (Ryusei-Go) against Enemy Player

No targets for Gundam Flauros (Ryusei-Go)

云老师

Assigned Strike Rouge (Ootori) to block

Action step

云老师

Passed

Kiraya

Passed

Battle started: Gundam Flauros (Ryusei-Go) against Strike Rouge (Ootori)

云老师

Strike Rouge (Ootori) received 5 damage, now destroyed

Kiraya

Gundam Flauros (Ryusei-Go) received 3 damage, now destroyed

Battle ended

Kiraya

Strike Freedom Gundam deployed

Selecting target for Strike Freedom Gundam

Strike Freedom Gundam: Modifier applied to: Gundam Barbatos Lupus

Strike Freedom Gundam: Modifier applied to: Strike Freedom Gundam

Strike Freedom Gundam: chose Gundam Barbatos Lupus and Strike Freedom Gundam

Linked pilot: Kira Yamato on unit Strike Freedom Gundam

Kira Yamato: Draw a card

Battle initiated

Kiraya

Battle declared: Gundam Barbatos Lupus against Enemy Player

云老师

Assigned no blocker

Action step

云老师

Passed

Kiraya

Passed

Battle started: Gundam Barbatos Lupus against Enemy Shield

云老师

Shield card: Strike Freedom Gundam revealed and discarded

Kiraya

Strike Freedom Gundam: Draw a card

Battle ended

Battle initiated

Kiraya

Battle declared: Strike Freedom Gundam against Enemy Player

Selecting target for Strike Freedom Gundam

Graze Custom and Kira Yamato discarded

Selecting target for Strike Freedom Gundam

云老师

Gundam Gusion Rebake returned to deck

No blockers available

Action step

云老师

Passed

Kiraya

Passed

Battle started: Strike Freedom Gundam against Enemy Shield

云老师

Shield card: Gundam Gusion Rebake revealed and discarded

Kiraya

Strike Freedom Gundam: Draw a card

Battle ended

Turn end phase started

云老师

Passed

Kiraya

Passed

Turn ended!

Turn 17 started!

云老师

Gundam Barbatos Lupus Rex deployed

Hyakuren deployed

Turn end phase started

Kiraya

Passed

云老师

Passed

Selecting target for Gundam Barbatos Lupus Rex

Turn ended!

Turn 18 started!

Kiraya

Gundam Barbatos 1st Form deployed

Gundam Barbatos Adapt deployed

Selecting target for Gundam Barbatos Adapt

Gundam Barbatos Adapt: Dealt 1 damage to: Gundam Barbatos 1st Form and Hyakuren

Activated: Gundam Barbatos Lupus

Hyakuren, Gundam Flauros (Ryusei-Go) and Graze Custom exiled from the game

Selecting target for Gundam Barbatos Lupus

Gundam Barbatos Lupus: Dealt 2 damage to Hyakuren, now destroyed

Battle initiated

Kiraya

Battle declared: Strike Freedom Gundam against Enemy Player

Selecting target for Strike Freedom Gundam

云老师

No blockers available

Action step

云老师

Passed

Kiraya

Passed

Battle started: Strike Freedom Gundam against Enemy Shield

云老师

Shield card: Axis revealed

Played base: Axis

Shield card added to hand

Battle ended

Kiraya

Activated: Gundam Barbatos Lupus

Graze Custom, Gundam Barbatos 1st Form and Hyakuren exiled from the game

Selecting target for Gundam Barbatos Lupus

Gundam Barbatos Lupus: Dealt 2 damage to Gundam Barbatos Lupus Rex, leaving 4 HP remaining

Turn end phase started

云老师

Passed

Kiraya

Passed

Turn ended!

Turn 19 started!

云老师

Played command: Widespread Annihilation

Widespread Annihilation: destroyed Gundam Barbatos 1st Form and Gundam Barbatos Adapt

Battle initiated

云老师

Battle declared: Gundam Barbatos Lupus Rex against Enemy Player

Kiraya

Assigned Gundam Gusion Rebake to block

Action step

Kiraya

Passed

云老师

Passed

Battle started: Gundam Barbatos Lupus Rex against Gundam Gusion Rebake

Kiraya

Gundam Gusion Rebake received 6 damage, now destroyed

云老师

Gundam Barbatos Lupus Rex received 3 damage, leaving 1 HP remaining

Battle ended

云老师

Gundam Barbatos 1st Form deployed

Hyakuren deployed

Turn end phase started

Kiraya

Passed

云老师

Passed

Selecting target for Gundam Barbatos Lupus Rex

Dealt 1 damage to Gundam Barbatos Lupus Rex, now destroyed

Turn ended!

Turn 20 started!

Kiraya

Activated: Gundam Barbatos Lupus

Gundam Barbatos 1st Form, Gundam Barbatos Adapt and Gundam Gusion Rebake exiled from the game

Selecting target for Gundam Barbatos Lupus

Gundam Barbatos Lupus: Dealt 2 damage to Gundam Barbatos 1st Form, now destroyed

Strike Freedom Gundam deployed

Selecting target for Strike Freedom Gundam

Strike Freedom Gundam: Modifier applied to: Gundam Barbatos Lupus

Strike Freedom Gundam: Modifier applied to: Strike Freedom Gundam

Strike Freedom Gundam: chose Gundam Barbatos Lupus and Strike Freedom Gundam

Linked pilot: Kira Yamato on unit Strike Freedom Gundam

Kira Yamato: Draw a card

Winner!

Game ended!