Mobile Suit Arena - Battle logs
Game started!

Kiraya

Choose to play second

Choose to keep starting hand

Regindary

Choose to mulligan starting hand

Turn 1 started!

Turn end phase started

Kiraya

Passed

Regindary

Passed

Turn ended!

Turn 2 started!

Kiraya

Graze Custom deployed

Turn end phase started

Regindary

Passed

Kiraya

Passed

Turn ended!

Turn 3 started!

Regindary

Zaku Ⅱ deployed

Turn end phase started

Kiraya

Passed

Regindary

Passed

Turn ended!

Turn 4 started!

Turn end phase started

Regindary

Passed

Kiraya

Passed

Turn ended!

Turn 5 started!

Battle initiated

Regindary

Battle declared: Zaku Ⅱ against Enemy Player

Zaku Ⅱ: Modifier applied to: Zaku Ⅱ

Kiraya

No blockers available

Action step

Kiraya

Passed

Regindary

Passed

Battle started: Zaku Ⅱ against EX Base

Kiraya

EX Base received 3 damage, now destroyed

Battle ended

Regindary

Jegan deployed

Kayra's Jegan deployed

Selecting target for Kayra's Jegan

Kayra's Jegan: Modifier applied to: Kayra's Jegan

Turn end phase started

Kiraya

Passed

Regindary

Passed

Turn ended!

Turn 6 started!

Kiraya

Gundam Barbatos Adapt deployed

Selecting target for Gundam Barbatos Adapt

Gundam Barbatos Adapt: Dealt 1 damage to: Gundam Barbatos Adapt and Jegan

Linked pilot: Mikazuki Augus on unit Gundam Barbatos Adapt

Selecting target for Mikazuki Augus

Mikazuki Augus: Dealt 1 damage to: Gundam Barbatos Adapt and Jegan

Battle initiated

Kiraya

Battle declared: Gundam Barbatos Adapt against Enemy Player

Regindary

No blockers available

Action step

Regindary

Passed

Kiraya

Passed

Battle started: Gundam Barbatos Adapt against EX Base

Regindary

EX Base received 4 damage, now destroyed

Battle ended

Battle initiated

Kiraya

Battle declared: Graze Custom against Zaku Ⅱ

Regindary

No blockers available

Action step

Regindary

Passed

Kiraya

Passed

Battle started: Graze Custom against Zaku Ⅱ

Regindary

Zaku Ⅱ received 2 damage, now destroyed

Kiraya

Graze Custom received 1 damage, leaving 1 HP remaining

Battle ended

Turn end phase started

Regindary

Passed

Kiraya

Passed

Turn ended!

Turn 7 started!

Battle initiated

Regindary

Battle declared: Kayra's Jegan against Graze Custom

Kiraya

No blockers available

Action step

Kiraya

Passed

Regindary

Passed

Battle started: Kayra's Jegan against Graze Custom

Kiraya

Graze Custom received 2 damage, now destroyed

Regindary

Kayra's Jegan received 2 damage, leaving 1 HP remaining

Battle ended

Regindary

Played base: White Base

Shield card added to hand

Activated: White Base

Rested 2 Resources

Guncannon deployed

Turn end phase started

Kiraya

Passed

Regindary

Passed

Turn ended!

Turn 8 started!

Kiraya

Gundam Barbatos 1st Form deployed

Gundam Barbatos Adapt deployed

Selecting target for Gundam Barbatos Adapt

Gundam Barbatos Adapt: Dealt 1 damage to: Gundam Barbatos 1st Form and Kayra's Jegan

Battle initiated

Kiraya

Battle declared: Gundam Barbatos Adapt against Enemy Player

Regindary

No blockers available

Action step

Regindary

Passed

Kiraya

Passed

Battle started: Gundam Barbatos Adapt against White Base

Regindary

White Base received 4 damage, leaving 1 HP remaining

Battle ended

Turn end phase started

Regindary

Passed

Kiraya

Passed

Turn ended!

Turn 9 started!

Battle initiated

Regindary

Battle declared: Guncannon against Enemy Player

Kiraya

No blockers available

Action step

Kiraya

Passed

Regindary

Passed

Battle started: Guncannon against Enemy Shield

Kiraya

Shield card: Strike Rouge (Ootori) revealed and discarded

Battle ended

Regindary

Played command: Encounter

Selecting target for Encounter

Card added to hand: Amuro Ray

Nu Gundam deployed

Placed 1 Resource EX

Linked pilot: Amuro Ray on unit Nu Gundam

Battle initiated

Regindary

Battle declared: Nu Gundam against Gundam Barbatos Adapt

Kiraya

No blockers available

Action step

Kiraya

Passed

Regindary

Passed

Battle started: Nu Gundam against Gundam Barbatos Adapt

Kiraya

Gundam Barbatos Adapt received 6 damage, now destroyed

Regindary

Nu Gundam received 4 damage, leaving 2 HP remaining

Healed 2 damage to: Nu Gundam

Kiraya

Breach 3 Shield card: Graze Custom revealed and discarded

Battle ended

Turn end phase started

Kiraya

Passed

Regindary

Passed

Turn ended!

Turn 10 started!

Kiraya

Played base: Axis

Shield card added to hand

Battle initiated

Kiraya

Battle declared: Gundam Barbatos 1st Form against Enemy Player

Gundam Barbatos 1st Form: Draw a card

Regindary

No blockers available

Action step

Regindary

Passed

Kiraya

Passed

Battle started: Gundam Barbatos 1st Form against White Base

Regindary

White Base received 3 damage, now destroyed

Battle ended

Battle initiated

Kiraya

Battle declared: Gundam Barbatos Adapt against Enemy Player

Regindary

No blockers available

Action step

Regindary

Passed

Kiraya

Passed

Battle started: Gundam Barbatos Adapt against Enemy Shield

Regindary

Shield card: Ra Cailum revealed

Played base: Ra Cailum

Shield card added to hand

Battle ended

Kiraya

Graze Custom deployed

Turn end phase started

Regindary

Passed

Kiraya

Passed

Turn ended!

Turn 11 started!

Battle initiated

Regindary

Battle declared: Guncannon against Gundam Barbatos 1st Form

Kiraya

No blockers available

Action step

Kiraya

Passed

Regindary

Passed

Battle started: Guncannon against Gundam Barbatos 1st Form

Kiraya

Gundam Barbatos 1st Form received 2 damage, now destroyed

Regindary

Guncannon received 3 damage, now destroyed

Battle ended

Regindary

Activated: Ra Cailum

Rested base: Ra Cailum

Ra Cailum: Modifier applied to: Nu Gundam

Battle initiated

Regindary

Battle declared: Nu Gundam against Gundam Barbatos Adapt

Kiraya

No blockers available

Action step

Kiraya

Passed

Regindary

Passed

Battle started: Nu Gundam against Gundam Barbatos Adapt

Kiraya

Gundam Barbatos Adapt received 6 damage, now destroyed

Regindary

Nu Gundam received 2 damage, reduced by 1, leaving 3 HP remaining

Healed 2 damage to: Nu Gundam

Kiraya

Breach 3: : Axis received 3 damage, leaving 3 HP remaining

Battle ended

Regindary

Re-GZ deployed

Zaku Ⅱ deployed

Jegan deployed

Turn end phase started

Kiraya

Passed

Regindary

Passed

Turn ended!

Turn 12 started!

Kiraya

Gundam Flauros (Ryusei-Go) deployed

Selecting target for Gundam Flauros (Ryusei-Go)

Turn end phase started

Regindary

Passed

Kiraya

Passed

Turn ended!

Turn 13 started!

Regindary

Played command: A Show of Resolve

A Show of Resolve: Draw 2 cards

Battle initiated

Regindary

Battle declared: Nu Gundam against Enemy Player

Kiraya

No blockers available

Action step

Kiraya

Passed

Regindary

Passed

Battle started: Nu Gundam against Axis

Kiraya

Axis received 6 damage, now destroyed

Battle ended

Battle initiated

Regindary

Battle declared: Jegan against Enemy Player

Kiraya

No blockers available

Action step

Kiraya

Passed

Regindary

Passed

Battle started: Jegan against Enemy Shield

Kiraya

Shield card: Strike Rouge (Ootori) revealed and discarded

Battle ended

Battle initiated

Regindary

Battle declared: Re-GZ against Enemy Player

Kiraya

No blockers available

Action step

Kiraya

Passed

Regindary

Passed

Battle started: Re-GZ against Enemy Shield

Kiraya

Shield card: M1 Astray (Shrike) revealed and discarded

Battle ended

Regindary

Gundam deployed

Linked pilot: Amuro Ray on unit Gundam

Battle initiated

Regindary

Battle declared: Gundam against Enemy Player

Kiraya

No blockers available

Action step

Kiraya

Passed

Regindary

Passed

Battle started: Gundam against Enemy Shield

Kiraya

Shield card: Strike Freedom Gundam revealed and discarded

Battle ended

Turn end phase started

Kiraya

Passed

Regindary

Passed

Turn ended!

Turn 14 started!

Kiraya

Strike Freedom Gundam deployed

Selecting target for Strike Freedom Gundam

Strike Freedom Gundam: Modifier applied to: Graze Custom

Strike Freedom Gundam: Modifier applied to: Gundam Flauros (Ryusei-Go)

Strike Freedom Gundam: chose Graze Custom and Gundam Flauros (Ryusei-Go)

Battle initiated

Kiraya

Battle declared: Graze Custom against Re-GZ

Regindary

No blockers available

Action step

Regindary

Passed

Kiraya

Passed

Battle started: Graze Custom against Re-GZ

Regindary

Re-GZ received 2 damage, now destroyed

Kiraya

Graze Custom received 4 damage, now destroyed

Strike Freedom Gundam: Draw a card

Regindary

Selecting target for Re-GZ

Card added to hand: Re-GZ

Battle ended

Battle initiated

Kiraya

Battle declared: Gundam Flauros (Ryusei-Go) against Nu Gundam

Selecting target for Gundam Flauros (Ryusei-Go)

Regindary

No blockers available

Action step

Regindary

Passed

Kiraya

Passed

Battle started: Gundam Flauros (Ryusei-Go) against Nu Gundam

Regindary

Nu Gundam received 5 damage, now destroyed

Kiraya

Gundam Flauros (Ryusei-Go) received 6 damage, now destroyed

Strike Freedom Gundam: Draw a card

Battle ended

Kiraya

Linked pilot: Kira Yamato on unit Strike Freedom Gundam

Kira Yamato: Draw a card

Battle initiated

Kiraya

Battle declared: Strike Freedom Gundam against Enemy Player

Selecting target for Strike Freedom Gundam

Gundam Barbatos Lupus and M1 Astray (Shrike) discarded

Selecting target for Strike Freedom Gundam

Regindary

Gundam and Amuro Ray returned to deck

No blockers available

Action step

Regindary

Passed

Kiraya

Passed

Battle started: Strike Freedom Gundam against Ra Cailum

Regindary

Ra Cailum received 7 damage, now destroyed

Battle ended

Turn end phase started

Regindary

Passed

Kiraya

Passed

Turn ended!

Turn 15 started!

Regindary

Played command: A Show of Resolve

A Show of Resolve: Draw 2 cards

Re-GZ deployed

Kayra's Re-GZ deployed

Selecting target for Kayra's Re-GZ

Returned to deck top

Turn end phase started

Kiraya

Passed

Regindary

Passed

Turn ended!

Turn 16 started!

Kiraya

Played base: Axis

No more Shield cards to add to hand

Gundam Barbatos Lupus deployed

Gundam Barbatos Adapt deployed

Selecting target for Gundam Barbatos Adapt

Gundam Barbatos Adapt: Dealt 1 damage to: Gundam Barbatos Adapt and Kayra's Re-GZ

Activated: Gundam Barbatos Lupus

Graze Custom, Gundam Flauros (Ryusei-Go) and Gundam Barbatos Lupus exiled from the game

Selecting target for Gundam Barbatos Lupus

Gundam Barbatos Lupus: Dealt 2 damage to Kayra's Re-GZ, now destroyed

Activated: Gundam Barbatos Lupus

Graze Custom, Gundam Barbatos 1st Form and Gundam Barbatos Adapt exiled from the game

Selecting target for Gundam Barbatos Lupus

Gundam Barbatos Lupus: Dealt 2 damage to Re-GZ, now destroyed

Regindary

Selecting target for Re-GZ

Card added to hand: Kayra's Re-GZ

Battle initiated

Kiraya

Battle declared: Strike Freedom Gundam against Enemy Player

Regindary

No blockers available

Action step

Regindary

Passed

Kiraya

Passed

Battle started: Strike Freedom Gundam against Enemy Shield

Regindary

Shield card: Gundam NT-1 revealed and discarded

Battle ended

Turn end phase started

Regindary

Passed

Kiraya

Passed

Turn ended!

Turn 17 started!

Regindary

Played command: A Show of Resolve

A Show of Resolve: Draw 2 cards

Nu Gundam deployed

Linked pilot: Amuro Ray on unit Nu Gundam

Selecting target for Amuro Ray

Rested unit: Gundam Barbatos Lupus

Selecting target for Nu Gundam

Amuro Ray, Kayra's Re-GZ and Re-GZ exiled from the game

Selecting target for Nu Gundam

Battle started: Nu Gundam against Gundam Barbatos Adapt

Kiraya

Gundam Barbatos Adapt received 7 damage, now destroyed

Regindary

Nu Gundam received 2 damage, leaving 4 HP remaining

Kiraya

Breach 5: : Axis received 5 damage, leaving 1 HP remaining

Battle ended

Battle initiated

Regindary

Battle declared: Nu Gundam against Gundam Barbatos Lupus

Kiraya

No blockers available

Action step

Kiraya

Passed

Regindary

Passed

Battle started: Nu Gundam against Gundam Barbatos Lupus

Kiraya

Gundam Barbatos Lupus received 7 damage, now destroyed

Regindary

Nu Gundam received 5 damage, now destroyed

Kiraya

Breach 5: : Axis received 5 damage, now destroyed

Battle ended

Turn end phase started

Kiraya

Passed

Regindary

Passed

Turn ended!

Turn 18 started!

Kiraya

Played base: Axis

No more Shield cards to add to hand

Strike Freedom Gundam deployed

Selecting target for Strike Freedom Gundam

Strike Freedom Gundam: Modifier applied to: Strike Freedom Gundam

Strike Freedom Gundam: Modifier applied to: Strike Freedom Gundam

Strike Freedom Gundam: chose Strike Freedom Gundam and Strike Freedom Gundam

Battle initiated

Kiraya

Battle declared: Strike Freedom Gundam against Enemy Player

Regindary

No blockers available

Action step

Regindary

Passed

Kiraya

Passed

Battle started: Strike Freedom Gundam against Enemy Shield

Regindary

Shield card: Kayra Su revealed

Shield card added to hand: Kayra Su

Kiraya

Strike Freedom Gundam: Draw a card

Battle ended

Kiraya

Hyakuren deployed

Turn end phase started

Regindary

Passed

Kiraya

Passed

Turn ended!

Turn 19 started!

Regindary

Played base: Ra Cailum

Shield card added to hand

Kiraya

Winner!

Game ended!