Mobile Suit Arena - Battle logs
Game started!

Kiraya

Choose to play second

Choose to mulligan starting hand

Neoniclax

Choose to mulligan starting hand

Turn 1 started!

Turn end phase started

Kiraya

Passed

Neoniclax

Passed

Turn ended!

Turn 2 started!

Turn end phase started

Neoniclax

Passed

Kiraya

Passed

Turn ended!

Turn 3 started!

Turn end phase started

Kiraya

Passed

Neoniclax

Passed

Turn ended!

Turn 4 started!

Kiraya

Hyakuren deployed

Turn end phase started

Neoniclax

Passed

Kiraya

Passed

Turn ended!

Turn 5 started!

Neoniclax

Rick Dias deployed

Turn end phase started

Kiraya

Passed

Neoniclax

Passed

Turn ended!

Turn 6 started!

Battle initiated

Kiraya

Battle declared: Hyakuren against Enemy Player

Neoniclax

Assigned Rick Dias to block

Action step

Neoniclax

Played action: Unforeseen Incident

Unforeseen Incident: Modifier applied to: Hyakuren

Kiraya

Passed

Neoniclax

Passed

Kiraya

Battle started: Hyakuren against Rick Dias

Neoniclax

Rick Dias received 1 damage, leaving 2 HP remaining

Kiraya

Hyakuren received 3 damage, now destroyed

Battle ended

Kiraya

Gundam Barbatos Adapt deployed

Selecting target for Gundam Barbatos Adapt

Gundam Barbatos Adapt: Dealt 1 damage to: Gundam Barbatos Adapt and Rick Dias

Gundam Barbatos Adapt deployed

Selecting target for Gundam Barbatos Adapt

Gundam Barbatos Adapt: Dealt 1 damage to: Gundam Barbatos Adapt and Rick Dias

Turn end phase started

Neoniclax

Passed

Kiraya

Passed

Turn ended!

Turn 7 started!

Neoniclax

Strike Rouge (Ootori) deployed

Turn end phase started

Kiraya

Passed

Neoniclax

Passed

Turn ended!

Turn 8 started!

Battle initiated

Kiraya

Battle declared: Gundam Barbatos Adapt against Enemy Player

Neoniclax

Assigned Strike Rouge (Ootori) to block

Action step

Neoniclax

Passed

Kiraya

Passed

Battle started: Gundam Barbatos Adapt against Strike Rouge (Ootori)

Neoniclax

Strike Rouge (Ootori) received 2 damage, leaving 2 HP remaining

Kiraya

Gundam Barbatos Adapt received 3 damage, now destroyed

Battle ended

Battle initiated

Kiraya

Battle declared: Gundam Barbatos Adapt against Strike Rouge (Ootori)

Neoniclax

No blockers available

Action step

Neoniclax

Passed

Kiraya

Passed

Battle started: Gundam Barbatos Adapt against Strike Rouge (Ootori)

Neoniclax

Strike Rouge (Ootori) received 2 damage, now destroyed

Kiraya

Gundam Barbatos Adapt received 3 damage, now destroyed

Battle ended

Turn end phase started

Neoniclax

Passed

Kiraya

Passed

Turn ended!

Turn 9 started!

Neoniclax

Silver Bullet deployed

Turn end phase started

Kiraya

Passed

Neoniclax

Passed

Turn ended!

Turn 10 started!

Kiraya

Strike Rouge (Ootori) deployed

Turn end phase started

Neoniclax

Passed

Kiraya

Passed

Turn ended!

Turn 11 started!

Neoniclax

Played command: A Show of Resolve

A Show of Resolve: Draw 2 cards

Silver Bullet deployed

Turn end phase started

Kiraya

Passed

Neoniclax

Passed

Turn ended!

Turn 12 started!

Kiraya

Gundam Gusion Rebake deployed

Selecting target for Gundam Gusion Rebake

Gundam Gusion Rebake: Dealt 1 damage to: Strike Rouge (Ootori) and Silver Bullet (reduced by 3)

Turn end phase started

Neoniclax

Passed

Kiraya

Passed

Turn ended!

Turn 13 started!

Neoniclax

Freedom Gundam deployed

Played command: Overflowing Affection

Overflowing Affection: Draw 2 cards

Selecting target for Overflowing Affection

Graceful Demeanor discarded

Turn end phase started

Kiraya

Passed

Neoniclax

Passed

Turn ended!

Turn 14 started!

Kiraya

Gundam Barbatos 1st Form deployed

Gundam Gusion Rebake deployed

Selecting target for Gundam Gusion Rebake

Gundam Gusion Rebake: Dealt 1 damage to: Gundam Barbatos 1st Form and Freedom Gundam

Turn end phase started

Neoniclax

Passed

Kiraya

Passed

Turn ended!

Turn 15 started!

Neoniclax

Replaced EX Base base: Argama

Shield card added to hand

Aile Strike Gundam deployed

Rick Dias deployed

Turn end phase started

Kiraya

Passed

Neoniclax

Passed

Turn ended!

Turn 16 started!

Kiraya

Gundam Barbatos Lupus deployed

Battle initiated

Kiraya

Battle declared: Gundam Barbatos 1st Form against Enemy Player

Gundam Barbatos 1st Form: Draw a card

Neoniclax

Assigned Silver Bullet to block

Action step

Neoniclax

Passed

Kiraya

Passed

Battle started: Gundam Barbatos 1st Form against Silver Bullet

Neoniclax

Silver Bullet received 3 damage, leaving 1 HP remaining

Kiraya

Gundam Barbatos 1st Form received 4 damage, now destroyed

Battle ended

Turn end phase started

Neoniclax

Passed

Kiraya

Passed

Turn ended!

Turn 17 started!

Neoniclax

Replaced Argama base: Argama

Shield card added to hand

Turn end phase started

Kiraya

Passed

Neoniclax

Passed

Turn ended!

Turn 18 started!

Kiraya

Gundam Barbatos 1st Form deployed

Gundam Gusion Rebake deployed

Selecting target for Gundam Gusion Rebake

Gundam Gusion Rebake: Dealt 1 damage to: Gundam Barbatos 1st Form and Rick Dias

Activated: Gundam Barbatos Lupus

Gundam Barbatos Adapt, Gundam Barbatos Adapt and Gundam Barbatos 1st Form exiled from the game

Selecting target for Gundam Barbatos Lupus

Gundam Barbatos Lupus: Dealt 2 damage to Rick Dias, now destroyed

Turn end phase started

Neoniclax

Passed

Kiraya

Passed

Turn ended!

Turn 19 started!

Neoniclax

Linked pilot: Kira Yamato on unit Freedom Gundam

Kira Yamato: Draw a card

Selecting target for Freedom Gundam

Freedom Gundam: Modifier applied to: Gundam Barbatos Lupus

Gundam Lfrith deployed

Turn end phase started

Kiraya

Passed

Neoniclax

Passed

Turn ended!

Turn 20 started!

Battle initiated

Kiraya

Battle declared: Gundam Barbatos 1st Form against Enemy Player

Gundam Barbatos 1st Form: Draw a card

Neoniclax

Assigned Gundam Lfrith to block

Action step

Neoniclax

Passed

Kiraya

Passed

Battle started: Gundam Barbatos 1st Form against Gundam Lfrith

Neoniclax

Gundam Lfrith received 3 damage, leaving 1 HP remaining

Kiraya

Gundam Barbatos 1st Form received 2 damage, now destroyed

Battle ended

Kiraya

Strike Rouge (Ootori) deployed

Battle initiated

Kiraya

Battle declared: Gundam Barbatos Lupus against Enemy Player

Neoniclax

Assigned Freedom Gundam to block

Action step

Neoniclax

Passed

Kiraya

Passed

Battle started: Gundam Barbatos Lupus against Freedom Gundam

Neoniclax

Freedom Gundam received 5 damage, leaving 2 HP remaining

Kiraya

Gundam Barbatos Lupus received 6 damage, now destroyed

Battle ended

Kiraya

Gundam Barbatos Lupus deployed

Replaced EX Base base: Axis

Shield card added to hand

Turn end phase started

Neoniclax

Passed

Kiraya

Passed

Turn ended!

Turn 21 started!

Neoniclax

Gundam Lfrith deployed

Turn end phase started

Kiraya

Passed

Neoniclax

Passed

Turn ended!

Turn 22 started!

Kiraya

Activated: Gundam Barbatos Lupus

Hyakuren, Gundam Barbatos 1st Form and Gundam Barbatos Lupus exiled from the game

Selecting target for Gundam Barbatos Lupus

Gundam Barbatos Lupus: Dealt 2 damage to Freedom Gundam, now destroyed

Battle initiated

Kiraya

Battle declared: Strike Rouge (Ootori) against Enemy Player

Neoniclax

Assigned Silver Bullet to block

Action step

Neoniclax

Passed

Kiraya

Passed

Battle started: Strike Rouge (Ootori) against Silver Bullet

Neoniclax

Silver Bullet received 3 damage, leaving 1 HP remaining

Kiraya

Strike Rouge (Ootori) received 4 damage, now destroyed

Battle ended

Battle initiated

Kiraya

Battle declared: Strike Rouge (Ootori) against Silver Bullet

Neoniclax

Assigned Aile Strike Gundam to block

Action step

Neoniclax

Passed

Kiraya

Passed

Battle started: Strike Rouge (Ootori) against Aile Strike Gundam

Neoniclax

Aile Strike Gundam received 3 damage, leaving 1 HP remaining

Kiraya

Strike Rouge (Ootori) received 4 damage, now destroyed

Battle ended

Kiraya

Played command: Widespread Annihilation

Widespread Annihilation: destroyed Gundam Lfrith and Gundam Lfrith

Strike Rouge (Ootori) deployed

Turn end phase started

Neoniclax

Passed

Kiraya

Passed

Turn ended!

Turn 23 started!

Neoniclax

Freedom Gundam deployed

Aile Strike Gundam deployed

Turn end phase started

Kiraya

Passed

Neoniclax

Passed

Turn ended!

Turn 24 started!

Kiraya

Strike Freedom Gundam deployed

Selecting target for Strike Freedom Gundam

Strike Freedom Gundam: Modifier applied to: Gundam Barbatos Lupus

Strike Freedom Gundam: Modifier applied to: Strike Freedom Gundam

Strike Freedom Gundam: chose Gundam Barbatos Lupus and Strike Freedom Gundam

Paired pilot: Kira Yamato on unit Gundam Barbatos Lupus

Battle initiated

Kiraya

Battle declared: Gundam Barbatos Lupus against Enemy Player

Neoniclax

Assigned no blocker

Action step

Neoniclax

Passed

Kiraya

Passed

Battle started: Gundam Barbatos Lupus against Argama

Neoniclax

Argama received 7 damage, now destroyed

Kiraya

Strike Freedom Gundam: Draw a card

Battle ended

Kiraya

Linked pilot: Kira Yamato on unit Strike Freedom Gundam

Kira Yamato: Draw a card

Battle initiated

Kiraya

Battle declared: Strike Freedom Gundam against Enemy Player

Selecting target for Strike Freedom Gundam

Gundam Barbatos 1st Form and Axis discarded

Selecting target for Strike Freedom Gundam

Neoniclax

Aile Strike Gundam returned to deck

Assigned no blocker

Action step

Neoniclax

Passed

Kiraya

Passed

Battle started: Strike Freedom Gundam against Enemy Shield

Neoniclax

Shield card: Strike Freedom Gundam revealed and discarded

Kiraya

Strike Freedom Gundam: Draw a card

Battle ended

Turn end phase started

Neoniclax

Passed

Kiraya

Passed

Turn ended!

Turn 25 started!

Neoniclax

Linked pilot: Kira Yamato on unit Freedom Gundam

Kira Yamato: Draw a card

Selecting target for Freedom Gundam

Freedom Gundam: Modifier applied to: Strike Freedom Gundam

Played base: Argama

Shield card added to hand

Strike Rouge (Ootori) deployed

Strike Rouge (Ootori) deployed

Turn end phase started

Kiraya

Passed

Neoniclax

Passed

Turn ended!

Turn 26 started!

Battle initiated

Kiraya

Battle declared: Strike Freedom Gundam against Enemy Player

Selecting target for Strike Freedom Gundam

Gundam Flauros (Ryusei-Go) and Graze Custom discarded

Selecting target for Strike Freedom Gundam

Neoniclax

Strike Rouge (Ootori) returned to deck

Assigned Silver Bullet to block

Action step

Neoniclax

Passed

Kiraya

Passed

Battle started: Strike Freedom Gundam against Silver Bullet

Neoniclax

Silver Bullet received 7 damage, now destroyed

Kiraya

Strike Freedom Gundam received 4 damage, leaving 4 HP remaining

Battle ended

Kiraya

Activated: Gundam Barbatos Lupus

Gundam Barbatos 1st Form, Gundam Flauros (Ryusei-Go) and Graze Custom exiled from the game

Selecting target for Gundam Barbatos Lupus

Gundam Barbatos Lupus: Dealt 2 damage to Freedom Gundam, leaving 6 HP remaining

Battle initiated

Kiraya

Battle declared: Gundam Barbatos Lupus against Enemy Player

Neoniclax

Assigned Silver Bullet to block

Action step

Neoniclax

Passed

Kiraya

Passed

Battle started: Gundam Barbatos Lupus against Silver Bullet

Neoniclax

Silver Bullet received 7 damage, now destroyed

Kiraya

Gundam Barbatos Lupus received 4 damage, leaving 3 HP remaining

Battle ended

Turn end phase started

Neoniclax

Passed

Kiraya

Passed

Turn ended!

Turn 27 started!

Neoniclax

Paired pilot: Amuro Ray on unit Aile Strike Gundam

Selecting target for Amuro Ray

Rested unit: Gundam Gusion Rebake

Selecting target for Aile Strike Gundam

Kiraya

Strike Rouge (Ootori) returned to hand

Neoniclax

Selecting target for Freedom Gundam

Freedom Gundam: Modifier applied to: Gundam Gusion Rebake

Rick Dias deployed

Paired pilot: Amuro Ray on unit Rick Dias

Selecting target for Amuro Ray

Rested unit: Gundam Gusion Rebake

Battle initiated

Neoniclax

Battle declared: Strike Rouge (Ootori) against Gundam Barbatos Lupus

Kiraya

Assigned no blocker

Action step

Kiraya

Passed

Neoniclax

Passed

Battle started: Strike Rouge (Ootori) against Gundam Barbatos Lupus

Kiraya

Gundam Barbatos Lupus received 3 damage, now destroyed

Neoniclax

Strike Rouge (Ootori) received 7 damage, now destroyed

Battle ended

Battle initiated

Neoniclax

Battle declared: Aile Strike Gundam against Strike Freedom Gundam

Kiraya

Assigned Gundam Gusion Rebake to block

Action step

Kiraya

Passed

Neoniclax

Passed

Battle started: Aile Strike Gundam against Gundam Gusion Rebake

Kiraya

Gundam Gusion Rebake received 6 damage, now destroyed

Neoniclax

Aile Strike Gundam received 1 damage, leaving 1 HP remaining

Battle ended

Battle initiated

Neoniclax

Battle declared: Freedom Gundam against Strike Freedom Gundam

Kiraya

No blockers available

Action step

Kiraya

Passed

Neoniclax

Played action: Unforeseen Incident

Unforeseen Incident: Modifier applied to: Strike Freedom Gundam

Kiraya

Passed

Neoniclax

Passed

Battle started: Freedom Gundam against Strike Freedom Gundam

Kiraya

Strike Freedom Gundam received 6 damage, now destroyed

Neoniclax

Freedom Gundam received 4 damage, leaving 2 HP remaining

Battle ended

Neoniclax

Gundam Lfrith deployed

Turn end phase started

Kiraya

Passed

Neoniclax

Passed

Turn ended!

Turn 28 started!

Kiraya

Strike Rouge (Ootori) deployed

Gundam Flauros (Ryusei-Go) deployed

No targets for Gundam Flauros (Ryusei-Go)

Hyakuren deployed

Turn end phase started

Neoniclax

Passed

Kiraya

Passed

Turn ended!

Turn 29 started!

Neoniclax

Aile Strike Gundam deployed

Turn end phase started

Kiraya

Passed

Neoniclax

Passed

Turn ended!

Turn 30 started!

Battle initiated

Kiraya

Battle declared: Gundam Flauros (Ryusei-Go) against Enemy Player

No targets for Gundam Flauros (Ryusei-Go)

Neoniclax

Assigned Aile Strike Gundam to block

Action step

Neoniclax

Passed

Kiraya

Passed

Battle started: Gundam Flauros (Ryusei-Go) against Aile Strike Gundam

Neoniclax

Aile Strike Gundam received 5 damage, now destroyed

Kiraya

Gundam Flauros (Ryusei-Go) received 6 damage, now destroyed

Battle ended

Battle initiated

Kiraya

Battle declared: Hyakuren against Enemy Player

Neoniclax

Assigned no blocker

Action step

Neoniclax

Passed

Kiraya

Passed

Battle started: Hyakuren against Argama

Neoniclax

Argama received 4 damage, leaving 1 HP remaining

Battle ended

Kiraya

Replaced Axis base: Axis

Shield card added to hand

Gundam Barbatos Lupus deployed

Activated: Gundam Barbatos Lupus

Gundam Barbatos Lupus, Gundam Gusion Rebake and Gundam Flauros (Ryusei-Go) exiled from the game

Selecting target for Gundam Barbatos Lupus

Gundam Barbatos Lupus: Dealt 2 damage to Freedom Gundam, now destroyed

Turn end phase started

Neoniclax

Passed

Kiraya

Passed

Turn ended!

Turn 31 started!

Neoniclax

Aile Strike Gundam deployed

Turn end phase started

Kiraya

Passed

Neoniclax

Passed

Turn ended!

Turn 32 started!

Battle initiated

Kiraya

Battle declared: Hyakuren against Enemy Player

Neoniclax

Assigned no blocker

Action step

Neoniclax

Passed

Kiraya

Passed

Battle started: Hyakuren against Argama

Neoniclax

Argama received 4 damage, now destroyed

Battle ended

Battle initiated

Kiraya

Battle declared: Gundam Barbatos Lupus against Enemy Player

Neoniclax

Assigned no blocker

Action step

Neoniclax

Passed

Kiraya

Passed

Battle started: Gundam Barbatos Lupus against Enemy Shield

Neoniclax

Shield card: Unforeseen Incident revealed

Shield card: Unforeseen Incident moved to trash

Selecting target for Unforeseen Incident

Unforeseen Incident: Modifier applied to: Gundam Gusion Rebake

Battle ended

Kiraya

Hyakuren deployed

Turn end phase started

Neoniclax

Passed

Kiraya

Passed

Turn ended!

Turn 33 started!

Neoniclax

Linked pilot: Kira Yamato on unit Aile Strike Gundam

Selecting target for Aile Strike Gundam

Kiraya

Strike Rouge (Ootori) returned to hand

Battle initiated

Neoniclax

Battle declared: Aile Strike Gundam against Gundam Barbatos Lupus

Kiraya

Assigned no blocker

Action step

Kiraya

Passed

Neoniclax

Passed

Battle started: Aile Strike Gundam against Gundam Barbatos Lupus

Kiraya

Gundam Barbatos Lupus received 6 damage, now destroyed

Neoniclax

Aile Strike Gundam received 5 damage, leaving 1 HP remaining

Battle ended

Turn end phase started

Kiraya

Passed

Neoniclax

Passed

Turn ended!

Turn 34 started!

Battle initiated

Kiraya

Battle declared: Hyakuren against Enemy Player

Neoniclax

Assigned no blocker

Action step

Neoniclax

Passed

Kiraya

Passed

Battle started: Hyakuren against Enemy Shield

Neoniclax

Shield card: A Show of Resolve revealed and discarded

Battle ended

Battle initiated

Kiraya

Battle declared: Hyakuren against Enemy Player

Neoniclax

Assigned Aile Strike Gundam to block

Action step

Neoniclax

Passed

Kiraya

Passed

Battle started: Hyakuren against Aile Strike Gundam

Neoniclax

Aile Strike Gundam received 4 damage, now destroyed

Kiraya

Hyakuren received 4 damage, now destroyed

Battle ended

Turn end phase started

Kiraya

Passed

Neoniclax

Passed

Turn ended!

Turn 35 started!

Battle initiated

Kiraya

Battle declared: Gundam Gusion Rebake against Enemy Player

Neoniclax

Assigned Gundam Lfrith to block

Action step

Neoniclax

Passed

Kiraya

Passed

Battle started: Gundam Gusion Rebake against Gundam Lfrith

Neoniclax

Gundam Lfrith received 3 damage, leaving 1 HP remaining

Kiraya

Gundam Gusion Rebake received 2 damage, leaving 3 HP remaining

Battle ended

Battle initiated

Kiraya

Battle declared: Gundam Gusion Rebake against Enemy Player

Neoniclax

Assigned Rick Dias to block

Action step

Neoniclax

Passed

Kiraya

Passed

Battle started: Gundam Gusion Rebake against Rick Dias

Neoniclax

Rick Dias received 3 damage, leaving 1 HP remaining

Kiraya

Gundam Gusion Rebake received 5 damage, now destroyed

Battle ended

Kiraya

Strike Rouge (Ootori) deployed

Linked pilot: Kira Yamato on unit Strike Rouge (Ootori)

Kira Yamato: Draw a card

Battle initiated

Kiraya

Battle declared: Strike Rouge (Ootori) against Enemy Player

Neoniclax

Assigned no blocker

Action step

Neoniclax

Passed

Kiraya

Passed

Battle started: Strike Rouge (Ootori) against Enemy Player

Neoniclax

Strike Rouge (Ootori) received 4 damage, now destroyed

Neoniclax

Turn end phase started

Neoniclax

No more shields available, game is over!

Kiraya

Winner!

Game ended!