Mobile Suit Arena - Battle logs
Game started!

Kiraya

Choose to play second

Andy

Choose to mulligan starting hand

Kiraya

Choose to mulligan starting hand

Turn 1 started!

Turn end phase started

Kiraya

Passed

Andy

Passed

Turn ended!

Turn 2 started!

Kiraya

Graze Custom deployed

Turn end phase started

Andy

Passed

Kiraya

Passed

Turn ended!

Turn 3 started!

Andy

Zaku Ⅱ deployed

Turn end phase started

Kiraya

Passed

Andy

Passed

Turn ended!

Turn 4 started!

Kiraya

Hyakuren deployed

Turn end phase started

Andy

Passed

Kiraya

Passed

Turn ended!

Turn 5 started!

Andy

Rick Dom deployed

Turn end phase started

Kiraya

Passed

Andy

Passed

Turn ended!

Turn 6 started!

Battle initiated

Kiraya

Battle declared: Hyakuren against Enemy Player

Andy

No blockers available

Action step

Andy

Passed

Kiraya

Passed

Battle started: Hyakuren against EX Base

Andy

EX Base received 4 damage, now destroyed

Battle ended

Battle initiated

Kiraya

Battle declared: Graze Custom against Enemy Player

Andy

No blockers available

Action step

Andy

Passed

Kiraya

Passed

Battle started: Graze Custom against Enemy Shield

Andy

Shield card: Rick Dom revealed and discarded

Battle ended

Kiraya

Graze Custom deployed

Graze Custom deployed

Turn end phase started

Andy

Passed

Kiraya

Passed

Turn ended!

Turn 7 started!

Battle initiated

Andy

Battle declared: Zaku Ⅱ against Enemy Player

Zaku Ⅱ: Modifier applied to: Zaku Ⅱ

Kiraya

No blockers available

Action step

Kiraya

Passed

Andy

Passed

Battle started: Zaku Ⅱ against EX Base

Kiraya

EX Base received 3 damage, now destroyed

Battle ended

Battle initiated

Andy

Battle declared: Rick Dom against Hyakuren

Kiraya

No blockers available

Action step

Kiraya

Passed

Andy

Passed

Battle started: Rick Dom against Hyakuren

Kiraya

Hyakuren received 3 damage, now destroyed

Andy

Rick Dom received 4 damage, now destroyed

Kiraya

Breach 2 Shield card: Mikazuki Augus revealed

Shield card added to hand: Mikazuki Augus

Battle ended

Andy

Guntank deployed

Selecting target for Guntank

Guntank: Dealt 1 damage to Graze Custom, leaving 1 HP remaining

Guntank deployed

Selecting target for Guntank

Guntank: Dealt 1 damage to Graze Custom, now destroyed

Jegan deployed

Turn end phase started

Kiraya

Passed

Andy

Passed

Turn ended!

Turn 8 started!

Battle initiated

Kiraya

Battle declared: Graze Custom against Zaku Ⅱ

Andy

No blockers available

Action step

Andy

Passed

Kiraya

Passed

Battle started: Graze Custom against Zaku Ⅱ

Andy

Zaku Ⅱ received 2 damage, now destroyed

Kiraya

Graze Custom received 1 damage, leaving 1 HP remaining

Battle ended

Battle initiated

Kiraya

Battle declared: Graze Custom against Enemy Player

Andy

No blockers available

Action step

Andy

Passed

Kiraya

Passed

Battle started: Graze Custom against Enemy Shield

Andy

Shield card: Kayra's Re-GZ revealed and discarded

Battle ended

Kiraya

Gundam Gusion Rebake deployed

Selecting target for Gundam Gusion Rebake

Gundam Gusion Rebake: Dealt 1 damage to: Graze Custom and Jegan

Turn end phase started

Andy

Passed

Kiraya

Passed

Turn ended!

Turn 9 started!

Andy

Gundam deployed

Linked pilot: Amuro Ray on unit Gundam

Selecting target for Amuro Ray

Rested unit: Gundam Gusion Rebake

Battle initiated

Andy

Battle declared: Guntank against Enemy Player

Kiraya

No blockers available

Action step

Kiraya

Passed

Andy

Passed

Battle started: Guntank against Enemy Shield

Kiraya

Shield card: Strike Rouge (Ootori) revealed and discarded

Battle ended

Battle initiated

Andy

Battle declared: Guntank against Enemy Player

Kiraya

No blockers available

Action step

Kiraya

Passed

Andy

Passed

Battle started: Guntank against Enemy Shield

Kiraya

Shield card: Gundam Barbatos 1st Form revealed and discarded

Battle ended

Battle initiated

Andy

Battle declared: Jegan against Enemy Player

Kiraya

No blockers available

Action step

Kiraya

Passed

Andy

Passed

Battle started: Jegan against Enemy Shield

Kiraya

Shield card: Gundam Barbatos Adapt revealed and discarded

Battle ended

Battle initiated

Andy

Battle declared: Gundam against Enemy Player

Kiraya

No blockers available

Action step

Kiraya

Passed

Andy

Passed

Battle started: Gundam against Enemy Shield

Kiraya

Shield card: Axis revealed

Played base: Axis

Shield card added to hand

Battle ended

Turn end phase started

Kiraya

Passed

Andy

Passed

Turn ended!

Turn 10 started!

Kiraya

Gundam Gusion Rebake deployed

Selecting target for Gundam Gusion Rebake

Gundam Gusion Rebake: Dealt 1 damage to: Gundam Gusion Rebake and Gundam

Paired pilot: Mikazuki Augus on unit Gundam Gusion Rebake

Selecting target for Mikazuki Augus

Mikazuki Augus: Dealt 1 damage to: Gundam Gusion Rebake and Jegan

Battle initiated

Kiraya

Battle declared: Gundam Gusion Rebake against Gundam

Andy

No blockers available

Action step

Andy

Passed

Kiraya

Passed

Battle started: Gundam Gusion Rebake against Gundam

Andy

Gundam received 5 damage, now destroyed

Kiraya

Gundam Gusion Rebake received 5 damage, now destroyed

Battle ended

Battle initiated

Kiraya

Battle declared: Graze Custom against Guntank

Andy

No blockers available

Action step

Andy

Passed

Kiraya

Passed

Battle started: Graze Custom against Guntank

Andy

Guntank received 2 damage, now destroyed

Kiraya

Graze Custom received 1 damage, now destroyed

Battle ended

Battle initiated

Kiraya

Battle declared: Graze Custom against Guntank

Andy

No blockers available

Action step

Andy

Passed

Kiraya

Passed

Battle started: Graze Custom against Guntank

Andy

Guntank received 2 damage, now destroyed

Kiraya

Graze Custom received 1 damage, now destroyed

Battle ended

Turn end phase started

Andy

Passed

Kiraya

Passed

Turn ended!

Turn 11 started!

Andy

Re-GZ deployed

Linked pilot: Amuro Ray on unit Re-GZ

Battle initiated

Andy

Battle declared: Re-GZ against Enemy Player

Kiraya

Assigned Gundam Gusion Rebake to block

Action step

Kiraya

Passed

Andy

Passed

Battle started: Re-GZ against Gundam Gusion Rebake

Kiraya

Gundam Gusion Rebake received 6 damage, now destroyed

Andy

Re-GZ received 3 damage, leaving 1 HP remaining

Healed 2 damage to: Re-GZ

Battle ended

Turn end phase started

Kiraya

Passed

Andy

Passed

Turn ended!

Turn 12 started!

Kiraya

Gundam Barbatos Lupus deployed

M1 Astray (Shrike) deployed

Selecting target for M1 Astray (Shrike)

M1 Astray (Shrike): Dealt 1 damage to Re-GZ, leaving 2 HP remaining

Activated: Gundam Barbatos Lupus

Gundam Gusion Rebake, Graze Custom and Graze Custom exiled from the game

Selecting target for Gundam Barbatos Lupus

Gundam Barbatos Lupus: Dealt 2 damage to Re-GZ, now destroyed

Andy

Selecting target for Re-GZ

Turn end phase started

Andy

Passed

Kiraya

Passed

Turn ended!

Turn 13 started!

Andy

Kayra's Re-GZ deployed

Selecting target for Kayra's Re-GZ

Returned to deck top

Turn end phase started

Kiraya

Passed

Andy

Passed

Turn ended!

Turn 14 started!

Battle initiated

Kiraya

Battle declared: M1 Astray (Shrike) against Enemy Player

Andy

No blockers available

Action step

Andy

Passed

Kiraya

Passed

Battle started: M1 Astray (Shrike) against Enemy Shield

Andy

Shield card: Jegan revealed and discarded

Battle ended

Kiraya

Gundam Barbatos 1st Form deployed

Linked pilot: Mikazuki Augus on unit Gundam Barbatos 1st Form

Selecting target for Mikazuki Augus

Mikazuki Augus: Dealt 1 damage to: Gundam Barbatos 1st Form and Kayra's Re-GZ

Activated: Gundam Barbatos Lupus

Hyakuren, Gundam Barbatos 1st Form and Gundam Barbatos Adapt exiled from the game

Selecting target for Gundam Barbatos Lupus

Gundam Barbatos Lupus: Dealt 2 damage to Kayra's Re-GZ, now destroyed

Battle initiated

Kiraya

Battle declared: Gundam Barbatos 1st Form against Enemy Player

Gundam Barbatos 1st Form: Draw a card

Andy

No blockers available

Action step

Andy

Passed

Kiraya

Passed

Battle started: Gundam Barbatos 1st Form against Enemy Shield

Andy

Shield card: Guntank revealed and discarded

Battle ended

Battle initiated

Kiraya

Battle declared: Gundam Barbatos Lupus against Enemy Player

Andy

No blockers available

Action step

Andy

Passed

Kiraya

Passed

Battle started: Gundam Barbatos Lupus against Enemy Shield

Andy

Shield card: Zaku Ⅱ revealed and discarded

Battle ended

Kiraya

Strike Rouge (Ootori) deployed

Turn end phase started

Andy

Passed

Kiraya

Passed

Turn ended!

Turn 15 started!

Andy

Played base: Underground Desert Base

Shield card added to hand

Re-GZ deployed

Linked pilot: Amuro Ray on unit Re-GZ

Battle initiated

Andy

Battle declared: Re-GZ against Gundam Barbatos Lupus

Kiraya

Assigned Strike Rouge (Ootori) to block

Action step

Kiraya

Passed

Andy

Passed

Battle started: Re-GZ against Strike Rouge (Ootori)

Kiraya

Strike Rouge (Ootori) received 6 damage, now destroyed

Andy

Re-GZ received 3 damage, leaving 1 HP remaining

Healed 2 damage to: Re-GZ

Battle ended

Andy

Gundam deployed

Turn end phase started

Kiraya

Passed

Andy

Passed

Turn ended!

Turn 16 started!

Kiraya

Winner!

Game ended!