Mobile Suit Arena - Battle logs
Game started!

Kiraya

Choose to play second

BadAtTCG

Choose to mulligan starting hand

Kiraya

Choose to mulligan starting hand

Turn 1 started!

Turn end phase started

Kiraya

Passed

BadAtTCG

Passed

Turn ended!

Turn 2 started!

Turn end phase started

BadAtTCG

Passed

Kiraya

Passed

Turn ended!

Turn 3 started!

Turn end phase started

Kiraya

Passed

BadAtTCG

Passed

Turn ended!

Turn 4 started!

Turn end phase started

BadAtTCG

Passed

Kiraya

Passed

Turn ended!

Turn 5 started!

Turn end phase started

Kiraya

Passed

BadAtTCG

Passed

Turn ended!

Turn 6 started!

Kiraya

Strike Rouge (Ootori) deployed

Turn end phase started

BadAtTCG

Passed

Kiraya

Passed

Turn ended!

Turn 7 started!

BadAtTCG

Played command: A Show of Resolve

A Show of Resolve: Draw 2 cards

Turn end phase started

Kiraya

Passed

BadAtTCG

Passed

Turn ended!

Turn 8 started!

Kiraya

Gundam Gusion Rebake deployed

No targets for Gundam Gusion Rebake

Battle initiated

Kiraya

Battle declared: Strike Rouge (Ootori) against Enemy Player

BadAtTCG

No blockers available

Action step

BadAtTCG

Played action: Darkness Finger

Darkness Finger: Dealt 2 damage to Strike Rouge (Ootori), leaving 2 HP remaining

Kiraya

Passed

BadAtTCG

Passed

Kiraya

Battle started: Strike Rouge (Ootori) against EX Base

BadAtTCG

EX Base received 3 damage, now destroyed

Battle ended

Turn end phase started

BadAtTCG

Passed

Kiraya

Passed

Turn ended!

Turn 9 started!

BadAtTCG

Played action: Darkness Finger

Darkness Finger: Dealt 2 damage to Strike Rouge (Ootori), now destroyed

Zoloat (League Militaire) deployed

Victory Gundam deployed

Turn end phase started

Kiraya

Passed

BadAtTCG

Passed

Turn ended!

Turn 10 started!

Kiraya

Gundam Barbatos Adapt deployed

Selecting target for Gundam Barbatos Adapt

Gundam Barbatos Adapt: Dealt 1 damage to: Gundam Barbatos Adapt and Zoloat (League Militaire)

Linked pilot: Mikazuki Augus on unit Gundam Barbatos Adapt

Selecting target for Mikazuki Augus

Mikazuki Augus: Dealt 1 damage to: Gundam Barbatos Adapt and Zoloat (League Militaire)

Battle initiated

Kiraya

Battle declared: Gundam Barbatos Adapt against Enemy Player

BadAtTCG

No blockers available

Action step

BadAtTCG

Passed

Kiraya

Passed

Battle started: Gundam Barbatos Adapt against Enemy Shield

BadAtTCG

Shield card: Strike Rouge (Ootori) revealed and discarded

Battle ended

Kiraya

Gundam Barbatos Adapt deployed

Selecting target for Gundam Barbatos Adapt

Gundam Barbatos Adapt: Dealt 1 damage to: Gundam Barbatos Adapt and Victory Gundam

Linked pilot: Mikazuki Augus on unit Gundam Barbatos Adapt

Selecting target for Mikazuki Augus

Mikazuki Augus: Dealt 1 damage to: Gundam Barbatos Adapt and Victory Gundam

Battle initiated

Kiraya

Battle declared: Gundam Barbatos Adapt against Enemy Player

BadAtTCG

No blockers available

Action step

BadAtTCG

Passed

Kiraya

Passed

Battle started: Gundam Barbatos Adapt against Enemy Shield

BadAtTCG

Shield card: Zoloat (League Militaire) revealed and discarded

Battle ended

Battle initiated

Kiraya

Battle declared: Gundam Gusion Rebake against Enemy Player

BadAtTCG

No blockers available

Action step

BadAtTCG

Passed

Kiraya

Passed

Battle started: Gundam Gusion Rebake against Enemy Shield

BadAtTCG

Shield card: Üso Ewin revealed

Shield card added to hand: Üso Ewin

Battle ended

Turn end phase started

BadAtTCG

Passed

Kiraya

Passed

Turn ended!

Turn 11 started!

BadAtTCG

V2 Gundam deployed

Linked pilot: Üso Ewin on unit V2 Gundam

Parts deployed

Battle initiated

BadAtTCG

Battle declared: V2 Gundam against Gundam Gusion Rebake

Kiraya

No blockers available

Action step

Kiraya

Passed

BadAtTCG

Passed

Battle started: V2 Gundam against Gundam Gusion Rebake

Kiraya

Gundam Gusion Rebake received 6 damage, now destroyed

BadAtTCG

V2 Gundam received 3 damage, leaving 3 HP remaining

Battle ended

Turn end phase started

Kiraya

Passed

BadAtTCG

Passed

V2 Gundam repaired 2 from [Repair 2]

Turn ended!

Turn 12 started!

Kiraya

Replaced EX Base base: Axis

Shield card added to hand

Strike Rouge (Ootori) deployed

Graze Custom deployed

Battle initiated

Kiraya

Battle declared: Gundam Barbatos Adapt against Enemy Player

BadAtTCG

No blockers available

Action step

BadAtTCG

Passed

Kiraya

Passed

Battle started: Gundam Barbatos Adapt against Enemy Shield

BadAtTCG

Shield card: Victory Gundam revealed and discarded

Battle ended

Battle initiated

Kiraya

Battle declared: Gundam Barbatos Adapt against Enemy Player

BadAtTCG

No blockers available

Action step

BadAtTCG

Passed

Kiraya

Passed

Battle started: Gundam Barbatos Adapt against Enemy Shield

BadAtTCG

Shield card: Üso Ewin revealed

Shield card added to hand: Üso Ewin

Battle ended

Turn end phase started

BadAtTCG

Played action: Darkness Finger

Darkness Finger: Dealt 2 damage to Graze Custom, now destroyed

Kiraya

Passed

BadAtTCG

Passed

Kiraya

Turn ended!

Turn 13 started!

BadAtTCG

V-Dash Gundam deployed

Linked pilot: Üso Ewin on unit V-Dash Gundam

Parts deployed

Activated: V-Dash Gundam

Rested unit: Parts

Selecting target for V-Dash Gundam

Rested unit: Strike Rouge (Ootori)

Battle initiated

BadAtTCG

Battle declared: V2 Gundam against Gundam Barbatos Adapt

Kiraya

No blockers available

Action step

Kiraya

Passed

BadAtTCG

Passed

Battle started: V2 Gundam against Gundam Barbatos Adapt

Kiraya

Gundam Barbatos Adapt received 6 damage, now destroyed

BadAtTCG

V2 Gundam received 4 damage, leaving 1 HP remaining

Battle ended

Battle initiated

BadAtTCG

Battle declared: V-Dash Gundam against Strike Rouge (Ootori)

Kiraya

No blockers available

Action step

Kiraya

Passed

BadAtTCG

Passed

Battle started: V-Dash Gundam against Strike Rouge (Ootori)

Kiraya

Strike Rouge (Ootori) received 6 damage, now destroyed

BadAtTCG

V-Dash Gundam received 3 damage, leaving 3 HP remaining

Kiraya

Breach 3: : Axis received 3 damage, leaving 3 HP remaining

Battle ended

BadAtTCG

Zoloat (League Militaire) deployed

Activated: V2 Gundam

Rested unit: Parts

Rested unit: Zoloat (League Militaire)

Set Active: V2 Gundam

Battle initiated

BadAtTCG

Battle declared: V2 Gundam against Gundam Barbatos Adapt

Kiraya

No blockers available

Action step

Kiraya

Passed

BadAtTCG

Passed

Battle started: V2 Gundam against Gundam Barbatos Adapt

Kiraya

Gundam Barbatos Adapt received 6 damage, now destroyed

BadAtTCG

V2 Gundam received 4 damage, now destroyed

Battle ended

Turn end phase started

Kiraya

Passed

BadAtTCG

Passed

Turn ended!

Turn 14 started!

Kiraya

Gundam Flauros (Ryusei-Go) deployed

Selecting target for Gundam Flauros (Ryusei-Go)

Turn end phase started

BadAtTCG

Passed

Kiraya

Passed

Turn ended!

Turn 15 started!

BadAtTCG

Strike Freedom Gundam deployed

Selecting target for Strike Freedom Gundam

Strike Freedom Gundam: Modifier applied to: V-Dash Gundam

Strike Freedom Gundam: Modifier applied to: Strike Freedom Gundam

Strike Freedom Gundam: chose V-Dash Gundam and Strike Freedom Gundam

Linked pilot: Kira Yamato on unit Strike Freedom Gundam

Kira Yamato: Draw a card

Battle initiated

BadAtTCG

Battle declared: V-Dash Gundam against Enemy Player

Kiraya

No blockers available

Action step

Kiraya

Passed

BadAtTCG

Passed

Battle started: V-Dash Gundam against Axis

Kiraya

Axis received 6 damage, now destroyed

BadAtTCG

Strike Freedom Gundam: Draw a card

Battle ended

Battle initiated

BadAtTCG

Battle declared: Strike Freedom Gundam against Enemy Player

Selecting target for Strike Freedom Gundam

Victory Gundam and Airframe Seizure discarded

Selecting target for Strike Freedom Gundam

Kiraya

Gundam Flauros (Ryusei-Go) returned to deck

No blockers available

Action step

Kiraya

Passed

BadAtTCG

Passed

Battle started: Strike Freedom Gundam against Enemy Shield

Kiraya

Shield card: Gundam Exia Repair revealed and discarded

BadAtTCG

Strike Freedom Gundam: Draw a card

Battle ended

Turn end phase started

Kiraya

Passed

BadAtTCG

Passed

Turn ended!

Turn 16 started!

Kiraya

Strike Freedom Gundam deployed

Selecting target for Strike Freedom Gundam

Strike Freedom Gundam: Modifier applied to: Strike Freedom Gundam

Strike Freedom Gundam: chose Strike Freedom Gundam

Linked pilot: Kira Yamato on unit Strike Freedom Gundam

Kira Yamato: Draw a card

Battle initiated

Kiraya

Battle declared: Strike Freedom Gundam against Enemy Player

Selecting target for Strike Freedom Gundam

BadAtTCG

No blockers available

Action step

BadAtTCG

Passed

Kiraya

Passed

Battle started: Strike Freedom Gundam against Enemy Shield

BadAtTCG

Shield card: V-Dash Gundam revealed and discarded

Kiraya

Strike Freedom Gundam: Draw a card

Battle ended

Turn end phase started

BadAtTCG

Passed

Kiraya

Passed

Turn ended!

Turn 17 started!

BadAtTCG

Played command: Airframe Seizure

Selecting target for Airframe Seizure

Close Combat discarded

Airframe Seizure: Draw 2 cards

Played action: Darkness Finger

Darkness Finger: Dealt 2 damage to Strike Freedom Gundam, leaving 6 HP remaining

Battle initiated

BadAtTCG

Battle declared: V-Dash Gundam against Strike Freedom Gundam

Kiraya

No blockers available

Action step

Kiraya

Passed

BadAtTCG

Passed

Battle started: V-Dash Gundam against Strike Freedom Gundam

Kiraya

Strike Freedom Gundam received 6 damage, now destroyed

BadAtTCG

V-Dash Gundam received 7 damage, now destroyed

Kiraya

Breach 3 Shield card: Kira Yamato revealed

Shield card added to hand: Kira Yamato

Battle ended

BadAtTCG

Strike Rouge (Ootori) deployed

Victory Gundam deployed

Battle initiated

BadAtTCG

Battle declared: Strike Freedom Gundam against Enemy Player

Kiraya

No blockers available

Action step

Kiraya

Passed

BadAtTCG

Passed

Battle started: Strike Freedom Gundam against Enemy Shield

Kiraya

Shield card: Gundam Exia Repair revealed and discarded

Battle ended

Turn end phase started

Kiraya

Passed

BadAtTCG

Passed

Turn ended!

Turn 18 started!

Kiraya

Gundam Barbatos 1st Form deployed

Strike Rouge (Ootori) deployed

Gundam Barbatos Adapt deployed

Selecting target for Gundam Barbatos Adapt

Gundam Barbatos Adapt: Dealt 1 damage to: Gundam Barbatos 1st Form and Parts

Hyakuren deployed

Turn end phase started

BadAtTCG

Played action: Close Combat

Close Combat: Dealt 2 damage to Gundam Barbatos 1st Form, now destroyed

Kiraya

Passed

BadAtTCG

Passed

Kiraya

Turn ended!

Turn 19 started!

BadAtTCG

V-Dash Gundam deployed

Linked pilot: Üso Ewin on unit V-Dash Gundam

Parts deployed

Activated: V-Dash Gundam

Rested unit: Parts

Selecting target for V-Dash Gundam

Rested unit: Strike Rouge (Ootori)

Battle initiated

BadAtTCG

Battle declared: Victory Gundam against Enemy Player

Kiraya

No blockers available

Action step

Kiraya

Passed

BadAtTCG

Passed

Battle started: Victory Gundam against Enemy Shield

Kiraya

Shield card: Kira Yamato revealed

Shield card added to hand: Kira Yamato

Battle ended

Battle initiated

BadAtTCG

Battle declared: Strike Rouge (Ootori) against Enemy Player

Kiraya

No blockers available

Action step

Kiraya

Passed

BadAtTCG

Passed

Battle started: Strike Rouge (Ootori) against Enemy Shield

Kiraya

Shield card: Gundam Barbatos Adapt revealed and discarded

Battle ended

Battle initiated

BadAtTCG

Battle declared: Strike Freedom Gundam against Enemy Player

Kiraya

No blockers available

Action step

Kiraya

Passed

BadAtTCG

Passed

Battle started: Strike Freedom Gundam against Enemy Player

Kiraya

No more shields available, game is over!

BadAtTCG

Winner!

Game ended!