Mobile Suit Arena - Battle logs
Game started!

Kiraya

Choose to play first

Choose to keep starting hand

Altis

Choose to keep starting hand

Turn 1 started!

Turn end phase started

Altis

Passed

Kiraya

Passed

Turn ended!

Turn 2 started!

Turn end phase started

Kiraya

Passed

Altis

Passed

Turn ended!

Turn 3 started!

Kiraya

Graze Custom deployed

Graze Custom deployed

Turn end phase started

Altis

Passed

Kiraya

Passed

Turn ended!

Turn 4 started!

Altis

Gundam Exia deployed

Selecting target for Gundam Exia

Gundam Exia: Dealt 2 damage to Graze Custom, now destroyed

Turn end phase started

Kiraya

Passed

Altis

Passed

Turn ended!

Turn 5 started!

Battle initiated

Kiraya

Battle declared: Graze Custom against Enemy Player

Altis

No blockers available

Action step

Altis

Passed

Kiraya

Passed

Battle started: Graze Custom against EX Base

Altis

EX Base received 2 damage, leaving 1 HP remaining

Battle ended

Kiraya

Graze Custom deployed

Turn end phase started

Altis

Passed

Kiraya

Passed

Turn ended!

Turn 6 started!

Altis

Gundam Exia deployed

Selecting target for Gundam Exia

Gundam Exia: Dealt 2 damage to Graze Custom, now destroyed

Battle initiated

Altis

Battle declared: Gundam Exia against Enemy Player

Kiraya

No blockers available

Action step

Kiraya

Passed

Altis

Passed

Battle started: Gundam Exia against EX Base

Kiraya

EX Base received 2 damage, leaving 1 HP remaining

Battle ended

Turn end phase started

Kiraya

Passed

Altis

Passed

Turn ended!

Turn 7 started!

Battle initiated

Kiraya

Battle declared: Graze Custom against Enemy Player

Altis

No blockers available

Action step

Altis

Passed

Kiraya

Passed

Battle started: Graze Custom against EX Base

Altis

EX Base received 2 damage, now destroyed

Battle ended

Kiraya

Replaced EX Base base: Axis

Shield card added to hand

Turn end phase started

Altis

Passed

Kiraya

Passed

Turn ended!

Turn 8 started!

Battle initiated

Altis

Battle declared: Gundam Exia against Graze Custom

Kiraya

No blockers available

Action step

Kiraya

Passed

Altis

Passed

Battle started: Gundam Exia against Graze Custom

Kiraya

Graze Custom received 2 damage, now destroyed

Altis

Gundam Exia received 2 damage, now destroyed

Battle ended

Battle initiated

Altis

Battle declared: Gundam Exia against Enemy Player

Kiraya

No blockers available

Action step

Kiraya

Passed

Altis

Passed

Battle started: Gundam Exia against Axis

Kiraya

Axis received 2 damage, leaving 4 HP remaining

Battle ended

Turn end phase started

Kiraya

Passed

Altis

Passed

Turn ended!

Turn 9 started!

Kiraya

Gundam Gusion Rebake deployed

Selecting target for Gundam Gusion Rebake

Gundam Gusion Rebake: Dealt 1 damage to: Gundam Gusion Rebake and Gundam Exia

Turn end phase started

Altis

Played action: Overwhelming Pressure

Overwhelming Pressure: Dealt 4 damage to Gundam Gusion Rebake, now destroyed

Kiraya

Passed

Altis

Passed

Kiraya

Turn ended!

Turn 10 started!

Altis

Gundam Schwarzette deployed

Turn end phase started

Kiraya

Passed

Altis

Passed

Turn ended!

Turn 11 started!

Kiraya

Gundam Barbatos Adapt deployed

Selecting target for Gundam Barbatos Adapt

Gundam Barbatos Adapt: Dealt 1 damage to: Gundam Barbatos Adapt and Gundam Schwarzette

Linked pilot: Mikazuki Augus on unit Gundam Barbatos Adapt

Selecting target for Mikazuki Augus

Mikazuki Augus: Dealt 1 damage to: Gundam Barbatos Adapt and Gundam Schwarzette

Battle initiated

Kiraya

Battle declared: Gundam Barbatos Adapt against Enemy Player

Altis

No blockers available

Action step

Altis

Passed

Kiraya

Passed

Battle started: Gundam Barbatos Adapt against Enemy Shield

Altis

Shield card: Improved Technique revealed

Shield card: Improved Technique moved to trash

Selecting target for Improved Technique

Improved Technique: Dealt 3 damage to Gundam Barbatos Adapt, now destroyed

Battle ended

Turn end phase started

Altis

Passed

Kiraya

Passed

Turn ended!

Turn 12 started!

Altis

Gundam Aerial Rebuild deployed

Selecting target for Gundam Aerial Rebuild

Card added to hand: Guel Jeturk

Battle initiated

Altis

Battle declared: Gundam Schwarzette against Enemy Player

Kiraya

No blockers available

Action step

Kiraya

Passed

Altis

Passed

Battle started: Gundam Schwarzette against Axis

Kiraya

Axis received 5 damage, now destroyed

Battle ended

Turn end phase started

Kiraya

Passed

Altis

Passed

Turn ended!

Turn 13 started!

Kiraya

Played base: Axis

Shield card added to hand

Gundam Barbatos Lupus deployed

Activated: Gundam Barbatos Lupus

Graze Custom, Graze Custom and Gundam Barbatos Adapt exiled from the game

Selecting target for Gundam Barbatos Lupus

Gundam Barbatos Lupus: Dealt 2 damage to Gundam Schwarzette, now destroyed

Turn end phase started

Altis

Passed

Kiraya

Passed

Turn ended!

Turn 14 started!

Altis

Gundam Aerial Rebuild deployed

Selecting target for Gundam Aerial Rebuild

Card added to hand: Gundam Calibarn

Demi Barding deployed

Selecting target for Demi Barding

Card added to hand: Guel Jeturk

Turn end phase started

Kiraya

Passed

Altis

Passed

Turn ended!

Turn 15 started!

Kiraya

Strike Freedom Gundam deployed

Selecting target for Strike Freedom Gundam

Strike Freedom Gundam: Modifier applied to: Gundam Barbatos Lupus

Strike Freedom Gundam: Modifier applied to: Strike Freedom Gundam

Strike Freedom Gundam: chose Gundam Barbatos Lupus and Strike Freedom Gundam

Battle initiated

Kiraya

Battle declared: Gundam Barbatos Lupus against Enemy Player

Altis

No blockers available

Action step

Altis

Passed

Kiraya

Passed

Battle started: Gundam Barbatos Lupus against Enemy Shield

Altis

Shield card: Suletta Mercury revealed

Shield card added to hand: Suletta Mercury

Kiraya

Strike Freedom Gundam: Draw a card

Battle ended

Kiraya

Linked pilot: Kira Yamato on unit Strike Freedom Gundam

Kira Yamato: Draw a card

Battle initiated

Kiraya

Battle declared: Strike Freedom Gundam against Enemy Player

Selecting target for Strike Freedom Gundam

Gundam Exia Repair and M1 Astray (Shrike) discarded

Selecting target for Strike Freedom Gundam

Altis

Demi Barding returned to deck

No blockers available

Action step

Altis

Passed

Kiraya

Passed

Battle started: Strike Freedom Gundam against Enemy Shield

Altis

Shield card: Improved Technique revealed

No targets for Improved Technique

Shield card: Improved Technique moved to trash

Kiraya

Strike Freedom Gundam: Draw a card

Battle ended

Kiraya

Linked pilot: Mikazuki Augus on unit Gundam Barbatos Lupus

Selecting target for Mikazuki Augus

Mikazuki Augus: Dealt 1 damage to: Gundam Barbatos Lupus and Gundam Aerial Rebuild

Turn end phase started

Altis

Passed

Kiraya

Passed

Turn ended!

Turn 16 started!

Altis

Gundam Calibarn deployed

Placed 3 Resource EX

Linked pilot: Suletta Mercury on unit Gundam Calibarn

Selecting target for Gundam Calibarn

Gundam Calibarn: Modifier applied to: Gundam Calibarn

Gundam Exia deployed

No targets for Gundam Exia

Selecting target for Gundam Calibarn

Gundam Calibarn: Modifier applied to: Gundam Calibarn

Battle initiated

Altis

Battle declared: Gundam Calibarn against Strike Freedom Gundam

Kiraya

No blockers available

Action step

Kiraya

Passed

Altis

Passed

Battle started: Gundam Calibarn against Strike Freedom Gundam

Kiraya

Strike Freedom Gundam received 9 damage, now destroyed

Altis

Gundam Calibarn received 7 damage, reduced by 6, leaving 6 HP remaining

Battle ended

Battle initiated

Altis

Battle declared: Gundam Aerial Rebuild against Gundam Barbatos Lupus

Kiraya

No blockers available

Action step

Kiraya

Passed

Altis

Passed

Battle started: Gundam Aerial Rebuild against Gundam Barbatos Lupus

Kiraya

Gundam Barbatos Lupus received 5 damage, now destroyed

Altis

Gundam Aerial Rebuild received 7 damage, now destroyed

Battle ended

Battle initiated

Altis

Battle declared: Gundam Aerial Rebuild against Enemy Player

Kiraya

No blockers available

Action step

Kiraya

Passed

Altis

Passed

Battle started: Gundam Aerial Rebuild against Axis

Kiraya

Axis received 5 damage, leaving 1 HP remaining

Battle ended

Turn end phase started

Kiraya

Passed

Altis

Passed

Turn ended!

Turn 17 started!

Kiraya

Gundam Gusion Rebake deployed

Selecting target for Gundam Gusion Rebake

Gundam Gusion Rebake: Dealt 1 damage to: Gundam Gusion Rebake and Gundam Exia

Turn end phase started

Altis

Passed

Kiraya

Passed

Turn ended!

Turn 18 started!

Altis

Gundam Schwarzette deployed

Played action: Improved Technique

Improved Technique: Dealt 3 damage to Gundam Gusion Rebake, leaving 1 HP remaining

Played action: Darkness Finger

Darkness Finger: Dealt 2 damage to Gundam Gusion Rebake, now destroyed

Battle initiated

Altis

Battle declared: Gundam Aerial Rebuild against Enemy Player

Kiraya

No blockers available

Action step

Kiraya

Passed

Altis

Passed

Battle started: Gundam Aerial Rebuild against Axis

Kiraya

Axis received 5 damage, now destroyed

Battle ended

Battle initiated

Altis

Battle declared: Gundam Calibarn against Enemy Player

Kiraya

No blockers available

Action step

Kiraya

Passed

Altis

Passed

Battle started: Gundam Calibarn against Enemy Shield

Kiraya

Shield card: Gundam Barbatos 1st Form revealed and discarded

Battle ended

Turn end phase started

Kiraya

Passed

Altis

Passed

Turn ended!

Turn 19 started!

Kiraya

Gundam Barbatos Lupus deployed

Activated: Gundam Barbatos Lupus

Gundam Barbatos Lupus, Gundam Gusion Rebake and Gundam Barbatos 1st Form exiled from the game

Selecting target for Gundam Barbatos Lupus

Gundam Barbatos Lupus: Dealt 2 damage to Gundam Schwarzette, leaving 2 HP remaining

Gundam Barbatos 1st Form deployed

Turn end phase started

Altis

Passed

Kiraya

Passed

Turn ended!

Turn 20 started!

Altis

Demi Barding deployed

Selecting target for Demi Barding

Card added to hand: Close Combat

Played action: Darkness Finger

Darkness Finger: Dealt 2 damage to Gundam Barbatos 1st Form, now destroyed

Battle initiated

Altis

Battle declared: Gundam Schwarzette against Enemy Player

Kiraya

No blockers available

Action step

Kiraya

Passed

Altis

Passed

Battle started: Gundam Schwarzette against Enemy Shield

Kiraya

Shield card: Strike Rouge (Ootori) revealed and discarded

Battle ended

Battle initiated

Altis

Battle declared: Gundam Calibarn against Enemy Player

Kiraya

No blockers available

Action step

Kiraya

Passed

Altis

Passed

Battle started: Gundam Calibarn against Enemy Shield

Kiraya

Shield card: Hyakuren revealed and discarded

Battle ended

Altis

Played action: Close Combat

Close Combat: Dealt 2 damage to Gundam Barbatos Lupus, leaving 3 HP remaining

Played action: Close Combat

Close Combat: Dealt 2 damage to Gundam Barbatos Lupus, leaving 1 HP remaining

Played action: Close Combat

Close Combat: Dealt 2 damage to Gundam Barbatos Lupus, now destroyed

Turn end phase started

Kiraya

Passed

Altis

Passed

Turn ended!

Turn 21 started!

Kiraya

Played command: Widespread Annihilation

Widespread Annihilation: destroyed Demi Barding

Graze Custom deployed

Turn end phase started

Altis

Passed

Kiraya

Passed

Turn ended!

Turn 22 started!

Battle initiated

Altis

Battle declared: Gundam Schwarzette against Enemy Player

Kiraya

No blockers available

Action step

Kiraya

Passed

Altis

Passed

Battle started: Gundam Schwarzette against Enemy Shield

Kiraya

Shield card: Gundam Flauros (Ryusei-Go) revealed and discarded

Battle ended

Battle initiated

Altis

Battle declared: Gundam Calibarn against Enemy Player

Kiraya

No blockers available

Action step

Kiraya

Passed

Altis

Passed

Battle started: Gundam Calibarn against Enemy Player

Kiraya

No more shields available, game is over!

Altis

Winner!

Game ended!