Mobile Suit Arena - Battle logs
Game started!

Kiraya

Choose to play second

Choose to keep starting hand

Hirametcg

Choose to keep starting hand

Turn 1 started!

Turn end phase started

Kiraya

Passed

Hirametcg

Passed

Turn ended!

Turn 2 started!

Kiraya

Graze Custom deployed

Turn end phase started

Hirametcg

Passed

Kiraya

Passed

Turn ended!

Turn 3 started!

Hirametcg

Graze Custom deployed

Turn end phase started

Kiraya

Passed

Hirametcg

Passed

Turn ended!

Turn 4 started!

Kiraya

Hyakuren deployed

Turn end phase started

Hirametcg

Passed

Kiraya

Passed

Turn ended!

Turn 5 started!

Hirametcg

Hyakuren deployed

Turn end phase started

Kiraya

Passed

Hirametcg

Passed

Turn ended!

Turn 6 started!

Battle initiated

Kiraya

Battle declared: Hyakuren against Enemy Player

Hirametcg

No blockers available

Action step

Hirametcg

Passed

Kiraya

Passed

Battle started: Hyakuren against EX Base

Hirametcg

EX Base received 4 damage, now destroyed

Battle ended

Battle initiated

Kiraya

Battle declared: Graze Custom against Enemy Player

Hirametcg

No blockers available

Action step

Hirametcg

Passed

Kiraya

Passed

Battle started: Graze Custom against Enemy Shield

Hirametcg

Shield card: Hyakuren revealed and discarded

Battle ended

Kiraya

Graze Custom deployed

Graze Custom deployed

Replaced EX Base base: Axis

Shield card added to hand

Turn end phase started

Hirametcg

Passed

Kiraya

Passed

Turn ended!

Turn 7 started!

Hirametcg

Gundam Barbatos Adapt deployed

Selecting target for Gundam Barbatos Adapt

Gundam Barbatos Adapt: Dealt 1 damage to: Hyakuren and Graze Custom

Linked pilot: Mikazuki Augus on unit Gundam Barbatos Adapt

Selecting target for Mikazuki Augus

Mikazuki Augus: Dealt 1 damage to: Hyakuren and Graze Custom

Battle initiated

Hirametcg

Battle declared: Hyakuren against Hyakuren

Kiraya

No blockers available

Action step

Kiraya

Passed

Hirametcg

Passed

Battle started: Hyakuren against Hyakuren

Kiraya

Hyakuren received 4 damage, now destroyed

Hirametcg

Hyakuren received 4 damage, now destroyed

Battle ended

Battle initiated

Hirametcg

Battle declared: Gundam Barbatos Adapt against Graze Custom

Kiraya

No blockers available

Action step

Kiraya

Passed

Hirametcg

Passed

Battle started: Gundam Barbatos Adapt against Graze Custom

Kiraya

Graze Custom received 4 damage, now destroyed

Hirametcg

Gundam Barbatos Adapt received 2 damage, leaving 3 HP remaining

Battle ended

Battle initiated

Hirametcg

Battle declared: Graze Custom against Enemy Player

Kiraya

No blockers available

Action step

Kiraya

Passed

Hirametcg

Passed

Battle started: Graze Custom against Axis

Kiraya

Axis received 2 damage, leaving 4 HP remaining

Battle ended

Turn end phase started

Kiraya

Passed

Hirametcg

Passed

Turn ended!

Turn 8 started!

Kiraya

Gundam Barbatos 1st Form deployed

Gundam Barbatos Adapt deployed

Selecting target for Gundam Barbatos Adapt

Gundam Barbatos Adapt: Dealt 1 damage to: Gundam Barbatos 1st Form and Gundam Barbatos Adapt

Battle initiated

Kiraya

Battle declared: Graze Custom against Gundam Barbatos Adapt

Hirametcg

No blockers available

Action step

Hirametcg

Passed

Kiraya

Passed

Battle started: Graze Custom against Gundam Barbatos Adapt

Hirametcg

Gundam Barbatos Adapt received 2 damage, now destroyed

Kiraya

Graze Custom received 4 damage, now destroyed

Battle ended

Kiraya

Linked pilot: Mikazuki Augus on unit Gundam Barbatos 1st Form

Selecting target for Mikazuki Augus

Mikazuki Augus: Dealt 1 damage to: Gundam Barbatos Adapt and Graze Custom

Battle initiated

Kiraya

Battle declared: Gundam Barbatos 1st Form against Enemy Player

Gundam Barbatos 1st Form: Draw a card

Hirametcg

No blockers available

Action step

Hirametcg

Passed

Kiraya

Passed

Battle started: Gundam Barbatos 1st Form against Enemy Shield

Hirametcg

Shield card: Kira Yamato revealed

Shield card added to hand: Kira Yamato

Battle ended

Turn end phase started

Hirametcg

Passed

Kiraya

Passed

Turn ended!

Turn 9 started!

Hirametcg

Played command: A Show of Resolve

A Show of Resolve: Draw 2 cards

Battle initiated

Hirametcg

Battle declared: Graze Custom against Gundam Barbatos 1st Form

Kiraya

No blockers available

Action step

Kiraya

Passed

Hirametcg

Passed

Battle started: Graze Custom against Gundam Barbatos 1st Form

Kiraya

Gundam Barbatos 1st Form received 2 damage, now destroyed

Hirametcg

Graze Custom received 5 damage, now destroyed

Battle ended

Hirametcg

Zoloat (League Militaire) deployed

Turn end phase started

Kiraya

Passed

Hirametcg

Passed

Turn ended!

Turn 10 started!

Battle initiated

Kiraya

Battle declared: Gundam Barbatos Adapt against Enemy Player

Hirametcg

Assigned Zoloat (League Militaire) to block

Action step

Hirametcg

Passed

Kiraya

Passed

Battle started: Gundam Barbatos Adapt against Zoloat (League Militaire)

Hirametcg

Zoloat (League Militaire) received 2 damage, now destroyed

Kiraya

Gundam Barbatos Adapt received 3 damage, now destroyed

Battle ended

Kiraya

Gundam Barbatos 1st Form deployed

Turn end phase started

Hirametcg

Passed

Kiraya

Passed

Turn ended!

Turn 11 started!

Hirametcg

Played base: Axis

Shield card added to hand

Hyakuren deployed

Turn end phase started

Kiraya

Passed

Hirametcg

Passed

Turn ended!

Turn 12 started!

Kiraya

Gundam Gusion Rebake deployed

Selecting target for Gundam Gusion Rebake

Gundam Gusion Rebake: Dealt 1 damage to: Gundam Barbatos 1st Form and Hyakuren

Paired pilot: Mikazuki Augus on unit Gundam Gusion Rebake

Selecting target for Mikazuki Augus

Mikazuki Augus: Dealt 1 damage to: Gundam Gusion Rebake and Hyakuren

Battle initiated

Kiraya

Battle declared: Gundam Barbatos 1st Form against Enemy Player

Gundam Barbatos 1st Form: Draw a card

Hirametcg

No blockers available

Action step

Hirametcg

Passed

Kiraya

Passed

Battle started: Gundam Barbatos 1st Form against Axis

Hirametcg

Axis received 3 damage, leaving 3 HP remaining

Battle ended

Turn end phase started

Hirametcg

Passed

Kiraya

Passed

Turn ended!

Turn 13 started!

Battle initiated

Hirametcg

Battle declared: Hyakuren against Enemy Player

Kiraya

Assigned no blocker

Action step

Kiraya

Passed

Hirametcg

Passed

Battle started: Hyakuren against Axis

Kiraya

Axis received 4 damage, now destroyed

Battle ended

Hirametcg

Gundam Barbatos Lupus deployed

Linked pilot: Mikazuki Augus on unit Gundam Barbatos Lupus

Selecting target for Mikazuki Augus

Mikazuki Augus: Dealt 1 damage to: Gundam Barbatos Lupus and Gundam Barbatos 1st Form

Battle initiated

Hirametcg

Battle declared: Gundam Barbatos Lupus against Enemy Player

Kiraya

Assigned Gundam Gusion Rebake to block

Action step

Kiraya

Passed

Hirametcg

Passed

Battle started: Gundam Barbatos Lupus against Gundam Gusion Rebake

Kiraya

Gundam Gusion Rebake received 7 damage, now destroyed

Hirametcg

Gundam Barbatos Lupus received 5 damage, now destroyed

Battle ended

Turn end phase started

Kiraya

Passed

Hirametcg

Passed

Turn ended!

Turn 14 started!

Kiraya

M1 Astray (Shrike) deployed

Selecting target for M1 Astray (Shrike)

M1 Astray (Shrike): Dealt 1 damage to Hyakuren, now destroyed

Gundam Barbatos Lupus deployed

Turn end phase started

Hirametcg

Passed

Kiraya

Passed

Turn ended!

Turn 15 started!

Hirametcg

Played command: Widespread Annihilation

Widespread Annihilation: destroyed M1 Astray (Shrike)

Gundam Barbatos 1st Form deployed

Turn end phase started

Kiraya

Passed

Hirametcg

Passed

Turn ended!

Turn 16 started!

Kiraya

Strike Freedom Gundam deployed

Selecting target for Strike Freedom Gundam

Strike Freedom Gundam: Modifier applied to: Gundam Barbatos Lupus

Strike Freedom Gundam: Modifier applied to: Strike Freedom Gundam

Strike Freedom Gundam: chose Gundam Barbatos Lupus and Strike Freedom Gundam

Activated: Gundam Barbatos Lupus

Graze Custom, Gundam Barbatos 1st Form and Gundam Gusion Rebake exiled from the game

Selecting target for Gundam Barbatos Lupus

Gundam Barbatos Lupus: Dealt 2 damage to Gundam Barbatos 1st Form, now destroyed

Battle initiated

Kiraya

Battle declared: Gundam Barbatos Lupus against Enemy Player

Hirametcg

No blockers available

Action step

Hirametcg

Passed

Kiraya

Passed

Battle started: Gundam Barbatos Lupus against Axis

Hirametcg

Axis received 5 damage, now destroyed

Kiraya

Strike Freedom Gundam: Draw a card

Battle ended

Kiraya

Linked pilot: Kira Yamato on unit Strike Freedom Gundam

Kira Yamato: Draw a card

Battle initiated

Kiraya

Battle declared: Strike Freedom Gundam against Enemy Player

Hirametcg

No blockers available

Action step

Hirametcg

Passed

Kiraya

Passed

Battle started: Strike Freedom Gundam against Enemy Shield

Hirametcg

Shield card: Fatal Strike revealed

Shield card: Fatal Strike moved to trash

Selecting target for Fatal Strike

Fatal Strike: Dealt 1 damage to Strike Freedom Gundam, leaving 7 HP remaining

Kiraya

Strike Freedom Gundam: Draw a card

Battle ended

Turn end phase started

Hirametcg

Passed

Kiraya

Passed

Turn ended!

Turn 17 started!

Hirametcg

Gundam Barbatos Adapt deployed

Selecting target for Gundam Barbatos Adapt

Gundam Barbatos Adapt: Dealt 1 damage to: Gundam Barbatos Adapt and Strike Freedom Gundam

Strike Freedom Gundam deployed

Selecting target for Strike Freedom Gundam

Strike Freedom Gundam: Modifier applied to: Gundam Barbatos Adapt

Strike Freedom Gundam: Modifier applied to: Strike Freedom Gundam

Strike Freedom Gundam: chose Gundam Barbatos Adapt and Strike Freedom Gundam

Linked pilot: Kira Yamato on unit Strike Freedom Gundam

Kira Yamato: Draw a card

Battle initiated

Hirametcg

Battle declared: Strike Freedom Gundam against Strike Freedom Gundam

Selecting target for Strike Freedom Gundam

Axis and Gundam Gusion Rebake discarded

Selecting target for Strike Freedom Gundam

Kiraya

Gundam Barbatos Lupus returned to deck

No blockers available

Action step

Kiraya

Passed

Hirametcg

Passed

Battle started: Strike Freedom Gundam against Strike Freedom Gundam

Kiraya

Strike Freedom Gundam received 7 damage, now destroyed

Hirametcg

Strike Freedom Gundam received 7 damage, leaving 1 HP remaining

Strike Freedom Gundam: Draw a card

Battle ended

Turn end phase started

Kiraya

Passed

Hirametcg

Passed

Turn ended!

Turn 18 started!

Kiraya

Gundam Gusion Rebake deployed

Selecting target for Gundam Gusion Rebake

Gundam Gusion Rebake: Dealt 1 damage to: Gundam Gusion Rebake and Strike Freedom Gundam

Turn end phase started

Hirametcg

Passed

Kiraya

Passed

Turn ended!

Turn 19 started!

Hirametcg

Gundam Barbatos Lupus deployed

Activated: Gundam Barbatos Lupus

Hyakuren, Gundam Barbatos 1st Form and Gundam Gusion Rebake exiled from the game

Selecting target for Gundam Barbatos Lupus

Gundam Barbatos Lupus: Dealt 2 damage to Gundam Gusion Rebake, leaving 2 HP remaining

Activated: Gundam Barbatos Lupus

Gundam Barbatos Adapt, Graze Custom and Gundam Barbatos Lupus exiled from the game

Selecting target for Gundam Barbatos Lupus

Gundam Barbatos Lupus: Dealt 2 damage to Gundam Gusion Rebake, now destroyed

Battle initiated

Hirametcg

Battle declared: Gundam Barbatos Adapt against Enemy Player

Kiraya

No blockers available

Action step

Kiraya

Passed

Hirametcg

Passed

Battle started: Gundam Barbatos Adapt against Enemy Shield

Kiraya

Shield card: Axis revealed

Played base: Axis

Shield card added to hand

Battle ended

Hirametcg

Gundam Flauros (Ryusei-Go) deployed

No targets for Gundam Flauros (Ryusei-Go)

Turn end phase started

Kiraya

Passed

Hirametcg

Passed

Turn ended!

Turn 20 started!

Kiraya

Gundam Barbatos Lupus deployed

Gundam Barbatos Adapt deployed

Selecting target for Gundam Barbatos Adapt

Gundam Barbatos Adapt: Dealt 1 damage to: Gundam Barbatos Adapt and Gundam Barbatos Adapt

Linked pilot: Mikazuki Augus on unit Gundam Barbatos Adapt

Selecting target for Mikazuki Augus

Mikazuki Augus: Dealt 1 damage to: Gundam Barbatos Adapt and Gundam Flauros (Ryusei-Go)

Activated: Gundam Barbatos Lupus

Gundam Barbatos 1st Form, Gundam Barbatos Adapt and Gundam Gusion Rebake exiled from the game

Selecting target for Gundam Barbatos Lupus

Gundam Barbatos Lupus: Dealt 2 damage to Gundam Barbatos Adapt, now destroyed

Activated: Gundam Barbatos Lupus

Graze Custom, Hyakuren and Graze Custom exiled from the game

Selecting target for Gundam Barbatos Lupus

Gundam Barbatos Lupus: Dealt 2 damage to Gundam Flauros (Ryusei-Go), now destroyed

Battle initiated

Kiraya

Battle declared: Gundam Barbatos Adapt against Enemy Player

Hirametcg

No blockers available

Action step

Hirametcg

Passed

Kiraya

Passed

Battle started: Gundam Barbatos Adapt against Enemy Shield

Hirametcg

Shield card: Gundam Barbatos 1st Form revealed and discarded

Battle ended

Turn end phase started

Hirametcg

Passed

Kiraya

Passed

Turn ended!

Turn 21 started!

Hirametcg

Activated: Gundam Barbatos Lupus

Hyakuren, Hyakuren and Gundam Barbatos Adapt exiled from the game

Selecting target for Gundam Barbatos Lupus

Gundam Barbatos Lupus: Dealt 2 damage to Gundam Barbatos Adapt, leaving 1 HP remaining

Hyakuren deployed

Zoloat (League Militaire) deployed

Battle initiated

Hirametcg

Battle declared: Gundam Barbatos Lupus against Enemy Player

Kiraya

No blockers available

Action step

Kiraya

Passed

Hirametcg

Passed

Battle started: Gundam Barbatos Lupus against Axis

Kiraya

Axis received 5 damage, leaving 1 HP remaining

Battle ended

Turn end phase started

Kiraya

Passed

Hirametcg

Passed

Turn ended!

Turn 22 started!

Kiraya

Strike Freedom Gundam deployed

Selecting target for Strike Freedom Gundam

Strike Freedom Gundam: Modifier applied to: Gundam Barbatos Lupus

Strike Freedom Gundam: Modifier applied to: Gundam Barbatos Adapt

Strike Freedom Gundam: chose Gundam Barbatos Lupus and Gundam Barbatos Adapt

Battle initiated

Kiraya

Battle declared: Gundam Barbatos Adapt against Enemy Player

Hirametcg

Assigned Zoloat (League Militaire) to block

Action step

Hirametcg

Passed

Kiraya

Passed

Battle started: Gundam Barbatos Adapt against Zoloat (League Militaire)

Hirametcg

Zoloat (League Militaire) received 4 damage, now destroyed

Kiraya

Gundam Barbatos Adapt received 3 damage, now destroyed

Strike Freedom Gundam: Draw a card

Battle ended

Battle initiated

Kiraya

Battle declared: Gundam Barbatos Lupus against Enemy Player

Hirametcg

No blockers available

Action step

Hirametcg

Passed

Kiraya

Passed

Battle started: Gundam Barbatos Lupus against Enemy Shield

Hirametcg

Shield card: Strike Rouge (Ootori) revealed and discarded

Kiraya

Strike Freedom Gundam: Draw a card

Battle ended

Battle initiated

Kiraya

Battle declared: Strike Freedom Gundam against Enemy Player

Selecting target for Strike Freedom Gundam

Hirametcg

No blockers available

Action step

Hirametcg

Passed

Kiraya

Passed

Battle started: Strike Freedom Gundam against Enemy Player

Hirametcg

No more shields available, game is over!

Kiraya

Winner!

Game ended!