Mobile Suit Arena - Battle logs
Game started!

Kiraya

Choose to play second

Choose to keep starting hand

BuffYogi

Choose to keep starting hand

Turn 1 started!

Turn end phase started

Kiraya

Passed

BuffYogi

Passed

Turn ended!

Turn 2 started!

Kiraya

Graze Custom deployed

Turn end phase started

BuffYogi

Passed

Kiraya

Passed

Turn ended!

Turn 3 started!

BuffYogi

GM deployed

Replaced EX Base base: Archangel

Shield card added to hand

Turn end phase started

Kiraya

Passed

BuffYogi

Passed

Turn ended!

Turn 4 started!

Kiraya

Hyakuren deployed

Turn end phase started

BuffYogi

Passed

Kiraya

Passed

Turn ended!

Turn 5 started!

BuffYogi

Rick Dias deployed

Turn end phase started

Kiraya

Passed

BuffYogi

Passed

Turn ended!

Turn 6 started!

Kiraya

Gundam Barbatos 1st Form deployed

Graze Custom deployed

Turn end phase started

BuffYogi

Passed

Kiraya

Passed

Turn ended!

Turn 7 started!

BuffYogi

Buster Gundam deployed

Linked pilot: Andrew Waldfeld on unit Buster Gundam

Turn end phase started

Kiraya

Passed

BuffYogi

Passed

Turn ended!

Turn 8 started!

Kiraya

Gundam Flauros (Ryusei-Go) deployed

Selecting target for Gundam Flauros (Ryusei-Go)

Battle initiated

Kiraya

Battle declared: Hyakuren against Enemy Player

BuffYogi

Assigned Rick Dias to block

Action step

BuffYogi

Passed

Kiraya

Passed

Battle started: Hyakuren against Rick Dias

BuffYogi

Rick Dias received 4 damage, now destroyed

Kiraya

Hyakuren received 3 damage, now destroyed

Battle ended

Turn end phase started

BuffYogi

Passed

Kiraya

Passed

Turn ended!

Turn 9 started!

BuffYogi

Aile Strike Gundam deployed

Turn end phase started

Kiraya

Passed

BuffYogi

Passed

Turn ended!

Turn 10 started!

Battle initiated

Kiraya

Battle declared: Gundam Flauros (Ryusei-Go) against Enemy Player

No targets for Gundam Flauros (Ryusei-Go)

BuffYogi

Assigned Aile Strike Gundam to block

Action step

BuffYogi

Passed

Kiraya

Passed

Battle started: Gundam Flauros (Ryusei-Go) against Aile Strike Gundam

BuffYogi

Aile Strike Gundam received 5 damage, now destroyed

Kiraya

Gundam Flauros (Ryusei-Go) received 4 damage, now destroyed

Battle ended

Kiraya

Gundam Gusion Rebake deployed

Selecting target for Gundam Gusion Rebake

Gundam Gusion Rebake: Dealt 1 damage to: Gundam Barbatos 1st Form and Buster Gundam

Battle initiated

Kiraya

Battle declared: Gundam Barbatos 1st Form against Enemy Player

Gundam Barbatos 1st Form: Draw a card

BuffYogi

Assigned no blocker

Action step

BuffYogi

Passed

Kiraya

Passed

Battle started: Gundam Barbatos 1st Form against Archangel

BuffYogi

Archangel received 3 damage, leaving 2 HP remaining

Battle ended

Battle initiated

Kiraya

Battle declared: Graze Custom against Enemy Player

BuffYogi

Assigned Buster Gundam to block

Action step

BuffYogi

Passed

Kiraya

Passed

Battle started: Graze Custom against Buster Gundam

BuffYogi

Buster Gundam received 2 damage, leaving 1 HP remaining

Kiraya

Graze Custom received 6 damage, now destroyed

Battle ended

Kiraya

Gundam Barbatos Adapt deployed

Selecting target for Gundam Barbatos Adapt

Gundam Barbatos Adapt: Dealt 1 damage to: Gundam Barbatos Adapt and Buster Gundam

Battle initiated

Kiraya

Battle declared: Graze Custom against Enemy Player

BuffYogi

No blockers available

Action step

BuffYogi

Passed

Kiraya

Passed

Battle started: Graze Custom against Archangel

BuffYogi

Archangel received 2 damage, now destroyed

Battle ended

Turn end phase started

BuffYogi

Passed

Kiraya

Passed

Turn ended!

Turn 11 started!

BuffYogi

Played base: Argama

Shield card added to hand

Aile Strike Gundam deployed

Linked pilot: Kira Yamato on unit Aile Strike Gundam

Selecting target for Aile Strike Gundam

Kiraya

Graze Custom returned to hand

Battle initiated

BuffYogi

Battle declared: Aile Strike Gundam against Gundam Barbatos 1st Form

Kiraya

Assigned Gundam Gusion Rebake to block

Action step

Kiraya

Passed

BuffYogi

Passed

Battle started: Aile Strike Gundam against Gundam Gusion Rebake

Kiraya

Gundam Gusion Rebake received 6 damage, now destroyed

BuffYogi

Aile Strike Gundam received 3 damage, leaving 3 HP remaining

Battle ended

Turn end phase started

Kiraya

Passed

BuffYogi

Passed

Turn ended!

Turn 12 started!

Kiraya

Linked pilot: Mikazuki Augus on unit Gundam Barbatos 1st Form

Selecting target for Mikazuki Augus

Mikazuki Augus: Dealt 1 damage to: Gundam Barbatos Adapt and Aile Strike Gundam

Battle initiated

Kiraya

Battle declared: Gundam Barbatos Adapt against Aile Strike Gundam

BuffYogi

No blockers available

Action step

BuffYogi

Passed

Kiraya

Passed

Battle started: Gundam Barbatos Adapt against Aile Strike Gundam

BuffYogi

Aile Strike Gundam received 2 damage, now destroyed

Kiraya

Gundam Barbatos Adapt received 6 damage, now destroyed

Battle ended

Battle initiated

Kiraya

Battle declared: Gundam Barbatos 1st Form against Enemy Player

Gundam Barbatos 1st Form: Draw a card

BuffYogi

No blockers available

Action step

BuffYogi

Passed

Kiraya

Passed

Battle started: Gundam Barbatos 1st Form against Argama

BuffYogi

Argama received 5 damage, now destroyed

Battle ended

Kiraya

Gundam Gusion Rebake deployed

No targets for Gundam Gusion Rebake

Graze Custom deployed

Turn end phase started

BuffYogi

Passed

Kiraya

Passed

Turn ended!

Turn 13 started!

BuffYogi

Akatsuki (Oowashi) deployed

Linked pilot: Andrew Waldfeld on unit Akatsuki (Oowashi)

Selecting target for Akatsuki (Oowashi)

Kiraya

Graze Custom returned to hand

Battle initiated

BuffYogi

Battle declared: Akatsuki (Oowashi) against Gundam Barbatos 1st Form

Kiraya

Assigned Gundam Gusion Rebake to block

Action step

Kiraya

Passed

BuffYogi

Passed

Battle started: Akatsuki (Oowashi) against Gundam Gusion Rebake

Kiraya

Gundam Gusion Rebake received 6 damage, now destroyed

BuffYogi

Akatsuki (Oowashi) received 3 damage, leaving 2 HP remaining

Battle ended

Turn end phase started

Kiraya

Passed

BuffYogi

Passed

Akatsuki (Oowashi) repaired 2 from [Repair 2]

Turn ended!

Turn 14 started!

Battle initiated

Kiraya

Battle declared: Gundam Barbatos 1st Form against Enemy Player

Gundam Barbatos 1st Form: Draw a card

BuffYogi

No blockers available

Action step

BuffYogi

Passed

Kiraya

Passed

Battle started: Gundam Barbatos 1st Form against Enemy Shield

BuffYogi

Shield card: Strike Rouge (Kira's Unit) revealed and discarded

Battle ended

Kiraya

Replaced EX Base base: Axis

Shield card added to hand

Gundam Barbatos Lupus deployed

Activated: Gundam Barbatos Lupus

Gundam Gusion Rebake, Gundam Barbatos Adapt and Gundam Gusion Rebake exiled from the game

Selecting target for Gundam Barbatos Lupus

Gundam Barbatos Lupus: Dealt 2 damage to Akatsuki (Oowashi), leaving 2 HP remaining

Activated: Gundam Barbatos Lupus

Hyakuren, Gundam Flauros (Ryusei-Go) and Graze Custom exiled from the game

Selecting target for Gundam Barbatos Lupus

Gundam Barbatos Lupus: Dealt 2 damage to Akatsuki (Oowashi), now destroyed

Turn end phase started

BuffYogi

Passed

Kiraya

Passed

Turn ended!

Turn 15 started!

BuffYogi

Played base: Archangel

Shield card added to hand

Strike Freedom Gundam deployed

Selecting target for Strike Freedom Gundam

Strike Freedom Gundam: Modifier applied to: Strike Freedom Gundam

Strike Freedom Gundam: chose Strike Freedom Gundam

Linked pilot: Kira Yamato on unit Strike Freedom Gundam

Kira Yamato: Draw a card

Battle initiated

BuffYogi

Battle declared: Strike Freedom Gundam against Enemy Player

Selecting target for Strike Freedom Gundam

Murasame (Andrew Waldfeld Unit) and Murasame (Andrew Waldfeld Unit) discarded

Selecting target for Strike Freedom Gundam

Kiraya

Gundam Barbatos 1st Form and Mikazuki Augus returned to deck

No blockers available

Action step

Kiraya

Passed

BuffYogi

Passed

Battle started: Strike Freedom Gundam against Axis

Kiraya

Axis received 7 damage, now destroyed

BuffYogi

Strike Freedom Gundam: Draw a card

Battle ended

Turn end phase started

Kiraya

Passed

BuffYogi

Passed

Turn ended!

Turn 16 started!

Kiraya

Strike Freedom Gundam deployed

Selecting target for Strike Freedom Gundam

Strike Freedom Gundam: Modifier applied to: Gundam Barbatos Lupus

Strike Freedom Gundam: Modifier applied to: Strike Freedom Gundam

Strike Freedom Gundam: chose Gundam Barbatos Lupus and Strike Freedom Gundam

Battle initiated

Kiraya

Battle declared: Gundam Barbatos Lupus against Enemy Player

BuffYogi

No blockers available

Action step

BuffYogi

Passed

Kiraya

Passed

Battle started: Gundam Barbatos Lupus against Archangel

BuffYogi

Archangel received 5 damage, now destroyed

Kiraya

Strike Freedom Gundam: Draw a card

Battle ended

Kiraya

Linked pilot: Kira Yamato on unit Strike Freedom Gundam

Kira Yamato: Draw a card

Battle initiated

Kiraya

Battle declared: Strike Freedom Gundam against Enemy Player

Selecting target for Strike Freedom Gundam

Winner!

Game ended!