Mobile Suit Arena - Battle logs
Game started!

jupiter

Choose to play first

Choose to keep starting hand

Kiraya

Choose to mulligan starting hand

Turn 1 started!

Turn end phase started

Kiraya

Passed

jupiter

Passed

Turn ended!

Turn 2 started!

Kiraya

Graze Custom deployed

Turn end phase started

jupiter

Passed

Kiraya

Passed

Turn ended!

Turn 3 started!

jupiter

Jegan deployed

Jegan deployed

Turn end phase started

Kiraya

Passed

jupiter

Passed

Turn ended!

Turn 4 started!

Kiraya

Graze Custom deployed

Battle initiated

Kiraya

Battle declared: Graze Custom against Enemy Player

jupiter

No blockers available

Action step

jupiter

Passed

Kiraya

Passed

Battle started: Graze Custom against EX Base

jupiter

EX Base received 2 damage, leaving 1 HP remaining

Battle ended

Kiraya

M1 Astray (Shrike) deployed

No targets for M1 Astray (Shrike)

Turn end phase started

jupiter

Passed

Kiraya

Passed

Turn ended!

Turn 5 started!

Battle initiated

jupiter

Battle declared: Jegan against Enemy Player

Kiraya

No blockers available

Action step

Kiraya

Passed

jupiter

Passed

Battle started: Jegan against EX Base

Kiraya

EX Base received 2 damage, leaving 1 HP remaining

Battle ended

Battle initiated

jupiter

Battle declared: Jegan against Graze Custom

Kiraya

No blockers available

Action step

Kiraya

Passed

jupiter

Passed

Battle started: Jegan against Graze Custom

Kiraya

Graze Custom received 2 damage, now destroyed

jupiter

Jegan received 2 damage, now destroyed

Battle ended

jupiter

Kayra's Re-GZ deployed

Selecting target for Kayra's Re-GZ

Returned to deck bottom

Turn end phase started

Kiraya

Passed

jupiter

Passed

Turn ended!

Turn 6 started!

Battle initiated

Kiraya

Battle declared: M1 Astray (Shrike) against Enemy Player

jupiter

No blockers available

Action step

jupiter

Passed

Kiraya

Passed

Battle started: M1 Astray (Shrike) against EX Base

jupiter

EX Base received 1 damage, now destroyed

Battle ended

Battle initiated

Kiraya

Battle declared: Graze Custom against Enemy Player

jupiter

No blockers available

Action step

jupiter

Passed

Kiraya

Passed

Battle started: Graze Custom against Enemy Shield

jupiter

Shield card: ReZEL revealed and discarded

Battle ended

Kiraya

Hyakuren deployed

Turn end phase started

jupiter

Passed

Kiraya

Passed

Turn ended!

Turn 7 started!

jupiter

Gundam deployed

Linked pilot: Amuro Ray on unit Gundam

Selecting target for Amuro Ray

Rested unit: Hyakuren

Battle initiated

jupiter

Battle declared: Jegan against Hyakuren

Kiraya

No blockers available

Action step

Kiraya

Passed

jupiter

Passed

Battle started: Jegan against Hyakuren

Kiraya

Hyakuren received 3 damage, now destroyed

jupiter

Jegan received 4 damage, now destroyed

Battle ended

Battle initiated

jupiter

Battle declared: Kayra's Re-GZ against M1 Astray (Shrike)

Kiraya

No blockers available

Action step

Kiraya

Passed

jupiter

Passed

Battle started: Kayra's Re-GZ against M1 Astray (Shrike)

Kiraya

M1 Astray (Shrike) received 4 damage, now destroyed

jupiter

Kayra's Re-GZ received 1 damage, leaving 2 HP remaining

Battle ended

Battle initiated

jupiter

Battle declared: Gundam against Graze Custom

Kiraya

No blockers available

Action step

Kiraya

Passed

jupiter

Passed

Battle started: Gundam against Graze Custom

Kiraya

Graze Custom received 6 damage, now destroyed

jupiter

Gundam received 2 damage, leaving 3 HP remaining

Battle ended

Turn end phase started

Kiraya

Passed

jupiter

Passed

Gundam repaired 2 from [Repair 2]

Turn ended!

Turn 8 started!

Kiraya

Gundam Barbatos 1st Form deployed

Linked pilot: Mikazuki Augus on unit Gundam Barbatos 1st Form

Selecting target for Mikazuki Augus

Mikazuki Augus: Dealt 1 damage to: Gundam Barbatos 1st Form and Kayra's Re-GZ

Battle initiated

Kiraya

Battle declared: Gundam Barbatos 1st Form against Enemy Player

Gundam Barbatos 1st Form: Draw a card

jupiter

No blockers available

Action step

jupiter

Passed

Kiraya

Passed

Battle started: Gundam Barbatos 1st Form against Enemy Shield

jupiter

Shield card: Gundam revealed and discarded

Battle ended

Turn end phase started

jupiter

Passed

Kiraya

Passed

Turn ended!

Turn 9 started!

Battle initiated

jupiter

Battle declared: Kayra's Re-GZ against Gundam Barbatos 1st Form

Kiraya

No blockers available

Action step

Kiraya

Passed

jupiter

Passed

Battle started: Kayra's Re-GZ against Gundam Barbatos 1st Form

Kiraya

Gundam Barbatos 1st Form received 4 damage, now destroyed

jupiter

Kayra's Re-GZ received 5 damage, now destroyed

Battle ended

jupiter

Re-GZ deployed

Rick Dom deployed

Turn end phase started

Kiraya

Passed

jupiter

Passed

Turn ended!

Turn 10 started!

Kiraya

Played command: Widespread Annihilation

Widespread Annihilation: destroyed Gundam, Re-GZ and Rick Dom

jupiter

Selecting target for Re-GZ

Card added to hand: Kayra's Re-GZ

Turn end phase started

jupiter

Passed

Kiraya

Passed

Turn ended!

Turn 11 started!

jupiter

Kayra's Re-GZ deployed

Selecting target for Kayra's Re-GZ

Returned to deck top

Turn end phase started

Kiraya

Passed

jupiter

Passed

Turn ended!

Turn 12 started!

Kiraya

Strike Rouge (Ootori) deployed

Strike Rouge (Ootori) deployed

Turn end phase started

jupiter

Passed

Kiraya

Passed

Turn ended!

Turn 13 started!

jupiter

Nu Gundam deployed

Linked pilot: Amuro Ray on unit Nu Gundam

Selecting target for Nu Gundam

Jegan, Jegan and Re-GZ exiled from the game

Selecting target for Nu Gundam

Battle started: Nu Gundam against Strike Rouge (Ootori)

Kiraya

Strike Rouge (Ootori) received 7 damage, now destroyed

jupiter

Nu Gundam received 3 damage, leaving 4 HP remaining

Kiraya

Breach 5: : EX Base received 5 damage, now destroyed

jupiter

Healed 2 damage to: Nu Gundam

Battle ended

Battle initiated

jupiter

Battle declared: Kayra's Re-GZ against Enemy Player

Kiraya

Assigned Strike Rouge (Ootori) to block

Action step

Kiraya

Passed

jupiter

Passed

Battle started: Kayra's Re-GZ against Strike Rouge (Ootori)

Kiraya

Strike Rouge (Ootori) received 3 damage, leaving 1 HP remaining

jupiter

Kayra's Re-GZ received 3 damage, now destroyed

Battle ended

jupiter

Guntank deployed

Selecting target for Guntank

Guntank: Dealt 1 damage to Strike Rouge (Ootori), now destroyed

Turn end phase started

Kiraya

Passed

jupiter

Passed

Turn ended!

Turn 14 started!

Kiraya

Gundam Barbatos Lupus deployed

Activated: Gundam Barbatos Lupus

Graze Custom, Hyakuren and Gundam Barbatos 1st Form exiled from the game

Selecting target for Gundam Barbatos Lupus

Gundam Barbatos Lupus: Dealt 2 damage to Guntank, now destroyed

Turn end phase started

jupiter

Passed

Kiraya

Passed

Turn ended!

Turn 15 started!

jupiter

Nu Gundam deployed

Gundam deployed

Turn end phase started

Kiraya

Passed

jupiter

Passed

Turn ended!

Turn 16 started!

Kiraya

Gundam Barbatos 1st Form deployed

Gundam Gusion Rebake deployed

Selecting target for Gundam Gusion Rebake

Gundam Gusion Rebake: Dealt 1 damage to: Gundam Barbatos 1st Form and Nu Gundam

Battle initiated

Kiraya

Battle declared: Gundam Barbatos Lupus against Enemy Player

jupiter

No blockers available

Action step

jupiter

Passed

Kiraya

Passed

Battle started: Gundam Barbatos Lupus against Enemy Shield

jupiter

Shield card: Corsica Base revealed

Played base: Corsica Base

Shield card added to hand

Battle ended

Kiraya

Gundam Exia Repair deployed

Turn end phase started

jupiter

Passed

Kiraya

Passed

Turn ended!

Turn 17 started!

Battle initiated

jupiter

Battle declared: Nu Gundam against Gundam Barbatos Lupus

Kiraya

Assigned no blocker

Action step

Kiraya

Passed

jupiter

Passed

Battle started: Nu Gundam against Gundam Barbatos Lupus

Kiraya

Gundam Barbatos Lupus received 7 damage, now destroyed

jupiter

Nu Gundam received 5 damage, now destroyed

Kiraya

Breach 5 Shield card: Gundam Barbatos 1st Form revealed and discarded

Battle ended

jupiter

Rick Dom deployed

Zaku Ⅱ deployed

Turn end phase started

Kiraya

Passed

jupiter

Passed

Turn ended!

Turn 18 started!

Battle initiated

Kiraya

Battle declared: Gundam Barbatos 1st Form against Enemy Player

Gundam Barbatos 1st Form: Draw a card

jupiter

No blockers available

Action step

jupiter

Passed

Kiraya

Passed

Battle started: Gundam Barbatos 1st Form against Corsica Base

jupiter

Corsica Base received 3 damage, leaving 2 HP remaining

Battle ended

Kiraya

Strike Freedom Gundam deployed

Selecting target for Strike Freedom Gundam

Strike Freedom Gundam: Modifier applied to: Gundam Exia Repair

Strike Freedom Gundam: Modifier applied to: Strike Freedom Gundam

Strike Freedom Gundam: chose Gundam Exia Repair and Strike Freedom Gundam

Battle initiated

Kiraya

Battle declared: Gundam Exia Repair against Enemy Player

jupiter

No blockers available

Action step

jupiter

Passed

Kiraya

Passed

Battle started: Gundam Exia Repair against Corsica Base

jupiter

Corsica Base received 2 damage, now destroyed

Kiraya

Strike Freedom Gundam: Draw a card

Battle ended

Kiraya

Linked pilot: Kira Yamato on unit Strike Freedom Gundam

Kira Yamato: Draw a card

Battle initiated

Kiraya

Battle declared: Strike Freedom Gundam against Enemy Player

Selecting target for Strike Freedom Gundam

Gundam Barbatos Adapt and Hyakuren discarded

Selecting target for Strike Freedom Gundam

jupiter

Zaku Ⅱ returned to deck

No blockers available

Action step

jupiter

Passed

Kiraya

Passed

Battle started: Strike Freedom Gundam against Enemy Shield

jupiter

Shield card: ReZEL revealed and discarded

Kiraya

Strike Freedom Gundam: Draw a card

Battle ended

Turn end phase started

jupiter

Passed

Kiraya

Passed

Turn ended!

Turn 19 started!

jupiter

Guntank deployed

Selecting target for Guntank

Guntank: Dealt 1 damage to Gundam Barbatos 1st Form, now destroyed

Battle initiated

jupiter

Battle declared: Rick Dom against Gundam Exia Repair

Kiraya

Assigned Gundam Gusion Rebake to block

Action step

Kiraya

Passed

jupiter

Passed

Battle started: Rick Dom against Gundam Gusion Rebake

Kiraya

Gundam Gusion Rebake received 3 damage, leaving 2 HP remaining

jupiter

Rick Dom received 3 damage, now destroyed

Battle ended

Battle initiated

jupiter

Battle declared: Gundam against Gundam Gusion Rebake

Kiraya

No blockers available

Action step

Kiraya

Passed

jupiter

Passed

Battle started: Gundam against Gundam Gusion Rebake

Kiraya

Gundam Gusion Rebake received 3 damage, now destroyed

jupiter

Gundam received 3 damage, leaving 1 HP remaining

Battle ended

Battle initiated

jupiter

Battle declared: Nu Gundam against Gundam Exia Repair

Kiraya

No blockers available

Action step

Kiraya

Passed

jupiter

Passed

Battle started: Nu Gundam against Gundam Exia Repair

Kiraya

Gundam Exia Repair received 5 damage, now destroyed

jupiter

Nu Gundam received 2 damage, leaving 3 HP remaining

Kiraya

Breach 5 Shield card: M1 Astray (Shrike) revealed and discarded

Gundam Exia Repair milled 2: Kira Yamato and Widespread Annihilation moved to trash

Battle ended

jupiter

Zaku Ⅱ deployed

Turn end phase started

Kiraya

Passed

jupiter

Passed

Gundam repaired 2 from [Repair 2]

Turn ended!

Turn 20 started!

Kiraya

Played base: Axis

Shield card added to hand

Battle initiated

Kiraya

Battle declared: Strike Freedom Gundam against Enemy Player

Selecting target for Strike Freedom Gundam

jupiter

No blockers available

Action step

jupiter

Passed

Kiraya

Passed

Battle started: Strike Freedom Gundam against Enemy Shield

jupiter

Shield card: ReZEL revealed and discarded

Battle ended

Kiraya

Gundam Gusion Rebake deployed

Selecting target for Gundam Gusion Rebake

Gundam Gusion Rebake: Dealt 1 damage to: Strike Freedom Gundam and Zaku Ⅱ

Paired pilot: Mikazuki Augus on unit Gundam Gusion Rebake

Selecting target for Mikazuki Augus

Mikazuki Augus: Dealt 1 damage to: Gundam Gusion Rebake and Zaku Ⅱ

Turn end phase started

jupiter

Passed

Kiraya

Passed

Turn ended!

Turn 21 started!

Battle initiated

jupiter

Battle declared: Gundam against Strike Freedom Gundam

Kiraya

Assigned no blocker

Action step

Kiraya

Passed

jupiter

Passed

Battle started: Gundam against Strike Freedom Gundam

Kiraya

Strike Freedom Gundam received 3 damage, leaving 4 HP remaining

jupiter

Gundam received 7 damage, now destroyed

Battle ended

Battle initiated

jupiter

Battle declared: Nu Gundam against Strike Freedom Gundam

Kiraya

Assigned Gundam Gusion Rebake to block

Action step

Kiraya

Passed

jupiter

Passed

Battle started: Nu Gundam against Gundam Gusion Rebake

Kiraya

Gundam Gusion Rebake received 5 damage, now destroyed

jupiter

Nu Gundam received 5 damage, now destroyed

Kiraya

Breach 5: : Axis received 5 damage, leaving 1 HP remaining

Battle ended

jupiter

Played base: Ra Cailum

No more Shield cards to add to hand

Turn end phase started

Kiraya

Passed

jupiter

Passed

Turn ended!

Turn 22 started!

Kiraya

Strike Freedom Gundam deployed

Selecting target for Strike Freedom Gundam

Strike Freedom Gundam: Modifier applied to: Strike Freedom Gundam

Strike Freedom Gundam: Modifier applied to: Strike Freedom Gundam

Strike Freedom Gundam: chose Strike Freedom Gundam and Strike Freedom Gundam

Winner!

Game ended!