Mobile Suit Arena - Battle logs
Game started!

Hope

Choose to play second

Kiraya

Choose to mulligan starting hand

Hope

Choose to mulligan starting hand

Turn 1 started!

Turn end phase started

Hope

Passed

Kiraya

Passed

Turn ended!

Turn 2 started!

Hope

Played command: Overflowing Affection

Overflowing Affection: Draw 2 cards

Selecting target for Overflowing Affection

Kira Yamato discarded

Turn end phase started

Kiraya

Passed

Hope

Passed

Turn ended!

Turn 3 started!

Kiraya

Graze Custom deployed

Turn end phase started

Hope

Passed

Kiraya

Passed

Turn ended!

Turn 4 started!

Hope

Replaced EX Base base: Mining Asteroid Palau

Shield card added to hand

Turn end phase started

Kiraya

Passed

Hope

Passed

Turn ended!

Turn 5 started!

Battle initiated

Kiraya

Battle declared: Graze Custom against Enemy Player

Hope

No blockers available

Action step

Hope

Passed

Kiraya

Passed

Battle started: Graze Custom against Mining Asteroid Palau

Hope

Mining Asteroid Palau received 2 damage, leaving 4 HP remaining

Battle ended

Turn end phase started

Hope

Passed

Kiraya

Passed

Turn ended!

Turn 6 started!

Hope

Gundam Lfrith deployed

Turn end phase started

Kiraya

Passed

Hope

Passed

Turn ended!

Turn 7 started!

Kiraya

Strike Rouge (Ootori) deployed

Replaced EX Base base: Axis

Shield card added to hand

Turn end phase started

Hope

Passed

Kiraya

Passed

Turn ended!

Turn 8 started!

Hope

Silver Bullet deployed

Turn end phase started

Kiraya

Passed

Hope

Passed

Turn ended!

Turn 9 started!

Kiraya

Strike Rouge (Ootori) deployed

Gundam Barbatos Adapt deployed

Selecting target for Gundam Barbatos Adapt

Gundam Barbatos Adapt: Dealt 1 damage to: Gundam Barbatos Adapt and Gundam Lfrith

Turn end phase started

Hope

Passed

Kiraya

Passed

Turn ended!

Turn 10 started!

Hope

GFreD deployed

Activated: GFreD

Kira Yamato exiled from the game

Rested 1 Resource

Dealt 1 damage to: Graze Custom, Strike Rouge (Ootori), Strike Rouge (Ootori) and Gundam Barbatos Adapt

Turn end phase started

Kiraya

Passed

Hope

Passed

Turn ended!

Turn 11 started!

Battle initiated

Kiraya

Battle declared: Graze Custom against Enemy Player

Hope

Assigned no blocker

Action step

Hope

Passed

Kiraya

Passed

Battle started: Graze Custom against Mining Asteroid Palau

Hope

Mining Asteroid Palau received 2 damage, leaving 2 HP remaining

Battle ended

Battle initiated

Kiraya

Battle declared: Gundam Barbatos Adapt against Enemy Player

Hope

Assigned no blocker

Action step

Hope

Passed

Kiraya

Passed

Battle started: Gundam Barbatos Adapt against Mining Asteroid Palau

Hope

Mining Asteroid Palau received 2 damage, now destroyed

Battle ended

Kiraya

Gundam Gusion Rebake deployed

Selecting target for Gundam Gusion Rebake

Gundam Gusion Rebake: Dealt 1 damage to: Strike Rouge (Ootori) and Gundam Lfrith

Turn end phase started

Hope

Passed

Kiraya

Passed

Turn ended!

Turn 12 started!

Hope

Played base: Mining Asteroid Palau

Shield card added to hand

Justice Gundam deployed

Fatum-00 deployed

Turn end phase started

Kiraya

Passed

Hope

Passed

Turn ended!

Turn 13 started!

Kiraya

Gundam Flauros (Ryusei-Go) deployed

Selecting target for Gundam Flauros (Ryusei-Go)

Battle initiated

Kiraya

Battle declared: Graze Custom against Enemy Player

Hope

Assigned no blocker

Action step

Hope

Passed

Kiraya

Passed

Battle started: Graze Custom against Mining Asteroid Palau

Hope

Mining Asteroid Palau received 2 damage, leaving 4 HP remaining

Battle ended

Battle initiated

Kiraya

Battle declared: Gundam Barbatos Adapt against Enemy Player

Hope

Assigned Gundam Lfrith to block

Action step

Hope

Passed

Kiraya

Passed

Battle started: Gundam Barbatos Adapt against Gundam Lfrith

Hope

Gundam Lfrith received 2 damage, now destroyed

Kiraya

Gundam Barbatos Adapt received 2 damage, now destroyed

Battle ended

Turn end phase started

Hope

Passed

Kiraya

Passed

Turn ended!

Turn 14 started!

Hope

GQuuuuuuX (Omega Psycommu) deployed

Selecting target for GQuuuuuuX (Omega Psycommu)

GQuuuuuuX (Omega Psycommu): Dealt 3 damage to Gundam Flauros (Ryusei-Go), now destroyed

Battle initiated

Hope

Battle declared: Justice Gundam against Enemy Player

Kiraya

Assigned no blocker

Action step

Kiraya

Passed

Hope

Passed

Battle started: Justice Gundam against Axis

Kiraya

Axis received 5 damage, leaving 1 HP remaining

Battle ended

Turn end phase started

Kiraya

Passed

Hope

Passed

Turn ended!

Turn 15 started!

Kiraya

Strike Freedom Gundam deployed

Selecting target for Strike Freedom Gundam

Strike Freedom Gundam: Modifier applied to: Strike Rouge (Ootori)

Strike Freedom Gundam: Modifier applied to: Strike Freedom Gundam

Strike Freedom Gundam: chose Strike Rouge (Ootori) and Strike Freedom Gundam

Linked pilot: Kira Yamato on unit Strike Freedom Gundam

Kira Yamato: Draw a card

Battle initiated

Kiraya

Battle declared: Strike Freedom Gundam against Enemy Player

Selecting target for Strike Freedom Gundam

Axis and M1 Astray (Shrike) discarded

Selecting target for Strike Freedom Gundam

Hope

Silver Bullet returned to deck

No blockers available

Action step

Hope

Passed

Kiraya

Passed

Battle started: Strike Freedom Gundam against Mining Asteroid Palau

Hope

Mining Asteroid Palau received 7 damage, now destroyed

Kiraya

Strike Freedom Gundam: Draw a card

Battle ended

Battle initiated

Kiraya

Battle declared: Strike Rouge (Ootori) against Enemy Player

Hope

No blockers available

Action step

Hope

Passed

Kiraya

Passed

Battle started: Strike Rouge (Ootori) against Enemy Shield

Hope

Shield card: Close Combat revealed

Shield card: Close Combat moved to trash

Selecting target for Close Combat

Close Combat: Dealt 2 damage to Graze Custom, now destroyed

Kiraya

Strike Freedom Gundam: Draw a card

Battle ended

Kiraya

Paired pilot: Mikazuki Augus on unit Strike Rouge (Ootori)

Selecting target for Mikazuki Augus

Mikazuki Augus: Dealt 1 damage to: Strike Rouge (Ootori) and GFreD

Battle initiated

Kiraya

Battle declared: Strike Rouge (Ootori) against Justice Gundam

Hope

No blockers available

Action step

Hope

Timeout 1

Passed

Kiraya

Passed

Battle started: Strike Rouge (Ootori) against Justice Gundam

Hope

Justice Gundam received 5 damage, now destroyed

Kiraya

Strike Rouge (Ootori) received 5 damage, now destroyed

Battle ended

Turn end phase started

Kiraya

Winner!

Game ended!