Mobile Suit Arena - Battle logs
Game started!

Yodayo

Choose to play first

Choose to mulligan starting hand

Kiraya

Choose to mulligan starting hand

Turn 1 started!

Yodayo

Played command: Airframe Seizure

Selecting target for Airframe Seizure

Argama discarded

Airframe Seizure: Draw 2 cards

Turn end phase started

Kiraya

Passed

Yodayo

Passed

Turn ended!

Turn 2 started!

Turn end phase started

Yodayo

Passed

Kiraya

Passed

Turn ended!

Turn 3 started!

Turn end phase started

Kiraya

Passed

Yodayo

Passed

Turn ended!

Turn 4 started!

Turn end phase started

Yodayo

Passed

Kiraya

Passed

Turn ended!

Turn 5 started!

Turn end phase started

Kiraya

Passed

Yodayo

Passed

Turn ended!

Turn 6 started!

Kiraya

Strike Rouge (Ootori) deployed

Turn end phase started

Yodayo

Passed

Kiraya

Passed

Turn ended!

Turn 7 started!

Yodayo

Played action: Shining Finger

Rested unit: Strike Rouge (Ootori)

Gundam Maxter deployed

Played command: Cyclone Punch

Cyclone Punch: Modifier applied to: Strike Rouge (Ootori)

Selecting target for Cyclone Punch

Linked pilot: Chibodee Crocket on unit Gundam Maxter

Battle initiated

Yodayo

Battle declared: Gundam Maxter against Strike Rouge (Ootori)

Selecting target for Cyclone Punch

Cyclone Punch: Modifier applied to: Strike Rouge (Ootori)

Kiraya

No blockers available

Action step

Kiraya

Passed

Yodayo

Passed

Battle started: Gundam Maxter against Strike Rouge (Ootori)

Kiraya

Strike Rouge (Ootori) received 4 damage, now destroyed

Yodayo

Gundam Maxter received 0 damage, leaving 3 HP remaining

Selecting target for Gundam Maxter

Battle ended

Turn end phase started

Kiraya

Passed

Yodayo

Passed

Turn ended!

Turn 8 started!

Kiraya

Gundam Flauros (Ryusei-Go) deployed

No targets for Gundam Flauros (Ryusei-Go)

Turn end phase started

Yodayo

Passed

Kiraya

Passed

Turn ended!

Turn 9 started!

Yodayo

Rising Gundam deployed

Played command: Cyclone Punch

Cyclone Punch: Modifier applied to: Gundam Flauros (Ryusei-Go)

Selecting target for Cyclone Punch

Linked pilot: Chibodee Crocket on unit Rising Gundam

Selecting target for Rising Gundam

Rested unit: Gundam Flauros (Ryusei-Go)

Battle initiated

Yodayo

Battle declared: Gundam Maxter against Gundam Flauros (Ryusei-Go)

Selecting target for Cyclone Punch

Cyclone Punch: Modifier applied to: Gundam Flauros (Ryusei-Go)

Kiraya

No blockers available

Action step

Kiraya

Passed

Yodayo

Passed

Battle started: Gundam Maxter against Gundam Flauros (Ryusei-Go)

Kiraya

Gundam Flauros (Ryusei-Go) received 4 damage, now destroyed

Yodayo

Gundam Maxter received 1 damage, leaving 2 HP remaining

Selecting target for Gundam Maxter

Battle ended

Battle initiated

Yodayo

Battle declared: Rising Gundam against Enemy Player

Kiraya

No blockers available

Action step

Kiraya

Passed

Yodayo

Passed

Battle started: Rising Gundam against EX Base

Kiraya

EX Base received 5 damage, now destroyed

Battle ended

Yodayo

Shining Gundam deployed

Turn end phase started

Kiraya

Passed

Yodayo

Passed

Turn ended!

Turn 10 started!

Kiraya

Played command: Widespread Annihilation

Widespread Annihilation: destroyed Gundam Maxter, Rising Gundam and Shining Gundam

Turn end phase started

Yodayo

Passed

Kiraya

Passed

Turn ended!

Turn 11 started!

Turn end phase started

Kiraya

Passed

Yodayo

Passed

Turn ended!

Turn 12 started!

Kiraya

Played base: Axis

Shield card added to hand

Gundam Barbatos 1st Form deployed

Graze Custom deployed

Turn end phase started

Yodayo

Passed

Kiraya

Passed

Turn ended!

Turn 13 started!

Yodayo

Master Gundam deployed

Played action: Darkness Finger

Darkness Finger: Dealt 2 damage to Gundam Barbatos 1st Form, now destroyed

Darkness Finger: Draw a card

Linked pilot: Master Asia on unit Master Gundam

Battle initiated

Yodayo

Battle declared: Master Gundam against Enemy Player

Selecting target for Master Gundam

Selecting target for Master Asia

Master Gundam: Dealt 2 damage to Graze Custom, now destroyed

Kiraya

No blockers available

Action step

Kiraya

Passed

Yodayo

Passed

Battle started: Master Gundam against Axis

Kiraya

Axis received 7 damage, now destroyed

Battle ended

Turn end phase started

Kiraya

Passed

Yodayo

Passed

Turn ended!

Turn 14 started!

Kiraya

Gundam Gusion Rebake deployed

Selecting target for Gundam Gusion Rebake

Gundam Gusion Rebake: Dealt 1 damage to: Gundam Gusion Rebake and Master Gundam

Gundam Barbatos Adapt deployed

Selecting target for Gundam Barbatos Adapt

Gundam Barbatos Adapt: Dealt 1 damage to: Gundam Barbatos Adapt and Master Gundam

Linked pilot: Mikazuki Augus on unit Gundam Barbatos Adapt

Selecting target for Mikazuki Augus

Mikazuki Augus: Dealt 1 damage to: Gundam Barbatos Adapt and Master Gundam

Battle initiated

Kiraya

Battle declared: Gundam Barbatos Adapt against Master Gundam

Yodayo

No blockers available

Action step

Yodayo

Passed

Kiraya

Passed

Battle started: Gundam Barbatos Adapt against Master Gundam

Yodayo

Master Gundam received 4 damage, now destroyed

Kiraya

Gundam Barbatos Adapt received 7 damage, now destroyed

Battle ended

Turn end phase started

Yodayo

Passed

Kiraya

Passed

Turn ended!

Turn 15 started!

Yodayo

Played command: Airframe Seizure

Selecting target for Airframe Seizure

Gundam Maxter discarded

Airframe Seizure: Draw 2 cards

Turn end phase started

Kiraya

Passed

Yodayo

Passed

Turn ended!

Turn 16 started!

Kiraya

Played base: Axis

Shield card added to hand

Battle initiated

Kiraya

Battle declared: Gundam Gusion Rebake against Enemy Player

Yodayo

No blockers available

Action step

Yodayo

Passed

Kiraya

Passed

Battle started: Gundam Gusion Rebake against EX Base

Yodayo

EX Base received 3 damage, now destroyed

Battle ended

Turn end phase started

Yodayo

Passed

Kiraya

Passed

Turn ended!

Turn 17 started!

Yodayo

Shining Gundam deployed

Turn end phase started

Kiraya

Passed

Yodayo

Passed

Turn ended!

Turn 18 started!

Kiraya

Gundam Barbatos 1st Form deployed

Gundam Gusion Rebake deployed

Selecting target for Gundam Gusion Rebake

Gundam Gusion Rebake: Dealt 1 damage to: Gundam Barbatos 1st Form and Shining Gundam

Battle initiated

Kiraya

Battle declared: Gundam Gusion Rebake against Enemy Player

Yodayo

No blockers available

Action step

Yodayo

Passed

Kiraya

Passed

Battle started: Gundam Gusion Rebake against Enemy Shield

Yodayo

Shield card: Airframe Seizure revealed and discarded

Battle ended

Kiraya

Paired pilot: Kira Yamato on unit Gundam Barbatos 1st Form

Turn end phase started

Yodayo

Passed

Kiraya

Passed

Turn ended!

Turn 19 started!

Yodayo

Played command: Overflowing Affection

Overflowing Affection: Draw 2 cards

Selecting target for Overflowing Affection

Domon Kasshu discarded

Paired pilot: Domon Kasshu on unit Shining Gundam

Domon Kasshu: Draw a card

Selecting target for Domon Kasshu

Shining Finger discarded

Selecting target for Domon Kasshu

Selecting target for Shining Finger

Rested unit: Gundam Barbatos 1st Form

Selecting target for Shining Finger

Shining Finger: Modifier applied to: Shining Gundam

Battle initiated

Yodayo

Battle declared: Shining Gundam against Gundam Barbatos 1st Form

Kiraya

Assigned Gundam Gusion Rebake to block

Action step

Kiraya

Passed

Yodayo

Played action: Darkness Finger

Darkness Finger: Dealt 2 damage to Gundam Gusion Rebake, leaving 3 HP remaining

Kiraya

Passed

Yodayo

Passed

Battle started: Shining Gundam against Gundam Gusion Rebake

Kiraya

Gundam Gusion Rebake received 4 damage, now destroyed

Yodayo

Damage prevented

Shining Gundam received 0 damage, leaving 2 HP remaining

Battle ended

Yodayo

Shining Gundam deployed

Selecting target for Shining Gundam

Master Gundam and Gundam Maxter exiled from the game

Selecting target for Shining Gundam

Darkness Finger returned to hand

Linked pilot: Domon Kasshu on unit Shining Gundam

Domon Kasshu: Draw a card

Selecting target for Domon Kasshu

Shining Finger discarded

Selecting target for Domon Kasshu

Selecting target for Shining Finger

Already rested unit: Gundam Barbatos 1st Form

Selecting target for Shining Finger

Shining Finger: Modifier applied to: Shining Gundam

Battle initiated

Yodayo

Battle declared: Shining Gundam against Gundam Barbatos 1st Form

Shining Gundam: 1 resource set as active

Kiraya

No blockers available

Action step

Kiraya

Passed

Yodayo

Passed

Battle started: Shining Gundam against Gundam Barbatos 1st Form

Kiraya

Gundam Barbatos 1st Form received 5 damage, now destroyed

Yodayo

Damage prevented

Shining Gundam received 0 damage, leaving 5 HP remaining

Battle ended

Turn end phase started

Kiraya

Passed

Yodayo

Passed

Turn ended!

Turn 20 started!

Battle initiated

Kiraya

Battle declared: Gundam Gusion Rebake against Shining Gundam

Yodayo

No blockers available

Action step

Yodayo

Passed

Kiraya

Passed

Battle started: Gundam Gusion Rebake against Shining Gundam

Yodayo

Shining Gundam received 3 damage, now destroyed

Kiraya

Gundam Gusion Rebake received 4 damage, now destroyed

Battle ended

Turn end phase started

Yodayo

Passed

Kiraya

Passed

Turn ended!

Turn 21 started!

Battle initiated

Yodayo

Battle declared: Shining Gundam against Enemy Player

Kiraya

No blockers available

Action step

Kiraya

Passed

Yodayo

Passed

Battle started: Shining Gundam against Axis

Kiraya

Axis received 5 damage, leaving 1 HP remaining

Battle ended

Yodayo

Gundam Maxter deployed

Turn end phase started

Kiraya

Passed

Yodayo

Passed

Turn ended!

Turn 22 started!

Kiraya

Gundam Barbatos Lupus deployed

Activated: Gundam Barbatos Lupus

Gundam Gusion Rebake, Gundam Barbatos 1st Form and Gundam Gusion Rebake exiled from the game

Selecting target for Gundam Barbatos Lupus

Gundam Barbatos Lupus: Dealt 2 damage to Shining Gundam, leaving 3 HP remaining

Activated: Gundam Barbatos Lupus

Gundam Flauros (Ryusei-Go), Graze Custom and Gundam Barbatos Adapt exiled from the game

Selecting target for Gundam Barbatos Lupus

Gundam Barbatos Lupus: Dealt 2 damage to Shining Gundam, leaving 1 HP remaining

Linked pilot: Mikazuki Augus on unit Gundam Barbatos Lupus

Selecting target for Mikazuki Augus

Mikazuki Augus: Dealt 1 damage to: Gundam Barbatos Lupus and Shining Gundam

Battle initiated

Kiraya

Battle declared: Gundam Barbatos Lupus against Enemy Player

Yodayo

No blockers available

Action step

Yodayo

Passed

Kiraya

Passed

Battle started: Gundam Barbatos Lupus against Enemy Shield

Yodayo

Shield card: Shining Gundam revealed and discarded

Battle ended

Turn end phase started

Yodayo

Passed

Kiraya

Passed

Turn ended!

Turn 23 started!

Yodayo

Master Gundam deployed

Played action: Darkness Finger

Darkness Finger: Dealt 2 damage to Gundam Barbatos Lupus, leaving 3 HP remaining

Darkness Finger: Draw a card

Battle initiated

Yodayo

Battle declared: Gundam Maxter against Gundam Barbatos Lupus

Kiraya

No blockers available

Action step

Kiraya

Passed

Yodayo

Passed

Battle started: Gundam Maxter against Gundam Barbatos Lupus

Kiraya

Gundam Barbatos Lupus received 3 damage, now destroyed

Yodayo

Gundam Maxter received 7 damage, now destroyed

Selecting target for Gundam Maxter

Card added to hand: Darkness Finger

Battle ended

Yodayo

Shining Gundam deployed

Turn end phase started

Kiraya

Passed

Yodayo

Passed

Turn ended!

Turn 24 started!

Kiraya

Gundam Exia Repair deployed

Replaced Axis base: Axis

Shield card added to hand

Turn end phase started

Yodayo

Played action: Darkness Finger

Darkness Finger: Dealt 2 damage to Gundam Exia Repair, now destroyed

Darkness Finger: Draw a card

Kiraya

Gundam Exia Repair milled 2: Strike Freedom Gundam and Gundam Barbatos Adapt moved to trash

Passed

Yodayo

Passed

Kiraya

Turn ended!

Turn 25 started!

Yodayo

Played command: Overflowing Affection

Overflowing Affection: Draw 2 cards

Selecting target for Overflowing Affection

Cyclone Punch discarded

Played base: Argama

Shield card added to hand

Battle initiated

Yodayo

Battle declared: Shining Gundam against Enemy Player

Kiraya

No blockers available

Action step

Kiraya

Passed

Yodayo

Passed

Battle started: Shining Gundam against Axis

Kiraya

Axis received 2 damage, leaving 4 HP remaining

Battle ended

Yodayo

Gundam Maxter deployed

Turn end phase started

Kiraya

Passed

Yodayo

Passed

Turn ended!

Turn 26 started!

Turn end phase started

Yodayo

Passed

Kiraya

Passed

Turn ended!

Turn 27 started!

Battle initiated

Yodayo

Battle declared: Master Gundam against Enemy Player

Selecting target for Master Gundam

Darkness Finger and Darkness Finger exiled from the game

Kiraya

Axis received 5 damage, now destroyed

No blockers available

Action step

Kiraya

Passed

Yodayo

Passed

Battle started: Master Gundam against Enemy Shield

Kiraya

Shield card: Hyakuren revealed and discarded

Battle ended

Battle initiated

Yodayo

Battle declared: Shining Gundam against Enemy Player

Kiraya

No blockers available

Action step

Kiraya

Passed

Yodayo

Passed

Battle started: Shining Gundam against Enemy Shield

Kiraya

Shield card: Strike Freedom Gundam revealed and discarded

Battle ended

Battle initiated

Yodayo

Battle declared: Gundam Maxter against Enemy Player

Kiraya

No blockers available

Action step

Kiraya

Passed

Yodayo

Passed

Battle started: Gundam Maxter against Enemy Shield

Kiraya

Shield card: Gundam Barbatos Lupus revealed and discarded

Battle ended

Yodayo

Rising Gundam deployed

Linked pilot: Master Asia on unit Rising Gundam

No targets for Rising Gundam

Battle initiated

Yodayo

Battle declared: Rising Gundam against Enemy Player

Kiraya

No blockers available

Action step

Kiraya

Passed

Yodayo

Passed

Battle started: Rising Gundam against Enemy Player

Kiraya

No more shields available, game is over!

Yodayo

Winner!

Game ended!