Mobile Suit Arena - Battle logs
Game started!

Kiraya

Choose to play second

KYPC

Choose to mulligan starting hand

Kiraya

Choose to keep starting hand

Turn 1 started!

Turn end phase started

Kiraya

Passed

KYPC

Passed

Turn ended!

Turn 2 started!

Kiraya

Graze Custom deployed

Turn end phase started

KYPC

Passed

Kiraya

Passed

Turn ended!

Turn 3 started!

KYPC

Played command: Overflowing Affection

Overflowing Affection: Draw 2 cards

Selecting target for Overflowing Affection

Master Gundam discarded

Turn end phase started

Kiraya

Passed

KYPC

Passed

Turn ended!

Turn 4 started!

Kiraya

Graze Custom deployed

Battle initiated

Kiraya

Battle declared: Graze Custom against Enemy Player

KYPC

No blockers available

Action step

KYPC

Passed

Kiraya

Passed

Battle started: Graze Custom against EX Base

KYPC

EX Base received 2 damage, leaving 1 HP remaining

Battle ended

Turn end phase started

KYPC

Passed

Kiraya

Passed

Turn ended!

Turn 5 started!

Turn end phase started

Kiraya

Passed

KYPC

Passed

Turn ended!

Turn 6 started!

Kiraya

Strike Rouge (Ootori) deployed

Battle initiated

Kiraya

Battle declared: Graze Custom against Enemy Player

KYPC

No blockers available

Action step

KYPC

Passed

Kiraya

Passed

Battle started: Graze Custom against EX Base

KYPC

EX Base received 2 damage, now destroyed

Battle ended

Battle initiated

Kiraya

Battle declared: Graze Custom against Enemy Player

KYPC

No blockers available

Action step

KYPC

Passed

Kiraya

Passed

Battle started: Graze Custom against Enemy Shield

KYPC

Shield card: Shining Gundam revealed and discarded

Battle ended

Turn end phase started

KYPC

Passed

Kiraya

Passed

Turn ended!

Turn 7 started!

KYPC

Rising Gundam deployed

Turn end phase started

Kiraya

Passed

KYPC

Passed

Turn ended!

Turn 8 started!

Battle initiated

Kiraya

Battle declared: Graze Custom against Enemy Player

KYPC

No blockers available

Action step

KYPC

Passed

Kiraya

Passed

Battle started: Graze Custom against Enemy Shield

KYPC

Shield card: Gundam Maxter revealed and discarded

Battle ended

Battle initiated

Kiraya

Battle declared: Graze Custom against Enemy Player

KYPC

No blockers available

Action step

KYPC

Played action: Darkness Finger

Darkness Finger: Dealt 2 damage to Graze Custom, now destroyed

Kiraya

Passed

KYPC

Passed

Battle ended

Kiraya

Gundam Barbatos 1st Form deployed

Linked pilot: Mikazuki Augus on unit Gundam Barbatos 1st Form

Selecting target for Mikazuki Augus

Mikazuki Augus: Dealt 1 damage to: Gundam Barbatos 1st Form and Rising Gundam

Battle initiated

Kiraya

Battle declared: Gundam Barbatos 1st Form against Enemy Player

Gundam Barbatos 1st Form: Draw a card

KYPC

No blockers available

Action step

KYPC

Passed

Kiraya

Passed

Battle started: Gundam Barbatos 1st Form against Enemy Shield

KYPC

Shield card: Master Asia revealed

Shield card: Master Asia moved to trash

Selecting target for Master Asia

Master Asia deployed

Battle ended

Kiraya

Graze Custom deployed

Turn end phase started

KYPC

Passed

Kiraya

Passed

Turn ended!

Turn 9 started!

Battle initiated

KYPC

Battle declared: Rising Gundam against Gundam Barbatos 1st Form

Kiraya

Assigned no blocker

Action step

Kiraya

Passed

KYPC

Passed

Battle started: Rising Gundam against Gundam Barbatos 1st Form

Kiraya

Gundam Barbatos 1st Form received 4 damage, now destroyed

KYPC

Rising Gundam received 5 damage, now destroyed

Battle ended

KYPC

Shining Gundam deployed

Selecting target for Shining Gundam

Shining Gundam and Gundam Maxter exiled from the game

Selecting target for Shining Gundam

Darkness Finger returned to hand

Played base: Argama

Shield card added to hand

Battle initiated

KYPC

Battle declared: Master Asia against Graze Custom

Kiraya

Assigned Strike Rouge (Ootori) to block

Action step

Kiraya

Passed

KYPC

Played action: Unforeseen Incident

Unforeseen Incident: Modifier applied to: Strike Rouge (Ootori)

Kiraya

Passed

KYPC

Passed

Battle started: Master Asia against Strike Rouge (Ootori)

Kiraya

Strike Rouge (Ootori) received 3 damage, leaving 1 HP remaining

KYPC

Master Asia received 0 damage, leaving 3 HP remaining

Battle ended

Turn end phase started

Kiraya

Passed

KYPC

Passed

Turn ended!

Turn 10 started!

Kiraya

Replaced EX Base base: Axis

Shield card added to hand

Linked pilot: Kira Yamato on unit Strike Rouge (Ootori)

Kira Yamato: Draw a card

Battle initiated

Kiraya

Battle declared: Strike Rouge (Ootori) against Enemy Player

KYPC

No blockers available

Action step

KYPC

Passed

Kiraya

Passed

Battle started: Strike Rouge (Ootori) against Argama

KYPC

Argama received 5 damage, now destroyed

Battle ended

Battle initiated

Kiraya

Battle declared: Graze Custom against Enemy Player

KYPC

No blockers available

Action step

KYPC

Passed

Kiraya

Passed

Battle started: Graze Custom against Enemy Shield

KYPC

Shield card: Haow Gundam revealed and discarded

Battle ended

Battle initiated

Kiraya

Battle declared: Graze Custom against Enemy Player

KYPC

No blockers available

Action step

KYPC

Passed

Kiraya

Passed

Battle started: Graze Custom against Enemy Shield

KYPC

Shield card: Overflowing Affection revealed and discarded

Battle ended

Kiraya

Strike Rouge (Ootori) deployed

Linked pilot: Kira Yamato on unit Strike Rouge (Ootori)

Kira Yamato: Draw a card

Battle initiated

Kiraya

Battle declared: Strike Rouge (Ootori) against Enemy Player

KYPC

No blockers available

Action step

Kiraya

Winner!

Game ended!