Mobile Suit Arena - Battle logs
Game started!

输了打老婆

Choose to play first

Kiraya

Choose to mulligan starting hand

输了打老婆

Choose to keep starting hand

Turn 1 started!

Turn end phase started

Kiraya

Passed

输了打老婆

Passed

Turn ended!

Turn 2 started!

Kiraya

Graze Custom deployed

Turn end phase started

输了打老婆

Passed

Kiraya

Passed

Turn ended!

Turn 3 started!

输了打老婆

Zaku Ⅱ deployed

Zaku Ⅱ deployed

Turn end phase started

Kiraya

Passed

输了打老婆

Passed

Turn ended!

Turn 4 started!

Battle initiated

Kiraya

Battle declared: Graze Custom against Enemy Player

输了打老婆

No blockers available

Action step

输了打老婆

Passed

Kiraya

Passed

Battle started: Graze Custom against EX Base

输了打老婆

EX Base received 2 damage, leaving 1 HP remaining

Battle ended

Kiraya

Graze Custom deployed

Graze Custom deployed

Turn end phase started

输了打老婆

Passed

Kiraya

Passed

Turn ended!

Turn 5 started!

Battle initiated

输了打老婆

Battle declared: Zaku Ⅱ against Enemy Player

Zaku Ⅱ: Modifier applied to: Zaku Ⅱ

Kiraya

No blockers available

Action step

Kiraya

Passed

输了打老婆

Passed

Battle started: Zaku Ⅱ against EX Base

Kiraya

EX Base received 3 damage, now destroyed

Battle ended

Battle initiated

输了打老婆

Battle declared: Zaku Ⅱ against Enemy Player

Zaku Ⅱ: Modifier applied to: Zaku Ⅱ

Kiraya

No blockers available

Action step

Kiraya

Passed

输了打老婆

Passed

Battle started: Zaku Ⅱ against Enemy Shield

Kiraya

Shield card: Mikazuki Augus revealed

Shield card added to hand: Mikazuki Augus

Battle ended

输了打老婆

Rick Dom deployed

Replaced EX Base base: Ra Cailum

Shield card added to hand

Turn end phase started

Kiraya

Passed

输了打老婆

Passed

Turn ended!

Turn 6 started!

Kiraya

Gundam Barbatos 1st Form deployed

Linked pilot: Mikazuki Augus on unit Gundam Barbatos 1st Form

Selecting target for Mikazuki Augus

Mikazuki Augus: Dealt 1 damage to: Gundam Barbatos 1st Form and Zaku Ⅱ

M1 Astray (Shrike) deployed

Selecting target for M1 Astray (Shrike)

M1 Astray (Shrike): Dealt 1 damage to Zaku Ⅱ, now destroyed

Battle initiated

Kiraya

Battle declared: Graze Custom against Zaku Ⅱ

输了打老婆

No blockers available

Action step

输了打老婆

Passed

Kiraya

Passed

Battle started: Graze Custom against Zaku Ⅱ

输了打老婆

Zaku Ⅱ received 2 damage, now destroyed

Kiraya

Graze Custom received 1 damage, leaving 1 HP remaining

Battle ended

Battle initiated

Kiraya

Battle declared: Gundam Barbatos 1st Form against Enemy Player

Gundam Barbatos 1st Form: Draw a card

输了打老婆

No blockers available

Action step

输了打老婆

Passed

Kiraya

Passed

Battle started: Gundam Barbatos 1st Form against Ra Cailum

输了打老婆

Ra Cailum received 5 damage, now destroyed

Battle ended

Battle initiated

Kiraya

Battle declared: Graze Custom against Enemy Player

输了打老婆

No blockers available

Action step

输了打老婆

Passed

Kiraya

Passed

Battle started: Graze Custom against Enemy Shield

输了打老婆

Shield card: Jegan revealed and discarded

Battle ended

Battle initiated

Kiraya

Battle declared: Graze Custom against Enemy Player

输了打老婆

No blockers available

Action step

输了打老婆

Passed

Kiraya

Passed

Battle started: Graze Custom against Enemy Shield

输了打老婆

Shield card: Ra Cailum revealed

Played base: Ra Cailum

Shield card added to hand

Battle ended

Turn end phase started

输了打老婆

Passed

Kiraya

Passed

Turn ended!

Turn 7 started!

Battle initiated

输了打老婆

Battle declared: Rick Dom against Gundam Barbatos 1st Form

Kiraya

No blockers available

Action step

Kiraya

Passed

输了打老婆

Passed

Battle started: Rick Dom against Gundam Barbatos 1st Form

Kiraya

Gundam Barbatos 1st Form received 3 damage, now destroyed

输了打老婆

Rick Dom received 5 damage, now destroyed

Kiraya

Breach 2 Shield card: Mikazuki Augus revealed

Shield card added to hand: Mikazuki Augus

Battle ended

输了打老婆

Graham's Union Flag Custom deployed

Linked pilot: Graham Aker on unit Graham's Union Flag Custom

Battle initiated

输了打老婆

Battle declared: Graham's Union Flag Custom against Graze Custom

Kiraya

Can't block High-maneuver

Action step

Kiraya

Passed

输了打老婆

Passed

Battle started: Graham's Union Flag Custom against Graze Custom

Kiraya

Graze Custom received 6 damage, now destroyed

输了打老婆

Graham's Union Flag Custom received 2 damage, leaving 1 HP remaining

Battle ended

Turn end phase started

Kiraya

Passed

输了打老婆

Passed

Set Active: Graham's Union Flag Custom

Selecting target for Graham Aker

Graze Custom returned to hand

Turn ended!

Turn 8 started!

Kiraya

Gundam Barbatos 1st Form deployed

Linked pilot: Mikazuki Augus on unit Gundam Barbatos 1st Form

Selecting target for Mikazuki Augus

Mikazuki Augus: Dealt 1 damage to: Gundam Barbatos 1st Form and Graham's Union Flag Custom

Battle initiated

Kiraya

Battle declared: Gundam Barbatos 1st Form against Enemy Player

Gundam Barbatos 1st Form: Draw a card

输了打老婆

No blockers available

Action step

输了打老婆

Passed

Kiraya

Passed

Battle started: Gundam Barbatos 1st Form against Ra Cailum

输了打老婆

Ra Cailum received 5 damage, now destroyed

Battle ended

Battle initiated

Kiraya

Battle declared: M1 Astray (Shrike) against Enemy Player

输了打老婆

No blockers available

Action step

输了打老婆

Passed

Kiraya

Passed

Battle started: M1 Astray (Shrike) against Enemy Shield

输了打老婆

Shield card: Rick Dom revealed and discarded

Battle ended

Battle initiated

Kiraya

Battle declared: Graze Custom against Enemy Player

输了打老婆

No blockers available

Action step

输了打老婆

Passed

Kiraya

Passed

Battle started: Graze Custom against Enemy Shield

输了打老婆

Shield card: Jegan revealed and discarded

Battle ended

Kiraya

Played base: Axis

Shield card added to hand

Turn end phase started

输了打老婆

Passed

Kiraya

Passed

Turn ended!

Turn 9 started!

输了打老婆

Nu Gundam deployed

Placed 1 Resource EX

Linked pilot: Amuro Ray on unit Nu Gundam

Battle initiated

输了打老婆

Battle declared: Nu Gundam against Gundam Barbatos 1st Form

Kiraya

No blockers available

Action step

Kiraya

Passed

Winner!

Game ended!