Mobile Suit Arena - Battle logs
Game started!

キリトガンダム

Choose to play first

Choose to mulligan starting hand

Kiraya

Choose to keep starting hand

Turn 1 started!

Turn end phase started

Kiraya

Passed

キリトガンダム

Passed

Turn ended!

Turn 2 started!

Kiraya

Graze Custom deployed

Turn end phase started

キリトガンダム

Passed

Kiraya

Passed

Turn ended!

Turn 3 started!

キリトガンダム

Zaku Ⅱ deployed

Turn end phase started

Kiraya

Passed

キリトガンダム

Passed

Turn ended!

Turn 4 started!

Kiraya

Gundam Barbatos 1st Form deployed

Battle initiated

Kiraya

Battle declared: Graze Custom against Enemy Player

キリトガンダム

No blockers available

Action step

キリトガンダム

Passed

Kiraya

Passed

Battle started: Graze Custom against EX Base

キリトガンダム

EX Base received 2 damage, leaving 1 HP remaining

Battle ended

Turn end phase started

キリトガンダム

Passed

Kiraya

Passed

Turn ended!

Turn 5 started!

キリトガンダム

ReZEL deployed

Jegan deployed

Turn end phase started

Kiraya

Passed

キリトガンダム

Passed

Turn ended!

Turn 6 started!

Kiraya

Gundam Barbatos Adapt deployed

Selecting target for Gundam Barbatos Adapt

Gundam Barbatos Adapt: Dealt 1 damage to: Gundam Barbatos 1st Form and Zaku Ⅱ

Linked pilot: Mikazuki Augus on unit Gundam Barbatos 1st Form

Selecting target for Mikazuki Augus

Mikazuki Augus: Dealt 1 damage to: Gundam Barbatos Adapt and Zaku Ⅱ

Battle initiated

Kiraya

Battle declared: Graze Custom against Enemy Player

キリトガンダム

No blockers available

Action step

キリトガンダム

Passed

Kiraya

Passed

Battle started: Graze Custom against EX Base

キリトガンダム

EX Base received 2 damage, now destroyed

Battle ended

Battle initiated

Kiraya

Battle declared: Gundam Barbatos 1st Form against Enemy Player

Gundam Barbatos 1st Form: Draw a card

キリトガンダム

No blockers available

Action step

キリトガンダム

Passed

Kiraya

Passed

Battle started: Gundam Barbatos 1st Form against Enemy Shield

キリトガンダム

Shield card: Gundam NT-1 revealed and discarded

Battle ended

Turn end phase started

キリトガンダム

Passed

Kiraya

Passed

Turn ended!

Turn 7 started!

キリトガンダム

Played base: Ra Cailum

Shield card added to hand

Battle initiated

キリトガンダム

Battle declared: Jegan against Gundam Barbatos 1st Form

Kiraya

No blockers available

Action step

Kiraya

Passed

キリトガンダム

Passed

Battle started: Jegan against Gundam Barbatos 1st Form

Kiraya

Gundam Barbatos 1st Form received 2 damage, now destroyed

キリトガンダム

Jegan received 5 damage, now destroyed

Battle ended

Battle initiated

キリトガンダム

Battle declared: ReZEL against Graze Custom

Kiraya

No blockers available

Action step

Kiraya

Passed

キリトガンダム

Passed

Battle started: ReZEL against Graze Custom

Kiraya

Graze Custom received 4 damage, now destroyed

キリトガンダム

ReZEL received 2 damage, leaving 1 HP remaining

Battle ended

キリトガンダム

Rick Dom deployed

Turn end phase started

Kiraya

Passed

キリトガンダム

Passed

Turn ended!

Turn 8 started!

Kiraya

M1 Astray (Shrike) deployed

Selecting target for M1 Astray (Shrike)

M1 Astray (Shrike): Dealt 1 damage to ReZEL, now destroyed

Battle initiated

Kiraya

Battle declared: Gundam Barbatos Adapt against Enemy Player

キリトガンダム

No blockers available

Action step

キリトガンダム

Passed

Kiraya

Passed

Battle started: Gundam Barbatos Adapt against Ra Cailum

キリトガンダム

Ra Cailum received 2 damage, leaving 3 HP remaining

Battle ended

Kiraya

Gundam Exia Repair deployed

Turn end phase started

キリトガンダム

Passed

Kiraya

Passed

Turn ended!

Turn 9 started!

キリトガンダム

Re-GZ deployed

Linked pilot: Amuro Ray on unit Re-GZ

Selecting target for Amuro Ray

Rested unit: M1 Astray (Shrike)

Battle initiated

キリトガンダム

Battle declared: Re-GZ against M1 Astray (Shrike)

Kiraya

No blockers available

Action step

Kiraya

Passed

キリトガンダム

Passed

Battle started: Re-GZ against M1 Astray (Shrike)

Kiraya

M1 Astray (Shrike) received 6 damage, now destroyed

キリトガンダム

Re-GZ received 1 damage, leaving 2 HP remaining

Battle ended

Battle initiated

キリトガンダム

Battle declared: Rick Dom against Gundam Barbatos Adapt

Kiraya

No blockers available

Action step

Kiraya

Passed

キリトガンダム

Passed

Battle started: Rick Dom against Gundam Barbatos Adapt

Kiraya

Gundam Barbatos Adapt received 3 damage, now destroyed

キリトガンダム

Rick Dom received 2 damage, leaving 1 HP remaining

Kiraya

Breach 2: : EX Base received 2 damage, leaving 1 HP remaining

Battle ended

Turn end phase started

Kiraya

Passed

キリトガンダム

Passed

Turn ended!

Turn 10 started!

Kiraya

M1 Astray (Shrike) deployed

Selecting target for M1 Astray (Shrike)

M1 Astray (Shrike): Dealt 1 damage to Rick Dom, now destroyed

Battle initiated

Kiraya

Battle declared: Gundam Exia Repair against Re-GZ

キリトガンダム

No blockers available

Action step

キリトガンダム

Passed

Kiraya

Passed

Battle started: Gundam Exia Repair against Re-GZ

キリトガンダム

Re-GZ received 2 damage, now destroyed

Kiraya

Gundam Exia Repair received 6 damage, now destroyed

Gundam Exia Repair milled 2: Kira Yamato and Gundam Exia Repair moved to trash

キリトガンダム

Selecting target for Re-GZ

Card added to hand: Nu Gundam

Battle ended

Turn end phase started

キリトガンダム

Passed

Kiraya

Passed

Turn ended!

Turn 11 started!

Turn end phase started

Kiraya

Passed

キリトガンダム

Passed

Turn ended!

Turn 12 started!

Battle initiated

Kiraya

Battle declared: M1 Astray (Shrike) against Enemy Player

キリトガンダム

No blockers available

Action step

キリトガンダム

Passed

Kiraya

Passed

Battle started: M1 Astray (Shrike) against Ra Cailum

キリトガンダム

Ra Cailum received 1 damage, leaving 2 HP remaining

Battle ended

Kiraya

Gundam Barbatos Lupus deployed

Turn end phase started

キリトガンダム

Passed

Kiraya

Passed

Turn ended!

Turn 13 started!

キリトガンダム

Guntank deployed

Selecting target for Guntank

Guntank: Dealt 1 damage to M1 Astray (Shrike), leaving 1 HP remaining

Guntank deployed

Selecting target for Guntank

Guntank: Dealt 1 damage to M1 Astray (Shrike), now destroyed

Nu Gundam deployed

Turn end phase started

Kiraya

Passed

キリトガンダム

Passed

Turn ended!

Turn 14 started!

Kiraya

Played command: Widespread Annihilation

Widespread Annihilation: destroyed Guntank and Guntank

Battle initiated

Kiraya

Battle declared: Gundam Barbatos Lupus against Enemy Player

キリトガンダム

No blockers available

Action step

キリトガンダム

Passed

Kiraya

Passed

Battle started: Gundam Barbatos Lupus against Ra Cailum

キリトガンダム

Ra Cailum received 5 damage, now destroyed

Battle ended

Kiraya

Gundam Barbatos Adapt deployed

Selecting target for Gundam Barbatos Adapt

Gundam Barbatos Adapt: Dealt 1 damage to: Gundam Barbatos Adapt and Nu Gundam

Activated: Gundam Barbatos Lupus

Gundam Barbatos 1st Form, Graze Custom and Gundam Barbatos Adapt exiled from the game

Selecting target for Gundam Barbatos Lupus

Gundam Barbatos Lupus: Dealt 2 damage to Nu Gundam, leaving 2 HP remaining

Turn end phase started

キリトガンダム

Passed

Kiraya

Passed

Turn ended!

Turn 15 started!

キリトガンダム

Played base: Ra Cailum

Shield card added to hand

Nu Gundam deployed

Activated: Ra Cailum

Rested base: Ra Cailum

Ra Cailum: Modifier applied to: Nu Gundam

Linked pilot: Amuro Ray on unit Nu Gundam

Selecting target for Amuro Ray

Rested unit: Gundam Barbatos Adapt

Selecting target for Nu Gundam

Jegan, Re-GZ and Ra Cailum exiled from the game

Selecting target for Nu Gundam

Battle started: Nu Gundam against Gundam Barbatos Lupus

Kiraya

Gundam Barbatos Lupus received 7 damage, now destroyed

キリトガンダム

Nu Gundam received 5 damage, reduced by 1, leaving 2 HP remaining

Kiraya

Breach 5: : EX Base received 5 damage, now destroyed

Battle ended

Battle initiated

キリトガンダム

Battle declared: Nu Gundam against Gundam Barbatos Adapt

Kiraya

No blockers available

Action step

Kiraya

Passed

キリトガンダム

Passed

Battle started: Nu Gundam against Gundam Barbatos Adapt

Kiraya

Gundam Barbatos Adapt received 7 damage, now destroyed

キリトガンダム

Nu Gundam received 2 damage, reduced by 1, leaving 1 HP remaining

Kiraya

Breach 5 Shield card: Gundam Barbatos 1st Form revealed and discarded

Battle ended

Battle initiated

キリトガンダム

Battle declared: Nu Gundam against Enemy Player

Kiraya

No blockers available

Action step

Kiraya

Passed

キリトガンダム

Passed

Battle started: Nu Gundam against Enemy Shield

Kiraya

Shield card: Axis revealed

Played base: Axis

Shield card added to hand

Battle ended

キリトガンダム

Jegan deployed

Turn end phase started

Kiraya

Passed

キリトガンダム

Passed

Turn ended!

Turn 16 started!

Kiraya

Strike Rouge (Ootori) deployed

Graze Custom deployed

Turn end phase started

キリトガンダム

Passed

Kiraya

Passed

Turn ended!

Turn 17 started!

Battle initiated

キリトガンダム

Battle declared: Nu Gundam against Enemy Player

Kiraya

Assigned Strike Rouge (Ootori) to block

Action step

Kiraya

Passed

キリトガンダム

Passed

Battle started: Nu Gundam against Strike Rouge (Ootori)

Kiraya

Strike Rouge (Ootori) received 7 damage, now destroyed

キリトガンダム

Nu Gundam received 3 damage, now destroyed

Battle ended

Battle initiated

キリトガンダム

Battle declared: Jegan against Enemy Player

Kiraya

No blockers available

Action step

キリトガンダム

Passed

Kiraya

Passed

Battle started: Jegan against Axis

Kiraya

Axis received 2 damage, now destroyed

Battle ended

キリトガンダム

Rick Dom deployed

Turn end phase started

Kiraya

Passed

キリトガンダム

Passed

Turn ended!

Turn 18 started!

Battle initiated

Kiraya

Battle declared: Graze Custom against Enemy Player

キリトガンダム

No blockers available

Action step

キリトガンダム

Passed

Kiraya

Passed

Battle started: Graze Custom against Ra Cailum

キリトガンダム

Ra Cailum received 2 damage, leaving 3 HP remaining

Battle ended

Kiraya

Played command: Widespread Annihilation

Widespread Annihilation: destroyed Jegan, Rick Dom and Graze Custom

Hyakuren deployed

Turn end phase started

キリトガンダム

Passed

Kiraya

Passed

Turn ended!

Turn 19 started!

キリトガンダム

Zaku Ⅱ deployed

Jegan deployed

Turn end phase started

Kiraya

Passed

キリトガンダム

Passed

Turn ended!

Turn 20 started!

Kiraya

Strike Freedom Gundam deployed

Selecting target for Strike Freedom Gundam

Strike Freedom Gundam: Modifier applied to: Hyakuren

Strike Freedom Gundam: Modifier applied to: Strike Freedom Gundam

Strike Freedom Gundam: chose Hyakuren and Strike Freedom Gundam

Battle initiated

Kiraya

Battle declared: Hyakuren against Enemy Player

キリトガンダム

No blockers available

Action step

キリトガンダム

Passed

Kiraya

Passed

Battle started: Hyakuren against Ra Cailum

キリトガンダム

Ra Cailum received 4 damage, now destroyed

Kiraya

Strike Freedom Gundam: Draw a card

Battle ended

Kiraya

Linked pilot: Kira Yamato on unit Strike Freedom Gundam

Kira Yamato: Draw a card

Battle initiated

Kiraya

Battle declared: Strike Freedom Gundam against Enemy Player

Selecting target for Strike Freedom Gundam

キリトガンダム

No blockers available

Action step

キリトガンダム

Passed

Kiraya

Passed

Battle started: Strike Freedom Gundam against Enemy Shield

キリトガンダム

Shield card: ReZEL revealed and discarded

Kiraya

Strike Freedom Gundam: Draw a card

Battle ended

Kiraya

Strike Rouge (Ootori) deployed

Turn end phase started

キリトガンダム

Passed

Kiraya

Passed

Turn ended!

Turn 21 started!

キリトガンダム

Played base: Corsica Base

Shield card added to hand

Tallgeese deployed

Battle initiated

キリトガンダム

Battle declared: Nu Gundam against Hyakuren

Kiraya

Assigned no blocker

Action step

Kiraya

Passed

キリトガンダム

Passed

Battle started: Nu Gundam against Hyakuren

Kiraya

Hyakuren received 5 damage, now destroyed

キリトガンダム

Nu Gundam received 4 damage, now destroyed

Kiraya

Breach 5 Shield card: Gundam Barbatos Lupus revealed and discarded

Battle ended

キリトガンダム

ReZEL deployed

Jegan deployed

Turn end phase started

Kiraya

Passed

キリトガンダム

Passed

Turn ended!

Turn 22 started!

Kiraya

Gundam Flauros (Ryusei-Go) deployed

Selecting target for Gundam Flauros (Ryusei-Go)

Battle initiated

Kiraya

Battle declared: Strike Freedom Gundam against Enemy Player

Selecting target for Strike Freedom Gundam

Gundam Barbatos 1st Form and Hyakuren discarded

Selecting target for Strike Freedom Gundam

キリトガンダム

Zaku Ⅱ returned to deck

No blockers available

Action step

キリトガンダム

Passed

Kiraya

Passed

Battle started: Strike Freedom Gundam against Corsica Base

キリトガンダム

Corsica Base received 7 damage, now destroyed

Battle ended

Turn end phase started

キリトガンダム

Passed

Kiraya

Passed

Turn ended!

Turn 23 started!

Battle initiated

キリトガンダム

Battle declared: Jegan against Enemy Player

Kiraya

Assigned no blocker

Action step

Kiraya

Passed

キリトガンダム

Passed

Battle started: Jegan against Enemy Shield

Kiraya

Shield card: Mikazuki Augus revealed

Shield card added to hand: Mikazuki Augus

Battle ended

Battle initiated

キリトガンダム

Battle declared: Jegan against Enemy Player

Kiraya

Assigned no blocker

Action step

キリトガンダム

Passed

Kiraya

Passed

Battle started: Jegan against Enemy Shield

Kiraya

Shield card: Graze Custom revealed and discarded

Battle ended

Kiraya

Winner!

Game ended!