Mobile Suit Arena - Battle logs
Game started!

JayTee

Choose to play second

Kiraya

Choose to keep starting hand

JayTee

Choose to keep starting hand

Turn 1 started!

Turn end phase started

JayTee

Passed

Kiraya

Passed

Turn ended!

Turn 2 started!

Turn end phase started

Kiraya

Passed

JayTee

Passed

Turn ended!

Turn 3 started!

Kiraya

Graze Custom deployed

Gundam Exia Repair deployed

Turn end phase started

JayTee

Passed

Kiraya

Passed

Turn ended!

Turn 4 started!

JayTee

Rick Dias deployed

Turn end phase started

Kiraya

Passed

JayTee

Passed

Turn ended!

Turn 5 started!

Kiraya

Hyakuren deployed

Gundam Exia Repair deployed

Battle initiated

Kiraya

Battle declared: Gundam Exia Repair against Enemy Player

JayTee

Assigned no blocker

Action step

JayTee

Passed

Kiraya

Passed

Battle started: Gundam Exia Repair against EX Base

JayTee

EX Base received 2 damage, leaving 1 HP remaining

Battle ended

Turn end phase started

JayTee

Passed

Kiraya

Passed

Turn ended!

Turn 6 started!

JayTee

Replaced EX Base base: Corsica Base

Shield card added to hand

Tallgeese deployed

Turn end phase started

Kiraya

Passed

JayTee

Passed

Turn ended!

Turn 7 started!

Battle initiated

Kiraya

Battle declared: Gundam Exia Repair against Enemy Player

JayTee

Assigned no blocker

Action step

JayTee

Passed

Kiraya

Passed

Battle started: Gundam Exia Repair against Corsica Base

JayTee

Corsica Base received 2 damage, leaving 3 HP remaining

Battle ended

Battle initiated

Kiraya

Battle declared: Gundam Exia Repair against Enemy Player

JayTee

Assigned no blocker

Action step

JayTee

Passed

Kiraya

Passed

Battle started: Gundam Exia Repair against Corsica Base

JayTee

Corsica Base received 2 damage, leaving 1 HP remaining

Battle ended

Kiraya

Hyakuren deployed

Replaced EX Base base: Axis

Shield card added to hand

Turn end phase started

JayTee

Passed

Kiraya

Passed

Turn ended!

Turn 8 started!

Battle initiated

JayTee

Battle declared: Tallgeese against Gundam Exia Repair

Kiraya

No blockers available

Action step

Kiraya

Passed

JayTee

Passed

Battle started: Tallgeese against Gundam Exia Repair

Kiraya

Gundam Exia Repair received 4 damage, now destroyed

JayTee

Tallgeese received 2 damage, now destroyed

Kiraya

Gundam Exia Repair milled 2: Kira Yamato and Gundam Gusion Rebake moved to trash

Battle ended

JayTee

Full Armor Unicorn Gundam (Unicorn Mode) deployed

Linked pilot: Banagher Links on unit Full Armor Unicorn Gundam (Unicorn Mode)

Banagher Links: Draw a card

Battle initiated

JayTee

Battle declared: Full Armor Unicorn Gundam (Unicorn Mode) against Gundam Exia Repair

Kiraya

No blockers available

Action step

Kiraya

Passed

JayTee

Passed

Battle started: Full Armor Unicorn Gundam (Unicorn Mode) against Gundam Exia Repair

Kiraya

Gundam Exia Repair received 7 damage, now destroyed

JayTee

Full Armor Unicorn Gundam (Unicorn Mode) received 2 damage, leaving 4 HP remaining

Kiraya

Gundam Exia Repair milled 2: Gundam Barbatos Adapt and Hyakuren moved to trash

Battle ended

Turn end phase started

Kiraya

Passed

JayTee

Passed

Turn ended!

Turn 9 started!

Battle initiated

Kiraya

Battle declared: Graze Custom against Enemy Player

JayTee

Assigned no blocker

Action step

JayTee

Passed

Kiraya

Passed

Battle started: Graze Custom against Corsica Base

JayTee

Corsica Base received 2 damage, now destroyed

Battle ended

Battle initiated

Kiraya

Battle declared: Hyakuren against Full Armor Unicorn Gundam (Unicorn Mode)

JayTee

Assigned Rick Dias to block

Action step

JayTee

Passed

Kiraya

Passed

Battle started: Hyakuren against Rick Dias

JayTee

Rick Dias received 4 damage, now destroyed

Kiraya

Hyakuren received 3 damage, now destroyed

Battle ended

Battle initiated

Kiraya

Battle declared: Hyakuren against Full Armor Unicorn Gundam (Unicorn Mode)

JayTee

No blockers available

Action step

JayTee

Played action: A Wind Against Fires

A Wind Against Fires: Modifier applied to: Hyakuren

Kiraya

Passed

JayTee

Passed

Kiraya

Battle started: Hyakuren against Full Armor Unicorn Gundam (Unicorn Mode)

JayTee

Full Armor Unicorn Gundam (Unicorn Mode) received 1 damage, leaving 3 HP remaining

Kiraya

Hyakuren received 7 damage, now destroyed

Battle ended

Kiraya

Gundam Gusion Rebake deployed

Selecting target for Gundam Gusion Rebake

Gundam Gusion Rebake: Dealt 1 damage to: Graze Custom and Full Armor Unicorn Gundam (Unicorn Mode)

Turn end phase started

JayTee

Passed

Kiraya

Passed

Turn ended!

Turn 10 started!

JayTee

Played base: Davao

Shield card added to hand

Activated: Davao

Rested 2 Resources

Healed 2 damage to: Full Armor Unicorn Gundam (Unicorn Mode)

Flat (Militia) deployed

Turn end phase started

Kiraya

Passed

JayTee

Passed

Turn ended!

Turn 11 started!

Kiraya

Gundam Flauros (Ryusei-Go) deployed

No targets for Gundam Flauros (Ryusei-Go)

Linked pilot: Mikazuki Augus on unit Gundam Flauros (Ryusei-Go)

Selecting target for Mikazuki Augus

Mikazuki Augus: Dealt 1 damage to: Gundam Gusion Rebake and Full Armor Unicorn Gundam (Unicorn Mode)

Battle initiated

Kiraya

Battle declared: Gundam Flauros (Ryusei-Go) against Enemy Player

No targets for Gundam Flauros (Ryusei-Go)

JayTee

Assigned no blocker

Action step

JayTee

Passed

Kiraya

Passed

Battle started: Gundam Flauros (Ryusei-Go) against Davao

JayTee

Davao received 7 damage, now destroyed

Battle ended

Turn end phase started

JayTee

Passed

Kiraya

Passed

Turn ended!

Turn 12 started!

JayTee

Full Armor Unicorn Gundam (Unicorn Mode) deployed

Linked pilot: Banagher Links on unit Full Armor Unicorn Gundam (Unicorn Mode)

Banagher Links: Draw a card

Battle initiated

JayTee

Battle declared: Full Armor Unicorn Gundam (Unicorn Mode) against Gundam Flauros (Ryusei-Go)

Kiraya

Assigned Gundam Gusion Rebake to block

Action step

Kiraya

Passed

JayTee

Played action: A Wind Against Fires

A Wind Against Fires: Modifier applied to: Gundam Gusion Rebake

Kiraya

Passed

JayTee

Passed

Battle started: Full Armor Unicorn Gundam (Unicorn Mode) against Gundam Gusion Rebake

Kiraya

Gundam Gusion Rebake received 7 damage, now destroyed

JayTee

Full Armor Unicorn Gundam (Unicorn Mode) received 0 damage, leaving 6 HP remaining

Battle ended

Battle initiated

JayTee

Battle declared: Full Armor Unicorn Gundam (Unicorn Mode) against Gundam Flauros (Ryusei-Go)

Kiraya

No blockers available

Action step

Kiraya

Passed

JayTee

Passed

Battle started: Full Armor Unicorn Gundam (Unicorn Mode) against Gundam Flauros (Ryusei-Go)

Kiraya

Gundam Flauros (Ryusei-Go) received 7 damage, now destroyed

JayTee

Full Armor Unicorn Gundam (Unicorn Mode) received 7 damage, now destroyed

Battle ended

Turn end phase started

Kiraya

Passed

JayTee

Passed

Turn ended!

Turn 13 started!

Kiraya

Gundam Flauros (Ryusei-Go) deployed

No targets for Gundam Flauros (Ryusei-Go)

Strike Rouge (Ootori) deployed

Turn end phase started

JayTee

Passed

Kiraya

Passed

Turn ended!

Turn 14 started!

Battle initiated

JayTee

Battle declared: Full Armor Unicorn Gundam (Unicorn Mode) against Enemy Player

Kiraya

Assigned no blocker

Action step

Kiraya

Passed

JayTee

Passed

Battle started: Full Armor Unicorn Gundam (Unicorn Mode) against Axis

Kiraya

Axis received 7 damage, now destroyed

Battle ended

JayTee

Tallgeese III deployed

Turn end phase started

Kiraya

Passed

JayTee

Passed

Turn ended!

Turn 15 started!

Kiraya

Strike Freedom Gundam deployed

Selecting target for Strike Freedom Gundam

Strike Freedom Gundam: Modifier applied to: Gundam Flauros (Ryusei-Go)

Strike Freedom Gundam: Modifier applied to: Strike Freedom Gundam

Strike Freedom Gundam: chose Gundam Flauros (Ryusei-Go) and Strike Freedom Gundam

Linked pilot: Kira Yamato on unit Strike Freedom Gundam

Kira Yamato: Draw a card

Battle initiated

Kiraya

Battle declared: Gundam Flauros (Ryusei-Go) against Enemy Player

No targets for Gundam Flauros (Ryusei-Go)

JayTee

Assigned no blocker

Action step

JayTee

Passed

Kiraya

Passed

Battle started: Gundam Flauros (Ryusei-Go) against Enemy Shield

JayTee

Shield card: Zechs Merquise revealed

Shield card added to hand: Zechs Merquise

Kiraya

Strike Freedom Gundam: Draw a card

Battle ended

Battle initiated

Kiraya

Battle declared: Strike Freedom Gundam against Enemy Player

Selecting target for Strike Freedom Gundam

Strike Rouge (Ootori) and Hyakuren discarded

Selecting target for Strike Freedom Gundam

JayTee

Flat (Militia) returned to deck

No blockers available

Action step

JayTee

Passed

Kiraya

Passed

Battle started: Strike Freedom Gundam against Enemy Shield

JayTee

Shield card: Rick Dias revealed and discarded

Kiraya

Strike Freedom Gundam: Draw a card

Battle ended

Battle initiated

Kiraya

Battle declared: Graze Custom against Enemy Player

JayTee

No blockers available

Action step

JayTee

Passed

Kiraya

Passed

Battle started: Graze Custom against Enemy Shield

JayTee

Shield card: Zechs Merquise revealed

Shield card added to hand: Zechs Merquise

Battle ended

Kiraya

Paired pilot: Mikazuki Augus on unit Strike Rouge (Ootori)

Selecting target for Mikazuki Augus

Mikazuki Augus: Dealt 1 damage to: Strike Rouge (Ootori) and Full Armor Unicorn Gundam (Unicorn Mode)

Battle initiated

Kiraya

Battle declared: Strike Rouge (Ootori) against Full Armor Unicorn Gundam (Unicorn Mode)

JayTee

No blockers available

Action step

JayTee

Played action: Unforeseen Incident

Unforeseen Incident: Modifier applied to: Strike Rouge (Ootori)

Kiraya

Passed

JayTee

Passed

Kiraya

Battle started: Strike Rouge (Ootori) against Full Armor Unicorn Gundam (Unicorn Mode)

JayTee

Full Armor Unicorn Gundam (Unicorn Mode) received 2 damage, leaving 3 HP remaining

Kiraya

Strike Rouge (Ootori) received 7 damage, now destroyed

Battle ended

Turn end phase started

JayTee

Passed

Kiraya

Passed

Turn ended!

Turn 16 started!

JayTee

Gundam Epyon deployed

Linked pilot: Zechs Merquise on unit Gundam Epyon

Battle initiated

JayTee

Battle declared: Gundam Epyon against Gundam Flauros (Ryusei-Go)

Kiraya

No blockers available

Action step

Kiraya

Passed

JayTee

Passed

Battle started: Gundam Epyon against Gundam Flauros (Ryusei-Go)

Kiraya

Gundam Flauros (Ryusei-Go) received 8 damage, now destroyed

JayTee

Gundam Epyon received 5 damage, leaving 2 HP remaining

Set Active: Gundam Epyon

Zechs Merquise: Draw a card

Battle ended

Battle initiated

JayTee

Battle declared: Gundam Epyon against Strike Freedom Gundam

Kiraya

No blockers available

Action step

Kiraya

Passed

JayTee

Passed

Battle started: Gundam Epyon against Strike Freedom Gundam

Kiraya

Strike Freedom Gundam received 8 damage, now destroyed

JayTee

Gundam Epyon received 7 damage, now destroyed

Zechs Merquise: Draw a card

Battle ended

Battle initiated

JayTee

Battle declared: Full Armor Unicorn Gundam (Unicorn Mode) against Graze Custom

Kiraya

No blockers available

Action step

Kiraya

Passed

JayTee

Passed

Battle started: Full Armor Unicorn Gundam (Unicorn Mode) against Graze Custom

Kiraya

Graze Custom received 7 damage, now destroyed

JayTee

Full Armor Unicorn Gundam (Unicorn Mode) received 2 damage, leaving 1 HP remaining

Battle ended

Battle initiated

JayTee

Battle declared: Tallgeese III against Enemy Player

Kiraya

No blockers available

Action step

Kiraya

Passed

JayTee

Passed

Battle started: Tallgeese III against Enemy Shield

Kiraya

Shield card: Gundam Barbatos 1st Form revealed and discarded

Battle ended

Turn end phase started

Kiraya

Passed

JayTee

Passed

Turn ended!

Turn 17 started!

Kiraya

Gundam Barbatos Adapt deployed

Selecting target for Gundam Barbatos Adapt

Gundam Barbatos Adapt: Dealt 1 damage to: Gundam Barbatos Adapt and Full Armor Unicorn Gundam (Unicorn Mode)

Strike Freedom Gundam deployed

Selecting target for Strike Freedom Gundam

Strike Freedom Gundam: Modifier applied to: Gundam Barbatos Adapt

Strike Freedom Gundam: Modifier applied to: Strike Freedom Gundam

Strike Freedom Gundam: chose Gundam Barbatos Adapt and Strike Freedom Gundam

Turn end phase started

JayTee

Passed

Kiraya

Passed

Turn ended!

Turn 18 started!

JayTee

Zechs' Leo deployed

Linked pilot: Zechs Merquise on unit Zechs' Leo

Selecting target for Zechs' Leo

Rested unit: Gundam Barbatos Adapt

Battle initiated

JayTee

Battle declared: Zechs' Leo against Gundam Barbatos Adapt

Kiraya

No blockers available

Action step

Kiraya

Passed

JayTee

Passed

Battle started: Zechs' Leo against Gundam Barbatos Adapt

Kiraya

Gundam Barbatos Adapt received 5 damage, now destroyed

JayTee

Zechs' Leo received 2 damage, leaving 1 HP remaining

Zechs Merquise: Draw a card

Battle ended

JayTee

Played command: A Show of Resolve

A Show of Resolve: Draw 2 cards

Played command: Striker Pack

Selecting target for Striker Pack

Sword Strike Gundam deployed

Linked pilot: Zechs Merquise on unit Tallgeese III

Turn end phase started

Kiraya

Passed

JayTee

Passed

Turn ended!

Turn 19 started!

Kiraya

Strike Freedom Gundam deployed

Selecting target for Strike Freedom Gundam

Strike Freedom Gundam: Modifier applied to: Strike Freedom Gundam

Strike Freedom Gundam: Modifier applied to: Strike Freedom Gundam

Strike Freedom Gundam: chose Strike Freedom Gundam and Strike Freedom Gundam

Battle initiated

Kiraya

Battle declared: Strike Freedom Gundam against Enemy Player

JayTee

Assigned no blocker

Action step

JayTee

Passed

Kiraya

Passed

Battle started: Strike Freedom Gundam against Enemy Shield

JayTee

Shield card: Unforeseen Incident revealed

Shield card: Unforeseen Incident moved to trash

Selecting target for Unforeseen Incident

Unforeseen Incident: Modifier applied to: Strike Freedom Gundam

Kiraya

Strike Freedom Gundam: Draw a card

Battle ended

Turn end phase started

JayTee

Passed

Kiraya

Passed

Turn ended!

Turn 20 started!

JayTee

Unicorn Gundam (Awakened) deployed

Linked pilot: Banagher Links on unit Unicorn Gundam (Awakened)

Banagher Links: Draw a card

Battle initiated

JayTee

Battle declared: Unicorn Gundam (Awakened) against Enemy Player

Kiraya

No blockers available

Action step

Kiraya

Passed

JayTee

Passed

Battle started: Unicorn Gundam (Awakened) against Enemy Shield

Kiraya

Shield cards: Graze Custom and Gundam Barbatos Adapt revealed and discarded

Battle ended

Battle initiated

JayTee

Battle declared: Sword Strike Gundam against Enemy Player

Kiraya

No blockers available

Action step

JayTee

Passed

Kiraya

Passed

Battle started: Sword Strike Gundam against Enemy Shield

Kiraya

Shield card: Axis revealed

Played base: Axis

Shield card added to hand

Battle ended

Battle initiated

JayTee

Battle declared: Tallgeese III against Enemy Player

Kiraya

No blockers available

Action step

Kiraya

Passed

JayTee

Passed

Battle started: Tallgeese III against Axis

Kiraya

Axis received 6 damage, now destroyed

Battle ended

Battle initiated

JayTee

Battle declared: Zechs' Leo against Enemy Player

Kiraya

No blockers available

Action step

Kiraya

Passed

JayTee

Passed

Battle started: Zechs' Leo against Enemy Player

Kiraya

No more shields available, game is over!

JayTee

Winner!

Game ended!