Mobile Suit Arena - Battle logs
Game started!

Sol

Choose to play second

Choose to mulligan starting hand

Kiraya

Choose to mulligan starting hand

Turn 1 started!

Turn end phase started

Sol

Passed

Kiraya

Passed

Turn ended!

Turn 2 started!

Turn end phase started

Kiraya

Passed

Sol

Passed

Turn ended!

Turn 3 started!

Kiraya

Graze Custom deployed

M1 Astray (Shrike) deployed

No targets for M1 Astray (Shrike)

Turn end phase started

Sol

Passed

Kiraya

Passed

Turn ended!

Turn 4 started!

Sol

Gaplant TR-5 "Hrairoo" Unit 1 deployed

Turn end phase started

Kiraya

Passed

Sol

Passed

Turn ended!

Turn 5 started!

Kiraya

Hyakuren deployed

Graze Custom deployed

Turn end phase started

Sol

Passed

Kiraya

Passed

Turn ended!

Turn 6 started!

Turn end phase started

Kiraya

Passed

Sol

Passed

Turn ended!

Turn 7 started!

Battle initiated

Kiraya

Battle declared: Hyakuren against Enemy Player

Sol

Assigned Gaplant TR-5 "Hrairoo" Unit 1 to block

Action step

Sol

Passed

Kiraya

Passed

Battle started: Hyakuren against Gaplant TR-5 "Hrairoo" Unit 1

Sol

Gaplant TR-5 "Hrairoo" Unit 1 received 4 damage, now destroyed

Kiraya

Hyakuren received 3 damage, now destroyed

Battle ended

Battle initiated

Kiraya

Battle declared: M1 Astray (Shrike) against Enemy Player

Sol

No blockers available

Action step

Sol

Passed

Kiraya

Passed

Battle started: M1 Astray (Shrike) against EX Base

Sol

EX Base received 1 damage, leaving 2 HP remaining

Battle ended

Battle initiated

Kiraya

Battle declared: Graze Custom against Enemy Player

Sol

No blockers available

Action step

Sol

Played action: Darkness Finger

Darkness Finger: Dealt 2 damage to Graze Custom, now destroyed

Kiraya

Passed

Sol

Passed

Battle ended

Battle initiated

Kiraya

Battle declared: Graze Custom against Enemy Player

Sol

No blockers available

Action step

Sol

Played action: Darkness Finger

Darkness Finger: Dealt 2 damage to Graze Custom, now destroyed

Kiraya

Passed

Sol

Passed

Battle ended

Kiraya

Replaced EX Base base: Axis

Shield card added to hand

Turn end phase started

Sol

Passed

Kiraya

Passed

Turn ended!

Turn 8 started!

Sol

Played command: Airframe Seizure

Selecting target for Airframe Seizure

Haow Gundam discarded

Airframe Seizure: Draw 2 cards

Silver Bullet deployed

Turn end phase started

Kiraya

Passed

Sol

Passed

Turn ended!

Turn 9 started!

Kiraya

Gundam Barbatos 1st Form deployed

Gundam Barbatos Adapt deployed

Selecting target for Gundam Barbatos Adapt

Gundam Barbatos Adapt: Dealt 1 damage to: Gundam Barbatos 1st Form and Silver Bullet (reduced by 3)

Linked pilot: Mikazuki Augus on unit Gundam Barbatos 1st Form

Selecting target for Mikazuki Augus

Mikazuki Augus: Dealt 1 damage to: Gundam Barbatos Adapt and Silver Bullet (reduced by 3)

Battle initiated

Kiraya

Battle declared: Gundam Barbatos 1st Form against Enemy Player

Gundam Barbatos 1st Form: Draw a card

Sol

Assigned no blocker

Action step

Sol

Passed

Kiraya

Passed

Battle started: Gundam Barbatos 1st Form against EX Base

Sol

EX Base received 5 damage, now destroyed

Battle ended

Battle initiated

Kiraya

Battle declared: M1 Astray (Shrike) against Enemy Player

Sol

Assigned Silver Bullet to block

Action step

Sol

Passed

Kiraya

Passed

Battle started: M1 Astray (Shrike) against Silver Bullet

Sol

Silver Bullet received 1 damage, leaving 3 HP remaining

Kiraya

M1 Astray (Shrike) received 4 damage, now destroyed

Battle ended

Turn end phase started

Sol

Passed

Kiraya

Passed

Turn ended!

Turn 10 started!

Sol

Played command: Overflowing Affection

Overflowing Affection: Draw 2 cards

Selecting target for Overflowing Affection

Shining Gundam discarded

Shining Gundam deployed

Selecting target for Shining Gundam

Haow Gundam and Shining Gundam exiled from the game

Selecting target for Shining Gundam

Darkness Finger returned to hand

Linked pilot: Domon Kasshu on unit Shining Gundam

Domon Kasshu: Draw a card

Selecting target for Domon Kasshu

Darkness Finger discarded

Selecting target for Domon Kasshu

Selecting target for Darkness Finger

Darkness Finger: Dealt 2 damage to Gundam Barbatos 1st Form, now destroyed

Battle initiated

Sol

Battle declared: Shining Gundam against Enemy Player

Shining Gundam: 1 resource set as active

Kiraya

No blockers available

Action step

Kiraya

Passed

Sol

Passed

Battle started: Shining Gundam against Axis

Kiraya

Axis received 5 damage, leaving 1 HP remaining

Battle ended

Sol

Played command: Overflowing Affection

Overflowing Affection: Draw 2 cards

Selecting target for Overflowing Affection

Shining Gundam (Super Mode) discarded

Turn end phase started

Kiraya

Passed

Sol

Passed

Turn ended!

Turn 11 started!

Kiraya

Linked pilot: Mikazuki Augus on unit Gundam Barbatos Adapt

Selecting target for Mikazuki Augus

Mikazuki Augus: Dealt 1 damage to: Gundam Barbatos Adapt and Shining Gundam

Battle initiated

Kiraya

Battle declared: Gundam Barbatos Adapt against Enemy Player

Sol

Assigned Silver Bullet to block

Action step

Sol

Passed

Kiraya

Passed

Battle started: Gundam Barbatos Adapt against Silver Bullet

Sol

Silver Bullet received 4 damage, now destroyed

Kiraya

Gundam Barbatos Adapt received 4 damage, now destroyed

Battle ended

Turn end phase started

Sol

Passed

Kiraya

Passed

Turn ended!

Turn 12 started!

Sol

Shining Gundam (Super Mode) deployed

Battle initiated

Sol

Battle declared: Shining Gundam against Enemy Player

Shining Gundam: 1 resource set as active

Kiraya

No blockers available

Action step

Kiraya

Passed

Sol

Passed

Battle started: Shining Gundam against Axis

Kiraya

Axis received 5 damage, now destroyed

Battle ended

Sol

Silver Bullet deployed

Turn end phase started

Kiraya

Passed

Sol

Passed

Turn ended!

Turn 13 started!

Kiraya

Gundam Barbatos Lupus deployed

Turn end phase started

Sol

Passed

Kiraya

Passed

Turn ended!

Turn 14 started!

Sol

Master Gundam deployed

Battle initiated

Sol

Battle declared: Shining Gundam against Enemy Player

Shining Gundam: 1 resource set as active

Kiraya

No blockers available

Action step

Kiraya

Passed

Sol

Passed

Battle started: Shining Gundam against Enemy Shield

Kiraya

Shield card: Kira Yamato revealed

Shield card added to hand: Kira Yamato

Battle ended

Battle initiated

Sol

Battle declared: Shining Gundam (Super Mode) against Enemy Player

Kiraya

No blockers available

Action step

Kiraya

Passed

Sol

Passed

Battle started: Shining Gundam (Super Mode) against Enemy Shield

Kiraya

Shield card: Gundam Gusion Rebake revealed and discarded

Battle ended

Sol

Gaplant TR-5 "Hrairoo" Unit 1 deployed

Battle initiated

Sol

Battle declared: Silver Bullet against Enemy Player

Kiraya

No blockers available

Action step

Kiraya

Passed

Sol

Passed

Battle started: Silver Bullet against Enemy Shield

Kiraya

Shield card: Gundam Exia Repair revealed and discarded

Battle ended

Turn end phase started

Kiraya

Passed

Sol

Passed

Turn ended!

Turn 15 started!

Kiraya

Activated: Gundam Barbatos Lupus

Graze Custom, Gundam Barbatos Adapt and Gundam Gusion Rebake exiled from the game

Selecting target for Gundam Barbatos Lupus

Gundam Barbatos Lupus: Dealt 2 damage to Gaplant TR-5 "Hrairoo" Unit 1, leaving 1 HP remaining

Activated: Gundam Barbatos Lupus

Hyakuren, Graze Custom and Gundam Barbatos 1st Form exiled from the game

Selecting target for Gundam Barbatos Lupus

Gundam Barbatos Lupus: Dealt 2 damage to Gaplant TR-5 "Hrairoo" Unit 1, now destroyed

Strike Freedom Gundam deployed

Selecting target for Strike Freedom Gundam

Strike Freedom Gundam: Modifier applied to: Gundam Barbatos Lupus

Strike Freedom Gundam: Modifier applied to: Strike Freedom Gundam

Strike Freedom Gundam: chose Gundam Barbatos Lupus and Strike Freedom Gundam

Played base: Axis

Shield card added to hand

Linked pilot: Kira Yamato on unit Strike Freedom Gundam

Kira Yamato: Draw a card

Battle initiated

Kiraya

Battle declared: Gundam Barbatos Lupus against Silver Bullet

Sol

No blockers available

Action step

Sol

Passed

Kiraya

Passed

Battle started: Gundam Barbatos Lupus against Silver Bullet

Sol

Silver Bullet received 5 damage, now destroyed

Kiraya

Gundam Barbatos Lupus received 4 damage, leaving 1 HP remaining

Strike Freedom Gundam: Draw a card

Battle ended

Battle initiated

Kiraya

Battle declared: Strike Freedom Gundam against Shining Gundam (Super Mode)

Selecting target for Strike Freedom Gundam

Kira Yamato and Hyakuren discarded

Selecting target for Strike Freedom Gundam

Sol

Shining Gundam and Domon Kasshu returned to deck

No blockers available

Action step

Sol

Passed

Kiraya

Passed

Battle started: Strike Freedom Gundam against Shining Gundam (Super Mode)

Sol

Shining Gundam (Super Mode) received 7 damage, now destroyed

Kiraya

Strike Freedom Gundam received 4 damage, leaving 4 HP remaining

Strike Freedom Gundam: Draw a card

Battle ended

Turn end phase started

Sol

Passed

Kiraya

Passed

Turn ended!

Turn 16 started!

Sol

Paired pilot: Domon Kasshu on unit Master Gundam

Domon Kasshu: Draw a card

Selecting target for Domon Kasshu

Master Asia discarded

Shining Gundam deployed

Selecting target for Shining Gundam

Shining Gundam (Super Mode) and Shining Gundam (Super Mode) exiled from the game

Selecting target for Shining Gundam

Darkness Finger returned to hand

Played action: Darkness Finger

Darkness Finger: Dealt 2 damage to Gundam Barbatos Lupus, now destroyed

Darkness Finger: Draw a card

Played action: Darkness Finger

Darkness Finger: Dealt 2 damage to Strike Freedom Gundam, leaving 2 HP remaining

Darkness Finger: Draw a card

Gundam Maxter deployed

Turn end phase started

Kiraya

Passed

Sol

Passed

Turn ended!

Turn 17 started!

Kiraya

Gundam Gusion Rebake deployed

Selecting target for Gundam Gusion Rebake

Gundam Gusion Rebake: Dealt 1 damage to: Gundam Gusion Rebake and Gundam Maxter

Paired pilot: Mikazuki Augus on unit Gundam Gusion Rebake

Selecting target for Mikazuki Augus

Mikazuki Augus: Dealt 1 damage to: Gundam Gusion Rebake and Gundam Maxter

Battle initiated

Kiraya

Battle declared: Strike Freedom Gundam against Enemy Player

Selecting target for Strike Freedom Gundam

Gundam Barbatos Adapt and Axis discarded

Selecting target for Strike Freedom Gundam

Sol

Shining Gundam returned to deck

No blockers available

Action step

Sol

Passed

Kiraya

Passed

Battle started: Strike Freedom Gundam against Enemy Shield

Sol

Shield card: Shining Finger revealed

Shield card added to hand: Shining Finger

Battle ended

Turn end phase started

Sol

Passed

Kiraya

Passed

Turn ended!

Turn 18 started!

Sol

Played action: Shining Finger

Rested unit: Gundam Gusion Rebake

Battle initiated

Sol

Battle declared: Master Gundam against Enemy Player

Selecting target for Master Gundam

Kiraya

No blockers available

Action step

Kiraya

Passed

Sol

Passed

Battle started: Master Gundam against Axis

Kiraya

Axis received 7 damage, now destroyed

Battle ended

Sol

Master Gundam deployed

Linked pilot: Master Asia on unit Master Gundam

Battle initiated

Sol

Battle declared: Master Gundam against Enemy Player

Selecting target for Master Asia

Master Gundam: Dealt 2 damage to Strike Freedom Gundam, now destroyed

Selecting target for Master Gundam

Darkness Finger and Darkness Finger exiled from the game

Kiraya

Shield card: Widespread Annihilation revealed and discarded

No blockers available

Action step

Kiraya

Passed

Sol

Passed

Battle started: Master Gundam against Enemy Player

Kiraya

No more shields available, game is over!

Sol

Winner!

Game ended!