Mobile Suit Arena - Battle logs
Game started!

CHAMP

Choose to play second

Kiraya

Choose to keep starting hand

CHAMP

Choose to mulligan starting hand

Turn 1 started!

Turn end phase started

CHAMP

Passed

Kiraya

Passed

Turn ended!

Turn 2 started!

Turn end phase started

Kiraya

Passed

CHAMP

Passed

Turn ended!

Turn 3 started!

Kiraya

Graze Custom deployed

Turn end phase started

CHAMP

Passed

Kiraya

Passed

Turn ended!

Turn 4 started!

CHAMP

Murasame (Andrew Waldfeld Unit) deployed

Turn end phase started

Kiraya

Passed

CHAMP

Passed

Turn ended!

Turn 5 started!

Turn end phase started

CHAMP

Passed

Kiraya

Passed

Turn ended!

Turn 6 started!

CHAMP

Played command: A Show of Resolve

A Show of Resolve: Draw 2 cards

Turn end phase started

Kiraya

Passed

CHAMP

Passed

Turn ended!

Turn 7 started!

Battle initiated

Kiraya

Battle declared: Graze Custom against Enemy Player

CHAMP

No blockers available

Action step

CHAMP

Passed

Kiraya

Passed

Battle started: Graze Custom against EX Base

CHAMP

EX Base received 2 damage, leaving 1 HP remaining

Battle ended

Kiraya

Gundam Barbatos Adapt deployed

Selecting target for Gundam Barbatos Adapt

Gundam Barbatos Adapt: Dealt 1 damage to: Graze Custom and Murasame (Andrew Waldfeld Unit)

Gundam Barbatos Adapt deployed

Selecting target for Gundam Barbatos Adapt

Gundam Barbatos Adapt: Dealt 1 damage to: Gundam Barbatos Adapt and Murasame (Andrew Waldfeld Unit)

Turn end phase started

CHAMP

Passed

Kiraya

Passed

Turn ended!

Turn 8 started!

CHAMP

Gundam Flauros (Ryusei-Go) deployed

Selecting target for Gundam Flauros (Ryusei-Go)

Turn end phase started

Kiraya

Passed

CHAMP

Passed

Turn ended!

Turn 9 started!

Kiraya

Gundam Gusion Rebake deployed

Selecting target for Gundam Gusion Rebake

Gundam Gusion Rebake: Dealt 1 damage to: Gundam Barbatos Adapt and Murasame (Andrew Waldfeld Unit)

Linked pilot: Mikazuki Augus on unit Gundam Barbatos Adapt

Selecting target for Mikazuki Augus

Mikazuki Augus: Dealt 1 damage to: Gundam Barbatos Adapt and Murasame (Andrew Waldfeld Unit)

Battle initiated

Kiraya

Battle declared: Gundam Barbatos Adapt against Enemy Player

CHAMP

No blockers available

Action step

CHAMP

Passed

Kiraya

Passed

Battle started: Gundam Barbatos Adapt against EX Base

CHAMP

EX Base received 2 damage, now destroyed

Battle ended

Battle initiated

Kiraya

Battle declared: Gundam Barbatos Adapt against Enemy Player

CHAMP

No blockers available

Action step

CHAMP

Passed

Kiraya

Passed

Battle started: Gundam Barbatos Adapt against Enemy Shield

CHAMP

Shield card: Strike Freedom Gundam revealed and discarded

Battle ended

Turn end phase started

CHAMP

Passed

Kiraya

Passed

Turn ended!

Turn 10 started!

CHAMP

Played command: Widespread Annihilation

Widespread Annihilation: destroyed Gundam Barbatos Adapt and Gundam Barbatos Adapt

Battle initiated

CHAMP

Battle declared: Gundam Flauros (Ryusei-Go) against Enemy Player

No targets for Gundam Flauros (Ryusei-Go)

Kiraya

Assigned no blocker

Action step

Kiraya

Passed

CHAMP

Passed

Battle started: Gundam Flauros (Ryusei-Go) against EX Base

Kiraya

EX Base received 5 damage, now destroyed

Battle ended

Turn end phase started

Kiraya

Passed

CHAMP

Passed

Turn ended!

Turn 11 started!

Kiraya

Played base: Axis

Shield card added to hand

Gundam Gusion Rebake deployed

Selecting target for Gundam Gusion Rebake

Gundam Gusion Rebake: Dealt 1 damage to: Gundam Gusion Rebake and Gundam Flauros (Ryusei-Go)

Battle initiated

Kiraya

Battle declared: Gundam Gusion Rebake against Enemy Player

CHAMP

No blockers available

Action step

CHAMP

Passed

Kiraya

Passed

Battle started: Gundam Gusion Rebake against Enemy Shield

CHAMP

Shield card: Gundam Barbatos 1st Form revealed and discarded

Battle ended

Turn end phase started

CHAMP

Passed

Kiraya

Passed

Turn ended!

Turn 12 started!

CHAMP

Played base: Axis

Shield card added to hand

Strike Rouge (Kira's Unit) deployed

Strike Rouge (Kira's Unit) deployed

Graze Custom deployed

Turn end phase started

Kiraya

Passed

CHAMP

Passed

Turn ended!

Turn 13 started!

Kiraya

Hyakuren deployed

Hyakuren deployed

Turn end phase started

CHAMP

Passed

Kiraya

Passed

Turn ended!

Turn 14 started!

Battle initiated

CHAMP

Battle declared: Graze Custom against Enemy Player

Kiraya

Assigned Gundam Gusion Rebake to block

Action step

Kiraya

Passed

CHAMP

Passed

Battle started: Graze Custom against Gundam Gusion Rebake

Kiraya

Gundam Gusion Rebake received 2 damage, leaving 2 HP remaining

CHAMP

Graze Custom received 3 damage, now destroyed

Battle ended

Battle initiated

CHAMP

Battle declared: Gundam Flauros (Ryusei-Go) against Enemy Player

No targets for Gundam Flauros (Ryusei-Go)

Kiraya

Assigned Gundam Gusion Rebake to block

Action step

Kiraya

Passed

CHAMP

Passed

Battle started: Gundam Flauros (Ryusei-Go) against Gundam Gusion Rebake

Kiraya

Gundam Gusion Rebake received 5 damage, now destroyed

CHAMP

Gundam Flauros (Ryusei-Go) received 3 damage, now destroyed

Battle ended

Battle initiated

CHAMP

Battle declared: Strike Rouge (Kira's Unit) against Enemy Player

Kiraya

No blockers available

Action step

Kiraya

Passed

CHAMP

Passed

Battle started: Strike Rouge (Kira's Unit) against Axis

Kiraya

Axis received 3 damage, leaving 3 HP remaining

Battle ended

Battle initiated

CHAMP

Battle declared: Strike Rouge (Kira's Unit) against Enemy Player

Kiraya

No blockers available

Action step

Kiraya

Passed

CHAMP

Passed

Battle started: Strike Rouge (Kira's Unit) against Axis

Kiraya

Axis received 3 damage, now destroyed

Battle ended

CHAMP

Gundam Barbatos Lupus deployed

Activated: Gundam Barbatos Lupus

Gundam Barbatos 1st Form, Graze Custom and Gundam Flauros (Ryusei-Go) exiled from the game

Selecting target for Gundam Barbatos Lupus

Gundam Barbatos Lupus: Dealt 2 damage to Gundam Gusion Rebake, now destroyed

Turn end phase started

Kiraya

Passed

CHAMP

Passed

Turn ended!

Turn 15 started!

Kiraya

Strike Freedom Gundam deployed

Selecting target for Strike Freedom Gundam

Strike Freedom Gundam: Modifier applied to: Hyakuren

Strike Freedom Gundam: Modifier applied to: Hyakuren

Strike Freedom Gundam: chose Hyakuren and Hyakuren

Paired pilot: Mikazuki Augus on unit Hyakuren

Selecting target for Mikazuki Augus

Mikazuki Augus: Dealt 1 damage to: Hyakuren and Gundam Barbatos Lupus

Battle initiated

Kiraya

Battle declared: Hyakuren against Strike Rouge (Kira's Unit)

CHAMP

No blockers available

Action step

CHAMP

Passed

Kiraya

Passed

Battle started: Hyakuren against Strike Rouge (Kira's Unit)

CHAMP

Strike Rouge (Kira's Unit) received 4 damage, now destroyed

Kiraya

Hyakuren received 3 damage, now destroyed

Strike Freedom Gundam: Draw a card

Battle ended

Battle initiated

Kiraya

Battle declared: Hyakuren against Strike Rouge (Kira's Unit)

CHAMP

No blockers available

Action step

CHAMP

Passed

Kiraya

Passed

Battle started: Hyakuren against Strike Rouge (Kira's Unit)

CHAMP

Strike Rouge (Kira's Unit) received 6 damage, now destroyed

Kiraya

Hyakuren received 3 damage, leaving 1 HP remaining

Strike Freedom Gundam: Draw a card

Battle ended

Kiraya

Linked pilot: Kira Yamato on unit Strike Freedom Gundam

Kira Yamato: Draw a card

Battle initiated

Kiraya

Battle declared: Strike Freedom Gundam against Enemy Player

Selecting target for Strike Freedom Gundam

Gundam Exia Repair and Graze Custom discarded

Selecting target for Strike Freedom Gundam

CHAMP

Gundam Barbatos Lupus returned to deck

No blockers available

Action step

CHAMP

Passed

Kiraya

Passed

Battle started: Strike Freedom Gundam against Axis

CHAMP

Axis received 7 damage, now destroyed

Battle ended

Turn end phase started

CHAMP

Passed

Kiraya

Passed

Turn ended!

Turn 16 started!

CHAMP

Gundam Barbatos Adapt deployed

Selecting target for Gundam Barbatos Adapt

Gundam Barbatos Adapt: Dealt 1 damage to: Gundam Barbatos Adapt and Hyakuren

Played base: Axis

Shield card added to hand

Gundam Flauros (Ryusei-Go) deployed

No targets for Gundam Flauros (Ryusei-Go)

Linked pilot: Mikazuki Augus on unit Gundam Flauros (Ryusei-Go)

Selecting target for Mikazuki Augus

Mikazuki Augus: Dealt 1 damage to: Gundam Flauros (Ryusei-Go) and Strike Freedom Gundam

Battle initiated

CHAMP

Battle declared: Gundam Flauros (Ryusei-Go) against Strike Freedom Gundam

No targets for Gundam Flauros (Ryusei-Go)

Kiraya

No blockers available

Action step

Kiraya

Passed

CHAMP

Passed

Battle started: Gundam Flauros (Ryusei-Go) against Strike Freedom Gundam

Kiraya

Strike Freedom Gundam received 7 damage, now destroyed

CHAMP

Gundam Flauros (Ryusei-Go) received 7 damage, now destroyed

Battle ended

Turn end phase started

Kiraya

Passed

CHAMP

Passed

Turn ended!

Turn 17 started!

Kiraya

Strike Rouge (Ootori) deployed

Strike Rouge (Ootori) deployed

Gundam Barbatos 1st Form deployed

Turn end phase started

CHAMP

Passed

Kiraya

Passed

Turn ended!

Turn 18 started!

CHAMP

Gundam Gusion Rebake deployed

Selecting target for Gundam Gusion Rebake

Gundam Gusion Rebake: Dealt 1 damage to: Gundam Barbatos Adapt and Gundam Barbatos 1st Form

Gundam Gusion Rebake deployed

Selecting target for Gundam Gusion Rebake

Gundam Gusion Rebake: Dealt 1 damage to: Gundam Barbatos Adapt and Gundam Barbatos 1st Form

Turn end phase started

Kiraya

Passed

CHAMP

Passed

Turn ended!

Turn 19 started!

Kiraya

Gundam Exia Repair deployed

Strike Freedom Gundam deployed

Selecting target for Strike Freedom Gundam

Strike Freedom Gundam: Modifier applied to: Strike Rouge (Ootori)

Strike Freedom Gundam: Modifier applied to: Strike Freedom Gundam

Strike Freedom Gundam: chose Strike Rouge (Ootori) and Strike Freedom Gundam

Turn end phase started

CHAMP

Passed

Kiraya

Passed

Turn ended!

Turn 20 started!

Battle initiated

CHAMP

Battle declared: Gundam Barbatos Adapt against Enemy Player

Kiraya

Assigned no blocker

Action step

Kiraya

Passed

CHAMP

Passed

Battle started: Gundam Barbatos Adapt against Enemy Shield

Kiraya

Shield card: Gundam Barbatos 1st Form revealed and discarded

Battle ended

CHAMP

Murasame (Andrew Waldfeld Unit) deployed

Murasame (Andrew Waldfeld Unit) deployed

Turn end phase started

Kiraya

Passed

CHAMP

Passed

Turn ended!

Turn 21 started!

Kiraya

Gundam Barbatos Adapt deployed

Selecting target for Gundam Barbatos Adapt

Gundam Barbatos Adapt: Dealt 1 damage to: Gundam Barbatos Adapt and Gundam Barbatos Adapt

Turn end phase started

CHAMP

Passed

Kiraya

Passed

Turn ended!

Turn 22 started!

Battle initiated

CHAMP

Battle declared: Murasame (Andrew Waldfeld Unit) against Enemy Player

Kiraya

Assigned no blocker

Action step

Kiraya

Passed

CHAMP

Passed

Battle started: Murasame (Andrew Waldfeld Unit) against Enemy Shield

Kiraya

Shield card: Gundam Gusion Rebake revealed and discarded

Battle ended

Battle initiated

CHAMP

Battle declared: Murasame (Andrew Waldfeld Unit) against Enemy Player

Kiraya

Assigned Strike Rouge (Ootori) to block

Action step

Kiraya

Passed

CHAMP

Passed

Battle started: Murasame (Andrew Waldfeld Unit) against Strike Rouge (Ootori)

Kiraya

Strike Rouge (Ootori) received 2 damage, leaving 2 HP remaining

CHAMP

Murasame (Andrew Waldfeld Unit) received 3 damage, leaving 1 HP remaining

Battle ended

Battle initiated

CHAMP

Battle declared: Gundam Gusion Rebake against Strike Rouge (Ootori)

Kiraya

Assigned no blocker

Action step

Kiraya

Passed

CHAMP

Passed

Battle started: Gundam Gusion Rebake against Strike Rouge (Ootori)

Kiraya

Strike Rouge (Ootori) received 3 damage, now destroyed

CHAMP

Gundam Gusion Rebake received 3 damage, leaving 2 HP remaining

Battle ended

Battle initiated

CHAMP

Battle declared: Gundam Gusion Rebake against Enemy Player

Kiraya

Assigned no blocker

Action step

Kiraya

Passed

CHAMP

Passed

Battle started: Gundam Gusion Rebake against Enemy Shield

Kiraya

Shield card: Kira Yamato revealed

Shield card added to hand: Kira Yamato

Battle ended

CHAMP

Strike Freedom Gundam deployed

Selecting target for Strike Freedom Gundam

Strike Freedom Gundam: Modifier applied to: Gundam Gusion Rebake

Strike Freedom Gundam: Modifier applied to: Strike Freedom Gundam

Strike Freedom Gundam: chose Gundam Gusion Rebake and Strike Freedom Gundam

Linked pilot: Kira Yamato on unit Strike Freedom Gundam

Kira Yamato: Draw a card

Strike Rouge (Ootori) deployed

Battle initiated

CHAMP

Battle declared: Strike Freedom Gundam against Enemy Player

Kiraya

Assigned no blocker

Action step

Kiraya

Passed

CHAMP

Passed

Battle started: Strike Freedom Gundam against Enemy Shield

Kiraya

Shield card: Kira Yamato revealed

Shield card added to hand: Kira Yamato

CHAMP

Strike Freedom Gundam: Draw a card

Battle ended

Turn end phase started

Kiraya

Passed

CHAMP

Passed

Turn ended!

Turn 23 started!

Kiraya

Winner!

Game ended!