Mobile Suit Arena - Battle logs
Game started!

Kiraya

Choose to play second

Choose to keep starting hand

Crimson110

Timeout 1

Choose to keep starting hand

Turn 1 started!

Turn end phase started

Kiraya

Passed

Crimson110

Passed

Turn ended!

Turn 2 started!

Kiraya

Graze Custom deployed

Turn end phase started

Crimson110

Passed

Kiraya

Passed

Turn ended!

Turn 3 started!

Crimson110

Jegan deployed

Zaku Ⅱ deployed

Turn end phase started

Kiraya

Passed

Crimson110

Passed

Turn ended!

Turn 4 started!

Kiraya

Gundam Barbatos 1st Form deployed

Turn end phase started

Crimson110

Passed

Kiraya

Passed

Turn ended!

Turn 5 started!

Battle initiated

Crimson110

Battle declared: Zaku Ⅱ against Enemy Player

Zaku Ⅱ: Modifier applied to: Zaku Ⅱ

Kiraya

No blockers available

Action step

Kiraya

Passed

Crimson110

Passed

Battle started: Zaku Ⅱ against EX Base

Kiraya

EX Base received 3 damage, now destroyed

Battle ended

Battle initiated

Crimson110

Battle declared: Jegan against Enemy Player

Kiraya

No blockers available

Action step

Kiraya

Passed

Crimson110

Passed

Battle started: Jegan against Enemy Shield

Kiraya

Shield card: Gundam Barbatos Adapt revealed and discarded

Battle ended

Crimson110

Rick Dom deployed

Turn end phase started

Kiraya

Passed

Crimson110

Passed

Turn ended!

Turn 6 started!

Battle initiated

Kiraya

Battle declared: Gundam Barbatos 1st Form against Enemy Player

Crimson110

No blockers available

Action step

Crimson110

Passed

Kiraya

Passed

Battle started: Gundam Barbatos 1st Form against EX Base

Crimson110

EX Base received 3 damage, now destroyed

Battle ended

Battle initiated

Kiraya

Battle declared: Graze Custom against Zaku Ⅱ

Crimson110

No blockers available

Action step

Crimson110

Passed

Kiraya

Passed

Battle started: Graze Custom against Zaku Ⅱ

Crimson110

Zaku Ⅱ received 2 damage, now destroyed

Kiraya

Graze Custom received 1 damage, leaving 1 HP remaining

Battle ended

Kiraya

Strike Rouge (Ootori) deployed

Turn end phase started

Crimson110

Passed

Kiraya

Passed

Turn ended!

Turn 7 started!

Battle initiated

Crimson110

Battle declared: Rick Dom against Graze Custom

Kiraya

Assigned Strike Rouge (Ootori) to block

Action step

Kiraya

Passed

Crimson110

Passed

Battle started: Rick Dom against Strike Rouge (Ootori)

Kiraya

Strike Rouge (Ootori) received 3 damage, leaving 1 HP remaining

Crimson110

Rick Dom received 3 damage, now destroyed

Battle ended

Crimson110

Played command: A Show of Resolve

A Show of Resolve: Draw 2 cards

Played base: Ra Cailum

Shield card added to hand

Activated: Ra Cailum

Rested base: Ra Cailum

Ra Cailum: Modifier applied to: Jegan

Battle initiated

Crimson110

Battle declared: Jegan against Gundam Barbatos 1st Form

Kiraya

No blockers available

Action step

Kiraya

Passed

Crimson110

Passed

Battle started: Jegan against Gundam Barbatos 1st Form

Kiraya

Gundam Barbatos 1st Form received 2 damage, now destroyed

Crimson110

Jegan received 3 damage, reduced by 1, now destroyed

Battle ended

Turn end phase started

Kiraya

Passed

Crimson110

Passed

Turn ended!

Turn 8 started!

Battle initiated

Kiraya

Battle declared: Strike Rouge (Ootori) against Enemy Player

Crimson110

No blockers available

Action step

Crimson110

Passed

Kiraya

Passed

Battle started: Strike Rouge (Ootori) against Ra Cailum

Crimson110

Ra Cailum received 3 damage, leaving 2 HP remaining

Battle ended

Battle initiated

Kiraya

Battle declared: Graze Custom against Enemy Player

Crimson110

No blockers available

Action step

Crimson110

Passed

Kiraya

Passed

Battle started: Graze Custom against Ra Cailum

Crimson110

Ra Cailum received 2 damage, now destroyed

Battle ended

Kiraya

Gundam Gusion Rebake deployed

No targets for Gundam Gusion Rebake

Turn end phase started

Crimson110

Passed

Kiraya

Passed

Turn ended!

Turn 9 started!

Crimson110

Played base: Ra Cailum

Shield card added to hand

Kayra's Re-GZ deployed

Selecting target for Kayra's Re-GZ

Returned to deck top

Rick Dom deployed

Turn end phase started

Kiraya

Passed

Crimson110

Passed

Turn ended!

Turn 10 started!

Battle initiated

Kiraya

Battle declared: Graze Custom against Enemy Player

Crimson110

No blockers available

Action step

Crimson110

Passed

Kiraya

Passed

Battle started: Graze Custom against Ra Cailum

Crimson110

Ra Cailum received 2 damage, leaving 3 HP remaining

Battle ended

Battle initiated

Kiraya

Battle declared: Strike Rouge (Ootori) against Enemy Player

Crimson110

No blockers available

Action step

Crimson110

Passed

Kiraya

Passed

Battle started: Strike Rouge (Ootori) against Ra Cailum

Crimson110

Ra Cailum received 3 damage, now destroyed

Battle ended

Kiraya

Gundam Gusion Rebake deployed

Selecting target for Gundam Gusion Rebake

Gundam Gusion Rebake: Dealt 1 damage to: Gundam Gusion Rebake and Rick Dom

Graze Custom deployed

Turn end phase started

Crimson110

Passed

Kiraya

Passed

Turn ended!

Turn 11 started!

Crimson110

Played base: Ra Cailum

Shield card added to hand

Activated: Ra Cailum

Rested base: Ra Cailum

Ra Cailum: Modifier applied to: Kayra's Re-GZ

Battle initiated

Crimson110

Battle declared: Kayra's Re-GZ against Strike Rouge (Ootori)

Kiraya

Assigned Gundam Gusion Rebake to block

Action step

Kiraya

Passed

Crimson110

Passed

Battle started: Kayra's Re-GZ against Gundam Gusion Rebake

Kiraya

Gundam Gusion Rebake received 3 damage, leaving 2 HP remaining

Crimson110

Kayra's Re-GZ received 3 damage, reduced by 1, leaving 1 HP remaining

Battle ended

Crimson110

Nu Gundam deployed

Placed 1 Resource EX

Zaku Ⅱ deployed

Turn end phase started

Kiraya

Passed

Crimson110

Passed

Turn ended!

Turn 12 started!

Battle initiated

Kiraya

Battle declared: Strike Rouge (Ootori) against Enemy Player

Crimson110

No blockers available

Action step

Crimson110

Passed

Kiraya

Passed

Battle started: Strike Rouge (Ootori) against Ra Cailum

Crimson110

Ra Cailum received 3 damage, leaving 2 HP remaining

Battle ended

Battle initiated

Kiraya

Battle declared: Graze Custom against Enemy Player

Crimson110

No blockers available

Action step

Crimson110

Passed

Kiraya

Passed

Battle started: Graze Custom against Ra Cailum

Crimson110

Ra Cailum received 2 damage, now destroyed

Battle ended

Battle initiated

Kiraya

Battle declared: Graze Custom against Enemy Player

Crimson110

No blockers available

Action step

Crimson110

Passed

Kiraya

Passed

Battle started: Graze Custom against Enemy Shield

Crimson110

Shield card: Guntank revealed and discarded

Battle ended

Battle initiated

Kiraya

Battle declared: Gundam Gusion Rebake against Enemy Player

Crimson110

No blockers available

Action step

Crimson110

Passed

Kiraya

Passed

Battle started: Gundam Gusion Rebake against Enemy Shield

Crimson110

Shield card: Jegan revealed and discarded

Battle ended

Battle initiated

Kiraya

Battle declared: Gundam Gusion Rebake against Enemy Player

Crimson110

No blockers available

Action step

Crimson110

Passed

Kiraya

Passed

Battle started: Gundam Gusion Rebake against Enemy Shield

Crimson110

Shield card: Gundam revealed and discarded

Battle ended

Kiraya

Played command: Widespread Annihilation

Widespread Annihilation: destroyed Graze Custom, Strike Rouge (Ootori), Graze Custom, Kayra's Re-GZ, Rick Dom and Zaku Ⅱ

Turn end phase started

Crimson110

Passed

Kiraya

Passed

Turn ended!

Turn 13 started!

Battle initiated

Crimson110

Battle declared: Nu Gundam against Enemy Player

Kiraya

No blockers available

Action step

Kiraya

Passed

Crimson110

Passed

Battle started: Nu Gundam against Enemy Shield

Kiraya

Shield card: M1 Astray (Shrike) revealed and discarded

Battle ended

Crimson110

Nu Gundam deployed

Linked pilot: Amuro Ray on unit Nu Gundam

Selecting target for Nu Gundam

Ra Cailum, Ra Cailum and Ra Cailum exiled from the game

Selecting target for Nu Gundam

Battle started: Nu Gundam against Gundam Gusion Rebake

Kiraya

Gundam Gusion Rebake received 7 damage, now destroyed

Crimson110

Nu Gundam received 3 damage, leaving 4 HP remaining

Kiraya

Breach 5 Shield card: Axis revealed

Played base: Axis

Crimson110

Healed 2 damage to: Nu Gundam

Kiraya

Shield card added to hand

Battle ended

Battle initiated

Crimson110

Battle declared: Nu Gundam against Gundam Gusion Rebake

Kiraya

No blockers available

Action step

Kiraya

Passed

Crimson110

Passed

Battle started: Nu Gundam against Gundam Gusion Rebake

Kiraya

Gundam Gusion Rebake received 7 damage, now destroyed

Crimson110

Nu Gundam received 3 damage, leaving 3 HP remaining

Kiraya

Breach 5: : Axis received 5 damage, leaving 1 HP remaining

Crimson110

Healed 2 damage to: Nu Gundam

Battle ended

Turn end phase started

Kiraya

Passed

Crimson110

Passed

Turn ended!

Turn 14 started!

Kiraya

Strike Freedom Gundam deployed

Selecting target for Strike Freedom Gundam

Strike Freedom Gundam: Modifier applied to: Strike Freedom Gundam

Strike Freedom Gundam: chose Strike Freedom Gundam

Linked pilot: Kira Yamato on unit Strike Freedom Gundam

Kira Yamato: Draw a card

Battle initiated

Kiraya

Battle declared: Strike Freedom Gundam against Enemy Player

Selecting target for Strike Freedom Gundam

Winner!

Game ended!