Mobile Suit Arena - Battle logs
Game started!

Kiraya

Choose to play second

Choose to keep starting hand

Porkguy

Choose to keep starting hand

Turn 1 started!

Porkguy

Played command: Airframe Seizure

Selecting target for Airframe Seizure

Full Frontal discarded

Airframe Seizure: Draw 2 cards

Turn end phase started

Kiraya

Passed

Porkguy

Passed

Turn ended!

Turn 2 started!

Kiraya

Graze Custom deployed

Turn end phase started

Porkguy

Passed

Kiraya

Passed

Turn ended!

Turn 3 started!

Turn end phase started

Kiraya

Passed

Porkguy

Passed

Turn ended!

Turn 4 started!

Battle initiated

Kiraya

Battle declared: Graze Custom against Enemy Player

Porkguy

No blockers available

Action step

Porkguy

Passed

Kiraya

Passed

Battle started: Graze Custom against EX Base

Porkguy

EX Base received 2 damage, leaving 1 HP remaining

Battle ended

Kiraya

Gundam Barbatos 1st Form deployed

Turn end phase started

Porkguy

Played action: Close Combat

Close Combat: Dealt 2 damage to Gundam Barbatos 1st Form, now destroyed

Kiraya

Passed

Porkguy

Passed

Kiraya

Turn ended!

Turn 5 started!

Turn end phase started

Kiraya

Passed

Porkguy

Passed

Turn ended!

Turn 6 started!

Battle initiated

Kiraya

Battle declared: Graze Custom against Enemy Player

Porkguy

No blockers available

Action step

Porkguy

Passed

Kiraya

Passed

Battle started: Graze Custom against EX Base

Porkguy

EX Base received 2 damage, now destroyed

Battle ended

Kiraya

Graze Custom deployed

Replaced EX Base base: Axis

Shield card added to hand

Turn end phase started

Porkguy

Played action: Close Combat

Close Combat: Dealt 2 damage to Graze Custom, now destroyed

Kiraya

Passed

Porkguy

Passed

Kiraya

Turn ended!

Turn 7 started!

Porkguy

Played base: Mining Asteroid Palau

Shield card added to hand

Played command: A Show of Resolve

A Show of Resolve: Draw 2 cards

Turn end phase started

Kiraya

Passed

Porkguy

Passed

Turn ended!

Turn 8 started!

Kiraya

Gundam Barbatos 1st Form deployed

Gundam Barbatos Adapt deployed

No targets for Gundam Barbatos Adapt

Battle initiated

Kiraya

Battle declared: Graze Custom against Enemy Player

Porkguy

No blockers available

Action step

Porkguy

Passed

Kiraya

Passed

Battle started: Graze Custom against Mining Asteroid Palau

Porkguy

Mining Asteroid Palau received 2 damage, leaving 4 HP remaining

Battle ended

Kiraya

M1 Astray (Shrike) deployed

No targets for M1 Astray (Shrike)

Turn end phase started

Porkguy

Passed

Kiraya

Passed

Turn ended!

Turn 9 started!

Porkguy

Schuzrum-Galluss deployed

Linked pilot: Marida Cruz on unit Schuzrum-Galluss

Battle initiated

Porkguy

Battle declared: Schuzrum-Galluss against Graze Custom

Selecting target for Marida Cruz

Marida Cruz: Dealt 1 damage to Gundam Barbatos 1st Form, leaving 1 HP remaining

Kiraya

No blockers available

Action step

Kiraya

Passed

Porkguy

Played action: Battle of Aces

Battle of Aces: Dealt 3 damage to Gundam Barbatos 1st Form, now destroyed

Kiraya

Passed

Porkguy

Passed

Battle started: Schuzrum-Galluss against Graze Custom

Kiraya

Graze Custom received 6 damage, now destroyed

Porkguy

Schuzrum-Galluss received 2 damage, leaving 2 HP remaining

Battle ended

Turn end phase started

Kiraya

Passed

Porkguy

Passed

Turn ended!

Turn 10 started!

Battle initiated

Kiraya

Battle declared: Gundam Barbatos Adapt against Schuzrum-Galluss

Porkguy

No blockers available

Action step

Porkguy

Passed

Kiraya

Passed

Battle started: Gundam Barbatos Adapt against Schuzrum-Galluss

Porkguy

Schuzrum-Galluss received 2 damage, now destroyed

Kiraya

Gundam Barbatos Adapt received 6 damage, now destroyed

Battle ended

Kiraya

Gundam Flauros (Ryusei-Go) deployed

No targets for Gundam Flauros (Ryusei-Go)

M1 Astray (Shrike) deployed

No targets for M1 Astray (Shrike)

Battle initiated

Kiraya

Battle declared: M1 Astray (Shrike) against Enemy Player

Porkguy

No blockers available

Action step

Porkguy

Passed

Kiraya

Passed

Battle started: M1 Astray (Shrike) against Mining Asteroid Palau

Porkguy

Mining Asteroid Palau received 1 damage, leaving 3 HP remaining

Battle ended

Turn end phase started

Porkguy

Passed

Kiraya

Passed

Turn ended!

Turn 11 started!

Porkguy

Played command: A Show of Resolve

A Show of Resolve: Draw 2 cards

Schuzrum-Galluss deployed

Linked pilot: Full Frontal on unit Schuzrum-Galluss

Selecting target for Full Frontal

Battle initiated

Porkguy

Battle declared: Schuzrum-Galluss against M1 Astray (Shrike)

Kiraya

No blockers available

Action step

Kiraya

Passed

Porkguy

Passed

Battle started: Schuzrum-Galluss against M1 Astray (Shrike)

Kiraya

M1 Astray (Shrike) received 6 damage, now destroyed

Porkguy

Schuzrum-Galluss received 1 damage, leaving 4 HP remaining

Battle ended

Turn end phase started

Kiraya

Passed

Porkguy

Passed

Turn ended!

Turn 12 started!

Battle initiated

Kiraya

Battle declared: Gundam Flauros (Ryusei-Go) against Schuzrum-Galluss

No targets for Gundam Flauros (Ryusei-Go)

Porkguy

No blockers available

Action step

Porkguy

Passed

Kiraya

Passed

Battle started: Gundam Flauros (Ryusei-Go) against Schuzrum-Galluss

Porkguy

Schuzrum-Galluss received 5 damage, now destroyed

Kiraya

Gundam Flauros (Ryusei-Go) received 6 damage, now destroyed

Battle ended

Battle initiated

Kiraya

Battle declared: M1 Astray (Shrike) against Enemy Player

Porkguy

No blockers available

Action step

Porkguy

Passed

Kiraya

Passed

Battle started: M1 Astray (Shrike) against Mining Asteroid Palau

Porkguy

Mining Asteroid Palau received 1 damage, leaving 2 HP remaining

Battle ended

Kiraya

Gundam Gusion Rebake deployed

No targets for Gundam Gusion Rebake

Turn end phase started

Porkguy

Passed

Kiraya

Passed

Turn ended!

Turn 13 started!

Turn end phase started

Kiraya

Passed

Porkguy

Passed

Turn ended!

Turn 14 started!

Kiraya

Gundam Barbatos 1st Form deployed

Battle initiated

Kiraya

Battle declared: Gundam Gusion Rebake against Enemy Player

Porkguy

No blockers available

Action step

Porkguy

Passed

Kiraya

Passed

Battle started: Gundam Gusion Rebake against Mining Asteroid Palau

Porkguy

Mining Asteroid Palau received 3 damage, now destroyed

Battle ended

Battle initiated

Kiraya

Battle declared: M1 Astray (Shrike) against Enemy Player

Porkguy

No blockers available

Action step

Porkguy

Played action: Improved Technique

Improved Technique: Dealt 3 damage to M1 Astray (Shrike), now destroyed

Kiraya

Passed

Porkguy

Played action: Improved Technique

Improved Technique: Dealt 3 damage to Gundam Barbatos 1st Form, now destroyed

Kiraya

Passed

Porkguy

Passed

Battle ended

Turn end phase started

Porkguy

Passed

Kiraya

Passed

Turn ended!

Turn 15 started!

Porkguy

Played base: Mining Asteroid Palau

Shield card added to hand

Played command: A Show of Resolve

A Show of Resolve: Draw 2 cards

Kshatriya deployed

Turn end phase started

Kiraya

Passed

Porkguy

Passed

Turn ended!

Turn 16 started!

Kiraya

Gundam Barbatos Lupus deployed

Activated: Gundam Barbatos Lupus

Gundam Barbatos 1st Form, Graze Custom and Gundam Barbatos 1st Form exiled from the game

Selecting target for Gundam Barbatos Lupus

Gundam Barbatos Lupus: Dealt 2 damage to Kshatriya, leaving 2 HP remaining

Activated: Gundam Barbatos Lupus

Gundam Barbatos 1st Form, Gundam Barbatos Adapt and Gundam Flauros (Ryusei-Go) exiled from the game

Selecting target for Gundam Barbatos Lupus

Gundam Barbatos Lupus: Dealt 2 damage to Kshatriya, now destroyed

Battle initiated

Kiraya

Battle declared: Gundam Gusion Rebake against Enemy Player

Porkguy

No blockers available

Action step

Porkguy

Passed

Kiraya

Passed

Battle started: Gundam Gusion Rebake against Mining Asteroid Palau

Porkguy

Mining Asteroid Palau received 3 damage, leaving 3 HP remaining

Battle ended

Turn end phase started

Porkguy

Passed

Kiraya

Passed

Turn ended!

Turn 17 started!

Porkguy

Unicorn Gundam 02 Banshee (Destroy Mode) deployed

Linked pilot: Marida Cruz on unit Unicorn Gundam 02 Banshee (Destroy Mode)

Turn end phase started

Kiraya

Passed

Porkguy

Passed

Turn ended!

Turn 18 started!

Kiraya

Strike Freedom Gundam deployed

Selecting target for Strike Freedom Gundam

Strike Freedom Gundam: Modifier applied to: Gundam Barbatos Lupus

Strike Freedom Gundam: Modifier applied to: Strike Freedom Gundam

Strike Freedom Gundam: chose Gundam Barbatos Lupus and Strike Freedom Gundam

Battle initiated

Kiraya

Battle declared: Gundam Barbatos Lupus against Enemy Player

Porkguy

No blockers available

Action step

Porkguy

Passed

Kiraya

Passed

Battle started: Gundam Barbatos Lupus against Mining Asteroid Palau

Porkguy

Mining Asteroid Palau received 5 damage, now destroyed

Kiraya

Strike Freedom Gundam: Draw a card

Battle ended

Kiraya

Linked pilot: Kira Yamato on unit Strike Freedom Gundam

Kira Yamato: Draw a card

Battle initiated

Kiraya

Battle declared: Strike Freedom Gundam against Enemy Player

Selecting target for Strike Freedom Gundam

Axis and Gundam Gusion Rebake discarded

Selecting target for Strike Freedom Gundam

Porkguy

Unicorn Gundam 02 Banshee (Destroy Mode) and Marida Cruz returned to deck

No blockers available

Action step

Porkguy

Passed

Kiraya

Passed

Battle started: Strike Freedom Gundam against Enemy Shield

Porkguy

Shield card: Unicorn Gundam 02 Banshee (Destroy Mode) revealed and discarded

Kiraya

Strike Freedom Gundam: Draw a card

Battle ended

Battle initiated

Kiraya

Battle declared: Gundam Gusion Rebake against Enemy Player

Porkguy

No blockers available

Action step

Porkguy

Passed

Kiraya

Passed

Battle started: Gundam Gusion Rebake against Enemy Shield

Porkguy

Shield card: Close Combat revealed

Shield card: Close Combat moved to trash

Selecting target for Close Combat

Close Combat: Dealt 2 damage to Gundam Barbatos Lupus, leaving 3 HP remaining

Battle ended

Turn end phase started

Porkguy

Passed

Kiraya

Passed

Turn ended!

Turn 19 started!

Porkguy

Played action: Improved Technique

Improved Technique: Dealt 3 damage to Gundam Barbatos Lupus, now destroyed

Played base: Mining Asteroid Palau

Shield card added to hand

Turn end phase started

Kiraya

Passed

Porkguy

Passed

Turn ended!

Turn 20 started!

Kiraya

Strike Freedom Gundam deployed

Selecting target for Strike Freedom Gundam

Strike Freedom Gundam: Modifier applied to: Gundam Gusion Rebake

Strike Freedom Gundam: Modifier applied to: Strike Freedom Gundam

Strike Freedom Gundam: chose Gundam Gusion Rebake and Strike Freedom Gundam

Battle initiated

Kiraya

Battle declared: Strike Freedom Gundam against Enemy Player

Porkguy

No blockers available

Action step

Porkguy

Passed

Kiraya

Passed

Battle started: Strike Freedom Gundam against Mining Asteroid Palau

Porkguy

Mining Asteroid Palau received 7 damage, now destroyed

Kiraya

Strike Freedom Gundam: Draw a card

Battle ended

Battle initiated

Kiraya

Battle declared: Gundam Gusion Rebake against Enemy Player

Porkguy

No blockers available

Action step

Porkguy

Passed

Kiraya

Passed

Battle started: Gundam Gusion Rebake against Enemy Shield

Porkguy

Shield card: Kira Yamato revealed

Shield card added to hand: Kira Yamato

Kiraya

Strike Freedom Gundam: Draw a card

Battle ended

Kiraya

Linked pilot: Kira Yamato on unit Strike Freedom Gundam

Kira Yamato: Draw a card

Battle initiated

Kiraya

Battle declared: Strike Freedom Gundam against Enemy Player

Porkguy

No blockers available

Action step

Porkguy

Played action: Financier

Played base: EX Base

Kiraya

Passed

Porkguy

Passed

Kiraya

Battle started: Strike Freedom Gundam against EX Base

Porkguy

EX Base received 7 damage, now destroyed

Battle ended

Kiraya

Strike Rouge (Ootori) deployed

Turn end phase started

Porkguy

Passed

Kiraya

Passed

Turn ended!

Turn 21 started!

Porkguy

Strike Freedom Gundam deployed

Selecting target for Strike Freedom Gundam

Strike Freedom Gundam: Modifier applied to: Strike Freedom Gundam

Strike Freedom Gundam: chose Strike Freedom Gundam

Linked pilot: Kira Yamato on unit Strike Freedom Gundam

Kira Yamato: Draw a card

Battle initiated

Porkguy

Battle declared: Strike Freedom Gundam against Gundam Gusion Rebake

Selecting target for Strike Freedom Gundam

Neo Zeong and Strike Freedom Gundam discarded

Selecting target for Strike Freedom Gundam

Kiraya

Strike Rouge (Ootori) returned to deck

No blockers available

Action step

Kiraya

Passed

Porkguy

Passed

Battle started: Strike Freedom Gundam against Gundam Gusion Rebake

Kiraya

Gundam Gusion Rebake received 7 damage, now destroyed

Porkguy

Strike Freedom Gundam received 3 damage, leaving 5 HP remaining

Strike Freedom Gundam: Draw a card

Battle ended

Kiraya

Winner!

Game ended!