Mobile Suit Arena - Battle logs
Game started!

Wufei

Choose to play first

Kiraya

Choose to mulligan starting hand

Wufei

Choose to keep starting hand

Turn 1 started!

Turn end phase started

Kiraya

Passed

Wufei

Passed

Turn ended!

Turn 2 started!

Kiraya

Graze Custom deployed

Turn end phase started

Wufei

Passed

Kiraya

Passed

Turn ended!

Turn 3 started!

Wufei

Played command: Overflowing Affection

Overflowing Affection: Draw 2 cards

Selecting target for Overflowing Affection

Argama discarded

Turn end phase started

Kiraya

Passed

Wufei

Passed

Turn ended!

Turn 4 started!

Kiraya

Hyakuren deployed

Turn end phase started

Wufei

Passed

Kiraya

Passed

Turn ended!

Turn 5 started!

Wufei

Gundam Lfrith deployed

Turn end phase started

Kiraya

Passed

Wufei

Passed

Turn ended!

Turn 6 started!

Battle initiated

Kiraya

Battle declared: Hyakuren against Enemy Player

Wufei

Assigned no blocker

Action step

Wufei

Played action: Unforeseen Incident

Unforeseen Incident: Modifier applied to: Hyakuren

Kiraya

Passed

Wufei

Passed

Kiraya

Battle started: Hyakuren against EX Base

Wufei

EX Base received 1 damage, leaving 2 HP remaining

Battle ended

Kiraya

Graze Custom deployed

Graze Custom deployed

Turn end phase started

Wufei

Passed

Kiraya

Passed

Turn ended!

Turn 7 started!

Wufei

Paired pilot: Kira Yamato on unit Gundam Lfrith

Battle initiated

Wufei

Battle declared: Gundam Lfrith against Hyakuren

Selecting target for Kira Yamato

Kira Yamato: Modifier applied to: Hyakuren

Kiraya

No blockers available

Action step

Kiraya

Passed

Wufei

Passed

Battle started: Gundam Lfrith against Hyakuren

Kiraya

Hyakuren received 4 damage, now destroyed

Wufei

Gundam Lfrith received 2 damage, leaving 3 HP remaining

Battle ended

Wufei

Gundam Lfrith deployed

Turn end phase started

Kiraya

Passed

Wufei

Passed

Turn ended!

Turn 8 started!

Kiraya

Gundam Barbatos Adapt deployed

Selecting target for Gundam Barbatos Adapt

Gundam Barbatos Adapt: Dealt 1 damage to: Graze Custom and Gundam Lfrith

Gundam Barbatos Adapt deployed

Selecting target for Gundam Barbatos Adapt

Gundam Barbatos Adapt: Dealt 1 damage to: Gundam Barbatos Adapt and Gundam Lfrith

Linked pilot: Mikazuki Augus on unit Gundam Barbatos Adapt

Selecting target for Mikazuki Augus

Mikazuki Augus: Dealt 1 damage to: Graze Custom and Gundam Lfrith

Battle initiated

Kiraya

Battle declared: Graze Custom against Enemy Player

Wufei

Assigned Gundam Lfrith to block

Action step

Wufei

Passed

Kiraya

Passed

Battle started: Graze Custom against Gundam Lfrith

Wufei

Gundam Lfrith received 2 damage, leaving 2 HP remaining

Kiraya

Graze Custom received 2 damage, now destroyed

Battle ended

Battle initiated

Kiraya

Battle declared: Graze Custom against Gundam Lfrith

Wufei

No blockers available

Action step

Wufei

Passed

Kiraya

Passed

Battle started: Graze Custom against Gundam Lfrith

Wufei

Gundam Lfrith received 2 damage, now destroyed

Kiraya

Graze Custom received 2 damage, now destroyed

Battle ended

Battle initiated

Kiraya

Battle declared: Graze Custom against Enemy Player

Wufei

No blockers available

Action step

Wufei

Passed

Kiraya

Passed

Battle started: Graze Custom against EX Base

Wufei

EX Base received 2 damage, now destroyed

Battle ended

Battle initiated

Kiraya

Battle declared: Gundam Barbatos Adapt against Enemy Player

Wufei

No blockers available

Action step

Wufei

Passed

Kiraya

Passed

Battle started: Gundam Barbatos Adapt against Enemy Shield

Wufei

Shield card: Victory Gundam revealed and discarded

Battle ended

Turn end phase started

Wufei

Passed

Kiraya

Passed

Turn ended!

Turn 9 started!

Wufei

Victory Gundam deployed

Played base: Reineforce Jr.

Shield card added to hand

Parts deployed

Linked pilot: Üso Ewin on unit Victory Gundam

Parts deployed

Battle initiated

Wufei

Battle declared: Victory Gundam against Gundam Barbatos Adapt

Victory Gundam: Draw a card

Kiraya

No blockers available

Action step

Kiraya

Passed

Wufei

Passed

Battle started: Victory Gundam against Gundam Barbatos Adapt

Kiraya

Gundam Barbatos Adapt received 5 damage, now destroyed

Wufei

Victory Gundam received 4 damage, leaving 1 HP remaining

Battle ended

Turn end phase started

Kiraya

Passed

Wufei

Passed

Turn ended!

Turn 10 started!

Kiraya

Gundam Gusion Rebake deployed

Selecting target for Gundam Gusion Rebake

Gundam Gusion Rebake: Dealt 1 damage to: Gundam Gusion Rebake and Victory Gundam

Turn end phase started

Wufei

Passed

Kiraya

Passed

Turn ended!

Turn 11 started!

Wufei

Victory Gundam deployed

Silver Bullet deployed

Turn end phase started

Kiraya

Passed

Wufei

Passed

Turn ended!

Turn 12 started!

Kiraya

Gundam Gusion Rebake deployed

Selecting target for Gundam Gusion Rebake

Gundam Gusion Rebake: Dealt 1 damage to: Gundam Gusion Rebake and Parts

Turn end phase started

Wufei

Passed

Kiraya

Passed

Turn ended!

Turn 13 started!

Wufei

V-Dash Gundam deployed

Battle initiated

Wufei

Battle declared: Victory Gundam against Enemy Player

Victory Gundam: Draw a card

Kiraya

Assigned no blocker

Action step

Kiraya

Passed

Wufei

Passed

Battle started: Victory Gundam against EX Base

Kiraya

EX Base received 3 damage, now destroyed

Battle ended

Wufei

Replaced Reineforce Jr. base: Reineforce Jr.

Shield card added to hand

Parts deployed

Turn end phase started

Kiraya

Passed

Wufei

Passed

Turn ended!

Turn 14 started!

Kiraya

Strike Rouge (Ootori) deployed

Turn end phase started

Wufei

Passed

Kiraya

Passed

Turn ended!

Turn 15 started!

Wufei

Aile Strike Gundam deployed

Linked pilot: Kira Yamato on unit Aile Strike Gundam

Selecting target for Aile Strike Gundam

Kiraya

Strike Rouge (Ootori) returned to hand

Wufei

Activated: V-Dash Gundam

Rested unit: Parts

Selecting target for V-Dash Gundam

Rested unit: Gundam Gusion Rebake

Battle initiated

Wufei

Battle declared: V-Dash Gundam against Gundam Gusion Rebake

Kiraya

Assigned no blocker

Action step

Kiraya

Passed

Wufei

Passed

Battle started: V-Dash Gundam against Gundam Gusion Rebake

Kiraya

Gundam Gusion Rebake received 4 damage, now destroyed

Wufei

V-Dash Gundam received 3 damage, leaving 2 HP remaining

Kiraya

Breach 3 Shield card: Strike Rouge (Ootori) revealed and discarded

Battle ended

Battle initiated

Wufei

Battle declared: Victory Gundam against Enemy Player

Victory Gundam: Draw a card

Kiraya

Assigned no blocker

Action step

Kiraya

Passed

Wufei

Passed

Battle started: Victory Gundam against Enemy Shield

Kiraya

Shield card: Gundam Flauros (Ryusei-Go) revealed and discarded

Battle ended

Turn end phase started

Kiraya

Passed

Wufei

Passed

Turn ended!

Turn 16 started!

Kiraya

Played base: Axis

Shield card added to hand

Gundam Barbatos Lupus deployed

Activated: Gundam Barbatos Lupus

Gundam Barbatos Adapt, Gundam Gusion Rebake and Gundam Flauros (Ryusei-Go) exiled from the game

Selecting target for Gundam Barbatos Lupus

Gundam Barbatos Lupus: Dealt 2 damage to Parts, now destroyed

Activated: Gundam Barbatos Lupus

Hyakuren, Graze Custom and Graze Custom exiled from the game

Selecting target for Gundam Barbatos Lupus

Gundam Barbatos Lupus: Dealt 2 damage to Parts, now destroyed

Turn end phase started

Wufei

Passed

Kiraya

Passed

Turn ended!

Turn 17 started!

Wufei

V-Dash Gundam deployed

Played command: A Show of Resolve

A Show of Resolve: Draw 2 cards

Activated: V-Dash Gundam

Rested unit: V-Dash Gundam

Selecting target for V-Dash Gundam

Rested unit: Gundam Gusion Rebake

Battle initiated

Wufei

Battle declared: V-Dash Gundam against Gundam Gusion Rebake

Kiraya

No blockers available

Action step

Kiraya

Passed

Wufei

Passed

Battle started: V-Dash Gundam against Gundam Gusion Rebake

Kiraya

Gundam Gusion Rebake received 4 damage, now destroyed

Wufei

V-Dash Gundam received 3 damage, now destroyed

Kiraya

Breach 3: : Axis received 3 damage, leaving 3 HP remaining

Battle ended

Wufei

Zoloat (League Militaire) deployed

Battle initiated

Wufei

Battle declared: Victory Gundam against Enemy Player

Victory Gundam: Draw a card

Kiraya

No blockers available

Action step

Kiraya

Passed

Wufei

Passed

Battle started: Victory Gundam against Axis

Kiraya

Axis received 3 damage, now destroyed

Battle ended

Turn end phase started

Kiraya

Passed

Wufei

Passed

Turn ended!

Turn 18 started!

Kiraya

Strike Freedom Gundam deployed

Selecting target for Strike Freedom Gundam

Strike Freedom Gundam: Modifier applied to: Gundam Barbatos Lupus

Strike Freedom Gundam: Modifier applied to: Strike Freedom Gundam

Strike Freedom Gundam: chose Gundam Barbatos Lupus and Strike Freedom Gundam

Battle initiated

Kiraya

Battle declared: Gundam Barbatos Lupus against Victory Gundam

Wufei

Assigned no blocker

Action step

Wufei

Passed

Kiraya

Passed

Battle started: Gundam Barbatos Lupus against Victory Gundam

Wufei

Victory Gundam received 5 damage, now destroyed

Kiraya

Gundam Barbatos Lupus received 3 damage, leaving 2 HP remaining

Strike Freedom Gundam: Draw a card

Battle ended

Kiraya

Linked pilot: Kira Yamato on unit Strike Freedom Gundam

Kira Yamato: Draw a card

Battle initiated

Kiraya

Battle declared: Strike Freedom Gundam against V-Dash Gundam

Selecting target for Strike Freedom Gundam

Strike Rouge (Ootori) and Gundam Flauros (Ryusei-Go) discarded

Selecting target for Strike Freedom Gundam

Wufei

Zoloat (League Militaire) returned to deck

Assigned no blocker

Action step

Wufei

Passed

Kiraya

Passed

Battle started: Strike Freedom Gundam against V-Dash Gundam

Wufei

V-Dash Gundam received 7 damage, now destroyed

Kiraya

Strike Freedom Gundam received 4 damage, leaving 4 HP remaining

Strike Freedom Gundam: Draw a card

Battle ended

Turn end phase started

Wufei

Passed

Kiraya

Passed

Turn ended!

Turn 19 started!

Wufei

Zoloat (League Militaire) deployed

Aile Strike Gundam deployed

Linked pilot: Kira Yamato on unit Aile Strike Gundam

Selecting target for Aile Strike Gundam

Kiraya

Gundam Barbatos Adapt returned to hand

Battle initiated

Wufei

Battle declared: Aile Strike Gundam against Gundam Barbatos Lupus

Selecting target for Kira Yamato

Kira Yamato: Modifier applied to: Gundam Barbatos Lupus

Kiraya

No blockers available

Action step

Kiraya

Passed

Wufei

Passed

Battle started: Aile Strike Gundam against Gundam Barbatos Lupus

Kiraya

Gundam Barbatos Lupus received 6 damage, now destroyed

Wufei

Aile Strike Gundam received 3 damage, leaving 2 HP remaining

Battle ended

Wufei

Victory Gundam deployed

Turn end phase started

Kiraya

Passed

Wufei

Passed

Turn ended!

Turn 20 started!

Battle initiated

Kiraya

Battle declared: Graze Custom against Aile Strike Gundam

Wufei

Assigned no blocker

Action step

Wufei

Passed

Kiraya

Passed

Battle started: Graze Custom against Aile Strike Gundam

Wufei

Aile Strike Gundam received 2 damage, now destroyed

Kiraya

Graze Custom received 6 damage, now destroyed

Battle ended

Kiraya

Played command: Widespread Annihilation

Widespread Annihilation: destroyed Zoloat (League Militaire) and Victory Gundam

Battle initiated

Kiraya

Battle declared: Strike Freedom Gundam against Enemy Player

Selecting target for Strike Freedom Gundam

Gundam Barbatos Adapt and Hyakuren discarded

Selecting target for Strike Freedom Gundam

Wufei

Silver Bullet returned to deck

Assigned no blocker

Action step

Wufei

Passed

Kiraya

Passed

Battle started: Strike Freedom Gundam against Reineforce Jr.

Wufei

Reineforce Jr. received 7 damage, now destroyed

Battle ended

Kiraya

Gundam Barbatos 1st Form deployed

Linked pilot: Mikazuki Augus on unit Gundam Barbatos 1st Form

Selecting target for Mikazuki Augus

Mikazuki Augus: Dealt 1 damage to: Gundam Barbatos 1st Form and Aile Strike Gundam

Battle initiated

Kiraya

Battle declared: Gundam Barbatos 1st Form against Enemy Player

Gundam Barbatos 1st Form: Draw a card

Wufei

Assigned Aile Strike Gundam to block

Action step

Wufei

Passed

Kiraya

Passed

Battle started: Gundam Barbatos 1st Form against Aile Strike Gundam

Wufei

Aile Strike Gundam received 5 damage, now destroyed

Kiraya

Gundam Barbatos 1st Form received 6 damage, now destroyed

Battle ended

Kiraya

Played base: Axis

Shield card added to hand

Turn end phase started

Wufei

Passed

Kiraya

Passed

Turn ended!

Turn 21 started!

Wufei

Played base: Argama

Shield card added to hand

Freedom Gundam deployed

Linked pilot: Kira Yamato on unit Freedom Gundam

Selecting target for Freedom Gundam

Freedom Gundam: Modifier applied to: Strike Freedom Gundam

Kira Yamato: Draw a card

Battle initiated

Wufei

Battle declared: Freedom Gundam against Strike Freedom Gundam

Kiraya

No blockers available

Action step

Kiraya

Passed

Wufei

Passed

Battle started: Freedom Gundam against Strike Freedom Gundam

Kiraya

Strike Freedom Gundam received 6 damage, now destroyed

Wufei

Freedom Gundam received 5 damage, leaving 3 HP remaining

Battle ended

Wufei

Played command: Overflowing Affection

Overflowing Affection: Draw 2 cards

Selecting target for Overflowing Affection

Rick Dias discarded

Turn end phase started

Kiraya

Passed

Wufei

Passed

Turn ended!

Turn 22 started!

Kiraya

Gundam Exia Repair deployed

Turn end phase started

Wufei

Passed

Kiraya

Passed

Turn ended!

Turn 23 started!

Wufei

Strike Freedom Gundam deployed

Selecting target for Strike Freedom Gundam

Strike Freedom Gundam: Modifier applied to: Freedom Gundam

Strike Freedom Gundam: Modifier applied to: Strike Freedom Gundam

Strike Freedom Gundam: chose Freedom Gundam and Strike Freedom Gundam

Battle initiated

Wufei

Battle declared: Freedom Gundam against Enemy Player

Kiraya

No blockers available

Action step

Kiraya

Passed

Wufei

Passed

Battle started: Freedom Gundam against Axis

Kiraya

Axis received 6 damage, now destroyed

Wufei

Strike Freedom Gundam: Draw a card

Battle ended

Wufei

Played command: Overflowing Affection

Overflowing Affection: Draw 2 cards

Selecting target for Overflowing Affection

Victory Gundam discarded

Linked pilot: Kira Yamato on unit Strike Freedom Gundam

Battle initiated

Wufei

Battle declared: Strike Freedom Gundam against Enemy Player

Selecting target for Kira Yamato

Kira Yamato: Modifier applied to: Gundam Exia Repair

Selecting target for Strike Freedom Gundam

Kiraya

No blockers available

Action step

Kiraya

Passed

Wufei

Passed

Battle started: Strike Freedom Gundam against Enemy Shield

Kiraya

Shield card: Gundam Exia Repair revealed and discarded

Wufei

Strike Freedom Gundam: Draw a card

Battle ended

Turn end phase started

Kiraya

Passed

Wufei

Passed

Turn ended!

Turn 24 started!

Kiraya

Paired pilot: Kira Yamato on unit Gundam Exia Repair

Battle initiated

Kiraya

Battle declared: Gundam Exia Repair against Freedom Gundam

Wufei

No blockers available

Action step

Wufei

Played action: Graceful Demeanor

Kiraya

Gundam Exia Repair and Kira Yamato returned to hand

Passed

Wufei

Passed

Battle ended

Kiraya

Gundam Exia Repair deployed

Turn end phase started

Wufei

Passed

Kiraya

Passed

Turn ended!

Turn 25 started!

Battle initiated

Wufei

Battle declared: Freedom Gundam against Enemy Player

Kiraya

No blockers available

Action step

Kiraya

Passed

Wufei

Passed

Battle started: Freedom Gundam against Enemy Shield

Kiraya

Shield card: Graze Custom revealed and discarded

Battle ended

Wufei

Silver Bullet deployed

Rick Dias deployed

Zoloat (League Militaire) deployed

Paired pilot: Üso Ewin on unit Silver Bullet

Selecting target for Freedom Gundam

Freedom Gundam: Modifier applied to: Gundam Exia Repair

Battle initiated

Wufei

Battle declared: Strike Freedom Gundam against Enemy Player

Selecting target for Kira Yamato

Kira Yamato: Modifier applied to: Gundam Exia Repair

Kiraya

No blockers available

Action step

Kiraya

Passed

Wufei

Passed

Battle started: Strike Freedom Gundam against Enemy Player

Kiraya

No more shields available, game is over!

Wufei

Winner!

Game ended!