Mobile Suit Arena - Battle logs
Game started!

Alvarn

Choose to play first

Choose to keep starting hand

Kiraya

Choose to keep starting hand

Turn 1 started!

Turn end phase started

Kiraya

Passed

Alvarn

Passed

Turn ended!

Turn 2 started!

Kiraya

Graze Custom deployed

Turn end phase started

Alvarn

Passed

Kiraya

Passed

Turn ended!

Turn 3 started!

Alvarn

Zaku Ⅱ deployed

Turn end phase started

Kiraya

Passed

Alvarn

Passed

Turn ended!

Turn 4 started!

Kiraya

Hyakuren deployed

Turn end phase started

Alvarn

Passed

Kiraya

Passed

Turn ended!

Turn 5 started!

Alvarn

Rick Dom deployed

Battle initiated

Alvarn

Battle declared: Zaku Ⅱ against Enemy Player

Zaku Ⅱ: Modifier applied to: Zaku Ⅱ

Kiraya

No blockers available

Action step

Kiraya

Passed

Alvarn

Passed

Battle started: Zaku Ⅱ against EX Base

Kiraya

EX Base received 3 damage, now destroyed

Battle ended

Turn end phase started

Kiraya

Passed

Alvarn

Passed

Turn ended!

Turn 6 started!

Battle initiated

Kiraya

Battle declared: Hyakuren against Enemy Player

Alvarn

No blockers available

Action step

Alvarn

Passed

Kiraya

Passed

Battle started: Hyakuren against EX Base

Alvarn

EX Base received 4 damage, now destroyed

Battle ended

Battle initiated

Kiraya

Battle declared: Graze Custom against Zaku Ⅱ

Alvarn

No blockers available

Action step

Alvarn

Passed

Kiraya

Passed

Battle started: Graze Custom against Zaku Ⅱ

Alvarn

Zaku Ⅱ received 2 damage, now destroyed

Kiraya

Graze Custom received 1 damage, leaving 1 HP remaining

Battle ended

Kiraya

Hyakuren deployed

Gundam Exia Repair deployed

Turn end phase started

Alvarn

Passed

Kiraya

Passed

Turn ended!

Turn 7 started!

Battle initiated

Alvarn

Battle declared: Rick Dom against Graze Custom

Kiraya

No blockers available

Action step

Kiraya

Passed

Alvarn

Passed

Battle started: Rick Dom against Graze Custom

Kiraya

Graze Custom received 3 damage, now destroyed

Alvarn

Rick Dom received 2 damage, leaving 1 HP remaining

Kiraya

Breach 2 Shield card: Axis revealed

Played base: Axis

Shield card added to hand

Battle ended

Alvarn

Re-GZ deployed

Turn end phase started

Kiraya

Passed

Alvarn

Passed

Turn ended!

Turn 8 started!

Kiraya

Gundam Barbatos Adapt deployed

Selecting target for Gundam Barbatos Adapt

Gundam Barbatos Adapt: Dealt 1 damage to: Gundam Barbatos Adapt and Rick Dom

Battle initiated

Kiraya

Battle declared: Gundam Exia Repair against Enemy Player

Alvarn

No blockers available

Action step

Alvarn

Passed

Kiraya

Passed

Battle started: Gundam Exia Repair against Enemy Shield

Alvarn

Shield card: Kayra's Re-GZ revealed and discarded

Battle ended

Battle initiated

Kiraya

Battle declared: Hyakuren against Enemy Player

Alvarn

No blockers available

Action step

Alvarn

Passed

Kiraya

Passed

Battle started: Hyakuren against Enemy Shield

Alvarn

Shield card: Zaku Ⅱ revealed and discarded

Battle ended

Battle initiated

Kiraya

Battle declared: Hyakuren against Enemy Player

Alvarn

No blockers available

Action step

Alvarn

Passed

Kiraya

Passed

Battle started: Hyakuren against Enemy Shield

Alvarn

Shield card: Jegan revealed and discarded

Battle ended

Turn end phase started

Alvarn

Passed

Kiraya

Passed

Turn ended!

Turn 9 started!

Alvarn

Guntank deployed

Selecting target for Guntank

Guntank: Dealt 1 damage to Gundam Exia Repair, now destroyed

Kiraya

Gundam Exia Repair milled 2: Mikazuki Augus and Gundam Barbatos 1st Form moved to trash

Alvarn

Gundam deployed

Linked pilot: Amuro Ray on unit Gundam

Selecting target for Amuro Ray

Rested unit: Gundam Barbatos Adapt

Battle initiated

Alvarn

Battle declared: Re-GZ against Hyakuren

Kiraya

No blockers available

Action step

Kiraya

Passed

Alvarn

Passed

Battle started: Re-GZ against Hyakuren

Kiraya

Hyakuren received 5 damage, now destroyed

Alvarn

Re-GZ received 4 damage, now destroyed

Selecting target for Re-GZ

Card added to hand: Kayra's Re-GZ

Battle ended

Battle initiated

Alvarn

Battle declared: Gundam against Gundam Barbatos Adapt

Kiraya

No blockers available

Action step

Kiraya

Passed

Alvarn

Passed

Battle started: Gundam against Gundam Barbatos Adapt

Kiraya

Gundam Barbatos Adapt received 6 damage, now destroyed

Alvarn

Gundam received 2 damage, leaving 3 HP remaining

Battle ended

Turn end phase started

Kiraya

Passed

Alvarn

Passed

Gundam repaired 2 from [Repair 2]

Turn ended!

Turn 10 started!

Battle initiated

Kiraya

Battle declared: Hyakuren against Enemy Player

Alvarn

No blockers available

Action step

Alvarn

Passed

Kiraya

Passed

Battle started: Hyakuren against Enemy Shield

Alvarn

Shield card: Amuro Ray revealed

Shield card added to hand: Amuro Ray

Battle ended

Kiraya

Graze Custom deployed

Turn end phase started

Alvarn

Passed

Kiraya

Passed

Turn ended!

Turn 11 started!

Battle initiated

Alvarn

Battle declared: Gundam against Hyakuren

Kiraya

No blockers available

Action step

Kiraya

Passed

Alvarn

Passed

Battle started: Gundam against Hyakuren

Kiraya

Hyakuren received 6 damage, now destroyed

Alvarn

Gundam received 4 damage, leaving 1 HP remaining

Battle ended

Battle initiated

Alvarn

Battle declared: Guntank against Enemy Player

Kiraya

No blockers available

Action step

Kiraya

Passed

Alvarn

Passed

Battle started: Guntank against Axis

Kiraya

Axis received 2 damage, leaving 4 HP remaining

Battle ended

Alvarn

Re-GZ deployed

ReZEL deployed

Zaku Ⅱ deployed

Turn end phase started

Kiraya

Passed

Alvarn

Passed

Gundam repaired 2 from [Repair 2]

Turn ended!

Turn 12 started!

Battle initiated

Kiraya

Battle declared: Graze Custom against Enemy Player

Alvarn

No blockers available

Action step

Alvarn

Passed

Kiraya

Passed

Battle started: Graze Custom against Enemy Shield

Alvarn

Shield card: Amuro Ray revealed

Shield card added to hand: Amuro Ray

Battle ended

Kiraya

Played command: Widespread Annihilation

Widespread Annihilation: destroyed Guntank, Gundam, Re-GZ, ReZEL, Zaku Ⅱ and Graze Custom

Alvarn

Selecting target for Re-GZ

Card added to hand: Jegan

Turn end phase started

Alvarn

Passed

Kiraya

Passed

Turn ended!

Turn 13 started!

Alvarn

Rick Dom deployed

Gundam NT-1 deployed

Jegan deployed

Turn end phase started

Kiraya

Passed

Alvarn

Passed

Turn ended!

Turn 14 started!

Kiraya

Played command: Widespread Annihilation

Widespread Annihilation: destroyed Rick Dom and Jegan

Turn end phase started

Alvarn

Passed

Kiraya

Passed

Turn ended!

Turn 15 started!

Battle initiated

Alvarn

Battle declared: Gundam NT-1 against Enemy Player

Kiraya

No blockers available

Action step

Kiraya

Passed

Alvarn

Passed

Battle started: Gundam NT-1 against Axis

Kiraya

Axis received 4 damage, now destroyed

Battle ended

Alvarn

Played command: A Show of Resolve

A Show of Resolve: Draw 2 cards

Rick Dom deployed

Kayra's Re-GZ deployed

Selecting target for Kayra's Re-GZ

Returned to deck top

Played base: Ra Cailum

Shield card added to hand

Turn end phase started

Kiraya

Passed

Alvarn

Passed

Turn ended!

Turn 16 started!

Kiraya

Gundam Barbatos Lupus deployed

Activated: Gundam Barbatos Lupus

Gundam Barbatos 1st Form, Hyakuren and Graze Custom exiled from the game

Selecting target for Gundam Barbatos Lupus

Gundam Barbatos Lupus: Dealt 2 damage to Gundam NT-1, leaving 2 HP remaining

Activated: Gundam Barbatos Lupus

Graze Custom, Hyakuren and Gundam Barbatos Adapt exiled from the game

Selecting target for Gundam Barbatos Lupus

Gundam Barbatos Lupus: Dealt 2 damage to Gundam NT-1, now destroyed

Linked pilot: Mikazuki Augus on unit Gundam Barbatos Lupus

Selecting target for Mikazuki Augus

Mikazuki Augus: Dealt 1 damage to: Gundam Barbatos Lupus and Rick Dom

Battle initiated

Kiraya

Battle declared: Gundam Barbatos Lupus against Enemy Player

Alvarn

No blockers available

Action step

Alvarn

Passed

Kiraya

Passed

Battle started: Gundam Barbatos Lupus against Ra Cailum

Alvarn

Ra Cailum received 7 damage, now destroyed

Battle ended

Kiraya

M1 Astray (Shrike) deployed

No targets for M1 Astray (Shrike)

Paired pilot: Kira Yamato on unit M1 Astray (Shrike)

Turn end phase started

Alvarn

Passed

Kiraya

Passed

Turn ended!

Turn 17 started!

Alvarn

Nu Gundam deployed

Linked pilot: Amuro Ray on unit Nu Gundam

Selecting target for Nu Gundam

Re-GZ, Jegan and Ra Cailum exiled from the game

Selecting target for Nu Gundam

Battle started: Nu Gundam against M1 Astray (Shrike)

Kiraya

M1 Astray (Shrike) received 7 damage, now destroyed

Alvarn

Nu Gundam received 3 damage, leaving 4 HP remaining

Healed 2 damage to: Nu Gundam

Kiraya

Breach 5 Shield card: Gundam Gusion Rebake revealed and discarded

Battle ended

Battle initiated

Alvarn

Battle declared: Rick Dom against Enemy Player

Kiraya

No blockers available

Action step

Kiraya

Passed

Alvarn

Passed

Battle started: Rick Dom against Enemy Shield

Kiraya

Shield card: Hyakuren revealed and discarded

Battle ended

Battle initiated

Alvarn

Battle declared: Kayra's Re-GZ against Enemy Player

Kiraya

No blockers available

Action step

Kiraya

Passed

Alvarn

Passed

Battle started: Kayra's Re-GZ against Enemy Shield

Kiraya

Shield card: Mikazuki Augus revealed

Shield card added to hand: Mikazuki Augus

Battle ended

Battle initiated

Alvarn

Battle declared: Nu Gundam against Gundam Barbatos Lupus

Kiraya

No blockers available

Action step

Kiraya

Passed

Alvarn

Passed

Battle started: Nu Gundam against Gundam Barbatos Lupus

Kiraya

Gundam Barbatos Lupus received 7 damage, now destroyed

Alvarn

Nu Gundam received 7 damage, now destroyed

Kiraya

Breach 5 Shield card: Gundam Flauros (Ryusei-Go) revealed and discarded

Battle ended

Turn end phase started

Kiraya

Passed

Alvarn

Passed

Turn ended!

Turn 18 started!

Kiraya

Graze Custom deployed

Gundam Gusion Rebake deployed

Selecting target for Gundam Gusion Rebake

Gundam Gusion Rebake: Dealt 1 damage to: Graze Custom and Rick Dom

Paired pilot: Mikazuki Augus on unit Gundam Gusion Rebake

Selecting target for Mikazuki Augus

Mikazuki Augus: Dealt 1 damage to: Gundam Gusion Rebake and Rick Dom

Turn end phase started

Alvarn

Passed

Kiraya

Passed

Turn ended!

Turn 19 started!

Alvarn

Gundam deployed

Linked pilot: Amuro Ray on unit Gundam

Selecting target for Amuro Ray

Rested unit: Gundam Gusion Rebake

Battle initiated

Alvarn

Battle declared: Gundam against Enemy Player

Kiraya

No blockers available

Action step

Kiraya

Passed

Alvarn

Passed

Battle started: Gundam against Enemy Player

Kiraya

No more shields available, game is over!

Alvarn

Winner!

Game ended!