Mobile Suit Arena - Battle logs
Game started!

Kiraya

Choose to play second

Choose to mulligan starting hand

Repede

Choose to keep starting hand

Turn 1 started!

Turn end phase started

Kiraya

Passed

Repede

Passed

Turn ended!

Turn 2 started!

Kiraya

Graze Custom deployed

Turn end phase started

Repede

Passed

Kiraya

Passed

Turn ended!

Turn 3 started!

Repede

Zoloat (League Militaire) deployed

Turn end phase started

Kiraya

Passed

Repede

Passed

Turn ended!

Turn 4 started!

Kiraya

Gundam Exia Repair deployed

M1 Astray (Shrike) deployed

No targets for M1 Astray (Shrike)

Turn end phase started

Repede

Passed

Kiraya

Passed

Turn ended!

Turn 5 started!

Repede

Played command: Overflowing Affection

Overflowing Affection: Draw 2 cards

Selecting target for Overflowing Affection

Unforeseen Incident discarded

Zoloat (League Militaire) deployed

Turn end phase started

Kiraya

Passed

Repede

Passed

Turn ended!

Turn 6 started!

Kiraya

Hyakuren deployed

Battle initiated

Kiraya

Battle declared: Gundam Exia Repair against Enemy Player

Repede

Assigned no blocker

Action step

Repede

Passed

Kiraya

Passed

Battle started: Gundam Exia Repair against EX Base

Repede

EX Base received 2 damage, leaving 1 HP remaining

Battle ended

Battle initiated

Kiraya

Battle declared: Graze Custom against Enemy Player

Repede

Assigned Zoloat (League Militaire) to block

Action step

Repede

Passed

Kiraya

Passed

Battle started: Graze Custom against Zoloat (League Militaire)

Repede

Zoloat (League Militaire) received 2 damage, now destroyed

Kiraya

Graze Custom received 3 damage, now destroyed

Battle ended

Turn end phase started

Repede

Passed

Kiraya

Passed

Turn ended!

Turn 7 started!

Repede

Victory Gundam deployed

Linked pilot: Üso Ewin on unit Victory Gundam

Parts deployed

Battle initiated

Repede

Battle declared: Victory Gundam against Enemy Player

Victory Gundam: Draw a card

Kiraya

No blockers available

Action step

Kiraya

Passed

Repede

Passed

Battle started: Victory Gundam against EX Base

Kiraya

EX Base received 5 damage, now destroyed

Battle ended

Turn end phase started

Kiraya

Passed

Repede

Passed

Turn ended!

Turn 8 started!

Battle initiated

Kiraya

Battle declared: Gundam Exia Repair against Enemy Player

Repede

Assigned no blocker

Action step

Repede

Passed

Kiraya

Passed

Battle started: Gundam Exia Repair against EX Base

Repede

EX Base received 2 damage, now destroyed

Battle ended

Battle initiated

Kiraya

Battle declared: Hyakuren against Enemy Player

Repede

Assigned Zoloat (League Militaire) to block

Action step

Repede

Passed

Kiraya

Passed

Battle started: Hyakuren against Zoloat (League Militaire)

Repede

Zoloat (League Militaire) received 4 damage, now destroyed

Kiraya

Hyakuren received 3 damage, now destroyed

Battle ended

Battle initiated

Kiraya

Battle declared: M1 Astray (Shrike) against Enemy Player

Repede

No blockers available

Action step

Repede

Passed

Kiraya

Passed

Battle started: M1 Astray (Shrike) against Enemy Shield

Repede

Shield card: Kira Yamato revealed

Shield card added to hand: Kira Yamato

Battle ended

Kiraya

Strike Rouge (Ootori) deployed

Turn end phase started

Repede

Passed

Kiraya

Passed

Turn ended!

Turn 9 started!

Battle initiated

Repede

Battle declared: Parts against Gundam Exia Repair

Kiraya

Assigned no blocker

Action step

Kiraya

Passed

Repede

Passed

Battle started: Parts against Gundam Exia Repair

Kiraya

Gundam Exia Repair received 1 damage, now destroyed

Repede

Parts received 2 damage, now destroyed

Kiraya

Gundam Exia Repair milled 2: Hyakuren and Strike Freedom Gundam moved to trash

Battle ended

Battle initiated

Repede

Battle declared: Victory Gundam against M1 Astray (Shrike)

Kiraya

Assigned no blocker

Action step

Kiraya

Passed

Repede

Passed

Battle started: Victory Gundam against M1 Astray (Shrike)

Kiraya

M1 Astray (Shrike) received 5 damage, now destroyed

Repede

Victory Gundam received 1 damage, leaving 4 HP remaining

Battle ended

Repede

Aile Strike Gundam deployed

Linked pilot: Kira Yamato on unit Aile Strike Gundam

Selecting target for Aile Strike Gundam

Kiraya

Strike Rouge (Ootori) returned to hand

Battle initiated

Repede

Battle declared: Aile Strike Gundam against Enemy Player

No targets for Kira Yamato

Kiraya

No blockers available

Action step

Kiraya

Passed

Repede

Passed

Battle started: Aile Strike Gundam against Enemy Shield

Kiraya

Shield card: Gundam Barbatos Adapt revealed and discarded

Battle ended

Turn end phase started

Kiraya

Passed

Repede

Passed

Turn ended!

Turn 10 started!

Kiraya

Played command: Widespread Annihilation

Widespread Annihilation: destroyed Victory Gundam

Turn end phase started

Repede

Passed

Kiraya

Passed

Turn ended!

Turn 11 started!

Battle initiated

Repede

Battle declared: Aile Strike Gundam against Enemy Player

No targets for Kira Yamato

Kiraya

No blockers available

Action step

Kiraya

Passed

Repede

Passed

Battle started: Aile Strike Gundam against Enemy Shield

Kiraya

Shield card: Kira Yamato revealed

Shield card added to hand: Kira Yamato

Battle ended

Repede

Played command: A Show of Resolve

A Show of Resolve: Draw 2 cards

Silver Bullet deployed

Turn end phase started

Kiraya

Passed

Repede

Passed

Turn ended!

Turn 12 started!

Kiraya

Strike Rouge (Ootori) deployed

Gundam Barbatos 1st Form deployed

Linked pilot: Mikazuki Augus on unit Gundam Barbatos 1st Form

Selecting target for Mikazuki Augus

Mikazuki Augus: Dealt 1 damage to: Strike Rouge (Ootori) and Aile Strike Gundam

Battle initiated

Kiraya

Battle declared: Gundam Barbatos 1st Form against Aile Strike Gundam

Repede

Assigned Silver Bullet to block

Action step

Repede

Passed

Kiraya

Passed

Battle started: Gundam Barbatos 1st Form against Silver Bullet

Repede

Silver Bullet received 5 damage, now destroyed

Kiraya

Gundam Barbatos 1st Form received 4 damage, now destroyed

Battle ended

Turn end phase started

Repede

Passed

Kiraya

Passed

Turn ended!

Turn 13 started!

Repede

V-Dash Gundam deployed

Linked pilot: Üso Ewin on unit V-Dash Gundam

Parts deployed

Gundam Lfrith deployed

Activated: V-Dash Gundam

Rested unit: Parts

Selecting target for V-Dash Gundam

Rested unit: Strike Rouge (Ootori)

Battle initiated

Repede

Battle declared: V-Dash Gundam against Enemy Player

Kiraya

No blockers available

Action step

Kiraya

Passed

Repede

Passed

Battle started: V-Dash Gundam against Enemy Shield

Kiraya

Shield card: Strike Freedom Gundam revealed and discarded

Battle ended

Battle initiated

Repede

Battle declared: Aile Strike Gundam against Enemy Player

Selecting target for Kira Yamato

Kira Yamato: Modifier applied to: Strike Rouge (Ootori)

Kiraya

No blockers available

Action step

Kiraya

Passed

Repede

Passed

Battle started: Aile Strike Gundam against Enemy Shield

Kiraya

Shield card: Gundam Exia Repair revealed and discarded

Battle ended

Turn end phase started

Kiraya

Passed

Repede

Passed

Turn ended!

Turn 14 started!

Kiraya

Gundam Flauros (Ryusei-Go) deployed

Selecting target for Gundam Flauros (Ryusei-Go)

Linked pilot: Kira Yamato on unit Strike Rouge (Ootori)

Kira Yamato: Draw a card

Battle initiated

Kiraya

Battle declared: Strike Rouge (Ootori) against Aile Strike Gundam

Repede

Assigned Gundam Lfrith to block

Action step

Repede

Passed

Kiraya

Passed

Battle started: Strike Rouge (Ootori) against Gundam Lfrith

Repede

Gundam Lfrith received 5 damage, now destroyed

Kiraya

Strike Rouge (Ootori) received 2 damage, leaving 3 HP remaining

Battle ended

Kiraya

Played base: Axis

Shield card added to hand

Graze Custom deployed

Turn end phase started

Repede

Passed

Kiraya

Passed

Turn ended!

Turn 15 started!

Battle initiated

Repede

Battle declared: V-Dash Gundam against Enemy Player

Kiraya

No blockers available

Action step

Kiraya

Passed

Repede

Passed

Battle started: V-Dash Gundam against Axis

Kiraya

Axis received 6 damage, now destroyed

Battle ended

Battle initiated

Repede

Battle declared: Aile Strike Gundam against Enemy Player

Selecting target for Kira Yamato

Kira Yamato: Modifier applied to: Strike Rouge (Ootori)

Kiraya

No blockers available

Action step

Kiraya

Passed

Repede

Passed

Battle started: Aile Strike Gundam against Enemy Shield

Kiraya

Shield card: Mikazuki Augus revealed

Shield card added to hand: Mikazuki Augus

Battle ended

Repede

Freedom Gundam deployed

Linked pilot: Kira Yamato on unit Freedom Gundam

Selecting target for Freedom Gundam

Freedom Gundam: Modifier applied to: Strike Rouge (Ootori)

Battle initiated

Repede

Battle declared: Freedom Gundam against Enemy Player

Selecting target for Kira Yamato

Kira Yamato: Modifier applied to: Strike Rouge (Ootori)

Kiraya

No blockers available

Action step

Kiraya

Passed

Repede

Passed

Battle started: Freedom Gundam against Enemy Player

Kiraya

No more shields available, game is over!

Repede

Winner!

Game ended!