Mobile Suit Arena - Battle logs
Game started!

WiNG

Choose to play second

Kiraya

Choose to keep starting hand

WiNG

Choose to keep starting hand

Turn 1 started!

Turn end phase started

WiNG

Passed

Kiraya

Passed

Turn ended!

Turn 2 started!

WiNG

Gundam Exia Repair deployed

Turn end phase started

Kiraya

Passed

WiNG

Passed

Turn ended!

Turn 3 started!

Kiraya

Graze Custom deployed

Gundam Exia Repair deployed

Turn end phase started

WiNG

Passed

Kiraya

Passed

Turn ended!

Turn 4 started!

WiNG

Char's Zaku Ⅱ deployed

Linked pilot: Char Aznable on unit Char's Zaku Ⅱ

Battle initiated

WiNG

Battle declared: Char's Zaku Ⅱ against Enemy Player

Char Aznable: Modifier applied to: Char's Zaku Ⅱ

Kiraya

Can't block High-maneuver

Action step

Kiraya

Passed

WiNG

Passed

Battle started: Char's Zaku Ⅱ against EX Base

Kiraya

EX Base received 5 damage, now destroyed

Battle ended

Battle initiated

WiNG

Battle declared: Gundam Exia Repair against Enemy Player

Kiraya

No blockers available

Action step

Kiraya

Passed

WiNG

Passed

Battle started: Gundam Exia Repair against Enemy Shield

Kiraya

Shield card: Gundam Exia Repair revealed and discarded

Battle ended

Turn end phase started

Kiraya

Passed

WiNG

Passed

Turn ended!

Turn 5 started!

Battle initiated

Kiraya

Battle declared: Gundam Exia Repair against Gundam Exia Repair

WiNG

No blockers available

Action step

WiNG

Passed

Kiraya

Passed

Battle started: Gundam Exia Repair against Gundam Exia Repair

WiNG

Gundam Exia Repair received 2 damage, now destroyed

Kiraya

Gundam Exia Repair received 2 damage, now destroyed

Gundam Exia Repair milled 2: Kira Yamato and Gundam Barbatos Adapt moved to trash

WiNG

Gundam Exia Repair milled 2: Zaku Ⅱ and Char's Zaku Ⅱ moved to trash

Battle ended

Battle initiated

Kiraya

Battle declared: Graze Custom against Char's Zaku Ⅱ

WiNG

No blockers available

Action step

WiNG

Passed

Kiraya

Passed

Battle started: Graze Custom against Char's Zaku Ⅱ

WiNG

Char's Zaku Ⅱ received 2 damage, leaving 1 HP remaining

Kiraya

Graze Custom received 4 damage, now destroyed

Battle ended

Kiraya

Gundam Barbatos 1st Form deployed

Turn end phase started

WiNG

Passed

Kiraya

Passed

Turn ended!

Turn 6 started!

WiNG

Char's Zaku Ⅱ deployed

Battle initiated

WiNG

Battle declared: Char's Zaku Ⅱ against Enemy Player

Char Aznable: Modifier applied to: Char's Zaku Ⅱ

Kiraya

Can't block High-maneuver

Action step

Kiraya

Passed

WiNG

Passed

Battle started: Char's Zaku Ⅱ against Enemy Shield

Kiraya

Shield card: Hyakuren revealed and discarded

Battle ended

Turn end phase started

Kiraya

Passed

WiNG

Passed

Turn ended!

Turn 7 started!

Kiraya

Gundam Barbatos Adapt deployed

Selecting target for Gundam Barbatos Adapt

Gundam Barbatos Adapt: Dealt 1 damage to: Gundam Barbatos 1st Form and Char's Zaku Ⅱ

Battle initiated

Kiraya

Battle declared: Gundam Barbatos 1st Form against Enemy Player

Gundam Barbatos 1st Form: Draw a card

WiNG

No blockers available

Action step

WiNG

Passed

Kiraya

Passed

Battle started: Gundam Barbatos 1st Form against EX Base

WiNG

EX Base received 3 damage, now destroyed

Battle ended

Kiraya

M1 Astray (Shrike) deployed

Selecting target for M1 Astray (Shrike)

M1 Astray (Shrike): Dealt 1 damage to Char's Zaku Ⅱ, now destroyed

WiNG

Char's Zaku Ⅱ deployed

Turn end phase started

WiNG

Passed

Kiraya

Passed

Turn ended!

Turn 8 started!

Battle initiated

WiNG

Battle declared: Char's Zaku Ⅱ against Enemy Player

Kiraya

No blockers available

Action step

Kiraya

Passed

WiNG

Passed

Battle started: Char's Zaku Ⅱ against Enemy Shield

Kiraya

Shield card: Strike Rouge (Ootori) revealed and discarded

Battle ended

Battle initiated

WiNG

Battle declared: Char's Zaku Ⅱ against Enemy Player

Kiraya

No blockers available

Action step

Kiraya

Passed

WiNG

Passed

Battle started: Char's Zaku Ⅱ against Enemy Shield

Kiraya

Shield card: Strike Freedom Gundam revealed and discarded

Battle ended

WiNG

Gundam Barbatos Adapt deployed

Selecting target for Gundam Barbatos Adapt

Gundam Barbatos Adapt: Dealt 1 damage to: Char's Zaku Ⅱ and Gundam Barbatos 1st Form

Gundam Exia Repair deployed

Turn end phase started

Kiraya

Passed

WiNG

Passed

Turn ended!

Turn 9 started!

Kiraya

Gundam Flauros (Ryusei-Go) deployed

Selecting target for Gundam Flauros (Ryusei-Go)

WiNG

Gundam Exia Repair milled 2: Rick Dom and Gundam Barbatos Adapt moved to trash

Battle initiated

Kiraya

Battle declared: M1 Astray (Shrike) against Char's Zaku Ⅱ

WiNG

No blockers available

Action step

WiNG

Passed

Kiraya

Passed

Battle started: M1 Astray (Shrike) against Char's Zaku Ⅱ

WiNG

Char's Zaku Ⅱ received 1 damage, now destroyed

Kiraya

M1 Astray (Shrike) received 3 damage, now destroyed

Battle ended

Battle initiated

Kiraya

Battle declared: Gundam Barbatos Adapt against Enemy Player

WiNG

No blockers available

Action step

WiNG

Passed

Kiraya

Passed

Battle started: Gundam Barbatos Adapt against Enemy Shield

WiNG

Shield card: Rick Dom revealed and discarded

Battle ended

Turn end phase started

WiNG

Passed

Kiraya

Passed

Turn ended!

Turn 10 started!

WiNG

Gundam Flauros (Ryusei-Go) deployed

No targets for Gundam Flauros (Ryusei-Go)

Battle initiated

WiNG

Battle declared: Gundam Barbatos Adapt against Enemy Player

Kiraya

No blockers available

Action step

Kiraya

Passed

WiNG

Passed

Battle started: Gundam Barbatos Adapt against Enemy Shield

Kiraya

Shield card: Gundam Flauros (Ryusei-Go) revealed and discarded

Battle ended

Turn end phase started

Kiraya

Passed

WiNG

Passed

Turn ended!

Turn 11 started!

Kiraya

Strike Rouge (Ootori) deployed

Gundam Barbatos Adapt deployed

Selecting target for Gundam Barbatos Adapt

Gundam Barbatos Adapt: Dealt 1 damage to: Gundam Barbatos Adapt and Gundam Flauros (Ryusei-Go)

Battle initiated

Kiraya

Battle declared: Gundam Flauros (Ryusei-Go) against Gundam Barbatos Adapt

No targets for Gundam Flauros (Ryusei-Go)

WiNG

No blockers available

Action step

WiNG

Passed

Kiraya

Passed

Battle started: Gundam Flauros (Ryusei-Go) against Gundam Barbatos Adapt

WiNG

Gundam Barbatos Adapt received 5 damage, now destroyed

Kiraya

Gundam Flauros (Ryusei-Go) received 2 damage, leaving 1 HP remaining

Battle ended

Battle initiated

Kiraya

Battle declared: Gundam Barbatos Adapt against Enemy Player

WiNG

No blockers available

Action step

WiNG

Passed

Kiraya

Passed

Battle started: Gundam Barbatos Adapt against Enemy Shield

WiNG

Shield card: Gundam Barbatos Adapt revealed and discarded

Battle ended

Kiraya

Linked pilot: Mikazuki Augus on unit Gundam Barbatos Adapt

Selecting target for Mikazuki Augus

Mikazuki Augus: Dealt 1 damage to: Gundam Barbatos Adapt and Gundam Flauros (Ryusei-Go)

Battle initiated

Kiraya

Battle declared: Gundam Barbatos Adapt against Enemy Player

WiNG

No blockers available

Action step

WiNG

Passed

Kiraya

Passed

Battle started: Gundam Barbatos Adapt against Enemy Shield

WiNG

Shield card: Gundam Exia Repair revealed and discarded

Battle ended

Turn end phase started

WiNG

Passed

Kiraya

Passed

Turn ended!

Turn 12 started!

WiNG

Zeong deployed

Linked pilot: Char Aznable on unit Zeong

Wire-Guided Arm deployed

Wire-Guided Arm deployed

Selecting target for Char Aznable

Battle initiated

WiNG

Battle declared: Gundam Flauros (Ryusei-Go) against Gundam Barbatos Adapt

No targets for Gundam Flauros (Ryusei-Go)

Kiraya

Assigned Strike Rouge (Ootori) to block

Action step

Kiraya

Passed

WiNG

Passed

Battle started: Gundam Flauros (Ryusei-Go) against Strike Rouge (Ootori)

Kiraya

Strike Rouge (Ootori) received 5 damage, now destroyed

WiNG

Gundam Flauros (Ryusei-Go) received 3 damage, now destroyed

Battle ended

Battle initiated

WiNG

Battle declared: Zeong against Enemy Player

Kiraya

No blockers available

Action step

Kiraya

Passed

WiNG

Passed

Battle started: Zeong against Enemy Shield

Kiraya

Shield card: Gundam Barbatos Lupus revealed and discarded

Battle ended

Turn end phase started

Kiraya

Passed

WiNG

Passed

Turn ended!

Turn 13 started!

Battle initiated

Kiraya

Battle declared: Gundam Flauros (Ryusei-Go) against Zeong

Selecting target for Gundam Flauros (Ryusei-Go)

WiNG

No blockers available

Action step

WiNG

Passed

Kiraya

Passed

Battle started: Gundam Flauros (Ryusei-Go) against Zeong

WiNG

Zeong received 5 damage, now destroyed

Kiraya

Gundam Flauros (Ryusei-Go) received 6 damage, now destroyed

WiNG

Zeong (Head) deployed

Battle ended

Kiraya

Gundam Gusion Rebake deployed

Selecting target for Gundam Gusion Rebake

Gundam Gusion Rebake: Dealt 1 damage to: Gundam Barbatos Adapt and Wire-Guided Arm

Battle initiated

Kiraya

Battle declared: Gundam Barbatos Adapt against Zeong (Head)

WiNG

No blockers available

Action step

WiNG

Passed

Kiraya

Passed

Battle started: Gundam Barbatos Adapt against Zeong (Head)

WiNG

Zeong (Head) received 2 damage, now destroyed

Kiraya

Gundam Barbatos Adapt received 3 damage, now destroyed

Battle ended

Kiraya

Hyakuren deployed

Turn end phase started

WiNG

Passed

Kiraya

Passed

Turn ended!

Turn 14 started!

WiNG

Gundam Exia Repair deployed

Turn end phase started

Kiraya

Passed

WiNG

Passed

Turn ended!

Turn 15 started!

Kiraya

Gundam Gusion Rebake deployed

Selecting target for Gundam Gusion Rebake

Gundam Gusion Rebake: Dealt 1 damage to: Gundam Gusion Rebake and Gundam Exia Repair

WiNG

Gundam Exia Repair milled 2: Char Aznable and Char's Zaku Ⅱ moved to trash

Battle initiated

Kiraya

Battle declared: Gundam Gusion Rebake against Enemy Player

WiNG

No blockers available

Action step

WiNG

Passed

Kiraya

Passed

Battle started: Gundam Gusion Rebake against Enemy Shield

WiNG

Shield card: Axis revealed

Played base: Axis

Shield card added to hand

Battle ended

Kiraya

Paired pilot: Kira Yamato on unit Hyakuren

Battle initiated

Kiraya

Battle declared: Hyakuren against Enemy Player

WiNG

No blockers available

Action step

WiNG

Passed

Kiraya

Passed

Battle started: Hyakuren against Axis

WiNG

Axis received 6 damage, now destroyed

Battle ended

Battle initiated

Kiraya

Battle declared: Gundam Barbatos Adapt against Enemy Player

WiNG

No blockers available

Action step

WiNG

Passed

Kiraya

Passed

Battle started: Gundam Barbatos Adapt against Enemy Shield

WiNG

Shield card: Zaku Ⅱ revealed and discarded

Battle ended

Turn end phase started

WiNG

Passed

Kiraya

Passed

Turn ended!

Turn 16 started!

WiNG

Graze Custom deployed

Char's Zaku Ⅱ deployed

Linked pilot: Char Aznable on unit Char's Zaku Ⅱ

Selecting target for Char Aznable

Played base: Axis

No more Shield cards to add to hand

Battle initiated

WiNG

Battle declared: Char's Zaku Ⅱ against Hyakuren

Kiraya

Assigned Gundam Gusion Rebake to block

Action step

Kiraya

Passed

WiNG

Passed

Battle started: Char's Zaku Ⅱ against Gundam Gusion Rebake

Kiraya

Gundam Gusion Rebake received 5 damage, now destroyed

WiNG

Char's Zaku Ⅱ received 3 damage, leaving 1 HP remaining

Battle ended

Turn end phase started

Kiraya

Passed

WiNG

Passed

Turn ended!

Turn 17 started!

Battle initiated

Kiraya

Battle declared: Hyakuren against Enemy Player

WiNG

No blockers available

Action step

WiNG

Passed

Kiraya

Passed

Battle started: Hyakuren against Axis

WiNG

Axis received 6 damage, now destroyed

Battle ended

Kiraya

Strike Rouge (Ootori) deployed

Linked pilot: Kira Yamato on unit Strike Rouge (Ootori)

Kira Yamato: Draw a card

Gundam Barbatos 1st Form deployed

Battle initiated

Kiraya

Battle declared: Strike Rouge (Ootori) against Enemy Player

WiNG

No blockers available

Action step

WiNG

Passed

Kiraya

Passed

Battle started: Strike Rouge (Ootori) against Enemy Player

WiNG

No more shields available, game is over!

Kiraya

Winner!

Game ended!