Mobile Suit Arena - Battle logs
Game started!

2DTRON

Choose to play first

Kiraya

Choose to keep starting hand

2DTRON

Choose to keep starting hand

Turn 1 started!

Turn end phase started

Kiraya

Passed

2DTRON

Passed

Turn ended!

Turn 2 started!

Kiraya

Graze Custom deployed

Turn end phase started

2DTRON

Passed

Kiraya

Passed

Turn ended!

Turn 3 started!

2DTRON

Zaku Ⅱ deployed

Turn end phase started

Kiraya

Passed

2DTRON

Passed

Turn ended!

Turn 4 started!

Kiraya

Hyakuren deployed

Turn end phase started

2DTRON

Passed

Kiraya

Passed

Turn ended!

Turn 5 started!

2DTRON

Gundam Ez8 High Mobility Custom deployed

Turn end phase started

Kiraya

Passed

2DTRON

Passed

Turn ended!

Turn 6 started!

Battle initiated

Kiraya

Battle declared: Hyakuren against Enemy Player

2DTRON

No blockers available

Action step

2DTRON

Passed

Kiraya

Passed

Battle started: Hyakuren against EX Base

2DTRON

EX Base received 4 damage, now destroyed

Battle ended

Battle initiated

Kiraya

Battle declared: Graze Custom against Enemy Player

2DTRON

No blockers available

Action step

2DTRON

Passed

Kiraya

Passed

Battle started: Graze Custom against Enemy Shield

2DTRON

Shield card: Fortress Defense revealed and discarded

Battle ended

Kiraya

Strike Rouge (Ootori) deployed

Turn end phase started

2DTRON

Passed

Kiraya

Passed

Turn ended!

Turn 7 started!

Battle initiated

2DTRON

Battle declared: Gundam Ez8 High Mobility Custom against Enemy Player

Kiraya

Assigned no blocker

Action step

Kiraya

Passed

2DTRON

Played action: Graceful Demeanor

Kiraya

Graze Custom and Hyakuren returned to hand

Passed

2DTRON

Passed

Battle started: Gundam Ez8 High Mobility Custom against EX Base

Kiraya

EX Base received 4 damage, now destroyed

Battle ended

2DTRON

Char's Zaku Ⅱ deployed

Turn end phase started

Kiraya

Passed

2DTRON

Passed

Turn ended!

Turn 8 started!

Kiraya

Hyakuren deployed

Graze Custom deployed

Graze Custom deployed

Turn end phase started

2DTRON

Passed

Kiraya

Passed

Turn ended!

Turn 9 started!

Battle initiated

2DTRON

Battle declared: Gundam Ez8 High Mobility Custom against Enemy Player

Kiraya

Assigned Strike Rouge (Ootori) to block

Action step

Kiraya

Passed

2DTRON

Passed

Battle started: Gundam Ez8 High Mobility Custom against Strike Rouge (Ootori)

Kiraya

Strike Rouge (Ootori) received 4 damage, now destroyed

2DTRON

Gundam Ez8 High Mobility Custom received 3 damage, now destroyed

Battle ended

2DTRON

Played base: Falmel

Shield card added to hand

Char's Zaku Ⅱ deployed

Played command: Fortress Defense

Zaku Ⅱ deployed

Zaku Ⅱ deployed

Battle initiated

2DTRON

Battle declared: Zaku Ⅱ against Enemy Player

Kiraya

No blockers available

Action step

Kiraya

Passed

2DTRON

Passed

Battle started: Zaku Ⅱ against Enemy Shield

Kiraya

Shield card: Gundam Barbatos 1st Form revealed and discarded

Battle ended

Battle initiated

2DTRON

Battle declared: Char's Zaku Ⅱ against Enemy Player

Kiraya

No blockers available

Action step

Kiraya

Passed

2DTRON

Passed

Battle started: Char's Zaku Ⅱ against Enemy Shield

Kiraya

Shield card: Graze Custom revealed and discarded

Battle ended

2DTRON

Zaku Ⅱ deployed

Turn end phase started

Kiraya

Passed

2DTRON

Passed

Turn ended!

Turn 10 started!

Kiraya

Played base: Axis

Shield card added to hand

Battle initiated

Kiraya

Battle declared: Hyakuren against Zaku Ⅱ

2DTRON

No blockers available

Action step

2DTRON

Passed

Kiraya

Passed

Battle started: Hyakuren against Zaku Ⅱ

2DTRON

Zaku Ⅱ received 4 damage, now destroyed

Kiraya

Hyakuren received 2 damage, leaving 1 HP remaining

Battle ended

Battle initiated

Kiraya

Battle declared: Graze Custom against Char's Zaku Ⅱ

2DTRON

No blockers available

Action step

2DTRON

Passed

Kiraya

Passed

Battle started: Graze Custom against Char's Zaku Ⅱ

2DTRON

Char's Zaku Ⅱ received 2 damage, now destroyed

Kiraya

Graze Custom received 3 damage, now destroyed

Battle ended

Battle initiated

Kiraya

Battle declared: Graze Custom against Char's Zaku Ⅱ

2DTRON

No blockers available

Action step

2DTRON

Passed

Kiraya

Passed

Battle started: Graze Custom against Char's Zaku Ⅱ

2DTRON

Char's Zaku Ⅱ received 2 damage, now destroyed

Kiraya

Graze Custom received 3 damage, now destroyed

Battle ended

Kiraya

Gundam Gusion Rebake deployed

Selecting target for Gundam Gusion Rebake

Gundam Gusion Rebake: Dealt 1 damage to: Gundam Gusion Rebake and Zaku Ⅱ

Turn end phase started

2DTRON

Passed

Kiraya

Passed

Turn ended!

Turn 11 started!

2DTRON

Replaced Falmel base: Falmel

Shield card added to hand

Char's Zaku Ⅱ deployed

Gelgoog deployed

Linked pilot: Char Aznable on unit Gelgoog

Battle initiated

2DTRON

Battle declared: Gelgoog against Enemy Player

Char Aznable: Modifier applied to: Gelgoog

Kiraya

Can't block High-maneuver

Action step

Kiraya

Passed

2DTRON

Passed

Battle started: Gelgoog against Axis

Kiraya

Axis received 6 damage, now destroyed

Battle ended

Turn end phase started

Kiraya

Passed

2DTRON

Passed

Turn ended!

Turn 12 started!

Battle initiated

Kiraya

Battle declared: Hyakuren against Gelgoog

2DTRON

No blockers available

Action step

2DTRON

Passed

Kiraya

Passed

Battle started: Hyakuren against Gelgoog

2DTRON

Gelgoog received 4 damage, now destroyed

Kiraya

Hyakuren received 5 damage, now destroyed

Battle ended

Kiraya

Gundam Gusion Rebake deployed

Selecting target for Gundam Gusion Rebake

Gundam Gusion Rebake: Dealt 1 damage to: Gundam Gusion Rebake and Char's Zaku Ⅱ

Gundam Barbatos Adapt deployed

Selecting target for Gundam Barbatos Adapt

Gundam Barbatos Adapt: Dealt 1 damage to: Gundam Barbatos Adapt and Zaku Ⅱ

Turn end phase started

2DTRON

Passed

Kiraya

Passed

Turn ended!

Turn 13 started!

2DTRON

Replaced Falmel base: Falmel

Shield card added to hand

Char's Zaku Ⅱ deployed

Gelgoog deployed

Turn end phase started

Kiraya

Passed

2DTRON

Passed

Turn ended!

Turn 14 started!

Kiraya

M1 Astray (Shrike) deployed

Selecting target for M1 Astray (Shrike)

M1 Astray (Shrike): Dealt 1 damage to Char's Zaku Ⅱ, now destroyed

Strike Rouge (Ootori) deployed

Hyakuren deployed

Turn end phase started

2DTRON

Passed

Kiraya

Passed

Turn ended!

Turn 15 started!

Battle initiated

2DTRON

Battle declared: Zaku Ⅱ against Enemy Player

Zaku Ⅱ: Modifier applied to: Zaku Ⅱ

Kiraya

Assigned Strike Rouge (Ootori) to block

Action step

Kiraya

Passed

2DTRON

Passed

Battle started: Zaku Ⅱ against Strike Rouge (Ootori)

Kiraya

Strike Rouge (Ootori) received 3 damage, leaving 1 HP remaining

2DTRON

Zaku Ⅱ received 3 damage, now destroyed

Battle ended

2DTRON

Gundam Deathscythe Hell (EW) deployed

Paired pilot: Quattro Bajeena on unit Gundam Deathscythe Hell (EW)

Battle initiated

2DTRON

Battle declared: Gundam Deathscythe Hell (EW) against Strike Rouge (Ootori)

Kiraya

Assigned no blocker

Action step

Kiraya

Passed

2DTRON

Passed

Battle started: Gundam Deathscythe Hell (EW) against Strike Rouge (Ootori)

Kiraya

Strike Rouge (Ootori) received 6 damage, now destroyed

2DTRON

Gundam Deathscythe Hell (EW) received 3 damage, leaving 1 HP remaining

Battle ended

2DTRON

Paired pilot: Quattro Bajeena on unit Gelgoog

Battle initiated

2DTRON

Battle declared: Gelgoog against Enemy Player

Kiraya

Assigned no blocker

Action step

Kiraya

Passed

2DTRON

Passed

Battle started: Gelgoog against Enemy Shield

Kiraya

Shield card: Strike Freedom Gundam revealed and discarded

Battle ended

Turn end phase started

Kiraya

Passed

2DTRON

Passed

Turn ended!

Turn 16 started!

Kiraya

Gundam Barbatos 1st Form deployed

Linked pilot: Mikazuki Augus on unit Gundam Barbatos 1st Form

Selecting target for Mikazuki Augus

Mikazuki Augus: Dealt 1 damage to: Gundam Barbatos 1st Form and Gundam Deathscythe Hell (EW)

Battle initiated

Kiraya

Battle declared: Gundam Barbatos 1st Form against Enemy Player

Gundam Barbatos 1st Form: Draw a card

2DTRON

No blockers available

Action step

2DTRON

Passed

Kiraya

Passed

Battle started: Gundam Barbatos 1st Form against Falmel

2DTRON

Falmel received 5 damage, now destroyed

Battle ended

Battle initiated

Kiraya

Battle declared: M1 Astray (Shrike) against Enemy Player

2DTRON

No blockers available

Action step

2DTRON

Passed

Kiraya

Passed

Battle started: M1 Astray (Shrike) against Enemy Shield

2DTRON

Shield card: Zaku Ⅱ revealed and discarded

Battle ended

Battle initiated

Kiraya

Battle declared: Gundam Barbatos Adapt against Enemy Player

2DTRON

No blockers available

Action step

2DTRON

Passed

Kiraya

Passed

Battle started: Gundam Barbatos Adapt against Enemy Shield

2DTRON

Shield card: Quattro Bajeena revealed

Shield card added to hand: Quattro Bajeena

Battle ended

Battle initiated

Kiraya

Battle declared: Hyakuren against Enemy Player

2DTRON

No blockers available

Action step

2DTRON

Passed

Kiraya

Passed

Battle started: Hyakuren against Enemy Player

2DTRON

No more shields available, game is over!

Kiraya

Winner!

Game ended!