Mobile Suit Arena - Battle logs
Game started!

Kiraya

Choose to play second

Kuro

Choose to keep starting hand

Kiraya

Choose to keep starting hand

Turn 1 started!

Turn end phase started

Kiraya

Passed

Kuro

Passed

Turn ended!

Turn 2 started!

Kiraya

Graze Custom deployed

Turn end phase started

Kuro

Passed

Kiraya

Passed

Turn ended!

Turn 3 started!

Kuro

Zaku Ⅱ deployed

Jegan deployed

Turn end phase started

Kiraya

Passed

Kuro

Passed

Turn ended!

Turn 4 started!

Kiraya

Graze Custom deployed

Gundam Exia Repair deployed

Turn end phase started

Kuro

Passed

Kiraya

Passed

Turn ended!

Turn 5 started!

Kuro

Rick Dom deployed

Battle initiated

Kuro

Battle declared: Zaku Ⅱ against Enemy Player

Zaku Ⅱ: Modifier applied to: Zaku Ⅱ

Kiraya

No blockers available

Action step

Kiraya

Passed

Kuro

Passed

Battle started: Zaku Ⅱ against EX Base

Kiraya

EX Base received 3 damage, now destroyed

Battle ended

Battle initiated

Kuro

Battle declared: Jegan against Enemy Player

Kiraya

No blockers available

Action step

Kiraya

Passed

Kuro

Passed

Battle started: Jegan against Enemy Shield

Kiraya

Shield card: Gundam Barbatos Adapt revealed and discarded

Battle ended

Turn end phase started

Kiraya

Passed

Kuro

Passed

Turn ended!

Turn 6 started!

Kiraya

Played base: Axis

Shield card added to hand

Gundam Barbatos Adapt deployed

Selecting target for Gundam Barbatos Adapt

Gundam Barbatos Adapt: Dealt 1 damage to: Gundam Barbatos Adapt and Rick Dom

Battle initiated

Kiraya

Battle declared: Gundam Exia Repair against Zaku Ⅱ

Kuro

No blockers available

Action step

Kuro

Passed

Kiraya

Passed

Battle started: Gundam Exia Repair against Zaku Ⅱ

Kuro

Zaku Ⅱ received 2 damage, now destroyed

Kiraya

Gundam Exia Repair received 1 damage, now destroyed

Gundam Exia Repair milled 2: Strike Rouge (Ootori) and Graze Custom moved to trash

Battle ended

Battle initiated

Kiraya

Battle declared: Graze Custom against Enemy Player

Kuro

No blockers available

Action step

Kuro

Passed

Kiraya

Passed

Battle started: Graze Custom against EX Base

Kuro

EX Base received 2 damage, leaving 1 HP remaining

Battle ended

Battle initiated

Kiraya

Battle declared: Graze Custom against Enemy Player

Kuro

No blockers available

Action step

Kuro

Passed

Kiraya

Passed

Battle started: Graze Custom against EX Base

Kuro

EX Base received 2 damage, now destroyed

Battle ended

Turn end phase started

Kuro

Passed

Kiraya

Passed

Turn ended!

Turn 7 started!

Kuro

Played base: Jaburo

Shield card added to hand

ReZEL deployed

Activated: Jaburo

Rested unit: ReZEL

Selecting target for Jaburo

Already rested unit: Graze Custom

Battle initiated

Kuro

Battle declared: Rick Dom against Graze Custom

Kiraya

No blockers available

Action step

Kiraya

Passed

Kuro

Passed

Battle started: Rick Dom against Graze Custom

Kiraya

Graze Custom received 3 damage, now destroyed

Kuro

Rick Dom received 2 damage, now destroyed

Kiraya

Breach 2: : Axis received 2 damage, leaving 4 HP remaining

Battle ended

Battle initiated

Kuro

Battle declared: Jegan against Enemy Player

Kiraya

No blockers available

Action step

Kiraya

Passed

Kuro

Passed

Battle started: Jegan against Axis

Kiraya

Axis received 2 damage, leaving 2 HP remaining

Battle ended

Kuro

Zaku Ⅱ deployed

Turn end phase started

Kiraya

Passed

Kuro

Passed

Turn ended!

Turn 8 started!

Kiraya

Replaced Axis base: Axis

Shield card added to hand

Gundam Barbatos 1st Form deployed

Linked pilot: Mikazuki Augus on unit Gundam Barbatos 1st Form

Selecting target for Mikazuki Augus

Mikazuki Augus: Dealt 1 damage to: Gundam Barbatos 1st Form and Jegan

M1 Astray (Shrike) deployed

Selecting target for M1 Astray (Shrike)

M1 Astray (Shrike): Dealt 1 damage to Jegan, now destroyed

Battle initiated

Kiraya

Battle declared: Gundam Barbatos 1st Form against Enemy Player

Gundam Barbatos 1st Form: Draw a card

Kuro

No blockers available

Action step

Kuro

Passed

Kiraya

Passed

Battle started: Gundam Barbatos 1st Form against Jaburo

Kuro

Jaburo received 5 damage, now destroyed

Battle ended

Battle initiated

Kiraya

Battle declared: Gundam Barbatos Adapt against Enemy Player

Kuro

No blockers available

Action step

Kuro

Passed

Kiraya

Passed

Battle started: Gundam Barbatos Adapt against Enemy Shield

Kuro

Shield card: Rick Dom revealed and discarded

Battle ended

Battle initiated

Kiraya

Battle declared: Graze Custom against Enemy Player

Kuro

No blockers available

Action step

Kuro

Passed

Kiraya

Passed

Battle started: Graze Custom against Enemy Shield

Kuro

Shield card: Gundam revealed and discarded

Battle ended

Turn end phase started

Kuro

Passed

Kiraya

Passed

Turn ended!

Turn 9 started!

Kuro

Gundam deployed

Battle initiated

Kuro

Battle declared: Zaku Ⅱ against Gundam Barbatos 1st Form

Zaku Ⅱ: Modifier applied to: Zaku Ⅱ

Kiraya

No blockers available

Action step

Kiraya

Passed

Kuro

Passed

Battle started: Zaku Ⅱ against Gundam Barbatos 1st Form

Kiraya

Gundam Barbatos 1st Form received 3 damage, now destroyed

Kuro

Zaku Ⅱ received 5 damage, now destroyed

Battle ended

Battle initiated

Kuro

Battle declared: ReZEL against Graze Custom

Kiraya

No blockers available

Action step

Kiraya

Passed

Kuro

Passed

Battle started: ReZEL against Graze Custom

Kiraya

Graze Custom received 4 damage, now destroyed

Kuro

ReZEL received 2 damage, leaving 1 HP remaining

Battle ended

Kuro

Linked pilot: Amuro Ray on unit Gundam

Battle initiated

Kuro

Battle declared: Gundam against Gundam Barbatos Adapt

Kiraya

No blockers available

Action step

Kiraya

Passed

Kuro

Passed

Battle started: Gundam against Gundam Barbatos Adapt

Kiraya

Gundam Barbatos Adapt received 6 damage, now destroyed

Kuro

Gundam received 2 damage, leaving 4 HP remaining

Healed 2 damage to: Gundam

Battle ended

Turn end phase started

Kiraya

Passed

Kuro

Passed

Turn ended!

Turn 10 started!

Battle initiated

Kiraya

Battle declared: M1 Astray (Shrike) against ReZEL

Kuro

No blockers available

Action step

Kuro

Passed

Kiraya

Passed

Battle started: M1 Astray (Shrike) against ReZEL

Kuro

ReZEL received 1 damage, now destroyed

Kiraya

M1 Astray (Shrike) received 4 damage, now destroyed

Battle ended

Kiraya

Strike Rouge (Ootori) deployed

Hyakuren deployed

Turn end phase started

Kuro

Passed

Kiraya

Passed

Turn ended!

Turn 11 started!

Battle initiated

Kuro

Battle declared: Gundam against Enemy Player

Kiraya

Assigned no blocker

Action step

Kiraya

Passed

Kuro

Passed

Battle started: Gundam against Axis

Kiraya

Axis received 6 damage, now destroyed

Battle ended

Kuro

Kayra's Re-GZ deployed

Selecting target for Kayra's Re-GZ

Returned to deck bottom

ReZEL deployed

Guntank deployed

No targets for Guntank

Turn end phase started

Kiraya

Passed

Kuro

Passed

Turn ended!

Turn 12 started!

Kiraya

Paired pilot: Kira Yamato on unit Hyakuren

Battle initiated

Kiraya

Battle declared: Hyakuren against Gundam

Kuro

No blockers available

Action step

Kuro

Passed

Kiraya

Passed

Battle started: Hyakuren against Gundam

Kuro

Gundam received 6 damage, now destroyed

Kiraya

Hyakuren received 5 damage, now destroyed

Battle ended

Turn end phase started

Kuro

Passed

Kiraya

Passed

Turn ended!

Turn 13 started!

Battle initiated

Kuro

Battle declared: ReZEL against Enemy Player

Kiraya

Assigned no blocker

Action step

Kiraya

Passed

Kuro

Passed

Battle started: ReZEL against Enemy Shield

Kiraya

Shield card: Mikazuki Augus revealed

Shield card added to hand: Mikazuki Augus

Battle ended

Kuro

Nu Gundam deployed

Placed 1 Resource EX

Turn end phase started

Kiraya

Passed

Kuro

Passed

Turn ended!

Turn 14 started!

Kiraya

Gundam Barbatos Lupus deployed

Linked pilot: Mikazuki Augus on unit Gundam Barbatos Lupus

Selecting target for Mikazuki Augus

Mikazuki Augus: Dealt 1 damage to: Gundam Barbatos Lupus and ReZEL

Activated: Gundam Barbatos Lupus

Gundam Barbatos 1st Form, Graze Custom and Hyakuren exiled from the game

Selecting target for Gundam Barbatos Lupus

Gundam Barbatos Lupus: Dealt 2 damage to ReZEL, now destroyed

Activated: Gundam Barbatos Lupus

Graze Custom, Graze Custom and Gundam Barbatos Adapt exiled from the game

Selecting target for Gundam Barbatos Lupus

Gundam Barbatos Lupus: Dealt 2 damage to Guntank, now destroyed

Battle initiated

Kiraya

Battle declared: Gundam Barbatos Lupus against Enemy Player

Kuro

No blockers available

Action step

Kuro

Passed

Kiraya

Passed

Battle started: Gundam Barbatos Lupus against Enemy Shield

Kuro

Shield card: ReZEL revealed and discarded

Battle ended

Turn end phase started

Kuro

Passed

Kiraya

Passed

Turn ended!

Turn 15 started!

Kuro

Jegan deployed

Battle initiated

Kuro

Battle declared: Nu Gundam against Enemy Player

Kiraya

Assigned Strike Rouge (Ootori) to block

Action step

Kiraya

Passed

Kuro

Passed

Battle started: Nu Gundam against Strike Rouge (Ootori)

Kiraya

Strike Rouge (Ootori) received 4 damage, now destroyed

Kuro

Nu Gundam received 3 damage, leaving 1 HP remaining

Battle ended

Battle initiated

Kuro

Battle declared: Kayra's Re-GZ against Enemy Player

Kiraya

No blockers available

Action step

Kiraya

Passed

Kuro

Passed

Battle started: Kayra's Re-GZ against Enemy Shield

Kiraya

Shield card: Hyakuren revealed and discarded

Battle ended

Turn end phase started

Kiraya

Passed

Kuro

Passed

Turn ended!

Turn 16 started!

Kiraya

Gundam Barbatos 1st Form deployed

Gundam Gusion Rebake deployed

Selecting target for Gundam Gusion Rebake

Gundam Gusion Rebake: Dealt 1 damage to: Gundam Barbatos 1st Form and Nu Gundam

Battle initiated

Kiraya

Battle declared: Gundam Barbatos Lupus against Kayra's Re-GZ

Kuro

No blockers available

Action step

Kuro

Passed

Kiraya

Passed

Battle started: Gundam Barbatos Lupus against Kayra's Re-GZ

Kuro

Kayra's Re-GZ received 7 damage, now destroyed

Kiraya

Gundam Barbatos Lupus received 3 damage, leaving 2 HP remaining

Battle ended

Turn end phase started

Kuro

Passed

Kiraya

Passed

Turn ended!

Turn 17 started!

Kuro

Re-GZ deployed

Turn end phase started

Kiraya

Passed

Kuro

Passed

Turn ended!

Turn 18 started!

Battle initiated

Kiraya

Battle declared: Gundam Barbatos 1st Form against Enemy Player

Gundam Barbatos 1st Form: Draw a card

Kuro

No blockers available

Action step

Kuro

Passed

Kiraya

Passed

Battle started: Gundam Barbatos 1st Form against Enemy Shield

Kuro

Shield card: Corsica Base revealed

Shield card: Corsica Base moved to trash

Battle ended

Battle initiated

Kiraya

Battle declared: Gundam Barbatos Lupus against Enemy Player

Kuro

No blockers available

Action step

Kuro

Passed

Kiraya

Passed

Battle started: Gundam Barbatos Lupus against Enemy Shield

Kuro

Shield card: Re-GZ revealed and discarded

Battle ended

Kiraya

Strike Freedom Gundam deployed

Selecting target for Strike Freedom Gundam

Winner!

Game ended!