Mobile Suit Arena - Battle logs
Game started!

Kiraya

Choose to play second

Choose to mulligan starting hand

豪哥仔

Choose to mulligan starting hand

Turn 1 started!

Turn end phase started

Kiraya

Passed

豪哥仔

Passed

Turn ended!

Turn 2 started!

Kiraya

Graze Custom deployed

Turn end phase started

豪哥仔

Passed

Kiraya

Passed

Turn ended!

Turn 3 started!

豪哥仔

Graze Custom deployed

Turn end phase started

Kiraya

Passed

豪哥仔

Passed

Turn ended!

Turn 4 started!

Kiraya

Hyakuren deployed

Turn end phase started

豪哥仔

Passed

Kiraya

Passed

Turn ended!

Turn 5 started!

豪哥仔

Hyakuren deployed

Turn end phase started

Kiraya

Passed

豪哥仔

Passed

Turn ended!

Turn 6 started!

Battle initiated

Kiraya

Battle declared: Hyakuren against Enemy Player

豪哥仔

No blockers available

Action step

豪哥仔

Passed

Kiraya

Passed

Battle started: Hyakuren against EX Base

豪哥仔

EX Base received 4 damage, now destroyed

Battle ended

Battle initiated

Kiraya

Battle declared: Graze Custom against Enemy Player

豪哥仔

No blockers available

Action step

豪哥仔

Passed

Kiraya

Passed

Battle started: Graze Custom against Enemy Shield

豪哥仔

Shield card: Gundam Barbatos Adapt revealed and discarded

Battle ended

Turn end phase started

豪哥仔

Passed

Kiraya

Passed

Turn ended!

Turn 7 started!

Battle initiated

豪哥仔

Battle declared: Hyakuren against Graze Custom

Kiraya

No blockers available

Action step

Kiraya

Passed

豪哥仔

Passed

Battle started: Hyakuren against Graze Custom

Kiraya

Graze Custom received 4 damage, now destroyed

豪哥仔

Hyakuren received 2 damage, leaving 1 HP remaining

Battle ended

豪哥仔

Ryusei-Go (Graze Custom Ⅱ) deployed

Selecting target for Ryusei-Go (Graze Custom Ⅱ)

Ryusei-Go (Graze Custom Ⅱ): Dealt 1 damage to Ryusei-Go (Graze Custom Ⅱ), leaving 1 HP remaining

Ryusei-Go (Graze Custom Ⅱ): Draw a card

Selecting target for Ryusei-Go (Graze Custom Ⅱ)

Strike Freedom Gundam discarded

Linked pilot: Mikazuki Augus on unit Ryusei-Go (Graze Custom Ⅱ)

Selecting target for Mikazuki Augus

Mikazuki Augus: Dealt 1 damage to: Graze Custom and Hyakuren

Battle initiated

豪哥仔

Battle declared: Graze Custom against Hyakuren

Kiraya

No blockers available

Action step

Kiraya

Passed

豪哥仔

Passed

Battle started: Graze Custom against Hyakuren

Kiraya

Hyakuren received 2 damage, now destroyed

豪哥仔

Graze Custom received 4 damage, now destroyed

Battle ended

Battle initiated

豪哥仔

Battle declared: Ryusei-Go (Graze Custom Ⅱ) against Enemy Player

Kiraya

No blockers available

Action step

Kiraya

Passed

豪哥仔

Passed

Battle started: Ryusei-Go (Graze Custom Ⅱ) against EX Base

Kiraya

EX Base received 4 damage, now destroyed

Battle ended

Turn end phase started

Kiraya

Passed

豪哥仔

Passed

Turn ended!

Turn 8 started!

Kiraya

M1 Astray (Shrike) deployed

Selecting target for M1 Astray (Shrike)

M1 Astray (Shrike): Dealt 1 damage to Hyakuren, now destroyed

M1 Astray (Shrike) deployed

Selecting target for M1 Astray (Shrike)

M1 Astray (Shrike): Dealt 1 damage to Ryusei-Go (Graze Custom Ⅱ), leaving 1 HP remaining

Graze Custom deployed

Paired pilot: Mikazuki Augus on unit Graze Custom

Selecting target for Mikazuki Augus

Mikazuki Augus: Dealt 1 damage to: Graze Custom and Ryusei-Go (Graze Custom Ⅱ)

Turn end phase started

豪哥仔

Passed

Kiraya

Passed

Turn ended!

Turn 9 started!

豪哥仔

Hyakuren deployed

Shiden Custom (Ryusei-Go) deployed

Turn end phase started

Kiraya

Passed

豪哥仔

Passed

Turn ended!

Turn 10 started!

Battle initiated

Kiraya

Battle declared: Graze Custom against Enemy Player

豪哥仔

Assigned no blocker

Action step

豪哥仔

Passed

Kiraya

Passed

Battle started: Graze Custom against Enemy Shield

豪哥仔

Shield card: Shiden Custom (Ryusei-Go) revealed and discarded

Battle ended

Battle initiated

Kiraya

Battle declared: M1 Astray (Shrike) against Enemy Player

豪哥仔

Assigned Shiden Custom (Ryusei-Go) to block

Action step

豪哥仔

Passed

Kiraya

Passed

Battle started: M1 Astray (Shrike) against Shiden Custom (Ryusei-Go)

豪哥仔

Shiden Custom (Ryusei-Go) received 1 damage, leaving 2 HP remaining

Kiraya

M1 Astray (Shrike) received 4 damage, now destroyed

Battle ended

Kiraya

Gundam Gusion Rebake deployed

Selecting target for Gundam Gusion Rebake

Gundam Gusion Rebake: Dealt 1 damage to: M1 Astray (Shrike) and Shiden Custom (Ryusei-Go)

Battle initiated

Kiraya

Battle declared: M1 Astray (Shrike) against Shiden Custom (Ryusei-Go)

豪哥仔

No blockers available

Action step

豪哥仔

Passed

Kiraya

Passed

Battle started: M1 Astray (Shrike) against Shiden Custom (Ryusei-Go)

豪哥仔

Shiden Custom (Ryusei-Go) received 1 damage, now destroyed

Kiraya

M1 Astray (Shrike) received 4 damage, now destroyed

Battle ended

Turn end phase started

豪哥仔

Passed

Kiraya

Passed

Turn ended!

Turn 11 started!

豪哥仔

Gundam Gusion Rebake deployed

Selecting target for Gundam Gusion Rebake

Gundam Gusion Rebake: Dealt 1 damage to: Hyakuren and Graze Custom

Paired pilot: Mikazuki Augus on unit Gundam Gusion Rebake

Selecting target for Mikazuki Augus

Mikazuki Augus: Dealt 1 damage to: Gundam Gusion Rebake and Graze Custom

Turn end phase started

Kiraya

Passed

豪哥仔

Passed

Turn ended!

Turn 12 started!

Kiraya

Played base: Axis

Shield card added to hand

Turn end phase started

豪哥仔

Passed

Kiraya

Passed

Turn ended!

Turn 13 started!

Battle initiated

豪哥仔

Battle declared: Hyakuren against Enemy Player

Kiraya

Assigned Gundam Gusion Rebake to block

Action step

Kiraya

Passed

豪哥仔

Passed

Battle started: Hyakuren against Gundam Gusion Rebake

Kiraya

Gundam Gusion Rebake received 4 damage, leaving 1 HP remaining

豪哥仔

Hyakuren received 3 damage, now destroyed

Battle ended

豪哥仔

Gundam Barbatos Lupus deployed

Activated: Gundam Barbatos Lupus

Gundam Barbatos Adapt, Ryusei-Go (Graze Custom Ⅱ) and Shiden Custom (Ryusei-Go) exiled from the game

Selecting target for Gundam Barbatos Lupus

Gundam Barbatos Lupus: Dealt 2 damage to Gundam Gusion Rebake, now destroyed

Battle initiated

豪哥仔

Battle declared: Gundam Gusion Rebake against Enemy Player

Kiraya

No blockers available

Action step

Kiraya

Passed

豪哥仔

Passed

Battle started: Gundam Gusion Rebake against Axis

Kiraya

Axis received 5 damage, leaving 1 HP remaining

Battle ended

Turn end phase started

Kiraya

Passed

豪哥仔

Passed

Turn ended!

Turn 14 started!

Kiraya

Strike Freedom Gundam deployed

Selecting target for Strike Freedom Gundam

Strike Freedom Gundam: Modifier applied to: Strike Freedom Gundam

Strike Freedom Gundam: chose Strike Freedom Gundam

Linked pilot: Kira Yamato on unit Strike Freedom Gundam

Kira Yamato: Draw a card

Replaced Axis base: Axis

Shield card added to hand

Battle initiated

Kiraya

Battle declared: Strike Freedom Gundam against Enemy Player

Selecting target for Strike Freedom Gundam

Widespread Annihilation and Mikazuki Augus discarded

Selecting target for Strike Freedom Gundam

豪哥仔

Gundam Gusion Rebake and Mikazuki Augus returned to deck

No blockers available

Action step

豪哥仔

Passed

Kiraya

Passed

Battle started: Strike Freedom Gundam against Enemy Shield

豪哥仔

Shield card: Axis revealed

Played base: Axis

Shield card added to hand

Kiraya

Strike Freedom Gundam: Draw a card

Battle ended

Turn end phase started

豪哥仔

Passed

Kiraya

Passed

Turn ended!

Turn 15 started!

豪哥仔

Strike Freedom Gundam deployed

Selecting target for Strike Freedom Gundam

Strike Freedom Gundam: Modifier applied to: Gundam Barbatos Lupus

Strike Freedom Gundam: Modifier applied to: Strike Freedom Gundam

Strike Freedom Gundam: chose Gundam Barbatos Lupus and Strike Freedom Gundam

Linked pilot: Kira Yamato on unit Strike Freedom Gundam

Kira Yamato: Draw a card

Battle initiated

豪哥仔

Battle declared: Strike Freedom Gundam against Enemy Player

Selecting target for Strike Freedom Gundam

Gundam Gusion Rebake and Gundam Barbatos Adapt discarded

Selecting target for Strike Freedom Gundam

Kiraya

Strike Freedom Gundam and Kira Yamato returned to deck

No blockers available

Action step

Kiraya

Passed

豪哥仔

Passed

Battle started: Strike Freedom Gundam against Axis

Kiraya

Axis received 7 damage, now destroyed

豪哥仔

Strike Freedom Gundam: Draw a card

Battle ended

Battle initiated

豪哥仔

Battle declared: Gundam Barbatos Lupus against Enemy Player

Kiraya

No blockers available

Action step

Kiraya

Passed

豪哥仔

Passed

Battle started: Gundam Barbatos Lupus against Enemy Shield

Kiraya

Shield card: Gundam Barbatos Adapt revealed and discarded

豪哥仔

Strike Freedom Gundam: Draw a card

Battle ended

Turn end phase started

Kiraya

Passed

豪哥仔

Passed

Turn ended!

Turn 16 started!

Kiraya

Strike Rouge (Ootori) deployed

Gundam Barbatos Adapt deployed

Selecting target for Gundam Barbatos Adapt

Gundam Barbatos Adapt: Dealt 1 damage to: Gundam Barbatos Adapt and Gundam Barbatos Lupus

Turn end phase started

豪哥仔

Passed

Kiraya

Passed

Turn ended!

Turn 17 started!

豪哥仔

Strike Freedom Gundam deployed

Selecting target for Strike Freedom Gundam

Strike Freedom Gundam: Modifier applied to: Gundam Barbatos Lupus

Strike Freedom Gundam: Modifier applied to: Strike Freedom Gundam

Strike Freedom Gundam: chose Gundam Barbatos Lupus and Strike Freedom Gundam

Battle initiated

豪哥仔

Battle declared: Gundam Barbatos Lupus against Enemy Player

Kiraya

Assigned Strike Rouge (Ootori) to block

Action step

Kiraya

Passed

豪哥仔

Passed

Battle started: Gundam Barbatos Lupus against Strike Rouge (Ootori)

Kiraya

Strike Rouge (Ootori) received 5 damage, now destroyed

豪哥仔

Gundam Barbatos Lupus received 3 damage, leaving 1 HP remaining

Strike Freedom Gundam: Draw a card

Battle ended

Battle initiated

豪哥仔

Battle declared: Strike Freedom Gundam against Enemy Player

Selecting target for Strike Freedom Gundam

Strike Rouge (Ootori) and Axis discarded

Selecting target for Strike Freedom Gundam

Kiraya

Gundam Barbatos Adapt returned to deck

No blockers available

Action step

Kiraya

Passed

豪哥仔

Passed

Battle started: Strike Freedom Gundam against Enemy Shield

Kiraya

Shield card: Graze Custom revealed and discarded

豪哥仔

Strike Freedom Gundam: Draw a card

Battle ended

豪哥仔

Strike Rouge (Ootori) deployed

Turn end phase started

Kiraya

Passed

豪哥仔

Passed

Turn ended!

Turn 18 started!

Kiraya

Gundam Barbatos Lupus deployed

Activated: Gundam Barbatos Lupus

Gundam Gusion Rebake, Gundam Barbatos Adapt and Graze Custom exiled from the game

Selecting target for Gundam Barbatos Lupus

Gundam Barbatos Lupus: Dealt 2 damage to Strike Rouge (Ootori), leaving 2 HP remaining

Activated: Gundam Barbatos Lupus

Graze Custom, Hyakuren and Graze Custom exiled from the game

Selecting target for Gundam Barbatos Lupus

Gundam Barbatos Lupus: Dealt 2 damage to Strike Rouge (Ootori), now destroyed

Turn end phase started

豪哥仔

Passed

Kiraya

Passed

Turn ended!

Turn 19 started!

豪哥仔

Activated: Gundam Barbatos Lupus

Graze Custom, Gundam Gusion Rebake and Gundam Barbatos Adapt exiled from the game

Selecting target for Gundam Barbatos Lupus

Gundam Barbatos Lupus: Dealt 2 damage to Gundam Barbatos Lupus, leaving 3 HP remaining

Activated: Gundam Barbatos Lupus

Hyakuren, Shiden Custom (Ryusei-Go) and Hyakuren exiled from the game

Selecting target for Gundam Barbatos Lupus

Gundam Barbatos Lupus: Dealt 2 damage to Gundam Barbatos Lupus, leaving 1 HP remaining

Gundam Barbatos 1st Form deployed

Gundam Gusion Rebake deployed

Selecting target for Gundam Gusion Rebake

Gundam Gusion Rebake: Dealt 1 damage to: Gundam Barbatos 1st Form and Gundam Barbatos Lupus

Battle initiated

豪哥仔

Battle declared: Gundam Barbatos Lupus against Enemy Player

Kiraya

No blockers available

Action step

Kiraya

Passed

豪哥仔

Passed

Battle started: Gundam Barbatos Lupus against Enemy Shield

Kiraya

Shield card: Widespread Annihilation revealed and discarded

Battle ended

Battle initiated

豪哥仔

Battle declared: Strike Freedom Gundam against Enemy Player

Kiraya

No blockers available

Action step

Kiraya

Passed

豪哥仔

Passed

Battle started: Strike Freedom Gundam against Enemy Shield

Kiraya

Shield card: Hyakuren revealed and discarded

Battle ended

豪哥仔

Graze Custom deployed

Battle initiated

豪哥仔

Battle declared: Strike Freedom Gundam against Enemy Player

Kiraya

No blockers available

Action step

Kiraya

Passed

豪哥仔

Passed

Battle started: Strike Freedom Gundam against Enemy Player

Kiraya

No more shields available, game is over!

豪哥仔

Winner!

Game ended!