Mobile Suit Arena - Battle logs
Game started!

AZZ

Choose to play second

Choose to mulligan starting hand

Kiraya

Choose to mulligan starting hand

Turn 1 started!

Turn end phase started

AZZ

Passed

Kiraya

Passed

Turn ended!

Turn 2 started!

Turn end phase started

Kiraya

Passed

AZZ

Passed

Turn ended!

Turn 3 started!

Kiraya

Graze Custom deployed

Graze Custom deployed

Turn end phase started

AZZ

Passed

Kiraya

Passed

Turn ended!

Turn 4 started!

AZZ

Gundam Lfrith deployed

Turn end phase started

Kiraya

Passed

AZZ

Passed

Turn ended!

Turn 5 started!

Kiraya

Gundam Barbatos 1st Form deployed

Turn end phase started

AZZ

Passed

Kiraya

Passed

Turn ended!

Turn 6 started!

AZZ

Zoloat (League Militaire) deployed

Turn end phase started

Kiraya

Passed

AZZ

Passed

Turn ended!

Turn 7 started!

Kiraya

Gundam Barbatos Adapt deployed

Selecting target for Gundam Barbatos Adapt

Gundam Barbatos Adapt: Dealt 1 damage to: Graze Custom and Zoloat (League Militaire)

Gundam Barbatos Adapt deployed

Selecting target for Gundam Barbatos Adapt

Gundam Barbatos Adapt: Dealt 1 damage to: Gundam Barbatos 1st Form and Zoloat (League Militaire)

Battle initiated

Kiraya

Battle declared: Graze Custom against Enemy Player

AZZ

Assigned Gundam Lfrith to block

Action step

AZZ

Played action: Graceful Demeanor

Kiraya

Graze Custom and Gundam Barbatos 1st Form returned to hand

Passed

AZZ

Passed

Kiraya

Battle started: Graze Custom against Gundam Lfrith

AZZ

Gundam Lfrith received 2 damage, leaving 2 HP remaining

Kiraya

Graze Custom received 2 damage, now destroyed

Battle ended

Turn end phase started

AZZ

Passed

Kiraya

Passed

Turn ended!

Turn 8 started!

AZZ

Zoloat (League Militaire) deployed

Turn end phase started

Kiraya

Passed

AZZ

Passed

Turn ended!

Turn 9 started!

Battle initiated

Kiraya

Battle declared: Gundam Barbatos Adapt against Enemy Player

AZZ

Assigned no blocker

Action step

AZZ

Passed

Kiraya

Passed

Battle started: Gundam Barbatos Adapt against EX Base

AZZ

EX Base received 2 damage, leaving 1 HP remaining

Battle ended

Battle initiated

Kiraya

Battle declared: Gundam Barbatos Adapt against Enemy Player

AZZ

Assigned no blocker

Action step

AZZ

Passed

Kiraya

Passed

Battle started: Gundam Barbatos Adapt against EX Base

AZZ

EX Base received 2 damage, now destroyed

Battle ended

Kiraya

Hyakuren deployed

Hyakuren deployed

Graze Custom deployed

Turn end phase started

AZZ

Passed

Kiraya

Passed

Turn ended!

Turn 10 started!

AZZ

Victory Gundam deployed

Linked pilot: Üso Ewin on unit Victory Gundam

Parts deployed

Battle initiated

AZZ

Battle declared: Victory Gundam against Gundam Barbatos Adapt

Victory Gundam: Draw a card

Kiraya

No blockers available

Action step

Kiraya

Passed

AZZ

Passed

Battle started: Victory Gundam against Gundam Barbatos Adapt

Kiraya

Gundam Barbatos Adapt received 5 damage, now destroyed

AZZ

Victory Gundam received 2 damage, leaving 3 HP remaining

Battle ended

AZZ

Played base: Reineforce Jr.

Shield card added to hand

Parts deployed

Turn end phase started

Kiraya

Passed

AZZ

Passed

Turn ended!

Turn 11 started!

Battle initiated

Kiraya

Battle declared: Hyakuren against Victory Gundam

AZZ

Assigned Zoloat (League Militaire) to block

Action step

AZZ

Passed

Kiraya

Passed

Battle started: Hyakuren against Zoloat (League Militaire)

AZZ

Zoloat (League Militaire) received 4 damage, now destroyed

Kiraya

Hyakuren received 3 damage, now destroyed

Battle ended

Battle initiated

Kiraya

Battle declared: Hyakuren against Victory Gundam

AZZ

Assigned Gundam Lfrith to block

Action step

AZZ

Passed

Kiraya

Passed

Battle started: Hyakuren against Gundam Lfrith

AZZ

Gundam Lfrith received 4 damage, now destroyed

Kiraya

Hyakuren received 2 damage, leaving 1 HP remaining

Battle ended

Kiraya

Gundam Barbatos 1st Form deployed

Turn end phase started

AZZ

Passed

Kiraya

Passed

Turn ended!

Turn 12 started!

Battle initiated

AZZ

Battle declared: Victory Gundam against Enemy Player

Victory Gundam: Draw a card

Kiraya

No blockers available

Action step

Kiraya

Passed

AZZ

Passed

Battle started: Victory Gundam against EX Base

Kiraya

EX Base received 5 damage, now destroyed

Battle ended

Battle initiated

AZZ

Battle declared: Parts against Hyakuren

Kiraya

No blockers available

Action step

Kiraya

Passed

AZZ

Passed

Battle started: Parts against Hyakuren

Kiraya

Hyakuren received 1 damage, now destroyed

AZZ

Parts received 4 damage, now destroyed

Battle ended

AZZ

Strike Rouge (Kira's Unit) deployed

Gundam Lfrith deployed

Turn end phase started

Kiraya

Passed

AZZ

Passed

Turn ended!

Turn 13 started!

Battle initiated

Kiraya

Battle declared: Gundam Barbatos Adapt against Victory Gundam

AZZ

Assigned Gundam Lfrith to block

Action step

AZZ

Passed

Kiraya

Passed

Battle started: Gundam Barbatos Adapt against Gundam Lfrith

AZZ

Gundam Lfrith received 2 damage, leaving 2 HP remaining

Kiraya

Gundam Barbatos Adapt received 2 damage, leaving 2 HP remaining

Battle ended

Kiraya

Gundam Barbatos Lupus deployed

Activated: Gundam Barbatos Lupus

Gundam Barbatos Adapt, Hyakuren and Hyakuren exiled from the game

Selecting target for Gundam Barbatos Lupus

Gundam Barbatos Lupus: Dealt 2 damage to Gundam Lfrith, now destroyed

Battle initiated

Kiraya

Battle declared: Gundam Barbatos 1st Form against Victory Gundam

AZZ

No blockers available

Action step

AZZ

Passed

Kiraya

Passed

Battle started: Gundam Barbatos 1st Form against Victory Gundam

AZZ

Victory Gundam received 3 damage, now destroyed

Kiraya

Gundam Barbatos 1st Form received 5 damage, now destroyed

Battle ended

Turn end phase started

AZZ

Passed

Kiraya

Passed

Turn ended!

Turn 14 started!

AZZ

Victory Gundam deployed

Linked pilot: Üso Ewin on unit Victory Gundam

Parts deployed

Battle initiated

AZZ

Battle declared: Victory Gundam against Enemy Player

Victory Gundam: Draw a card

Kiraya

No blockers available

Action step

Kiraya

Passed

AZZ

Passed

Battle started: Victory Gundam against Enemy Shield

Kiraya

Shield card: Gundam Barbatos Adapt revealed and discarded

Battle ended

Battle initiated

AZZ

Battle declared: Strike Rouge (Kira's Unit) against Gundam Barbatos Adapt

Kiraya

No blockers available

Action step

Kiraya

Passed

AZZ

Passed

Battle started: Strike Rouge (Kira's Unit) against Gundam Barbatos Adapt

Kiraya

Gundam Barbatos Adapt received 3 damage, now destroyed

AZZ

Strike Rouge (Kira's Unit) received 2 damage, leaving 2 HP remaining

Battle ended

Turn end phase started

Kiraya

Passed

AZZ

Passed

Turn ended!

Turn 15 started!

Kiraya

Activated: Gundam Barbatos Lupus

Gundam Barbatos 1st Form, Gundam Barbatos Adapt and Gundam Barbatos Adapt exiled from the game

Selecting target for Gundam Barbatos Lupus

Gundam Barbatos Lupus: Dealt 2 damage to Strike Rouge (Kira's Unit), now destroyed

Strike Freedom Gundam deployed

Selecting target for Strike Freedom Gundam

Strike Freedom Gundam: Modifier applied to: Gundam Barbatos Lupus

Strike Freedom Gundam: Modifier applied to: Strike Freedom Gundam

Strike Freedom Gundam: chose Gundam Barbatos Lupus and Strike Freedom Gundam

Battle initiated

Kiraya

Battle declared: Gundam Barbatos Lupus against Victory Gundam

AZZ

No blockers available

Action step

AZZ

Played action: Unforeseen Incident

Unforeseen Incident: Modifier applied to: Gundam Barbatos Lupus

Kiraya

Passed

AZZ

Passed

Kiraya

Battle started: Gundam Barbatos Lupus against Victory Gundam

AZZ

Victory Gundam received 2 damage, leaving 3 HP remaining

Kiraya

Gundam Barbatos Lupus received 5 damage, now destroyed

Battle ended

Kiraya

Linked pilot: Kira Yamato on unit Strike Freedom Gundam

Kira Yamato: Draw a card

Battle initiated

Kiraya

Battle declared: Strike Freedom Gundam against Enemy Player

Selecting target for Strike Freedom Gundam

AZZ

No blockers available

Action step

AZZ

Passed

Kiraya

Passed

Battle started: Strike Freedom Gundam against Reineforce Jr.

AZZ

Reineforce Jr. received 7 damage, now destroyed

Kiraya

Strike Freedom Gundam: Draw a card

Battle ended

Kiraya

Paired pilot: Mikazuki Augus on unit Graze Custom

Selecting target for Mikazuki Augus

Mikazuki Augus: Dealt 1 damage to: Graze Custom and Parts

Battle initiated

Kiraya

Battle declared: Graze Custom against Victory Gundam

AZZ

No blockers available

Action step

AZZ

Passed

Kiraya

Passed

Battle started: Graze Custom against Victory Gundam

AZZ

Victory Gundam received 4 damage, now destroyed

Kiraya

Graze Custom received 5 damage, now destroyed

Battle ended

Turn end phase started

AZZ

Passed

Kiraya

Passed

Turn ended!

Turn 16 started!

AZZ

Strike Freedom Gundam deployed

Selecting target for Strike Freedom Gundam

Strike Freedom Gundam: Modifier applied to: Parts

Strike Freedom Gundam: Modifier applied to: Strike Freedom Gundam

Strike Freedom Gundam: chose Parts and Strike Freedom Gundam

Linked pilot: Kira Yamato on unit Strike Freedom Gundam

Kira Yamato: Draw a card

Played base: Argama

Shield card added to hand

Battle initiated

AZZ

Battle declared: Strike Freedom Gundam against Enemy Player

Selecting target for Strike Freedom Gundam

Kira Yamato and Gundam Lfrith discarded

Selecting target for Strike Freedom Gundam

Kiraya

Strike Freedom Gundam and Kira Yamato returned to deck

No blockers available

Action step

Kiraya

Passed

AZZ

Passed

Battle started: Strike Freedom Gundam against Enemy Shield

Kiraya

Shield card: Hyakuren revealed and discarded

AZZ

Strike Freedom Gundam: Draw a card

Battle ended

Turn end phase started

Kiraya

Passed

AZZ

Passed

Turn ended!

Turn 17 started!

Kiraya

Played base: Axis

Shield card added to hand

Gundam Gusion Rebake deployed

Selecting target for Gundam Gusion Rebake

Gundam Gusion Rebake: Dealt 1 damage to: Gundam Gusion Rebake and Parts

Gundam Gusion Rebake deployed

Selecting target for Gundam Gusion Rebake

Gundam Gusion Rebake: Dealt 1 damage to: Gundam Gusion Rebake and Strike Freedom Gundam

Turn end phase started

AZZ

Passed

Kiraya

Passed

Turn ended!

Turn 18 started!

AZZ

Played command: Overflowing Affection

Overflowing Affection: Draw 2 cards

Selecting target for Overflowing Affection

Graceful Demeanor discarded

Zoloat (League Militaire) deployed

Freedom Gundam deployed

Battle initiated

AZZ

Battle declared: Strike Freedom Gundam against Enemy Player

Selecting target for Strike Freedom Gundam

Kiraya

Assigned no blocker

Action step

Kiraya

Passed

AZZ

Passed

Battle started: Strike Freedom Gundam against Axis

Kiraya

Axis received 7 damage, now destroyed

Battle ended

Turn end phase started

Kiraya

Passed

AZZ

Passed

Turn ended!

Turn 19 started!

Kiraya

Played base: Axis

Shield card added to hand

Strike Freedom Gundam deployed

Selecting target for Strike Freedom Gundam

Strike Freedom Gundam: Modifier applied to: Gundam Gusion Rebake

Strike Freedom Gundam: Modifier applied to: Strike Freedom Gundam

Strike Freedom Gundam: chose Gundam Gusion Rebake and Strike Freedom Gundam

Linked pilot: Kira Yamato on unit Strike Freedom Gundam

Kira Yamato: Draw a card

Battle initiated

Kiraya

Battle declared: Strike Freedom Gundam against Enemy Player

Selecting target for Strike Freedom Gundam

M1 Astray (Shrike) and Gundam Barbatos Adapt discarded

Selecting target for Strike Freedom Gundam

AZZ

Zoloat (League Militaire) returned to deck

Assigned no blocker

Action step

AZZ

Passed

Kiraya

Passed

Battle started: Strike Freedom Gundam against Argama

AZZ

Argama received 7 damage, now destroyed

Kiraya

Strike Freedom Gundam: Draw a card

Battle ended

Turn end phase started

AZZ

Passed

Kiraya

Passed

Turn ended!

Turn 20 started!

AZZ

Strike Freedom Gundam deployed

Selecting target for Strike Freedom Gundam

Strike Freedom Gundam: Modifier applied to: Strike Freedom Gundam

Strike Freedom Gundam: Modifier applied to: Strike Freedom Gundam

Strike Freedom Gundam: chose Strike Freedom Gundam and Strike Freedom Gundam

Linked pilot: Kira Yamato on unit Strike Freedom Gundam

Battle initiated

AZZ

Battle declared: Strike Freedom Gundam against Enemy Player

Kiraya

Assigned Gundam Gusion Rebake to block

Action step

Kiraya

Passed

AZZ

Passed

Battle started: Strike Freedom Gundam against Gundam Gusion Rebake

Kiraya

Gundam Gusion Rebake received 7 damage, now destroyed

AZZ

Strike Freedom Gundam received 3 damage, leaving 4 HP remaining

Strike Freedom Gundam: Draw a card

Battle ended

Battle initiated

AZZ

Battle declared: Strike Freedom Gundam against Strike Freedom Gundam

Selecting target for Kira Yamato

Kira Yamato: Modifier applied to: Strike Freedom Gundam

Selecting target for Strike Freedom Gundam

V-Dash Gundam and Aile Strike Gundam discarded

Selecting target for Strike Freedom Gundam

Kiraya

Gundam Gusion Rebake returned to deck

No blockers available

Action step

Kiraya

Passed

AZZ

Passed

Battle started: Strike Freedom Gundam against Strike Freedom Gundam

Kiraya

Strike Freedom Gundam received 7 damage, leaving 1 HP remaining

AZZ

Strike Freedom Gundam received 5 damage, leaving 2 HP remaining

Battle ended

Battle initiated

AZZ

Battle declared: Freedom Gundam against Strike Freedom Gundam

Kiraya

No blockers available

Action step

Kiraya

Passed

AZZ

Passed

Battle started: Freedom Gundam against Strike Freedom Gundam

Kiraya

Strike Freedom Gundam received 4 damage, now destroyed

AZZ

Freedom Gundam received 7 damage, now destroyed

Battle ended

Turn end phase started

Kiraya

Passed

AZZ

Passed

Turn ended!

Turn 21 started!

Kiraya

Gundam Barbatos Lupus deployed

Activated: Gundam Barbatos Lupus

Graze Custom, Gundam Barbatos Adapt and Gundam Gusion Rebake exiled from the game

Selecting target for Gundam Barbatos Lupus

Gundam Barbatos Lupus: Dealt 2 damage to Strike Freedom Gundam, leaving 2 HP remaining

Activated: Gundam Barbatos Lupus

Graze Custom, Gundam Barbatos Lupus and Hyakuren exiled from the game

Selecting target for Gundam Barbatos Lupus

Gundam Barbatos Lupus: Dealt 2 damage to Strike Freedom Gundam, now destroyed

Linked pilot: Mikazuki Augus on unit Gundam Barbatos Lupus

Selecting target for Mikazuki Augus

Mikazuki Augus: Dealt 1 damage to: Gundam Barbatos Lupus and Strike Freedom Gundam

Battle initiated

Kiraya

Battle declared: Gundam Barbatos Lupus against Strike Freedom Gundam

AZZ

No blockers available

Action step

AZZ

Passed

Kiraya

Passed

Battle started: Gundam Barbatos Lupus against Strike Freedom Gundam

AZZ

Strike Freedom Gundam received 7 damage, now destroyed

Kiraya

Gundam Barbatos Lupus received 7 damage, now destroyed

Battle ended

Turn end phase started

AZZ

Passed

Kiraya

Passed

Turn ended!

Turn 22 started!

Turn end phase started

Kiraya

Passed

AZZ

Passed

Turn ended!

Turn 23 started!

Turn end phase started

AZZ

Passed

Kiraya

Passed

Turn ended!

Turn 24 started!

AZZ

Played command: Overflowing Affection

Overflowing Affection: Draw 2 cards

Selecting target for Overflowing Affection

Üso Ewin discarded

Turn end phase started

Kiraya

Passed

AZZ

Passed

Turn ended!

Turn 25 started!

Turn end phase started

AZZ

Passed

Kiraya

Passed

Turn ended!

Turn 26 started!

AZZ

V-Dash Gundam deployed

Linked pilot: Üso Ewin on unit V-Dash Gundam

Parts deployed

Battle initiated

AZZ

Battle declared: V-Dash Gundam against Enemy Player

Kiraya

No blockers available

Action step

Kiraya

Passed

AZZ

Passed

Battle started: V-Dash Gundam against Axis

Kiraya

Axis received 6 damage, now destroyed

Battle ended

Turn end phase started

Kiraya

Passed

AZZ

Passed

Turn ended!

Turn 27 started!

Kiraya

Played base: Axis

Shield card added to hand

Strike Rouge (Ootori) deployed

Linked pilot: Kira Yamato on unit Strike Rouge (Ootori)

Kira Yamato: Draw a card

Graze Custom deployed

Battle initiated

Kiraya

Battle declared: Strike Rouge (Ootori) against V-Dash Gundam

AZZ

No blockers available

Action step

AZZ

Passed

Kiraya

Passed

Battle started: Strike Rouge (Ootori) against V-Dash Gundam

AZZ

V-Dash Gundam received 5 damage, leaving 1 HP remaining

Kiraya

Strike Rouge (Ootori) received 6 damage, now destroyed

Battle ended

Kiraya

Paired pilot: Mikazuki Augus on unit Graze Custom

Selecting target for Mikazuki Augus

Mikazuki Augus: Dealt 1 damage to: Graze Custom and V-Dash Gundam

Turn end phase started

AZZ

Passed

Kiraya

Passed

Turn ended!

Turn 28 started!

Turn end phase started

Kiraya

Passed

AZZ

Passed

Turn ended!

Turn 29 started!

Battle initiated

Kiraya

Battle declared: Graze Custom against Enemy Player

AZZ

No blockers available

Action step

AZZ

Passed

Kiraya

Passed

Battle started: Graze Custom against Enemy Shield

AZZ

Shield card: Victory Gundam revealed and discarded

Battle ended

Kiraya

Gundam Exia Repair deployed

Turn end phase started

AZZ

Passed

Kiraya

Passed

Turn ended!

Turn 30 started!

Turn end phase started

Kiraya

Passed

AZZ

Passed

Turn ended!

Turn 31 started!

Kiraya

Paired pilot: Mikazuki Augus on unit Gundam Exia Repair

Selecting target for Mikazuki Augus

Mikazuki Augus: Dealt 1 damage to: Gundam Exia Repair and Parts

Battle initiated

Kiraya

Battle declared: Gundam Exia Repair against Enemy Player

AZZ

No blockers available

Action step

AZZ

Passed

Kiraya

Passed

Battle started: Gundam Exia Repair against Enemy Shield

AZZ

Shield card: Strike Rouge (Ootori) revealed and discarded

Battle ended

Battle initiated

Kiraya

Battle declared: Graze Custom against Enemy Player

AZZ

No blockers available

Action step

AZZ

Passed

Kiraya

Passed

Battle started: Graze Custom against Enemy Shield

AZZ

Shield card: Overflowing Affection revealed and discarded

Battle ended

Turn end phase started

AZZ

Passed

Kiraya

Passed

Turn ended!

Turn 32 started!

AZZ

Zoloat (League Militaire) deployed

Aile Strike Gundam deployed

Linked pilot: Kira Yamato on unit Aile Strike Gundam

Selecting target for Aile Strike Gundam

Kiraya

Graze Custom and Mikazuki Augus returned to hand

Battle initiated

AZZ

Battle declared: Aile Strike Gundam against Gundam Exia Repair

Kiraya

No blockers available

Action step

Kiraya

Passed

AZZ

Passed

Battle started: Aile Strike Gundam against Gundam Exia Repair

Kiraya

Gundam Exia Repair received 6 damage, now destroyed

AZZ

Aile Strike Gundam received 4 damage, leaving 2 HP remaining

Kiraya

Gundam Exia Repair milled 2: Strike Rouge (Ootori) and Strike Rouge (Ootori) moved to trash

Battle ended

Turn end phase started

Kiraya

Passed

AZZ

Passed

Turn ended!

Turn 33 started!

Kiraya

Gundam Flauros (Ryusei-Go) deployed

Selecting target for Gundam Flauros (Ryusei-Go)

Graze Custom deployed

Linked pilot: Mikazuki Augus on unit Gundam Flauros (Ryusei-Go)

Selecting target for Mikazuki Augus

Mikazuki Augus: Dealt 1 damage to: Gundam Flauros (Ryusei-Go) and Aile Strike Gundam

Battle initiated

Kiraya

Battle declared: Gundam Flauros (Ryusei-Go) against Enemy Player

No targets for Gundam Flauros (Ryusei-Go)

AZZ

No blockers available

Action step

AZZ

Passed

Kiraya

Passed

Battle started: Gundam Flauros (Ryusei-Go) against Enemy Shield

AZZ

Shield card: Kira Yamato revealed

Shield card added to hand: Kira Yamato

Battle ended

Turn end phase started

AZZ

Passed

Kiraya

Passed

Turn ended!

Turn 34 started!

Battle initiated

AZZ

Battle declared: Aile Strike Gundam against Gundam Flauros (Ryusei-Go)

Kiraya

No blockers available

Action step

Kiraya

Passed

AZZ

Passed

Battle started: Aile Strike Gundam against Gundam Flauros (Ryusei-Go)

Kiraya

Gundam Flauros (Ryusei-Go) received 6 damage, now destroyed

AZZ

Aile Strike Gundam received 7 damage, now destroyed

Battle ended

AZZ

Victory Gundam deployed

Turn end phase started

Kiraya

Passed

AZZ

Passed

Turn ended!

Turn 35 started!

Kiraya

Gundam Barbatos Lupus deployed

Paired pilot: Kira Yamato on unit Graze Custom

Battle initiated

Kiraya

Battle declared: Graze Custom against Enemy Player

AZZ

No blockers available

Action step

AZZ

Passed

Kiraya

Passed

Battle started: Graze Custom against Enemy Player

AZZ

No more shields available, game is over!

Kiraya

Winner!

Game ended!