Mobile Suit Arena - Battle logs
Game started!

Maverick

Choose to play first

Choose to mulligan starting hand

Kiraya

Choose to mulligan starting hand

Turn 1 started!

Turn end phase started

Kiraya

Passed

Maverick

Passed

Turn ended!

Turn 2 started!

Turn end phase started

Maverick

Passed

Kiraya

Passed

Turn ended!

Turn 3 started!

Maverick

Zaku Ⅱ deployed

Jegan deployed

Turn end phase started

Kiraya

Passed

Maverick

Passed

Turn ended!

Turn 4 started!

Kiraya

Gundam Barbatos 1st Form deployed

Turn end phase started

Maverick

Passed

Kiraya

Passed

Turn ended!

Turn 5 started!

Battle initiated

Maverick

Battle declared: Zaku Ⅱ against Enemy Player

Zaku Ⅱ: Modifier applied to: Zaku Ⅱ

Kiraya

No blockers available

Action step

Kiraya

Passed

Maverick

Passed

Battle started: Zaku Ⅱ against EX Base

Kiraya

EX Base received 3 damage, now destroyed

Battle ended

Battle initiated

Maverick

Battle declared: Jegan against Enemy Player

Kiraya

No blockers available

Action step

Kiraya

Passed

Maverick

Passed

Battle started: Jegan against Enemy Shield

Kiraya

Shield card: Kira Yamato revealed

Shield card added to hand: Kira Yamato

Battle ended

Maverick

Jegan deployed

Rick Dom deployed

Turn end phase started

Kiraya

Passed

Maverick

Passed

Turn ended!

Turn 6 started!

Kiraya

Gundam Barbatos Adapt deployed

Selecting target for Gundam Barbatos Adapt

Gundam Barbatos Adapt: Dealt 1 damage to: Gundam Barbatos 1st Form and Rick Dom

Played base: Axis

Shield card added to hand

Battle initiated

Kiraya

Battle declared: Gundam Barbatos 1st Form against Enemy Player

Gundam Barbatos 1st Form: Draw a card

Maverick

No blockers available

Action step

Maverick

Passed

Kiraya

Passed

Battle started: Gundam Barbatos 1st Form against EX Base

Maverick

EX Base received 3 damage, now destroyed

Battle ended

Turn end phase started

Maverick

Passed

Kiraya

Passed

Turn ended!

Turn 7 started!

Maverick

Paired pilot: Amuro Ray on unit Jegan

Selecting target for Amuro Ray

Rested unit: Gundam Barbatos Adapt

Battle initiated

Maverick

Battle declared: Jegan against Enemy Player

Kiraya

No blockers available

Action step

Kiraya

Passed

Maverick

Passed

Battle started: Jegan against Axis

Kiraya

Axis received 4 damage, leaving 2 HP remaining

Battle ended

Battle initiated

Maverick

Battle declared: Jegan against Enemy Player

Kiraya

No blockers available

Action step

Kiraya

Passed

Maverick

Passed

Battle started: Jegan against Axis

Kiraya

Axis received 2 damage, now destroyed

Battle ended

Battle initiated

Maverick

Battle declared: Zaku Ⅱ against Enemy Player

Zaku Ⅱ: Modifier applied to: Zaku Ⅱ

Kiraya

No blockers available

Action step

Kiraya

Passed

Maverick

Passed

Battle started: Zaku Ⅱ against Enemy Shield

Kiraya

Shield card: Strike Rouge (Ootori) revealed and discarded

Battle ended

Battle initiated

Maverick

Battle declared: Rick Dom against Enemy Player

Kiraya

No blockers available

Action step

Kiraya

Passed

Maverick

Passed

Battle started: Rick Dom against Enemy Shield

Kiraya

Shield card: Hyakuren revealed and discarded

Battle ended

Maverick

Played command: A Show of Resolve

A Show of Resolve: Draw 2 cards

Turn end phase started

Kiraya

Passed

Maverick

Passed

Turn ended!

Turn 8 started!

Kiraya

Gundam Flauros (Ryusei-Go) deployed

Selecting target for Gundam Flauros (Ryusei-Go)

Battle initiated

Kiraya

Battle declared: Gundam Barbatos 1st Form against Jegan

Gundam Barbatos 1st Form: Draw a card

Maverick

No blockers available

Action step

Maverick

Passed

Kiraya

Passed

Battle started: Gundam Barbatos 1st Form against Jegan

Maverick

Jegan received 3 damage, now destroyed

Kiraya

Gundam Barbatos 1st Form received 4 damage, now destroyed

Battle ended

Battle initiated

Kiraya

Battle declared: Gundam Barbatos Adapt against Rick Dom

Maverick

No blockers available

Action step

Maverick

Passed

Kiraya

Passed

Battle started: Gundam Barbatos Adapt against Rick Dom

Maverick

Rick Dom received 2 damage, now destroyed

Kiraya

Gundam Barbatos Adapt received 3 damage, leaving 1 HP remaining

Battle ended

Turn end phase started

Maverick

Passed

Kiraya

Passed

Turn ended!

Turn 9 started!

Maverick

ReZEL deployed

Jegan deployed

Battle initiated

Maverick

Battle declared: Jegan against Enemy Player

Kiraya

No blockers available

Action step

Kiraya

Passed

Maverick

Passed

Battle started: Jegan against Enemy Shield

Kiraya

Shield card: Mikazuki Augus revealed

Shield card added to hand: Mikazuki Augus

Battle ended

Maverick

Paired pilot: Amuro Ray on unit ReZEL

Paired pilot: Amuro Ray on unit Jegan

Turn end phase started

Kiraya

Passed

Maverick

Passed

Turn ended!

Turn 10 started!

Battle initiated

Kiraya

Battle declared: Gundam Flauros (Ryusei-Go) against Enemy Player

Selecting target for Gundam Flauros (Ryusei-Go)

Maverick

No blockers available

Action step

Maverick

Passed

Kiraya

Passed

Battle started: Gundam Flauros (Ryusei-Go) against Enemy Shield

Maverick

Shield card: Gundam revealed and discarded

Battle ended

Battle initiated

Kiraya

Battle declared: Gundam Barbatos Adapt against Enemy Player

Maverick

No blockers available

Action step

Maverick

Passed

Kiraya

Passed

Battle started: Gundam Barbatos Adapt against Enemy Shield

Maverick

Shield card: Gundam revealed and discarded

Battle ended

Kiraya

Strike Rouge (Ootori) deployed

Strike Rouge (Ootori) deployed

Turn end phase started

Maverick

Passed

Kiraya

Passed

Turn ended!

Turn 11 started!

Battle initiated

Maverick

Battle declared: ReZEL against Enemy Player

Kiraya

Assigned Strike Rouge (Ootori) to block

Action step

Kiraya

Passed

Maverick

Passed

Battle started: ReZEL against Strike Rouge (Ootori)

Kiraya

Strike Rouge (Ootori) received 6 damage, now destroyed

Maverick

ReZEL received 3 damage, leaving 2 HP remaining

Healed 2 damage to: ReZEL

Battle ended

Battle initiated

Maverick

Battle declared: Jegan against Enemy Player

Kiraya

Assigned Strike Rouge (Ootori) to block

Action step

Kiraya

Passed

Maverick

Passed

Battle started: Jegan against Strike Rouge (Ootori)

Kiraya

Strike Rouge (Ootori) received 4 damage, now destroyed

Maverick

Jegan received 3 damage, leaving 2 HP remaining

Healed 2 damage to: Jegan

Battle ended

Maverick

Kayra's Re-GZ deployed

Selecting target for Kayra's Re-GZ

Returned to deck bottom

Turn end phase started

Kiraya

Passed

Maverick

Passed

Turn ended!

Turn 12 started!

Battle initiated

Kiraya

Battle declared: Gundam Flauros (Ryusei-Go) against ReZEL

No targets for Gundam Flauros (Ryusei-Go)

Maverick

No blockers available

Action step

Maverick

Passed

Kiraya

Passed

Battle started: Gundam Flauros (Ryusei-Go) against ReZEL

Maverick

ReZEL received 5 damage, now destroyed

Kiraya

Gundam Flauros (Ryusei-Go) received 6 damage, now destroyed

Battle ended

Kiraya

Gundam Gusion Rebake deployed

Selecting target for Gundam Gusion Rebake

Gundam Gusion Rebake: Dealt 1 damage to: Gundam Gusion Rebake and Kayra's Re-GZ

Linked pilot: Mikazuki Augus on unit Gundam Barbatos Adapt

Selecting target for Mikazuki Augus

Mikazuki Augus: Dealt 1 damage to: Gundam Gusion Rebake and Kayra's Re-GZ

Battle initiated

Kiraya

Battle declared: Gundam Barbatos Adapt against Jegan

Maverick

No blockers available

Action step

Maverick

Passed

Kiraya

Passed

Battle started: Gundam Barbatos Adapt against Jegan

Maverick

Jegan received 4 damage, now destroyed

Kiraya

Gundam Barbatos Adapt received 4 damage, now destroyed

Battle ended

Kiraya

Paired pilot: Mikazuki Augus on unit Gundam Gusion Rebake

Selecting target for Mikazuki Augus

Mikazuki Augus: Dealt 1 damage to: Gundam Gusion Rebake and Kayra's Re-GZ

Turn end phase started

Maverick

Passed

Kiraya

Passed

Turn ended!

Turn 13 started!

Maverick

Nu Gundam deployed

Linked pilot: Amuro Ray on unit Nu Gundam

Selecting target for Nu Gundam

Jegan, Amuro Ray and Amuro Ray exiled from the game

Selecting target for Nu Gundam

Battle started: Nu Gundam against Gundam Gusion Rebake

Kiraya

Gundam Gusion Rebake received 7 damage, now destroyed

Maverick

Nu Gundam received 5 damage, leaving 2 HP remaining

Kiraya

Breach 5 Shield card: M1 Astray (Shrike) revealed and discarded

Maverick

Healed 2 damage to: Nu Gundam

Battle ended

Battle initiated

Maverick

Battle declared: Nu Gundam against Enemy Player

Kiraya

No blockers available

Action step

Kiraya

Passed

Maverick

Passed

Battle started: Nu Gundam against Enemy Player

Kiraya

No more shields available, game is over!

Maverick

Winner!

Game ended!