Mobile Suit Arena - Battle logs
Game started!

Kiraya

Choose to play second

Choose to keep starting hand

ringo

Choose to keep starting hand

Turn 1 started!

Turn end phase started

Kiraya

Passed

ringo

Passed

Turn ended!

Turn 2 started!

Kiraya

Graze Custom deployed

Turn end phase started

ringo

Passed

Kiraya

Passed

Turn ended!

Turn 3 started!

Turn end phase started

Kiraya

Passed

ringo

Passed

Turn ended!

Turn 4 started!

Kiraya

Hyakuren deployed

Turn end phase started

ringo

Played action: Close Combat

Close Combat: Dealt 2 damage to Graze Custom, now destroyed

Kiraya

Passed

ringo

Passed

Kiraya

Turn ended!

Turn 5 started!

Turn end phase started

Kiraya

Passed

ringo

Passed

Turn ended!

Turn 6 started!

Battle initiated

Kiraya

Battle declared: Hyakuren against Enemy Player

ringo

No blockers available

Action step

ringo

Played action: Improved Technique

Improved Technique: Dealt 3 damage to Hyakuren, now destroyed

Kiraya

Passed

ringo

Passed

Battle ended

Kiraya

Graze Custom deployed

Gundam Barbatos 1st Form deployed

Turn end phase started

ringo

Passed

Kiraya

Passed

Turn ended!

Turn 7 started!

ringo

Chuchu's Demi Trainer deployed

Played action: Darkness Finger

Darkness Finger: Dealt 2 damage to Gundam Barbatos 1st Form, now destroyed

Turn end phase started

Kiraya

Passed

ringo

Passed

Turn ended!

Turn 8 started!

Kiraya

Gundam Gusion Rebake deployed

Selecting target for Gundam Gusion Rebake

Gundam Gusion Rebake: Dealt 1 damage to: Graze Custom and Chuchu's Demi Trainer

Battle initiated

Kiraya

Battle declared: Graze Custom against Enemy Player

ringo

No blockers available

Action step

ringo

Passed

Kiraya

Passed

Battle started: Graze Custom against EX Base

ringo

EX Base received 2 damage, leaving 1 HP remaining

Battle ended

Turn end phase started

ringo

Passed

Kiraya

Passed

Turn ended!

Turn 9 started!

ringo

Chuchu's Demi Trainer deployed

Battle initiated

ringo

Battle declared: Chuchu's Demi Trainer against Enemy Player

Selecting target for Chuchu's Demi Trainer

Chuchu's Demi Trainer: Modifier applied to: Chuchu's Demi Trainer

Kiraya

Assigned no blocker

Action step

Kiraya

Passed

ringo

Passed

Battle started: Chuchu's Demi Trainer against EX Base

Kiraya

EX Base received 3 damage, now destroyed

Battle ended

Turn end phase started

Kiraya

Passed

ringo

Passed

Turn ended!

Turn 10 started!

Kiraya

Gundam Barbatos 1st Form deployed

Gundam Barbatos Adapt deployed

Selecting target for Gundam Barbatos Adapt

Gundam Barbatos Adapt: Dealt 1 damage to: Gundam Barbatos 1st Form and Chuchu's Demi Trainer

Battle initiated

Kiraya

Battle declared: Graze Custom against Enemy Player

ringo

No blockers available

Action step

ringo

Played action: Darkness Finger

Darkness Finger: Dealt 2 damage to Gundam Barbatos 1st Form, now destroyed

Kiraya

Passed

ringo

Passed

Kiraya

Battle started: Graze Custom against EX Base

ringo

EX Base received 2 damage, now destroyed

Battle ended

Turn end phase started

ringo

Passed

Kiraya

Passed

Turn ended!

Turn 11 started!

ringo

Demi Barding deployed

Selecting target for Demi Barding

Card added to hand: Guel Jeturk

Played base: Quiet Zero

Shield card added to hand

Battle initiated

ringo

Battle declared: Chuchu's Demi Trainer against Enemy Player

Selecting target for Chuchu's Demi Trainer

Chuchu's Demi Trainer: Modifier applied to: Demi Barding

Kiraya

Assigned no blocker

Action step

Kiraya

Passed

ringo

Passed

Battle started: Chuchu's Demi Trainer against Enemy Shield

Kiraya

Shield card: Strike Freedom Gundam revealed and discarded

Battle ended

Turn end phase started

Kiraya

Passed

ringo

Passed

Turn ended!

Turn 12 started!

Battle initiated

Kiraya

Battle declared: Graze Custom against Chuchu's Demi Trainer

ringo

No blockers available

Action step

ringo

Passed

Kiraya

Passed

Battle started: Graze Custom against Chuchu's Demi Trainer

ringo

Chuchu's Demi Trainer received 2 damage, now destroyed

Kiraya

Graze Custom received 3 damage, now destroyed

Battle ended

Battle initiated

Kiraya

Battle declared: Gundam Barbatos Adapt against Enemy Player

ringo

No blockers available

Action step

ringo

Passed

Kiraya

Passed

Battle started: Gundam Barbatos Adapt against Quiet Zero

ringo

Quiet Zero received 2 damage, leaving 4 HP remaining

Battle ended

Turn end phase started

ringo

Played action: Close Combat

Close Combat: Dealt 2 damage to Gundam Gusion Rebake, leaving 3 HP remaining

Kiraya

Passed

ringo

Passed

Kiraya

Turn ended!

Turn 13 started!

ringo

Gundam Aerial Rebuild deployed

Selecting target for Gundam Aerial Rebuild

Card added to hand: Demi Barding

Activated: Quiet Zero

Rested 2 Resources

Gundnode deployed

Battle initiated

ringo

Battle declared: Demi Barding against Enemy Player

Kiraya

Assigned Gundam Gusion Rebake to block

Action step

Kiraya

Passed

ringo

Passed

Battle started: Demi Barding against Gundam Gusion Rebake

Kiraya

Gundam Gusion Rebake received 3 damage, now destroyed

ringo

Demi Barding received 3 damage, now destroyed

Battle ended

Turn end phase started

Kiraya

Passed

ringo

Passed

Turn ended!

Turn 14 started!

Kiraya

Graze Custom deployed

Strike Freedom Gundam deployed

Selecting target for Strike Freedom Gundam

Strike Freedom Gundam: Modifier applied to: Gundam Barbatos Adapt

Strike Freedom Gundam: Modifier applied to: Strike Freedom Gundam

Strike Freedom Gundam: chose Gundam Barbatos Adapt and Strike Freedom Gundam

Linked pilot: Kira Yamato on unit Strike Freedom Gundam

Kira Yamato: Draw a card

Battle initiated

Kiraya

Battle declared: Strike Freedom Gundam against Enemy Player

Selecting target for Strike Freedom Gundam

ringo

No blockers available

Action step

ringo

Passed

Kiraya

Passed

Battle started: Strike Freedom Gundam against Quiet Zero

ringo

Quiet Zero received 7 damage, now destroyed

Kiraya

Strike Freedom Gundam: Draw a card

Battle ended

Battle initiated

Kiraya

Battle declared: Gundam Barbatos Adapt against Enemy Player

ringo

No blockers available

Action step

ringo

Passed

Kiraya

Passed

Battle started: Gundam Barbatos Adapt against Enemy Shield

ringo

Shield card: Darkness Finger revealed

Shield card: Darkness Finger moved to trash

Selecting target for Darkness Finger

Darkness Finger: Dealt 2 damage to Graze Custom, now destroyed

Kiraya

Strike Freedom Gundam: Draw a card

Battle ended

Turn end phase started

ringo

Passed

Kiraya

Passed

Turn ended!

Turn 15 started!

ringo

Played command: Airframe Seizure

Selecting target for Airframe Seizure

Guel Jeturk discarded

Airframe Seizure: Draw 2 cards

Demi Barding deployed

Selecting target for Demi Barding

Card added to hand: Guel Jeturk

Gundam Aerial Rebuild deployed

Selecting target for Gundam Aerial Rebuild

Card added to hand: Guel Jeturk

Battle initiated

ringo

Battle declared: Gundam Aerial Rebuild against Gundam Barbatos Adapt

Kiraya

No blockers available

Action step

Kiraya

Passed

ringo

Passed

Battle started: Gundam Aerial Rebuild against Gundam Barbatos Adapt

Kiraya

Gundam Barbatos Adapt received 5 damage, now destroyed

ringo

Gundam Aerial Rebuild received 2 damage, leaving 3 HP remaining

Battle ended

Battle initiated

ringo

Battle declared: Gundnode against Enemy Player

Kiraya

No blockers available

Action step

Kiraya

Passed

ringo

Passed

Battle started: Gundnode against Enemy Shield

Kiraya

Shield card: Axis revealed

Played base: Axis

Shield card added to hand

Battle ended

Turn end phase started

Kiraya

Passed

ringo

Passed

Turn ended!

Turn 16 started!

Kiraya

Gundam Barbatos Lupus deployed

Activated: Gundam Barbatos Lupus

Gundam Gusion Rebake, Graze Custom and Gundam Barbatos Adapt exiled from the game

Selecting target for Gundam Barbatos Lupus

Gundam Barbatos Lupus: Dealt 2 damage to Gundnode, now destroyed

Activated: Gundam Barbatos Lupus

Graze Custom, Gundam Barbatos 1st Form and Gundam Barbatos 1st Form exiled from the game

Selecting target for Gundam Barbatos Lupus

Gundam Barbatos Lupus: Dealt 2 damage to Demi Barding, now destroyed

Battle initiated

Kiraya

Battle declared: Strike Freedom Gundam against Enemy Player

Selecting target for Strike Freedom Gundam

Gundam Exia Repair and M1 Astray (Shrike) discarded

Selecting target for Strike Freedom Gundam

ringo

Gundam Aerial Rebuild returned to deck

No blockers available

Action step

ringo

Passed

Kiraya

Passed

Battle started: Strike Freedom Gundam against Enemy Shield

ringo

Shield card: Demi Barding revealed and discarded

Battle ended

Kiraya

Paired pilot: Kira Yamato on unit Gundam Barbatos Lupus

Turn end phase started

ringo

Passed

Kiraya

Passed

Turn ended!

Turn 17 started!

ringo

Played command: Airframe Seizure

Selecting target for Airframe Seizure

Improved Technique discarded

Airframe Seizure: Draw 2 cards

Battle initiated

ringo

Battle declared: Gundam Aerial Rebuild against Strike Freedom Gundam

Kiraya

No blockers available

Action step

Kiraya

Passed

ringo

Passed

Battle started: Gundam Aerial Rebuild against Strike Freedom Gundam

Kiraya

Strike Freedom Gundam received 5 damage, leaving 3 HP remaining

ringo

Gundam Aerial Rebuild received 7 damage, now destroyed

Battle ended

ringo

Gundam Schwarzette deployed

Linked pilot: Guel Jeturk on unit Gundam Schwarzette

Battle initiated

ringo

Battle declared: Gundam Schwarzette against Strike Freedom Gundam

Kiraya

No blockers available

Action step

Kiraya

Passed

ringo

Activated: Gundam Schwarzette

Airframe Seizure and Improved Technique exiled from the game

Gundam Schwarzette: Modifier applied to: Gundam Schwarzette

Kiraya

Passed

ringo

Activated: Gundam Schwarzette

Airframe Seizure and Guel Jeturk exiled from the game

Gundam Schwarzette: Modifier applied to: Gundam Schwarzette

Kiraya

Passed

ringo

Activated: Gundam Schwarzette

Darkness Finger and Darkness Finger exiled from the game

Gundam Schwarzette: Modifier applied to: Gundam Schwarzette

Kiraya

Passed

ringo

Passed

Battle started: Gundam Schwarzette against Strike Freedom Gundam

Kiraya

Strike Freedom Gundam received 6 damage, now destroyed

ringo

Gundam Schwarzette received 7 damage, reduced by 6, leaving 4 HP remaining

Kiraya

Breach 3: : Axis received 3 damage, leaving 3 HP remaining

Battle ended

ringo

Played base: Quiet Zero

Shield card added to hand

Turn end phase started

Kiraya

Passed

ringo

Passed

Turn ended!

Turn 18 started!

Kiraya

Strike Freedom Gundam deployed

Selecting target for Strike Freedom Gundam

Strike Freedom Gundam: Modifier applied to: Gundam Barbatos Lupus

Strike Freedom Gundam: Modifier applied to: Strike Freedom Gundam

Strike Freedom Gundam: chose Gundam Barbatos Lupus and Strike Freedom Gundam

Battle initiated

Kiraya

Battle declared: Gundam Barbatos Lupus against Enemy Player

ringo

No blockers available

Action step

ringo

Played action: Guel Jeturk

Guel Jeturk: attack target changed

Kiraya

Passed

ringo

Activated: Gundam Schwarzette

Close Combat and Guel Jeturk exiled from the game

Gundam Schwarzette: Modifier applied to: Gundam Schwarzette

Kiraya

Passed

ringo

Activated: Gundam Schwarzette

Improved Technique and Darkness Finger exiled from the game

Gundam Schwarzette: Modifier applied to: Gundam Schwarzette

Kiraya

Passed

ringo

Passed

Kiraya

Battle started: Gundam Barbatos Lupus against Gundam Schwarzette

ringo

Gundam Schwarzette received 7 damage, reduced by 4, leaving 1 HP remaining

Kiraya

Gundam Barbatos Lupus received 6 damage, leaving 1 HP remaining

Battle ended

Kiraya

Linked pilot: Kira Yamato on unit Strike Freedom Gundam

Kira Yamato: Draw a card

Battle initiated

Kiraya

Battle declared: Strike Freedom Gundam against Enemy Player

Selecting target for Strike Freedom Gundam

Hyakuren and Gundam Barbatos Lupus discarded

Selecting target for Strike Freedom Gundam

ringo

Gundam Schwarzette and Guel Jeturk returned to deck

No blockers available

Action step

ringo

Passed

Kiraya

Passed

Battle started: Strike Freedom Gundam against Quiet Zero

ringo

Quiet Zero received 7 damage, now destroyed

Kiraya

Strike Freedom Gundam: Draw a card

Battle ended

Turn end phase started

ringo

Passed

Kiraya

Passed

Turn ended!

Turn 19 started!

ringo

Gundam Calibarn deployed

Placed 3 Resource EX

Played command: Fortress Defense

Zaku Ⅱ deployed

Zaku Ⅱ deployed

Gundam Lfrith Thorn deployed

Selecting target for Gundam Calibarn

Gundam Calibarn: Modifier applied to: Gundam Calibarn

Turn end phase started

Kiraya

Passed

ringo

Passed

Turn ended!

Turn 20 started!

Kiraya

Played command: Widespread Annihilation

Widespread Annihilation: destroyed Zaku Ⅱ and Zaku Ⅱ

Gundam Gusion Rebake deployed

Selecting target for Gundam Gusion Rebake

Gundam Gusion Rebake: Dealt 1 damage to: Gundam Gusion Rebake and Gundam Calibarn

Battle initiated

Kiraya

Battle declared: Gundam Barbatos Lupus against Enemy Player

ringo

No blockers available

Action step

ringo

Passed

Kiraya

Passed

Battle started: Gundam Barbatos Lupus against Enemy Shield

ringo

Shield card: Gundam Calibarn revealed and discarded

Battle ended

Battle initiated

Kiraya

Battle declared: Strike Freedom Gundam against Enemy Player

ringo

No blockers available

Action step

ringo

Passed

Kiraya

Passed

Battle started: Strike Freedom Gundam against Enemy Shield

ringo

Shield card: Fortress Defense revealed and discarded

Battle ended

Kiraya

Activated: Gundam Barbatos Lupus

Graze Custom, Hyakuren and Gundam Barbatos Lupus exiled from the game

Selecting target for Gundam Barbatos Lupus

Gundam Barbatos Lupus: Dealt 2 damage to Gundam Lfrith Thorn, leaving 2 HP remaining

Turn end phase started

ringo

Passed

Kiraya

Passed

Turn ended!

Turn 21 started!

Battle initiated

ringo

Battle declared: Gundam Lfrith Thorn against Gundam Barbatos Lupus

Kiraya

Assigned Gundam Gusion Rebake to block

Action step

Kiraya

Passed

ringo

Passed

Battle started: Gundam Lfrith Thorn against Gundam Gusion Rebake

Kiraya

Gundam Gusion Rebake received 4 damage, now destroyed

ringo

Gundam Lfrith Thorn received 3 damage, now destroyed

Kiraya

Breach 3: : Axis received 3 damage, now destroyed

Battle ended

ringo

Gundam Schwarzette deployed

Linked pilot: Suletta Mercury on unit Gundam Schwarzette

Battle initiated

ringo

Battle declared: Gundam Schwarzette against Gundam Barbatos Lupus

Kiraya

No blockers available

Action step

Kiraya

Passed

ringo

Activated: Gundam Schwarzette

Fortress Defense and Fortress Defense exiled from the game

Gundam Schwarzette: Modifier applied to: Gundam Schwarzette

Kiraya

Passed

ringo

Passed

Battle started: Gundam Schwarzette against Gundam Barbatos Lupus

Kiraya

Gundam Barbatos Lupus received 7 damage, now destroyed

ringo

Gundam Schwarzette received 7 damage, reduced by 2, leaving 1 HP remaining

Kiraya

Breach 3 Shield card: Graze Custom revealed and discarded

Battle ended

ringo

Paired pilot: Guel Jeturk on unit Gundam Calibarn

Battle initiated

ringo

Battle declared: Gundam Calibarn against Strike Freedom Gundam

Kiraya

No blockers available

Action step

Kiraya

Passed

ringo

Passed

Battle started: Gundam Calibarn against Strike Freedom Gundam

Kiraya

Strike Freedom Gundam received 8 damage, now destroyed

ringo

Gundam Calibarn received 7 damage, now destroyed

Battle ended

Turn end phase started

Kiraya

Passed

ringo

Passed

Turn ended!

Turn 22 started!

Kiraya

Strike Freedom Gundam deployed

Selecting target for Strike Freedom Gundam

Strike Freedom Gundam: Modifier applied to: Strike Freedom Gundam

Strike Freedom Gundam: chose Strike Freedom Gundam

Linked pilot: Kira Yamato on unit Strike Freedom Gundam

Kira Yamato: Draw a card

Battle initiated

Kiraya

Battle declared: Strike Freedom Gundam against Enemy Player

ringo

No blockers available

Action step

ringo

Passed

Kiraya

Passed

Battle started: Strike Freedom Gundam against Enemy Player

ringo

No more shields available, game is over!

Kiraya

Winner!

Game ended!