Mobile Suit Arena - Battle logs
Game started!

Kiraya

Choose to play second

C23

Choose to mulligan starting hand

Kiraya

Choose to mulligan starting hand

Turn 1 started!

C23

Dopp deployed

Selecting target for Dopp

Returned to deck bottom

Turn end phase started

Kiraya

Passed

C23

Passed

Turn ended!

Turn 2 started!

Kiraya

Graze Custom deployed

Turn end phase started

C23

Passed

Kiraya

Passed

Turn ended!

Turn 3 started!

C23

Zaku Ⅱ deployed

Guntank deployed

No targets for Guntank

Turn end phase started

Kiraya

Passed

C23

Passed

Turn ended!

Turn 4 started!

Kiraya

Hyakuren deployed

Turn end phase started

C23

Passed

Kiraya

Passed

Turn ended!

Turn 5 started!

Battle initiated

C23

Battle declared: Zaku Ⅱ against Enemy Player

Zaku Ⅱ: Modifier applied to: Zaku Ⅱ

Kiraya

No blockers available

Action step

Kiraya

Passed

C23

Passed

Battle started: Zaku Ⅱ against EX Base

Kiraya

EX Base received 3 damage, now destroyed

Battle ended

Battle initiated

C23

Battle declared: Dopp against Enemy Player

Kiraya

No blockers available

Action step

Kiraya

Passed

C23

Passed

Battle started: Dopp against Enemy Shield

Kiraya

Shield card: Hyakuren revealed and discarded

Battle ended

Battle initiated

C23

Battle declared: Guntank against Enemy Player

Kiraya

No blockers available

Action step

Kiraya

Passed

C23

Passed

Battle started: Guntank against Enemy Shield

Kiraya

Shield card: Gundam Barbatos Lupus revealed and discarded

Battle ended

C23

Char's Zaku Ⅱ deployed

Guntank deployed

No targets for Guntank

Turn end phase started

Kiraya

Passed

C23

Passed

Turn ended!

Turn 6 started!

Battle initiated

Kiraya

Battle declared: Graze Custom against Dopp

C23

No blockers available

Action step

C23

Passed

Kiraya

Passed

Battle started: Graze Custom against Dopp

C23

Dopp received 2 damage, now destroyed

Kiraya

Graze Custom received 1 damage, leaving 1 HP remaining

Battle ended

Battle initiated

Kiraya

Battle declared: Hyakuren against Zaku Ⅱ

C23

No blockers available

Action step

C23

Passed

Kiraya

Passed

Battle started: Hyakuren against Zaku Ⅱ

C23

Zaku Ⅱ received 4 damage, now destroyed

Kiraya

Hyakuren received 1 damage, leaving 2 HP remaining

Battle ended

Kiraya

Gundam Barbatos Adapt deployed

Selecting target for Gundam Barbatos Adapt

Gundam Barbatos Adapt: Dealt 1 damage to: Gundam Barbatos Adapt and Guntank

M1 Astray (Shrike) deployed

Selecting target for M1 Astray (Shrike)

M1 Astray (Shrike): Dealt 1 damage to Guntank, now destroyed

Turn end phase started

C23

Passed

Kiraya

Passed

Turn ended!

Turn 7 started!

C23

Replaced EX Base base: Falmel

Shield card added to hand

Char's Zaku Ⅱ deployed

Char's Zaku Ⅱ deployed

Battle initiated

C23

Battle declared: Guntank against Enemy Player

Kiraya

No blockers available

Action step

Kiraya

Passed

C23

Passed

Battle started: Guntank against Enemy Shield

Kiraya

Shield card: Kira Yamato revealed

Shield card added to hand: Kira Yamato

Battle ended

Battle initiated

C23

Battle declared: Char's Zaku Ⅱ against Enemy Player

Kiraya

No blockers available

Action step

Kiraya

Passed

C23

Passed

Battle started: Char's Zaku Ⅱ against Enemy Shield

Kiraya

Shield card: Widespread Annihilation revealed and discarded

Battle ended

Turn end phase started

Kiraya

Passed

C23

Passed

Turn ended!

Turn 8 started!

Kiraya

Gundam Barbatos 1st Form deployed

Gundam Barbatos Adapt deployed

Selecting target for Gundam Barbatos Adapt

Gundam Barbatos Adapt: Dealt 1 damage to: Gundam Barbatos 1st Form and Char's Zaku Ⅱ

Battle initiated

Kiraya

Battle declared: M1 Astray (Shrike) against Char's Zaku Ⅱ

C23

No blockers available

Action step

C23

Passed

Kiraya

Passed

Battle started: M1 Astray (Shrike) against Char's Zaku Ⅱ

C23

Char's Zaku Ⅱ received 1 damage, now destroyed

Kiraya

M1 Astray (Shrike) received 3 damage, now destroyed

C23

Selecting target for Char's Zaku Ⅱ

Card added to hand: Zaku Ⅱ

Battle ended

Battle initiated

Kiraya

Battle declared: Graze Custom against Char's Zaku Ⅱ

C23

No blockers available

Action step

C23

Passed

Kiraya

Passed

Battle started: Graze Custom against Char's Zaku Ⅱ

C23

Char's Zaku Ⅱ received 2 damage, now destroyed

Kiraya

Graze Custom received 3 damage, now destroyed

Battle ended

Battle initiated

Kiraya

Battle declared: Gundam Barbatos Adapt against Guntank

C23

No blockers available

Action step

C23

Passed

Kiraya

Passed

Battle started: Gundam Barbatos Adapt against Guntank

C23

Guntank received 2 damage, now destroyed

Kiraya

Gundam Barbatos Adapt received 1 damage, leaving 2 HP remaining

Battle ended

Turn end phase started

C23

Passed

Kiraya

Passed

Turn ended!

Turn 9 started!

Battle initiated

C23

Battle declared: Char's Zaku Ⅱ against Enemy Player

Kiraya

No blockers available

Action step

Kiraya

Passed

C23

Passed

Battle started: Char's Zaku Ⅱ against Enemy Shield

Kiraya

Shield card: M1 Astray (Shrike) revealed and discarded

Battle ended

C23

Gundam deployed

Zaku Ⅱ deployed

Turn end phase started

Kiraya

Passed

C23

Passed

Turn ended!

Turn 10 started!

Kiraya

Linked pilot: Mikazuki Augus on unit Gundam Barbatos 1st Form

Selecting target for Mikazuki Augus

Mikazuki Augus: Dealt 1 damage to: Hyakuren and Zaku Ⅱ

Battle initiated

Kiraya

Battle declared: Gundam Barbatos 1st Form against Enemy Player

Gundam Barbatos 1st Form: Draw a card

C23

No blockers available

Action step

C23

Passed

Kiraya

Passed

Battle started: Gundam Barbatos 1st Form against Falmel

C23

Falmel received 5 damage, now destroyed

Battle ended

Battle initiated

Kiraya

Battle declared: Hyakuren against Char's Zaku Ⅱ

C23

No blockers available

Action step

C23

Passed

Kiraya

Passed

Battle started: Hyakuren against Char's Zaku Ⅱ

C23

Char's Zaku Ⅱ received 4 damage, now destroyed

Kiraya

Hyakuren received 3 damage, now destroyed

Battle ended

Kiraya

Gundam Gusion Rebake deployed

Selecting target for Gundam Gusion Rebake

Gundam Gusion Rebake: Dealt 1 damage to: Gundam Barbatos Adapt and Zaku Ⅱ

Battle initiated

Kiraya

Battle declared: Gundam Barbatos Adapt against Enemy Player

C23

No blockers available

Action step

C23

Passed

Kiraya

Passed

Battle started: Gundam Barbatos Adapt against Enemy Shield

C23

Shield card: Amuro Ray revealed

Shield card added to hand: Amuro Ray

Battle ended

Battle initiated

Kiraya

Battle declared: Gundam Barbatos Adapt against Enemy Player

C23

No blockers available

Action step

C23

Passed

Kiraya

Passed

Battle started: Gundam Barbatos Adapt against Enemy Shield

C23

Shield card: Char's Zaku Ⅱ revealed and discarded

Battle ended

Kiraya

Paired pilot: Kira Yamato on unit Gundam Gusion Rebake

Turn end phase started

C23

Passed

Kiraya

Passed

Turn ended!

Turn 11 started!

Battle initiated

C23

Battle declared: Gundam against Enemy Player

Kiraya

Assigned Gundam Gusion Rebake to block

Action step

Kiraya

Passed

C23

Passed

Battle started: Gundam against Gundam Gusion Rebake

Kiraya

Gundam Gusion Rebake received 3 damage, leaving 4 HP remaining

C23

Gundam received 5 damage, now destroyed

Battle ended

C23

Gundam deployed

Linked pilot: Amuro Ray on unit Gundam

Selecting target for Amuro Ray

Already rested unit: Gundam Gusion Rebake

Battle initiated

C23

Battle declared: Gundam against Gundam Barbatos Adapt

Kiraya

No blockers available

Action step

Kiraya

Passed

C23

Passed

Battle started: Gundam against Gundam Barbatos Adapt

Kiraya

Gundam Barbatos Adapt received 6 damage, now destroyed

C23

Gundam received 2 damage, leaving 3 HP remaining

Battle ended

C23

Zaku Ⅱ deployed

Turn end phase started

Kiraya

Passed

C23

Passed

Gundam repaired 2 from [Repair 2]

Turn ended!

Turn 12 started!

Battle initiated

Kiraya

Battle declared: Gundam Barbatos 1st Form against Gundam

Gundam Barbatos 1st Form: Draw a card

C23

No blockers available

Action step

C23

Passed

Kiraya

Passed

Battle started: Gundam Barbatos 1st Form against Gundam

C23

Gundam received 5 damage, now destroyed

Kiraya

Gundam Barbatos 1st Form received 5 damage, now destroyed

Battle ended

Kiraya

Gundam Flauros (Ryusei-Go) deployed

Selecting target for Gundam Flauros (Ryusei-Go)

Battle initiated

Kiraya

Battle declared: Gundam Barbatos Adapt against Enemy Player

C23

No blockers available

Action step

C23

Passed

Kiraya

Passed

Battle started: Gundam Barbatos Adapt against Enemy Shield

C23

Shield card: Rick Dom revealed and discarded

Battle ended

Kiraya

Gundam Barbatos 1st Form deployed

Turn end phase started

C23

Passed

Kiraya

Passed

Turn ended!

Turn 13 started!

C23

Gundam deployed

Linked pilot: Amuro Ray on unit Gundam

Selecting target for Amuro Ray

Rested unit: Gundam Gusion Rebake

Battle initiated

C23

Battle declared: Gundam against Gundam Barbatos Adapt

Kiraya

No blockers available

Action step

Kiraya

Passed

C23

Passed

Battle started: Gundam against Gundam Barbatos Adapt

Kiraya

Gundam Barbatos Adapt received 6 damage, now destroyed

C23

Gundam received 2 damage, leaving 3 HP remaining

Battle ended

Turn end phase started

Kiraya

Passed

C23

Passed

Gundam repaired 2 from [Repair 2]

Turn ended!

Turn 14 started!

Kiraya

Gundam Barbatos Lupus deployed

Battle initiated

Kiraya

Battle declared: Gundam Barbatos 1st Form against Enemy Player

C23

No blockers available

Action step

C23

Passed

Kiraya

Passed

Battle started: Gundam Barbatos 1st Form against Enemy Shield

C23

Shield card: Char's Zaku Ⅱ revealed and discarded

Battle ended

Battle initiated

Kiraya

Battle declared: Gundam Flauros (Ryusei-Go) against Enemy Player

No targets for Gundam Flauros (Ryusei-Go)

C23

No blockers available

Action step

C23

Passed

Kiraya

Passed

Battle started: Gundam Flauros (Ryusei-Go) against Enemy Shield

C23

Shield card: Rick Dom revealed and discarded

Battle ended

Kiraya

Winner!

Game ended!