Mobile Suit Arena - Battle logs
Game started!

Kiraya

Choose to play first

Choose to keep starting hand

liko

Choose to keep starting hand

Turn 1 started!

Turn end phase started

liko

Passed

Kiraya

Passed

Turn ended!

Turn 2 started!

liko

Played command: Overflowing Affection

Overflowing Affection: Draw 2 cards

Selecting target for Overflowing Affection

Nu Gundam discarded

Turn end phase started

Kiraya

Passed

liko

Passed

Turn ended!

Turn 3 started!

Kiraya

Graze Custom deployed

Turn end phase started

liko

Passed

Kiraya

Passed

Turn ended!

Turn 4 started!

liko

Kayra's Re-GZ deployed

Selecting target for Kayra's Re-GZ

Turn end phase started

Kiraya

Passed

liko

Passed

Turn ended!

Turn 5 started!

Kiraya

Hyakuren deployed

Battle initiated

Kiraya

Battle declared: Graze Custom against Enemy Player

liko

No blockers available

Action step

liko

Passed

Kiraya

Passed

Battle started: Graze Custom against EX Base

liko

EX Base received 2 damage, leaving 1 HP remaining

Battle ended

Turn end phase started

liko

Passed

Kiraya

Passed

Turn ended!

Turn 6 started!

Battle initiated

liko

Battle declared: Kayra's Re-GZ against Graze Custom

Kiraya

No blockers available

Action step

Kiraya

Passed

liko

Passed

Battle started: Kayra's Re-GZ against Graze Custom

Kiraya

Graze Custom received 3 damage, now destroyed

liko

Kayra's Re-GZ received 2 damage, leaving 1 HP remaining

Battle ended

liko

Re-GZ deployed

Turn end phase started

Kiraya

Passed

liko

Passed

Turn ended!

Turn 7 started!

Kiraya

Gundam Barbatos Adapt deployed

Selecting target for Gundam Barbatos Adapt

Gundam Barbatos Adapt: Dealt 1 damage to: Gundam Barbatos Adapt and Kayra's Re-GZ

Linked pilot: Mikazuki Augus on unit Gundam Barbatos Adapt

Selecting target for Mikazuki Augus

Mikazuki Augus: Dealt 1 damage to: Gundam Barbatos Adapt and Re-GZ

Paired pilot: Mikazuki Augus on unit Hyakuren

Selecting target for Mikazuki Augus

Mikazuki Augus: Dealt 1 damage to: Hyakuren and Re-GZ

liko

Selecting target for Re-GZ

Battle initiated

Kiraya

Battle declared: Gundam Barbatos Adapt against Enemy Player

liko

No blockers available

Action step

liko

Passed

Kiraya

Passed

Battle started: Gundam Barbatos Adapt against EX Base

liko

EX Base received 4 damage, now destroyed

Battle ended

Battle initiated

Kiraya

Battle declared: Hyakuren against Enemy Player

liko

No blockers available

Action step

liko

Passed

Kiraya

Passed

Battle started: Hyakuren against Enemy Shield

liko

Shield card: Re-GZ BWS revealed and discarded

Battle ended

Turn end phase started

liko

Passed

Kiraya

Passed

Turn ended!

Turn 8 started!

liko

Nu Gundam deployed

Placed 1 Resource EX

Turn end phase started

Kiraya

Passed

liko

Passed

Turn ended!

Turn 9 started!

Kiraya

Gundam Barbatos Adapt deployed

Selecting target for Gundam Barbatos Adapt

Gundam Barbatos Adapt: Dealt 1 damage to: Gundam Barbatos Adapt and Nu Gundam

Linked pilot: Mikazuki Augus on unit Gundam Barbatos Adapt

Selecting target for Mikazuki Augus

Mikazuki Augus: Dealt 1 damage to: Gundam Barbatos Adapt and Nu Gundam

Battle initiated

Kiraya

Battle declared: Gundam Barbatos Adapt against Enemy Player

liko

No blockers available

Action step

liko

Passed

Kiraya

Passed

Battle started: Gundam Barbatos Adapt against Enemy Shield

liko

Shield card: Re-GZ revealed and discarded

Battle ended

Battle initiated

Kiraya

Battle declared: Hyakuren against Enemy Player

liko

No blockers available

Action step

liko

Passed

Kiraya

Passed

Battle started: Hyakuren against Enemy Shield

liko

Shield card: Wing Gundam Zero (EW) revealed and discarded

Battle ended

Battle initiated

Kiraya

Battle declared: Gundam Barbatos Adapt against Enemy Player

liko

No blockers available

Action step

liko

Passed

Kiraya

Passed

Battle started: Gundam Barbatos Adapt against Enemy Shield

liko

Shield card: Wing Gundam revealed and discarded

Battle ended

Kiraya

Hyakuren deployed

Turn end phase started

liko

Passed

Kiraya

Passed

Turn ended!

Turn 10 started!

liko

Wing Gundam deployed

Linked pilot: Heero Yuy on unit Wing Gundam

Battle initiated

liko

Battle declared: Nu Gundam against Hyakuren

Kiraya

No blockers available

Action step

Kiraya

Passed

liko

Passed

Battle started: Nu Gundam against Hyakuren

Kiraya

Hyakuren received 4 damage, now destroyed

liko

Nu Gundam received 6 damage, now destroyed

Battle ended

Battle initiated

liko

Battle declared: Wing Gundam against Gundam Barbatos Adapt

Kiraya

No blockers available

Action step

Kiraya

Passed

liko

Passed

Battle started: Wing Gundam against Gundam Barbatos Adapt

Kiraya

Gundam Barbatos Adapt received 7 damage, now destroyed

liko

Wing Gundam received 4 damage, leaving 3 HP remaining

Kiraya

Breach 5: : EX Base received 5 damage, now destroyed

Battle ended

Turn end phase started

Kiraya

Passed

liko

Passed

Turn ended!

Turn 11 started!

Battle initiated

Kiraya

Battle declared: Gundam Barbatos Adapt against Wing Gundam

liko

No blockers available

Action step

liko

Passed

Kiraya

Passed

Battle started: Gundam Barbatos Adapt against Wing Gundam

liko

Wing Gundam received 4 damage, now destroyed

Kiraya

Gundam Barbatos Adapt received 7 damage, now destroyed

Battle ended

Battle initiated

Kiraya

Battle declared: Hyakuren against Enemy Player

liko

No blockers available

Action step

liko

Passed

Kiraya

Passed

Battle started: Hyakuren against Enemy Shield

liko

Shield card: Jegan revealed and discarded

Battle ended

Kiraya

Gundam Barbatos 2nd Form deployed

Shiden Custom (Ryusei-Go) deployed

Turn end phase started

liko

Passed

Kiraya

Passed

Turn ended!

Turn 12 started!

liko

Wing Gundam Zero deployed

Dealt 3 damage to: Hyakuren, Gundam Barbatos 2nd Form and Shiden Custom (Ryusei-Go)

Turn end phase started

Kiraya

Passed

liko

Passed

Turn ended!

Turn 13 started!

Kiraya

Played base: Isaribi

Shield card added to hand

Gundam Barbatos Lupus deployed

Battle initiated

Kiraya

Battle declared: Gundam Barbatos 2nd Form against Enemy Player

liko

No blockers available

Action step

liko

Passed

Kiraya

Passed

Battle started: Gundam Barbatos 2nd Form against Enemy Shield

liko

Shield card: Amuro Ray revealed

Shield card added to hand: Amuro Ray

Battle ended

Kiraya

Activated: Gundam Barbatos Lupus

Gundam Barbatos Adapt, Hyakuren and Shiden Custom (Ryusei-Go) exiled from the game

Selecting target for Gundam Barbatos Lupus

Gundam Barbatos Lupus: Dealt 2 damage to Wing Gundam Zero, leaving 5 HP remaining

Activated: Gundam Barbatos Lupus

Graze Custom, Hyakuren and Gundam Barbatos Adapt exiled from the game

Selecting target for Gundam Barbatos Lupus

Gundam Barbatos Lupus: Dealt 2 damage to Wing Gundam Zero, leaving 3 HP remaining

Turn end phase started

liko

Passed

Kiraya

Passed

Turn ended!

Turn 14 started!

liko

Nu Gundam deployed

Linked pilot: Amuro Ray on unit Nu Gundam

Selecting target for Nu Gundam

Re-GZ BWS, Nu Gundam and Jegan exiled from the game

Selecting target for Nu Gundam

Battle started: Nu Gundam against Gundam Barbatos Lupus

Kiraya

Gundam Barbatos Lupus received 7 damage, now destroyed

liko

Nu Gundam received 5 damage, leaving 2 HP remaining

Kiraya

Breach 5: : Isaribi received 5 damage, now destroyed

liko

Healed 2 damage to: Nu Gundam

Battle ended

Battle initiated

liko

Battle declared: Nu Gundam against Gundam Barbatos 2nd Form

Kiraya

No blockers available

Action step

Kiraya

Passed

Passed

liko

Passed

Battle started: Nu Gundam against Gundam Barbatos 2nd Form

Kiraya

Gundam Barbatos 2nd Form received 7 damage, now destroyed

liko

Nu Gundam received 4 damage, now destroyed

Kiraya

Breach 5 Shield card: Shiden Custom (Ryusei-Go) revealed and discarded

liko

Healed 2 damage to: Nu Gundam

Battle ended

Turn end phase started

Kiraya

Passed

liko

Passed

Turn ended!

Turn 15 started!

Kiraya

Gundam Barbatos 5th Form (Ground Type) deployed

Turn end phase started

liko

Passed

Kiraya

Passed

Turn ended!

Turn 16 started!

liko

Wing Gundam Zero (EW) deployed

Linked pilot: Heero Yuy on unit Wing Gundam Zero (EW)

Battle initiated

liko

Battle declared: Wing Gundam Zero (EW) against Enemy Player

Selecting target for Wing Gundam Zero (EW)

Rested unit: Gundam Barbatos 5th Form (Ground Type)

Kiraya

No blockers available

Action step

Kiraya

Passed

liko

Passed

Battle started: Wing Gundam Zero (EW) against Enemy Shield

Kiraya

Shield cards: Gundam Barbatos Lupus and Gundam Barbatos 1st Form revealed and discarded

Battle ended

Battle initiated

liko

Battle declared: Wing Gundam Zero against Gundam Barbatos 5th Form (Ground Type)

Kiraya

Can't block High-maneuver

Action step

Kiraya

Passed

liko

Passed

Battle started: Wing Gundam Zero against Gundam Barbatos 5th Form (Ground Type)

Kiraya

Gundam Barbatos 5th Form (Ground Type) received 5 damage, now destroyed

liko

Wing Gundam Zero received 5 damage, now destroyed

Battle ended

liko

Kayra's Re-GZ deployed

Selecting target for Kayra's Re-GZ

Turn end phase started

Kiraya

Passed

liko

Passed

Turn ended!

Turn 17 started!

Kiraya

Gundam Barbatos Lupus deployed

Activated: Gundam Barbatos Lupus

Gundam Barbatos Lupus, Gundam Barbatos 1st Form and Gundam Barbatos 5th Form (Ground Type) exiled from the game

Selecting target for Gundam Barbatos Lupus

Gundam Barbatos Lupus: Dealt 2 damage to Kayra's Re-GZ, leaving 1 HP remaining

Played action: Become a Shield

Selecting target for Become a Shield

Become a Shield: Dealt 1 damage to: Gundam Barbatos Lupus and Kayra's Re-GZ

Activated: Gundam Barbatos Lupus

Gundam Barbatos Lupus, Gundam Barbatos 2nd Form and Shiden Custom (Ryusei-Go) exiled from the game

Selecting target for Gundam Barbatos Lupus

Gundam Barbatos Lupus: Dealt 2 damage to Wing Gundam Zero (EW), leaving 4 HP remaining

Turn end phase started

liko

Passed

Kiraya

Passed

Turn ended!

Turn 18 started!

liko

Played base: Ra Cailum

No more Shield cards to add to hand

Battle initiated

liko

Battle declared: Wing Gundam Zero (EW) against Enemy Player

Selecting target for Wing Gundam Zero (EW)

Rested unit: Gundam Barbatos Lupus

Kiraya

No blockers available

Action step

Kiraya

Passed

liko

Passed

Battle started: Wing Gundam Zero (EW) against Enemy Shield

Kiraya

Shield cards: Hyakuren and Graze Custom revealed and discarded

Battle ended

liko

Wing Gundam Zero deployed

Turn end phase started

Kiraya

Passed

liko

Passed

Turn ended!

Turn 19 started!

Kiraya

Played base: Isaribi

No more Shield cards to add to hand

Battle initiated

Kiraya

Battle declared: Gundam Barbatos Lupus against Wing Gundam Zero (EW)

liko

No blockers available

Action step

liko

Passed

Kiraya

Passed

Battle started: Gundam Barbatos Lupus against Wing Gundam Zero (EW)

liko

Wing Gundam Zero (EW) received 5 damage, now destroyed

Kiraya

Gundam Barbatos Lupus received 8 damage, now destroyed

Battle ended

Turn end phase started

liko

Passed

Kiraya

Passed

Turn ended!

Turn 20 started!

liko

Played command: Interwoven Blessings

Kiraya

Isaribi destroyed

Battle initiated

liko

Battle declared: Wing Gundam Zero against Enemy Player

Kiraya

Can't block High-maneuver

Action step

Kiraya

Passed

liko

Passed

Battle started: Wing Gundam Zero against Enemy Player

Kiraya

No more shields available, game is over!

liko

Winner!

Game ended!