Mobile Suit Arena - Battle logs
Game started!

omega

Choose to play second

Choose to keep starting hand

Kiraya

Choose to keep starting hand

Turn 1 started!

Turn end phase started

omega

Passed

Kiraya

Passed

Turn ended!

Turn 2 started!

omega

Played command: Airframe Seizure

Selecting target for Airframe Seizure

Hobby Hizack discarded

Airframe Seizure: Draw 2 cards

Turn end phase started

Kiraya

Passed

omega

Passed

Turn ended!

Turn 3 started!

Turn end phase started

omega

Passed

Kiraya

Passed

Turn ended!

Turn 4 started!

omega

Quess's Jagd Doga deployed

Turn end phase started

Kiraya

Passed

omega

Passed

Turn ended!

Turn 5 started!

Kiraya

Hyakuren deployed

Replaced EX Base base: Isaribi

Shield card added to hand

Turn end phase started

omega

Passed

Kiraya

Passed

Turn ended!

Turn 6 started!

omega

Quess's Jagd Doga deployed

Turn end phase started

Kiraya

Passed

omega

Passed

Turn ended!

Turn 7 started!

Kiraya

Gundam Barbatos 2nd Form deployed

Ryusei-Go (Graze Custom Ⅱ) deployed

Selecting target for Ryusei-Go (Graze Custom Ⅱ)

Ryusei-Go (Graze Custom Ⅱ): Dealt 1 damage to Gundam Barbatos 2nd Form, leaving 3 HP remaining

Ryusei-Go (Graze Custom Ⅱ): Draw a card

Selecting target for Ryusei-Go (Graze Custom Ⅱ)

Isaribi discarded

Battle initiated

Kiraya

Battle declared: Hyakuren against Enemy Player

omega

No blockers available

Action step

omega

Passed

Kiraya

Passed

Battle started: Hyakuren against EX Base

omega

EX Base received 4 damage, now destroyed

Battle ended

Turn end phase started

omega

Passed

Kiraya

Passed

Turn ended!

Turn 8 started!

Battle initiated

omega

Battle declared: Quess's Jagd Doga against Enemy Player

Kiraya

No blockers available

Action step

Kiraya

Passed

omega

Passed

Battle started: Quess's Jagd Doga against Isaribi

Kiraya

Isaribi received 3 damage, leaving 2 HP remaining

Battle ended

Battle initiated

omega

Battle declared: Quess's Jagd Doga against Hyakuren

Kiraya

No blockers available

Action step

Kiraya

Passed

omega

Passed

Battle started: Quess's Jagd Doga against Hyakuren

Kiraya

Hyakuren received 3 damage, now destroyed

omega

Quess's Jagd Doga received 4 damage, now destroyed

Battle ended

omega

Sazabi deployed

Selecting target for Sazabi

Sazabi milled 3: Sazabi and Sazabi and Gyunei's Jagd Doga moved to trash

Selecting target for Sazabi

Sazabi returned to hand

Quess's Jagd Doga returned to hand

Turn end phase started

Kiraya

Passed

omega

Passed

Turn ended!

Turn 9 started!

Kiraya

Gundam Barbatos 1st Form deployed

Gundam Barbatos 1st Form deployed

Linked pilot: Mikazuki Augus on unit Gundam Barbatos 1st Form

Selecting target for Mikazuki Augus

Mikazuki Augus: Dealt 1 damage to: Gundam Barbatos 1st Form and Sazabi

Battle initiated

Kiraya

Battle declared: Ryusei-Go (Graze Custom Ⅱ) against Enemy Player

omega

No blockers available

Action step

omega

Passed

Kiraya

Passed

Battle started: Ryusei-Go (Graze Custom Ⅱ) against Enemy Shield

omega

Shield card: Kshatriya revealed and discarded

Battle ended

Battle initiated

Kiraya

Battle declared: Gundam Barbatos 2nd Form against Enemy Player

omega

No blockers available

Action step

omega

Passed

Kiraya

Passed

Battle started: Gundam Barbatos 2nd Form against Enemy Shield

omega

Shield card: Neo Zeong revealed and discarded

Battle ended

Battle initiated

Kiraya

Battle declared: Gundam Barbatos 1st Form against Enemy Player

Gundam Barbatos 1st Form: Draw a card

omega

No blockers available

Action step

omega

Passed

Kiraya

Passed

Battle started: Gundam Barbatos 1st Form against Enemy Shield

omega

Shield card: Rezin's Geara Doga revealed and discarded

Battle ended

Turn end phase started

omega

Passed

Kiraya

Passed

Turn ended!

Turn 10 started!

omega

Kshatriya deployed

Linked pilot: Marida Cruz on unit Kshatriya

Selecting target for Kshatriya

Kshatriya: Dealt 1 damage to: Ryusei-Go (Graze Custom Ⅱ) and Gundam Barbatos 1st Form

Battle initiated

omega

Battle declared: Kshatriya against Gundam Barbatos 2nd Form

Selecting target for Marida Cruz

Marida Cruz: Dealt 1 damage to Gundam Barbatos 1st Form, now destroyed

Kiraya

No blockers available

Action step

Kiraya

Passed

omega

Passed

Battle started: Kshatriya against Gundam Barbatos 2nd Form

Kiraya

Gundam Barbatos 2nd Form received 7 damage, now destroyed

omega

Kshatriya received 4 damage, leaving 1 HP remaining

Battle ended

Battle initiated

omega

Battle declared: Sazabi against Ryusei-Go (Graze Custom Ⅱ)

Kiraya

No blockers available

Action step

Kiraya

Passed

omega

Passed

Battle started: Sazabi against Ryusei-Go (Graze Custom Ⅱ)

Kiraya

Ryusei-Go (Graze Custom Ⅱ) received 5 damage, now destroyed

omega

Sazabi received 2 damage, leaving 1 HP remaining

Battle ended

Turn end phase started

Kiraya

Passed

omega

Passed

Turn ended!

Turn 11 started!

Kiraya

Gundam Gusion Rebake deployed

Selecting target for Gundam Gusion Rebake

Gundam Gusion Rebake: Dealt 1 damage to: Gundam Barbatos 1st Form and Kshatriya

Played action: Become a Shield

Selecting target for Become a Shield

Become a Shield: Dealt 1 damage to: Gundam Gusion Rebake and Sazabi

Battle initiated

Kiraya

Battle declared: Gundam Barbatos 1st Form against Enemy Player

Gundam Barbatos 1st Form: Draw a card

omega

No blockers available

Action step

omega

Passed

Kiraya

Passed

Battle started: Gundam Barbatos 1st Form against Enemy Shield

omega

Shield card: Kshatriya revealed and discarded

Battle ended

Kiraya

Graze Custom deployed

Turn end phase started

omega

Passed

Kiraya

Passed

Turn ended!

Turn 12 started!

omega

Quess's Jagd Doga deployed

Linked pilot: Quess Paraya on unit Quess's Jagd Doga

Battle initiated

omega

Battle declared: Quess's Jagd Doga against Gundam Barbatos 1st Form

Kiraya

Assigned no blocker

Action step

Kiraya

Passed

omega

Passed

Battle started: Quess's Jagd Doga against Gundam Barbatos 1st Form

Kiraya

Gundam Barbatos 1st Form received 4 damage, now destroyed

omega

Quess's Jagd Doga received 3 damage, now destroyed

No targets for Quess Paraya

Battle ended

omega

Rezin's Geara Doga deployed

Played base: Axis

Shield card added to hand

Turn end phase started

Kiraya

Passed

omega

Passed

Turn ended!

Turn 13 started!

Kiraya

Gundam Gusion Rebake deployed

Selecting target for Gundam Gusion Rebake

Gundam Gusion Rebake: Dealt 1 damage to: Graze Custom and Rezin's Geara Doga

Gundam Barbatos Adapt deployed

Selecting target for Gundam Barbatos Adapt

Gundam Barbatos Adapt: Dealt 1 damage to: Gundam Barbatos Adapt and Rezin's Geara Doga

Activated: Isaribi

Rested base: Isaribi

Isaribi: Modifier applied to: Graze Custom

Battle initiated

Kiraya

Battle declared: Graze Custom against Enemy Player

omega

No blockers available

Action step

omega

Passed

Kiraya

Passed

Battle started: Graze Custom against Axis

omega

Axis received 4 damage, leaving 2 HP remaining

Battle ended

Battle initiated

Kiraya

Battle declared: Gundam Gusion Rebake against Enemy Player

omega

No blockers available

Action step

omega

Passed

Kiraya

Passed

Battle started: Gundam Gusion Rebake against Axis

omega

Axis received 3 damage, now destroyed

Battle ended

Turn end phase started

omega

Timeout 1

Passed

Kiraya

Passed

Turn ended!

Turn 14 started!

Kiraya

Winner!

Game ended!