Mobile Suit Arena - Battle logs
Game started!

Kiraya

Choose to play first

Choose to keep starting hand

Robotech

Choose to keep starting hand

Turn 1 started!

Turn end phase started

Robotech

Passed

Kiraya

Passed

Turn ended!

Turn 2 started!

Turn end phase started

Kiraya

Passed

Robotech

Passed

Turn ended!

Turn 3 started!

Kiraya

Graze Custom deployed

Gundam Exia Repair deployed

Turn end phase started

Robotech

Passed

Kiraya

Passed

Turn ended!

Turn 4 started!

Robotech

Rick Dias deployed

Turn end phase started

Kiraya

Passed

Robotech

Passed

Turn ended!

Turn 5 started!

Kiraya

Gundam Barbatos 1st Form deployed

Graze Custom deployed

Battle initiated

Kiraya

Battle declared: Gundam Exia Repair against Enemy Player

Robotech

Assigned no blocker

Action step

Robotech

Passed

Kiraya

Passed

Battle started: Gundam Exia Repair against EX Base

Robotech

EX Base received 2 damage, leaving 1 HP remaining

Battle ended

Battle initiated

Kiraya

Battle declared: Graze Custom against Enemy Player

Robotech

Assigned Rick Dias to block

Action step

Robotech

Passed

Kiraya

Passed

Battle started: Graze Custom against Rick Dias

Robotech

Rick Dias received 2 damage, leaving 1 HP remaining

Kiraya

Graze Custom received 3 damage, now destroyed

Battle ended

Turn end phase started

Robotech

Passed

Kiraya

Passed

Turn ended!

Turn 6 started!

Battle initiated

Robotech

Battle declared: Rick Dias against Gundam Exia Repair

Kiraya

No blockers available

Action step

Kiraya

Passed

Robotech

Passed

Battle started: Rick Dias against Gundam Exia Repair

Kiraya

Gundam Exia Repair received 3 damage, now destroyed

Robotech

Rick Dias received 2 damage, now destroyed

Kiraya

Gundam Exia Repair milled 2: Gundam Barbatos Lupus and Hyakuren moved to trash

Battle ended

Robotech

Rick Dias deployed

Turn end phase started

Kiraya

Passed

Robotech

Passed

Turn ended!

Turn 7 started!

Kiraya

Replaced EX Base base: Isaribi

Shield card added to hand

Gundam Barbatos 2nd Form deployed

Linked pilot: Mikazuki Augus on unit Gundam Barbatos 1st Form

Selecting target for Mikazuki Augus

Mikazuki Augus: Dealt 1 damage to: Gundam Barbatos 1st Form and Rick Dias

Battle initiated

Kiraya

Battle declared: Graze Custom against Enemy Player

Robotech

Assigned no blocker

Action step

Robotech

Passed

Kiraya

Passed

Battle started: Graze Custom against EX Base

Robotech

EX Base received 2 damage, now destroyed

Battle ended

Battle initiated

Kiraya

Battle declared: Gundam Barbatos 1st Form against Enemy Player

Gundam Barbatos 1st Form: Draw a card

Robotech

Assigned Rick Dias to block

Action step

Robotech

Passed

Kiraya

Passed

Battle started: Gundam Barbatos 1st Form against Rick Dias

Robotech

Rick Dias received 5 damage, now destroyed

Kiraya

Gundam Barbatos 1st Form received 3 damage, now destroyed

Battle ended

Turn end phase started

Robotech

Passed

Kiraya

Passed

Turn ended!

Turn 8 started!

Robotech

Strike Rouge (Ootori) deployed

Played command: Overflowing Affection

Overflowing Affection: Draw 2 cards

Selecting target for Overflowing Affection

Murasame (Andrew Waldfeld Unit) discarded

Turn end phase started

Kiraya

Passed

Robotech

Passed

Turn ended!

Turn 9 started!

Kiraya

Hyakuren deployed

Hyakuren deployed

Turn end phase started

Robotech

Passed

Kiraya

Passed

Turn ended!

Turn 10 started!

Robotech

Murasame (Andrew Waldfeld Unit) deployed

Linked pilot: Andrew Waldfeld on unit Murasame (Andrew Waldfeld Unit)

Turn end phase started

Kiraya

Passed

Robotech

Passed

Turn ended!

Turn 11 started!

Kiraya

Gundam Gusion Rebake deployed

Selecting target for Gundam Gusion Rebake

Gundam Gusion Rebake: Dealt 1 damage to: Gundam Barbatos 2nd Form and Murasame (Andrew Waldfeld Unit)

Paired pilot: Mikazuki Augus on unit Gundam Gusion Rebake

Selecting target for Mikazuki Augus

Mikazuki Augus: Dealt 1 damage to: Graze Custom and Murasame (Andrew Waldfeld Unit)

Activated: Isaribi

Rested base: Isaribi

Isaribi: Modifier applied to: Graze Custom

Battle initiated

Kiraya

Battle declared: Graze Custom against Enemy Player

Robotech

Assigned no blocker

Action step

Robotech

Passed

Kiraya

Passed

Battle started: Graze Custom against Enemy Shield

Robotech

Shield card: Strike Rouge (Ootori) revealed and discarded

Battle ended

Battle initiated

Kiraya

Battle declared: Gundam Barbatos 2nd Form against Enemy Player

Robotech

Assigned Strike Rouge (Ootori) to block

Action step

Robotech

Passed

Kiraya

Passed

Battle started: Gundam Barbatos 2nd Form against Strike Rouge (Ootori)

Robotech

Strike Rouge (Ootori) received 4 damage, now destroyed

Kiraya

Gundam Barbatos 2nd Form received 3 damage, now destroyed

Battle ended

Battle initiated

Kiraya

Battle declared: Hyakuren against Enemy Player

Robotech

No blockers available

Action step

Robotech

Passed

Kiraya

Passed

Battle started: Hyakuren against Enemy Shield

Robotech

Shield card: Andrew Waldfeld revealed

Shield card added to hand: Andrew Waldfeld

Battle ended

Battle initiated

Kiraya

Battle declared: Hyakuren against Enemy Player

Robotech

No blockers available

Action step

Robotech

Passed

Kiraya

Passed

Battle started: Hyakuren against Enemy Shield

Robotech

Shield card: Archangel revealed

Played base: Archangel

Shield card added to hand

Battle ended

Turn end phase started

Robotech

Passed

Kiraya

Passed

Turn ended!

Turn 12 started!

Robotech

Aile Strike Gundam deployed

Linked pilot: Kira Yamato on unit Aile Strike Gundam

Selecting target for Aile Strike Gundam

Kiraya

Hyakuren returned to hand

Battle initiated

Robotech

Battle declared: Aile Strike Gundam against Graze Custom

Selecting target for Kira Yamato

Kira Yamato: Modifier applied to: Graze Custom

Kiraya

Assigned Gundam Gusion Rebake to block

Action step

Kiraya

Passed

Robotech

Passed

Battle started: Aile Strike Gundam against Gundam Gusion Rebake

Kiraya

Gundam Gusion Rebake received 6 damage, now destroyed

Robotech

Aile Strike Gundam received 5 damage, now destroyed

Battle ended

Battle initiated

Robotech

Battle declared: Murasame (Andrew Waldfeld Unit) against Graze Custom

Kiraya

No blockers available

Action step

Kiraya

Passed

Robotech

Passed

Battle started: Murasame (Andrew Waldfeld Unit) against Graze Custom

Kiraya

Graze Custom received 4 damage, now destroyed

Robotech

Murasame (Andrew Waldfeld Unit) received 2 damage, leaving 1 HP remaining

Battle ended

Turn end phase started

Kiraya

Passed

Robotech

Passed

Murasame (Andrew Waldfeld Unit) repaired 2 from [Repair 2]

Turn ended!

Turn 13 started!

Kiraya

Gundam Barbatos Lupus Rex deployed

Battle initiated

Kiraya

Battle declared: Hyakuren against Enemy Player

Robotech

No blockers available

Action step

Robotech

Passed

Kiraya

Passed

Battle started: Hyakuren against Archangel

Robotech

Archangel received 4 damage, leaving 1 HP remaining

Battle ended

Turn end phase started

Robotech

Passed

Kiraya

Passed

Selecting target for Gundam Barbatos Lupus Rex

Dealt 1 damage to Gundam Barbatos Lupus Rex, leaving 5 HP remaining

Set Active: Gundam Barbatos Lupus Rex

Turn ended!

Turn 14 started!

Robotech

Strike Freedom Gundam deployed

Selecting target for Strike Freedom Gundam

Strike Freedom Gundam: chose Murasame (Andrew Waldfeld Unit) and Strike Freedom Gundam

Linked pilot: Kira Yamato on unit Strike Freedom Gundam

Kira Yamato: Draw a card

Battle initiated

Robotech

Battle declared: Murasame (Andrew Waldfeld Unit) against Hyakuren

Kiraya

No blockers available

Action step

Kiraya

Passed

Robotech

Passed

Battle started: Murasame (Andrew Waldfeld Unit) against Hyakuren

Kiraya

Hyakuren received 4 damage, now destroyed

Robotech

Murasame (Andrew Waldfeld Unit) received 4 damage, now destroyed

Murasame (Andrew Waldfeld Unit): Draw a card

Strike Freedom Gundam: Draw a card

Battle ended

Battle initiated

Robotech

Battle declared: Strike Freedom Gundam against Enemy Player

Selecting target for Strike Freedom Gundam

Strike Rouge (Kira's Unit) and Murasame (Andrew Waldfeld Unit) discarded

Selecting target for Strike Freedom Gundam

Kiraya

Gundam Barbatos Lupus Rex returned to deck

No blockers available

Action step

Kiraya

Passed

Robotech

Passed

Battle started: Strike Freedom Gundam against Isaribi

Kiraya

Isaribi received 7 damage, now destroyed

Robotech

Strike Freedom Gundam: Draw a card

Battle ended

Turn end phase started

Kiraya

Passed

Robotech

Passed

Turn ended!

Turn 15 started!

Kiraya

Played base: Isaribi

Shield card added to hand

Gundam Barbatos 1st Form deployed

Gundam Barbatos Adapt deployed

Selecting target for Gundam Barbatos Adapt

Gundam Barbatos Adapt: Dealt 1 damage to: Gundam Barbatos 1st Form and Strike Freedom Gundam (prevented by Archangel)

Gundam Barbatos 5th Form (Ground Type) deployed

Turn end phase started

Robotech

Passed

Kiraya

Passed

Turn ended!

Turn 16 started!

Robotech

Strike Rouge (Ootori) deployed

Linked pilot: Andrew Waldfeld on unit Strike Rouge (Ootori)

Played command: A Show of Resolve

A Show of Resolve: Draw 2 cards

Battle initiated

Robotech

Battle declared: Strike Freedom Gundam against Enemy Player

Selecting target for Strike Freedom Gundam

Overflowing Affection and Overflowing Affection discarded

Selecting target for Strike Freedom Gundam

Kiraya

Gundam Barbatos 1st Form returned to deck

No blockers available

Action step

Kiraya

Passed

Robotech

Passed

Battle started: Strike Freedom Gundam against Isaribi

Kiraya

Isaribi received 7 damage, now destroyed

Battle ended

Robotech

Gundam Lfrith deployed

Turn end phase started

Kiraya

Passed

Robotech

Passed

Turn ended!

Turn 17 started!

Kiraya

Ryusei-Go (Graze Custom Ⅱ) deployed

Selecting target for Ryusei-Go (Graze Custom Ⅱ)

Ryusei-Go (Graze Custom Ⅱ): Dealt 1 damage to Gundam Barbatos 5th Form (Ground Type), leaving 3 HP remaining

Ryusei-Go (Graze Custom Ⅱ): Draw a card

Selecting target for Ryusei-Go (Graze Custom Ⅱ)

Gundam Exia Repair discarded

Battle initiated

Kiraya

Battle declared: Gundam Barbatos Adapt against Enemy Player

Robotech

Assigned Strike Rouge (Ootori) to block

Action step

Robotech

Passed

Kiraya

Passed

Battle started: Gundam Barbatos Adapt against Strike Rouge (Ootori)

Robotech

Strike Rouge (Ootori) received 2 damage, leaving 3 HP remaining

Kiraya

Gundam Barbatos Adapt received 5 damage, now destroyed

Battle ended

Battle initiated

Kiraya

Battle declared: Gundam Barbatos 5th Form (Ground Type) against Strike Rouge (Ootori)

Robotech

Assigned no blocker

Action step

Robotech

Passed

Kiraya

Passed

Battle started: Gundam Barbatos 5th Form (Ground Type) against Strike Rouge (Ootori)

Robotech

Strike Rouge (Ootori) received 5 damage, now destroyed

Kiraya

Gundam Barbatos 5th Form (Ground Type) received 5 damage, now destroyed

Battle ended

Kiraya

Hyakuren deployed

Turn end phase started

Robotech

Passed

Kiraya

Passed

Turn ended!

Turn 18 started!

Robotech

Played command: A Show of Resolve

A Show of Resolve: Draw 2 cards

Strike Rouge (Ootori) deployed

Rick Dias deployed

Battle initiated

Robotech

Battle declared: Strike Freedom Gundam against Enemy Player

Selecting target for Strike Freedom Gundam

Kiraya

No blockers available

Action step

Kiraya

Passed

Robotech

Passed

Battle started: Strike Freedom Gundam against Enemy Shield

Kiraya

Shield card: Shiden Custom (Ryusei-Go) revealed and discarded

Battle ended

Turn end phase started

Kiraya

Passed

Robotech

Passed

Turn ended!

Turn 19 started!

Kiraya

Gundam Barbatos 2nd Form deployed

Battle initiated

Kiraya

Battle declared: Hyakuren against Enemy Player

Robotech

Assigned no blocker

Action step

Robotech

Passed

Kiraya

Passed

Battle started: Hyakuren against Archangel

Robotech

Archangel received 4 damage, now destroyed

Battle ended

Battle initiated

Kiraya

Battle declared: Ryusei-Go (Graze Custom Ⅱ) against Enemy Player

Robotech

Assigned Gundam Lfrith to block

Action step

Robotech

Passed

Kiraya

Passed

Battle started: Ryusei-Go (Graze Custom Ⅱ) against Gundam Lfrith

Robotech

Gundam Lfrith received 2 damage, leaving 2 HP remaining

Kiraya

Ryusei-Go (Graze Custom Ⅱ) received 2 damage, now destroyed

Battle ended

Turn end phase started

Robotech

Passed

Kiraya

Passed

Turn ended!

Turn 20 started!

Battle initiated

Robotech

Battle declared: Gundam Lfrith against Enemy Player

Kiraya

No blockers available

Action step

Kiraya

Passed

Robotech

Passed

Battle started: Gundam Lfrith against Enemy Shield

Kiraya

Shield card: Gundam Gusion Rebake revealed and discarded

Battle ended

Battle initiated

Robotech

Battle declared: Rick Dias against Enemy Player

Kiraya

No blockers available

Action step

Kiraya

Passed

Robotech

Passed

Battle started: Rick Dias against Enemy Shield

Kiraya

Shield card: Mikazuki Augus revealed

Shield card added to hand: Mikazuki Augus

Battle ended

Battle initiated

Robotech

Battle declared: Strike Rouge (Ootori) against Enemy Player

Kiraya

No blockers available

Action step

Kiraya

Passed

Robotech

Passed

Battle started: Strike Rouge (Ootori) against Enemy Shield

Kiraya

Shield card: Hyakuren revealed and discarded

Battle ended

Robotech

Strike Rouge (Kira's Unit) deployed

Linked pilot: Kira Yamato on unit Strike Rouge (Kira's Unit)

Kira Yamato: Draw a card

Freedom Gundam deployed

Linked pilot: Kira Yamato on unit Freedom Gundam

Selecting target for Freedom Gundam

Winner!

Game ended!