Mobile Suit Arena - Battle logs
Game started!

Kiraya

Choose to play first

Choose to mulligan starting hand

Olo

Choose to keep starting hand

Turn 1 started!

Turn end phase started

Olo

Passed

Kiraya

Passed

Turn ended!

Turn 2 started!

Turn end phase started

Kiraya

Passed

Olo

Passed

Turn ended!

Turn 3 started!

Kiraya

Gundam Exia Repair deployed

Turn end phase started

Olo

Passed

Kiraya

Passed

Turn ended!

Turn 4 started!

Olo

Rick Dias deployed

Turn end phase started

Kiraya

Passed

Olo

Passed

Turn ended!

Turn 5 started!

Battle initiated

Kiraya

Battle declared: Gundam Exia Repair against Enemy Player

Olo

Assigned no blocker

Action step

Olo

Passed

Kiraya

Passed

Battle started: Gundam Exia Repair against EX Base

Olo

EX Base received 2 damage, leaving 1 HP remaining

Battle ended

Kiraya

Hyakuren deployed

Turn end phase started

Olo

Passed

Kiraya

Passed

Turn ended!

Turn 6 started!

Battle initiated

Olo

Battle declared: Rick Dias against Enemy Player

Kiraya

No blockers available

Action step

Kiraya

Passed

Olo

Passed

Battle started: Rick Dias against EX Base

Kiraya

EX Base received 3 damage, now destroyed

Battle ended

Olo

Played command: Overflowing Affection

Overflowing Affection: Draw 2 cards

Selecting target for Overflowing Affection

Wing Gundam Zero (EW) discarded

Rick Dias deployed

Turn end phase started

Kiraya

Passed

Olo

Passed

Turn ended!

Turn 7 started!

Battle initiated

Kiraya

Battle declared: Gundam Exia Repair against Enemy Player

Olo

Assigned no blocker

Action step

Olo

Passed

Kiraya

Passed

Battle started: Gundam Exia Repair against EX Base

Olo

EX Base received 2 damage, now destroyed

Battle ended

Kiraya

Hyakuren deployed

Gundam Barbatos 1st Form deployed

Turn end phase started

Olo

Passed

Kiraya

Passed

Turn ended!

Turn 8 started!

Olo

Played base: Archangel

Shield card added to hand

Played command: Overflowing Affection

Overflowing Affection: Draw 2 cards

Selecting target for Overflowing Affection

Rick Dias discarded

Battle initiated

Olo

Battle declared: Rick Dias against Enemy Player

Kiraya

No blockers available

Action step

Kiraya

Passed

Olo

Passed

Battle started: Rick Dias against Enemy Shield

Kiraya

Shield card: Gundam Gusion Rebake revealed and discarded

Battle ended

Battle initiated

Olo

Battle declared: Rick Dias against Enemy Player

Kiraya

No blockers available

Action step

Kiraya

Passed

Olo

Passed

Battle started: Rick Dias against Enemy Shield

Kiraya

Shield card: Gundam Barbatos Adapt revealed and discarded

Battle ended

Olo

Gundam Lfrith deployed

Turn end phase started

Kiraya

Passed

Olo

Passed

Turn ended!

Turn 9 started!

Battle initiated

Kiraya

Battle declared: Gundam Exia Repair against Rick Dias

Olo

Assigned no blocker

Action step

Olo

Passed

Kiraya

Passed

Battle started: Gundam Exia Repair against Rick Dias

Olo

Rick Dias received 2 damage, leaving 1 HP remaining

Kiraya

Gundam Exia Repair received 3 damage, now destroyed

Gundam Exia Repair: destroyed Rick Dias

Gundam Exia Repair milled 2: Gundam Barbatos Lupus and Gundam Exia Repair moved to trash

Battle ended

Kiraya

Gundam Gusion Rebake deployed

Selecting target for Gundam Gusion Rebake

Gundam Gusion Rebake: Dealt 1 damage to: Gundam Barbatos 1st Form and Gundam Lfrith

Battle initiated

Kiraya

Battle declared: Gundam Barbatos 1st Form against Rick Dias

Gundam Barbatos 1st Form: Draw a card

Olo

Assigned Gundam Lfrith to block

Action step

Olo

Passed

Kiraya

Passed

Battle started: Gundam Barbatos 1st Form against Gundam Lfrith

Olo

Gundam Lfrith received 3 damage, now destroyed

Kiraya

Gundam Barbatos 1st Form received 2 damage, now destroyed

Battle ended

Kiraya

Played base: Isaribi

Shield card added to hand

Battle initiated

Kiraya

Battle declared: Hyakuren against Enemy Player

Olo

No blockers available

Action step

Olo

Passed

Kiraya

Passed

Battle started: Hyakuren against Archangel

Olo

Archangel received 4 damage, leaving 1 HP remaining

Battle ended

Battle initiated

Kiraya

Battle declared: Hyakuren against Enemy Player

Olo

No blockers available

Action step

Olo

Passed

Kiraya

Passed

Battle started: Hyakuren against Archangel

Olo

Archangel received 4 damage, now destroyed

Battle ended

Turn end phase started

Olo

Passed

Kiraya

Passed

Turn ended!

Turn 10 started!

Olo

Wing Gundam Zero (EW) deployed

Turn end phase started

Kiraya

Passed

Olo

Passed

Turn ended!

Turn 11 started!

Kiraya

Gundam Barbatos 1st Form deployed

Gundam Gusion Rebake deployed

Selecting target for Gundam Gusion Rebake

Gundam Gusion Rebake: Dealt 1 damage to: Gundam Barbatos 1st Form and Wing Gundam Zero (EW)

Battle initiated

Kiraya

Battle declared: Hyakuren against Enemy Player

Olo

Assigned Rick Dias to block

Action step

Olo

Passed

Kiraya

Passed

Battle started: Hyakuren against Rick Dias

Olo

Rick Dias received 4 damage, now destroyed

Kiraya

Hyakuren received 3 damage, now destroyed

Battle ended

Battle initiated

Kiraya

Battle declared: Hyakuren against Enemy Player

Olo

No blockers available

Action step

Olo

Passed

Kiraya

Passed

Battle started: Hyakuren against Enemy Shield

Olo

Shield card: Kira Yamato revealed

Shield card added to hand: Kira Yamato

Battle ended

Turn end phase started

Olo

Passed

Kiraya

Passed

Turn ended!

Turn 12 started!

Olo

Aile Strike Gundam deployed

Linked pilot: Kira Yamato on unit Aile Strike Gundam

Selecting target for Aile Strike Gundam

Kiraya

Hyakuren returned to hand

Olo

Played base: Archangel

Shield card added to hand

Battle initiated

Olo

Battle declared: Aile Strike Gundam against Enemy Player

Selecting target for Kira Yamato

Kira Yamato: Modifier applied to: Gundam Gusion Rebake

Kiraya

Assigned no blocker

Action step

Kiraya

Passed

Olo

Passed

Battle started: Aile Strike Gundam against Isaribi

Kiraya

Isaribi received 6 damage, now destroyed

Battle ended

Battle initiated

Olo

Battle declared: Wing Gundam Zero (EW) against Enemy Player

Selecting target for Wing Gundam Zero (EW)

Rested unit: Gundam Gusion Rebake

Kiraya

Assigned Gundam Gusion Rebake to block

Action step

Kiraya

Passed

Olo

Passed

Battle started: Wing Gundam Zero (EW) against Gundam Gusion Rebake

Kiraya

Gundam Gusion Rebake received 5 damage, now destroyed

Olo

Wing Gundam Zero (EW) received 3 damage, now destroyed

Battle ended

Turn end phase started

Kiraya

Passed

Olo

Passed

Turn ended!

Turn 13 started!

Kiraya

Gundam Barbatos Lupus deployed

Activated: Gundam Barbatos Lupus

Gundam Barbatos Lupus, Hyakuren and Gundam Gusion Rebake exiled from the game

Selecting target for Gundam Barbatos Lupus

Gundam Barbatos Lupus: Dealt 2 damage to Aile Strike Gundam, leaving 3 HP remaining

Activated: Gundam Barbatos Lupus

Gundam Gusion Rebake, Gundam Barbatos Adapt and Gundam Barbatos 1st Form exiled from the game

Selecting target for Gundam Barbatos Lupus

Gundam Barbatos Lupus: Dealt 2 damage to Aile Strike Gundam, leaving 1 HP remaining

Played action: Become a Shield

Selecting target for Become a Shield

Become a Shield: Dealt 1 damage to: Gundam Barbatos Lupus and Aile Strike Gundam

Battle initiated

Kiraya

Battle declared: Gundam Barbatos 1st Form against Enemy Player

Gundam Barbatos 1st Form: Draw a card

Olo

No blockers available

Action step

Olo

Passed

Kiraya

Passed

Battle started: Gundam Barbatos 1st Form against Archangel

Olo

Archangel received 3 damage, leaving 2 HP remaining

Battle ended

Battle initiated

Kiraya

Battle declared: Gundam Gusion Rebake against Enemy Player

Olo

No blockers available

Action step

Olo

Passed

Kiraya

Passed

Battle started: Gundam Gusion Rebake against Archangel

Olo

Archangel received 3 damage, now destroyed

Battle ended

Turn end phase started

Olo

Passed

Kiraya

Passed

Turn ended!

Turn 14 started!

Olo

Strike Gundam deployed

Strike Gundam: Draw a card

Selecting target for Strike Gundam

Strike Freedom Gundam discarded

Linked pilot: Kira Yamato on unit Strike Gundam

Battle initiated

Olo

Battle declared: Strike Gundam against Gundam Gusion Rebake

Selecting target for Kira Yamato

Kira Yamato: Modifier applied to: Gundam Gusion Rebake

Kiraya

No blockers available

Action step

Kiraya

Passed

Olo

Passed

Battle started: Strike Gundam against Gundam Gusion Rebake

Kiraya

Gundam Gusion Rebake received 5 damage, now destroyed

Olo

Strike Gundam received 1 damage, leaving 3 HP remaining

Battle ended

Olo

Wing Gundam Zero (EW) deployed

Turn end phase started

Kiraya

Passed

Olo

Passed

Turn ended!

Turn 15 started!

Kiraya

Played base: Isaribi

Shield card added to hand

Battle initiated

Kiraya

Battle declared: Gundam Barbatos 1st Form against Strike Gundam

Gundam Barbatos 1st Form: Draw a card

Olo

No blockers available

Action step

Olo

Passed

Kiraya

Passed

Battle started: Gundam Barbatos 1st Form against Strike Gundam

Olo

Strike Gundam received 3 damage, now destroyed

Kiraya

Gundam Barbatos 1st Form received 5 damage, now destroyed

Battle ended

Kiraya

Hyakuren deployed

Hyakuren deployed

Gundam Barbatos 1st Form deployed

Graze Custom deployed

Battle initiated

Kiraya

Battle declared: Gundam Barbatos Lupus against Enemy Player

Olo

No blockers available

Action step

Olo

Passed

Kiraya

Passed

Battle started: Gundam Barbatos Lupus against Enemy Shield

Olo

Shield card: Wing Gundam Zero (EW) revealed and discarded

Battle ended

Turn end phase started

Olo

Passed

Kiraya

Passed

Turn ended!

Turn 16 started!

Olo

Strike Freedom Gundam deployed

Selecting target for Strike Freedom Gundam

Strike Freedom Gundam: chose Wing Gundam Zero (EW) and Strike Freedom Gundam

Linked pilot: Kira Yamato on unit Strike Freedom Gundam

Kira Yamato: Draw a card

Battle initiated

Olo

Battle declared: Strike Freedom Gundam against Gundam Barbatos Lupus

Selecting target for Strike Freedom Gundam

Strike Gundam and Overflowing Affection discarded

Selecting target for Strike Freedom Gundam

Kiraya

Graze Custom returned to deck

No blockers available

Action step

Kiraya

Passed

Olo

Passed

Battle started: Strike Freedom Gundam against Gundam Barbatos Lupus

Kiraya

Gundam Barbatos Lupus received 7 damage, now destroyed

Olo

Strike Freedom Gundam received 5 damage, leaving 3 HP remaining

Strike Freedom Gundam: Draw a card

Battle ended

Battle initiated

Olo

Battle declared: Wing Gundam Zero (EW) against Enemy Player

Selecting target for Wing Gundam Zero (EW)

Rested unit: Hyakuren

Kiraya

No blockers available

Action step

Kiraya

Passed

Olo

Passed

Battle started: Wing Gundam Zero (EW) against Isaribi

Kiraya

Isaribi received 5 damage, now destroyed

Olo

Strike Freedom Gundam: Draw a card

Battle ended

Olo

Played base: Archangel

Shield card added to hand

Turn end phase started

Kiraya

Passed

Olo

Passed

Turn ended!

Turn 17 started!

Kiraya

Gundam Barbatos Adapt deployed

Selecting target for Gundam Barbatos Adapt

Gundam Barbatos Adapt: Dealt 1 damage to: Gundam Barbatos 1st Form and Wing Gundam Zero (EW)

Battle initiated

Kiraya

Battle declared: Gundam Barbatos 1st Form against Strike Freedom Gundam

Gundam Barbatos 1st Form: Draw a card

Olo

No blockers available

Action step

Olo

Passed

Kiraya

Passed

Battle started: Gundam Barbatos 1st Form against Strike Freedom Gundam

Olo

Strike Freedom Gundam received 3 damage, now destroyed

Kiraya

Gundam Barbatos 1st Form received 7 damage, now destroyed

Battle ended

Kiraya

Played base: Isaribi

Shield card added to hand

Battle initiated

Kiraya

Battle declared: Hyakuren against Wing Gundam Zero (EW)

Olo

No blockers available

Action step

Olo

Passed

Kiraya

Passed

Battle started: Hyakuren against Wing Gundam Zero (EW)

Olo

Wing Gundam Zero (EW) received 4 damage, now destroyed

Kiraya

Hyakuren received 5 damage, now destroyed

Battle ended

Battle initiated

Kiraya

Battle declared: Hyakuren against Enemy Player

Olo

No blockers available

Action step

Olo

Passed

Kiraya

Passed

Battle started: Hyakuren against Archangel

Olo

Archangel received 4 damage, leaving 1 HP remaining

Battle ended

Kiraya

Shiden Custom (Ryusei-Go) deployed

Gundam Barbatos 5th Form (Ground Type) deployed

Turn end phase started

Olo

Passed

Kiraya

Passed

Turn ended!

Turn 18 started!

Olo

Played command: Overflowing Affection

Overflowing Affection: Draw 2 cards

Selecting target for Overflowing Affection

Graceful Demeanor discarded

Strike Rouge (Kira's Unit) deployed

Linked pilot: Kira Yamato on unit Strike Rouge (Kira's Unit)

Battle initiated

Olo

Battle declared: Strike Rouge (Kira's Unit) against Hyakuren

Selecting target for Kira Yamato

Kira Yamato: Modifier applied to: Hyakuren

Kiraya

Assigned no blocker

Action step

Kiraya

Passed

Olo

Passed

Battle started: Strike Rouge (Kira's Unit) against Hyakuren

Kiraya

Hyakuren received 5 damage, now destroyed

Olo

Strike Rouge (Kira's Unit) received 2 damage, leaving 3 HP remaining

Battle ended

Olo

Played command: A Show of Resolve

A Show of Resolve: Draw 2 cards

Strike Rouge (Kira's Unit) deployed

Turn end phase started

Kiraya

Passed

Olo

Passed

Turn ended!

Turn 19 started!

Kiraya

Gundam Barbatos Lupus deployed

Activated: Gundam Barbatos Lupus

Gundam Barbatos 1st Form, Hyakuren and Hyakuren exiled from the game

Selecting target for Gundam Barbatos Lupus

Gundam Barbatos Lupus: Dealt 2 damage to Strike Rouge (Kira's Unit), leaving 1 HP remaining

Gundam Barbatos Adapt deployed

Selecting target for Gundam Barbatos Adapt

Gundam Barbatos Adapt: Dealt 1 damage to: Gundam Barbatos Adapt and Strike Rouge (Kira's Unit)

Battle initiated

Kiraya

Battle declared: Gundam Barbatos Adapt against Enemy Player

Olo

No blockers available

Action step

Olo

Passed

Kiraya

Passed

Battle started: Gundam Barbatos Adapt against Archangel

Olo

Archangel received 2 damage, now destroyed

Battle ended

Battle initiated

Kiraya

Battle declared: Shiden Custom (Ryusei-Go) against Enemy Player

Olo

No blockers available

Action step

Olo

Passed

Kiraya

Passed

Battle started: Shiden Custom (Ryusei-Go) against Enemy Shield

Olo

Shield card: Rick Dias revealed and discarded

Battle ended

Battle initiated

Kiraya

Battle declared: Gundam Barbatos 5th Form (Ground Type) against Enemy Player

Olo

No blockers available

Action step

Kiraya

Winner!

Game ended!