Mobile Suit Arena - Battle logs


Game started!

Kiraya
Choose to play first
MrCross00
Choose to mulligan starting hand
Kiraya
Choose to mulligan starting hand

Turn 1 started!


Turn end phase started

MrCross00
Passed
Kiraya
Passed
Turn ended!

Turn 2 started!


Turn end phase started

Kiraya
Passed
MrCross00
Passed
Turn ended!

Turn 3 started!

Kiraya
Graze Custom deployed

Turn end phase started

MrCross00
Passed
Kiraya
Passed
Turn ended!

Turn 4 started!


Turn end phase started

Kiraya
Passed
MrCross00
Passed
Turn ended!

Turn 5 started!

Kiraya
Hyakuren deployed

Battle initiated

Kiraya
Battle declared: Graze Custom against Enemy Player
MrCross00
No blockers available

Action step

MrCross00
Played action: Exclusively Defense-Oriented Policy
Kiraya
Graze Custom returned to hand
Passed
MrCross00
Passed

Battle ended

Kiraya
Graze Custom deployed

Turn end phase started

MrCross00
Passed
Kiraya
Passed
Turn ended!

Turn 6 started!

MrCross00
Re-GZ BWS deployed
Placed 1 Resource EX

Turn end phase started

Kiraya
Passed
MrCross00
Passed
Turn ended!

Turn 7 started!

Kiraya
Gundam Barbatos Adapt deployed
Selecting target for Gundam Barbatos Adapt
Gundam Barbatos Adapt: Dealt 1 damage to: Gundam Barbatos Adapt and Re-GZ BWS
Linked pilot: Mikazuki Augus on unit Gundam Barbatos Adapt
Selecting target for Mikazuki Augus
Mikazuki Augus: Dealt 1 damage to: Gundam Barbatos Adapt and Re-GZ BWS

Battle initiated

Kiraya
Battle declared: Gundam Barbatos Adapt against Enemy Player
MrCross00
No blockers available

Action step

MrCross00
Passed
Kiraya
Passed
Battle started: Gundam Barbatos Adapt against EX Base
MrCross00
EX Base received 4 damage, now destroyed

Battle ended


Battle initiated

Kiraya
Battle declared: Graze Custom against Enemy Player
MrCross00
No blockers available

Action step

MrCross00
Passed
Kiraya
Passed
Battle started: Graze Custom against Enemy Shield
MrCross00
Shield card: Jegan revealed and discarded

Battle ended


Battle initiated

Kiraya
Battle declared: Hyakuren against Enemy Player
MrCross00
No blockers available

Action step

MrCross00
Played action: Wings of Light
Selecting target for Wings of Light
Kiraya
Hyakuren returned to hand
Passed
MrCross00
Passed

Battle ended


Turn end phase started

MrCross00
Passed
Kiraya
Passed
Turn ended!

Turn 8 started!

MrCross00
Re-GZ BWS deployed
Placed 1 Resource EX
Jegan deployed

Turn end phase started

Kiraya
Passed
MrCross00
Passed
Turn ended!

Turn 9 started!

Kiraya
Gundam Flauros (Ryusei-Go) deployed
Selecting target for Gundam Flauros (Ryusei-Go)

Battle initiated

Kiraya
Battle declared: Graze Custom against Enemy Player
MrCross00
No blockers available

Action step

MrCross00
Passed
Kiraya
Passed
Battle started: Graze Custom against Enemy Shield
MrCross00
Shield card: Re-GZ revealed and discarded

Battle ended


Battle initiated

Kiraya
Battle declared: Gundam Barbatos Adapt against Enemy Player
MrCross00
No blockers available

Action step

MrCross00
Passed
Kiraya
Passed
Battle started: Gundam Barbatos Adapt against Enemy Shield
MrCross00
Shield card: Nu Gundam revealed and discarded

Battle ended

Kiraya
Linked pilot: Ride Mass on unit Gundam Flauros (Ryusei-Go)

Battle initiated

Kiraya
Battle declared: Gundam Flauros (Ryusei-Go) against Enemy Player
No targets for Gundam Flauros (Ryusei-Go)
MrCross00
No blockers available

Action step

MrCross00
Passed
Kiraya
Passed
Battle started: Gundam Flauros (Ryusei-Go) against Enemy Shield
MrCross00
Shield card: Amuro Ray revealed
Shield card added to hand: Amuro Ray

Battle ended


Turn end phase started

MrCross00
Passed
Kiraya
Passed
Turn ended!

Turn 10 started!


Battle initiated

MrCross00
Battle declared: Re-GZ BWS against Graze Custom
Kiraya
No blockers available

Action step

Kiraya
Passed
MrCross00
Passed
Battle started: Re-GZ BWS against Graze Custom
Kiraya
Graze Custom received 2 damage, now destroyed
MrCross00
Re-GZ BWS received 2 damage, now destroyed

Battle ended

MrCross00
Gundam deployed
Linked pilot: Amuro Ray on unit Gundam

Battle initiated

MrCross00
Battle declared: Gundam against Gundam Barbatos Adapt
Kiraya
No blockers available

Action step

Kiraya
Passed
MrCross00
Passed
Battle started: Gundam against Gundam Barbatos Adapt
Kiraya
Gundam Barbatos Adapt received 6 damage, now destroyed
MrCross00
Gundam received 4 damage, leaving 2 HP remaining
Healed 2 damage to: Gundam

Battle ended


Turn end phase started

Kiraya
Passed
MrCross00
Passed
Gundam repaired 2 from [Repair 2]
Turn ended!

Turn 11 started!

Kiraya
Hyakuren deployed
Ryusei-Go (Graze Custom Ⅱ) deployed
Selecting target for Ryusei-Go (Graze Custom Ⅱ)
Ryusei-Go (Graze Custom Ⅱ): Dealt 1 damage to Gundam Flauros (Ryusei-Go), leaving 3 HP remaining
Ryusei-Go (Graze Custom Ⅱ): Draw a card
Selecting target for Ryusei-Go (Graze Custom Ⅱ)
Become a Shield discarded
Hyakuren deployed

Battle initiated

Kiraya
Battle declared: Gundam Flauros (Ryusei-Go) against Enemy Player
No targets for Gundam Flauros (Ryusei-Go)
MrCross00
No blockers available

Action step

MrCross00
Passed
Kiraya
Passed
Battle started: Gundam Flauros (Ryusei-Go) against Enemy Shield
MrCross00
Shield card: Ra Cailum revealed
Played base: Ra Cailum
Shield card added to hand

Battle ended


Turn end phase started

MrCross00
Passed
Kiraya
Passed
Turn ended!

Turn 12 started!

MrCross00
Zeong deployed
Paired pilot: Amuro Ray on unit Zeong
Selecting target for Amuro Ray
Rested unit: Hyakuren
Wire-Guided Arm deployed
Wire-Guided Arm deployed
Jegan deployed

Battle initiated

MrCross00
Battle declared: Gundam against Hyakuren
Kiraya
No blockers available

Action step

Kiraya
Passed
MrCross00
Passed
Battle started: Gundam against Hyakuren
Kiraya
Hyakuren received 6 damage, now destroyed
MrCross00
Gundam received 4 damage, leaving 2 HP remaining
Healed 2 damage to: Gundam

Battle ended


Turn end phase started

Kiraya
Passed
MrCross00
Passed
Gundam repaired 2 from [Repair 2]
Turn ended!

Turn 13 started!


Battle initiated

Kiraya
Battle declared: Gundam Flauros (Ryusei-Go) against Enemy Player
Selecting target for Gundam Flauros (Ryusei-Go)
MrCross00
No blockers available

Action step

MrCross00
Passed
Kiraya
Passed
Battle started: Gundam Flauros (Ryusei-Go) against Ra Cailum
MrCross00
Ra Cailum received 5 damage, now destroyed

Battle ended

Kiraya
Winner!

Game ended!