Mobile Suit Arena - Battle logs
Game started!

Kiraya

Choose to play first

Choose to keep starting hand

loklee

Choose to keep starting hand

Turn 1 started!

Turn end phase started

loklee

Passed

Kiraya

Passed

Turn ended!

Turn 2 started!

loklee

Hobby Hizack deployed

Turn end phase started

Kiraya

Passed

loklee

Passed

Turn ended!

Turn 3 started!

Kiraya

Gundam Exia Repair deployed

Gundam Exia Repair deployed

Turn end phase started

Kiraya

Passed

loklee

Passed

Turn ended!

Turn 4 started!

loklee

Rick Dom deployed

Battle initiated

loklee

Battle declared: Hobby Hizack against Enemy Player

Kiraya

No blockers available

Action step

Kiraya

Passed

loklee

Passed

Battle started: Hobby Hizack against EX Base

Kiraya

EX Base received 2 damage, leaving 1 HP remaining

Battle ended

Turn end phase started

Kiraya

Passed

loklee

Passed

Turn ended!

Turn 5 started!

Kiraya

Replaced EX Base base: Isaribi

Shield card added to hand

Paired pilot: Ride Mass on unit Gundam Exia Repair

Battle initiated

Kiraya

Battle declared: Gundam Exia Repair against Enemy Player

loklee

No blockers available

Action step

loklee

Passed

Kiraya

Passed

Battle started: Gundam Exia Repair against EX Base

loklee

EX Base received 2 damage, leaving 1 HP remaining

Battle ended

Battle initiated

Kiraya

Battle declared: Gundam Exia Repair against Enemy Player

loklee

No blockers available

Action step

loklee

Passed

Kiraya

Passed

Battle started: Gundam Exia Repair against EX Base

loklee

EX Base received 2 damage, now destroyed

Battle ended

Turn end phase started

loklee

Passed

Kiraya

Passed

Turn ended!

Turn 6 started!

loklee

Played base: Axis

Shield card added to hand

Battle initiated

loklee

Battle declared: Rick Dom against Enemy Player

Kiraya

No blockers available

Action step

Kiraya

Passed

loklee

Passed

Battle started: Rick Dom against Isaribi

Kiraya

Isaribi received 3 damage, leaving 2 HP remaining

Battle ended

Battle initiated

loklee

Battle declared: Hobby Hizack against Enemy Player

Kiraya

No blockers available

Action step

Kiraya

Passed

loklee

Passed

Battle started: Hobby Hizack against Isaribi

Kiraya

Isaribi received 2 damage, now destroyed

Battle ended

loklee

Rick Dom deployed

Turn end phase started

Kiraya

Passed

loklee

Passed

Turn ended!

Turn 7 started!

Battle initiated

Kiraya

Battle declared: Gundam Exia Repair against Rick Dom

loklee

No blockers available

Action step

loklee

Passed

Kiraya

Passed

Battle started: Gundam Exia Repair against Rick Dom

loklee

Rick Dom received 2 damage, leaving 1 HP remaining

Kiraya

Gundam Exia Repair received 3 damage, now destroyed

Gundam Exia Repair: destroyed Rick Dom

Gundam Exia Repair milled 2: Gundam Barbatos Adapt and Gundam Exia Repair moved to trash

Battle ended

Kiraya

Played base: Isaribi

Shield card added to hand

Shiden Custom (Ryusei-Go) deployed

Battle initiated

Kiraya

Battle declared: Gundam Exia Repair against Hobby Hizack

loklee

No blockers available

Action step

loklee

Passed

Kiraya

Passed

Battle started: Gundam Exia Repair against Hobby Hizack

loklee

Hobby Hizack received 2 damage, now destroyed

Kiraya

Gundam Exia Repair received 2 damage, now destroyed

Gundam Exia Repair milled 2: Graze Custom and Gundam Barbatos 1st Form moved to trash

Battle ended

Turn end phase started

loklee

Passed

Kiraya

Passed

Turn ended!

Turn 8 started!

Battle initiated

loklee

Battle declared: Rick Dom against Enemy Player

Kiraya

Assigned Shiden Custom (Ryusei-Go) to block

Action step

Kiraya

Passed

loklee

Passed

Battle started: Rick Dom against Shiden Custom (Ryusei-Go)

Kiraya

Shiden Custom (Ryusei-Go) received 3 damage, now destroyed

loklee

Rick Dom received 4 damage, now destroyed

Kiraya

Breach 2: : Isaribi received 2 damage, leaving 3 HP remaining

Battle ended

loklee

Char's Zaku Ⅱ deployed

Hobby Hizack deployed

Zakrello deployed

Turn end phase started

Kiraya

Passed

loklee

Passed

Turn ended!

Turn 9 started!

Kiraya

Gundam Gusion Rebake deployed

Selecting target for Gundam Gusion Rebake

Gundam Gusion Rebake: Dealt 1 damage to: Gundam Gusion Rebake and Zakrello

Graze Custom deployed

Turn end phase started

loklee

Passed

Kiraya

Passed

Turn ended!

Turn 10 started!

Battle initiated

loklee

Battle declared: Char's Zaku Ⅱ against Enemy Player

Kiraya

Assigned Gundam Gusion Rebake to block

Action step

Kiraya

Passed

loklee

Passed

Battle started: Char's Zaku Ⅱ against Gundam Gusion Rebake

Kiraya

Gundam Gusion Rebake received 3 damage, leaving 1 HP remaining

loklee

Char's Zaku Ⅱ received 3 damage, now destroyed

Selecting target for Char's Zaku Ⅱ

Card added to hand: Char's Zaku Ⅱ

Battle ended

loklee

Char's Zaku Ⅱ deployed

Rezin's Geara Doga deployed

Battle initiated

loklee

Battle declared: Hobby Hizack against Gundam Gusion Rebake

Kiraya

No blockers available

Action step

Kiraya

Passed

loklee

Passed

Battle started: Hobby Hizack against Gundam Gusion Rebake

Kiraya

Gundam Gusion Rebake received 2 damage, now destroyed

loklee

Hobby Hizack received 3 damage, now destroyed

Battle ended

Turn end phase started

Kiraya

Passed

loklee

Passed

Turn ended!

Turn 11 started!

Kiraya

Gundam Flauros (Ryusei-Go) deployed

No targets for Gundam Flauros (Ryusei-Go)

Linked pilot: Mikazuki Augus on unit Gundam Flauros (Ryusei-Go)

Selecting target for Mikazuki Augus

Mikazuki Augus: Dealt 1 damage to: Gundam Flauros (Ryusei-Go) and Rezin's Geara Doga

Battle initiated

Kiraya

Battle declared: Gundam Flauros (Ryusei-Go) against Enemy Player

No targets for Gundam Flauros (Ryusei-Go)

loklee

No blockers available

Action step

loklee

Passed

Kiraya

Passed

Battle started: Gundam Flauros (Ryusei-Go) against Axis

loklee

Axis received 7 damage, now destroyed

Battle ended

Battle initiated

Kiraya

Battle declared: Graze Custom against Enemy Player

loklee

No blockers available

Action step

loklee

Passed

Kiraya

Passed

Battle started: Graze Custom against Enemy Shield

loklee

Shield card: Zaku Ⅱ revealed and discarded

Battle ended

Turn end phase started

loklee

Passed

Kiraya

Passed

Turn ended!

Turn 12 started!

Battle initiated

loklee

Battle declared: Char's Zaku Ⅱ against Gundam Flauros (Ryusei-Go)

Kiraya

No blockers available

Action step

Kiraya

Passed

loklee

Passed

Battle started: Char's Zaku Ⅱ against Gundam Flauros (Ryusei-Go)

Kiraya

Gundam Flauros (Ryusei-Go) received 3 damage, now destroyed

loklee

Char's Zaku Ⅱ received 7 damage, now destroyed

Selecting target for Char's Zaku Ⅱ

Card added to hand: Quess's Jagd Doga

Battle ended

Battle initiated

loklee

Battle declared: Rezin's Geara Doga against Graze Custom

Kiraya

No blockers available

Action step

Kiraya

Played action: Become a Shield

Selecting target for Become a Shield

Become a Shield: Dealt 1 damage to: Graze Custom and Rezin's Geara Doga

loklee

Passed

Kiraya

Passed

loklee

Battle started: Rezin's Geara Doga against Graze Custom

Kiraya

Graze Custom received 3 damage, now destroyed

loklee

Rezin's Geara Doga received 2 damage, now destroyed

Battle ended

loklee

Played base: Axis

Shield card added to hand

Zeong deployed

Turn end phase started

Kiraya

Passed

loklee

Passed

Turn ended!

Turn 13 started!

loklee

Passed

Turn ended!

Turn 13 started!

Kiraya

Gundam Barbatos Lupus deployed

Activated: Gundam Barbatos Lupus

Gundam Gusion Rebake, Gundam Flauros (Ryusei-Go) and Graze Custom exiled from the game

Selecting target for Gundam Barbatos Lupus

Gundam Barbatos Lupus: Dealt 2 damage to Zeong, leaving 1 HP remaining

Activated: Gundam Barbatos Lupus

Gundam Barbatos Adapt, Gundam Barbatos 1st Form and Shiden Custom (Ryusei-Go) exiled from the game

Selecting target for Gundam Barbatos Lupus

Gundam Barbatos Lupus: Dealt 2 damage to Zeong, now destroyed

loklee

Zeong (Head) deployed

Turn end phase started

loklee

Passed

Kiraya

Passed

Turn ended!

Turn 14 started!

loklee

Sazabi deployed

Hobby Hizack deployed

Zakrello deployed

Battle initiated

loklee

Battle declared: Zeong (Head) against Enemy Player

Kiraya

No blockers available

Action step

Kiraya

Passed

loklee

Passed

Battle started: Zeong (Head) against Isaribi

Kiraya

Isaribi received 3 damage, now destroyed

Battle ended

Turn end phase started

Kiraya

Passed

loklee

Passed

Turn ended!

Turn 15 started!

Kiraya

Gundam Barbatos Adapt deployed

Selecting target for Gundam Barbatos Adapt

Gundam Barbatos Adapt: Dealt 1 damage to: Gundam Barbatos Adapt and Zakrello

Hyakuren deployed

Shiden Custom (Ryusei-Go) deployed

Turn end phase started

loklee

Passed

Kiraya

Passed

Turn ended!

Turn 16 started!

loklee

Quess's Jagd Doga deployed

Sazabi deployed

Selecting target for Sazabi

Sazabi milled 3: Char Aznable and Quess's Jagd Doga and Quess's Jagd Doga moved to trash

Selecting target for Sazabi

Quess's Jagd Doga returned to hand

Quess's Jagd Doga returned to hand

Quess's Jagd Doga deployed

Battle initiated

loklee

Battle declared: Sazabi against Enemy Player

Selecting target for Sazabi

Kiraya

Selecting target for Sazabi

loklee

Quess's Jagd Doga returned to hand

Kiraya

Assigned Shiden Custom (Ryusei-Go) to block

Action step

Kiraya

Passed

loklee

Passed

Battle started: Sazabi against Shiden Custom (Ryusei-Go)

Kiraya

Shiden Custom (Ryusei-Go) received 5 damage, now destroyed

loklee

Sazabi received 4 damage, leaving 1 HP remaining

Battle ended

loklee

Activated: Axis

Rested base: Axis

Quess's Jagd Doga deployed

Battle initiated

loklee

Battle declared: Hobby Hizack against Enemy Player

Kiraya

No blockers available

Action step

Kiraya

Passed

loklee

Passed

Battle started: Hobby Hizack against Enemy Shield

Kiraya

Shield card: Ryusei-Go (Graze Custom Ⅱ) revealed and discarded

Battle ended

Battle initiated

loklee

Battle declared: Zeong (Head) against Enemy Player

Kiraya

No blockers available

Action step

Kiraya

Passed

loklee

Passed

Battle started: Zeong (Head) against Enemy Shield

Kiraya

Shield card: Gundam Exia Repair revealed and discarded

Battle ended

Turn end phase started

Kiraya

Passed

loklee

Passed

Turn ended!

Turn 17 started!

Kiraya

Played base: Isaribi

Shield card added to hand

Gundam Barbatos 1st Form deployed

Activated: Gundam Barbatos Lupus

Gundam Barbatos Adapt, Shiden Custom (Ryusei-Go) and Ryusei-Go (Graze Custom Ⅱ) exiled from the game

Selecting target for Gundam Barbatos Lupus

Gundam Barbatos Lupus: Dealt 2 damage to Sazabi, now destroyed

Battle initiated

Kiraya

Battle declared: Hyakuren against Hobby Hizack

loklee

No blockers available

Action step

loklee

Passed

Kiraya

Passed

Battle started: Hyakuren against Hobby Hizack

loklee

Hobby Hizack received 4 damage, now destroyed

Kiraya

Hyakuren received 2 damage, leaving 1 HP remaining

Battle ended

Battle initiated

Kiraya

Battle declared: Gundam Barbatos Lupus against Zeong (Head)

loklee

No blockers available

Action step

loklee

Passed

Kiraya

Passed

Battle started: Gundam Barbatos Lupus against Zeong (Head)

loklee

Zeong (Head) received 5 damage, now destroyed

Kiraya

Gundam Barbatos Lupus received 3 damage, leaving 2 HP remaining

Battle ended

Turn end phase started

loklee

Passed

Kiraya

Passed

Turn ended!

Turn 18 started!

Battle initiated

loklee

Battle declared: Quess's Jagd Doga against Gundam Barbatos Lupus

Kiraya

No blockers available

Action step

Kiraya

Passed

loklee

Passed

Battle started: Quess's Jagd Doga against Gundam Barbatos Lupus

Kiraya

Gundam Barbatos Lupus received 3 damage, now destroyed

loklee

Quess's Jagd Doga received 5 damage, now destroyed

Battle ended

Battle initiated

loklee

Battle declared: Sazabi against Enemy Player

Kiraya

No blockers available

Action step

Kiraya

Passed

loklee

Passed

Battle started: Sazabi against Isaribi

Kiraya

Isaribi received 5 damage, now destroyed

Battle ended

loklee

Zeong deployed

Quess's Jagd Doga deployed

Char's Zaku Ⅱ deployed

Turn end phase started

Kiraya

Passed

loklee

Passed

Turn ended!

Turn 19 started!

Battle initiated

Kiraya

Battle declared: Hyakuren against Sazabi

loklee

No blockers available

Action step

loklee

Passed

Kiraya

Passed

Battle started: Hyakuren against Sazabi

loklee

Sazabi received 4 damage, now destroyed

Kiraya

Hyakuren received 5 damage, now destroyed

Battle ended

Battle initiated

Kiraya

Battle declared: Gundam Barbatos 1st Form against Enemy Player

loklee

No blockers available

Action step

loklee

Passed

Kiraya

Passed

Battle started: Gundam Barbatos 1st Form against Axis

loklee

Axis received 3 damage, leaving 3 HP remaining

Battle ended

Kiraya

Hyakuren deployed

Turn end phase started

loklee

Passed

Kiraya

Passed

Turn ended!

Turn 20 started!

Battle initiated

loklee

Battle declared: Char's Zaku Ⅱ against Gundam Barbatos 1st Form

Kiraya

No blockers available

Action step

Kiraya

Passed

loklee

Passed

Battle started: Char's Zaku Ⅱ against Gundam Barbatos 1st Form

Kiraya

Gundam Barbatos 1st Form received 3 damage, now destroyed

loklee

Char's Zaku Ⅱ received 3 damage, now destroyed

Selecting target for Char's Zaku Ⅱ

Card added to hand: Rezin's Geara Doga

Battle ended

loklee

Rezin's Geara Doga deployed

Battle initiated

loklee

Battle declared: Quess's Jagd Doga against Enemy Player

Kiraya

No blockers available

Action step

Kiraya

Passed

loklee

Passed

Battle started: Quess's Jagd Doga against Enemy Shield

Kiraya

Shield card: Shiden Custom (Ryusei-Go) revealed and discarded

Battle ended

Battle initiated

loklee

Battle declared: Zeong against Enemy Player

Kiraya

No blockers available

Action step

Kiraya

Passed

loklee

Passed

Battle started: Zeong against Enemy Player

Kiraya

No more shields available, game is over!

loklee

Winner!

Game ended!