Mobile Suit Arena - Battle logs
Game started!

Essen

Choose to play first

Kiraya

Choose to keep starting hand

Essen

Choose to mulligan starting hand

Turn 1 started!

Essen

Played command: Airframe Seizure

Selecting target for Airframe Seizure

Strike Freedom Gundam discarded

Airframe Seizure: Draw 2 cards

Turn end phase started

Kiraya

Passed

Essen

Passed

Turn ended!

Turn 2 started!

Kiraya

Gundam Exia Repair deployed

Turn end phase started

Essen

Passed

Kiraya

Passed

Turn ended!

Turn 3 started!

Turn end phase started

Kiraya

Passed

Essen

Passed

Turn ended!

Turn 4 started!

Kiraya

Replaced EX Base base: Isaribi

Shield card added to hand

Battle initiated

Kiraya

Battle declared: Gundam Exia Repair against Enemy Player

Essen

No blockers available

Action step

Essen

Played action: Close Combat

Close Combat: Dealt 2 damage to Gundam Exia Repair, now destroyed

Kiraya

Gundam Exia Repair milled 2: Gundam Barbatos 1st Form and Shiden Custom (Ryusei-Go) moved to trash

Passed

Essen

Passed

Battle ended

Kiraya

Gundam Exia Repair deployed

Turn end phase started

Essen

Passed

Kiraya

Passed

Turn ended!

Turn 5 started!

Essen

Played action: Close Combat

Close Combat: Dealt 2 damage to Gundam Exia Repair, now destroyed

Kiraya

Gundam Exia Repair milled 2: Gundam Flauros (Ryusei-Go) and Gundam Barbatos 1st Form moved to trash

Essen

Played command: A Healthy Curiosity

A Healthy Curiosity: Draw a card

Turn end phase started

Kiraya

Passed

Essen

Passed

Turn ended!

Turn 6 started!

Kiraya

Gundam Barbatos 2nd Form deployed

Gundam Barbatos Adapt deployed

No targets for Gundam Barbatos Adapt

Turn end phase started

Essen

Passed

Kiraya

Passed

Turn ended!

Turn 7 started!

Essen

Played command: A Show of Resolve

A Show of Resolve: Draw 2 cards

Played command: Airframe Seizure

Selecting target for Airframe Seizure

Kindhearted discarded

Airframe Seizure: Draw 2 cards

Turn end phase started

Kiraya

Passed

Essen

Passed

Turn ended!

Turn 8 started!

Kiraya

Shiden Custom (Ryusei-Go) deployed

Battle initiated

Kiraya

Battle declared: Gundam Barbatos Adapt against Enemy Player

Essen

No blockers available

Action step

Essen

Passed

Kiraya

Passed

Battle started: Gundam Barbatos Adapt against EX Base

Essen

EX Base received 2 damage, leaving 1 HP remaining

Battle ended

Battle initiated

Kiraya

Battle declared: Gundam Barbatos 2nd Form against Enemy Player

Essen

No blockers available

Action step

Essen

Passed

Kiraya

Passed

Battle started: Gundam Barbatos 2nd Form against EX Base

Essen

EX Base received 2 damage, now destroyed

Battle ended

Turn end phase started

Essen

Passed

Kiraya

Passed

Turn ended!

Turn 9 started!

Essen

Played action: Improved Technique

Improved Technique: Dealt 3 damage to Shiden Custom (Ryusei-Go), now destroyed

Played command: A Healthy Curiosity

A Healthy Curiosity: Draw a card

Played action: Kindhearted

Kindhearted: Draw a card

Turn end phase started

Kiraya

Passed

Essen

Passed

Turn ended!

Turn 10 started!

Battle initiated

Kiraya

Battle declared: Gundam Barbatos 2nd Form against Enemy Player

Essen

No blockers available

Action step

Essen

Passed

Kiraya

Passed

Battle started: Gundam Barbatos 2nd Form against Enemy Shield

Essen

Shield card: A Healthy Curiosity revealed and discarded

Battle ended

Battle initiated

Kiraya

Battle declared: Gundam Barbatos Adapt against Enemy Player

Essen

No blockers available

Action step

Essen

Passed

Kiraya

Passed

Battle started: Gundam Barbatos Adapt against Enemy Shield

Essen

Shield card: Battle of Aces revealed

Shield card: Battle of Aces moved to trash

Selecting target for Battle of Aces

Battle of Aces: Dealt 2 damage to Gundam Barbatos Adapt, leaving 2 HP remaining

Battle ended

Kiraya

Gundam Barbatos 5th Form (Ground Type) deployed

Turn end phase started

Essen

Passed

Kiraya

Passed

Turn ended!

Turn 11 started!

Essen

Played action: Overwhelming Pressure

Overwhelming Pressure: Dealt 4 damage to Gundam Barbatos 5th Form (Ground Type), now destroyed

Played action: Overwhelming Pressure

Overwhelming Pressure: Dealt 4 damage to Gundam Barbatos 2nd Form, now destroyed

Turn end phase started

Kiraya

Passed

Essen

Passed

Turn ended!

Turn 12 started!

Battle initiated

Kiraya

Battle declared: Gundam Barbatos Adapt against Enemy Player

Essen

No blockers available

Action step

Essen

Passed

Kiraya

Passed

Battle started: Gundam Barbatos Adapt against Enemy Shield

Essen

Shield card: Close Combat revealed

Shield card: Close Combat moved to trash

Selecting target for Close Combat

Close Combat: Dealt 2 damage to Gundam Barbatos Adapt, now destroyed

Battle ended

Kiraya

Replaced Isaribi base: Isaribi

Shield card added to hand

Gundam Barbatos Adapt deployed

No targets for Gundam Barbatos Adapt

Linked pilot: Mikazuki Augus on unit Gundam Barbatos Adapt

Battle initiated

Kiraya

Battle declared: Gundam Barbatos Adapt against Enemy Player

Essen

No blockers available

Action step

Essen

Passed

Kiraya

Passed

Battle started: Gundam Barbatos Adapt against Enemy Shield

Essen

Shield card: Strike Rouge (Ootori) revealed and discarded

Battle ended

Turn end phase started

Essen

Passed

Kiraya

Passed

Turn ended!

Turn 13 started!

Essen

Strike Rouge (Ootori) deployed

Linked pilot: Kira Yamato on unit Strike Rouge (Ootori)

Kira Yamato: Draw a card

Battle initiated

Essen

Battle declared: Strike Rouge (Ootori) against Gundam Barbatos Adapt

Kiraya

No blockers available

Action step

Kiraya

Passed

Essen

Passed

Battle started: Strike Rouge (Ootori) against Gundam Barbatos Adapt

Kiraya

Gundam Barbatos Adapt received 5 damage, now destroyed

Essen

Strike Rouge (Ootori) received 4 damage, leaving 2 HP remaining

Battle ended

Essen

Played command: A Show of Resolve

A Show of Resolve: Draw 2 cards

Turn end phase started

Kiraya

Passed

Essen

Passed

Turn ended!

Turn 14 started!

Kiraya

Gundam Barbatos Lupus deployed

Activated: Gundam Barbatos Lupus

Shiden Custom (Ryusei-Go), Gundam Barbatos 5th Form (Ground Type) and Gundam Barbatos Adapt exiled from the game

Selecting target for Gundam Barbatos Lupus

Gundam Barbatos Lupus: Dealt 2 damage to Strike Rouge (Ootori), now destroyed

Turn end phase started

Essen

Passed

Kiraya

Passed

Turn ended!

Turn 15 started!

Essen

Played action: Close Combat

Close Combat: Dealt 2 damage to Gundam Barbatos Lupus, leaving 3 HP remaining

Played action: Battle of Aces

Battle of Aces: Dealt 3 damage to Gundam Barbatos Lupus, now destroyed

Played command: Airframe Seizure

Selecting target for Airframe Seizure

Kindhearted discarded

Airframe Seizure: Draw 2 cards

Played command: A Show of Resolve

A Show of Resolve: Draw 2 cards

Turn end phase started

Kiraya

Passed

Essen

Passed

Turn ended!

Turn 16 started!

Kiraya

Gundam Flauros (Ryusei-Go) deployed

No targets for Gundam Flauros (Ryusei-Go)

Hyakuren deployed

Linked pilot: Ride Mass on unit Gundam Flauros (Ryusei-Go)

Battle initiated

Kiraya

Battle declared: Gundam Flauros (Ryusei-Go) against Enemy Player

No targets for Gundam Flauros (Ryusei-Go)

Essen

No blockers available

Action step

Essen

Passed

Kiraya

Passed

Battle started: Gundam Flauros (Ryusei-Go) against Enemy Shield

Essen

Shield card: A Show of Resolve revealed and discarded

Battle ended

Turn end phase started

Essen

Passed

Kiraya

Passed

Turn ended!

Turn 17 started!

Essen

Played action: Overwhelming Pressure

Overwhelming Pressure: Dealt 4 damage to Gundam Flauros (Ryusei-Go), now destroyed

Played action: Kindhearted

Kindhearted: Draw a card

Played command: A Healthy Curiosity

A Healthy Curiosity: Draw a card

Selecting target for A Healthy Curiosity

Rested unit: Hyakuren

Played action: Overwhelming Pressure

Overwhelming Pressure: Dealt 4 damage to Hyakuren, now destroyed

Turn end phase started

Kiraya

Passed

Essen

Passed

Turn ended!

Turn 18 started!

Kiraya

Gundam Barbatos Lupus deployed

Turn end phase started

Essen

Passed

Kiraya

Passed

Turn ended!

Turn 19 started!

Essen

Strike Freedom Gundam deployed

Selecting target for Strike Freedom Gundam

Strike Freedom Gundam: chose Strike Freedom Gundam

Linked pilot: Kira Yamato on unit Strike Freedom Gundam

Kira Yamato: Draw a card

Battle initiated

Essen

Battle declared: Strike Freedom Gundam against Enemy Player

Selecting target for Strike Freedom Gundam

Battle of Aces and Darkness Finger discarded

Selecting target for Strike Freedom Gundam

Kiraya

Gundam Barbatos Lupus returned to deck

No blockers available

Action step

Kiraya

Passed

Essen

Passed

Battle started: Strike Freedom Gundam against Isaribi

Kiraya

Isaribi received 7 damage, now destroyed

Essen

Strike Freedom Gundam: Draw a card

Battle ended

Turn end phase started

Kiraya

Passed

Essen

Passed

Turn ended!

Turn 20 started!

Kiraya

Gundam Barbatos Lupus deployed

Activated: Gundam Barbatos Lupus

Gundam Barbatos Lupus, Gundam Flauros (Ryusei-Go) and Hyakuren exiled from the game

Selecting target for Gundam Barbatos Lupus

Gundam Barbatos Lupus: Dealt 2 damage to Strike Freedom Gundam, leaving 6 HP remaining

Activated: Gundam Barbatos Lupus

Gundam Flauros (Ryusei-Go), Gundam Barbatos 1st Form and Gundam Barbatos 2nd Form exiled from the game

Selecting target for Gundam Barbatos Lupus

Gundam Barbatos Lupus: Dealt 2 damage to Strike Freedom Gundam, leaving 4 HP remaining

Activated: Gundam Barbatos Lupus

Gundam Barbatos 1st Form, Shiden Custom (Ryusei-Go) and Gundam Barbatos Adapt exiled from the game

Selecting target for Gundam Barbatos Lupus

Gundam Barbatos Lupus: Dealt 2 damage to Strike Freedom Gundam, leaving 2 HP remaining

Turn end phase started

Essen

Passed

Kiraya

Passed

Turn ended!

Turn 21 started!

Essen

Strike Freedom Gundam deployed

Selecting target for Strike Freedom Gundam

Strike Freedom Gundam: chose Strike Freedom Gundam and Strike Freedom Gundam

Linked pilot: Kira Yamato on unit Strike Freedom Gundam

Kira Yamato: Draw a card

Battle initiated

Essen

Battle declared: Strike Freedom Gundam against Enemy Player

Selecting target for Strike Freedom Gundam

Darkness Finger and Improved Technique discarded

Selecting target for Strike Freedom Gundam

Kiraya

Gundam Barbatos Lupus returned to deck

No blockers available

Action step

Kiraya

Passed

Essen

Passed

Battle started: Strike Freedom Gundam against Enemy Shield

Kiraya

Shield card: Gundam Gusion Rebake revealed and discarded

Essen

Strike Freedom Gundam: Draw a card

Battle ended

Battle initiated

Essen

Battle declared: Strike Freedom Gundam against Enemy Player

Kiraya

No blockers available

Action step

Kiraya

Passed

Essen

Passed

Battle started: Strike Freedom Gundam against Enemy Shield

Kiraya

Shield card: Graze Custom revealed and discarded

Essen

Strike Freedom Gundam: Draw a card

Battle ended

Essen

Strike Rouge (Ootori) deployed

Turn end phase started

Kiraya

Passed

Essen

Passed

Turn ended!

Turn 22 started!

Kiraya

Ryusei-Go (Graze Custom Ⅱ) deployed

Selecting target for Ryusei-Go (Graze Custom Ⅱ)

Ryusei-Go (Graze Custom Ⅱ): Dealt 1 damage to Ryusei-Go (Graze Custom Ⅱ), leaving 1 HP remaining

Ryusei-Go (Graze Custom Ⅱ): Draw a card

Selecting target for Ryusei-Go (Graze Custom Ⅱ)

Ryusei-Go (Graze Custom Ⅱ) discarded

Linked pilot: Mikazuki Augus on unit Ryusei-Go (Graze Custom Ⅱ)

Selecting target for Mikazuki Augus

Mikazuki Augus: Dealt 1 damage to: Ryusei-Go (Graze Custom Ⅱ) and Strike Rouge (Ootori)

Battle initiated

Kiraya

Battle declared: Ryusei-Go (Graze Custom Ⅱ) against Strike Freedom Gundam

Essen

Assigned Strike Rouge (Ootori) to block

Action step

Essen

Passed

Kiraya

Passed

Battle started: Ryusei-Go (Graze Custom Ⅱ) against Strike Rouge (Ootori)

Essen

Strike Rouge (Ootori) received 4 damage, now destroyed

Kiraya

Ryusei-Go (Graze Custom Ⅱ) received 3 damage, now destroyed

Battle ended

Turn end phase started

Essen

Passed

Kiraya

Passed

Turn ended!

Turn 23 started!

Essen

Unicorn Gundam 02 Banshee (Destroy Mode) deployed

Linked pilot: Marida Cruz on unit Unicorn Gundam 02 Banshee (Destroy Mode)

Battle initiated

Essen

Battle declared: Unicorn Gundam 02 Banshee (Destroy Mode) against Enemy Player

Selecting target for Unicorn Gundam 02 Banshee (Destroy Mode)

Returned to deck bottom

Set Active: Unicorn Gundam 02 Banshee (Destroy Mode)

Unicorn Gundam 02 Banshee (Destroy Mode): Modifier applied to: Unicorn Gundam 02 Banshee (Destroy Mode)

No targets for Marida Cruz

Kiraya

No blockers available

Action step

Kiraya

Passed

Essen

Passed

Battle started: Unicorn Gundam 02 Banshee (Destroy Mode) against Enemy Shield

Kiraya

Shield card: Graze Custom revealed and discarded

Battle ended

Battle initiated

Essen

Battle declared: Unicorn Gundam 02 Banshee (Destroy Mode) against Enemy Player

Selecting target for Unicorn Gundam 02 Banshee (Destroy Mode)

Returned to deck bottom

Set Active: Unicorn Gundam 02 Banshee (Destroy Mode)

Unicorn Gundam 02 Banshee (Destroy Mode): Modifier applied to: Unicorn Gundam 02 Banshee (Destroy Mode)

No targets for Marida Cruz

Kiraya

No blockers available

Action step

Kiraya

Passed

Essen

Passed

Battle started: Unicorn Gundam 02 Banshee (Destroy Mode) against Enemy Shield

Kiraya

Shield card: Gundam Gusion Rebake revealed and discarded

Battle ended

Essen

Played command: Airframe Seizure

Selecting target for Airframe Seizure

Battle of Aces discarded

Airframe Seizure: Draw 2 cards

Battle initiated

Essen

Battle declared: Unicorn Gundam 02 Banshee (Destroy Mode) against Enemy Player

Selecting target for Unicorn Gundam 02 Banshee (Destroy Mode)

Returned to deck bottom

Set Active: Unicorn Gundam 02 Banshee (Destroy Mode)

Unicorn Gundam 02 Banshee (Destroy Mode): Modifier applied to: Unicorn Gundam 02 Banshee (Destroy Mode)

No targets for Marida Cruz

Kiraya

No blockers available

Action step

Kiraya

Passed

Essen

Passed

Battle started: Unicorn Gundam 02 Banshee (Destroy Mode) against Enemy Player

Kiraya

No more shields available, game is over!

Essen

Winner!

Game ended!