Mobile Suit Arena - Battle logs
Game started!

Kiraya
Choose to play first
Choose to mulligan starting hand
GenocidGIC
Choose to mulligan starting hand

Turn 1 started!

Turn end phase started

GenocidGIC
Passed
Kiraya
Passed
Turn ended!

Turn 2 started!

Turn end phase started

Kiraya
Passed
GenocidGIC
Passed
Turn ended!

Turn 3 started!

Turn end phase started

GenocidGIC
Passed
Kiraya
Passed
Turn ended!

Turn 4 started!

GenocidGIC
Delta Plus (Waverider Mode) deployed

Turn end phase started

Kiraya
Passed
GenocidGIC
Passed
Turn ended!

Turn 5 started!

Kiraya
Hyakuren deployed
Graze Custom deployed

Turn end phase started

GenocidGIC
Passed
Kiraya
Passed
Turn ended!

Turn 6 started!

GenocidGIC
Played command: A Show of Resolve
A Show of Resolve: Draw 2 cards

Turn end phase started

Kiraya
Passed
GenocidGIC
Passed
Turn ended!

Turn 7 started!

Battle initiated

Kiraya
Battle declared: Hyakuren against Enemy Player
GenocidGIC
No blockers available

Action step

GenocidGIC
Passed
Kiraya
Passed
Battle started: Hyakuren against EX Base
GenocidGIC
EX Base received 4 damage, now destroyed

Battle ended

Battle initiated

Kiraya
Battle declared: Graze Custom against Enemy Player
GenocidGIC
No blockers available

Action step

GenocidGIC
Passed
Kiraya
Passed
Battle started: Graze Custom against Enemy Shield
GenocidGIC
Shield card: Kindhearted revealed
Kindhearted: Draw a card
Shield card: Kindhearted moved to trash

Battle ended

Kiraya
Hyakuren deployed
Gundam Barbatos 1st Form deployed

Turn end phase started

GenocidGIC
Passed
Kiraya
Passed
Turn ended!

Turn 8 started!

GenocidGIC
Gundam deployed
Linked pilot: Amuro Ray on unit Gundam
Selecting target for Amuro Ray
Rested unit: Hyakuren

Battle initiated

GenocidGIC
Battle declared: Gundam against Hyakuren
Kiraya
No blockers available

Action step

Kiraya
Passed
GenocidGIC
Passed
Battle started: Gundam against Hyakuren
Kiraya
Hyakuren received 6 damage, now destroyed
GenocidGIC
Gundam received 4 damage, leaving 1 HP remaining

Battle ended

Battle initiated

GenocidGIC
Battle declared: Delta Plus (Waverider Mode) against Graze Custom
Kiraya
No blockers available

Action step

Kiraya
Passed
GenocidGIC
Passed
Battle started: Delta Plus (Waverider Mode) against Graze Custom
Kiraya
Graze Custom received 3 damage, now destroyed
GenocidGIC
Delta Plus (Waverider Mode) received 2 damage, leaving 1 HP remaining

Battle ended

Turn end phase started

Kiraya
Passed
GenocidGIC
Passed
Delta Plus (Waverider Mode) repaired 2 from [Repair 2]
Gundam repaired 2 from [Repair 2]
Turn ended!

Turn 9 started!

Kiraya
Played action: Become a Shield
Selecting target for Become a Shield
Become a Shield: Dealt 1 damage to: Gundam Barbatos 1st Form and Delta Plus (Waverider Mode)

Battle initiated

Kiraya
Battle declared: Hyakuren against Gundam
GenocidGIC
No blockers available

Action step

GenocidGIC
Passed
Kiraya
Passed
Battle started: Hyakuren against Gundam
GenocidGIC
Gundam received 4 damage, now destroyed
Kiraya
Hyakuren received 5 damage, now destroyed

Battle ended

Battle initiated

Kiraya
Battle declared: Gundam Barbatos 1st Form against Enemy Player
Gundam Barbatos 1st Form: Draw a card
GenocidGIC
No blockers available

Action step

GenocidGIC
Passed
Kiraya
Passed
Battle started: Gundam Barbatos 1st Form against Enemy Shield
GenocidGIC
Shield card: A Show of Resolve revealed and discarded

Battle ended

Kiraya
Hyakuren deployed
Gundam Barbatos 1st Form deployed

Turn end phase started

GenocidGIC
Passed
Kiraya
Passed
Turn ended!

Turn 10 started!

GenocidGIC
Messala deployed

Turn end phase started

Kiraya
Passed
GenocidGIC
Passed
Delta Plus (Waverider Mode) repaired 1 from [Repair 2]
Turn ended!

Turn 11 started!

Battle initiated

Kiraya
Battle declared: Gundam Barbatos 1st Form against Enemy Player
Gundam Barbatos 1st Form: Draw a card
GenocidGIC
Assigned Messala to block

Action step

GenocidGIC
Passed
Kiraya
Played action: Become a Shield
Selecting target for Become a Shield
Become a Shield: Dealt 1 damage to: Gundam Barbatos 1st Form and Messala
GenocidGIC
Passed
Kiraya
Passed
Battle started: Gundam Barbatos 1st Form against Messala
GenocidGIC
Messala received 3 damage, now destroyed
Kiraya
Gundam Barbatos 1st Form received 5 damage, now destroyed

Battle ended

Battle initiated

Kiraya
Battle declared: Gundam Barbatos 1st Form against Enemy Player
Gundam Barbatos 1st Form: Draw a card
GenocidGIC
No blockers available

Action step

GenocidGIC
Passed
Kiraya
Passed
Battle started: Gundam Barbatos 1st Form against Enemy Shield
GenocidGIC
Shield card: Amuro Ray revealed
Shield card added to hand: Amuro Ray

Battle ended

Battle initiated

Kiraya
Battle declared: Hyakuren against Enemy Player
GenocidGIC
No blockers available

Action step

GenocidGIC
Passed
Kiraya
Passed
Battle started: Hyakuren against Enemy Shield
GenocidGIC
Shield card: Messala revealed and discarded

Battle ended

Kiraya
Shiden Custom (Ryusei-Go) deployed
Gundam Barbatos 1st Form deployed

Turn end phase started

GenocidGIC
Passed
Kiraya
Passed
Turn ended!

Turn 12 started!

GenocidGIC
Unicorn Gundam 02 Banshee Norn (Destroy Mode) deployed
Linked pilot: Riddhe Marcenas on unit Unicorn Gundam 02 Banshee Norn (Destroy Mode)

Battle initiated

GenocidGIC
Battle declared: Unicorn Gundam 02 Banshee Norn (Destroy Mode) against Gundam Barbatos 1st Form
Unicorn Gundam 02 Banshee Norn (Destroy Mode): Modifier applied to: Hyakuren
Unicorn Gundam 02 Banshee Norn (Destroy Mode): Modifier applied to: Gundam Barbatos 1st Form
Unicorn Gundam 02 Banshee Norn (Destroy Mode): Modifier applied to: Shiden Custom (Ryusei-Go)
Unicorn Gundam 02 Banshee Norn (Destroy Mode): Modifier applied to: Gundam Barbatos 1st Form
Kiraya
Assigned Shiden Custom (Ryusei-Go) to block

Action step

Kiraya
Passed
GenocidGIC
Passed
Battle started: Unicorn Gundam 02 Banshee Norn (Destroy Mode) against Shiden Custom (Ryusei-Go)
Kiraya
Shiden Custom (Ryusei-Go) received 6 damage, now destroyed
GenocidGIC
Unicorn Gundam 02 Banshee Norn (Destroy Mode) received 3 damage, leaving 3 HP remaining

Battle ended

GenocidGIC
Activated: Unicorn Gundam 02 Banshee Norn (Destroy Mode)
Set Active: Unicorn Gundam 02 Banshee Norn (Destroy Mode)

Battle initiated

GenocidGIC
Battle declared: Unicorn Gundam 02 Banshee Norn (Destroy Mode) against Gundam Barbatos 1st Form
Unicorn Gundam 02 Banshee Norn (Destroy Mode): Modifier applied to: Hyakuren
Unicorn Gundam 02 Banshee Norn (Destroy Mode): Modifier applied to: Gundam Barbatos 1st Form
Unicorn Gundam 02 Banshee Norn (Destroy Mode): Modifier applied to: Gundam Barbatos 1st Form
Kiraya
No blockers available

Action step

Kiraya
Passed
GenocidGIC
Passed
Battle started: Unicorn Gundam 02 Banshee Norn (Destroy Mode) against Gundam Barbatos 1st Form
Kiraya
Gundam Barbatos 1st Form received 6 damage, now destroyed
GenocidGIC
Unicorn Gundam 02 Banshee Norn (Destroy Mode) received 1 damage, leaving 2 HP remaining

Battle ended

GenocidGIC
Paired pilot: Amuro Ray on unit Delta Plus (Waverider Mode)
Selecting target for Amuro Ray
Rested unit: Gundam Barbatos 1st Form
Activated: Unicorn Gundam 02 Banshee Norn (Destroy Mode)
Set Active: Unicorn Gundam 02 Banshee Norn (Destroy Mode)

Battle initiated

GenocidGIC
Battle declared: Unicorn Gundam 02 Banshee Norn (Destroy Mode) against Gundam Barbatos 1st Form
Unicorn Gundam 02 Banshee Norn (Destroy Mode): Modifier applied to: Hyakuren
Unicorn Gundam 02 Banshee Norn (Destroy Mode): Modifier applied to: Gundam Barbatos 1st Form
Kiraya
No blockers available

Action step

Kiraya
Passed
GenocidGIC
Passed
Battle started: Unicorn Gundam 02 Banshee Norn (Destroy Mode) against Gundam Barbatos 1st Form
Kiraya
Gundam Barbatos 1st Form received 6 damage, now destroyed
GenocidGIC
Unicorn Gundam 02 Banshee Norn (Destroy Mode) received 0 damage, leaving 2 HP remaining

Battle ended

Battle initiated

GenocidGIC
Battle declared: Delta Plus (Waverider Mode) against Hyakuren
Kiraya
No blockers available

Action step

Kiraya
Passed
GenocidGIC
Passed
Battle started: Delta Plus (Waverider Mode) against Hyakuren
Kiraya
Hyakuren received 4 damage, now destroyed
GenocidGIC
Delta Plus (Waverider Mode) received 1 damage, leaving 3 HP remaining

Battle ended

Turn end phase started

Kiraya
Passed
GenocidGIC
Passed
Delta Plus (Waverider Mode) repaired 1 from [Repair 2]
Turn ended!

Turn 13 started!

Kiraya
Gundam Barbatos Lupus deployed
Activated: Gundam Barbatos Lupus
Gundam Barbatos 1st Form, Gundam Barbatos 1st Form and Hyakuren exiled from the game
Selecting target for Gundam Barbatos Lupus
Gundam Barbatos Lupus: Dealt 2 damage to Unicorn Gundam 02 Banshee Norn (Destroy Mode), now destroyed
Activated: Gundam Barbatos Lupus
Hyakuren, Gundam Barbatos 1st Form and Shiden Custom (Ryusei-Go) exiled from the game
Selecting target for Gundam Barbatos Lupus
Gundam Barbatos Lupus: Dealt 2 damage to Delta Plus (Waverider Mode), leaving 2 HP remaining

Turn end phase started

GenocidGIC
Passed
Kiraya
Passed
Turn ended!

Turn 14 started!

GenocidGIC
Messala deployed
Zoloat (League Militaire) deployed

Battle initiated

GenocidGIC
Battle declared: Delta Plus (Waverider Mode) against Enemy Player
Kiraya
No blockers available

Action step

Kiraya
Passed
GenocidGIC
Passed
Battle started: Delta Plus (Waverider Mode) against EX Base
Kiraya
EX Base received 4 damage, now destroyed

Battle ended

Turn end phase started

Kiraya
Passed
GenocidGIC
Passed
Delta Plus (Waverider Mode) repaired 2 from [Repair 2]
Turn ended!

Turn 15 started!

Kiraya
Gundam Barbatos 2nd Form deployed
Gundam Barbatos 2nd Form deployed
Gundam Barbatos 5th Form (Ground Type) deployed

Battle initiated

Kiraya
Battle declared: Gundam Barbatos Lupus against Enemy Player
GenocidGIC
Assigned no blocker

Action step

GenocidGIC
Passed
Kiraya
Passed
Battle started: Gundam Barbatos Lupus against Enemy Shield
GenocidGIC
Shield card: Amuro Ray revealed
Shield card added to hand: Amuro Ray

Battle ended

Turn end phase started

GenocidGIC
Played action: Kindhearted
Kindhearted: Draw a card
Kiraya
Passed
GenocidGIC
Passed
Kiraya
Turn ended!

Turn 16 started!

GenocidGIC
The-O deployed
Linked pilot: Paptimus Scirocco on unit The-O
Selecting target for Paptimus Scirocco
Paptimus Scirocco: Modifier applied to: Messala
Paptimus Scirocco: Draw a card
Paired pilot: Amuro Ray on unit Messala
Selecting target for Amuro Ray
Rested unit: Gundam Barbatos 5th Form (Ground Type)

Battle initiated

GenocidGIC
Battle declared: Messala against Gundam Barbatos Lupus
Selecting target for The-O
Rested unit: Gundam Barbatos 2nd Form
Kiraya
No blockers available

Action step

Kiraya
Passed
GenocidGIC
Passed
Battle started: Messala against Gundam Barbatos Lupus
Kiraya
Gundam Barbatos Lupus received 7 damage, now destroyed
GenocidGIC
Messala received 5 damage, now destroyed

Battle ended

Battle initiated

GenocidGIC
Battle declared: Delta Plus (Waverider Mode) against Gundam Barbatos 2nd Form
No targets for The-O
Kiraya
No blockers available

Action step

Kiraya
Passed
GenocidGIC
Passed
Battle started: Delta Plus (Waverider Mode) against Gundam Barbatos 2nd Form
Kiraya
Gundam Barbatos 2nd Form received 4 damage, now destroyed
GenocidGIC
Delta Plus (Waverider Mode) received 2 damage, leaving 2 HP remaining

Battle ended

Battle initiated

GenocidGIC
Battle declared: The-O against Gundam Barbatos 5th Form (Ground Type)
Kiraya
No blockers available

Action step

Kiraya
Passed
GenocidGIC
Passed
Battle started: The-O against Gundam Barbatos 5th Form (Ground Type)
Kiraya
Gundam Barbatos 5th Form (Ground Type) received 7 damage, now destroyed
GenocidGIC
The-O received 5 damage, leaving 2 HP remaining

Battle ended

Turn end phase started

Kiraya
Passed
GenocidGIC
Passed
Delta Plus (Waverider Mode) repaired 2 from [Repair 2]
The-O repaired 3 from [Repair 3]
Turn ended!

Turn 17 started!

Kiraya
Gundam Barbatos Lupus deployed
Activated: Gundam Barbatos Lupus
Gundam Barbatos Lupus, Gundam Barbatos 2nd Form and Gundam Barbatos 5th Form (Ground Type) exiled from the game
Selecting target for Gundam Barbatos Lupus
Gundam Barbatos Lupus: Dealt 2 damage to Zoloat (League Militaire), now destroyed

Battle initiated

Kiraya
Battle declared: Gundam Barbatos 2nd Form against Enemy Player
GenocidGIC
No blockers available

Action step

GenocidGIC
Passed
Kiraya
Passed
Battle started: Gundam Barbatos 2nd Form against Enemy Shield
GenocidGIC
Shield card: Gundam revealed and discarded

Battle ended

Turn end phase started

GenocidGIC
Passed
Kiraya
Passed
Turn ended!

Turn 18 started!

GenocidGIC
Played base: Corsica Base
No more Shield cards to add to hand
Tallgeese deployed

Battle initiated

GenocidGIC
Battle declared: Delta Plus (Waverider Mode) against Gundam Barbatos 2nd Form
No targets for The-O
Kiraya
No blockers available

Action step

Kiraya
Passed
GenocidGIC
Passed
Battle started: Delta Plus (Waverider Mode) against Gundam Barbatos 2nd Form
Kiraya
Gundam Barbatos 2nd Form received 4 damage, now destroyed
GenocidGIC
Delta Plus (Waverider Mode) received 2 damage, leaving 2 HP remaining

Battle ended

GenocidGIC
Zoloat (League Militaire) deployed
Zoloat (League Militaire) deployed
Zoloat (League Militaire) deployed

Battle initiated

GenocidGIC
Battle declared: The-O against Enemy Player
Kiraya
No blockers available

Action step

Kiraya
Passed
GenocidGIC
Passed
Battle started: The-O against Enemy Shield
Kiraya
Shield card: Gundam Barbatos Adapt revealed and discarded

Battle ended

Turn end phase started

Kiraya
Passed
GenocidGIC
Passed
Delta Plus (Waverider Mode) repaired 2 from [Repair 2]
The-O repaired 2 from [Repair 3]
Turn ended!

Turn 19 started!

Kiraya
Gundam Gusion Rebake deployed
Selecting target for Gundam Gusion Rebake
Gundam Gusion Rebake: Dealt 1 damage to: Gundam Gusion Rebake and Zoloat (League Militaire)
Paired pilot: Mikazuki Augus on unit Gundam Gusion Rebake
Selecting target for Mikazuki Augus
Mikazuki Augus: Dealt 1 damage to: Gundam Gusion Rebake and Zoloat (League Militaire)
Activated: Gundam Barbatos Lupus
Hyakuren, Gundam Barbatos 2nd Form and Gundam Barbatos Adapt exiled from the game
Selecting target for Gundam Barbatos Lupus
Gundam Barbatos Lupus: Dealt 2 damage to Zoloat (League Militaire), now destroyed

Battle initiated

Kiraya
Battle declared: Gundam Barbatos Lupus against Enemy Player
GenocidGIC
Assigned Zoloat (League Militaire) to block

Action step

GenocidGIC
Passed
Kiraya
Passed
Battle started: Gundam Barbatos Lupus against Zoloat (League Militaire)
GenocidGIC
Zoloat (League Militaire) received 5 damage, now destroyed
Kiraya
Gundam Barbatos Lupus received 3 damage, leaving 2 HP remaining

Battle ended

Turn end phase started

GenocidGIC
Passed
Kiraya
Passed
Turn ended!

Turn 20 started!

Battle initiated

GenocidGIC
Battle declared: The-O against Gundam Barbatos Lupus
Kiraya
Assigned Gundam Gusion Rebake to block

Action step

Kiraya
Passed
GenocidGIC
Passed
Battle started: The-O against Gundam Gusion Rebake
Kiraya
Gundam Gusion Rebake received 7 damage, now destroyed
GenocidGIC
The-O received 5 damage, leaving 2 HP remaining

Battle ended

Battle initiated

GenocidGIC
Battle declared: Tallgeese against Gundam Barbatos Lupus
Kiraya
No blockers available

Action step

Kiraya
Passed
GenocidGIC
Passed
Battle started: Tallgeese against Gundam Barbatos Lupus
Kiraya
Gundam Barbatos Lupus received 4 damage, now destroyed
GenocidGIC
Tallgeese received 5 damage, now destroyed

Battle ended

Battle initiated

GenocidGIC
Battle declared: Delta Plus (Waverider Mode) against Enemy Player
No targets for The-O
Kiraya
No blockers available

Action step

Kiraya
Passed
GenocidGIC
Passed
Battle started: Delta Plus (Waverider Mode) against Enemy Shield
Kiraya
Shield card: Gundam Gusion Rebake revealed and discarded

Battle ended

GenocidGIC
Forbidden Gundam deployed
Unicorn Gundam 02 Banshee Norn (Destroy Mode) deployed

Turn end phase started

Kiraya
Passed
GenocidGIC
Passed
The-O repaired 3 from [Repair 3]
Turn ended!

Turn 21 started!

Kiraya
Played base: Isaribi
Shield card added to hand
Gundam Barbatos Lupus deployed
Activated: Gundam Barbatos Lupus
Gundam Gusion Rebake, Gundam Barbatos Lupus and Gundam Gusion Rebake exiled from the game
Selecting target for Gundam Barbatos Lupus
Gundam Barbatos Lupus: Dealt 2 damage to Forbidden Gundam, leaving 2 HP remaining
Gundam Barbatos Adapt deployed
Selecting target for Gundam Barbatos Adapt
Gundam Barbatos Adapt: Dealt 1 damage to: Gundam Barbatos Lupus and Forbidden Gundam

Turn end phase started

GenocidGIC
Passed
Kiraya
Passed
Turn ended!

Turn 22 started!

GenocidGIC
Played action: Kindhearted
Kindhearted: Draw a card
The-O deployed

Battle initiated

GenocidGIC
Battle declared: The-O against Enemy Player
Kiraya
No blockers available

Action step

Kiraya
Passed
GenocidGIC
Passed
Battle started: The-O against Isaribi
Kiraya
Isaribi received 7 damage, now destroyed

Battle ended

Battle initiated

GenocidGIC
Battle declared: Delta Plus (Waverider Mode) against Enemy Player
No targets for The-O
Kiraya
No blockers available

Action step

Kiraya
Passed
GenocidGIC
Passed
Battle started: Delta Plus (Waverider Mode) against Enemy Shield
Kiraya
Shield card: Shiden Custom (Ryusei-Go) revealed and discarded

Battle ended

Battle initiated

GenocidGIC
Battle declared: Unicorn Gundam 02 Banshee Norn (Destroy Mode) against Enemy Player
Unicorn Gundam 02 Banshee Norn (Destroy Mode): Modifier applied to: Gundam Barbatos Lupus
Unicorn Gundam 02 Banshee Norn (Destroy Mode): Modifier applied to: Gundam Barbatos Adapt
Kiraya
No blockers available

Action step

Kiraya
Passed
GenocidGIC
Passed
Battle started: Unicorn Gundam 02 Banshee Norn (Destroy Mode) against Enemy Shield
Kiraya
Shield card: Gundam Gusion Rebake revealed and discarded

Battle ended

Turn end phase started

Kiraya
Passed
GenocidGIC
Passed
The-O repaired 2 from [Repair 3]
Turn ended!

Turn 23 started!

Kiraya
Activated: Gundam Barbatos Lupus
Graze Custom, Shiden Custom (Ryusei-Go) and Gundam Gusion Rebake exiled from the game
Selecting target for Gundam Barbatos Lupus
Gundam Barbatos Lupus: Dealt 2 damage to Forbidden Gundam, now destroyed

Battle initiated

Kiraya
Battle declared: Gundam Barbatos Lupus against Enemy Player
GenocidGIC
No blockers available

Action step

GenocidGIC
Passed
Kiraya
Passed
Battle started: Gundam Barbatos Lupus against Corsica Base
GenocidGIC
Corsica Base received 5 damage, now destroyed

Battle ended

Kiraya
Linked pilot: Mikazuki Augus on unit Gundam Barbatos Adapt
Selecting target for Mikazuki Augus
Mikazuki Augus: Dealt 1 damage to: Gundam Barbatos Adapt and Unicorn Gundam 02 Banshee Norn (Destroy Mode)

Battle initiated

Kiraya
Battle declared: Gundam Barbatos Adapt against Enemy Player
GenocidGIC
No blockers available

Action step

GenocidGIC
Passed
Kiraya
Passed
Battle started: Gundam Barbatos Adapt against Enemy Player
GenocidGIC
No more shields available, game is over!
Kiraya
Winner!

Game ended!