Mobile Suit Arena - Battle logs


Game started!

Kiraya
Choose to play first
Choose to keep starting hand
KUMA
Choose to keep starting hand

Turn 1 started!


Turn end phase started

KUMA
Passed
Kiraya
Passed
Turn ended!

Turn 2 started!

KUMA
Played command: Overflowing Affection
Overflowing Affection: Draw 2 cards
Selecting target for Overflowing Affection
Gundam Deathscythe Hell (EW) discarded

Turn end phase started

Kiraya
Passed
KUMA
Passed
Turn ended!

Turn 3 started!

Kiraya
Graze Custom deployed
Gundam Exia Repair deployed

Turn end phase started

KUMA
Passed
Kiraya
Passed
Turn ended!

Turn 4 started!

KUMA
Gundam Heavyarms (EW) deployed

Turn end phase started

Kiraya
Passed
KUMA
Passed
Turn ended!

Turn 5 started!


Battle initiated

Kiraya
Battle declared: Graze Custom against Enemy Player
KUMA
No blockers available

Action step

KUMA
Passed
Kiraya
Passed
Battle started: Graze Custom against EX Base
KUMA
EX Base received 2 damage, leaving 1 HP remaining

Battle ended


Battle initiated

Kiraya
Battle declared: Gundam Exia Repair against Enemy Player
KUMA
No blockers available

Action step

KUMA
Passed
Kiraya
Passed
Battle started: Gundam Exia Repair against EX Base
KUMA
EX Base received 2 damage, now destroyed

Battle ended

Kiraya
Ryusei-Go (Graze Custom Ⅱ) deployed
Selecting target for Ryusei-Go (Graze Custom Ⅱ)
Ryusei-Go (Graze Custom Ⅱ): Dealt 1 damage to Ryusei-Go (Graze Custom Ⅱ), leaving 1 HP remaining
Ryusei-Go (Graze Custom Ⅱ): Draw a card
Selecting target for Ryusei-Go (Graze Custom Ⅱ)
Graze Custom discarded

Turn end phase started

KUMA
Passed
Kiraya
Passed
Turn ended!

Turn 6 started!

KUMA
Gundam Heavyarms (EW) deployed
Activated: Gundam Heavyarms (EW)
Gundam Heavyarms (EW): Modifier applied to: Gundam Exia Repair
GN Armor Type-E deployed
Selecting target for GN Armor Type-E
GN Armor Type-E: destroyed Gundam Exia Repair
Kiraya
Gundam Exia Repair milled 2: Gundam Barbatos Lupus and Gundam Barbatos Lupus moved to trash
KUMA
Activated: Gundam Heavyarms (EW)
Gundam Heavyarms (EW): Modifier applied to: Graze Custom

Battle initiated

KUMA
Battle declared: Gundam Heavyarms (EW) against Graze Custom
Kiraya
No blockers available

Action step

Kiraya
Passed
KUMA
Passed
Battle started: Gundam Heavyarms (EW) against Graze Custom
Kiraya
Graze Custom received 3 damage, now destroyed
KUMA
Gundam Heavyarms (EW) received 1 damage, leaving 2 HP remaining

Battle ended


Turn end phase started

Kiraya
Passed
KUMA
Passed
Turn ended!

Turn 7 started!

Kiraya
Gundam Barbatos 2nd Form deployed
Linked pilot: Mikazuki Augus on unit Gundam Barbatos 2nd Form
Selecting target for Mikazuki Augus
Mikazuki Augus: Dealt 1 damage to: Gundam Barbatos 2nd Form and Gundam Heavyarms (EW)
Played action: Become a Shield
Selecting target for Become a Shield
Become a Shield: Dealt 1 damage to: Gundam Barbatos 2nd Form and Gundam Heavyarms (EW)

Battle initiated

Kiraya
Battle declared: Ryusei-Go (Graze Custom Ⅱ) against Enemy Player
KUMA
No blockers available

Action step

KUMA
Passed
Kiraya
Passed
Battle started: Ryusei-Go (Graze Custom Ⅱ) against Enemy Shield
KUMA
Shield card: Wing Gundam Zero (EW) revealed and discarded

Battle ended


Battle initiated

Kiraya
Battle declared: Gundam Barbatos 2nd Form against Enemy Player
KUMA
No blockers available

Action step

KUMA
Passed
Kiraya
Passed
Battle started: Gundam Barbatos 2nd Form against Enemy Shield
KUMA
Shield card: Heero Yuy revealed
Shield card added to hand: Heero Yuy

Battle ended


Turn end phase started

KUMA
Passed
Kiraya
Passed
Turn ended!

Turn 8 started!

KUMA
Gundam Sandrock (EW) deployed
Linked pilot: Quatre Raberba Winner on unit Gundam Sandrock (EW)
Selecting target for Quatre Raberba Winner
Already rested unit: Gundam Barbatos 2nd Form
Activated: Gundam Heavyarms (EW)
Gundam Heavyarms (EW): Modifier applied to: Gundam Barbatos 2nd Form

Battle initiated

KUMA
Battle declared: Gundam Sandrock (EW) against Gundam Barbatos 2nd Form
Selecting target for Gundam Sandrock (EW)
Gundam Sandrock (EW): Modifier applied to: Gundam Barbatos 2nd Form
Kiraya
No blockers available

Action step

Kiraya
Passed
KUMA
Passed
Battle started: Gundam Sandrock (EW) against Gundam Barbatos 2nd Form
Kiraya
Gundam Barbatos 2nd Form received 5 damage, now destroyed
KUMA
Gundam Sandrock (EW) received 3 damage, leaving 2 HP remaining

Battle ended


Battle initiated

KUMA
Battle declared: GN Armor Type-E against Ryusei-Go (Graze Custom Ⅱ)
Kiraya
No blockers available

Action step

Kiraya
Passed
KUMA
Passed
Battle started: GN Armor Type-E against Ryusei-Go (Graze Custom Ⅱ)
Kiraya
Ryusei-Go (Graze Custom Ⅱ) received 3 damage, now destroyed
KUMA
GN Armor Type-E received 2 damage, leaving 1 HP remaining

Battle ended


Battle initiated

KUMA
Battle declared: Gundam Heavyarms (EW) against Enemy Player
Kiraya
No blockers available

Action step

Kiraya
Passed
KUMA
Passed
Battle started: Gundam Heavyarms (EW) against EX Base
Kiraya
EX Base received 3 damage, now destroyed

Battle ended


Turn end phase started

Kiraya
Passed
KUMA
Passed
Turn ended!

Turn 9 started!

Kiraya
Gundam Flauros (Ryusei-Go) deployed
No targets for Gundam Flauros (Ryusei-Go)
Linked pilot: Mikazuki Augus on unit Gundam Flauros (Ryusei-Go)
Selecting target for Mikazuki Augus
Mikazuki Augus: Dealt 1 damage to: Gundam Flauros (Ryusei-Go) and GN Armor Type-E

Battle initiated

Kiraya
Battle declared: Gundam Flauros (Ryusei-Go) against Enemy Player
No targets for Gundam Flauros (Ryusei-Go)
KUMA
No blockers available

Action step

KUMA
Passed
Kiraya
Passed
Battle started: Gundam Flauros (Ryusei-Go) against Enemy Shield
KUMA
Shield card: Unforeseen Incident revealed
Shield card: Unforeseen Incident moved to trash
Selecting target for Unforeseen Incident
Unforeseen Incident: Modifier applied to: Gundam Flauros (Ryusei-Go)

Battle ended


Turn end phase started

KUMA
Passed
Kiraya
Passed
Turn ended!

Turn 10 started!

KUMA
Played command: Overflowing Affection
Overflowing Affection: Draw 2 cards
Selecting target for Overflowing Affection
Gaplant TR-5 "Hrairoo" Unit 1 discarded

Battle initiated

KUMA
Battle declared: Gundam Sandrock (EW) against Enemy Player
Selecting target for Gundam Sandrock (EW)
Gundam Sandrock (EW): Modifier applied to: Gundam Flauros (Ryusei-Go)
Kiraya
No blockers available

Action step

Kiraya
Passed
KUMA
Passed
Battle started: Gundam Sandrock (EW) against Enemy Shield
Kiraya
Shield card: Isaribi revealed
Played base: Isaribi
Shield card added to hand

Battle ended

KUMA
Gundam Sandrock (EW) deployed
Linked pilot: Quatre Raberba Winner on unit Gundam Sandrock (EW)
Selecting target for Quatre Raberba Winner
Already rested unit: Gundam Flauros (Ryusei-Go)

Battle initiated

KUMA
Battle declared: Gundam Sandrock (EW) against Gundam Flauros (Ryusei-Go)
Selecting target for Gundam Sandrock (EW)
Gundam Sandrock (EW): Modifier applied to: Gundam Flauros (Ryusei-Go)
Kiraya
No blockers available

Action step

Kiraya
Passed
KUMA
Passed
Battle started: Gundam Sandrock (EW) against Gundam Flauros (Ryusei-Go)
Kiraya
Gundam Flauros (Ryusei-Go) received 5 damage, now destroyed
KUMA
Gundam Sandrock (EW) received 3 damage, leaving 2 HP remaining

Battle ended


Battle initiated

KUMA
Battle declared: Gundam Heavyarms (EW) against Enemy Player
Kiraya
No blockers available

Action step

Kiraya
Passed
KUMA
Passed
Battle started: Gundam Heavyarms (EW) against Isaribi
Kiraya
Isaribi received 3 damage, leaving 2 HP remaining

Battle ended


Turn end phase started

Kiraya
Passed
KUMA
Passed
Turn ended!

Turn 11 started!

Kiraya
Gundam Gusion Rebake deployed
Selecting target for Gundam Gusion Rebake
Gundam Gusion Rebake: Dealt 1 damage to: Gundam Gusion Rebake and Gundam Heavyarms (EW)
Hyakuren deployed

Turn end phase started

KUMA
Passed
Kiraya
Passed
Turn ended!

Turn 12 started!


Battle initiated

KUMA
Battle declared: Gundam Sandrock (EW) against Enemy Player
Selecting target for Gundam Sandrock (EW)
Gundam Sandrock (EW): Modifier applied to: Gundam Gusion Rebake
Kiraya
Assigned no blocker

Action step

Kiraya
Passed
KUMA
Passed
Battle started: Gundam Sandrock (EW) against Isaribi
Kiraya
Isaribi received 5 damage, now destroyed

Battle ended

KUMA
Wing Gundam Zero (EW) deployed
Linked pilot: Heero Yuy on unit Wing Gundam Zero (EW)

Battle initiated

KUMA
Battle declared: Wing Gundam Zero (EW) against Enemy Player
Selecting target for Wing Gundam Zero (EW)
Rested unit: Gundam Gusion Rebake
Kiraya
No blockers available

Action step

Kiraya
Passed
KUMA
Passed
Battle started: Wing Gundam Zero (EW) against Enemy Shield
Kiraya
Shield cards: Gundam Barbatos 1st Form and Isaribi revealed
Shield cards: Gundam Barbatos 1st Form moved to trash
Played base: Isaribi
KUMA
Selecting target for Heero Yuy
Heero Yuy: Modifier applied to: Hyakuren
Kiraya
Shield card added to hand

Battle ended


Battle initiated

KUMA
Battle declared: Gundam Sandrock (EW) against Gundam Gusion Rebake
Selecting target for Gundam Sandrock (EW)
Gundam Sandrock (EW): Modifier applied to: Gundam Gusion Rebake
Kiraya
No blockers available

Action step

Kiraya
Passed
KUMA
Passed
Battle started: Gundam Sandrock (EW) against Gundam Gusion Rebake
Kiraya
Gundam Gusion Rebake received 5 damage, now destroyed
KUMA
Gundam Sandrock (EW) received 0 damage, leaving 2 HP remaining

Battle ended


Battle initiated

KUMA
Battle declared: Gundam Heavyarms (EW) against Enemy Player
Kiraya
No blockers available

Action step

Kiraya
Passed
KUMA
Passed
Battle started: Gundam Heavyarms (EW) against Isaribi
Kiraya
Isaribi received 3 damage, leaving 2 HP remaining

Battle ended


Turn end phase started

Kiraya
Passed
KUMA
Passed
Turn ended!

Turn 13 started!

Kiraya
Gundam Barbatos 1st Form deployed
Gundam Barbatos Adapt deployed
Selecting target for Gundam Barbatos Adapt
Gundam Barbatos Adapt: Dealt 1 damage to: Gundam Barbatos 1st Form and Wing Gundam Zero (EW)

Battle initiated

Kiraya
Battle declared: Hyakuren against Wing Gundam Zero (EW)
KUMA
No blockers available

Action step

KUMA
Passed
Kiraya
Passed
Battle started: Hyakuren against Wing Gundam Zero (EW)
KUMA
Wing Gundam Zero (EW) received 4 damage, now destroyed
Kiraya
Hyakuren received 7 damage, now destroyed

Battle ended

Kiraya
Graze Custom deployed
Gundam Exia Repair deployed

Turn end phase started

KUMA
Passed
Kiraya
Passed
Turn ended!

Turn 14 started!


Battle initiated

KUMA
Battle declared: Gundam Sandrock (EW) against Enemy Player
Selecting target for Gundam Sandrock (EW)
Gundam Sandrock (EW): Modifier applied to: Gundam Barbatos 1st Form
Kiraya
No blockers available

Action step

Kiraya
Passed
KUMA
Passed
Battle started: Gundam Sandrock (EW) against Isaribi
Kiraya
Isaribi received 5 damage, now destroyed

Battle ended


Battle initiated

KUMA
Battle declared: Gundam Heavyarms (EW) against Enemy Player
Kiraya
No blockers available

Action step

Kiraya
Passed
KUMA
Passed
Battle started: Gundam Heavyarms (EW) against Enemy Shield

Kiraya
Shield card: Gundam Barbatos 2nd Form revealed and discarded

Battle ended

KUMA
Played base: Industrial 7
Shield card added to hand

Battle initiated

KUMA
Battle declared: Gundam Sandrock (EW) against Enemy Player
Selecting target for Gundam Sandrock (EW)
Gundam Sandrock (EW): Modifier applied to: Gundam Exia Repair
Kiraya
No blockers available

Action step

Kiraya
Passed
KUMA
Passed
Battle started: Gundam Sandrock (EW) against Enemy Player
Kiraya
No more shields available, game is over!
KUMA
Winner!

Game ended!