Mobile Suit Arena - Battle logs
Game started!

GenocidGIC
Choose to play second
Choose to keep starting hand
Kiraya
Choose to mulligan starting hand

Turn 1 started!

Turn end phase started

GenocidGIC
Passed
Kiraya
Passed
Turn ended!

Turn 2 started!

Turn end phase started

Kiraya
Passed
GenocidGIC
Passed
Turn ended!

Turn 3 started!

Turn end phase started

GenocidGIC
Passed
Kiraya
Passed
Turn ended!

Turn 4 started!

GenocidGIC
Zoloat (League Militaire) deployed

Turn end phase started

Kiraya
Passed
GenocidGIC
Passed
Turn ended!

Turn 5 started!

Kiraya
Hyakuren deployed
Replaced EX Base base: Isaribi
Shield card added to hand

Turn end phase started

GenocidGIC
Passed
Kiraya
Passed
Turn ended!

Turn 6 started!

GenocidGIC
Played action: Kindhearted
Kindhearted: Draw a card

Turn end phase started

Kiraya
Passed
GenocidGIC
Passed
Turn ended!

Turn 7 started!

Battle initiated

Kiraya
Battle declared: Hyakuren against Enemy Player
GenocidGIC
Assigned Zoloat (League Militaire) to block

Action step

GenocidGIC
Passed
Kiraya
Passed
Battle started: Hyakuren against Zoloat (League Militaire)
GenocidGIC
Zoloat (League Militaire) received 4 damage, now destroyed
Kiraya
Hyakuren received 3 damage, now destroyed

Battle ended

Kiraya
Gundam Barbatos 2nd Form deployed
Gundam Exia Repair deployed
Gundam Exia Repair deployed

Turn end phase started

GenocidGIC
Passed
Kiraya
Passed
Turn ended!

Turn 8 started!

GenocidGIC
Forbidden Gundam deployed

Turn end phase started

Kiraya
Passed
GenocidGIC
Passed
Turn ended!

Turn 9 started!

Kiraya
Gundam Barbatos Adapt deployed
Selecting target for Gundam Barbatos Adapt
Gundam Barbatos Adapt: Dealt 1 damage to: Gundam Barbatos 2nd Form and Forbidden Gundam
Gundam Barbatos 2nd Form deployed
Linked pilot: Mikazuki Augus on unit Gundam Barbatos Adapt
Selecting target for Mikazuki Augus
Mikazuki Augus: Dealt 1 damage to: Gundam Barbatos 2nd Form and Forbidden Gundam

Battle initiated

Kiraya
Battle declared: Gundam Exia Repair against Enemy Player
GenocidGIC
Assigned no blocker

Action step

GenocidGIC
Passed
Kiraya
Passed
Battle started: Gundam Exia Repair against EX Base
GenocidGIC
EX Base received 2 damage, leaving 1 HP remaining

Battle ended

Battle initiated

Kiraya
Battle declared: Gundam Exia Repair against Enemy Player
GenocidGIC
Assigned no blocker

Action step

GenocidGIC
Passed
Kiraya
Passed
Battle started: Gundam Exia Repair against EX Base
GenocidGIC
EX Base received 2 damage, now destroyed

Battle ended

Battle initiated

Kiraya
Battle declared: Gundam Barbatos 2nd Form against Enemy Player
GenocidGIC
Assigned Forbidden Gundam to block

Action step

GenocidGIC
Passed
Kiraya
Passed
Battle started: Gundam Barbatos 2nd Form against Forbidden Gundam
GenocidGIC
Forbidden Gundam received 4 damage, now destroyed
Kiraya
Gundam Barbatos 2nd Form received 4 damage, now destroyed

Battle ended

Battle initiated

Kiraya
Battle declared: Gundam Barbatos Adapt against Enemy Player
GenocidGIC
No blockers available

Action step

GenocidGIC
Passed
Kiraya
Passed
Battle started: Gundam Barbatos Adapt against Enemy Shield
GenocidGIC
Shield card: Gundam revealed and discarded

Battle ended

Turn end phase started

GenocidGIC
Passed
Kiraya
Passed
Turn ended!

Turn 10 started!

GenocidGIC
Messala deployed
Played base: White Base
Shield card added to hand

Turn end phase started

Kiraya
Passed
GenocidGIC
Passed
Turn ended!

Turn 11 started!

Battle initiated

Kiraya
Battle declared: Gundam Barbatos 2nd Form against Enemy Player
GenocidGIC
Assigned no blocker

Action step

GenocidGIC
Passed
Kiraya
Passed
Battle started: Gundam Barbatos 2nd Form against White Base
GenocidGIC
White Base received 4 damage, leaving 1 HP remaining

Battle ended

Battle initiated

Kiraya
Battle declared: Gundam Exia Repair against Enemy Player
GenocidGIC
Assigned Messala to block

Action step

GenocidGIC
Passed
Kiraya
Passed
Battle started: Gundam Exia Repair against Messala
GenocidGIC
Messala received 2 damage, leaving 2 HP remaining
Kiraya
Gundam Exia Repair received 5 damage, now destroyed
Gundam Exia Repair milled 2: Graze Custom and Gundam Barbatos Adapt moved to trash

Battle ended

Battle initiated

Kiraya
Battle declared: Gundam Exia Repair against Messala
GenocidGIC
No blockers available

Action step

GenocidGIC
Passed
Kiraya
Passed
Battle started: Gundam Exia Repair against Messala
GenocidGIC
Messala received 2 damage, now destroyed
Kiraya
Gundam Exia Repair received 5 damage, now destroyed
Gundam Exia Repair milled 2: Gundam Gusion Rebake and Shiden Custom (Ryusei-Go) moved to trash

Battle ended

Battle initiated

Kiraya
Battle declared: Gundam Barbatos Adapt against Enemy Player
GenocidGIC
No blockers available

Action step

GenocidGIC
Passed
Kiraya
Passed
Battle started: Gundam Barbatos Adapt against White Base
GenocidGIC
White Base received 4 damage, now destroyed

Battle ended

Kiraya
Gundam Flauros (Ryusei-Go) deployed
No targets for Gundam Flauros (Ryusei-Go)

Turn end phase started

GenocidGIC
Passed
Kiraya
Passed
Turn ended!

Turn 12 started!

GenocidGIC
Delta Plus (Waverider Mode) deployed
Linked pilot: Riddhe Marcenas on unit Delta Plus (Waverider Mode)

Battle initiated

GenocidGIC
Battle declared: Delta Plus (Waverider Mode) against Gundam Barbatos 2nd Form
Kiraya
No blockers available

Action step

Kiraya
Passed
GenocidGIC
Passed
Battle started: Delta Plus (Waverider Mode) against Gundam Barbatos 2nd Form
Kiraya
Gundam Barbatos 2nd Form received 4 damage, now destroyed
GenocidGIC
Delta Plus (Waverider Mode) received 4 damage, now destroyed

Battle ended

Turn end phase started

Kiraya
Passed
GenocidGIC
Passed
Turn ended!

Turn 13 started!

Battle initiated

Kiraya
Battle declared: Gundam Barbatos Adapt against Enemy Player
GenocidGIC
No blockers available

Action step

GenocidGIC
Passed
Kiraya
Passed
Battle started: Gundam Barbatos Adapt against Enemy Shield
GenocidGIC
Shield card: Unicorn Gundam 02 Banshee Norn (Destroy Mode) revealed and discarded

Battle ended

Battle initiated

Kiraya
Battle declared: Gundam Flauros (Ryusei-Go) against Enemy Player
No targets for Gundam Flauros (Ryusei-Go)
GenocidGIC
No blockers available

Action step

GenocidGIC
Passed
Kiraya
Passed
Battle started: Gundam Flauros (Ryusei-Go) against Enemy Shield
GenocidGIC
Shield card: Gundam revealed and discarded

Battle ended

Kiraya
Gundam Flauros (Ryusei-Go) deployed
No targets for Gundam Flauros (Ryusei-Go)
Hyakuren deployed

Turn end phase started

GenocidGIC
Passed
Kiraya
Passed
Turn ended!

Turn 14 started!

GenocidGIC
Unicorn Gundam 02 Banshee Norn (Destroy Mode) deployed
Linked pilot: Riddhe Marcenas on unit Unicorn Gundam 02 Banshee Norn (Destroy Mode)

Battle initiated

GenocidGIC
Battle declared: Unicorn Gundam 02 Banshee Norn (Destroy Mode) against Enemy Player
Unicorn Gundam 02 Banshee Norn (Destroy Mode): Modifier applied to: Gundam Barbatos Adapt
Unicorn Gundam 02 Banshee Norn (Destroy Mode): Modifier applied to: Gundam Flauros (Ryusei-Go)
Unicorn Gundam 02 Banshee Norn (Destroy Mode): Modifier applied to: Gundam Flauros (Ryusei-Go)
Unicorn Gundam 02 Banshee Norn (Destroy Mode): Modifier applied to: Hyakuren
Kiraya
No blockers available

Action step

Kiraya
Passed
GenocidGIC
Passed
Battle started: Unicorn Gundam 02 Banshee Norn (Destroy Mode) against Isaribi
Kiraya
Isaribi received 6 damage, now destroyed

Battle ended

GenocidGIC
Activated: Unicorn Gundam 02 Banshee Norn (Destroy Mode)
Set Active: Unicorn Gundam 02 Banshee Norn (Destroy Mode)

Battle initiated

GenocidGIC
Battle declared: Unicorn Gundam 02 Banshee Norn (Destroy Mode) against Gundam Barbatos Adapt
Unicorn Gundam 02 Banshee Norn (Destroy Mode): Modifier applied to: Gundam Barbatos Adapt
Unicorn Gundam 02 Banshee Norn (Destroy Mode): Modifier applied to: Gundam Flauros (Ryusei-Go)
Unicorn Gundam 02 Banshee Norn (Destroy Mode): Modifier applied to: Gundam Flauros (Ryusei-Go)
Unicorn Gundam 02 Banshee Norn (Destroy Mode): Modifier applied to: Hyakuren
Kiraya
No blockers available

Action step

Kiraya
Passed
GenocidGIC
Passed
Battle started: Unicorn Gundam 02 Banshee Norn (Destroy Mode) against Gundam Barbatos Adapt
Kiraya
Gundam Barbatos Adapt received 6 damage, now destroyed
GenocidGIC
Unicorn Gundam 02 Banshee Norn (Destroy Mode) received 2 damage, leaving 5 HP remaining

Battle ended

GenocidGIC
Activated: Unicorn Gundam 02 Banshee Norn (Destroy Mode)
Set Active: Unicorn Gundam 02 Banshee Norn (Destroy Mode)

Battle initiated

GenocidGIC
Battle declared: Unicorn Gundam 02 Banshee Norn (Destroy Mode) against Gundam Flauros (Ryusei-Go)
Unicorn Gundam 02 Banshee Norn (Destroy Mode): Modifier applied to: Gundam Flauros (Ryusei-Go)
Unicorn Gundam 02 Banshee Norn (Destroy Mode): Modifier applied to: Gundam Flauros (Ryusei-Go)
Unicorn Gundam 02 Banshee Norn (Destroy Mode): Modifier applied to: Hyakuren
Kiraya
No blockers available

Action step

Kiraya
Passed
GenocidGIC
Passed
Battle started: Unicorn Gundam 02 Banshee Norn (Destroy Mode) against Gundam Flauros (Ryusei-Go)
Kiraya
Gundam Flauros (Ryusei-Go) received 6 damage, now destroyed
GenocidGIC
Unicorn Gundam 02 Banshee Norn (Destroy Mode) received 2 damage, leaving 3 HP remaining

Battle ended

Turn end phase started

Kiraya
Passed
GenocidGIC
Passed
Turn ended!

Turn 15 started!

Kiraya
Played base: Isaribi
Shield card added to hand
Gundam Barbatos 1st Form deployed
Gundam Gusion Rebake deployed
Selecting target for Gundam Gusion Rebake
Gundam Gusion Rebake: Dealt 1 damage to: Gundam Barbatos 1st Form and Unicorn Gundam 02 Banshee Norn (Destroy Mode) (reduced by 2)

Battle initiated

Kiraya
Battle declared: Hyakuren against Enemy Player
GenocidGIC
No blockers available

Action step

GenocidGIC
Passed
Kiraya
Passed
Battle started: Hyakuren against Enemy Shield
GenocidGIC
Shield card: Zoloat (League Militaire) revealed and discarded

Battle ended

Battle initiated

Kiraya
Battle declared: Gundam Flauros (Ryusei-Go) against Enemy Player
No targets for Gundam Flauros (Ryusei-Go)
GenocidGIC
No blockers available

Action step

GenocidGIC
Passed
Kiraya
Passed
Battle started: Gundam Flauros (Ryusei-Go) against Enemy Shield
GenocidGIC
Shield card: Unicorn Gundam 02 Banshee Norn (Destroy Mode) revealed and discarded

Battle ended

Turn end phase started

GenocidGIC
Passed
Kiraya
Passed
Turn ended!

Turn 16 started!

GenocidGIC
The-O deployed
Linked pilot: Paptimus Scirocco on unit The-O
Selecting target for Paptimus Scirocco
Paptimus Scirocco: Modifier applied to: Unicorn Gundam 02 Banshee Norn (Destroy Mode)

Battle initiated

GenocidGIC
Battle declared: Unicorn Gundam 02 Banshee Norn (Destroy Mode) against Enemy Player
Selecting target for The-O
Rested unit: Gundam Gusion Rebake
Unicorn Gundam 02 Banshee Norn (Destroy Mode): Modifier applied to: Gundam Flauros (Ryusei-Go)
Unicorn Gundam 02 Banshee Norn (Destroy Mode): Modifier applied to: Hyakuren
Unicorn Gundam 02 Banshee Norn (Destroy Mode): Modifier applied to: Gundam Barbatos 1st Form
Unicorn Gundam 02 Banshee Norn (Destroy Mode): Modifier applied to: Gundam Gusion Rebake
Kiraya
No blockers available

Action step

Kiraya
Passed
GenocidGIC
Passed
Battle started: Unicorn Gundam 02 Banshee Norn (Destroy Mode) against Isaribi
Kiraya
Isaribi received 6 damage, now destroyed

Battle ended

GenocidGIC
Activated: Unicorn Gundam 02 Banshee Norn (Destroy Mode)
Set Active: Unicorn Gundam 02 Banshee Norn (Destroy Mode)

Battle initiated

GenocidGIC
Battle declared: Unicorn Gundam 02 Banshee Norn (Destroy Mode) against Gundam Gusion Rebake
Selecting target for The-O
Rested unit: Gundam Barbatos 1st Form
Unicorn Gundam 02 Banshee Norn (Destroy Mode): Modifier applied to: Gundam Flauros (Ryusei-Go)
Unicorn Gundam 02 Banshee Norn (Destroy Mode): Modifier applied to: Hyakuren
Unicorn Gundam 02 Banshee Norn (Destroy Mode): Modifier applied to: Gundam Barbatos 1st Form
Unicorn Gundam 02 Banshee Norn (Destroy Mode): Modifier applied to: Gundam Gusion Rebake
Kiraya
No blockers available

Action step

Kiraya
Passed
GenocidGIC
Passed
Battle started: Unicorn Gundam 02 Banshee Norn (Destroy Mode) against Gundam Gusion Rebake
Kiraya
Gundam Gusion Rebake received 6 damage, now destroyed
GenocidGIC
Unicorn Gundam 02 Banshee Norn (Destroy Mode) received 1 damage, leaving 2 HP remaining

Battle ended

Battle initiated

GenocidGIC
Battle declared: The-O against Gundam Flauros (Ryusei-Go)
Kiraya
No blockers available

Action step

Kiraya
Passed
GenocidGIC
Passed
Battle started: The-O against Gundam Flauros (Ryusei-Go)
Kiraya
Gundam Flauros (Ryusei-Go) received 7 damage, now destroyed
GenocidGIC
The-O received 3 damage, leaving 4 HP remaining

Battle ended

Turn end phase started

Kiraya
Passed
GenocidGIC
Passed
Unicorn Gundam 02 Banshee Norn (Destroy Mode) repaired 2 from [Repair 2]
The-O repaired 3 from [Repair 3]
Turn ended!

Turn 17 started!

Kiraya
Played base: Isaribi
Shield card added to hand

Battle initiated

Kiraya
Battle declared: Gundam Barbatos 1st Form against Enemy Player
Gundam Barbatos 1st Form: Draw a card
GenocidGIC
No blockers available

Action step

GenocidGIC
Passed
Kiraya
Passed
Battle started: Gundam Barbatos 1st Form against Enemy Player
GenocidGIC
No more shields available, game is over!
Kiraya
Winner!

Game ended!