Mobile Suit Arena - Battle logs
Game started!

Kiraya

Choose to play first

Choose to keep starting hand

Bugs

Choose to keep starting hand

Turn 1 started!

Turn end phase started

Bugs

Passed

Kiraya

Passed

Turn ended!

Turn 2 started!

Bugs

Played command: Airframe Seizure

Selecting target for Airframe Seizure

Reineforce Jr. discarded

Airframe Seizure: Draw 2 cards

Turn end phase started

Kiraya

Passed

Bugs

Passed

Turn ended!

Turn 3 started!

Kiraya

Gundam Exia Repair deployed

Turn end phase started

Bugs

Passed

Kiraya

Passed

Turn ended!

Turn 4 started!

Bugs

Zoloat (League Militaire) deployed

Turn end phase started

Kiraya

Passed

Bugs

Passed

Turn ended!

Turn 5 started!

Kiraya

Ryusei-Go (Graze Custom Ⅱ) deployed

Selecting target for Ryusei-Go (Graze Custom Ⅱ)

Ryusei-Go (Graze Custom Ⅱ): Dealt 1 damage to Ryusei-Go (Graze Custom Ⅱ), leaving 1 HP remaining

Ryusei-Go (Graze Custom Ⅱ): Draw a card

Selecting target for Ryusei-Go (Graze Custom Ⅱ)

Isaribi discarded

Replaced EX Base base: Isaribi

Shield card added to hand

Battle initiated

Kiraya

Battle declared: Gundam Exia Repair against Enemy Player

Bugs

Assigned no blocker

Action step

Bugs

Passed

Kiraya

Passed

Battle started: Gundam Exia Repair against EX Base

Bugs

EX Base received 2 damage, leaving 1 HP remaining

Battle ended

Turn end phase started

Bugs

Passed

Kiraya

Passed

Turn ended!

Turn 6 started!

Bugs

Strike Rouge (Ootori) deployed

Turn end phase started

Kiraya

Passed

Bugs

Passed

Turn ended!

Turn 7 started!

Battle initiated

Kiraya

Battle declared: Gundam Exia Repair against Enemy Player

Bugs

Assigned Zoloat (League Militaire) to block

Action step

Bugs

Passed

Kiraya

Passed

Battle started: Gundam Exia Repair against Zoloat (League Militaire)

Bugs

Zoloat (League Militaire) received 2 damage, now destroyed

Kiraya

Gundam Exia Repair received 3 damage, now destroyed

Gundam Exia Repair milled 2: Gundam Barbatos 1st Form and Become a Shield moved to trash

Battle ended

Kiraya

Activated: Isaribi

Rested base: Isaribi

Isaribi: Modifier applied to: Ryusei-Go (Graze Custom Ⅱ)

Battle initiated

Kiraya

Battle declared: Ryusei-Go (Graze Custom Ⅱ) against Enemy Player

Bugs

Assigned no blocker

Action step

Bugs

Passed

Kiraya

Passed

Battle started: Ryusei-Go (Graze Custom Ⅱ) against EX Base

Bugs

EX Base received 4 damage, now destroyed

Battle ended

Kiraya

Gundam Barbatos 2nd Form deployed

Gundam Barbatos Adapt deployed

Selecting target for Gundam Barbatos Adapt

Gundam Barbatos Adapt: Dealt 1 damage to: Gundam Barbatos 2nd Form and Strike Rouge (Ootori)

Turn end phase started

Bugs

Passed

Kiraya

Passed

Turn ended!

Turn 8 started!

Bugs

Strike Rouge (Kira's Unit) deployed

Linked pilot: Kira Yamato on unit Strike Rouge (Kira's Unit)

Kira Yamato: Draw a card

Battle initiated

Bugs

Battle declared: Strike Rouge (Kira's Unit) against Ryusei-Go (Graze Custom Ⅱ)

Kiraya

No blockers available

Action step

Kiraya

Passed

Bugs

Passed

Battle started: Strike Rouge (Kira's Unit) against Ryusei-Go (Graze Custom Ⅱ)

Kiraya

Ryusei-Go (Graze Custom Ⅱ) received 5 damage, now destroyed

Bugs

Strike Rouge (Kira's Unit) received 2 damage, leaving 4 HP remaining

Battle ended

Turn end phase started

Kiraya

Passed

Bugs

Passed

Turn ended!

Turn 9 started!

Battle initiated

Kiraya

Battle declared: Gundam Barbatos 2nd Form against Strike Rouge (Kira's Unit)

Bugs

Assigned Strike Rouge (Ootori) to block

Action step

Bugs

Passed

Kiraya

Passed

Battle started: Gundam Barbatos 2nd Form against Strike Rouge (Ootori)

Bugs

Strike Rouge (Ootori) received 4 damage, now destroyed

Kiraya

Gundam Barbatos 2nd Form received 3 damage, now destroyed

Battle ended

Kiraya

Linked pilot: Mikazuki Augus on unit Gundam Barbatos Adapt

Selecting target for Mikazuki Augus

Mikazuki Augus: Dealt 1 damage to: Gundam Barbatos Adapt and Strike Rouge (Kira's Unit)

Battle initiated

Kiraya

Battle declared: Gundam Barbatos Adapt against Strike Rouge (Kira's Unit)

Bugs

No blockers available

Action step

Bugs

Passed

Kiraya

Passed

Battle started: Gundam Barbatos Adapt against Strike Rouge (Kira's Unit)

Bugs

Strike Rouge (Kira's Unit) received 4 damage, now destroyed

Kiraya

Gundam Barbatos Adapt received 5 damage, now destroyed

Battle ended

Kiraya

Hyakuren deployed

Hyakuren deployed

Turn end phase started

Bugs

Passed

Kiraya

Passed

Turn ended!

Turn 10 started!

Bugs

Strike Rouge (Ootori) deployed

Turn end phase started

Kiraya

Passed

Bugs

Passed

Turn ended!

Turn 11 started!

Battle initiated

Kiraya

Battle declared: Hyakuren against Enemy Player

Bugs

Assigned Strike Rouge (Ootori) to block

Action step

Bugs

Passed

Kiraya

Passed

Battle started: Hyakuren against Strike Rouge (Ootori)

Bugs

Strike Rouge (Ootori) received 4 damage, now destroyed

Kiraya

Hyakuren received 3 damage, now destroyed

Battle ended

Battle initiated

Kiraya

Battle declared: Hyakuren against Enemy Player

Bugs

No blockers available

Action step

Bugs

Passed

Kiraya

Passed

Battle started: Hyakuren against Enemy Shield

Bugs

Shield card: Airframe Seizure revealed and discarded

Battle ended

Kiraya

Gundam Gusion Rebake deployed

No targets for Gundam Gusion Rebake

Gundam Exia Repair deployed

Turn end phase started

Bugs

Passed

Kiraya

Passed

Turn ended!

Turn 12 started!

Bugs

Gundam Kyrios (Flight Mode) deployed

Battle initiated

Bugs

Battle declared: Gundam Kyrios (Flight Mode) against Hyakuren

Kiraya

Assigned Gundam Gusion Rebake to block

Action step

Kiraya

Passed

Bugs

Passed

Battle started: Gundam Kyrios (Flight Mode) against Gundam Gusion Rebake

Kiraya

Gundam Gusion Rebake received 3 damage, leaving 2 HP remaining

Bugs

Gundam Kyrios (Flight Mode) received 3 damage, now destroyed

Battle ended

Bugs

Kshatriya deployed

Turn end phase started

Kiraya

Passed

Bugs

Passed

Turn ended!

Turn 13 started!

Kiraya

Gundam Barbatos Lupus deployed

Battle initiated

Kiraya

Battle declared: Gundam Exia Repair against Enemy Player

Bugs

No blockers available

Action step

Bugs

Passed

Kiraya

Passed

Battle started: Gundam Exia Repair against Enemy Shield

Bugs

Shield card: Unicorn Gundam 02 Banshee (Destroy Mode) revealed and discarded

Battle ended

Battle initiated

Kiraya

Battle declared: Hyakuren against Enemy Player

Bugs

No blockers available

Action step

Bugs

Passed

Kiraya

Passed

Battle started: Hyakuren against Enemy Shield

Bugs

Shield card: Strike Freedom Gundam revealed and discarded

Battle ended

Battle initiated

Kiraya

Battle declared: Gundam Gusion Rebake against Enemy Player

Bugs

No blockers available

Action step

Bugs

Passed

Kiraya

Passed

Battle started: Gundam Gusion Rebake against Enemy Shield

Bugs

Shield card: Gundam Kyrios (Flight Mode) revealed and discarded

Battle ended

Kiraya

Graze Custom deployed

Activated: Gundam Barbatos Lupus

Gundam Barbatos 1st Form, Gundam Barbatos Adapt and Hyakuren exiled from the game

Selecting target for Gundam Barbatos Lupus

Gundam Barbatos Lupus: Dealt 2 damage to Kshatriya, leaving 2 HP remaining

Turn end phase started

Bugs

Passed

Kiraya

Passed

Turn ended!

Turn 14 started!

Bugs

Played command: Airframe Seizure

Selecting target for Airframe Seizure

Kshatriya discarded

Airframe Seizure: Draw 2 cards

Strike Freedom Gundam deployed

Selecting target for Strike Freedom Gundam

Strike Freedom Gundam: chose Kshatriya and Strike Freedom Gundam

Battle initiated

Bugs

Battle declared: Kshatriya against Hyakuren

Kiraya

No blockers available

Action step

Kiraya

Passed

Bugs

Passed

Battle started: Kshatriya against Hyakuren

Kiraya

Hyakuren received 5 damage, now destroyed

Bugs

Kshatriya received 4 damage, now destroyed

Strike Freedom Gundam: Draw a card

Battle ended

Kiraya

Winner!

Game ended!