Mobile Suit Arena - Battle logs
Game started!

tinki

Choose to play first

Choose to keep starting hand

Kiraya

Choose to keep starting hand

Turn 1 started!

Turn end phase started

Kiraya

Passed

tinki

Passed

Turn ended!

Turn 2 started!

Kiraya

Gundam Exia Repair deployed

Turn end phase started

tinki

Passed

Kiraya

Passed

Turn ended!

Turn 3 started!

Turn end phase started

Kiraya

Passed

tinki

Passed

Turn ended!

Turn 4 started!

Kiraya

Hyakuren deployed

Battle initiated

Kiraya

Battle declared: Gundam Exia Repair against Enemy Player

tinki

No blockers available

Action step

tinki

Passed

Kiraya

Passed

Battle started: Gundam Exia Repair against EX Base

tinki

EX Base received 2 damage, leaving 1 HP remaining

Battle ended

Turn end phase started

tinki

Passed

Kiraya

Passed

Turn ended!

Turn 5 started!

tinki

Rick Dias deployed

Turn end phase started

Kiraya

Passed

tinki

Passed

Turn ended!

Turn 6 started!

Battle initiated

Kiraya

Battle declared: Gundam Exia Repair against Enemy Player

tinki

Assigned no blocker

Action step

tinki

Passed

Kiraya

Passed

Battle started: Gundam Exia Repair against EX Base

tinki

EX Base received 2 damage, now destroyed

Battle ended

Battle initiated

Kiraya

Battle declared: Hyakuren against Enemy Player

tinki

Assigned Rick Dias to block

Action step

tinki

Passed

Kiraya

Passed

Battle started: Hyakuren against Rick Dias

tinki

Rick Dias received 4 damage, now destroyed

Kiraya

Hyakuren received 3 damage, now destroyed

Battle ended

Kiraya

Gundam Barbatos 1st Form deployed

Replaced EX Base base: Isaribi

Shield card added to hand

Turn end phase started

tinki

Passed

Kiraya

Passed

Turn ended!

Turn 7 started!

tinki

Rick Dias deployed

Played command: Overflowing Affection

Overflowing Affection: Draw 2 cards

Selecting target for Overflowing Affection

Amuro Ray discarded

Played command: Overflowing Affection

Overflowing Affection: Draw 2 cards

Selecting target for Overflowing Affection

Strike Freedom Gundam discarded

Turn end phase started

Kiraya

Passed

tinki

Passed

Turn ended!

Turn 8 started!

Battle initiated

Kiraya

Battle declared: Gundam Exia Repair against Enemy Player

tinki

Assigned no blocker

Action step

tinki

Passed

Kiraya

Passed

Battle started: Gundam Exia Repair against Enemy Shield

tinki

Shield card: Kira Yamato revealed

Shield card added to hand: Kira Yamato

Battle ended

Kiraya

Shiden Custom (Ryusei-Go) deployed

Graze Custom deployed

Turn end phase started

tinki

Passed

Kiraya

Passed

Turn ended!

Turn 9 started!

tinki

Gundam NT-1 deployed

Linked pilot: Amuro Ray on unit Gundam NT-1

Selecting target for Amuro Ray

Rested unit: Shiden Custom (Ryusei-Go)

Selecting target for Gundam NT-1

Gundam NT-1: Dealt 1 damage to Gundam Exia Repair, now destroyed

Gundam NT-1: Draw a card

Kiraya

Gundam Exia Repair milled 2: Isaribi and Hyakuren moved to trash

Battle initiated

tinki

Battle declared: Gundam NT-1 against Shiden Custom (Ryusei-Go)

Kiraya

No blockers available

Action step

Kiraya

Passed

tinki

Passed

Battle started: Gundam NT-1 against Shiden Custom (Ryusei-Go)

Kiraya

Shiden Custom (Ryusei-Go) received 6 damage, now destroyed

tinki

Gundam NT-1 received 4 damage, leaving 1 HP remaining

Battle ended

Turn end phase started

Kiraya

Passed

tinki

Passed

Gundam NT-1 repaired 2 from [Repair 2]

Turn ended!

Turn 10 started!

Kiraya

Hyakuren deployed

Paired pilot: Mikazuki Augus on unit Hyakuren

Selecting target for Mikazuki Augus

Mikazuki Augus: Dealt 1 damage to: Gundam Barbatos 1st Form and Gundam NT-1

Paired pilot: Mikazuki Augus on unit Graze Custom

Selecting target for Mikazuki Augus

Mikazuki Augus: Dealt 1 damage to: Graze Custom and Rick Dias

Battle initiated

Kiraya

Battle declared: Gundam Barbatos 1st Form against Gundam NT-1

Gundam Barbatos 1st Form: Draw a card

tinki

Assigned no blocker

Action step

tinki

Passed

Kiraya

Passed

Battle started: Gundam Barbatos 1st Form against Gundam NT-1

tinki

Gundam NT-1 received 3 damage, now destroyed

Kiraya

Gundam Barbatos 1st Form received 6 damage, now destroyed

Battle ended

Battle initiated

Kiraya

Battle declared: Graze Custom against Enemy Player

tinki

Assigned Rick Dias to block

Action step

tinki

Passed

Kiraya

Passed

Battle started: Graze Custom against Rick Dias

tinki

Rick Dias received 4 damage, now destroyed

Kiraya

Graze Custom received 3 damage, now destroyed

Battle ended

Turn end phase started

tinki

Passed

Kiraya

Passed

Turn ended!

Turn 11 started!

tinki

Played base: Industrial 7

Shield card added to hand

Played command: Overflowing Affection

Overflowing Affection: Draw 2 cards

Selecting target for Overflowing Affection

Kira Yamato discarded

Gaplant TR-5 "Hrairoo" Unit 1 deployed

Rick Dias deployed

Turn end phase started

Kiraya

Passed

tinki

Passed

Turn ended!

Turn 12 started!

Kiraya

Gundam Barbatos Lupus deployed

Played action: Become a Shield

Selecting target for Become a Shield

Become a Shield: Dealt 1 damage to: Gundam Barbatos Lupus and Gaplant TR-5 "Hrairoo" Unit 1

Activated: Gundam Barbatos Lupus

Hyakuren, Gundam Barbatos 1st Form and Graze Custom exiled from the game

Selecting target for Gundam Barbatos Lupus

Gundam Barbatos Lupus: Dealt 2 damage to Gaplant TR-5 "Hrairoo" Unit 1, now destroyed

Battle initiated

Kiraya

Battle declared: Hyakuren against Enemy Player

tinki

Assigned Rick Dias to block

Action step

tinki

Passed

Kiraya

Passed

Battle started: Hyakuren against Rick Dias

tinki

Rick Dias received 6 damage, now destroyed

Kiraya

Hyakuren received 3 damage, leaving 1 HP remaining

Battle ended

Turn end phase started

tinki

Passed

Kiraya

Passed

Turn ended!

Turn 13 started!

tinki

Played command: Signs of a Revolution

Signs of a Revolution: Dealt 2 damage to Hyakuren, now destroyed

Gundam deployed

Rick Dias deployed

Turn end phase started

Kiraya

Passed

tinki

Passed

Turn ended!

Turn 14 started!

Kiraya

Hyakuren deployed

Gundam Barbatos 1st Form deployed

Gundam Exia Repair deployed

Activated: Gundam Barbatos Lupus

Hyakuren, Shiden Custom (Ryusei-Go) and Hyakuren exiled from the game

Selecting target for Gundam Barbatos Lupus

Gundam Barbatos Lupus: Dealt 2 damage to Rick Dias, leaving 1 HP remaining

Battle initiated

Kiraya

Battle declared: Gundam Barbatos Lupus against Enemy Player

tinki

Assigned no blocker

Action step

tinki

Passed

Kiraya

Passed

Battle started: Gundam Barbatos Lupus against Industrial 7

tinki

Industrial 7 received 5 damage, now destroyed

Battle ended

Turn end phase started

tinki

Passed

Kiraya

Passed

Turn ended!

Turn 15 started!

tinki

Paired pilot: Kira Yamato on unit Gundam

Battle initiated

tinki

Battle declared: Rick Dias against Gundam Barbatos Lupus

Kiraya

No blockers available

Action step

Kiraya

Passed

tinki

Passed

Battle started: Rick Dias against Gundam Barbatos Lupus

Kiraya

Gundam Barbatos Lupus received 4 damage, now destroyed

tinki

Rick Dias received 5 damage, now destroyed

Battle ended

Battle initiated

tinki

Battle declared: Gundam against Enemy Player

Selecting target for Kira Yamato

Kira Yamato: Modifier applied to: Gundam Barbatos 1st Form

Kiraya

No blockers available

Action step

Kiraya

Passed

tinki

Passed

Battle started: Gundam against Isaribi

Kiraya

Isaribi received 6 damage, now destroyed

Battle ended

tinki

Gundam deployed

Turn end phase started

Kiraya

Passed

tinki

Passed

Turn ended!

Turn 16 started!

Kiraya

Played action: Become a Shield

Selecting target for Become a Shield

Become a Shield: Dealt 1 damage to: Gundam Barbatos 1st Form and Gundam

Battle initiated

Kiraya

Battle declared: Hyakuren against Gundam

tinki

No blockers available

Action step

tinki

Passed

Kiraya

Passed

Battle started: Hyakuren against Gundam

tinki

Gundam received 4 damage, now destroyed

Kiraya

Hyakuren received 5 damage, now destroyed

Battle ended

Battle initiated

Kiraya

Battle declared: Gundam Barbatos 1st Form against Enemy Player

Gundam Barbatos 1st Form: Draw a card

tinki

No blockers available

Action step

tinki

Passed

Kiraya

Passed

Battle started: Gundam Barbatos 1st Form against Enemy Shield

tinki

Shield card: Wing Gundam Zero (EW) revealed and discarded

Battle ended

Battle initiated

Kiraya

Battle declared: Gundam Exia Repair against Enemy Player

tinki

No blockers available

Action step

tinki

Passed

Kiraya

Passed

Battle started: Gundam Exia Repair against Enemy Shield

tinki

Shield card: Aile Strike Gundam revealed and discarded

Battle ended

Kiraya

Gundam Barbatos Adapt deployed

Selecting target for Gundam Barbatos Adapt

Gundam Barbatos Adapt: Dealt 1 damage to: Gundam Barbatos Adapt and Gundam

Turn end phase started

tinki

Passed

Kiraya

Passed

Turn ended!

Turn 17 started!

tinki

Altron Gundam (EW) deployed

Selecting target for Altron Gundam (EW)

Altron Gundam (EW): Modifier applied to: Gundam Exia Repair

Paired pilot: Kira Yamato on unit Gundam

Battle initiated

tinki

Battle declared: Gundam against Gundam Barbatos 1st Form

Selecting target for Kira Yamato

Kira Yamato: Modifier applied to: Gundam Barbatos 1st Form

Kiraya

No blockers available

Action step

Kiraya

Passed

tinki

Passed

Battle started: Gundam against Gundam Barbatos 1st Form

Kiraya

Gundam Barbatos 1st Form received 6 damage, now destroyed

tinki

Gundam received 1 damage, leaving 3 HP remaining

Battle ended

Turn end phase started

Kiraya

Passed

tinki

Passed

Gundam repaired 2 from [Repair 2]

Turn ended!

Turn 18 started!

Kiraya

Gundam Gusion Rebake deployed

Selecting target for Gundam Gusion Rebake

Gundam Gusion Rebake: Dealt 1 damage to: Gundam Gusion Rebake and Altron Gundam (EW)

Battle initiated

Kiraya

Battle declared: Gundam Barbatos Adapt against Enemy Player

tinki

No blockers available

Action step

tinki

Passed

Kiraya

Passed

Battle started: Gundam Barbatos Adapt against Enemy Shield

tinki

Shield card: A Show of Resolve revealed and discarded

Battle ended

Turn end phase started

tinki

Passed

Kiraya

Passed

Turn ended!

Turn 19 started!

Battle initiated

tinki

Battle declared: Gundam against Gundam Barbatos Adapt

Selecting target for Kira Yamato

Kira Yamato: Modifier applied to: Gundam Barbatos Adapt

Kiraya

Assigned no blocker

Action step

Kiraya

Passed

tinki

Passed

Battle started: Gundam against Gundam Barbatos Adapt

Kiraya

Gundam Barbatos Adapt received 6 damage, now destroyed

tinki

Gundam received 0 damage, leaving 5 HP remaining

Battle ended

Battle initiated

tinki

Battle declared: Altron Gundam (EW) against Enemy Player

Kiraya

Assigned no blocker

Action step

Kiraya

Passed

tinki

Passed

Battle started: Altron Gundam (EW) against Enemy Shield

Kiraya

Shield card: Graze Custom revealed and discarded

Battle ended

tinki

Freedom Gundam deployed

Linked pilot: Kira Yamato on unit Freedom Gundam

Battle initiated

tinki

Battle declared: Freedom Gundam against Enemy Player

Selecting target for Kira Yamato

Kira Yamato: Modifier applied to: Gundam Exia Repair

Kiraya

Assigned no blocker

Action step

Kiraya

Passed

tinki

Passed

Battle started: Freedom Gundam against Enemy Shield

Kiraya

Shield card: Gundam Barbatos 2nd Form revealed and discarded

Battle ended

Turn end phase started

Kiraya

Passed

tinki

Passed

Turn ended!

Turn 20 started!

Kiraya

Ryusei-Go (Graze Custom Ⅱ) deployed

Selecting target for Ryusei-Go (Graze Custom Ⅱ)

Ryusei-Go (Graze Custom Ⅱ): Dealt 1 damage to Ryusei-Go (Graze Custom Ⅱ), leaving 1 HP remaining

Ryusei-Go (Graze Custom Ⅱ): Draw a card

Selecting target for Ryusei-Go (Graze Custom Ⅱ)

Mikazuki Augus discarded

Battle initiated

Kiraya

Battle declared: Gundam Exia Repair against Enemy Player

tinki

No blockers available

Action step

tinki

Passed

Kiraya

Passed

Battle started: Gundam Exia Repair against Enemy Shield

tinki

Shield card: Wing Gundam Zero (EW) revealed and discarded

Battle ended

Battle initiated

Kiraya

Battle declared: Gundam Gusion Rebake against Enemy Player

tinki

No blockers available

Action step

Kiraya

Winner!

Game ended!