Mobile Suit Arena - Battle logs
Game started!

loclee

Choose to play first

Choose to mulligan starting hand

Kiraya

Choose to mulligan starting hand

Turn 1 started!

loclee

Played command: Airframe Seizure

Selecting target for Airframe Seizure

Unicorn Gundam 02 Banshee (Destroy Mode) discarded

Airframe Seizure: Draw 2 cards

Turn end phase started

Kiraya

Passed

loclee

Passed

Turn ended!

Turn 2 started!

Kiraya

Graze Custom deployed

Turn end phase started

loclee

Passed

Kiraya

Passed

Turn ended!

Turn 3 started!

loclee

Played command: Airframe Seizure

Selecting target for Airframe Seizure

Kshatriya discarded

Airframe Seizure: Draw 2 cards

Turn end phase started

Kiraya

Passed

loclee

Passed

Turn ended!

Turn 4 started!

Kiraya

Graze Custom deployed

Replaced EX Base base: Isaribi

Shield card added to hand

Battle initiated

Kiraya

Battle declared: Graze Custom against Enemy Player

loclee

No blockers available

Action step

loclee

Passed

Kiraya

Passed

Battle started: Graze Custom against EX Base

loclee

EX Base received 2 damage, leaving 1 HP remaining

Battle ended

Turn end phase started

loclee

Passed

Kiraya

Passed

Turn ended!

Turn 5 started!

loclee

Played action: Close Combat

Close Combat: Dealt 2 damage to Graze Custom, now destroyed

Turn end phase started

Kiraya

Passed

loclee

Passed

Turn ended!

Turn 6 started!

Battle initiated

Kiraya

Battle declared: Graze Custom against Enemy Player

loclee

No blockers available

Action step

loclee

Passed

Kiraya

Passed

Battle started: Graze Custom against EX Base

loclee

EX Base received 2 damage, now destroyed

Battle ended

Kiraya

Gundam Barbatos 2nd Form deployed

Gundam Barbatos Adapt deployed

No targets for Gundam Barbatos Adapt

Turn end phase started

loclee

Passed

Kiraya

Passed

Turn ended!

Turn 7 started!

loclee

Strike Rouge (Ootori) deployed

Turn end phase started

Kiraya

Passed

loclee

Passed

Turn ended!

Turn 8 started!

Battle initiated

Kiraya

Battle declared: Graze Custom against Enemy Player

loclee

Assigned no blocker

Action step

loclee

Played action: Darkness Finger

Darkness Finger: Dealt 2 damage to Graze Custom, now destroyed

Kiraya

Passed

loclee

Passed

Battle ended

Battle initiated

Kiraya

Battle declared: Gundam Barbatos Adapt against Enemy Player

loclee

Assigned Strike Rouge (Ootori) to block

Action step

loclee

Passed

Kiraya

Passed

Battle started: Gundam Barbatos Adapt against Strike Rouge (Ootori)

loclee

Strike Rouge (Ootori) received 2 damage, leaving 2 HP remaining

Kiraya

Gundam Barbatos Adapt received 3 damage, leaving 1 HP remaining

Battle ended

Kiraya

Linked pilot: Mikazuki Augus on unit Gundam Barbatos 2nd Form

Selecting target for Mikazuki Augus

Mikazuki Augus: Dealt 1 damage to: Gundam Barbatos 2nd Form and Strike Rouge (Ootori)

Played action: Become a Shield

Selecting target for Become a Shield

Become a Shield: Dealt 1 damage to: Gundam Barbatos 2nd Form and Strike Rouge (Ootori)

Battle initiated

Kiraya

Battle declared: Gundam Barbatos 2nd Form against Enemy Player

loclee

No blockers available

Action step

loclee

Passed

Kiraya

Passed

Battle started: Gundam Barbatos 2nd Form against Enemy Shield

loclee

Shield card: Marida Cruz revealed

Shield card added to hand: Marida Cruz

Battle ended

Turn end phase started

loclee

Passed

Kiraya

Passed

Turn ended!

Turn 9 started!

loclee

Kshatriya deployed

Linked pilot: Marida Cruz on unit Kshatriya

Selecting target for Kshatriya

Kshatriya: Dealt 1 damage to: Gundam Barbatos 2nd Form and Gundam Barbatos Adapt

Battle initiated

loclee

Battle declared: Kshatriya against Enemy Player

Selecting target for Marida Cruz

Marida Cruz: Dealt 1 damage to Gundam Barbatos 2nd Form, leaving 1 HP remaining

Kiraya

No blockers available

Action step

Kiraya

Passed

loclee

Passed

Battle started: Kshatriya against Isaribi

Kiraya

Isaribi received 7 damage, now destroyed

Battle ended

Turn end phase started

Kiraya

Passed

loclee

Passed

Turn ended!

Turn 10 started!

Battle initiated

Kiraya

Battle declared: Gundam Barbatos 2nd Form against Kshatriya

loclee

No blockers available

Action step

loclee

Passed

Kiraya

Passed

Battle started: Gundam Barbatos 2nd Form against Kshatriya

loclee

Kshatriya received 6 damage, now destroyed

Kiraya

Gundam Barbatos 2nd Form received 7 damage, now destroyed

Battle ended

Kiraya

Shiden Custom (Ryusei-Go) deployed

Turn end phase started

loclee

Passed

Kiraya

Passed

Turn ended!

Turn 11 started!

loclee

Played command: A Show of Resolve

A Show of Resolve: Draw 2 cards

Played action: Improved Technique

Improved Technique: Dealt 3 damage to Shiden Custom (Ryusei-Go), now destroyed

Turn end phase started

Kiraya

Passed

loclee

Passed

Turn ended!

Turn 12 started!

Kiraya

Shiden Custom (Ryusei-Go) deployed

Gundam Barbatos 2nd Form deployed

Turn end phase started

loclee

Passed

Kiraya

Passed

Turn ended!

Turn 13 started!

loclee

Played command: A Show of Resolve

A Show of Resolve: Draw 2 cards

Strike Rouge (Ootori) deployed

Paired pilot: Marida Cruz on unit Strike Rouge (Ootori)

Turn end phase started

Kiraya

Passed

loclee

Passed

Turn ended!

Turn 14 started!

Battle initiated

Kiraya

Battle declared: Gundam Barbatos 2nd Form against Enemy Player

loclee

Assigned Strike Rouge (Ootori) to block

Action step

loclee

Passed

Kiraya

Passed

Battle started: Gundam Barbatos 2nd Form against Strike Rouge (Ootori)

loclee

Strike Rouge (Ootori) received 2 damage, leaving 3 HP remaining

Kiraya

Gundam Barbatos 2nd Form received 5 damage, now destroyed

Battle ended

Kiraya

Gundam Barbatos Lupus deployed

Activated: Gundam Barbatos Lupus

Gundam Barbatos 2nd Form, Shiden Custom (Ryusei-Go) and Gundam Barbatos 2nd Form exiled from the game

Selecting target for Gundam Barbatos Lupus

Gundam Barbatos Lupus: Dealt 2 damage to Strike Rouge (Ootori), leaving 1 HP remaining

Activated: Gundam Barbatos Lupus

Graze Custom, Graze Custom and Gundam Barbatos Adapt exiled from the game

Selecting target for Gundam Barbatos Lupus

Gundam Barbatos Lupus: Dealt 2 damage to Strike Rouge (Ootori), now destroyed

Battle initiated

Kiraya

Battle declared: Shiden Custom (Ryusei-Go) against Enemy Player

loclee

No blockers available

Action step

loclee

Passed

Kiraya

Passed

Battle started: Shiden Custom (Ryusei-Go) against Enemy Shield

loclee

Shield card: Kindhearted revealed

Kindhearted: Draw a card

Shield card: Kindhearted moved to trash

Battle ended

Turn end phase started

loclee

Passed

Kiraya

Passed

Turn ended!

Turn 15 started!

loclee

Kshatriya deployed

Linked pilot: Marida Cruz on unit Kshatriya

Selecting target for Kshatriya

Kshatriya: Dealt 1 damage to: Shiden Custom (Ryusei-Go) and Gundam Barbatos Lupus

Played action: Darkness Finger

Darkness Finger: Dealt 2 damage to Gundam Barbatos Lupus, leaving 2 HP remaining

Played action: Darkness Finger

Darkness Finger: Dealt 2 damage to Gundam Barbatos Lupus, now destroyed

Battle initiated

loclee

Battle declared: Kshatriya against Enemy Player

Selecting target for Marida Cruz

Marida Cruz: Dealt 1 damage to Shiden Custom (Ryusei-Go), leaving 1 HP remaining

Kiraya

No blockers available

Action step

Kiraya

Passed

loclee

Passed

Battle started: Kshatriya against Enemy Shield

Kiraya

Shield card: Isaribi revealed

Played base: Isaribi

Shield card added to hand

Battle ended

loclee

Played action: Darkness Finger

Darkness Finger: Dealt 2 damage to Shiden Custom (Ryusei-Go), now destroyed

Turn end phase started

Kiraya

Passed

loclee

Passed

Turn ended!

Turn 16 started!

Kiraya

Gundam Barbatos 5th Form (Ground Type) deployed

Ryusei-Go (Graze Custom Ⅱ) deployed

Selecting target for Ryusei-Go (Graze Custom Ⅱ)

Ryusei-Go (Graze Custom Ⅱ): Dealt 1 damage to Ryusei-Go (Graze Custom Ⅱ), leaving 1 HP remaining

Ryusei-Go (Graze Custom Ⅱ): Draw a card

Selecting target for Ryusei-Go (Graze Custom Ⅱ)

Gundam Exia Repair discarded

Gundam Exia Repair deployed

Turn end phase started

loclee

Passed

Kiraya

Passed

Turn ended!

Turn 17 started!

loclee

Played command: A Show of Resolve

A Show of Resolve: Draw 2 cards

Strike Freedom Gundam deployed

Selecting target for Strike Freedom Gundam

Strike Freedom Gundam: chose Kshatriya and Strike Freedom Gundam

Battle initiated

loclee

Battle declared: Kshatriya against Enemy Player

Selecting target for Marida Cruz

Marida Cruz: Dealt 1 damage to Gundam Exia Repair, now destroyed

Kiraya

Gundam Exia Repair milled 2: Ryusei-Go (Graze Custom Ⅱ) and Graze Custom moved to trash

No blockers available

Action step

Kiraya

Passed

loclee

Passed

Battle started: Kshatriya against Isaribi

Kiraya

Isaribi received 7 damage, now destroyed

loclee

Strike Freedom Gundam: Draw a card

Battle ended

Turn end phase started

Kiraya

Passed

loclee

Passed

Turn ended!

Turn 18 started!

Kiraya

Gundam Flauros (Ryusei-Go) deployed

No targets for Gundam Flauros (Ryusei-Go)

Hyakuren deployed

Battle initiated

Kiraya

Battle declared: Gundam Barbatos 5th Form (Ground Type) against Kshatriya

loclee

No blockers available

Action step

loclee

Passed

Kiraya

Passed

Battle started: Gundam Barbatos 5th Form (Ground Type) against Kshatriya

loclee

Kshatriya received 5 damage, now destroyed

Kiraya

Gundam Barbatos 5th Form (Ground Type) received 7 damage, now destroyed

Battle ended

Battle initiated

Kiraya

Battle declared: Ryusei-Go (Graze Custom Ⅱ) against Enemy Player

loclee

No blockers available

Action step

loclee

Passed

Kiraya

Passed

Battle started: Ryusei-Go (Graze Custom Ⅱ) against Enemy Shield

loclee

Shield card: Strike Freedom Gundam revealed and discarded

Battle ended

Turn end phase started

loclee

Passed

Kiraya

Passed

Turn ended!

Turn 19 started!

loclee

Played base: White Base

Shield card added to hand

Activated: White Base

Rested 2 Resources

Guncannon deployed

Strike Rouge (Ootori) deployed

Played action: Kindhearted

Kindhearted: Draw a card

Battle initiated

loclee

Battle declared: Strike Freedom Gundam against Ryusei-Go (Graze Custom Ⅱ)

Kiraya

No blockers available

Action step

Kiraya

Passed

loclee

Passed

Battle started: Strike Freedom Gundam against Ryusei-Go (Graze Custom Ⅱ)

Kiraya

Ryusei-Go (Graze Custom Ⅱ) received 5 damage, now destroyed

loclee

Strike Freedom Gundam received 2 damage, leaving 4 HP remaining

Battle ended

Turn end phase started

Kiraya

Passed

loclee

Passed

Turn ended!

Turn 20 started!

Battle initiated

Kiraya

Battle declared: Hyakuren against Strike Freedom Gundam

loclee

Assigned no blocker

Action step

loclee

Passed

Kiraya

Passed

Battle started: Hyakuren against Strike Freedom Gundam

loclee

Strike Freedom Gundam received 4 damage, now destroyed

Kiraya

Hyakuren received 5 damage, now destroyed

Battle ended

Battle initiated

Kiraya

Battle declared: Gundam Flauros (Ryusei-Go) against Enemy Player

Selecting target for Gundam Flauros (Ryusei-Go)

loclee

Assigned Strike Rouge (Ootori) to block

Action step

loclee

Passed

Kiraya

Passed

Battle started: Gundam Flauros (Ryusei-Go) against Strike Rouge (Ootori)

loclee

Strike Rouge (Ootori) received 5 damage, now destroyed

Kiraya

Gundam Flauros (Ryusei-Go) received 3 damage, now destroyed

Battle ended

Kiraya

Gundam Barbatos 1st Form deployed

Turn end phase started

loclee

Played action: Close Combat

Close Combat: Dealt 2 damage to Gundam Barbatos 1st Form, now destroyed

Kiraya

Passed

loclee

Passed

Kiraya

Turn ended!

Turn 21 started!

loclee

Activated: White Base

Rested 2 Resources

Gundam deployed

Played command: Airframe Seizure

Selecting target for Airframe Seizure

Improved Technique discarded

Airframe Seizure: Draw 2 cards

Played command: Airframe Seizure

Selecting target for Airframe Seizure

Battle of Aces discarded

Airframe Seizure: Draw 2 cards

Played action: Kindhearted

Kindhearted: Draw a card

Unicorn Gundam 02 Banshee (Destroy Mode) deployed

Turn end phase started

Kiraya

Passed

loclee

Passed

Turn ended!

Turn 22 started!

Kiraya

Gundam Gusion Rebake deployed

Selecting target for Gundam Gusion Rebake

Gundam Gusion Rebake: Dealt 1 damage to: Gundam Gusion Rebake and Unicorn Gundam 02 Banshee (Destroy Mode)

Turn end phase started

loclee

Passed

Kiraya

Passed

Turn ended!

Turn 23 started!

loclee

Strike Freedom Gundam deployed

Selecting target for Strike Freedom Gundam

Strike Freedom Gundam: chose Unicorn Gundam 02 Banshee (Destroy Mode) and Strike Freedom Gundam

Linked pilot: Marida Cruz on unit Unicorn Gundam 02 Banshee (Destroy Mode)

Battle initiated

loclee

Battle declared: Unicorn Gundam 02 Banshee (Destroy Mode) against Enemy Player

Selecting target for Unicorn Gundam 02 Banshee (Destroy Mode)

Returned to deck bottom

Set Active: Unicorn Gundam 02 Banshee (Destroy Mode)

Unicorn Gundam 02 Banshee (Destroy Mode): Modifier applied to: Unicorn Gundam 02 Banshee (Destroy Mode)

Selecting target for Marida Cruz

Marida Cruz: Dealt 1 damage to Gundam Gusion Rebake, leaving 3 HP remaining

Kiraya

Assigned no blocker

Action step

Kiraya

Passed

loclee

Passed

Battle started: Unicorn Gundam 02 Banshee (Destroy Mode) against Enemy Shield

Kiraya

Shield card: Gundam Exia Repair revealed and discarded

loclee

Strike Freedom Gundam: Draw a card

Battle ended

loclee

Played action: Close Combat

Close Combat: Dealt 2 damage to Gundam Gusion Rebake, leaving 1 HP remaining

Battle initiated

loclee

Battle declared: Unicorn Gundam 02 Banshee (Destroy Mode) against Enemy Player

Selecting target for Marida Cruz

Marida Cruz: Dealt 1 damage to Gundam Gusion Rebake, now destroyed

Selecting target for Unicorn Gundam 02 Banshee (Destroy Mode)

Returned to deck bottom

Set Active: Unicorn Gundam 02 Banshee (Destroy Mode)

Unicorn Gundam 02 Banshee (Destroy Mode): Modifier applied to: Unicorn Gundam 02 Banshee (Destroy Mode)

Kiraya

No blockers available

Action step

Kiraya

Passed

loclee

Passed

Battle started: Unicorn Gundam 02 Banshee (Destroy Mode) against Enemy Shield

Kiraya

Shield card: Gundam Barbatos Lupus revealed and discarded

loclee

Strike Freedom Gundam: Draw a card

Battle ended

Battle initiated

loclee

Battle declared: Unicorn Gundam 02 Banshee (Destroy Mode) against Enemy Player

No targets for Marida Cruz

Kiraya

No blockers available

Action step

Kiraya

Passed

loclee

Passed

Battle started: Unicorn Gundam 02 Banshee (Destroy Mode) against Enemy Shield

Kiraya

Shield card: Ryusei-Go (Graze Custom Ⅱ) revealed and discarded

loclee

Strike Freedom Gundam: Draw a card

Battle ended

loclee

Linked pilot: Kira Yamato on unit Strike Freedom Gundam

Kira Yamato: Draw a card

Battle initiated

loclee

Battle declared: Strike Freedom Gundam against Enemy Player

Kiraya

No blockers available

Action step

Kiraya

Passed