Mobile Suit Arena - Battle logs
Game started!

Kiraya

Choose to play first

SaintAbbel

Choose to mulligan starting hand

Kiraya

Choose to keep starting hand

Turn 1 started!

Turn end phase started

SaintAbbel

Passed

Kiraya

Passed

Turn ended!

Turn 2 started!

Turn end phase started

Kiraya

Passed

SaintAbbel

Passed

Turn ended!

Turn 3 started!

Kiraya

Gundam Exia Repair deployed

Gundam Exia Repair deployed

Turn end phase started

SaintAbbel

Passed

Kiraya

Passed

Turn ended!

Turn 4 started!

SaintAbbel

Rick Dias deployed

Turn end phase started

Kiraya

Passed

SaintAbbel

Passed

Turn ended!

Turn 5 started!

Battle initiated

Kiraya

Battle declared: Gundam Exia Repair against Enemy Player

SaintAbbel

Assigned no blocker

Action step

SaintAbbel

Passed

Kiraya

Passed

Battle started: Gundam Exia Repair against EX Base

SaintAbbel

EX Base received 2 damage, leaving 1 HP remaining

Battle ended

Battle initiated

Kiraya

Battle declared: Gundam Exia Repair against Enemy Player

SaintAbbel

Assigned no blocker

Action step

SaintAbbel

Passed

Kiraya

Passed

Battle started: Gundam Exia Repair against EX Base

SaintAbbel

EX Base received 2 damage, now destroyed

Battle ended

Kiraya

Ryusei-Go (Graze Custom Ⅱ) deployed

Selecting target for Ryusei-Go (Graze Custom Ⅱ)

Ryusei-Go (Graze Custom Ⅱ): Dealt 1 damage to Ryusei-Go (Graze Custom Ⅱ), leaving 1 HP remaining

Ryusei-Go (Graze Custom Ⅱ): Draw a card

Selecting target for Ryusei-Go (Graze Custom Ⅱ)

Gundam Barbatos 5th Form (Ground Type) discarded

Turn end phase started

SaintAbbel

Passed

Kiraya

Passed

Turn ended!

Turn 6 started!

SaintAbbel

Strike Rouge (Ootori) deployed

Turn end phase started

Kiraya

Passed

SaintAbbel

Passed

Turn ended!

Turn 7 started!

Battle initiated

Kiraya

Battle declared: Ryusei-Go (Graze Custom Ⅱ) against Enemy Player

SaintAbbel

Assigned Rick Dias to block

Action step

SaintAbbel

Passed

Kiraya

Passed

Battle started: Ryusei-Go (Graze Custom Ⅱ) against Rick Dias

SaintAbbel

Rick Dias received 2 damage, leaving 1 HP remaining

Kiraya

Ryusei-Go (Graze Custom Ⅱ) received 3 damage, now destroyed

Battle ended

Battle initiated

Kiraya

Battle declared: Gundam Exia Repair against Enemy Player

SaintAbbel

Assigned no blocker

Action step

SaintAbbel

Passed

Kiraya

Passed

Battle started: Gundam Exia Repair against Enemy Shield

SaintAbbel

Shield card: Full Armor Unicorn Gundam (Unicorn Mode) revealed and discarded

Battle ended

Battle initiated

Kiraya

Battle declared: Gundam Exia Repair against Enemy Player

SaintAbbel

Assigned no blocker

Action step

SaintAbbel

Passed

Kiraya

Passed

Battle started: Gundam Exia Repair against Enemy Shield

SaintAbbel

Shield card: Unicorn Gundam (Destroy Mode) revealed and discarded

Battle ended

Kiraya

Gundam Barbatos Adapt deployed

Selecting target for Gundam Barbatos Adapt

Gundam Barbatos Adapt: Dealt 1 damage to: Gundam Barbatos Adapt and Rick Dias

Gundam Barbatos Adapt deployed

Selecting target for Gundam Barbatos Adapt

Gundam Barbatos Adapt: Dealt 1 damage to: Gundam Barbatos Adapt and Strike Rouge (Ootori)

Turn end phase started

SaintAbbel

Passed

Kiraya

Passed

Turn ended!

Turn 8 started!

SaintAbbel

Perfect Strike Gundam deployed

Selecting target for Perfect Strike Gundam

Kiraya

Gundam Exia Repair returned to hand

Turn end phase started

Kiraya

Passed

SaintAbbel

Passed

Turn ended!

Turn 9 started!

Kiraya

Played action: Become a Shield

Selecting target for Become a Shield

Become a Shield: Dealt 1 damage to: Gundam Barbatos Adapt and Strike Rouge (Ootori)

Gundam Gusion Rebake deployed

Selecting target for Gundam Gusion Rebake

Gundam Gusion Rebake: Dealt 1 damage to: Gundam Gusion Rebake and Strike Rouge (Ootori)

Battle initiated

Kiraya

Battle declared: Gundam Barbatos Adapt against Enemy Player

SaintAbbel

Assigned no blocker

Action step

SaintAbbel

Passed

Kiraya

Passed

Battle started: Gundam Barbatos Adapt against Enemy Shield

SaintAbbel

Shield card: Banagher Links revealed

Shield card added to hand: Banagher Links

Battle ended

Battle initiated

Kiraya

Battle declared: Gundam Barbatos Adapt against Enemy Player

SaintAbbel

Assigned Strike Rouge (Ootori) to block

Action step

SaintAbbel

Passed

Kiraya

Passed

Battle started: Gundam Barbatos Adapt against Strike Rouge (Ootori)

SaintAbbel

Strike Rouge (Ootori) received 2 damage, now destroyed

Kiraya

Gundam Barbatos Adapt received 3 damage, now destroyed

Battle ended

Battle initiated

Kiraya

Battle declared: Gundam Exia Repair against Enemy Player

SaintAbbel

Assigned Perfect Strike Gundam to block

Action step

SaintAbbel

Passed

Kiraya

Passed

Battle started: Gundam Exia Repair against Perfect Strike Gundam

SaintAbbel

Perfect Strike Gundam received 2 damage, leaving 2 HP remaining

Kiraya

Gundam Exia Repair received 4 damage, now destroyed

Gundam Exia Repair milled 2: Isaribi and Graze Custom moved to trash

Battle ended

Turn end phase started

SaintAbbel

Passed

Kiraya

Passed

Turn ended!

Turn 10 started!

SaintAbbel

Played command: A Show of Resolve

A Show of Resolve: Draw 2 cards

Rick Dias deployed

Turn end phase started

Kiraya

Passed

SaintAbbel

Passed

Turn ended!

Turn 11 started!

Kiraya

Gundam Barbatos 1st Form deployed

Linked pilot: Mikazuki Augus on unit Gundam Barbatos 1st Form

Selecting target for Mikazuki Augus

Mikazuki Augus: Dealt 1 damage to: Gundam Barbatos 1st Form and Perfect Strike Gundam

Gundam Exia Repair deployed

Paired pilot: Mikazuki Augus on unit Gundam Gusion Rebake

Selecting target for Mikazuki Augus

Mikazuki Augus: Dealt 1 damage to: Gundam Gusion Rebake and Perfect Strike Gundam

Battle initiated

Kiraya

Battle declared: Gundam Gusion Rebake against Enemy Player

SaintAbbel

Assigned no blocker

Action step

SaintAbbel

Played action: Exclusively Defense-Oriented Policy

Kiraya

Gundam Exia Repair returned to hand

Passed

SaintAbbel

Passed

Kiraya

Battle started: Gundam Gusion Rebake against Enemy Shield

SaintAbbel

Shield card: Argama revealed

Played base: Argama

Shield card added to hand

Battle ended

Battle initiated

Kiraya

Battle declared: Gundam Barbatos 1st Form against Enemy Player

Gundam Barbatos 1st Form: Draw a card

SaintAbbel

Assigned Rick Dias to block

Action step

SaintAbbel

Passed

Kiraya

Passed

Battle started: Gundam Barbatos 1st Form against Rick Dias

SaintAbbel

Rick Dias received 5 damage, now destroyed

Kiraya

Gundam Barbatos 1st Form received 3 damage, now destroyed

Battle ended

Kiraya

Gundam Exia Repair deployed

Battle initiated

Kiraya

Battle declared: Gundam Barbatos Adapt against Enemy Player

SaintAbbel

No blockers available

Action step

SaintAbbel

Passed

Kiraya

Passed

Battle started: Gundam Barbatos Adapt against Argama

SaintAbbel

Argama received 2 damage, leaving 3 HP remaining

Battle ended

Turn end phase started

SaintAbbel

Passed

Kiraya

Passed

Turn ended!

Turn 12 started!

SaintAbbel

Perfect Strike Gundam deployed

Selecting target for Perfect Strike Gundam

Kiraya

Gundam Exia Repair returned to hand

SaintAbbel

Played command: A Show of Resolve

A Show of Resolve: Draw 2 cards

Turn end phase started

Kiraya

Passed

SaintAbbel

Passed

Turn ended!

Turn 13 started!

Kiraya

Gundam Barbatos 1st Form deployed

Linked pilot: Mikazuki Augus on unit Gundam Barbatos 1st Form

Selecting target for Mikazuki Augus

Mikazuki Augus: Dealt 1 damage to: Gundam Barbatos 1st Form and Perfect Strike Gundam

Battle initiated

Kiraya

Battle declared: Gundam Barbatos 1st Form against Enemy Player

Gundam Barbatos 1st Form: Draw a card

SaintAbbel

Assigned Perfect Strike Gundam to block

Action step

SaintAbbel

Passed

Kiraya

Passed

Battle started: Gundam Barbatos 1st Form against Perfect Strike Gundam

SaintAbbel

Perfect Strike Gundam received 5 damage, now destroyed

Kiraya

Gundam Barbatos 1st Form received 4 damage, now destroyed

Battle ended

Battle initiated

Kiraya

Battle declared: Gundam Gusion Rebake against Enemy Player

SaintAbbel

No blockers available

Action step

SaintAbbel

Passed

Kiraya

Passed

Battle started: Gundam Gusion Rebake against Argama

SaintAbbel

Argama received 5 damage, now destroyed

Battle ended

Kiraya

Shiden Custom (Ryusei-Go) deployed

Gundam Exia Repair deployed

Battle initiated

Kiraya

Battle declared: Gundam Barbatos Adapt against Enemy Player

SaintAbbel

No blockers available

Action step

SaintAbbel

Passed

Kiraya

Passed

Battle started: Gundam Barbatos Adapt against Enemy Shield

SaintAbbel

Shield card: Full Armor Unicorn Gundam (Destroy Mode) revealed and discarded

Battle ended

Turn end phase started

SaintAbbel

Passed

Kiraya

Passed

Turn ended!

Turn 14 started!

Kiraya

Winner!

Game ended!