Mobile Suit Arena - Battle logs
Game started!

Kiraya

Choose to play first

Choose to mulligan starting hand

peachique

Choose to mulligan starting hand

Turn 1 started!

Turn end phase started

peachique

Passed

Kiraya

Passed

Turn ended!

Turn 2 started!

Turn end phase started

Kiraya

Passed

peachique

Passed

Turn ended!

Turn 3 started!

Kiraya

Graze Custom deployed

Turn end phase started

peachique

Passed

Kiraya

Passed

Turn ended!

Turn 4 started!

peachique

ReZEL deployed

Turn end phase started

Kiraya

Passed

peachique

Passed

Turn ended!

Turn 5 started!

Battle initiated

Kiraya

Battle declared: Graze Custom against Enemy Player

peachique

No blockers available

Action step

peachique

Passed

Kiraya

Passed

Battle started: Graze Custom against EX Base

peachique

EX Base received 2 damage, leaving 1 HP remaining

Battle ended

Kiraya

Hyakuren deployed

Turn end phase started

peachique

Passed

Kiraya

Passed

Turn ended!

Turn 6 started!

peachique

Kayra's Jegan deployed

Selecting target for Kayra's Jegan

Kayra's Jegan: Modifier applied to: Kayra's Jegan

Linked pilot: Kayra Su on unit Kayra's Jegan

Battle initiated

peachique

Battle declared: Kayra's Jegan against Hyakuren

Kiraya

No blockers available

Action step

Kiraya

Passed

peachique

Passed

Battle started: Kayra's Jegan against Hyakuren

Kiraya

Hyakuren received 3 damage, now destroyed

peachique

Kayra's Jegan received 4 damage, now destroyed

Battle ended

Battle initiated

peachique

Battle declared: ReZEL against Enemy Player

Kiraya

No blockers available

Action step

Kiraya

Passed

peachique

Passed

Battle started: ReZEL against EX Base

Kiraya

EX Base received 4 damage, now destroyed

Battle ended

Turn end phase started

Kiraya

Passed

peachique

Passed

Turn ended!

Turn 7 started!

Kiraya

Gundam Barbatos 1st Form deployed

Linked pilot: Mikazuki Augus on unit Gundam Barbatos 1st Form

Selecting target for Mikazuki Augus

Mikazuki Augus: Dealt 1 damage to: Graze Custom and ReZEL

Battle initiated

Kiraya

Battle declared: Graze Custom against ReZEL

peachique

No blockers available

Action step

peachique

Passed

Kiraya

Passed

Battle started: Graze Custom against ReZEL

peachique

ReZEL received 2 damage, now destroyed

Kiraya

Graze Custom received 4 damage, now destroyed

Battle ended

Battle initiated

Kiraya

Battle declared: Gundam Barbatos 1st Form against Enemy Player

peachique

No blockers available

Action step

peachique

Passed

Kiraya

Passed

Battle started: Gundam Barbatos 1st Form against EX Base

peachique

EX Base received 5 damage, now destroyed

Battle ended

Kiraya

Graze Custom deployed

Turn end phase started

peachique

Passed

Kiraya

Passed

Turn ended!

Turn 8 started!

peachique

Nu Gundam deployed

Placed 1 Resource EX

Linked pilot: Amuro Ray on unit Nu Gundam

Selecting target for Amuro Ray

Rested unit: Graze Custom

Battle initiated

peachique

Battle declared: Nu Gundam against Graze Custom

Kiraya

No blockers available

Action step

Kiraya

Passed

peachique

Passed

Battle started: Nu Gundam against Graze Custom

Kiraya

Graze Custom received 6 damage, now destroyed

peachique

Nu Gundam received 2 damage, leaving 3 HP remaining

Kiraya

Breach 3 Shield card: Mikazuki Augus revealed

Shield card added to hand: Mikazuki Augus

Battle ended

Turn end phase started

Kiraya

Passed

peachique

Passed

Turn ended!

Turn 9 started!

Kiraya

Hyakuren deployed

Ryusei-Go (Graze Custom Ⅱ) deployed

Selecting target for Ryusei-Go (Graze Custom Ⅱ)

Ryusei-Go (Graze Custom Ⅱ): Dealt 1 damage to Gundam Barbatos 1st Form, leaving 2 HP remaining

Ryusei-Go (Graze Custom Ⅱ): Draw a card

Selecting target for Ryusei-Go (Graze Custom Ⅱ)

Gundam Barbatos 5th Form (Ground Type) discarded

Battle initiated

Kiraya

Battle declared: Gundam Barbatos 1st Form against Enemy Player

Gundam Barbatos 1st Form: Draw a card

peachique

No blockers available

Action step

peachique

Passed

Kiraya

Passed

Battle started: Gundam Barbatos 1st Form against Enemy Shield

peachique

Shield card: Gundam revealed and discarded

Battle ended

Kiraya

Graze Custom deployed

Turn end phase started

peachique

Passed

Kiraya

Passed

Turn ended!

Turn 10 started!

peachique

Played command: A Show of Resolve

A Show of Resolve: Draw 2 cards

Played base: Davao

Shield card added to hand

Battle initiated

peachique

Battle declared: Nu Gundam against Gundam Barbatos 1st Form

Kiraya

No blockers available

Action step

Kiraya

Passed

peachique

Passed

Battle started: Nu Gundam against Gundam Barbatos 1st Form

Kiraya

Gundam Barbatos 1st Form received 6 damage, now destroyed

peachique

Nu Gundam received 5 damage, now destroyed

Kiraya

Breach 3 Shield card: Graze Custom revealed and discarded

Battle ended

Turn end phase started

Kiraya

Passed

peachique

Passed

Turn ended!

Turn 11 started!

Kiraya

Gundam Flauros (Ryusei-Go) deployed

No targets for Gundam Flauros (Ryusei-Go)

Linked pilot: Mikazuki Augus on unit Gundam Flauros (Ryusei-Go)

Battle initiated

Kiraya

Battle declared: Gundam Flauros (Ryusei-Go) against Enemy Player

No targets for Gundam Flauros (Ryusei-Go)

peachique

No blockers available

Action step

peachique

Passed

Kiraya

Passed

Battle started: Gundam Flauros (Ryusei-Go) against Davao

peachique

Davao received 7 damage, now destroyed

Battle ended

Battle initiated

Kiraya

Battle declared: Graze Custom against Enemy Player

peachique

No blockers available

Action step

peachique

Passed

Kiraya

Passed

Battle started: Graze Custom against Enemy Shield

peachique

Shield card: Nu Gundam revealed and discarded

Battle ended

Battle initiated

Kiraya

Battle declared: Ryusei-Go (Graze Custom Ⅱ) against Enemy Player

peachique

No blockers available

Action step

peachique

Passed

Kiraya

Passed

Battle started: Ryusei-Go (Graze Custom Ⅱ) against Enemy Shield

peachique

Shield card: Gundam revealed and discarded

Battle ended

Battle initiated

Kiraya

Battle declared: Hyakuren against Enemy Player

peachique

No blockers available

Action step

peachique

Passed

Kiraya

Passed

Battle started: Hyakuren against Enemy Shield

peachique

Shield card: A Show of Resolve revealed and discarded

Battle ended

Turn end phase started

peachique

Passed

Kiraya

Passed

Turn ended!

Turn 12 started!

peachique

Played base: Davao

Shield card added to hand

Nu Gundam deployed

Linked pilot: Amuro Ray on unit Nu Gundam

Selecting target for Nu Gundam

Kayra Su, Kayra's Jegan and Nu Gundam exiled from the game

Selecting target for Nu Gundam

Battle started: Nu Gundam against Hyakuren

Kiraya

Hyakuren received 7 damage, now destroyed

peachique

Nu Gundam received 4 damage, leaving 3 HP remaining

Kiraya

Breach 5 Shield card: Become a Shield revealed and discarded

peachique

Healed 2 damage to: Nu Gundam

Battle ended

Battle initiated

peachique

Battle declared: Nu Gundam against Gundam Flauros (Ryusei-Go)

Kiraya

No blockers available

Action step

Kiraya

Passed

peachique

Passed

Battle started: Nu Gundam against Gundam Flauros (Ryusei-Go)

Kiraya

Gundam Flauros (Ryusei-Go) received 7 damage, now destroyed

peachique

Nu Gundam received 7 damage, now destroyed

Kiraya

Breach 5 Shield card: Shiden Custom (Ryusei-Go) revealed and discarded

peachique

Healed 2 damage to: Nu Gundam

Battle ended

Turn end phase started

Kiraya

Passed

peachique

Passed

Turn ended!

Turn 13 started!

Kiraya

Gundam Barbatos Adapt deployed

No targets for Gundam Barbatos Adapt

Linked pilot: Mikazuki Augus on unit Gundam Barbatos Adapt

Battle initiated

Kiraya

Battle declared: Gundam Barbatos Adapt against Enemy Player

peachique

No blockers available

Action step

peachique

Passed

Kiraya

Passed

Battle started: Gundam Barbatos Adapt against Davao

peachique

Davao received 4 damage, leaving 1 HP remaining

Battle ended

Battle initiated

Kiraya

Battle declared: Graze Custom against Enemy Player

peachique

No blockers available

Action step

peachique

Passed

Kiraya

Passed

Battle started: Graze Custom against Davao

peachique

Davao received 2 damage, now destroyed

Battle ended

Battle initiated

Kiraya

Battle declared: Ryusei-Go (Graze Custom Ⅱ) against Enemy Player

peachique

No blockers available

Action step

peachique

Passed

Kiraya

Passed

Battle started: Ryusei-Go (Graze Custom Ⅱ) against Enemy Player

peachique

No more shields available, game is over!

Kiraya

Winner!

Game ended!