Mobile Suit Arena - Battle logs
Game started!

Kiraya

Choose to play first

Choose to mulligan starting hand

miii

Choose to keep starting hand

Turn 1 started!

Turn end phase started

miii

Passed

Kiraya

Passed

Turn ended!

Turn 2 started!

miii

Jegan deployed

Turn end phase started

Kiraya

Passed

miii

Passed

Turn ended!

Turn 3 started!

Turn end phase started

miii

Passed

Kiraya

Passed

Turn ended!

Turn 4 started!

miii

Kayra's Re-GZ deployed

Selecting target for Kayra's Re-GZ

Turn end phase started

Kiraya

Passed

miii

Passed

Turn ended!

Turn 5 started!

Kiraya

Hyakuren deployed

Replaced EX Base base: Isaribi

Shield card added to hand

Turn end phase started

miii

Passed

Kiraya

Passed

Turn ended!

Turn 6 started!

Battle initiated

miii

Battle declared: Kayra's Re-GZ against Enemy Player

Kiraya

No blockers available

Action step

Kiraya

Passed

miii

Passed

Battle started: Kayra's Re-GZ against Isaribi

Kiraya

Isaribi received 3 damage, leaving 2 HP remaining

Battle ended

Battle initiated

miii

Battle declared: Jegan against Enemy Player

Kiraya

No blockers available

Action step

Kiraya

Passed

miii

Passed

Battle started: Jegan against Isaribi

Kiraya

Isaribi received 2 damage, now destroyed

Battle ended

miii

Re-GZ deployed

Turn end phase started

Kiraya

Passed

miii

Passed

Turn ended!

Turn 7 started!

Kiraya

Gundam Barbatos 1st Form deployed

Ryusei-Go (Graze Custom Ⅱ) deployed

Selecting target for Ryusei-Go (Graze Custom Ⅱ)

Ryusei-Go (Graze Custom Ⅱ): Dealt 1 damage to Gundam Barbatos 1st Form, leaving 1 HP remaining

Ryusei-Go (Graze Custom Ⅱ): Draw a card

Selecting target for Ryusei-Go (Graze Custom Ⅱ)

Gundam Barbatos 2nd Form discarded

Battle initiated

Kiraya

Battle declared: Hyakuren against Jegan

miii

No blockers available

Action step

miii

Passed

Kiraya

Passed

Battle started: Hyakuren against Jegan

miii

Jegan received 4 damage, now destroyed

Kiraya

Hyakuren received 2 damage, leaving 1 HP remaining

Battle ended

Turn end phase started

miii

Passed

Kiraya

Passed

Turn ended!

Turn 8 started!

Battle initiated

miii

Battle declared: Re-GZ against Hyakuren

Kiraya

No blockers available

Action step

Kiraya

Passed

miii

Passed

Battle started: Re-GZ against Hyakuren

Kiraya

Hyakuren received 4 damage, now destroyed

miii

Re-GZ received 4 damage, now destroyed

Selecting target for Re-GZ

Card added to hand: Nu Gundam

Battle ended

miii

Nu Gundam deployed

Placed 1 Resource EX

Battle initiated

miii

Battle declared: Kayra's Re-GZ against Enemy Player

Kiraya

No blockers available

Action step

Kiraya

Passed

miii

Passed

Battle started: Kayra's Re-GZ against Enemy Shield

Kiraya

Shield card: Graze Custom revealed and discarded

Battle ended

Turn end phase started

Kiraya

Passed

miii

Passed

Turn ended!

Turn 9 started!

Battle initiated

Kiraya

Battle declared: Gundam Barbatos 1st Form against Enemy Player

Gundam Barbatos 1st Form: Draw a card

miii

No blockers available

Action step

miii

Passed

Kiraya

Passed

Battle started: Gundam Barbatos 1st Form against EX Base

miii

EX Base received 3 damage, now destroyed

Battle ended

Kiraya

Gundam Barbatos Adapt deployed

Selecting target for Gundam Barbatos Adapt

Gundam Barbatos Adapt: Dealt 1 damage to: Gundam Barbatos Adapt and Kayra's Re-GZ

Battle initiated

Kiraya

Battle declared: Ryusei-Go (Graze Custom Ⅱ) against Kayra's Re-GZ

miii

No blockers available

Action step

miii

Passed

Kiraya

Passed

Battle started: Ryusei-Go (Graze Custom Ⅱ) against Kayra's Re-GZ

miii

Kayra's Re-GZ received 2 damage, now destroyed

Kiraya

Ryusei-Go (Graze Custom Ⅱ) received 3 damage, now destroyed

Battle ended

Kiraya

Linked pilot: Mikazuki Augus on unit Gundam Barbatos Adapt

Selecting target for Mikazuki Augus

Mikazuki Augus: Dealt 1 damage to: Gundam Barbatos Adapt and Nu Gundam

Battle initiated

Kiraya

Battle declared: Gundam Barbatos Adapt against Enemy Player

miii

No blockers available

Action step

miii

Passed

Kiraya

Passed

Battle started: Gundam Barbatos Adapt against Enemy Shield

miii

Shield card: Guntank revealed and discarded

Battle ended

Kiraya

Graze Custom deployed

Gundam Exia Repair deployed

Turn end phase started

miii

Passed

Kiraya

Passed

Turn ended!

Turn 10 started!

Battle initiated

miii

Battle declared: Nu Gundam against Gundam Barbatos Adapt

Kiraya

No blockers available

Action step

Kiraya

Passed

miii

Passed

Battle started: Nu Gundam against Gundam Barbatos Adapt

Kiraya

Gundam Barbatos Adapt received 4 damage, now destroyed

miii

Nu Gundam received 4 damage, now destroyed

Battle ended

miii

Played base: Corsica Base

Shield card added to hand

Tallgeese deployed

Rick Dom deployed

Turn end phase started

Kiraya

Passed

miii

Passed

Turn ended!

Turn 11 started!

Kiraya

Played base: Isaribi

Shield card added to hand

Activated: Isaribi

Rested base: Isaribi

Isaribi: Modifier applied to: Gundam Barbatos 1st Form

Battle initiated

Kiraya

Battle declared: Gundam Barbatos 1st Form against Enemy Player

Gundam Barbatos 1st Form: Draw a card

miii

No blockers available

Action step

miii

Passed

Kiraya

Passed

Battle started: Gundam Barbatos 1st Form against Corsica Base

miii

Corsica Base received 5 damage, now destroyed

Battle ended

Battle initiated

Kiraya

Battle declared: Graze Custom against Enemy Player

miii

No blockers available

Action step

miii

Passed

Kiraya

Passed

Battle started: Graze Custom against Enemy Shield

miii

Shield card: Re-GZ revealed and discarded

Battle ended

Battle initiated

Kiraya

Battle declared: Gundam Exia Repair against Enemy Player

miii

No blockers available

Action step

miii

Passed

Kiraya

Passed

Battle started: Gundam Exia Repair against Enemy Shield

miii

Shield card: Gundam revealed and discarded

Battle ended

Kiraya

Hyakuren deployed

Hyakuren deployed

Turn end phase started

miii

Passed

Kiraya

Passed

Turn ended!

Turn 12 started!

miii

Nu Gundam deployed

Linked pilot: Amuro Ray on unit Nu Gundam

Selecting target for Amuro Ray

Rested unit: Hyakuren

Selecting target for Nu Gundam

Jegan, Re-GZ and Kayra's Re-GZ exiled from the game

Selecting target for Nu Gundam

Battle started: Nu Gundam against Gundam Exia Repair

Kiraya

Gundam Exia Repair received 7 damage, now destroyed

miii

Nu Gundam received 2 damage, leaving 4 HP remaining

Kiraya

Breach 5: : Isaribi received 5 damage, now destroyed

Gundam Exia Repair milled 2: Gundam Barbatos Adapt and Gundam Barbatos 1st Form moved to trash

Battle ended

Battle initiated

miii

Battle declared: Nu Gundam against Graze Custom

Kiraya

No blockers available

Action step

Kiraya

Passed

miii

Passed

Battle started: Nu Gundam against Graze Custom

Kiraya

Graze Custom received 7 damage, now destroyed

miii

Nu Gundam received 2 damage, leaving 2 HP remaining

Kiraya

Breach 5 Shield card: Isaribi revealed

Played base: Isaribi

Shield card added to hand

Battle ended

Battle initiated

miii

Battle declared: Tallgeese against Enemy Player

Kiraya

No blockers available

Action step

Kiraya

Passed

miii

Passed

Battle started: Tallgeese against Isaribi

Kiraya

Isaribi received 4 damage, leaving 1 HP remaining

Battle ended

Battle initiated

miii

Battle declared: Rick Dom against Gundam Barbatos 1st Form

Kiraya

No blockers available

Action step

Kiraya

Passed

miii

Passed

Battle started: Rick Dom against Gundam Barbatos 1st Form

Kiraya

Gundam Barbatos 1st Form received 3 damage, now destroyed

miii

Rick Dom received 3 damage, now destroyed

Kiraya

Breach 2: : Isaribi received 2 damage, now destroyed

Battle ended

miii

Rick Dom deployed

Turn end phase started

Kiraya

Passed

miii

Passed

Turn ended!

Turn 13 started!

Battle initiated

Kiraya

Battle declared: Hyakuren against Enemy Player

miii

No blockers available

Action step

miii

Passed

Kiraya

Passed

Battle started: Hyakuren against Enemy Shield

miii

Shield card: Gundam NT-1 revealed and discarded

Battle ended

Battle initiated

Kiraya

Battle declared: Hyakuren against Enemy Player

miii

No blockers available

Action step

miii

Passed

Kiraya

Passed

Battle started: Hyakuren against Enemy Shield

miii

Shield card: Jegan revealed and discarded

Battle ended

Kiraya

Gundam Barbatos Lupus Rex deployed

Linked pilot: Mikazuki Augus on unit Gundam Barbatos Lupus Rex

Selecting target for Mikazuki Augus

Mikazuki Augus: Dealt 1 damage to: Gundam Barbatos Lupus Rex and Nu Gundam

Battle initiated

Kiraya

Battle declared: Gundam Barbatos Lupus Rex against Enemy Player

miii

No blockers available

Action step

miii

Passed

Kiraya

Passed

Battle started: Gundam Barbatos Lupus Rex against Enemy Player

miii

No more shields available, game is over!

Kiraya

Winner!

Game ended!