Mobile Suit Arena - Battle logs
Game started!

Sakurah

Choose to play second

Kiraya

Choose to mulligan starting hand

Sakurah

Choose to mulligan starting hand

Turn 1 started!

Turn end phase started

Sakurah

Passed

Kiraya

Passed

Turn ended!

Turn 2 started!

Sakurah

Jegan deployed

Turn end phase started

Kiraya

Passed

Sakurah

Passed

Turn ended!

Turn 3 started!

Kiraya

Gundam Exia Repair deployed

Turn end phase started

Sakurah

Passed

Kiraya

Passed

Turn ended!

Turn 4 started!

Battle initiated

Sakurah

Battle declared: Jegan against Enemy Player

Kiraya

No blockers available

Action step

Kiraya

Passed

Sakurah

Passed

Battle started: Jegan against EX Base

Kiraya

EX Base received 2 damage, leaving 1 HP remaining

Battle ended

Sakurah

Gundam AGE-1 Normal deployed

Selecting target for Gundam AGE-1 Normal

Gundam AGE-2 Normal discarded

Placed 1 Resource EX

Turn end phase started

Kiraya

Passed

Sakurah

Passed

Turn ended!

Turn 5 started!

Battle initiated

Kiraya

Battle declared: Gundam Exia Repair against Enemy Player

Sakurah

No blockers available

Action step

Sakurah

Passed

Kiraya

Passed

Battle started: Gundam Exia Repair against EX Base

Sakurah

EX Base received 2 damage, leaving 1 HP remaining

Battle ended

Kiraya

Hyakuren deployed

Turn end phase started

Sakurah

Passed

Kiraya

Passed

Turn ended!

Turn 6 started!

Sakurah

Gundam AGE-1 Normal deployed

Selecting target for Gundam AGE-1 Normal

Linked pilot: Asemu Asuno on unit Gundam AGE-1 Normal

Battle initiated

Sakurah

Battle declared: Gundam AGE-1 Normal against Gundam Exia Repair

Kiraya

No blockers available

Action step

Kiraya

Passed

Sakurah

Passed

Battle started: Gundam AGE-1 Normal against Gundam Exia Repair

Kiraya

Gundam Exia Repair received 5 damage, now destroyed

Sakurah

Gundam AGE-1 Normal received 2 damage, leaving 1 HP remaining

Kiraya

Breach 1: : EX Base received 1 damage, now destroyed

Gundam Exia Repair milled 2: Gundam Barbatos Lupus and Ryusei-Go (Graze Custom Ⅱ) moved to trash

Battle ended

Battle initiated

Sakurah

Battle declared: Gundam AGE-1 Normal against Enemy Player

Kiraya

No blockers available

Action step

Kiraya

Passed

Sakurah

Passed

Battle started: Gundam AGE-1 Normal against Enemy Shield

Kiraya

Shield card: Gundam Barbatos 2nd Form revealed and discarded

Battle ended

Battle initiated

Sakurah

Battle declared: Jegan against Enemy Player

Kiraya

No blockers available

Action step

Kiraya

Passed

Sakurah

Passed

Battle started: Jegan against Enemy Shield

Kiraya

Shield card: Gundam Gusion Rebake revealed and discarded

Battle ended

Turn end phase started

Kiraya

Passed

Sakurah

Passed

Turn ended!

Turn 7 started!

Kiraya

Gundam Barbatos 1st Form deployed

Gundam Barbatos Adapt deployed

Selecting target for Gundam Barbatos Adapt

Gundam Barbatos Adapt: Dealt 1 damage to: Gundam Barbatos 1st Form and Gundam AGE-1 Normal

Battle initiated

Kiraya

Battle declared: Hyakuren against Gundam AGE-1 Normal

Sakurah

No blockers available

Action step

Sakurah

Passed

Kiraya

Passed

Battle started: Hyakuren against Gundam AGE-1 Normal

Sakurah

Gundam AGE-1 Normal received 4 damage, now destroyed

Kiraya

Hyakuren received 2 damage, leaving 1 HP remaining

Battle ended

Turn end phase started

Sakurah

Passed

Kiraya

Passed

Turn ended!

Turn 8 started!

Battle initiated

Sakurah

Battle declared: Jegan against Enemy Player

Kiraya

No blockers available

Action step

Kiraya

Passed

Sakurah

Passed

Battle started: Jegan against Enemy Shield

Kiraya

Shield card: Graze Custom revealed and discarded

Battle ended

Sakurah

Re-GZ deployed

Turn end phase started

Kiraya

Passed

Sakurah

Passed

Turn ended!

Turn 9 started!

Battle initiated

Kiraya

Battle declared: Gundam Barbatos 1st Form against Enemy Player

Gundam Barbatos 1st Form: Draw a card

Sakurah

No blockers available

Action step

Sakurah

Passed

Kiraya

Passed

Battle started: Gundam Barbatos 1st Form against EX Base

Sakurah

EX Base received 3 damage, now destroyed

Battle ended

Kiraya

Played base: Isaribi

Shield card added to hand

Gundam Barbatos 1st Form deployed

Linked pilot: Mikazuki Augus on unit Gundam Barbatos 1st Form

Selecting target for Mikazuki Augus

Mikazuki Augus: Dealt 1 damage to: Gundam Barbatos 1st Form and Re-GZ

Battle initiated

Kiraya

Battle declared: Gundam Barbatos Adapt against Jegan

Sakurah

No blockers available

Action step

Sakurah

Passed

Kiraya

Passed

Battle started: Gundam Barbatos Adapt against Jegan

Sakurah

Jegan received 2 damage, now destroyed

Kiraya

Gundam Barbatos Adapt received 2 damage, leaving 2 HP remaining

Battle ended

Kiraya

Played action: Become a Shield

Selecting target for Become a Shield

Become a Shield: Dealt 1 damage to: Gundam Barbatos Adapt and Re-GZ

Sakurah

Selecting target for Re-GZ

Card added to hand: Jegan

Battle initiated

Kiraya

Battle declared: Hyakuren against Enemy Player

Sakurah

No blockers available

Action step

Sakurah

Passed

Kiraya

Passed

Battle started: Hyakuren against Enemy Shield

Sakurah

Shield card: Amuro Ray revealed

Shield card added to hand: Amuro Ray

Battle ended

Battle initiated

Kiraya

Battle declared: Gundam Barbatos 1st Form against Enemy Player

Gundam Barbatos 1st Form: Draw a card

Sakurah

No blockers available

Action step

Sakurah

Passed

Kiraya

Passed

Battle started: Gundam Barbatos 1st Form against Enemy Shield

Sakurah

Shield card: Amuro Ray revealed

Shield card added to hand: Amuro Ray

Battle ended

Turn end phase started

Sakurah

Passed

Kiraya

Passed

Turn ended!

Turn 10 started!

Sakurah

Nu Gundam deployed

Linked pilot: Amuro Ray on unit Nu Gundam

Battle initiated

Sakurah

Battle declared: Nu Gundam against Hyakuren

Kiraya

No blockers available

Action step

Kiraya

Passed

Sakurah

Passed

Battle started: Nu Gundam against Hyakuren

Kiraya

Hyakuren received 7 damage, now destroyed

Sakurah

Nu Gundam received 4 damage, leaving 3 HP remaining

Kiraya

Breach 5: : Isaribi received 5 damage, now destroyed

Sakurah

Healed 2 damage to: Nu Gundam

Battle ended

Sakurah

Played base: Ra Cailum

Shield card added to hand

Turn end phase started

Kiraya

Passed

Sakurah

Passed

Turn ended!

Turn 11 started!

Battle initiated

Kiraya

Battle declared: Gundam Barbatos 1st Form against Nu Gundam

Gundam Barbatos 1st Form: Draw a card

Sakurah

No blockers available

Action step

Sakurah

Passed

Kiraya

Passed

Battle started: Gundam Barbatos 1st Form against Nu Gundam

Sakurah

Nu Gundam received 5 damage, now destroyed

Kiraya

Gundam Barbatos 1st Form received 7 damage, now destroyed

Battle ended

Kiraya

Played base: Isaribi

Shield card added to hand

Battle initiated

Kiraya

Battle declared: Gundam Barbatos 1st Form against Enemy Player

Gundam Barbatos 1st Form: Draw a card

Sakurah

No blockers available

Action step

Sakurah

Passed

Kiraya

Passed

Battle started: Gundam Barbatos 1st Form against Ra Cailum

Sakurah

Ra Cailum received 3 damage, leaving 2 HP remaining

Battle ended

Battle initiated

Kiraya

Battle declared: Gundam Barbatos Adapt against Enemy Player

Sakurah

No blockers available

Action step

Sakurah

Passed

Kiraya

Passed

Battle started: Gundam Barbatos Adapt against Ra Cailum

Sakurah

Ra Cailum received 2 damage, now destroyed

Battle ended

Kiraya

Gundam Barbatos 1st Form deployed

Ryusei-Go (Graze Custom Ⅱ) deployed

Selecting target for Ryusei-Go (Graze Custom Ⅱ)

Ryusei-Go (Graze Custom Ⅱ): Dealt 1 damage to Gundam Barbatos 1st Form, leaving 1 HP remaining

Ryusei-Go (Graze Custom Ⅱ): Draw a card

Selecting target for Ryusei-Go (Graze Custom Ⅱ)

Gundam Barbatos 5th Form (Ground Type) discarded

Linked pilot: Ride Mass on unit Ryusei-Go (Graze Custom Ⅱ)

Battle initiated

Kiraya

Battle declared: Ryusei-Go (Graze Custom Ⅱ) against Enemy Player

Sakurah

No blockers available

Action step

Sakurah

Passed

Kiraya

Passed

Battle started: Ryusei-Go (Graze Custom Ⅱ) against Enemy Shield

Sakurah

Shield card: Jegan revealed and discarded

Battle ended

Turn end phase started

Sakurah

Passed

Kiraya

Passed

Turn ended!

Turn 12 started!

Sakurah

Nu Gundam deployed

Placed 1 Resource EX

Linked pilot: Amuro Ray on unit Nu Gundam

Battle initiated

Sakurah

Battle declared: Nu Gundam against Gundam Barbatos Adapt

Kiraya

No blockers available

Action step

Kiraya

Passed

Sakurah

Passed

Battle started: Nu Gundam against Gundam Barbatos Adapt

Kiraya

Gundam Barbatos Adapt received 6 damage, now destroyed

Sakurah

Nu Gundam received 2 damage, leaving 4 HP remaining

Kiraya

Breach 3: : Isaribi received 3 damage, leaving 2 HP remaining

Sakurah

Healed 2 damage to: Nu Gundam

Battle ended

Sakurah

Jegan deployed

Paired pilot: Amuro Ray on unit Jegan

Selecting target for Amuro Ray

Rested unit: Gundam Barbatos 1st Form

Turn end phase started

Kiraya

Passed

Sakurah

Passed

Turn ended!

Turn 13 started!

Battle initiated

Kiraya

Battle declared: Gundam Barbatos 1st Form against Enemy Player

Gundam Barbatos 1st Form: Draw a card

Sakurah

No blockers available

Action step

Sakurah

Passed

Kiraya

Passed

Battle started: Gundam Barbatos 1st Form against Enemy Shield

Sakurah

Shield card: Nu Gundam revealed and discarded

Battle ended

Battle initiated

Kiraya

Battle declared: Ryusei-Go (Graze Custom Ⅱ) against Enemy Player

Sakurah

No blockers available

Action step

Sakurah

Passed

Kiraya

Passed

Battle started: Ryusei-Go (Graze Custom Ⅱ) against Enemy Shield

Sakurah

Shield card: Gundam AGE-2 Normal (SP Ver.) revealed and discarded

Battle ended

Battle initiated

Kiraya

Battle declared: Gundam Barbatos 1st Form against Enemy Player

Gundam Barbatos 1st Form: Draw a card

Sakurah

No blockers available

Action step

Kiraya

Winner!

Game ended!