Mobile Suit Arena - Battle logs
Game started!

112t

Choose to play second

Kiraya

Choose to keep starting hand

112t

Choose to keep starting hand

Turn 1 started!

Turn end phase started

112t

Passed

Kiraya

Passed

Turn ended!

Turn 2 started!

Turn end phase started

Kiraya

Passed

112t

Passed

Turn ended!

Turn 3 started!

Kiraya

Graze Custom deployed

Turn end phase started

112t

Passed

Kiraya

Passed

Turn ended!

Turn 4 started!

112t

Abyss Gundam deployed

Turn end phase started

Kiraya

Passed

112t

Passed

Turn ended!

Turn 5 started!

Kiraya

Hyakuren deployed

Replaced EX Base base: Isaribi

Shield card added to hand

Battle initiated

Kiraya

Battle declared: Graze Custom against Enemy Player

112t

No blockers available

Action step

112t

Passed

Kiraya

Passed

Battle started: Graze Custom against EX Base

112t

EX Base received 2 damage, leaving 1 HP remaining

Battle ended

Turn end phase started

112t

Passed

Kiraya

Passed

Turn ended!

Turn 6 started!

Battle initiated

112t

Battle declared: Abyss Gundam against Graze Custom

Kiraya

No blockers available

Action step

Kiraya

Passed

112t

Passed

Battle started: Abyss Gundam against Graze Custom

Kiraya

Graze Custom received 2 damage, now destroyed

112t

Abyss Gundam received 2 damage, leaving 2 HP remaining

Battle ended

112t

Chaos Gundam (MA Mode) deployed

Turn end phase started

Kiraya

Passed

112t

Passed

Turn ended!

Turn 7 started!

Kiraya

Gundam Barbatos Adapt deployed

Selecting target for Gundam Barbatos Adapt

Gundam Barbatos Adapt: Dealt 1 damage to: Gundam Barbatos Adapt and Abyss Gundam

Linked pilot: Mikazuki Augus on unit Gundam Barbatos Adapt

Selecting target for Mikazuki Augus

Mikazuki Augus: Dealt 1 damage to: Hyakuren and Abyss Gundam

Battle initiated

Kiraya

Battle declared: Hyakuren against Enemy Player

112t

No blockers available

Action step

112t

Passed

Kiraya

Passed

Battle started: Hyakuren against EX Base

112t

EX Base received 4 damage, now destroyed

Battle ended

Battle initiated

Kiraya

Battle declared: Gundam Barbatos Adapt against Enemy Player

112t

No blockers available

Action step

112t

Passed

Kiraya

Passed

Battle started: Gundam Barbatos Adapt against Enemy Shield

112t

Shield card: Kindhearted revealed

Kindhearted: Draw a card

Shield card: Kindhearted moved to trash

Battle ended

Turn end phase started

112t

Played action: Kindhearted

Kindhearted: Draw a card

Kiraya

Passed

112t

Passed

Kiraya

Turn ended!

Turn 8 started!

112t

Played base: Girty Lue

Shield card added to hand

Exass deployed

Linked pilot: Auel Neider on unit Exass

Selecting target for Girty Lue

Girty Lue: Modifier applied to: Gundam Barbatos Adapt

Battle initiated

112t

Battle declared: Exass against Gundam Barbatos Adapt

Kiraya

No blockers available

Action step

Kiraya

Passed

112t

Passed

Battle started: Exass against Gundam Barbatos Adapt

Kiraya

Gundam Barbatos Adapt received 5 damage, now destroyed

112t

Exass received 4 damage, now destroyed

Battle ended

Battle initiated

112t

Battle declared: Chaos Gundam (MA Mode) against Hyakuren

Kiraya

No blockers available

Action step

Kiraya

Passed

112t

Passed

Battle started: Chaos Gundam (MA Mode) against Hyakuren

Kiraya

Hyakuren received 3 damage, now destroyed

112t

Chaos Gundam (MA Mode) received 4 damage, now destroyed

Kiraya

Breach 3: : Isaribi received 3 damage, leaving 2 HP remaining

Battle ended

Turn end phase started

Kiraya

Passed

112t

Passed

Turn ended!

Turn 9 started!

Kiraya

Gundam Barbatos 2nd Form deployed

Gundam Barbatos 1st Form deployed

Linked pilot: Mikazuki Augus on unit Gundam Barbatos 1st Form

Battle initiated

Kiraya

Battle declared: Gundam Barbatos 1st Form against Enemy Player

112t

No blockers available

Action step

112t

Passed

Kiraya

Passed

Battle started: Gundam Barbatos 1st Form against Girty Lue

112t

Girty Lue received 5 damage, now destroyed

Battle ended

Turn end phase started

112t

Passed

Kiraya

Passed

Turn ended!

Turn 10 started!

112t

Gaia Gundam deployed

Gaia Gundam deployed

Turn end phase started

Kiraya

Passed

112t

Passed

Turn ended!

Turn 11 started!

Kiraya

Shiden Custom (Ryusei-Go) deployed

Gundam Barbatos 1st Form deployed

Played action: Become a Shield

Selecting target for Become a Shield

Become a Shield: Dealt 1 damage to: Gundam Barbatos 1st Form and Gaia Gundam

Battle initiated

Kiraya

Battle declared: Gundam Barbatos 1st Form against Enemy Player

Gundam Barbatos 1st Form: Draw a card

112t

No blockers available

Action step

112t

Passed

Kiraya

Passed

Battle started: Gundam Barbatos 1st Form against Enemy Shield

112t

Shield card: Destroy Gundam revealed and discarded

Battle ended

Battle initiated

Kiraya

Battle declared: Gundam Barbatos 2nd Form against Enemy Player

112t

No blockers available

Action step

112t

Passed

Kiraya

Passed

Battle started: Gundam Barbatos 2nd Form against Enemy Shield

112t

Shield card: Gaia Gundam (MA Mode) revealed and discarded

Battle ended

Turn end phase started

112t

Played action: Kindhearted

Kindhearted: Draw a card

Kiraya

Passed

112t

Passed

Kiraya

Turn ended!

Turn 12 started!

112t

Linked pilot: Stellar Loussier on unit Gaia Gundam

Battle initiated

112t

Battle declared: Gaia Gundam against Gundam Barbatos 2nd Form

Kiraya

Assigned Shiden Custom (Ryusei-Go) to block

Action step

Kiraya

Passed

112t

Passed

Battle started: Gaia Gundam against Shiden Custom (Ryusei-Go)

Kiraya

Shiden Custom (Ryusei-Go) received 5 damage, now destroyed

112t

Gaia Gundam received 4 damage, now destroyed

Selecting target for Stellar Loussier

Card added to hand: Stellar Loussier

Battle ended

112t

Linked pilot: Stellar Loussier on unit Gaia Gundam

Battle initiated

112t

Battle declared: Gaia Gundam against Gundam Barbatos 2nd Form

Kiraya

No blockers available

Action step

Kiraya

Passed

112t

Passed

Battle started: Gaia Gundam against Gundam Barbatos 2nd Form

Kiraya

Gundam Barbatos 2nd Form received 5 damage, now destroyed

112t

Gaia Gundam received 2 damage, now destroyed

Selecting target for Stellar Loussier

Card added to hand: Abyss Gundam (MA Mode)

Battle ended

112t

Abyss Gundam (MA Mode) deployed

Linked pilot: Auel Neider on unit Abyss Gundam (MA Mode)

Battle initiated

112t

Battle declared: Abyss Gundam (MA Mode) against Gundam Barbatos 1st Form

Kiraya

No blockers available

Action step

Kiraya

Passed

112t

Passed

Battle started: Abyss Gundam (MA Mode) against Gundam Barbatos 1st Form

Kiraya

Gundam Barbatos 1st Form received 4 damage, now destroyed

112t

Abyss Gundam (MA Mode) received 5 damage, now destroyed

Battle ended

Turn end phase started

Kiraya

Passed

112t

Passed

Turn ended!

Turn 13 started!

Kiraya

Replaced Isaribi base: Isaribi

Shield card added to hand

Shiden Custom (Ryusei-Go) deployed

Battle initiated

Kiraya

Battle declared: Gundam Barbatos 1st Form against Enemy Player

112t

No blockers available

Action step

112t

Passed

Kiraya

Passed

Battle started: Gundam Barbatos 1st Form against Enemy Shield

112t

Shield card: Stellar Loussier revealed

Shield card added to hand: Stellar Loussier

Battle ended

Turn end phase started

112t

Passed

Kiraya

Passed

Turn ended!

Turn 14 started!

112t

Chaos Gundam (MA Mode) deployed

Linked pilot: Sting Oakley on unit Chaos Gundam (MA Mode)

Battle initiated

112t

Battle declared: Chaos Gundam (MA Mode) against Gundam Barbatos 1st Form

Kiraya

Assigned Shiden Custom (Ryusei-Go) to block

Action step

Kiraya

Passed

112t

Passed

Battle started: Chaos Gundam (MA Mode) against Shiden Custom (Ryusei-Go)

Kiraya

Shiden Custom (Ryusei-Go) received 5 damage, now destroyed

112t

Chaos Gundam (MA Mode) received 4 damage, leaving 2 HP remaining

Kiraya

Breach 3: : Isaribi received 3 damage, leaving 2 HP remaining

Battle ended

112t

Abyss Gundam deployed

Paired pilot: Sting Oakley on unit Abyss Gundam

Kiraya

Winner!

Game ended!