Mobile Suit Arena - Battle logs
Game started!

Kiraya

Choose to play first

Choose to keep starting hand

CE1117

Choose to mulligan starting hand

Turn 1 started!

Turn end phase started

CE1117

Passed

Kiraya

Passed

Turn ended!

Turn 2 started!

CE1117

Played command: Overflowing Affection

Overflowing Affection: Draw 2 cards

Selecting target for Overflowing Affection

Strike Rouge (Ootori) discarded

Turn end phase started

Kiraya

Passed

CE1117

Passed

Turn ended!

Turn 3 started!

Kiraya

Gundam Exia Repair deployed

Turn end phase started

CE1117

Passed

Kiraya

Passed

Turn ended!

Turn 4 started!

CE1117

Gun EZ deployed

Selecting target for Gun EZ

Rested unit: Gun EZ

Selecting target for Gun EZ

Rested unit: Gundam Exia Repair

Turn end phase started

Kiraya

Passed

CE1117

Passed

Turn ended!

Turn 5 started!

Battle initiated

Kiraya

Battle declared: Gundam Exia Repair against Gun EZ

CE1117

No blockers available

Action step

CE1117

Passed

Kiraya

Passed

Battle started: Gundam Exia Repair against Gun EZ

CE1117

Gun EZ received 2 damage, leaving 1 HP remaining

Kiraya

Gundam Exia Repair received 2 damage, now destroyed

Gundam Exia Repair: destroyed Gun EZ

Gundam Exia Repair milled 2: Gundam Barbatos 1st Form and Gundam Exia Repair moved to trash

Battle ended

Kiraya

Ryusei-Go (Graze Custom Ⅱ) deployed

Selecting target for Ryusei-Go (Graze Custom Ⅱ)

Ryusei-Go (Graze Custom Ⅱ): Dealt 1 damage to Ryusei-Go (Graze Custom Ⅱ), leaving 1 HP remaining

Ryusei-Go (Graze Custom Ⅱ): Draw a card

Selecting target for Ryusei-Go (Graze Custom Ⅱ)

Shiden Custom (Ryusei-Go) discarded

Turn end phase started

CE1117

Passed

Kiraya

Passed

Turn ended!

Turn 6 started!

CE1117

Strike Rouge (Ootori) deployed

Turn end phase started

Kiraya

Passed

CE1117

Passed

Turn ended!

Turn 7 started!

Battle initiated

Kiraya

Battle declared: Ryusei-Go (Graze Custom Ⅱ) against Enemy Player

CE1117

Assigned no blocker

Action step

CE1117

Passed

Kiraya

Passed

Battle started: Ryusei-Go (Graze Custom Ⅱ) against EX Base

CE1117

EX Base received 2 damage, leaving 1 HP remaining

Battle ended

Kiraya

Gundam Barbatos 1st Form deployed

Ryusei-Go (Graze Custom Ⅱ) deployed

Selecting target for Ryusei-Go (Graze Custom Ⅱ)

Ryusei-Go (Graze Custom Ⅱ): Dealt 1 damage to Gundam Barbatos 1st Form, leaving 1 HP remaining

Ryusei-Go (Graze Custom Ⅱ): Draw a card

Selecting target for Ryusei-Go (Graze Custom Ⅱ)

Hyakuren discarded

Turn end phase started

CE1117

Passed

Kiraya

Passed

Turn ended!

Turn 8 started!

CE1117

Aile Strike Gundam deployed

Linked pilot: Kira Yamato on unit Aile Strike Gundam

Selecting target for Aile Strike Gundam

Kiraya

Gundam Barbatos 1st Form returned to hand

Battle initiated

CE1117

Battle declared: Aile Strike Gundam against Ryusei-Go (Graze Custom Ⅱ)

Selecting target for Kira Yamato

Kira Yamato: Modifier applied to: Ryusei-Go (Graze Custom Ⅱ)

Kiraya

No blockers available

Action step

Kiraya

Passed

CE1117

Passed

Battle started: Aile Strike Gundam against Ryusei-Go (Graze Custom Ⅱ)

Kiraya

Ryusei-Go (Graze Custom Ⅱ) received 6 damage, now destroyed

CE1117

Aile Strike Gundam received 0 damage, leaving 5 HP remaining

Battle ended

Battle initiated

CE1117

Battle declared: Strike Rouge (Ootori) against Enemy Player

Kiraya

No blockers available

Action step

Kiraya

Passed

CE1117

Passed

Battle started: Strike Rouge (Ootori) against EX Base

Kiraya

EX Base received 3 damage, now destroyed

Battle ended

Turn end phase started

Kiraya

Passed

CE1117

Passed

Turn ended!

Turn 9 started!

Kiraya

Gundam Barbatos 1st Form deployed

Gundam Barbatos Adapt deployed

Selecting target for Gundam Barbatos Adapt

Gundam Barbatos Adapt: Dealt 1 damage to: Gundam Barbatos 1st Form and Strike Rouge (Ootori)

Linked pilot: Mikazuki Augus on unit Gundam Barbatos 1st Form

Selecting target for Mikazuki Augus

Mikazuki Augus: Dealt 1 damage to: Gundam Barbatos 1st Form and Strike Rouge (Ootori)

Battle initiated

Kiraya

Battle declared: Gundam Barbatos 1st Form against Aile Strike Gundam

Gundam Barbatos 1st Form: Draw a card

CE1117

No blockers available

Action step

CE1117

Passed

Kiraya

Passed

Battle started: Gundam Barbatos 1st Form against Aile Strike Gundam

CE1117

Aile Strike Gundam received 5 damage, now destroyed

Kiraya

Gundam Barbatos 1st Form received 6 damage, now destroyed

Battle ended

Battle initiated

Kiraya

Battle declared: Ryusei-Go (Graze Custom Ⅱ) against Enemy Player

CE1117

No blockers available

Action step

CE1117

Passed

Kiraya

Passed

Battle started: Ryusei-Go (Graze Custom Ⅱ) against EX Base

CE1117

EX Base received 2 damage, now destroyed

Battle ended

Turn end phase started

CE1117

Passed

Kiraya

Passed

Turn ended!

Turn 10 started!

CE1117

Played command: Overflowing Affection

Overflowing Affection: Draw 2 cards

Selecting target for Overflowing Affection

Zoloat (League Militaire) discarded

Played command: Overflowing Affection

Overflowing Affection: Draw 2 cards

Selecting target for Overflowing Affection

Kira Yamato discarded

Victory Gundam deployed

Played base: Reineforce Jr.

Shield card added to hand

Parts deployed

Battle initiated

CE1117

Battle declared: Strike Rouge (Ootori) against Ryusei-Go (Graze Custom Ⅱ)

Kiraya

No blockers available

Action step

Kiraya

Passed

CE1117

Passed

Battle started: Strike Rouge (Ootori) against Ryusei-Go (Graze Custom Ⅱ)

Kiraya

Ryusei-Go (Graze Custom Ⅱ) received 3 damage, now destroyed

CE1117

Strike Rouge (Ootori) received 2 damage, now destroyed

Battle ended

Turn end phase started

Kiraya

Passed

CE1117

Passed

Turn ended!

Turn 11 started!

Kiraya

Played base: Isaribi

Shield card added to hand

Gundam Barbatos Adapt deployed

Selecting target for Gundam Barbatos Adapt

Gundam Barbatos Adapt: Dealt 1 damage to: Gundam Barbatos Adapt and Parts

Gundam Barbatos Adapt deployed

Selecting target for Gundam Barbatos Adapt

Gundam Barbatos Adapt: Dealt 1 damage to: Gundam Barbatos Adapt and Victory Gundam

Played action: Become a Shield

Selecting target for Become a Shield

Become a Shield: Dealt 1 damage to: Gundam Barbatos Adapt and Victory Gundam

Activated: Isaribi

Rested base: Isaribi

Isaribi: Modifier applied to: Gundam Barbatos Adapt

Battle initiated

Kiraya

Battle declared: Gundam Barbatos Adapt against Enemy Player

CE1117

No blockers available

Action step

CE1117

Passed

Kiraya

Passed

Battle started: Gundam Barbatos Adapt against Reineforce Jr.

CE1117

Reineforce Jr. received 4 damage, leaving 1 HP remaining

Battle ended

Turn end phase started

CE1117

Passed

Kiraya

Passed

Turn ended!

Turn 12 started!

CE1117

V2 Gundam deployed

Linked pilot: Üso Ewin on unit V2 Gundam

Parts deployed

Battle initiated

CE1117

Battle declared: V2 Gundam against Gundam Barbatos Adapt

Kiraya

No blockers available

Action step

Kiraya

Passed

CE1117

Passed

Battle started: V2 Gundam against Gundam Barbatos Adapt

Kiraya

Gundam Barbatos Adapt received 6 damage, now destroyed

CE1117

V2 Gundam received 2 damage, leaving 4 HP remaining

Battle ended

Turn end phase started

Kiraya

Passed

CE1117

Passed

V2 Gundam repaired 2 from [Repair 2]

Turn ended!

Turn 13 started!

Kiraya

Gundam Barbatos Lupus deployed

Linked pilot: Mikazuki Augus on unit Gundam Barbatos Lupus

Selecting target for Mikazuki Augus

Mikazuki Augus: Dealt 1 damage to: Gundam Barbatos Lupus and Parts

Activated: Gundam Barbatos Lupus

Gundam Barbatos 1st Form, Ryusei-Go (Graze Custom Ⅱ) and Gundam Barbatos Adapt exiled from the game

Selecting target for Gundam Barbatos Lupus

Gundam Barbatos Lupus: Dealt 2 damage to V2 Gundam, leaving 4 HP remaining

Activated: Isaribi

Rested base: Isaribi

Isaribi: Modifier applied to: Gundam Barbatos Adapt

Battle initiated

Kiraya

Battle declared: Gundam Barbatos Adapt against V2 Gundam

CE1117

No blockers available

Action step

CE1117

Passed

Kiraya

Passed

Battle started: Gundam Barbatos Adapt against V2 Gundam

CE1117

V2 Gundam received 4 damage, now destroyed

Kiraya

Gundam Barbatos Adapt received 6 damage, now destroyed

Battle ended

Battle initiated

Kiraya

Battle declared: Gundam Barbatos Adapt against Enemy Player

CE1117

No blockers available

Action step

CE1117

Passed

Kiraya

Passed

Battle started: Gundam Barbatos Adapt against Reineforce Jr.

CE1117

Reineforce Jr. received 2 damage, now destroyed

Battle ended

Battle initiated

Kiraya

Battle declared: Gundam Barbatos Lupus against Enemy Player

CE1117

No blockers available

Action step

CE1117

Passed

Kiraya

Passed

Battle started: Gundam Barbatos Lupus against Enemy Shield

CE1117

Shield card: V-Dash Gundam revealed and discarded

Battle ended

Turn end phase started

CE1117

Passed

Kiraya

Passed

Turn ended!

Turn 14 started!

CE1117

Aile Strike Gundam deployed

Linked pilot: Kira Yamato on unit Aile Strike Gundam

Selecting target for Aile Strike Gundam

Kiraya

Gundam Barbatos Adapt returned to hand

Battle initiated

CE1117

Battle declared: Aile Strike Gundam against Gundam Barbatos Lupus

Kiraya

No blockers available

Action step

Kiraya

Passed

CE1117

Passed

Battle started: Aile Strike Gundam against Gundam Barbatos Lupus

Kiraya

Gundam Barbatos Lupus received 6 damage, now destroyed

CE1117

Aile Strike Gundam received 7 damage, now destroyed

Battle ended

CE1117

Gundam Lfrith deployed

Turn end phase started

Kiraya

Passed

CE1117

Passed

Turn ended!

Turn 15 started!

Kiraya

Gundam Barbatos 2nd Form deployed

Gundam Barbatos Adapt deployed

Selecting target for Gundam Barbatos Adapt

Gundam Barbatos Adapt: Dealt 1 damage to: Gundam Barbatos 2nd Form and Gundam Lfrith

Shiden Custom (Ryusei-Go) deployed

Turn end phase started

CE1117

Passed

Kiraya

Passed

Turn ended!

Turn 16 started!

CE1117

Played command: A Show of Resolve

A Show of Resolve: Draw 2 cards

Victory Gundam deployed

Gundam Lfrith deployed

Turn end phase started

Kiraya

Passed

CE1117

Passed

Turn ended!

Turn 17 started!

Kiraya

Gundam Barbatos 5th Form (Ground Type) deployed

Battle initiated

Kiraya

Battle declared: Gundam Barbatos 2nd Form against Enemy Player

CE1117

Assigned Gundam Lfrith to block

Action step

CE1117

Passed

Kiraya

Passed

Battle started: Gundam Barbatos 2nd Form against Gundam Lfrith

CE1117

Gundam Lfrith received 4 damage, now destroyed

Kiraya

Gundam Barbatos 2nd Form received 2 damage, leaving 1 HP remaining

Battle ended

Kiraya

Played action: Become a Shield

Selecting target for Become a Shield

Become a Shield: Dealt 1 damage to: Gundam Barbatos Adapt and Victory Gundam

Activated: Isaribi

Rested base: Isaribi

Isaribi: Modifier applied to: Gundam Barbatos Adapt

Battle initiated

Kiraya

Battle declared: Gundam Barbatos Adapt against Enemy Player

CE1117

Assigned no blocker

Action step

CE1117

Passed

Kiraya

Passed

Battle started: Gundam Barbatos Adapt against Enemy Shield

CE1117

Shield card: Strike Freedom Gundam revealed and discarded

Battle ended

Battle initiated

Kiraya

Battle declared: Shiden Custom (Ryusei-Go) against Enemy Player

CE1117

Assigned no blocker

Action step

CE1117

Passed

Kiraya

Passed

Battle started: Shiden Custom (Ryusei-Go) against Enemy Shield

CE1117

Shield card: V-Dash Gundam revealed and discarded

Battle ended

Turn end phase started

CE1117

Passed

Kiraya

Passed

Turn ended!

Turn 18 started!

CE1117

Strike Freedom Gundam deployed

Selecting target for Strike Freedom Gundam

Strike Freedom Gundam: chose Victory Gundam and Strike Freedom Gundam

Linked pilot: Kira Yamato on unit Strike Freedom Gundam

Kira Yamato: Draw a card

Battle initiated

CE1117

Battle declared: Victory Gundam against Gundam Barbatos Adapt

Kiraya

No blockers available

Action step

Kiraya

Passed

CE1117

Passed

Battle started: Victory Gundam against Gundam Barbatos Adapt

Kiraya

Gundam Barbatos Adapt received 3 damage, now destroyed

CE1117

Victory Gundam received 2 damage, leaving 1 HP remaining

Strike Freedom Gundam: Draw a card

Battle ended

Battle initiated

CE1117

Battle declared: Strike Freedom Gundam against Shiden Custom (Ryusei-Go)

Selecting target for Strike Freedom Gundam

Kiraya

No blockers available

Action step

Kiraya

Passed

CE1117

Passed

Battle started: Strike Freedom Gundam against Shiden Custom (Ryusei-Go)

Kiraya

Shiden Custom (Ryusei-Go) received 7 damage, now destroyed

CE1117

Strike Freedom Gundam received 4 damage, leaving 4 HP remaining

Strike Freedom Gundam: Draw a card

Battle ended

Battle initiated

CE1117

Battle declared: Gundam Lfrith against Gundam Barbatos 2nd Form

Kiraya

No blockers available

Action step

Kiraya

Passed

CE1117

Passed

Battle started: Gundam Lfrith against Gundam Barbatos 2nd Form

Kiraya

Gundam Barbatos 2nd Form received 2 damage, now destroyed

CE1117

Gundam Lfrith received 4 damage, now destroyed

Battle ended

CE1117

Zoloat (League Militaire) deployed

Turn end phase started

Kiraya

Passed

CE1117

Passed

Turn ended!

Turn 19 started!

Kiraya

Hyakuren deployed

Battle initiated

Kiraya

Battle declared: Gundam Barbatos 5th Form (Ground Type) against Enemy Player

CE1117

Assigned no blocker

Action step

CE1117

Passed

Kiraya

Passed

Battle started: Gundam Barbatos 5th Form (Ground Type) against Enemy Shield

CE1117

Shield card: Kira Yamato revealed

Shield card added to hand: Kira Yamato

Battle ended

Turn end phase started

CE1117

Passed

Kiraya

Passed

Turn ended!

Turn 20 started!

Battle initiated

CE1117

Battle declared: Strike Freedom Gundam against Enemy Player

Selecting target for Strike Freedom Gundam

Kira Yamato and Kira Yamato discarded

Selecting target for Strike Freedom Gundam

Kiraya

Hyakuren returned to deck

No blockers available

Action step

Kiraya

Passed

CE1117

Passed

Battle started: Strike Freedom Gundam against Isaribi

Kiraya

Isaribi received 7 damage, now destroyed

Battle ended

CE1117

Victory Gundam deployed

Battle initiated

CE1117

Battle declared: Victory Gundam against Enemy Player

Victory Gundam: Draw a card

Kiraya

No blockers available

Action step

Kiraya

Passed

CE1117

Passed

Battle started: Victory Gundam against Enemy Shield

Kiraya

Shield card: Gundam Barbatos Lupus Rex revealed and discarded

Battle ended

CE1117

Paired pilot: Kira Yamato on unit Zoloat (League Militaire)

Battle initiated

CE1117

Battle declared: Zoloat (League Militaire) against Gundam Barbatos 5th Form (Ground Type)

Selecting target for Kira Yamato

Kira Yamato: Modifier applied to: Gundam Barbatos 5th Form (Ground Type)

Kiraya

No blockers available

Action step

Kiraya

Passed

CE1117

Passed

Battle started: Zoloat (League Militaire) against Gundam Barbatos 5th Form (Ground Type)

Kiraya

Gundam Barbatos 5th Form (Ground Type) received 5 damage, now destroyed

CE1117

Zoloat (League Militaire) received 3 damage, now destroyed

Battle ended

CE1117

Victory Gundam deployed

V-Dash Gundam deployed

Turn end phase started

Kiraya

Passed

CE1117

Passed

Turn ended!

Turn 21 started!

Kiraya

Played base: Isaribi

Shield card added to hand

Gundam Barbatos Lupus deployed

Activated: Gundam Barbatos Lupus

Gundam Barbatos 2nd Form, Gundam Barbatos Lupus Rex and Gundam Barbatos 5th Form (Ground Type) exiled from the game

Selecting target for Gundam Barbatos Lupus

Gundam Barbatos Lupus: Dealt 2 damage to Strike Freedom Gundam, leaving 2 HP remaining

Activated: Gundam Barbatos Lupus

Gundam Barbatos Lupus, Gundam Barbatos Adapt and Shiden Custom (Ryusei-Go) exiled from the game

Selecting target for Gundam Barbatos Lupus

Gundam Barbatos Lupus: Dealt 2 damage to Strike Freedom Gundam, now destroyed

Activated: Gundam Barbatos Lupus

Hyakuren, Ryusei-Go (Graze Custom Ⅱ) and Gundam Barbatos Adapt exiled from the game

Selecting target for Gundam Barbatos Lupus

Gundam Barbatos Lupus: Dealt 2 damage to Victory Gundam, now destroyed

CE1117

Parts deployed

Turn end phase started

CE1117

Passed

Kiraya

Passed

Turn ended!

Turn 22 started!

Battle initiated

CE1117

Battle declared: Victory Gundam against Enemy Player

Victory Gundam: Draw a card

Kiraya

No blockers available

Action step

Kiraya

Passed

CE1117

Passed

Battle started: Victory Gundam against Isaribi

Kiraya

Isaribi received 3 damage, leaving 2 HP remaining

Battle ended

CE1117

Strike Freedom Gundam deployed

Selecting target for Strike Freedom Gundam

Strike Freedom Gundam: chose Victory Gundam and V-Dash Gundam

Battle initiated

CE1117

Battle declared: Victory Gundam against Enemy Player

Victory Gundam: Draw a card

Kiraya

No blockers available

Action step

Kiraya

Passed

CE1117

Passed

Battle started: Victory Gundam against Isaribi

Kiraya

Isaribi received 3 damage, now destroyed

CE1117

Strike Freedom Gundam: Draw a card

Battle ended

Battle initiated

CE1117

Battle declared: V-Dash Gundam against Enemy Player

Kiraya

No blockers available

Action step

Kiraya

Passed

CE1117

Passed

Battle started: V-Dash Gundam against Enemy Shield

Kiraya

Shield card: Mikazuki Augus revealed

Shield card added to hand: Mikazuki Augus

CE1117

Strike Freedom Gundam: Draw a card

Battle ended

CE1117

Aile Strike Gundam deployed

Turn end phase started

Kiraya

Passed

CE1117

Passed

Turn ended!

Turn 23 started!

Kiraya

Gundam Barbatos Adapt deployed

Selecting target for Gundam Barbatos Adapt

Gundam Barbatos Adapt: Dealt 1 damage to: Gundam Barbatos Adapt and Parts

Linked pilot: Mikazuki Augus on unit Gundam Barbatos Adapt

Selecting target for Mikazuki Augus

Mikazuki Augus: Dealt 1 damage to: Gundam Barbatos Adapt and Victory Gundam

Battle initiated

Kiraya

Battle declared: Gundam Barbatos Adapt against Enemy Player

CE1117

Assigned Aile Strike Gundam to block

Action step

CE1117

Passed

Kiraya

Passed

Battle started: Gundam Barbatos Adapt against Aile Strike Gundam

CE1117

Aile Strike Gundam received 4 damage, now destroyed

Kiraya

Gundam Barbatos Adapt received 4 damage, now destroyed

Battle ended

Kiraya

Activated: Gundam Barbatos Lupus

Gundam Barbatos 1st Form, Shiden Custom (Ryusei-Go) and Gundam Barbatos Adapt exiled from the game

Selecting target for Gundam Barbatos Lupus

Gundam Barbatos Lupus: Dealt 2 damage to Victory Gundam, leaving 2 HP remaining

Battle initiated

Kiraya

Battle declared: Gundam Barbatos Lupus against V-Dash Gundam

CE1117

No blockers available

Action step

CE1117

Passed

Kiraya

Passed

Battle started: Gundam Barbatos Lupus against V-Dash Gundam

CE1117

V-Dash Gundam received 5 damage, now destroyed

Kiraya

Gundam Barbatos Lupus received 4 damage, leaving 1 HP remaining

Battle ended

Turn end phase started

CE1117

Passed

Kiraya

Passed

Turn ended!

Turn 24 started!

CE1117

Victory Gundam deployed

Linked pilot: Üso Ewin on unit Victory Gundam

Parts deployed

Battle initiated

CE1117

Battle declared: Victory Gundam against Enemy Player

Victory Gundam: Draw a card

Kiraya

No blockers available

Action step

Kiraya

Passed

CE1117

Passed

Battle started: Victory Gundam against Enemy Shield

Kiraya

Shield card: Graze Custom revealed and discarded

Battle ended

Battle initiated

CE1117

Battle declared: Victory Gundam against Enemy Player

Victory Gundam: Draw a card

Kiraya

No blockers available

Action step

Kiraya

Passed

CE1117

Passed

Battle started: Victory Gundam against Enemy Shield

Kiraya

Shield card: Ryusei-Go (Graze Custom Ⅱ) revealed and discarded

Battle ended

CE1117

Played command: A Show of Resolve

A Show of Resolve: Draw 2 cards

Played base: Reineforce Jr.

Shield card added to hand

Parts deployed

Battle initiated

CE1117

Battle declared: Strike Freedom Gundam against Enemy Player

Kiraya

No blockers available

Action step

Kiraya

Passed

CE1117

Passed

Battle started: Strike Freedom Gundam against Enemy Player

Kiraya

No more shields available, game is over!

Kiraya

Passed

CE1117

Passed

Kiraya

No more shields available, game is over!

CE1117

Winner!

Game ended!