Mobile Suit Arena - Battle logs
Game started!

dogman

Choose to play first

Choose to keep starting hand

Kiraya

Choose to keep starting hand

Turn 1 started!

Turn end phase started

Kiraya

Passed

dogman

Passed

Turn ended!

Turn 2 started!

Kiraya

Graze Custom deployed

Turn end phase started

dogman

Passed

Kiraya

Passed

Turn ended!

Turn 3 started!

dogman

Zaku Ⅱ deployed

Jegan deployed

Turn end phase started

Kiraya

Passed

dogman

Passed

Turn ended!

Turn 4 started!

Kiraya

Hyakuren deployed

Battle initiated

Kiraya

Battle declared: Graze Custom against Enemy Player

dogman

No blockers available

Action step

dogman

Passed

Kiraya

Passed

Battle started: Graze Custom against EX Base

dogman

EX Base received 2 damage, leaving 1 HP remaining

Battle ended

Turn end phase started

dogman

Passed

Kiraya

Passed

Turn ended!

Turn 5 started!

dogman

Rick Dom deployed

Battle initiated

dogman

Battle declared: Zaku Ⅱ against Enemy Player

Zaku Ⅱ: Modifier applied to: Zaku Ⅱ

Kiraya

No blockers available

Action step

Kiraya

Passed

dogman

Passed

Battle started: Zaku Ⅱ against EX Base

Kiraya

EX Base received 3 damage, now destroyed

Battle ended

Battle initiated

dogman

Battle declared: Jegan against Enemy Player

Kiraya

No blockers available

Action step

Kiraya

Passed

dogman

Passed

Battle started: Jegan against Enemy Shield

Kiraya

Shield card: Isaribi revealed

Played base: Isaribi

Shield card added to hand

Battle ended

Turn end phase started

Kiraya

Passed

dogman

Passed

Turn ended!

Turn 6 started!

Kiraya

Gundam Barbatos 2nd Form deployed

Ryusei-Go (Graze Custom Ⅱ) deployed

Selecting target for Ryusei-Go (Graze Custom Ⅱ)

Ryusei-Go (Graze Custom Ⅱ): Dealt 1 damage to Gundam Barbatos 2nd Form, leaving 3 HP remaining

Ryusei-Go (Graze Custom Ⅱ): Draw a card

Selecting target for Ryusei-Go (Graze Custom Ⅱ)

Gundam Exia Repair discarded

Battle initiated

Kiraya

Battle declared: Graze Custom against Enemy Player

dogman

No blockers available

Action step

dogman

Passed

Kiraya

Passed

Battle started: Graze Custom against EX Base

dogman

EX Base received 2 damage, now destroyed

Battle ended

Battle initiated

Kiraya

Battle declared: Hyakuren against Jegan

dogman

No blockers available

Action step

dogman

Passed

Kiraya

Passed

Battle started: Hyakuren against Jegan

dogman

Jegan received 4 damage, now destroyed

Kiraya

Hyakuren received 2 damage, leaving 1 HP remaining

Battle ended

Turn end phase started

dogman

Passed

Kiraya

Passed

Turn ended!

Turn 7 started!

dogman

Gundam deployed

Linked pilot: Amuro Ray on unit Gundam

Selecting target for Amuro Ray

Rested unit: Gundam Barbatos 2nd Form

Battle initiated

dogman

Battle declared: Rick Dom against Gundam Barbatos 2nd Form

Kiraya

No blockers available

Action step

Kiraya

Passed

dogman

Passed

Battle started: Rick Dom against Gundam Barbatos 2nd Form

Kiraya

Gundam Barbatos 2nd Form received 4 damage, now destroyed

dogman

Rick Dom received 4 damage, now destroyed

Kiraya

Breach 2: : Isaribi received 2 damage, leaving 3 HP remaining

Battle ended

Battle initiated

dogman

Battle declared: Zaku Ⅱ against Hyakuren

Zaku Ⅱ: Modifier applied to: Zaku Ⅱ

Kiraya

No blockers available

Action step

Kiraya

Passed

dogman

Passed

Battle started: Zaku Ⅱ against Hyakuren

Kiraya

Hyakuren received 4 damage, now destroyed

dogman

Zaku Ⅱ received 4 damage, now destroyed

Battle ended

Battle initiated

dogman

Battle declared: Gundam against Graze Custom

Kiraya

No blockers available

Action step

Kiraya

Passed

dogman

Passed

Battle started: Gundam against Graze Custom

Kiraya

Graze Custom received 6 damage, now destroyed

dogman

Gundam received 2 damage, leaving 3 HP remaining

Battle ended

Turn end phase started

Kiraya

Passed

dogman

Passed

Gundam repaired 2 from [Repair 2]

Turn ended!

Turn 8 started!

Kiraya

Shiden Custom (Ryusei-Go) deployed

Replaced Isaribi base: Isaribi

Shield card added to hand

Battle initiated

Kiraya

Battle declared: Ryusei-Go (Graze Custom Ⅱ) against Enemy Player

dogman

No blockers available

Action step

dogman

Passed

Kiraya

Passed

Battle started: Ryusei-Go (Graze Custom Ⅱ) against Enemy Shield

dogman

Shield card: Jegan revealed and discarded

Battle ended

Turn end phase started

dogman

Passed

Kiraya

Passed

Turn ended!

Turn 9 started!

dogman

Nu Gundam deployed

Placed 1 Resource EX

Zaku Ⅱ deployed

Battle initiated

dogman

Battle declared: Gundam against Ryusei-Go (Graze Custom Ⅱ)

Kiraya

Assigned no blocker

Action step

Kiraya

Passed

dogman

Passed

Battle started: Gundam against Ryusei-Go (Graze Custom Ⅱ)

Kiraya

Ryusei-Go (Graze Custom Ⅱ) received 6 damage, now destroyed

dogman

Gundam received 2 damage, leaving 3 HP remaining

Battle ended

Turn end phase started

Kiraya

Passed

dogman

Passed

Gundam repaired 2 from [Repair 2]

Turn ended!

Turn 10 started!

Kiraya

Gundam Flauros (Ryusei-Go) deployed

Selecting target for Gundam Flauros (Ryusei-Go)

Gundam Exia Repair deployed

Turn end phase started

dogman

Passed

Kiraya

Passed

Turn ended!

Turn 11 started!

dogman

Kayra's Re-GZ deployed

Selecting target for Kayra's Re-GZ

Re-GZ deployed

Rick Dom deployed

Battle initiated

dogman

Battle declared: Gundam against Enemy Player

Kiraya

Assigned no blocker

Action step

Kiraya

Passed

dogman

Passed

Battle started: Gundam against Isaribi

Kiraya

Isaribi received 6 damage, now destroyed

Battle ended

Battle initiated

dogman

Battle declared: Nu Gundam against Enemy Player

Kiraya

Assigned Shiden Custom (Ryusei-Go) to block

Action step

Kiraya

Passed

dogman

Passed

Battle started: Nu Gundam against Shiden Custom (Ryusei-Go)

Kiraya

Shiden Custom (Ryusei-Go) received 5 damage, now destroyed

dogman

Nu Gundam received 4 damage, now destroyed

Battle ended

Turn end phase started

Kiraya

Passed

dogman

Passed

Turn ended!

Turn 12 started!

Battle initiated

Kiraya

Battle declared: Gundam Flauros (Ryusei-Go) against Gundam

No targets for Gundam Flauros (Ryusei-Go)

dogman

No blockers available

Action step

dogman

Passed

Kiraya

Passed

Battle started: Gundam Flauros (Ryusei-Go) against Gundam

dogman

Gundam received 5 damage, now destroyed

Kiraya

Gundam Flauros (Ryusei-Go) received 5 damage, now destroyed

Battle ended

Kiraya

Gundam Barbatos 1st Form deployed

Gundam Barbatos Adapt deployed

Selecting target for Gundam Barbatos Adapt

Gundam Barbatos Adapt: Dealt 1 damage to: Gundam Barbatos 1st Form and Kayra's Re-GZ

Ryusei-Go (Graze Custom Ⅱ) deployed

Selecting target for Ryusei-Go (Graze Custom Ⅱ)

Ryusei-Go (Graze Custom Ⅱ): Dealt 1 damage to Gundam Barbatos Adapt, leaving 3 HP remaining

Ryusei-Go (Graze Custom Ⅱ): Draw a card

Selecting target for Ryusei-Go (Graze Custom Ⅱ)

Gundam Barbatos Lupus discarded

Battle initiated

Kiraya

Battle declared: Gundam Exia Repair against Enemy Player

dogman

No blockers available

Action step

dogman

Passed

Kiraya

Passed

Battle started: Gundam Exia Repair against Enemy Shield

dogman

Shield card: Kayra's Re-GZ revealed and discarded

Battle ended

Turn end phase started

dogman

Passed

Kiraya

Passed

Turn ended!

Turn 13 started!

Battle initiated

dogman

Battle declared: Rick Dom against Gundam Exia Repair

Kiraya

No blockers available

Action step

Kiraya

Passed

dogman

Passed

Battle started: Rick Dom against Gundam Exia Repair

Kiraya

Gundam Exia Repair received 3 damage, now destroyed

dogman

Rick Dom received 2 damage, leaving 1 HP remaining

Kiraya

Gundam Exia Repair: destroyed Rick Dom

Breach 2 Shield card: Hyakuren revealed and discarded

Gundam Exia Repair milled 2: Become a Shield and Gundam Barbatos Adapt moved to trash

Battle ended

Battle initiated

dogman

Battle declared: Kayra's Re-GZ against Enemy Player

Kiraya

No blockers available

Action step

Kiraya

Passed

dogman

Passed

Battle started: Kayra's Re-GZ against Enemy Shield

Kiraya

Shield card: Ryusei-Go (Graze Custom Ⅱ) revealed and discarded

Battle ended

Battle initiated

dogman

Battle declared: Re-GZ against Enemy Player

Kiraya

No blockers available

Action step

Kiraya

Passed

dogman

Passed

Battle started: Re-GZ against Enemy Shield

Kiraya

Shield card: Gundam Barbatos Adapt revealed and discarded

Battle ended

dogman

Nu Gundam deployed

Placed 1 Resource EX

Linked pilot: Amuro Ray on unit Nu Gundam

Battle initiated

dogman

Battle declared: Nu Gundam against Enemy Player

Kiraya

No blockers available

Action step

Kiraya

Passed

dogman

Passed

Battle started: Nu Gundam against Enemy Player

Kiraya

No more shields available, game is over!

dogman

Winner!

Game ended!