Mobile Suit Arena - Battle logs
Game started!

desi

Choose to play second

Kiraya

Choose to mulligan starting hand

desi

Choose to mulligan starting hand

Turn 1 started!

Turn end phase started

desi

Passed

Kiraya

Passed

Turn ended!

Turn 2 started!

Turn end phase started

Kiraya

Passed

desi

Passed

Turn ended!

Turn 3 started!

Kiraya

Gundam Exia Repair deployed

Turn end phase started

desi

Passed

Kiraya

Passed

Turn ended!

Turn 4 started!

desi

Gundam AGE-1 Normal deployed

Selecting target for Gundam AGE-1 Normal

Turn end phase started

Kiraya

Passed

desi

Passed

Turn ended!

Turn 5 started!

Battle initiated

Kiraya

Battle declared: Gundam Exia Repair against Enemy Player

desi

No blockers available

Action step

desi

Passed

Kiraya

Passed

Battle started: Gundam Exia Repair against EX Base

desi

EX Base received 2 damage, leaving 1 HP remaining

Battle ended

Kiraya

Hyakuren deployed

Replaced EX Base base: Isaribi

Shield card added to hand

Turn end phase started

desi

Passed

Kiraya

Passed

Turn ended!

Turn 6 started!

desi

Gundam deployed

Linked pilot: Amuro Ray on unit Gundam

Selecting target for Amuro Ray

Rested unit: Hyakuren

Battle initiated

desi

Battle declared: Gundam against Hyakuren

Kiraya

No blockers available

Action step

Kiraya

Passed

desi

Passed

Battle started: Gundam against Hyakuren

Kiraya

Hyakuren received 6 damage, now destroyed

desi

Gundam received 4 damage, leaving 1 HP remaining

Battle ended

Battle initiated

desi

Battle declared: Gundam AGE-1 Normal against Gundam Exia Repair

Kiraya

No blockers available

Action step

Kiraya

Passed

desi

Passed

Battle started: Gundam AGE-1 Normal against Gundam Exia Repair

Kiraya

Gundam Exia Repair received 3 damage, now destroyed

desi

Gundam AGE-1 Normal received 2 damage, now destroyed

Kiraya

Gundam Exia Repair milled 2: Graze Custom and Gundam Barbatos 2nd Form moved to trash

Battle ended

Turn end phase started

Kiraya

Passed

desi

Passed

Gundam repaired 2 from [Repair 2]

Turn ended!

Turn 7 started!

Kiraya

Shiden Custom (Ryusei-Go) deployed

Turn end phase started

desi

Passed

Kiraya

Passed

Turn ended!

Turn 8 started!

desi

Replaced EX Base base: Ra Cailum

Shield card added to hand

Re-GZ deployed

Turn end phase started

Kiraya

Passed

desi

Passed

Gundam repaired 2 from [Repair 2]

Turn ended!

Turn 9 started!

Kiraya

Gundam Barbatos Adapt deployed

Selecting target for Gundam Barbatos Adapt

Gundam Barbatos Adapt: Dealt 1 damage to: Gundam Barbatos Adapt and Re-GZ

Gundam Barbatos Adapt deployed

Selecting target for Gundam Barbatos Adapt

Gundam Barbatos Adapt: Dealt 1 damage to: Gundam Barbatos Adapt and Re-GZ

desi

Selecting target for Re-GZ

Card added to hand: Jegan

Turn end phase started

desi

Passed

Kiraya

Passed

Turn ended!

Turn 10 started!

Battle initiated

desi

Battle declared: Gundam against Enemy Player

Kiraya

Assigned no blocker

Action step

Kiraya

Passed

desi

Passed

Battle started: Gundam against Isaribi

Kiraya

Isaribi received 6 damage, now destroyed

Battle ended

desi

Gundam AGE-1 Normal deployed

Selecting target for Gundam AGE-1 Normal

Jegan deployed

Turn end phase started

Kiraya

Passed

desi

Passed

Turn ended!

Turn 11 started!

Kiraya

Gundam Barbatos 1st Form deployed

Gundam Barbatos Adapt deployed

Selecting target for Gundam Barbatos Adapt

Gundam Barbatos Adapt: Dealt 1 damage to: Gundam Barbatos 1st Form and Gundam

Battle initiated

Kiraya

Battle declared: Shiden Custom (Ryusei-Go) against Gundam

desi

No blockers available

Action step

desi

Passed

Kiraya

Passed

Battle started: Shiden Custom (Ryusei-Go) against Gundam

desi

Gundam received 4 damage, now destroyed

Kiraya

Shiden Custom (Ryusei-Go) received 5 damage, now destroyed

Battle ended

Kiraya

Hyakuren deployed

Turn end phase started

desi

Passed

Kiraya

Passed

Turn ended!

Turn 12 started!

desi

Gundam AGE-2 Double Bullet deployed

Turn end phase started

Kiraya

Passed

desi

Passed

Turn ended!

Turn 13 started!

Kiraya

Gundam Barbatos Lupus deployed

Played base: Isaribi

Shield card added to hand

Activated: Gundam Barbatos Lupus

Hyakuren, Graze Custom and Gundam Barbatos 2nd Form exiled from the game

Selecting target for Gundam Barbatos Lupus

Gundam Barbatos Lupus: Dealt 2 damage to Gundam AGE-1 Normal, now destroyed

Battle initiated

Kiraya

Battle declared: Gundam Barbatos 1st Form against Enemy Player

Gundam Barbatos 1st Form: Draw a card

desi

No blockers available

Action step

desi

Passed

Kiraya

Passed

Battle started: Gundam Barbatos 1st Form against Ra Cailum

desi

Ra Cailum received 3 damage, leaving 2 HP remaining

Battle ended

Battle initiated

Kiraya

Battle declared: Gundam Barbatos Adapt against Enemy Player

desi

No blockers available

Action step

desi

Passed

Kiraya

Passed

Battle started: Gundam Barbatos Adapt against Ra Cailum

desi

Ra Cailum received 2 damage, now destroyed

Battle ended

Battle initiated

Kiraya

Battle declared: Gundam Barbatos Adapt against Enemy Player

desi

No blockers available

Action step

desi

Passed

Kiraya

Passed

Battle started: Gundam Barbatos Adapt against Enemy Shield

desi

Shield card: Gundam AGE-2 Normal revealed and discarded

Battle ended

Battle initiated

Kiraya

Battle declared: Hyakuren against Enemy Player

desi

No blockers available

Action step

desi

Passed

Kiraya

Passed

Battle started: Hyakuren against Enemy Shield

desi

Shield card: Nu Gundam revealed and discarded

Battle ended

Battle initiated

Kiraya

Battle declared: Gundam Barbatos Adapt against Enemy Player

desi

No blockers available

Action step

desi

Passed

Kiraya

Passed

Battle started: Gundam Barbatos Adapt against Enemy Shield

desi

Shield card: Nu Gundam revealed and discarded

Battle ended

Turn end phase started

desi

Passed

Kiraya

Passed

Turn ended!

Turn 14 started!

desi

Played base: Ra Cailum

Shield card added to hand

Battle initiated

desi

Battle declared: Jegan against Gundam Barbatos 1st Form

Kiraya

No blockers available

Action step

Kiraya

Passed

desi

Passed

Battle started: Jegan against Gundam Barbatos 1st Form

Kiraya

Gundam Barbatos 1st Form received 2 damage, now destroyed

desi

Jegan received 3 damage, now destroyed

Battle ended

desi

Nu Gundam deployed

Placed 1 Resource EX

Paired pilot: Amuro Ray on unit Gundam AGE-2 Double Bullet

Selecting target for Amuro Ray

Rested unit: Gundam Barbatos Lupus

Linked pilot: Amuro Ray on unit Nu Gundam

Activated: Ra Cailum

Rested base: Ra Cailum

Ra Cailum: Modifier applied to: Nu Gundam

Battle initiated

desi

Battle declared: Nu Gundam against Gundam Barbatos Lupus

Kiraya

No blockers available

Action step

Kiraya

Passed

desi

Passed

Battle started: Nu Gundam against Gundam Barbatos Lupus

Kiraya

Gundam Barbatos Lupus received 6 damage, now destroyed

desi

Nu Gundam received 5 damage, reduced by 1, leaving 2 HP remaining

Kiraya

Breach 3: : Isaribi received 3 damage, leaving 2 HP remaining

desi

Healed 2 damage to: Nu Gundam

Battle ended

Battle initiated

desi

Battle declared: Gundam AGE-2 Double Bullet against Hyakuren

Kiraya

No blockers available

Action step

Kiraya

Passed

desi

Passed

Battle started: Gundam AGE-2 Double Bullet against Hyakuren

Kiraya

Hyakuren received 6 damage, now destroyed

desi

Gundam AGE-2 Double Bullet received 4 damage, reduced by 2, leaving 4 HP remaining

Battle ended

Turn end phase started

Kiraya

Passed

desi

Passed

Turn ended!

Turn 15 started!

Kiraya

Activated: Isaribi

Rested base: Isaribi

Isaribi: Modifier applied to: Gundam Barbatos Adapt

Battle initiated

Kiraya

Battle declared: Gundam Barbatos Adapt against Nu Gundam

desi

No blockers available

Action step

desi

Passed

Kiraya

Passed

Battle started: Gundam Barbatos Adapt against Nu Gundam

desi

Nu Gundam received 4 damage, now destroyed

Kiraya

Gundam Barbatos Adapt received 6 damage, now destroyed

Battle ended

Kiraya

Gundam Barbatos Lupus deployed

Activated: Gundam Barbatos Lupus

Gundam Barbatos Lupus, Hyakuren and Gundam Barbatos Adapt exiled from the game

Selecting target for Gundam Barbatos Lupus

Gundam Barbatos Lupus: Dealt 2 damage to Gundam AGE-2 Double Bullet, reduced by 2, leaving 4 HP remaining

Battle initiated

Kiraya

Battle declared: Gundam Barbatos Adapt against Gundam AGE-2 Double Bullet

desi

No blockers available

Action step

desi

Passed

Kiraya

Passed

Battle started: Gundam Barbatos Adapt against Gundam AGE-2 Double Bullet

desi

Gundam AGE-2 Double Bullet received 2 damage, leaving 2 HP remaining

Kiraya

Gundam Barbatos Adapt received 6 damage, now destroyed

Battle ended

Kiraya

Activated: Gundam Barbatos Lupus

Shiden Custom (Ryusei-Go), Gundam Barbatos 1st Form and Gundam Barbatos Adapt exiled from the game

Selecting target for Gundam Barbatos Lupus

Gundam Barbatos Lupus: Dealt 2 damage to Gundam AGE-2 Double Bullet, now destroyed

Battle initiated

Kiraya

Battle declared: Gundam Barbatos Adapt against Enemy Player

desi

No blockers available

Action step

desi

Passed

Kiraya

Passed

Battle started: Gundam Barbatos Adapt against Ra Cailum

desi

Ra Cailum received 2 damage, leaving 3 HP remaining

Battle ended

Kiraya

Hyakuren deployed

Turn end phase started

desi

Passed

Kiraya

Passed

Turn ended!

Turn 16 started!

desi

Played command: A Show of Resolve

A Show of Resolve: Draw 2 cards

Gundam AGE-2 Double Bullet deployed

Linked pilot: Asemu Asuno on unit Gundam AGE-2 Double Bullet

Battle initiated

desi

Battle declared: Gundam AGE-2 Double Bullet against Gundam Barbatos Adapt

Kiraya

No blockers available

Action step

Kiraya

Passed

desi

Passed

Battle started: Gundam AGE-2 Double Bullet against Gundam Barbatos Adapt

Kiraya

Gundam Barbatos Adapt received 7 damage, now destroyed

desi

Gundam AGE-2 Double Bullet received 2 damage, reduced by 2, leaving 6 HP remaining

Kiraya

Breach 1: : Isaribi received 1 damage, leaving 1 HP remaining

Battle ended

Turn end phase started

Kiraya

Passed

desi

Passed

Turn ended!

Turn 17 started!

Kiraya

Gundam Gusion Rebake deployed

Selecting target for Gundam Gusion Rebake

Gundam Gusion Rebake: Dealt 1 damage to: Hyakuren and Gundam AGE-2 Double Bullet (reduced by 2)

Activated: Isaribi

Rested base: Isaribi

Isaribi: Modifier applied to: Hyakuren

Battle initiated

Kiraya

Battle declared: Hyakuren against Gundam AGE-2 Double Bullet

desi

No blockers available

Action step

desi

Passed

Kiraya

Passed

Battle started: Hyakuren against Gundam AGE-2 Double Bullet

desi

Gundam AGE-2 Double Bullet received 6 damage, now destroyed

Kiraya

Hyakuren received 7 damage, now destroyed

Battle ended

Battle initiated

Kiraya

Battle declared: Gundam Barbatos Lupus against Enemy Player

desi

No blockers available

Action step

desi

Passed

Kiraya

Passed

Battle started: Gundam Barbatos Lupus against Ra Cailum

desi

Ra Cailum received 5 damage, now destroyed

Battle ended

Kiraya

Gundam Barbatos 2nd Form deployed

Shiden Custom (Ryusei-Go) deployed

Turn end phase started

desi

Passed

Kiraya

Passed

Turn ended!

Turn 18 started!

desi

Timeout 1

Turn end phase started

Kiraya

Passed

Winner!

Game ended!