Mobile Suit Arena - Battle logs
Game started!

Kumendeng

Choose to play first

Choose to keep starting hand

Kiraya

Choose to mulligan starting hand

Turn 1 started!

Kumendeng

Zaku Ⅰ deployed

Turn end phase started

Kiraya

Passed

Kumendeng

Passed

Turn ended!

Turn 2 started!

Turn end phase started

Kumendeng

Passed

Kiraya

Passed

Turn ended!

Turn 3 started!

Kumendeng

Zaku Ⅱ deployed

Guntank deployed

No targets for Guntank

Turn end phase started

Kiraya

Passed

Kumendeng

Passed

Turn ended!

Turn 4 started!

Kiraya

Hyakuren deployed

Turn end phase started

Kumendeng

Passed

Kiraya

Passed

Turn ended!

Turn 5 started!

Kumendeng

Zaku Ⅰ deployed

Turn end phase started

Kiraya

Passed

Kumendeng

Passed

Turn ended!

Turn 6 started!

Battle initiated

Kiraya

Battle declared: Hyakuren against Enemy Player

Kumendeng

No blockers available

Action step

Kumendeng

Passed

Kiraya

Passed

Battle started: Hyakuren against EX Base

Kumendeng

EX Base received 4 damage, now destroyed

Battle ended

Kiraya

Gundam Barbatos Adapt deployed

Selecting target for Gundam Barbatos Adapt

Gundam Barbatos Adapt: Dealt 1 damage to: Gundam Barbatos Adapt and Zaku Ⅱ

Linked pilot: Mikazuki Augus on unit Gundam Barbatos Adapt

Selecting target for Mikazuki Augus

Mikazuki Augus: Dealt 1 damage to: Gundam Barbatos Adapt and Zaku Ⅱ

Battle initiated

Kiraya

Battle declared: Gundam Barbatos Adapt against Enemy Player

Kumendeng

No blockers available

Action step

Kumendeng

Passed

Kiraya

Passed

Battle started: Gundam Barbatos Adapt against Enemy Shield

Kumendeng

Shield card: Guntank revealed and discarded

Battle ended

Turn end phase started

Kumendeng

Passed

Kiraya

Passed

Turn ended!

Turn 7 started!

Kumendeng

Played base: Corsica Base

Shield card added to hand

Tallgeese deployed

Paired pilot: Char Aznable on unit Zaku Ⅰ

Battle initiated

Kumendeng

Battle declared: Zaku Ⅰ against Enemy Player

Char Aznable: Modifier applied to: Zaku Ⅰ

Kiraya

No blockers available

Action step

Kiraya

Passed

Kumendeng

Passed

Battle started: Zaku Ⅰ against EX Base

Kiraya

EX Base received 3 damage, now destroyed

Battle ended

Battle initiated

Kumendeng

Battle declared: Guntank against Enemy Player

Kiraya

No blockers available

Action step

Kiraya

Passed

Kumendeng

Passed

Battle started: Guntank against Enemy Shield

Kiraya

Shield card: Shiden Custom (Ryusei-Go) revealed and discarded

Battle ended

Battle initiated

Kumendeng

Battle declared: Zaku Ⅰ against Enemy Player

Kiraya

No blockers available

Action step

Kiraya

Passed

Kumendeng

Passed

Battle started: Zaku Ⅰ against Enemy Shield

Kiraya

Shield card: Gundam Barbatos Lupus Rex revealed and discarded

Battle ended

Turn end phase started

Kiraya

Passed

Kumendeng

Passed

Turn ended!

Turn 8 started!

Kiraya

Gundam Barbatos 2nd Form deployed

Played action: Become a Shield

Selecting target for Become a Shield

Become a Shield: Dealt 1 damage to: Gundam Barbatos 2nd Form and Tallgeese

Played action: Become a Shield

Selecting target for Become a Shield

Become a Shield: Dealt 1 damage to: Gundam Barbatos 2nd Form and Tallgeese

Battle initiated

Kiraya

Battle declared: Hyakuren against Zaku Ⅰ

Kumendeng

No blockers available

Action step

Kumendeng

Passed

Kiraya

Passed

Battle started: Hyakuren against Zaku Ⅰ

Kumendeng

Zaku Ⅰ received 4 damage, now destroyed

Kiraya

Hyakuren received 2 damage, leaving 1 HP remaining

Battle ended

Battle initiated

Kiraya

Battle declared: Gundam Barbatos Adapt against Zaku Ⅰ

Kumendeng

No blockers available

Action step

Kumendeng

Passed

Kiraya

Passed

Battle started: Gundam Barbatos Adapt against Zaku Ⅰ

Kumendeng

Zaku Ⅰ received 4 damage, now destroyed

Kiraya

Gundam Barbatos Adapt received 1 damage, leaving 2 HP remaining

Battle ended

Turn end phase started

Kumendeng

Passed

Kiraya

Passed

Turn ended!

Turn 9 started!

Battle initiated

Kumendeng

Battle declared: Guntank against Enemy Player

Kiraya

No blockers available

Action step

Kiraya

Passed

Kumendeng

Passed

Battle started: Guntank against Enemy Shield

Kiraya

Shield card: Hyakuren revealed and discarded

Battle ended

Kumendeng

Zaku Ⅱ deployed

Turn end phase started

Kiraya

Passed

Kumendeng

Passed

Turn ended!

Turn 10 started!

Kiraya

Shiden Custom (Ryusei-Go) deployed

Battle initiated

Kiraya

Battle declared: Gundam Barbatos Adapt against Guntank

Kumendeng

No blockers available

Action step

Kumendeng

Passed

Kiraya

Passed

Battle started: Gundam Barbatos Adapt against Guntank

Kumendeng

Guntank received 4 damage, now destroyed

Kiraya

Gundam Barbatos Adapt received 1 damage, leaving 1 HP remaining

Battle ended

Battle initiated

Kiraya

Battle declared: Gundam Barbatos 2nd Form against Enemy Player

Kumendeng

No blockers available

Action step

Kumendeng

Passed

Kiraya

Passed

Battle started: Gundam Barbatos 2nd Form against Corsica Base

Kumendeng

Corsica Base received 4 damage, leaving 1 HP remaining

Battle ended

Battle initiated

Kiraya

Battle declared: Hyakuren against Enemy Player

Kumendeng

No blockers available

Action step

Kumendeng

Passed

Kiraya

Passed

Battle started: Hyakuren against Corsica Base

Kumendeng

Corsica Base received 4 damage, now destroyed

Battle ended

Kiraya

Ryusei-Go (Graze Custom Ⅱ) deployed

Selecting target for Ryusei-Go (Graze Custom Ⅱ)

Ryusei-Go (Graze Custom Ⅱ): Dealt 1 damage to Shiden Custom (Ryusei-Go), leaving 2 HP remaining

Ryusei-Go (Graze Custom Ⅱ): Draw a card

Selecting target for Ryusei-Go (Graze Custom Ⅱ)

Gundam Exia Repair discarded

Turn end phase started

Kumendeng

Passed

Kiraya

Passed

Turn ended!

Turn 11 started!

Kumendeng

Zeong deployed

Linked pilot: Char Aznable on unit Zeong

Wire-Guided Arm deployed

Wire-Guided Arm deployed

Battle initiated

Kumendeng

Battle declared: Zaku Ⅱ against Enemy Player

Zaku Ⅱ: Modifier applied to: Zaku Ⅱ

Kiraya

Assigned Shiden Custom (Ryusei-Go) to block

Action step

Kiraya

Passed

Kumendeng

Passed

Battle started: Zaku Ⅱ against Shiden Custom (Ryusei-Go)

Kiraya

Shiden Custom (Ryusei-Go) received 3 damage, now destroyed

Kumendeng

Zaku Ⅱ received 4 damage, now destroyed

Battle ended

Battle initiated

Kumendeng

Battle declared: Zeong against Enemy Player

Char Aznable: Modifier applied to: Zeong

Kiraya

Can't block High-maneuver

Action step

Kiraya

Passed

Kumendeng

Passed

Battle started: Zeong against Enemy Shield

Kiraya

Shield card: Gundam Exia Repair revealed and discarded

Battle ended

Turn end phase started

Kiraya

Passed

Kumendeng

Passed

Turn ended!

Turn 12 started!

Kiraya

Gundam Barbatos Lupus deployed

Battle initiated

Kiraya

Battle declared: Gundam Barbatos 2nd Form against Zeong

Kumendeng

No blockers available

Action step

Kumendeng

Passed

Kiraya

Passed

Battle started: Gundam Barbatos 2nd Form against Zeong

Kumendeng

Zeong received 4 damage, now destroyed

Kiraya

Gundam Barbatos 2nd Form received 5 damage, now destroyed

Kumendeng

Zeong (Head) deployed

Battle ended

Kiraya

Linked pilot: Mikazuki Augus on unit Ryusei-Go (Graze Custom Ⅱ)

Selecting target for Mikazuki Augus

Mikazuki Augus: Dealt 1 damage to: Gundam Barbatos Lupus and Wire-Guided Arm

Activated: Gundam Barbatos Lupus

Gundam Barbatos Lupus Rex, Shiden Custom (Ryusei-Go) and Gundam Barbatos 2nd Form exiled from the game

Selecting target for Gundam Barbatos Lupus

Gundam Barbatos Lupus: Dealt 2 damage to Wire-Guided Arm, now destroyed

Battle initiated

Kiraya

Battle declared: Gundam Barbatos Adapt against Zeong (Head)

Kumendeng

No blockers available

Action step

Kumendeng

Passed

Kiraya

Passed

Battle started: Gundam Barbatos Adapt against Zeong (Head)

Kumendeng

Zeong (Head) received 4 damage, now destroyed

Kiraya

Gundam Barbatos Adapt received 3 damage, now destroyed

Battle ended

Battle initiated

Kiraya

Battle declared: Hyakuren against Enemy Player

Kumendeng

No blockers available

Action step

Kumendeng

Passed

Kiraya

Passed

Battle started: Hyakuren against Enemy Shield

Kumendeng

Shield card: Zaku Ⅰ revealed and discarded

Battle ended

Battle initiated

Kiraya

Battle declared: Ryusei-Go (Graze Custom Ⅱ) against Enemy Player

Kumendeng

No blockers available

Action step

Kumendeng

Passed

Kiraya

Passed

Battle started: Ryusei-Go (Graze Custom Ⅱ) against Enemy Shield

Kumendeng

Shield card: A Show of Resolve revealed and discarded

Battle ended

Turn end phase started

Kumendeng

Passed

Kiraya

Passed

Turn ended!

Turn 13 started!

Kumendeng

Nu Gundam deployed

Linked pilot: Amuro Ray on unit Nu Gundam

Battle initiated

Kumendeng

Battle declared: Nu Gundam against Ryusei-Go (Graze Custom Ⅱ)

Kiraya

No blockers available

Action step

Kiraya

Passed

Kumendeng

Passed

Battle started: Nu Gundam against Ryusei-Go (Graze Custom Ⅱ)

Kiraya

Ryusei-Go (Graze Custom Ⅱ) received 7 damage, now destroyed

Kumendeng

Nu Gundam received 4 damage, leaving 3 HP remaining

Kiraya

Breach 5 Shield card: Gundam Barbatos 1st Form revealed and discarded

Kumendeng

Healed 2 damage to: Nu Gundam

Battle ended

Kumendeng

Dijeh deployed

Turn end phase started

Kiraya

Passed

Kumendeng

Passed

Turn ended!

Turn 14 started!

Battle initiated

Kiraya

Battle declared: Hyakuren against Nu Gundam

Kumendeng

No blockers available

Action step

Kumendeng

Passed

Kiraya

Passed

Battle started: Hyakuren against Nu Gundam

Kumendeng

Nu Gundam received 4 damage, leaving 1 HP remaining

Kiraya

Hyakuren received 7 damage, now destroyed

Battle ended

Kiraya

Activated: Gundam Barbatos Lupus

Ryusei-Go (Graze Custom Ⅱ), Gundam Barbatos 1st Form and Hyakuren exiled from the game

Selecting target for Gundam Barbatos Lupus

Gundam Barbatos Lupus: Dealt 2 damage to Nu Gundam, now destroyed

Hyakuren deployed

Gundam Exia Repair deployed

Battle initiated

Kiraya

Battle declared: Gundam Barbatos Lupus against Enemy Player

Kumendeng

No blockers available

Action step

Kumendeng

Passed

Kiraya

Passed

Battle started: Gundam Barbatos Lupus against Enemy Shield

Kumendeng

Shield card: Zeong revealed and discarded

Battle ended

Turn end phase started

Kumendeng

Passed

Kiraya

Passed

Turn ended!

Turn 15 started!

Kumendeng

Played base: Corsica Base

Shield card added to hand

Leo deployed

Leo deployed

Timeout 1

Turn end phase started

Kiraya

Passed

Winner!

Game ended!