Mobile Suit Arena - Battle logs
Game started!

Cheuk

Choose to play second

Kiraya

Choose to mulligan starting hand

Cheuk

Choose to mulligan starting hand

Turn 1 started!

Turn end phase started

Cheuk

Passed

Kiraya

Passed

Turn ended!

Turn 2 started!

Cheuk

Zaku Ⅱ deployed

Turn end phase started

Kiraya

Passed

Cheuk

Passed

Turn ended!

Turn 3 started!

Kiraya

Graze Custom deployed

Turn end phase started

Cheuk

Passed

Kiraya

Passed

Turn ended!

Turn 4 started!

Battle initiated

Cheuk

Battle declared: Zaku Ⅱ against Enemy Player

Zaku Ⅱ: Modifier applied to: Zaku Ⅱ

Kiraya

No blockers available

Action step

Kiraya

Passed

Cheuk

Passed

Battle started: Zaku Ⅱ against EX Base

Kiraya

EX Base received 3 damage, now destroyed

Battle ended

Cheuk

Jegan deployed

Paired pilot: Kayra Su on unit Zaku Ⅱ

Turn end phase started

Kiraya

Passed

Cheuk

Passed

Turn ended!

Turn 5 started!

Kiraya

Hyakuren deployed

Played base: Isaribi

Shield card added to hand

Battle initiated

Kiraya

Battle declared: Graze Custom against Enemy Player

Cheuk

No blockers available

Action step

Cheuk

Passed

Kiraya

Passed

Battle started: Graze Custom against EX Base

Cheuk

EX Base received 2 damage, leaving 1 HP remaining

Battle ended

Turn end phase started

Cheuk

Passed

Kiraya

Passed

Turn ended!

Turn 6 started!

Battle initiated

Cheuk

Battle declared: Jegan against Graze Custom

Kiraya

No blockers available

Action step

Kiraya

Passed

Cheuk

Passed

Battle started: Jegan against Graze Custom

Kiraya

Graze Custom received 2 damage, now destroyed

Cheuk

Jegan received 2 damage, now destroyed

Battle ended

Cheuk

Re-GZ BWS deployed

Placed 1 Resource EX

Turn end phase started

Kiraya

Passed

Cheuk

Passed

Turn ended!

Turn 7 started!

Kiraya

Gundam Barbatos 1st Form deployed

Gundam Barbatos Adapt deployed

Selecting target for Gundam Barbatos Adapt

Gundam Barbatos Adapt: Dealt 1 damage to: Gundam Barbatos 1st Form and Zaku Ⅱ

Battle initiated

Kiraya

Battle declared: Hyakuren against Enemy Player

Cheuk

No blockers available

Action step

Cheuk

Passed

Kiraya

Passed

Battle started: Hyakuren against EX Base

Cheuk

EX Base received 4 damage, now destroyed

Battle ended

Turn end phase started

Cheuk

Passed

Kiraya

Passed

Turn ended!

Turn 8 started!

Battle initiated

Cheuk

Battle declared: Zaku Ⅱ against Hyakuren

Zaku Ⅱ: Modifier applied to: Zaku Ⅱ

Kiraya

No blockers available

Action step

Kiraya

Passed

Cheuk

Passed

Battle started: Zaku Ⅱ against Hyakuren

Kiraya

Hyakuren received 4 damage, now destroyed

Cheuk

Zaku Ⅱ received 4 damage, now destroyed

Battle ended

Cheuk

Played command: A Show of Resolve

A Show of Resolve: Draw 2 cards

Battle initiated

Cheuk

Battle declared: Re-GZ BWS against Enemy Player

Kiraya

No blockers available

Action step

Kiraya

Passed

Cheuk

Passed

Battle started: Re-GZ BWS against Isaribi

Kiraya

Isaribi received 2 damage, leaving 3 HP remaining

Battle ended

Cheuk

Played base: Ra Cailum

Shield card added to hand

Turn end phase started

Kiraya

Passed

Cheuk

Passed

Turn ended!

Turn 9 started!

Battle initiated

Kiraya

Battle declared: Gundam Barbatos Adapt against Re-GZ BWS

Cheuk

No blockers available

Action step

Cheuk

Passed

Kiraya

Passed

Battle started: Gundam Barbatos Adapt against Re-GZ BWS

Cheuk

Re-GZ BWS received 2 damage, now destroyed

Kiraya

Gundam Barbatos Adapt received 2 damage, leaving 2 HP remaining

Battle ended

Kiraya

Activated: Isaribi

Rested base: Isaribi

Isaribi: Modifier applied to: Gundam Barbatos 1st Form

Battle initiated

Kiraya

Battle declared: Gundam Barbatos 1st Form against Enemy Player

Gundam Barbatos 1st Form: Draw a card

Cheuk

No blockers available

Action step

Cheuk

Passed

Kiraya

Passed

Battle started: Gundam Barbatos 1st Form against Ra Cailum

Cheuk

Ra Cailum received 5 damage, now destroyed

Battle ended

Kiraya

Shiden Custom (Ryusei-Go) deployed

Gundam Barbatos 2nd Form deployed

Turn end phase started

Cheuk

Passed

Kiraya

Passed

Turn ended!

Turn 10 started!

Cheuk

Nu Gundam deployed

Linked pilot: Amuro Ray on unit Nu Gundam

Selecting target for Nu Gundam

Jegan, Re-GZ BWS and Ra Cailum exiled from the game

Selecting target for Nu Gundam

Battle started: Nu Gundam against Gundam Barbatos 2nd Form

Kiraya

Gundam Barbatos 2nd Form received 7 damage, now destroyed

Cheuk

Nu Gundam received 2 damage, leaving 5 HP remaining

Kiraya

Breach 5: : Isaribi received 5 damage, now destroyed

Cheuk

Healed 2 damage to: Nu Gundam

Battle ended

Battle initiated

Cheuk

Battle declared: Nu Gundam against Gundam Barbatos 1st Form

Kiraya

Assigned Shiden Custom (Ryusei-Go) to block

Action step

Kiraya

Passed

Cheuk

Passed

Battle started: Nu Gundam against Shiden Custom (Ryusei-Go)

Kiraya

Shiden Custom (Ryusei-Go) received 7 damage, now destroyed

Cheuk

Nu Gundam received 4 damage, leaving 3 HP remaining

Kiraya

Breach 5 Shield card: Isaribi revealed

Played base: Isaribi

Cheuk

Healed 2 damage to: Nu Gundam

Kiraya

Shield card added to hand

Battle ended

Turn end phase started

Kiraya

Passed

Cheuk

Passed

Turn ended!

Turn 11 started!

Kiraya

Gundam Barbatos Adapt deployed

Selecting target for Gundam Barbatos Adapt

Gundam Barbatos Adapt: Dealt 1 damage to: Gundam Barbatos Adapt and Nu Gundam

Activated: Isaribi

Rested base: Isaribi

Isaribi: Modifier applied to: Gundam Barbatos Adapt

Battle initiated

Kiraya

Battle declared: Gundam Barbatos Adapt against Nu Gundam

Cheuk

No blockers available

Action step

Cheuk

Passed

Kiraya

Passed

Battle started: Gundam Barbatos Adapt against Nu Gundam

Cheuk

Nu Gundam received 4 damage, now destroyed

Kiraya

Gundam Barbatos Adapt received 7 damage, now destroyed

Battle ended

Battle initiated

Kiraya

Battle declared: Gundam Barbatos 1st Form against Enemy Player

Gundam Barbatos 1st Form: Draw a card

Cheuk

No blockers available

Action step

Cheuk

Passed

Kiraya

Passed

Battle started: Gundam Barbatos 1st Form against Enemy Shield

Cheuk

Shield card: Amuro Ray revealed

Shield card added to hand: Amuro Ray

Battle ended

Kiraya

Gundam Gusion Rebake deployed

No targets for Gundam Gusion Rebake

Turn end phase started

Cheuk

Passed

Kiraya

Passed

Turn ended!

Turn 12 started!

Cheuk

Nu Gundam deployed

Linked pilot: Amuro Ray on unit Nu Gundam

Selecting target for Nu Gundam

Kayra Su, Amuro Ray and Nu Gundam exiled from the game

Selecting target for Nu Gundam

Battle started: Nu Gundam against Gundam Gusion Rebake

Kiraya

Gundam Gusion Rebake received 7 damage, now destroyed

Cheuk

Nu Gundam received 3 damage, leaving 4 HP remaining

Kiraya

Breach 5: : Isaribi received 5 damage, now destroyed

Cheuk

Healed 2 damage to: Nu Gundam

Battle ended

Battle initiated

Cheuk

Battle declared: Nu Gundam against Gundam Barbatos 1st Form

Kiraya

No blockers available

Action step

Kiraya

Passed

Cheuk

Passed

Battle started: Nu Gundam against Gundam Barbatos 1st Form

Kiraya

Gundam Barbatos 1st Form received 7 damage, now destroyed

Cheuk

Nu Gundam received 3 damage, leaving 3 HP remaining

Kiraya

Breach 5 Shield card: Gundam Exia Repair revealed and discarded

Cheuk

Healed 2 damage to: Nu Gundam

Battle ended

Turn end phase started

Kiraya

Passed

Cheuk

Passed

Turn ended!

Turn 13 started!

Kiraya

Gundam Barbatos Lupus deployed

Activated: Gundam Barbatos Lupus

Gundam Barbatos Adapt, Gundam Gusion Rebake and Gundam Barbatos 1st Form exiled from the game

Selecting target for Gundam Barbatos Lupus

Gundam Barbatos Lupus: Dealt 2 damage to Nu Gundam, leaving 3 HP remaining

Activated: Gundam Barbatos Lupus

Graze Custom, Hyakuren and Shiden Custom (Ryusei-Go) exiled from the game

Selecting target for Gundam Barbatos Lupus

Gundam Barbatos Lupus: Dealt 2 damage to Nu Gundam, leaving 1 HP remaining

Played action: Become a Shield

Selecting target for Become a Shield

Become a Shield: Dealt 1 damage to: Gundam Barbatos Adapt and Nu Gundam

Battle initiated

Kiraya

Battle declared: Gundam Barbatos Adapt against Enemy Player

Cheuk

No blockers available

Action step

Cheuk

Passed

Kiraya

Passed

Battle started: Gundam Barbatos Adapt against Enemy Shield

Cheuk

Shield card: Amuro Ray revealed

Shield card added to hand: Amuro Ray

Battle ended

Turn end phase started

Cheuk

Passed

Kiraya

Passed

Turn ended!

Turn 14 started!

Cheuk

Zaku Ⅱ deployed

Re-GZ BWS deployed

Placed 1 Resource EX

Re-GZ deployed

Linked pilot: Amuro Ray on unit Re-GZ

Selecting target for Amuro Ray

Rested unit: Gundam Barbatos Lupus

Battle initiated

Cheuk

Battle declared: Re-GZ against Gundam Barbatos Lupus

Kiraya

No blockers available

Action step

Kiraya

Passed

Cheuk

Passed

Battle started: Re-GZ against Gundam Barbatos Lupus

Kiraya

Gundam Barbatos Lupus received 6 damage, now destroyed

Cheuk

Re-GZ received 5 damage, now destroyed

Selecting target for Re-GZ

Battle ended

Turn end phase started

Kiraya

Passed

Cheuk

Passed

Turn ended!

Turn 15 started!

Kiraya

Played base: Isaribi

Shield card added to hand

Gundam Flauros (Ryusei-Go) deployed

Selecting target for Gundam Flauros (Ryusei-Go)

Battle initiated

Kiraya

Battle declared: Gundam Barbatos Adapt against Enemy Player

Cheuk

No blockers available

Action step

Cheuk

Passed

Kiraya

Passed

Battle started: Gundam Barbatos Adapt against Enemy Shield

Cheuk

Shield card: Zaku Ⅱ revealed and discarded

Battle ended

Kiraya

Hyakuren deployed

Gundam Exia Repair deployed

Turn end phase started

Cheuk

Passed

Kiraya

Passed

Turn ended!

Turn 16 started!

Battle initiated

Cheuk

Battle declared: Re-GZ BWS against Gundam Barbatos Adapt

Kiraya

No blockers available

Action step

Kiraya

Passed

Cheuk

Passed

Battle started: Re-GZ BWS against Gundam Barbatos Adapt

Kiraya

Gundam Barbatos Adapt received 2 damage, now destroyed

Cheuk

Re-GZ BWS received 2 damage, now destroyed

Battle ended

Cheuk

Nu Gundam deployed

Placed 1 Resource EX

Linked pilot: Amuro Ray on unit Nu Gundam

Battle initiated

Cheuk

Battle declared: Nu Gundam against Enemy Player

Kiraya

No blockers available

Action step

Kiraya

Passed

Cheuk

Passed

Battle started: Nu Gundam against Isaribi

Kiraya

Isaribi received 6 damage, now destroyed

Battle ended

Cheuk

Kayra's Re-GZ deployed

Selecting target for Kayra's Re-GZ

Linked pilot: Kayra Su on unit Kayra's Re-GZ

Battle initiated

Cheuk

Battle declared: Kayra's Re-GZ against Enemy Player

Kiraya

No blockers available

Action step

Kiraya

Passed

Cheuk

Passed

Battle started: Kayra's Re-GZ against Enemy Shield

Kiraya

Shield card: Ryusei-Go (Graze Custom Ⅱ) revealed and discarded

Battle ended

Turn end phase started

Kiraya

Passed

Cheuk

Passed

Turn ended!

Turn 17 started!

Battle initiated

Kiraya

Battle declared: Hyakuren against Kayra's Re-GZ

Cheuk

No blockers available

Action step

Cheuk

Passed

Kiraya

Passed

Battle started: Hyakuren against Kayra's Re-GZ

Kiraya

Kayra's Re-GZ received 4 damage, now destroyed

Kiraya

Hyakuren received 4 damage, now destroyed

Battle ended

Kiraya

Gundam Barbatos Lupus Rex deployed

Gundam Barbatos Adapt deployed

Selecting target for Gundam Barbatos Adapt

Gundam Barbatos Adapt: Dealt 1 damage to: Gundam Barbatos Adapt and Nu Gundam

Battle initiated

Kiraya

Battle declared: Gundam Flauros (Ryusei-Go) against Nu Gundam

No targets for Gundam Flauros (Ryusei-Go)

Cheuk

No blockers available

Action step

Cheuk

Passed

Kiraya

Passed

Battle started: Gundam Flauros (Ryusei-Go) against Nu Gundam

Cheuk

Nu Gundam received 5 damage, now destroyed

Kiraya

Gundam Flauros (Ryusei-Go) received 6 damage, now destroyed

Battle ended

Battle initiated

Kiraya

Battle declared: Gundam Exia Repair against Enemy Player

Cheuk

No blockers available

Action step

Cheuk

Passed

Kiraya

Passed

Battle started: Gundam Exia Repair against Enemy Shield

Cheuk

Shield card: Nu Gundam revealed and discarded

Battle ended

Turn end phase started

Cheuk

Passed

Kiraya

Passed

Selecting target for Gundam Barbatos Lupus Rex

Turn ended!

Turn 18 started!

Kiraya

Gundam Barbatos Lupus Rex deployed

Winner!

Game ended!