Mobile Suit Arena - Battle logs
Game started!

iceberg

Choose to play second

Kiraya

Choose to keep starting hand

iceberg

Choose to keep starting hand

Turn 1 started!

Turn end phase started

iceberg

Passed

Kiraya

Passed

Turn ended!

Turn 2 started!

iceberg

0 Gundam deployed

Turn end phase started

Kiraya

Passed

iceberg

Passed

Turn ended!

Turn 3 started!

Kiraya

Graze Custom deployed

Graze Custom deployed

Turn end phase started

iceberg

Passed

Kiraya

Passed

Turn ended!

Turn 4 started!

iceberg

0 Gundam deployed

Gaia Gundam deployed

Battle initiated

iceberg

Battle declared: 0 Gundam against Enemy Player

Kiraya

No blockers available

Action step

Kiraya

Passed

iceberg

Passed

Battle started: 0 Gundam against EX Base

Kiraya

EX Base received 2 damage, leaving 1 HP remaining

Battle ended

Turn end phase started

Kiraya

Passed

iceberg

Passed

Turn ended!

Turn 5 started!

Battle initiated

Kiraya

Battle declared: Graze Custom against Enemy Player

iceberg

No blockers available

Action step

iceberg

Passed

Kiraya

Passed

Battle started: Graze Custom against EX Base

iceberg

EX Base received 2 damage, leaving 1 HP remaining

Battle ended

Battle initiated

Kiraya

Battle declared: Graze Custom against Enemy Player

iceberg

No blockers available

Action step

iceberg

Passed

Kiraya

Passed

Battle started: Graze Custom against EX Base

iceberg

EX Base received 2 damage, now destroyed

Battle ended

Turn end phase started

iceberg

Passed

Kiraya

Passed

Turn ended!

Turn 6 started!

iceberg

Paired pilot: Sting Oakley on unit Gaia Gundam

Battle initiated

iceberg

Battle declared: 0 Gundam against Enemy Player

Kiraya

No blockers available

Action step

Kiraya

Passed

iceberg

Passed

Battle started: 0 Gundam against EX Base

Kiraya

EX Base received 2 damage, now destroyed

Battle ended

Battle initiated

iceberg

Battle declared: Gaia Gundam against Enemy Player

Kiraya

No blockers available

Action step

Kiraya

Passed

iceberg

Passed

Battle started: Gaia Gundam against Enemy Shield

Kiraya

Shield card: Ryusei-Go (Graze Custom Ⅱ) revealed and discarded

Selecting target for Gaia Gundam

Gundam Barbatos Lupus discarded

Battle ended

Battle initiated

iceberg

Battle declared: 0 Gundam against Enemy Player

Kiraya

No blockers available

Action step

Kiraya

Passed

iceberg

Passed

Battle started: 0 Gundam against Enemy Shield

Kiraya

Shield card: Isaribi revealed

Played base: Isaribi

Shield card added to hand

Battle ended

iceberg

Exass deployed

Turn end phase started

Kiraya

Passed

iceberg

Passed

Turn ended!

Turn 7 started!

Battle initiated

Kiraya

Battle declared: Graze Custom against Gaia Gundam

iceberg

No blockers available

Action step

iceberg

Passed

Kiraya

Passed

Battle started: Graze Custom against Gaia Gundam

iceberg

Gaia Gundam received 2 damage, leaving 2 HP remaining

Kiraya

Graze Custom received 4 damage, now destroyed

Battle ended

Kiraya

Gundam Barbatos Adapt deployed

Selecting target for Gundam Barbatos Adapt

Gundam Barbatos Adapt: Dealt 1 damage to: Gundam Barbatos Adapt and Gaia Gundam

Gundam Barbatos Adapt deployed

Selecting target for Gundam Barbatos Adapt

Gundam Barbatos Adapt: Dealt 1 damage to: Gundam Barbatos Adapt and Gaia Gundam

Battle initiated

Kiraya

Battle declared: Graze Custom against 0 Gundam

iceberg

No blockers available

Action step

iceberg

Passed

Kiraya

Passed

Battle started: Graze Custom against 0 Gundam

iceberg

0 Gundam received 2 damage, now destroyed

Kiraya

Graze Custom received 2 damage, now destroyed

Battle ended

Turn end phase started

iceberg

Passed

Kiraya

Passed

Turn ended!

Turn 8 started!

iceberg

Abyss Gundam (MA Mode) deployed

Gaia Gundam deployed

Battle initiated

iceberg

Battle declared: Exass against Enemy Player

Kiraya

No blockers available

Action step

Kiraya

Passed

iceberg

Passed

Battle started: Exass against Isaribi

Kiraya

Isaribi received 4 damage, leaving 1 HP remaining

Battle ended

Battle initiated

iceberg

Battle declared: 0 Gundam against Enemy Player

Kiraya

No blockers available

Action step

Kiraya

Passed

iceberg

Passed

Battle started: 0 Gundam against Isaribi

Kiraya

Isaribi received 2 damage, now destroyed

Battle ended

Turn end phase started

Kiraya

Passed

iceberg

Passed

Turn ended!

Turn 9 started!

Battle initiated

Kiraya

Battle declared: Gundam Barbatos Adapt against Exass

iceberg

No blockers available

Action step

iceberg

Passed

Kiraya

Passed

Battle started: Gundam Barbatos Adapt against Exass

iceberg

Exass received 2 damage, now destroyed

Kiraya

Gundam Barbatos Adapt received 4 damage, now destroyed

Battle ended

Battle initiated

Kiraya

Battle declared: Gundam Barbatos Adapt against 0 Gundam

iceberg

No blockers available

Action step

iceberg

Passed

Kiraya

Passed

Battle started: Gundam Barbatos Adapt against 0 Gundam

iceberg

0 Gundam received 2 damage, now destroyed

Kiraya

Gundam Barbatos Adapt received 2 damage, leaving 1 HP remaining

Battle ended

Kiraya

Shiden Custom (Ryusei-Go) deployed

Gundam Barbatos 1st Form deployed

Turn end phase started

iceberg

Passed

Kiraya

Passed

Turn ended!

Turn 10 started!

iceberg

Linked pilot: Auel Neider on unit Abyss Gundam (MA Mode)

Kiraya

Selecting target for Abyss Gundam (MA Mode)

Gundam Gusion Rebake discarded

iceberg

Gaia Gundam (MA Mode) deployed

Chaos Gundam (MA Mode) deployed

Battle initiated

iceberg

Battle declared: Abyss Gundam (MA Mode) against Enemy Player

Auel Neider: Modifier applied to: Abyss Gundam (MA Mode)

Kiraya

Assigned Shiden Custom (Ryusei-Go) to block

Action step

Kiraya

Passed

iceberg

Passed

Battle started: Abyss Gundam (MA Mode) against Shiden Custom (Ryusei-Go)

Kiraya

Shiden Custom (Ryusei-Go) received 6 damage, now destroyed

iceberg

Abyss Gundam (MA Mode) received 4 damage, now destroyed

Battle ended

Battle initiated

iceberg

Battle declared: Gaia Gundam against Enemy Player

Kiraya

No blockers available

Action step

Kiraya

Passed

iceberg

Passed

Battle started: Gaia Gundam against Enemy Shield

Kiraya

Shield card: Gundam Barbatos 1st Form revealed and discarded

Battle ended

Turn end phase started

Kiraya

Passed

iceberg

Passed

Turn ended!

Turn 11 started!

Kiraya

Gundam Gusion Rebake deployed

Selecting target for Gundam Gusion Rebake

Gundam Gusion Rebake: Dealt 1 damage to: Gundam Barbatos 1st Form and Gaia Gundam

Battle initiated

Kiraya

Battle declared: Gundam Barbatos Adapt against Gaia Gundam

iceberg

No blockers available

Action step

iceberg

Passed

Kiraya

Passed

Battle started: Gundam Barbatos Adapt against Gaia Gundam

iceberg

Gaia Gundam received 2 damage, now destroyed

Kiraya

Gundam Barbatos Adapt received 3 damage, now destroyed

Battle ended

Battle initiated

Kiraya

Battle declared: Gundam Barbatos 1st Form against Enemy Player

Gundam Barbatos 1st Form: Draw a card

iceberg

No blockers available

Action step

iceberg

Passed

Kiraya

Passed

Battle started: Gundam Barbatos 1st Form against Enemy Shield

iceberg

Shield card: Exass revealed and discarded

Battle ended

Kiraya

Hyakuren deployed

Turn end phase started

iceberg

Passed

Kiraya

Passed

Turn ended!

Turn 12 started!

iceberg

Played base: Girty Lue

Shield card added to hand

Gaia Gundam (MA Mode) deployed

Turn end phase started

Kiraya

Passed

iceberg

Passed

Turn ended!

Turn 13 started!

Kiraya

Gundam Barbatos Lupus deployed

Activated: Gundam Barbatos Lupus

Shiden Custom (Ryusei-Go), Gundam Barbatos 1st Form and Gundam Barbatos Adapt exiled from the game

Selecting target for Gundam Barbatos Lupus

Gundam Barbatos Lupus: Dealt 2 damage to Chaos Gundam (MA Mode), leaving 2 HP remaining

Activated: Gundam Barbatos Lupus

Ryusei-Go (Graze Custom Ⅱ), Graze Custom and Graze Custom exiled from the game

Selecting target for Gundam Barbatos Lupus

Gundam Barbatos Lupus: Dealt 2 damage to Chaos Gundam (MA Mode), now destroyed

Gundam Exia Repair deployed

Battle initiated

Kiraya

Battle declared: Gundam Barbatos 1st Form against Enemy Player

Gundam Barbatos 1st Form: Draw a card

iceberg

No blockers available

Action step

iceberg

Passed

Kiraya

Passed

Battle started: Gundam Barbatos 1st Form against Girty Lue

iceberg

Girty Lue received 3 damage, leaving 2 HP remaining

Battle ended

Battle initiated

Kiraya

Battle declared: Hyakuren against Enemy Player

iceberg

No blockers available

Action step

iceberg

Passed

Kiraya

Passed

Battle started: Hyakuren against Girty Lue

iceberg

Girty Lue received 4 damage, now destroyed

Battle ended

Turn end phase started

iceberg

Passed

Kiraya

Passed

Turn ended!

Turn 14 started!

iceberg

Chaos Gundam deployed

Turn end phase started

Kiraya

Passed

iceberg

Passed

Turn ended!

Turn 15 started!

Kiraya

Activated: Gundam Barbatos Lupus

Gundam Barbatos Lupus, Gundam Barbatos Adapt and Gundam Gusion Rebake exiled from the game

Selecting target for Gundam Barbatos Lupus

Gundam Barbatos Lupus: Dealt 2 damage to Chaos Gundam, now destroyed

Battle initiated

Kiraya

Battle declared: Gundam Exia Repair against Enemy Player

iceberg

No blockers available

Action step

iceberg

Passed

Kiraya

Passed

Battle started: Gundam Exia Repair against Enemy Shield

iceberg

Shield card: Chaos Gundam (MA Mode) revealed and discarded

Battle ended

Battle initiated

Kiraya

Battle declared: Gundam Barbatos 1st Form against Enemy Player

Gundam Barbatos 1st Form: Draw a card

iceberg

No blockers available

Action step

iceberg

Passed

Kiraya

Passed

Battle started: Gundam Barbatos 1st Form against Enemy Shield

iceberg

Shield card: 0 Gundam revealed and discarded

Battle ended

Battle initiated

Kiraya

Battle declared: Hyakuren against Enemy Player

iceberg

No blockers available

Action step

iceberg

Passed

Kiraya

Passed

Battle started: Hyakuren against Enemy Shield

iceberg

Shield card: Chaos Gundam (MA Mode) revealed and discarded

Battle ended

Battle initiated

Kiraya

Battle declared: Gundam Barbatos Lupus against Enemy Player

iceberg

No blockers available

Action step

iceberg

Passed

Kiraya

Passed

Battle started: Gundam Barbatos Lupus against Enemy Shield

iceberg

Shield card: Stellar Loussier revealed

Shield card added to hand: Stellar Loussier

Battle ended

Kiraya

Shiden Custom (Ryusei-Go) deployed

Winner!

Game ended!