Mobile Suit Arena - Battle logs
Game started!

TJL

Choose to play second

Choose to keep starting hand

Kiraya

Choose to mulligan starting hand

Turn 1 started!

Turn end phase started

TJL

Passed

Kiraya

Passed

Turn ended!

Turn 2 started!

Turn end phase started

Kiraya

Passed

TJL

Passed

Turn ended!

Turn 3 started!

Kiraya

Gundam Exia Repair deployed

Gundam Exia Repair deployed

Turn end phase started

TJL

Passed

Kiraya

Passed

Turn ended!

Turn 4 started!

Turn end phase started

Kiraya

Passed

TJL

Passed

Turn ended!

Turn 5 started!

Battle initiated

Kiraya

Battle declared: Gundam Exia Repair against Enemy Player

TJL

No blockers available

Action step

TJL

Passed

Kiraya

Passed

Battle started: Gundam Exia Repair against EX Base

TJL

EX Base received 2 damage, leaving 1 HP remaining

Battle ended

Battle initiated

Kiraya

Battle declared: Gundam Exia Repair against Enemy Player

TJL

No blockers available

Action step

TJL

Passed

Kiraya

Passed

Battle started: Gundam Exia Repair against EX Base

TJL

EX Base received 2 damage, now destroyed

Battle ended

Kiraya

Ryusei-Go (Graze Custom Ⅱ) deployed

Selecting target for Ryusei-Go (Graze Custom Ⅱ)

Ryusei-Go (Graze Custom Ⅱ): Dealt 1 damage to Ryusei-Go (Graze Custom Ⅱ), leaving 1 HP remaining

Ryusei-Go (Graze Custom Ⅱ): Draw a card

Selecting target for Ryusei-Go (Graze Custom Ⅱ)

Gundam Exia Repair discarded

Graze Custom deployed

Turn end phase started

TJL

Passed

Kiraya

Passed

Turn ended!

Turn 6 started!

TJL

Rick Dias deployed

Turn end phase started

Kiraya

Passed

TJL

Passed

Turn ended!

Turn 7 started!

Battle initiated

Kiraya

Battle declared: Ryusei-Go (Graze Custom Ⅱ) against Enemy Player

TJL

Assigned no blocker

Action step

TJL

Passed

Kiraya

Passed

Battle started: Ryusei-Go (Graze Custom Ⅱ) against Enemy Shield

TJL

Shield card: Kira Yamato revealed

Shield card added to hand: Kira Yamato

Battle ended

Battle initiated

Kiraya

Battle declared: Gundam Exia Repair against Enemy Player

TJL

Assigned no blocker

Action step

TJL

Passed

Kiraya

Passed

Battle started: Gundam Exia Repair against Enemy Shield

TJL

Shield card: Overflowing Affection revealed and discarded

Battle ended

Battle initiated

Kiraya

Battle declared: Gundam Exia Repair against Enemy Player

TJL

Assigned no blocker

Action step

TJL

Passed

Kiraya

Passed

Battle started: Gundam Exia Repair against Enemy Shield

TJL

Shield card: Gundam Lfrith revealed and discarded

Battle ended

Kiraya

Gundam Barbatos 2nd Form deployed

Linked pilot: Mikazuki Augus on unit Gundam Barbatos 2nd Form

Selecting target for Mikazuki Augus

Mikazuki Augus: Dealt 1 damage to: Gundam Barbatos 2nd Form and Rick Dias

Battle initiated

Kiraya

Battle declared: Gundam Barbatos 2nd Form against Enemy Player

TJL

Assigned no blocker

Action step

TJL

Passed

Kiraya

Passed

Battle started: Gundam Barbatos 2nd Form against Enemy Shield

TJL

Shield card: Freedom Gundam revealed and discarded

Battle ended

Kiraya

Replaced EX Base base: Isaribi

Shield card added to hand

Activated: Isaribi

Rested base: Isaribi

Isaribi: Modifier applied to: Ryusei-Go (Graze Custom Ⅱ)

Battle initiated

Kiraya

Battle declared: Graze Custom against Enemy Player

TJL

Assigned Rick Dias to block

Action step

TJL

Passed

Kiraya

Passed

Battle started: Graze Custom against Rick Dias

TJL

Rick Dias received 2 damage, now destroyed

Kiraya

Graze Custom received 3 damage, now destroyed

Battle ended

Turn end phase started

TJL

Passed

Kiraya

Passed

Turn ended!

Turn 8 started!

TJL

Aile Strike Gundam deployed

Linked pilot: Kira Yamato on unit Aile Strike Gundam

Selecting target for Aile Strike Gundam

Kiraya

Gundam Exia Repair returned to hand

Battle initiated

TJL

Battle declared: Aile Strike Gundam against Gundam Exia Repair

Selecting target for Kira Yamato

Kira Yamato: Modifier applied to: Gundam Exia Repair

Kiraya

No blockers available

Action step

Kiraya

Passed

TJL

Passed

Battle started: Aile Strike Gundam against Gundam Exia Repair

Kiraya

Gundam Exia Repair received 6 damage, now destroyed

TJL

Aile Strike Gundam received 0 damage, leaving 5 HP remaining

Kiraya

Gundam Exia Repair milled 2: Gundam Barbatos 1st Form and Gundam Barbatos Lupus moved to trash

Battle ended

Turn end phase started

Kiraya

Passed

TJL

Passed

Turn ended!

Turn 9 started!

Kiraya

Activated: Isaribi

Rested base: Isaribi

Isaribi: Modifier applied to: Ryusei-Go (Graze Custom Ⅱ)

Battle initiated

Kiraya

Battle declared: Ryusei-Go (Graze Custom Ⅱ) against Aile Strike Gundam

TJL

No blockers available

Action step

TJL

Passed

Kiraya

Passed

Battle started: Ryusei-Go (Graze Custom Ⅱ) against Aile Strike Gundam

TJL

Aile Strike Gundam received 4 damage, leaving 1 HP remaining

Kiraya

Ryusei-Go (Graze Custom Ⅱ) received 6 damage, now destroyed

Battle ended

Kiraya

Gundam Gusion Rebake deployed

Selecting target for Gundam Gusion Rebake

Gundam Gusion Rebake: Dealt 1 damage to: Gundam Gusion Rebake and Aile Strike Gundam

Battle initiated

Kiraya

Battle declared: Gundam Barbatos 2nd Form against Enemy Player

TJL

No blockers available

Action step

TJL

Passed

Kiraya

Passed

Battle started: Gundam Barbatos 2nd Form against Enemy Shield

TJL

Shield card: Amuro Ray revealed

Shield card added to hand: Amuro Ray

Battle ended

Kiraya

Gundam Exia Repair deployed

Turn end phase started

TJL

Passed

Kiraya

Passed

Turn ended!

Turn 10 started!

TJL

Aile Strike Gundam deployed

Linked pilot: Kira Yamato on unit Aile Strike Gundam

Selecting target for Aile Strike Gundam

Kiraya

Gundam Exia Repair returned to hand

Battle initiated

TJL

Battle declared: Aile Strike Gundam against Gundam Barbatos 2nd Form

Selecting target for Kira Yamato

Kira Yamato: Modifier applied to: Gundam Barbatos 2nd Form

Kiraya

Assigned no blocker

Action step

Kiraya

Passed

TJL

Passed

Battle started: Aile Strike Gundam against Gundam Barbatos 2nd Form

Kiraya

Gundam Barbatos 2nd Form received 6 damage, now destroyed

TJL

Aile Strike Gundam received 4 damage, leaving 1 HP remaining

Battle ended

Turn end phase started

Kiraya

Passed

TJL

Passed

Turn ended!

Turn 11 started!

Kiraya

Gundam Barbatos 1st Form deployed

Gundam Gusion Rebake deployed

Selecting target for Gundam Gusion Rebake

Gundam Gusion Rebake: Dealt 1 damage to: Gundam Barbatos 1st Form and Aile Strike Gundam

Battle initiated

Kiraya

Battle declared: Gundam Gusion Rebake against Enemy Player

TJL

No blockers available

Action step

TJL

Passed

Kiraya

Passed

Battle started: Gundam Gusion Rebake against Enemy Shield

TJL

Shield card: Archangel revealed

Played base: Archangel

No more Shield cards to add to hand

Battle ended

Turn end phase started

TJL

Passed

Kiraya

Passed

Turn ended!

Turn 12 started!

TJL

Gundam deployed

Linked pilot: Amuro Ray on unit Gundam

Selecting target for Amuro Ray

Rested unit: Gundam Gusion Rebake

Battle initiated

TJL

Battle declared: Gundam against Gundam Gusion Rebake

Kiraya

No blockers available

Action step

Kiraya

Passed

TJL

Passed

Battle started: Gundam against Gundam Gusion Rebake

Kiraya

Gundam Gusion Rebake received 6 damage, now destroyed

TJL

Gundam received 3 damage, leaving 2 HP remaining

Battle ended

TJL

Strike Rouge (Kira's Unit) deployed

Turn end phase started

Kiraya

Passed

TJL

Passed

Gundam repaired 2 from [Repair 2]

Turn ended!

Turn 13 started!

Kiraya

Gundam Barbatos Lupus deployed

Activated: Gundam Barbatos Lupus

Gundam Barbatos 1st Form, Gundam Barbatos 2nd Form and Gundam Gusion Rebake exiled from the game

Selecting target for Gundam Barbatos Lupus

Gundam Barbatos Lupus: Dealt 2 damage to Gundam, leaving 2 HP remaining

Activated: Gundam Barbatos Lupus

Graze Custom, Gundam Barbatos Lupus and Ryusei-Go (Graze Custom Ⅱ) exiled from the game

Selecting target for Gundam Barbatos Lupus

Gundam Barbatos Lupus: Dealt 2 damage to Gundam, now destroyed

Battle initiated

Kiraya

Battle declared: Gundam Barbatos 1st Form against Enemy Player

Gundam Barbatos 1st Form: Draw a card

TJL

No blockers available

Action step

TJL

Passed

Kiraya

Passed

Battle started: Gundam Barbatos 1st Form against Archangel

TJL

Archangel received 3 damage, leaving 2 HP remaining

Battle ended

Kiraya

Graze Custom deployed

Turn end phase started

TJL

Passed

Kiraya

Passed

Turn ended!

Turn 14 started!

TJL

Freedom Gundam deployed

Linked pilot: Kira Yamato on unit Freedom Gundam

Kira Yamato: Draw a card

Selecting target for Freedom Gundam

Freedom Gundam: Modifier applied to: Gundam Gusion Rebake

Paired pilot: Amuro Ray on unit Strike Rouge (Kira's Unit)

Selecting target for Amuro Ray

Rested unit: Gundam Gusion Rebake

Battle initiated

TJL

Battle declared: Strike Rouge (Kira's Unit) against Gundam Barbatos 1st Form

Kiraya

No blockers available

Action step

Kiraya

Passed

TJL

Passed

Battle started: Strike Rouge (Kira's Unit) against Gundam Barbatos 1st Form

Kiraya

Gundam Barbatos 1st Form received 5 damage, now destroyed

TJL

Strike Rouge (Kira's Unit) received 3 damage, leaving 2 HP remaining

Battle ended

Turn end phase started

Kiraya

Passed

TJL

Passed

Turn ended!

Turn 15 started!

Battle initiated

Kiraya

Battle declared: Graze Custom against Enemy Player

TJL

Assigned no blocker

Action step

TJL

Passed

Kiraya

Passed

Battle started: Graze Custom against Archangel

TJL

Archangel received 2 damage, now destroyed

Battle ended

Kiraya

Ryusei-Go (Graze Custom Ⅱ) deployed

Selecting target for Ryusei-Go (Graze Custom Ⅱ)

Ryusei-Go (Graze Custom Ⅱ): Dealt 1 damage to Gundam Gusion Rebake, leaving 4 HP remaining

Ryusei-Go (Graze Custom Ⅱ): Draw a card

Selecting target for Ryusei-Go (Graze Custom Ⅱ)

Gundam Exia Repair discarded

Activated: Isaribi

Rested base: Isaribi

Isaribi: Modifier applied to: Gundam Gusion Rebake

Battle initiated

Kiraya

Battle declared: Gundam Gusion Rebake against Enemy Player

TJL

Assigned Freedom Gundam to block

Action step

TJL

Passed

Kiraya

Passed

Battle started: Gundam Gusion Rebake against Freedom Gundam

TJL

Freedom Gundam received 5 damage, leaving 3 HP remaining

Kiraya

Gundam Gusion Rebake received 6 damage, now destroyed

Battle ended

Battle initiated

Kiraya

Battle declared: Gundam Barbatos Lupus against Enemy Player

TJL

No blockers available

Action step

TJL

Passed

Kiraya

Passed

Battle started: Gundam Barbatos Lupus against Enemy Player

TJL

No more shields available, game is over!

Kiraya

Winner!

Game ended!