Mobile Suit Arena - Battle logs
Game started!

sgd

Choose to play first

Choose to mulligan starting hand

Kiraya

Choose to mulligan starting hand

Turn 1 started!

Turn end phase started

Kiraya

Passed

sgd

Passed

Turn ended!

Turn 2 started!

Turn end phase started

sgd

Passed

Kiraya

Passed

Turn ended!

Turn 3 started!

Turn end phase started

Kiraya

Passed

sgd

Passed

Turn ended!

Turn 4 started!

Kiraya

Gundam Barbatos 1st Form deployed

Turn end phase started

sgd

Played action: Close Combat

Close Combat: Dealt 2 damage to Gundam Barbatos 1st Form, now destroyed

Kiraya

Passed

sgd

Passed

Kiraya

Turn ended!

Turn 5 started!

sgd

Chaos Gundam deployed

Linked pilot: Sting Oakley on unit Chaos Gundam

Battle initiated

sgd

Battle declared: Chaos Gundam against Enemy Player

Selecting target for Chaos Gundam

Chaos Gundam: Modifier applied to: Chaos Gundam

Kiraya

Can't block High-maneuver

Action step

Kiraya

Passed

sgd

Passed

Battle started: Chaos Gundam against EX Base

Kiraya

EX Base received 5 damage, now destroyed

Battle ended

Turn end phase started

Kiraya

Passed

sgd

Passed

Turn ended!

Turn 6 started!

Kiraya

Gundam Barbatos 2nd Form deployed

Gundam Barbatos Adapt deployed

Selecting target for Gundam Barbatos Adapt

Gundam Barbatos Adapt: Dealt 1 damage to: Gundam Barbatos 2nd Form and Chaos Gundam

Turn end phase started

sgd

Passed

Kiraya

Passed

Turn ended!

Turn 7 started!

Battle initiated

sgd

Battle declared: Chaos Gundam against Enemy Player

Selecting target for Chaos Gundam

Chaos Gundam: Modifier applied to: Chaos Gundam

Kiraya

Can't block High-maneuver

Action step

Kiraya

Passed

sgd

Passed

Battle started: Chaos Gundam against Enemy Shield

Kiraya

Shield card: Graze Custom revealed and discarded

Battle ended

sgd

Chaos Gundam deployed

Raider Gundam (MA Mode) deployed

Turn end phase started

Kiraya

Passed

sgd

Passed

Turn ended!

Turn 8 started!

Kiraya

Hyakuren deployed

Ryusei-Go (Graze Custom Ⅱ) deployed

Selecting target for Ryusei-Go (Graze Custom Ⅱ)

Ryusei-Go (Graze Custom Ⅱ): Dealt 1 damage to Gundam Barbatos 2nd Form, leaving 2 HP remaining

Ryusei-Go (Graze Custom Ⅱ): Draw a card

Selecting target for Ryusei-Go (Graze Custom Ⅱ)

Ryusei-Go (Graze Custom Ⅱ) discarded

Battle initiated

Kiraya

Battle declared: Gundam Barbatos Adapt against Chaos Gundam

sgd

No blockers available

Action step

sgd

Passed

Kiraya

Passed

Battle started: Gundam Barbatos Adapt against Chaos Gundam

sgd

Chaos Gundam received 2 damage, now destroyed

Kiraya

Gundam Barbatos Adapt received 5 damage, now destroyed

Battle ended

Battle initiated

Kiraya

Battle declared: Gundam Barbatos 2nd Form against Enemy Player

sgd

No blockers available

Action step

sgd

Passed

Kiraya

Passed

Battle started: Gundam Barbatos 2nd Form against EX Base

sgd

EX Base received 4 damage, now destroyed

Battle ended

Turn end phase started

sgd

Passed

Kiraya

Passed

Turn ended!

Turn 9 started!

sgd

Played base: Corsica Base

Shield card added to hand

Tallgeese deployed

Exass deployed

Battle initiated

sgd

Battle declared: Chaos Gundam against Enemy Player

No targets for Chaos Gundam

Kiraya

No blockers available

Action step

Kiraya

Passed

sgd

Passed

Battle started: Chaos Gundam against Enemy Shield

Kiraya

Shield card: Become a Shield revealed and discarded

Battle ended

Battle initiated

sgd

Battle declared: Raider Gundam (MA Mode) against Enemy Player

Kiraya

No blockers available

Action step

Kiraya

Passed

sgd

Passed

Battle started: Raider Gundam (MA Mode) against Enemy Shield

Kiraya

Shield card: Gundam Gusion Rebake revealed and discarded

Battle ended

Turn end phase started

Kiraya

Passed

sgd

Passed

Turn ended!

Turn 10 started!

Battle initiated

Kiraya

Battle declared: Ryusei-Go (Graze Custom Ⅱ) against Chaos Gundam

sgd

No blockers available

Action step

sgd

Passed

Kiraya

Passed

Battle started: Ryusei-Go (Graze Custom Ⅱ) against Chaos Gundam

sgd

Chaos Gundam received 2 damage, now destroyed

Kiraya

Ryusei-Go (Graze Custom Ⅱ) received 4 damage, now destroyed

Battle ended

Battle initiated

Kiraya

Battle declared: Gundam Barbatos 2nd Form against Raider Gundam (MA Mode)

sgd

No blockers available

Action step

sgd

Passed

Kiraya

Passed

Battle started: Gundam Barbatos 2nd Form against Raider Gundam (MA Mode)

sgd

Raider Gundam (MA Mode) received 4 damage, now destroyed

Kiraya

Gundam Barbatos 2nd Form received 4 damage, now destroyed

Battle ended

Battle initiated

Kiraya

Battle declared: Hyakuren against Enemy Player

sgd

No blockers available

Action step

sgd

Passed

Kiraya

Passed

Battle started: Hyakuren against Corsica Base

sgd

Corsica Base received 4 damage, leaving 1 HP remaining

Battle ended

Kiraya

Shiden Custom (Ryusei-Go) deployed

Hyakuren deployed

Turn end phase started

sgd

Passed

Kiraya

Passed

Turn ended!

Turn 11 started!

Battle initiated

sgd

Battle declared: Tallgeese against Enemy Player

Kiraya

Assigned no blocker

Action step

Kiraya

Passed

sgd

Passed

Battle started: Tallgeese against Enemy Shield

Kiraya

Shield card: Gundam Flauros (Ryusei-Go) revealed and discarded

Battle ended

Battle initiated

sgd

Battle declared: Exass against Enemy Player

Kiraya

Assigned Shiden Custom (Ryusei-Go) to block

Action step

Kiraya

Passed

sgd

Passed

Battle started: Exass against Shiden Custom (Ryusei-Go)

Kiraya

Shiden Custom (Ryusei-Go) received 4 damage, now destroyed

sgd

Exass received 4 damage, now destroyed

Battle ended

sgd

Gaia Gundam deployed

Gaia Gundam deployed

Exass deployed

Turn end phase started

Kiraya

Passed

sgd

Passed

Turn ended!

Turn 12 started!

Kiraya

Gundam Flauros (Ryusei-Go) deployed

Selecting target for Gundam Flauros (Ryusei-Go)

Battle initiated

Kiraya

Battle declared: Hyakuren against Enemy Player

sgd

No blockers available

Action step

sgd

Passed

Kiraya

Passed

Battle started: Hyakuren against Corsica Base

sgd

Corsica Base received 4 damage, now destroyed

Battle ended

Battle initiated

Kiraya

Battle declared: Hyakuren against Enemy Player

sgd

No blockers available

Action step

sgd

Passed

Kiraya

Passed

Battle started: Hyakuren against Enemy Shield

sgd

Shield card: Stellar Loussier revealed

Shield card added to hand: Stellar Loussier

Battle ended

Turn end phase started

sgd

Passed

Kiraya

Passed

Turn ended!

Turn 13 started!

Battle initiated

sgd

Battle declared: Exass against Enemy Player

Kiraya

No blockers available

Action step

Kiraya

Passed

sgd

Passed

Battle started: Exass against Enemy Shield

Kiraya

Shield card: Gundam Barbatos Adapt revealed and discarded

Battle ended

Battle initiated

sgd

Battle declared: Gaia Gundam against Enemy Player

Kiraya

No blockers available

Action step

Kiraya

Passed

sgd

Passed

Battle started: Gaia Gundam against Enemy Shield

Kiraya

Shield card: Isaribi revealed

Played base: Isaribi

No more Shield cards to add to hand

Battle ended

sgd

Gaia Gundam (MA Mode) deployed

Linked pilot: Stellar Loussier on unit Gaia Gundam (MA Mode)

Battle initiated

sgd

Battle declared: Gaia Gundam (MA Mode) against Enemy Player

Kiraya

No blockers available

Action step

Kiraya

Passed

sgd

Passed

Battle started: Gaia Gundam (MA Mode) against Isaribi

Kiraya

Isaribi received 6 damage, now destroyed

Battle ended

sgd

Raider Gundam deployed

Battle initiated

sgd

Battle declared: Gaia Gundam against Enemy Player

Kiraya

No blockers available

Action step

Kiraya

Passed

sgd

Passed

Battle started: Gaia Gundam against Enemy Player

Kiraya

No more shields available, game is over!

sgd

Winner!

Game ended!
