Mobile Suit Arena - Battle logs
Game started!

xDEADHEADx

Choose to play second

Kiraya

Choose to mulligan starting hand

xDEADHEADx

Choose to keep starting hand

Turn 1 started!

Turn end phase started

xDEADHEADx

Passed

Kiraya

Passed

Turn ended!

Turn 2 started!

xDEADHEADx

Hobby Hizack deployed

Turn end phase started

Kiraya

Passed

xDEADHEADx

Passed

Turn ended!

Turn 3 started!

Kiraya

Graze Custom deployed

Gundam Exia Repair deployed

Turn end phase started

xDEADHEADx

Passed

Kiraya

Passed

Turn ended!

Turn 4 started!

xDEADHEADx

Quess's Jagd Doga deployed

Turn end phase started

Kiraya

Passed

xDEADHEADx

Passed

Turn ended!

Turn 5 started!

Battle initiated

Kiraya

Battle declared: Gundam Exia Repair against Enemy Player

xDEADHEADx

No blockers available

Action step

xDEADHEADx

Passed

Kiraya

Passed

Battle started: Gundam Exia Repair against EX Base

xDEADHEADx

EX Base received 2 damage, leaving 1 HP remaining

Battle ended

Battle initiated

Kiraya

Battle declared: Graze Custom against Enemy Player

xDEADHEADx

No blockers available

Action step

xDEADHEADx

Passed

Kiraya

Passed

Battle started: Graze Custom against EX Base

xDEADHEADx

EX Base received 2 damage, now destroyed

Battle ended

Kiraya

Hyakuren deployed

Replaced EX Base base: Isaribi

Shield card added to hand

Turn end phase started

xDEADHEADx

Passed

Kiraya

Passed

Turn ended!

Turn 6 started!

Battle initiated

xDEADHEADx

Battle declared: Hobby Hizack against Gundam Exia Repair

Kiraya

No blockers available

Action step

Kiraya

Passed

xDEADHEADx

Passed

Battle started: Hobby Hizack against Gundam Exia Repair

Kiraya

Gundam Exia Repair received 2 damage, now destroyed

xDEADHEADx

Hobby Hizack received 2 damage, now destroyed

Kiraya

Gundam Exia Repair milled 2: Gundam Barbatos 1st Form and Isaribi moved to trash

Battle ended

Battle initiated

xDEADHEADx

Battle declared: Quess's Jagd Doga against Graze Custom

Kiraya

No blockers available

Action step

Kiraya

Passed

xDEADHEADx

Passed

Battle started: Quess's Jagd Doga against Graze Custom

Kiraya

Graze Custom received 3 damage, now destroyed

xDEADHEADx

Quess's Jagd Doga received 2 damage, now destroyed

Battle ended

xDEADHEADx

Rezin's Geara Doga deployed

Turn end phase started

Kiraya

Passed

xDEADHEADx

Passed

Turn ended!

Turn 7 started!

Kiraya

Shiden Custom (Ryusei-Go) deployed

Linked pilot: Ride Mass on unit Shiden Custom (Ryusei-Go)

Battle initiated

Kiraya

Battle declared: Hyakuren against Enemy Player

xDEADHEADx

No blockers available

Action step

xDEADHEADx

Passed

Kiraya

Passed

Battle started: Hyakuren against Enemy Shield

xDEADHEADx

Shield card: Char Aznable revealed

Shield card added to hand: Char Aznable

Battle ended

Battle initiated

Kiraya

Battle declared: Shiden Custom (Ryusei-Go) against Enemy Player

xDEADHEADx

No blockers available

Action step

xDEADHEADx

Passed

Kiraya

Passed

Battle started: Shiden Custom (Ryusei-Go) against Enemy Shield

xDEADHEADx

Shield card: Hobby Hizack revealed and discarded

Battle ended

Turn end phase started

xDEADHEADx

Passed

Kiraya

Passed

Turn ended!

Turn 8 started!

Battle initiated

xDEADHEADx

Battle declared: Rezin's Geara Doga against Hyakuren

Kiraya

No blockers available

Action step

Kiraya

Passed

xDEADHEADx

Passed

Battle started: Rezin's Geara Doga against Hyakuren

Kiraya

Hyakuren received 3 damage, now destroyed

xDEADHEADx

Rezin's Geara Doga received 4 damage, now destroyed

Battle ended

xDEADHEADx

Char's Zaku Ⅱ deployed

Linked pilot: Char Aznable on unit Char's Zaku Ⅱ

Battle initiated

xDEADHEADx

Battle declared: Char's Zaku Ⅱ against Enemy Player

Char Aznable: Modifier applied to: Char's Zaku Ⅱ

Kiraya

Can't block High-maneuver

Action step

Kiraya

Passed

xDEADHEADx

Passed

Battle started: Char's Zaku Ⅱ against Isaribi

Kiraya

Isaribi received 5 damage, now destroyed

Battle ended

Turn end phase started

Kiraya

Passed

xDEADHEADx

Passed

Turn ended!

Turn 9 started!

Kiraya

Gundam Gusion Rebake deployed

Selecting target for Gundam Gusion Rebake

Gundam Gusion Rebake: Dealt 1 damage to: Shiden Custom (Ryusei-Go) and Char's Zaku Ⅱ

Battle initiated

Kiraya

Battle declared: Shiden Custom (Ryusei-Go) against Enemy Player

xDEADHEADx

No blockers available

Action step

xDEADHEADx

Passed

Kiraya

Passed

Battle started: Shiden Custom (Ryusei-Go) against Enemy Shield

xDEADHEADx

Shield card: Zaku Ⅱ revealed and discarded

Battle ended

Turn end phase started

xDEADHEADx

Passed

Kiraya

Passed

Turn ended!

Turn 10 started!

Battle initiated

xDEADHEADx

Battle declared: Char's Zaku Ⅱ against Shiden Custom (Ryusei-Go)

Char Aznable: Modifier applied to: Char's Zaku Ⅱ

Kiraya

Can't block High-maneuver

Action step

Kiraya

Passed

xDEADHEADx

Passed

Battle started: Char's Zaku Ⅱ against Shiden Custom (Ryusei-Go)

Kiraya

Shiden Custom (Ryusei-Go) received 5 damage, now destroyed

xDEADHEADx

Char's Zaku Ⅱ received 4 damage, now destroyed

Char's Zaku Ⅱ deployed

Battle ended

xDEADHEADx

Zeong deployed

Linked pilot: Char Aznable on unit Zeong

Wire-Guided Arm deployed

Wire-Guided Arm deployed

Selecting target for Char Aznable

Battle initiated

xDEADHEADx

Battle declared: Zeong against Enemy Player

Kiraya

Assigned no blocker

Action step

Kiraya

Passed

xDEADHEADx

Passed

Battle started: Zeong against Enemy Shield

Kiraya

Shield card: Gundam Exia Repair revealed and discarded

Battle ended

Turn end phase started

Kiraya

Passed

xDEADHEADx

Passed

Turn ended!

Turn 11 started!

Kiraya

Gundam Flauros (Ryusei-Go) deployed

Selecting target for Gundam Flauros (Ryusei-Go)

Linked pilot: Mikazuki Augus on unit Gundam Flauros (Ryusei-Go)

Selecting target for Mikazuki Augus

Mikazuki Augus: Dealt 1 damage to: Gundam Flauros (Ryusei-Go) and Wire-Guided Arm

Battle initiated

Kiraya

Battle declared: Gundam Flauros (Ryusei-Go) against Zeong

Selecting target for Gundam Flauros (Ryusei-Go)

xDEADHEADx

No blockers available

Action step

xDEADHEADx

Passed

Kiraya

Passed

Battle started: Gundam Flauros (Ryusei-Go) against Zeong

xDEADHEADx

Zeong received 7 damage, now destroyed

Kiraya

Gundam Flauros (Ryusei-Go) received 6 damage, now destroyed

xDEADHEADx

Zeong (Head) deployed

Battle ended

Kiraya

Paired pilot: Mikazuki Augus on unit Gundam Gusion Rebake

Selecting target for Mikazuki Augus

Mikazuki Augus: Dealt 1 damage to: Gundam Gusion Rebake and Zeong (Head)

Battle initiated

Kiraya

Battle declared: Gundam Gusion Rebake against Enemy Player

xDEADHEADx

No blockers available

Action step

xDEADHEADx

Passed

Kiraya

Passed

Battle started: Gundam Gusion Rebake against Enemy Shield

xDEADHEADx

Shield card: Zeong revealed and discarded

Battle ended

Turn end phase started

xDEADHEADx

Passed

Kiraya

Passed

Turn ended!

Turn 12 started!

xDEADHEADx

Gyunei's Jagd Doga deployed

Quess's Jagd Doga deployed

Rezin's Geara Doga deployed

Turn end phase started

Kiraya

Passed

xDEADHEADx

Passed

Turn ended!

Turn 13 started!

Kiraya

Gundam Barbatos Lupus deployed

Activated: Gundam Barbatos Lupus

Graze Custom, Hyakuren and Gundam Flauros (Ryusei-Go) exiled from the game

Selecting target for Gundam Barbatos Lupus

Gundam Barbatos Lupus: Dealt 2 damage to Gyunei's Jagd Doga, now destroyed

Battle initiated

Kiraya

Battle declared: Gundam Gusion Rebake against Enemy Player

xDEADHEADx

No blockers available

Action step

xDEADHEADx

Passed

Kiraya

Passed

Battle started: Gundam Gusion Rebake against Enemy Shield

xDEADHEADx

Shield card: Rezin's Geara Doga revealed and discarded

Battle ended

Turn end phase started

xDEADHEADx

Passed

Kiraya

Passed

Turn ended!

Turn 14 started!

Battle initiated

xDEADHEADx

Battle declared: Quess's Jagd Doga against Gundam Gusion Rebake

Kiraya

No blockers available

Action step

Kiraya

Passed

xDEADHEADx

Passed

Battle started: Quess's Jagd Doga against Gundam Gusion Rebake

Kiraya

Gundam Gusion Rebake received 3 damage, leaving 2 HP remaining

xDEADHEADx

Quess's Jagd Doga received 5 damage, now destroyed

Battle ended

Battle initiated

xDEADHEADx

Battle declared: Rezin's Geara Doga against Gundam Gusion Rebake

Kiraya

No blockers available

Action step

Kiraya

Passed

xDEADHEADx

Passed

Battle started: Rezin's Geara Doga against Gundam Gusion Rebake

Kiraya

Gundam Gusion Rebake received 3 damage, now destroyed

xDEADHEADx

Rezin's Geara Doga received 5 damage, now destroyed

Battle ended

xDEADHEADx

Sazabi deployed

Rezin's Geara Doga deployed

Turn end phase started

Kiraya

Passed

xDEADHEADx

Passed

Turn ended!

Turn 15 started!

Kiraya

Gundam Barbatos 1st Form deployed

Gundam Barbatos Adapt deployed

Selecting target for Gundam Barbatos Adapt

Gundam Barbatos Adapt: Dealt 1 damage to: Gundam Barbatos 1st Form and Sazabi

Hyakuren deployed

Activated: Gundam Barbatos Lupus

Gundam Barbatos 1st Form, Shiden Custom (Ryusei-Go) and Gundam Gusion Rebake exiled from the game

Selecting target for Gundam Barbatos Lupus

Gundam Barbatos Lupus: Dealt 2 damage to Sazabi, leaving 2 HP remaining

Battle initiated

Kiraya

Battle declared: Gundam Barbatos Lupus against Enemy Player

xDEADHEADx

No blockers available

Action step

xDEADHEADx

Passed

Kiraya

Passed

Battle started: Gundam Barbatos Lupus against Enemy Shield

xDEADHEADx

Shield card: Char's Zaku Ⅱ revealed and discarded

Battle ended

Turn end phase started

xDEADHEADx

Passed

Kiraya

Passed

Turn ended!

Turn 16 started!

xDEADHEADx

Quess's Jagd Doga deployed

Battle initiated

xDEADHEADx

Battle declared: Sazabi against Gundam Barbatos Lupus

Selecting target for Sazabi

Kiraya

Selecting target for Sazabi

xDEADHEADx

Quess's Jagd Doga returned to hand

Kiraya

No blockers available

Action step

Kiraya

Passed

xDEADHEADx

Passed

Battle started: Sazabi against Gundam Barbatos Lupus

Kiraya

Gundam Barbatos Lupus received 5 damage, now destroyed

xDEADHEADx

Sazabi received 5 damage, now destroyed

Battle ended

xDEADHEADx

Gyunei's Jagd Doga deployed

Quess's Jagd Doga deployed

Kiraya

Winner!

Game ended!