Mobile Suit Arena - Battle logs
Game started!

Kiraya

Choose to play first

Choose to keep starting hand

1231

Choose to keep starting hand

Turn 1 started!

Turn end phase started

1231

Passed

Kiraya

Passed

Turn ended!

Turn 2 started!

Turn end phase started

Kiraya

Passed

1231

Passed

Turn ended!

Turn 3 started!

Kiraya

Gundam Exia Repair deployed

Turn end phase started

1231

Passed

Kiraya

Passed

Turn ended!

Turn 4 started!

Turn end phase started

Kiraya

Passed

1231

Passed

Turn ended!

Turn 5 started!

Kiraya

Ryusei-Go (Graze Custom Ⅱ) deployed

Selecting target for Ryusei-Go (Graze Custom Ⅱ)

Ryusei-Go (Graze Custom Ⅱ): Dealt 1 damage to Ryusei-Go (Graze Custom Ⅱ), leaving 1 HP remaining

Ryusei-Go (Graze Custom Ⅱ): Draw a card

Selecting target for Ryusei-Go (Graze Custom Ⅱ)

Become a Shield discarded

Graze Custom deployed

Battle initiated

Kiraya

Battle declared: Gundam Exia Repair against Enemy Player

1231

No blockers available

Action step

1231

Passed

Kiraya

Passed

Battle started: Gundam Exia Repair against EX Base

1231

EX Base received 2 damage, leaving 1 HP remaining

Battle ended

Turn end phase started

1231

Passed

Kiraya

Passed

Turn ended!

Turn 6 started!

1231

Played command: Signs of a Revolution

Signs of a Revolution: Dealt 2 damage to Gundam Exia Repair, now destroyed

Kiraya

Gundam Exia Repair milled 2: Isaribi and Shiden Custom (Ryusei-Go) moved to trash

Turn end phase started

Kiraya

Passed

1231

Passed

Turn ended!

Turn 7 started!

Battle initiated

Kiraya

Battle declared: Ryusei-Go (Graze Custom Ⅱ) against Enemy Player

1231

No blockers available

Action step

1231

Passed

Kiraya

Passed

Battle started: Ryusei-Go (Graze Custom Ⅱ) against EX Base

1231

EX Base received 2 damage, now destroyed

Battle ended

Battle initiated

Kiraya

Battle declared: Graze Custom against Enemy Player

1231

No blockers available

Action step

1231

Passed

Kiraya

Passed

Battle started: Graze Custom against Enemy Shield

1231

Shield card: Unicorn Gundam 02 Banshee (Destroy Mode) revealed and discarded

Battle ended

Kiraya

Gundam Barbatos 2nd Form deployed

Hyakuren deployed

Turn end phase started

1231

Played action: Kindhearted

Kindhearted: Draw a card

Kiraya

Passed

1231

Passed

Kiraya

Turn ended!

Turn 8 started!

1231

Played base: Rewloola

Shield card added to hand

Selecting target for Rewloola

Rewloola: Dealt 1 damage to Ryusei-Go (Graze Custom Ⅱ), now destroyed

Played command: Signs of a Revolution

Signs of a Revolution: Dealt 2 damage to Graze Custom, now destroyed

Turn end phase started

Kiraya

Passed

1231

Passed

Turn ended!

Turn 9 started!

Kiraya

Paired pilot: Mikazuki Augus on unit Hyakuren

Battle initiated

Kiraya

Battle declared: Hyakuren against Enemy Player

1231

No blockers available

Action step

1231

Passed

Kiraya

Passed

Battle started: Hyakuren against Rewloola

1231

Rewloola received 6 damage, now destroyed

Battle ended

Kiraya

Gundam Gusion Rebake deployed

No targets for Gundam Gusion Rebake

Battle initiated

Kiraya

Battle declared: Gundam Barbatos 2nd Form against Enemy Player

1231

No blockers available

Action step

1231

Passed

Kiraya

Passed

Battle started: Gundam Barbatos 2nd Form against Enemy Shield

1231

Shield card: Shuji's Hideout revealed

Played base: Shuji's Hideout

Shield card added to hand

Battle ended

Turn end phase started

1231

Passed

Kiraya

Passed

Turn ended!

Turn 10 started!

Kiraya

Winner!

Game ended!