Mobile Suit Arena - Battle logs
Game started!

Kiraya

Choose to play first

Juuto

Choose to mulligan starting hand

Kiraya

Choose to keep starting hand

Turn 1 started!

Turn end phase started

Juuto

Passed

Kiraya

Passed

Turn ended!

Turn 2 started!

Turn end phase started

Kiraya

Passed

Juuto

Passed

Turn ended!

Turn 3 started!

Kiraya

Graze Custom deployed

Turn end phase started

Juuto

Passed

Kiraya

Passed

Turn ended!

Turn 4 started!

Juuto

ReZEL deployed

Turn end phase started

Kiraya

Passed

Juuto

Passed

Turn ended!

Turn 5 started!

Kiraya

Hyakuren deployed

Battle initiated

Kiraya

Battle declared: Graze Custom against Enemy Player

Juuto

No blockers available

Action step

Juuto

Passed

Kiraya

Passed

Battle started: Graze Custom against EX Base

Juuto

EX Base received 2 damage, leaving 1 HP remaining

Battle ended

Turn end phase started

Juuto

Passed

Kiraya

Passed

Turn ended!

Turn 6 started!

Battle initiated

Juuto

Battle declared: ReZEL against Enemy Player

Kiraya

No blockers available

Action step

Kiraya

Passed

Juuto

Passed

Battle started: ReZEL against EX Base

Kiraya

EX Base received 4 damage, now destroyed

Battle ended

Juuto

Gundam deployed

Linked pilot: Amuro Ray on unit Gundam

Selecting target for Amuro Ray

Rested unit: Hyakuren

Battle initiated

Juuto

Battle declared: Gundam against Hyakuren

Kiraya

No blockers available

Action step

Kiraya

Passed

Juuto

Passed

Battle started: Gundam against Hyakuren

Kiraya

Hyakuren received 6 damage, now destroyed

Juuto

Gundam received 4 damage, leaving 1 HP remaining

Battle ended

Turn end phase started

Kiraya

Passed

Juuto

Passed

Gundam repaired 2 from [Repair 2]

Turn ended!

Turn 7 started!

Kiraya

Gundam Barbatos 1st Form deployed

Linked pilot: Mikazuki Augus on unit Gundam Barbatos 1st Form

Selecting target for Mikazuki Augus

Mikazuki Augus: Dealt 1 damage to: Gundam Barbatos 1st Form and Gundam

Battle initiated

Kiraya

Battle declared: Graze Custom against Gundam

Juuto

No blockers available

Action step

Juuto

Passed

Kiraya

Passed

Battle started: Graze Custom against Gundam

Juuto

Gundam received 2 damage, now destroyed

Kiraya

Graze Custom received 5 damage, now destroyed

Battle ended

Battle initiated

Kiraya

Battle declared: Gundam Barbatos 1st Form against Enemy Player

Gundam Barbatos 1st Form: Draw a card

Juuto

No blockers available

Action step

Juuto

Passed

Kiraya

Passed

Battle started: Gundam Barbatos 1st Form against EX Base

Juuto

EX Base received 5 damage, now destroyed

Battle ended

Kiraya

Played base: Isaribi

Shield card added to hand

Turn end phase started

Juuto

Passed

Kiraya

Passed

Turn ended!

Turn 8 started!

Battle initiated

Juuto

Battle declared: ReZEL against Gundam Barbatos 1st Form

Kiraya

No blockers available

Action step

Kiraya

Passed

Juuto

Passed

Battle started: ReZEL against Gundam Barbatos 1st Form

Kiraya

Gundam Barbatos 1st Form received 4 damage, now destroyed

Juuto

ReZEL received 5 damage, now destroyed

Battle ended

Juuto

Zaku Ⅱ deployed

Played command: A Show of Resolve

A Show of Resolve: Draw 2 cards

Turn end phase started

Kiraya

Passed

Juuto

Passed

Turn ended!

Turn 9 started!

Kiraya

Hyakuren deployed

Ryusei-Go (Graze Custom Ⅱ) deployed

Selecting target for Ryusei-Go (Graze Custom Ⅱ)

Ryusei-Go (Graze Custom Ⅱ): Dealt 1 damage to Hyakuren, leaving 2 HP remaining

Ryusei-Go (Graze Custom Ⅱ): Draw a card

Selecting target for Ryusei-Go (Graze Custom Ⅱ)

Gundam Gusion Rebake discarded

Gundam Exia Repair deployed

Turn end phase started

Juuto

Passed

Kiraya

Passed

Turn ended!

Turn 10 started!

Juuto

Kayra's Jegan deployed

Selecting target for Kayra's Jegan

Kayra's Jegan: Modifier applied to: Kayra's Jegan

Linked pilot: Kayra Su on unit Kayra's Jegan

Battle initiated

Juuto

Battle declared: Kayra's Jegan against Ryusei-Go (Graze Custom Ⅱ)

Kiraya

No blockers available

Action step

Kiraya

Passed

Juuto

Passed

Battle started: Kayra's Jegan against Ryusei-Go (Graze Custom Ⅱ)

Kiraya

Ryusei-Go (Graze Custom Ⅱ) received 3 damage, now destroyed

Juuto

Kayra's Jegan received 2 damage, leaving 2 HP remaining

Battle ended

Juuto

Jegan deployed

Turn end phase started

Kiraya

Passed

Juuto

Passed

Turn ended!

Turn 11 started!

Kiraya

Gundam Flauros (Ryusei-Go) deployed

Selecting target for Gundam Flauros (Ryusei-Go)

Battle initiated

Kiraya

Battle declared: Gundam Exia Repair against Kayra's Jegan

Juuto

No blockers available

Action step

Juuto

Passed

Kiraya

Passed

Battle started: Gundam Exia Repair against Kayra's Jegan

Juuto

Kayra's Jegan received 2 damage, now destroyed

Kiraya

Gundam Exia Repair received 3 damage, now destroyed

Gundam Exia Repair milled 2: Gundam Barbatos Lupus Rex and Mikazuki Augus moved to trash

Battle ended

Battle initiated

Kiraya

Battle declared: Hyakuren against Enemy Player

Juuto

No blockers available

Action step

Juuto

Passed

Kiraya

Passed

Battle started: Hyakuren against Enemy Shield

Juuto

Shield card: Zaku Ⅱ revealed and discarded

Battle ended

Kiraya

Graze Custom deployed

Turn end phase started

Juuto

Passed

Kiraya

Passed

Turn ended!

Turn 12 started!

Battle initiated

Juuto

Battle declared: Jegan against Hyakuren

Kiraya

No blockers available

Action step

Kiraya

Passed

Juuto

Passed

Battle started: Jegan against Hyakuren

Kiraya

Hyakuren received 2 damage, now destroyed

Juuto

Jegan received 4 damage, now destroyed

Battle ended

Juuto

Gundam deployed

Re-GZ deployed

Turn end phase started

Kiraya

Passed

Juuto

Passed

Turn ended!

Turn 13 started!

Kiraya

Gundam Barbatos Lupus deployed

Activated: Gundam Barbatos Lupus

Ryusei-Go (Graze Custom Ⅱ), Gundam Barbatos Lupus Rex and Hyakuren exiled from the game

Selecting target for Gundam Barbatos Lupus

Gundam Barbatos Lupus: Dealt 2 damage to Gundam, leaving 2 HP remaining

Activated: Gundam Barbatos Lupus

Hyakuren, Gundam Barbatos 1st Form and Gundam Gusion Rebake exiled from the game

Selecting target for Gundam Barbatos Lupus

Gundam Barbatos Lupus: Dealt 2 damage to Gundam, now destroyed

Battle initiated

Kiraya

Battle declared: Graze Custom against Enemy Player

Juuto

No blockers available

Action step

Juuto

Passed

Kiraya

Passed

Battle started: Graze Custom against Enemy Shield

Juuto

Shield card: Amuro Ray revealed

Shield card added to hand: Amuro Ray

Battle ended

Battle initiated

Kiraya

Battle declared: Gundam Flauros (Ryusei-Go) against Enemy Player

No targets for Gundam Flauros (Ryusei-Go)

Juuto

No blockers available

Action step

Juuto

Passed

Kiraya

Passed

Battle started: Gundam Flauros (Ryusei-Go) against Enemy Shield

Juuto

Shield card: ReZEL revealed and discarded

Battle ended

Turn end phase started

Juuto

Passed

Kiraya

Passed

Turn ended!

Turn 14 started!

Juuto

Nu Gundam deployed

Linked pilot: Amuro Ray on unit Nu Gundam

Selecting target for Nu Gundam

Kayra Su, Kayra's Jegan and Jegan exiled from the game

Selecting target for Nu Gundam

Battle started: Nu Gundam against Gundam Barbatos Lupus

Kiraya

Gundam Barbatos Lupus received 7 damage, now destroyed

Juuto

Nu Gundam received 5 damage, leaving 2 HP remaining

Kiraya

Breach 5: : Isaribi received 5 damage, now destroyed

Juuto

Healed 2 damage to: Nu Gundam

Battle ended

Battle initiated

Juuto

Battle declared: Re-GZ against Enemy Player

Kiraya

No blockers available

Action step

Kiraya

Passed

Juuto

Passed

Battle started: Re-GZ against Enemy Shield

Kiraya

Shield card: Gundam Barbatos Adapt revealed and discarded

Battle ended

Battle initiated

Juuto

Battle declared: Nu Gundam against Graze Custom

Kiraya

No blockers available

Action step

Kiraya

Passed

Juuto

Passed

Battle started: Nu Gundam against Graze Custom

Kiraya

Graze Custom received 7 damage, now destroyed

Juuto

Nu Gundam received 2 damage, leaving 2 HP remaining

Kiraya

Breach 5 Shield card: Graze Custom revealed and discarded

Juuto

Healed 2 damage to: Nu Gundam

Battle ended

Turn end phase started

Kiraya

Passed

Juuto

Passed

Turn ended!

Turn 15 started!

Battle initiated

Kiraya

Battle declared: Gundam Flauros (Ryusei-Go) against Nu Gundam

No targets for Gundam Flauros (Ryusei-Go)

Juuto

No blockers available

Action step

Juuto

Passed

Kiraya

Passed

Battle started: Gundam Flauros (Ryusei-Go) against Nu Gundam

Juuto

Nu Gundam received 5 damage, now destroyed

Kiraya

Gundam Flauros (Ryusei-Go) received 7 damage, now destroyed

Battle ended

Kiraya

Gundam Gusion Rebake deployed

Selecting target for Gundam Gusion Rebake

Gundam Gusion Rebake: Dealt 1 damage to: Gundam Gusion Rebake and Re-GZ

Gundam Gusion Rebake deployed

Selecting target for Gundam Gusion Rebake

Gundam Gusion Rebake: Dealt 1 damage to: Gundam Gusion Rebake and Re-GZ

Juuto

Selecting target for Re-GZ

Card added to hand: Re-GZ

Turn end phase started

Juuto

Passed

Kiraya

Passed

Turn ended!

Turn 16 started!

Juuto

Re-GZ deployed

Linked pilot: Amuro Ray on unit Re-GZ

Kayra's Jegan deployed

Selecting target for Kayra's Jegan

Kayra's Jegan: Modifier applied to: Re-GZ

Battle initiated

Juuto

Battle declared: Re-GZ against Gundam Gusion Rebake

Kiraya

Assigned no blocker

Action step

Kiraya

Passed

Juuto

Passed

Battle started: Re-GZ against Gundam Gusion Rebake

Kiraya

Gundam Gusion Rebake received 6 damage, now destroyed

Juuto

Re-GZ received 3 damage, leaving 1 HP remaining

Healed 2 damage to: Re-GZ

Battle ended

Turn end phase started

Kiraya

Passed

Juuto

Passed

Turn ended!

Turn 17 started!

Kiraya

Gundam Barbatos Lupus deployed

Played base: Isaribi

Shield card added to hand

Gundam Exia Repair deployed

Activated: Gundam Barbatos Lupus

Graze Custom, Gundam Flauros (Ryusei-Go) and Gundam Gusion Rebake exiled from the game

Selecting target for Gundam Barbatos Lupus

Gundam Barbatos Lupus: Dealt 2 damage to Re-GZ, leaving 1 HP remaining

Activated: Gundam Barbatos Lupus

Gundam Barbatos Lupus, Gundam Barbatos Adapt and Graze Custom exiled from the game

Selecting target for Gundam Barbatos Lupus

Gundam Barbatos Lupus: Dealt 2 damage to Re-GZ, now destroyed

Juuto

Selecting target for Re-GZ

Card added to hand: Nu Gundam

Battle initiated

Kiraya

Battle declared: Gundam Gusion Rebake against Enemy Player

Juuto

No blockers available

Action step

Juuto

Passed

Kiraya

Passed

Battle started: Gundam Gusion Rebake against Enemy Shield

Juuto

Shield card: Jegan revealed and discarded

Battle ended

Turn end phase started

Juuto

Passed

Kiraya

Passed

Turn ended!

Turn 18 started!

Juuto

Nu Gundam deployed

Linked pilot: Amuro Ray on unit Nu Gundam

Selecting target for Nu Gundam

Re-GZ, Re-GZ and Jegan exiled from the game

Selecting target for Nu Gundam

Battle started: Nu Gundam against Gundam Barbatos Lupus

Kiraya

Gundam Barbatos Lupus received 7 damage, now destroyed

Juuto

Nu Gundam received 5 damage, leaving 2 HP remaining

Kiraya

Breach 5: : Isaribi received 5 damage, now destroyed

Juuto

Healed 2 damage to: Nu Gundam

Battle ended

Battle initiated

Juuto

Battle declared: Kayra's Jegan against Enemy Player

Kiraya

No blockers available

Action step

Kiraya

Passed

Juuto

Passed

Battle started: Kayra's Jegan against Enemy Shield

Kiraya

Shield card: Ryusei-Go (Graze Custom Ⅱ) revealed and discarded

Battle ended

Battle initiated

Juuto

Battle declared: Nu Gundam against Gundam Gusion Rebake

Kiraya

No blockers available

Action step

Kiraya

Passed

Juuto

Passed

Battle started: Nu Gundam against Gundam Gusion Rebake

Kiraya

Gundam Gusion Rebake received 7 damage, now destroyed

Juuto

Nu Gundam received 3 damage, leaving 1 HP remaining

Kiraya

Breach 5 Shield card: Gundam Barbatos Lupus revealed and discarded

Juuto

Healed 2 damage to: Nu Gundam

Battle ended

Turn end phase started

Kiraya

Passed

Juuto

Passed

Turn ended!

Turn 19 started!

Battle initiated

Kiraya

Battle declared: Gundam Exia Repair against Kayra's Jegan

Juuto

No blockers available

Action step

Juuto

Passed

Kiraya

Passed

Battle started: Gundam Exia Repair against Kayra's Jegan

Juuto

Kayra's Jegan received 2 damage, leaving 1 HP remaining

Kiraya

Gundam Exia Repair received 2 damage, now destroyed

Gundam Exia Repair: destroyed Kayra's Jegan

Gundam Exia Repair milled 2: Gundam Exia Repair and Become a Shield moved to trash

Battle ended

Kiraya

Gundam Exia Repair deployed

Gundam Barbatos 1st Form deployed

Turn end phase started

Juuto

Passed

Kiraya

Passed

Turn ended!

Turn 20 started!

Juuto

Nu Gundam deployed

Linked pilot: Amuro Ray on unit Nu Gundam

Selecting target for Amuro Ray

Rested unit: Gundam Barbatos 1st Form

Selecting target for Nu Gundam

Nu Gundam, Amuro Ray and Kayra's Jegan exiled from the game

Selecting target for Nu Gundam

Battle started: Nu Gundam against Gundam Exia Repair

Kiraya

Gundam Exia Repair received 7 damage, now destroyed

Juuto

Nu Gundam received 2 damage, leaving 4 HP remaining

Kiraya

Gundam Exia Repair milled 2: Ryusei-Go (Graze Custom Ⅱ) and Gundam Barbatos 2nd Form moved to trash

Battle ended

Battle initiated

Juuto

Battle declared: Nu Gundam against Enemy Player

Kiraya

No blockers available

Action step

Kiraya

Passed

Juuto

Passed

Battle started: Nu Gundam against Enemy Player

Kiraya

No more shields available, game is over!

Juuto

Winner!

Game ended!