Mobile Suit Arena - Battle logs
Game started!

gogogo

Choose to play second

Kiraya

Choose to mulligan starting hand

gogogo

Choose to keep starting hand

Turn 1 started!

Turn end phase started

gogogo

Passed

Kiraya

Passed

Turn ended!

Turn 2 started!

gogogo

Played command: Overflowing Affection

Overflowing Affection: Draw 2 cards

Selecting target for Overflowing Affection

Destiny Gundam discarded

Turn end phase started

Kiraya

Passed

gogogo

Passed

Turn ended!

Turn 3 started!

Kiraya

Graze Custom deployed

Graze Custom deployed

Turn end phase started

gogogo

Passed

Kiraya

Passed

Turn ended!

Turn 4 started!

gogogo

Kapool deployed

Turn end phase started

Kiraya

Passed

gogogo

Passed

Turn ended!

Turn 5 started!

Battle initiated

Kiraya

Battle declared: Graze Custom against Enemy Player

gogogo

No blockers available

Action step

gogogo

Passed

Kiraya

Passed

Battle started: Graze Custom against EX Base

gogogo

EX Base received 2 damage, leaving 1 HP remaining

Battle ended

Battle initiated

Kiraya

Battle declared: Graze Custom against Enemy Player

gogogo

No blockers available

Action step

gogogo

Passed

Kiraya

Passed

Battle started: Graze Custom against EX Base

gogogo

EX Base received 2 damage, now destroyed

Battle ended

Kiraya

Gundam Barbatos 1st Form deployed

Replaced EX Base base: Isaribi

Shield card added to hand

Turn end phase started

gogogo

Passed

Kiraya

Passed

Turn ended!

Turn 6 started!

gogogo

Sword Impulse Gundam deployed

Battle initiated

gogogo

Battle declared: Kapool against Graze Custom

Selecting target for Kapool

Rested 1 Resource

Kapool: Draw a card

Selecting target for Kapool

Impulse Gundam discarded

Kiraya

No blockers available

Action step

Kiraya

Passed

gogogo

Passed

Battle started: Kapool against Graze Custom

Kiraya

Graze Custom received 3 damage, now destroyed

gogogo

Kapool received 2 damage, leaving 1 HP remaining

Battle ended

Turn end phase started

Kiraya

Passed

gogogo

Passed

Turn ended!

Turn 7 started!

Kiraya

Ryusei-Go (Graze Custom Ⅱ) deployed

Selecting target for Ryusei-Go (Graze Custom Ⅱ)

Ryusei-Go (Graze Custom Ⅱ): Dealt 1 damage to Gundam Barbatos 1st Form, leaving 1 HP remaining

Ryusei-Go (Graze Custom Ⅱ): Draw a card

Selecting target for Ryusei-Go (Graze Custom Ⅱ)

Mikazuki Augus discarded

Ryusei-Go (Graze Custom Ⅱ) deployed

Selecting target for Ryusei-Go (Graze Custom Ⅱ)

Ryusei-Go (Graze Custom Ⅱ): Dealt 1 damage to Ryusei-Go (Graze Custom Ⅱ), leaving 1 HP remaining

Ryusei-Go (Graze Custom Ⅱ): Draw a card

Selecting target for Ryusei-Go (Graze Custom Ⅱ)

Gundam Exia Repair discarded

Battle initiated

Kiraya

Battle declared: Gundam Barbatos 1st Form against Enemy Player

Gundam Barbatos 1st Form: Draw a card

gogogo

No blockers available

Action step

gogogo

Passed

Kiraya

Passed

Battle started: Gundam Barbatos 1st Form against Enemy Shield

gogogo

Shield card: Gundam Lfrith revealed and discarded

Battle ended

Battle initiated

Kiraya

Battle declared: Graze Custom against Enemy Player

gogogo

No blockers available

Action step

gogogo

Passed

Kiraya

Passed

Battle started: Graze Custom against Enemy Shield

gogogo

Shield card: Blast Impulse Gundam revealed and discarded

Battle ended

Turn end phase started

gogogo

Passed

Kiraya

Passed

Turn ended!

Turn 8 started!

Battle initiated

gogogo

Battle declared: Sword Impulse Gundam against Gundam Barbatos 1st Form

Kiraya

No blockers available

Action step

Kiraya

Passed

gogogo

Passed

Battle started: Sword Impulse Gundam against Gundam Barbatos 1st Form

Kiraya

Gundam Barbatos 1st Form received 4 damage, now destroyed

gogogo

Sword Impulse Gundam received 3 damage, now destroyed

Battle ended

gogogo

Impulse Gundam deployed

Activated: Impulse Gundam

Rested 2 Resources

Impulse Gundam returned to deck

Sword Impulse Gundam deployed

Selecting target for Sword Impulse Gundam

Sword Impulse Gundam: destroyed Ryusei-Go (Graze Custom Ⅱ)

Battle initiated

gogogo

Battle declared: Kapool against Graze Custom

Selecting target for Kapool

Kiraya

No blockers available

Action step

Kiraya

Passed

gogogo

Passed

Battle started: Kapool against Graze Custom

Kiraya

Graze Custom received 3 damage, now destroyed

gogogo

Kapool received 2 damage, now destroyed

Battle ended

Turn end phase started

Kiraya

Passed

gogogo

Passed

Turn ended!

Turn 9 started!

Kiraya

Shiden Custom (Ryusei-Go) deployed

Graze Custom deployed

Battle initiated

Kiraya

Battle declared: Ryusei-Go (Graze Custom Ⅱ) against Enemy Player

gogogo

No blockers available

Action step

gogogo

Passed

Kiraya

Passed

Battle started: Ryusei-Go (Graze Custom Ⅱ) against Enemy Shield

gogogo

Shield card: Overflowing Affection revealed and discarded

Battle ended

Turn end phase started

gogogo

Passed

Kiraya

Passed

Turn ended!

Turn 10 started!

gogogo

Played command: Overflowing Affection

Overflowing Affection: Draw 2 cards

Selecting target for Overflowing Affection

Destiny Gundam discarded

Played command: Overflowing Affection

Overflowing Affection: Draw 2 cards

Selecting target for Overflowing Affection

Kapool discarded

Played base: Argama

Shield card added to hand

Battle initiated

gogogo

Battle declared: Sword Impulse Gundam against Ryusei-Go (Graze Custom Ⅱ)

Kiraya

Assigned no blocker

Action step

Kiraya

Passed

gogogo

Passed

Battle started: Sword Impulse Gundam against Ryusei-Go (Graze Custom Ⅱ)

Kiraya

Ryusei-Go (Graze Custom Ⅱ) received 4 damage, now destroyed

gogogo

Sword Impulse Gundam received 2 damage, now destroyed

Battle ended

gogogo

Sword Impulse Gundam deployed

Sword Impulse Gundam: Dealt 1 damage to Sword Impulse Gundam, leaving 2 HP remaining

Selecting target for Sword Impulse Gundam

Rested unit: Graze Custom

Turn end phase started

Kiraya

Passed

gogogo

Passed

Turn ended!

Turn 11 started!

Kiraya

Gundam Flauros (Ryusei-Go) deployed

No targets for Gundam Flauros (Ryusei-Go)

Linked pilot: Ride Mass on unit Gundam Flauros (Ryusei-Go)

Battle initiated

Kiraya

Battle declared: Gundam Flauros (Ryusei-Go) against Enemy Player

No targets for Gundam Flauros (Ryusei-Go)

gogogo

No blockers available

Action step

gogogo

Passed

Kiraya

Passed

Battle started: Gundam Flauros (Ryusei-Go) against Argama

gogogo

Argama received 5 damage, now destroyed

Battle ended

Battle initiated

Kiraya

Battle declared: Graze Custom against Enemy Player

gogogo

No blockers available

Action step

gogogo

Passed

Kiraya

Passed

Battle started: Graze Custom against Enemy Shield

gogogo

Shield card: Widespread Annihilation revealed and discarded

Battle ended

Turn end phase started

gogogo

Passed

Kiraya

Passed

Turn ended!

Turn 12 started!

gogogo

Destiny Gundam deployed

Linked pilot: Shinn Asuka on unit Destiny Gundam

Battle initiated

gogogo

Battle declared: Destiny Gundam against Gundam Flauros (Ryusei-Go)

Shinn Asuka: 1 resource set as active

Selecting target for Destiny Gundam

Rested 2 Resources (Exiled 1 Resource EX)

Sword Impulse Gundam deployed

Selecting target for Sword Impulse Gundam

Sword Impulse Gundam: destroyed Graze Custom

Kiraya

Can't block High-maneuver

Action step

Kiraya

Passed

gogogo

Passed

Battle started: Destiny Gundam against Gundam Flauros (Ryusei-Go)

Kiraya

Gundam Flauros (Ryusei-Go) received 8 damage, now destroyed

gogogo

Destiny Gundam received 5 damage, now destroyed

Battle ended

Battle initiated

gogogo

Battle declared: Sword Impulse Gundam against Enemy Player

Kiraya

Assigned no blocker

Action step

Kiraya

Passed

gogogo

Passed

Battle started: Sword Impulse Gundam against Isaribi

Kiraya

Isaribi received 3 damage, leaving 2 HP remaining

Battle ended

Turn end phase started

Kiraya

Passed

gogogo

Passed

Turn ended!

Turn 13 started!

Kiraya

Gundam Barbatos Lupus deployed

Activated: Gundam Barbatos Lupus

Gundam Barbatos 1st Form, Ryusei-Go (Graze Custom Ⅱ) and Gundam Flauros (Ryusei-Go) exiled from the game

Selecting target for Gundam Barbatos Lupus

Gundam Barbatos Lupus: Dealt 2 damage to Sword Impulse Gundam, now destroyed

Activated: Gundam Barbatos Lupus

Graze Custom, Ryusei-Go (Graze Custom Ⅱ) and Graze Custom exiled from the game

Selecting target for Gundam Barbatos Lupus

Gundam Barbatos Lupus: Dealt 2 damage to Sword Impulse Gundam, now destroyed

Battle initiated

Kiraya

Battle declared: Shiden Custom (Ryusei-Go) against Enemy Player

gogogo

No blockers available

Action step

gogogo

Passed

Kiraya

Passed

Battle started: Shiden Custom (Ryusei-Go) against Enemy Shield

gogogo

Shield card: ∀ Gundam revealed and discarded

Battle ended

Kiraya

Gundam Exia Repair deployed

Turn end phase started

gogogo

Passed

Kiraya

Passed

Turn ended!

Turn 14 started!

Turn end phase started

Kiraya

Passed

Winner!

Game ended!