Mobile Suit Arena - Battle logs
Game started!

Nate

Choose to play second

Kiraya

Choose to keep starting hand

Nate

Choose to keep starting hand

Turn 1 started!

Turn end phase started

Nate

Passed

Kiraya

Passed

Turn ended!

Turn 2 started!

Turn end phase started

Kiraya

Passed

Nate

Passed

Turn ended!

Turn 3 started!

Kiraya

Gundam Exia Repair deployed

Turn end phase started

Nate

Passed

Kiraya

Passed

Turn ended!

Turn 4 started!

Nate

Gadeel deployed

Turn end phase started

Kiraya

Passed

Nate

Passed

Turn ended!

Turn 5 started!

Kiraya

Hyakuren deployed

Battle initiated

Kiraya

Battle declared: Gundam Exia Repair against Enemy Player

Nate

No blockers available

Action step

Nate

Passed

Kiraya

Passed

Battle started: Gundam Exia Repair against EX Base

Nate

EX Base received 2 damage, leaving 1 HP remaining

Battle ended

Turn end phase started

Nate

Passed

Kiraya

Passed

Turn ended!

Turn 6 started!

Battle initiated

Nate

Battle declared: Gadeel against Enemy Player

Kiraya

No blockers available

Action step

Kiraya

Passed

Nate

Passed

Battle started: Gadeel against EX Base

Kiraya

EX Base received 3 damage, now destroyed

Battle ended

Nate

Victory Gundam deployed

Turn end phase started

Kiraya

Passed

Nate

Passed

Turn ended!

Turn 7 started!

Battle initiated

Kiraya

Battle declared: Gundam Exia Repair against Gadeel

Nate

No blockers available

Action step

Nate

Passed

Kiraya

Passed

Battle started: Gundam Exia Repair against Gadeel

Nate

Gadeel received 2 damage, leaving 1 HP remaining

Kiraya

Gundam Exia Repair received 3 damage, now destroyed

Gundam Exia Repair: destroyed Gadeel

Gundam Exia Repair milled 2: Gundam Barbatos Lupus and Gundam Barbatos Adapt moved to trash

Battle ended

Kiraya

Gundam Barbatos 1st Form deployed

Ryusei-Go (Graze Custom Ⅱ) deployed

Selecting target for Ryusei-Go (Graze Custom Ⅱ)

Ryusei-Go (Graze Custom Ⅱ): Dealt 1 damage to Gundam Barbatos 1st Form, leaving 1 HP remaining

Ryusei-Go (Graze Custom Ⅱ): Draw a card

Selecting target for Ryusei-Go (Graze Custom Ⅱ)

Gundam Exia Repair discarded

Battle initiated

Kiraya

Battle declared: Hyakuren against Enemy Player

Nate

No blockers available

Action step

Nate

Passed

Kiraya

Passed

Battle started: Hyakuren against EX Base

Nate

EX Base received 4 damage, now destroyed

Battle ended

Turn end phase started

Nate

Passed

Kiraya

Passed

Turn ended!

Turn 8 started!

Nate

Gadeel deployed

Gadeel deployed

Turn end phase started

Kiraya

Passed

Nate

Passed

Turn ended!

Turn 9 started!

Battle initiated

Kiraya

Battle declared: Gundam Barbatos 1st Form against Enemy Player

Gundam Barbatos 1st Form: Draw a card

Nate

No blockers available

Action step

Nate

Passed

Kiraya

Passed

Battle started: Gundam Barbatos 1st Form against Enemy Shield

Nate

Shield card: Üso Ewin revealed

Shield card added to hand: Üso Ewin

Battle ended

Battle initiated

Kiraya

Battle declared: Ryusei-Go (Graze Custom Ⅱ) against Enemy Player

Nate

No blockers available

Action step

Nate

Passed

Kiraya

Passed

Battle started: Ryusei-Go (Graze Custom Ⅱ) against Enemy Shield

Nate

Shield card: Javelin revealed and discarded

Battle ended

Battle initiated

Kiraya

Battle declared: Hyakuren against Enemy Player

Nate

No blockers available

Action step

Nate

Passed

Kiraya

Passed

Battle started: Hyakuren against Enemy Shield

Nate

Shield card: Daughtress Flyer revealed and discarded

Battle ended

Kiraya

Hyakuren deployed

Graze Custom deployed

Graze Custom deployed

Turn end phase started

Nate

Passed

Kiraya

Passed

Turn ended!

Turn 10 started!

Battle initiated

Nate

Battle declared: Gadeel against Gundam Barbatos 1st Form

Gadeel: Modifier applied to: Gadeel

Kiraya

No blockers available

Action step

Kiraya

Passed

Nate

Passed

Battle started: Gadeel against Gundam Barbatos 1st Form

Kiraya

Gundam Barbatos 1st Form received 3 damage, now destroyed

Nate

Gadeel received 3 damage, now destroyed

Kiraya

Breach 3 Shield card: Gundam Gusion Rebake revealed and discarded

Battle ended

Battle initiated

Nate

Battle declared: Gadeel against Hyakuren

Kiraya

No blockers available

Action step

Kiraya

Passed

Nate

Passed

Battle started: Gadeel against Hyakuren

Kiraya

Hyakuren received 3 damage, now destroyed

Nate

Gadeel received 4 damage, now destroyed

Battle ended

Nate

V2 Gundam deployed

Linked pilot: Üso Ewin on unit V2 Gundam

Parts deployed

Battle initiated

Nate

Battle declared: Victory Gundam against Enemy Player

Victory Gundam: Draw a card

Kiraya

No blockers available

Action step

Kiraya

Passed

Nate

Passed

Battle started: Victory Gundam against Enemy Shield

Kiraya

Shield card: Hyakuren revealed and discarded

Battle ended

Battle initiated

Nate

Battle declared: V2 Gundam against Ryusei-Go (Graze Custom Ⅱ)

Kiraya

No blockers available

Action step

Kiraya

Passed

Nate

Passed

Battle started: V2 Gundam against Ryusei-Go (Graze Custom Ⅱ)

Kiraya

Ryusei-Go (Graze Custom Ⅱ) received 6 damage, now destroyed

Nate

V2 Gundam received 2 damage, leaving 4 HP remaining

Battle ended

Turn end phase started

Kiraya

Passed

Nate

Passed

V2 Gundam repaired 2 from [Repair 2]

Turn ended!

Turn 11 started!

Kiraya

Gundam Flauros (Ryusei-Go) deployed

Selecting target for Gundam Flauros (Ryusei-Go)

Battle initiated

Kiraya

Battle declared: Graze Custom against Enemy Player

Nate

No blockers available

Action step

Nate

Passed

Kiraya

Passed

Battle started: Graze Custom against Enemy Shield

Nate

Shield card: Gadeel revealed and discarded

Battle ended

Battle initiated

Kiraya

Battle declared: Graze Custom against Enemy Player

Nate

No blockers available

Action step

Nate

Passed

Kiraya

Passed

Battle started: Graze Custom against Enemy Shield

Nate

Shield card: Olba Frost revealed

Shield card added to hand: Olba Frost

Battle ended

Battle initiated

Kiraya

Battle declared: Hyakuren against Enemy Player

Nate

No blockers available

Action step

Nate

Passed

Kiraya

Passed

Battle started: Hyakuren against Enemy Shield

Nate

Shield card: Gun Blaster revealed and discarded

Battle ended

Kiraya

Linked pilot: Ride Mass on unit Gundam Flauros (Ryusei-Go)

Battle initiated

Kiraya

Battle declared: Gundam Flauros (Ryusei-Go) against Enemy Player

No targets for Gundam Flauros (Ryusei-Go)

Nate

No blockers available

Action step

Nate

Passed

Kiraya

Passed

Battle started: Gundam Flauros (Ryusei-Go) against Enemy Player

Nate

No more shields available, game is over!

Kiraya

Winner!

Game ended!