Mobile Suit Arena - Battle logs
Game started!

Eshaku

Choose to play first

Choose to keep starting hand

Kiraya

Choose to keep starting hand

Turn 1 started!

Turn end phase started

Kiraya

Passed

Eshaku

Passed

Turn ended!

Turn 2 started!

Kiraya

Gundam Exia Repair deployed

Turn end phase started

Eshaku

Passed

Kiraya

Passed

Turn ended!

Turn 3 started!

Turn end phase started

Kiraya

Passed

Eshaku

Passed

Turn ended!

Turn 4 started!

Battle initiated

Kiraya

Battle declared: Gundam Exia Repair against Enemy Player

Eshaku

No blockers available

Action step

Eshaku

Played action: Close Combat

Close Combat: Dealt 2 damage to Gundam Exia Repair, now destroyed

Kiraya

Gundam Exia Repair milled 2: Gundam Barbatos Lupus Rex and Gundam Barbatos Adapt moved to trash

Passed

Eshaku

Passed

Battle ended

Kiraya

Ryusei-Go (Graze Custom Ⅱ) deployed

Selecting target for Ryusei-Go (Graze Custom Ⅱ)

Ryusei-Go (Graze Custom Ⅱ): Dealt 1 damage to Ryusei-Go (Graze Custom Ⅱ), leaving 1 HP remaining

Ryusei-Go (Graze Custom Ⅱ): Draw a card

Selecting target for Ryusei-Go (Graze Custom Ⅱ)

Gundam Barbatos 2nd Form discarded

Turn end phase started

Eshaku

Passed

Kiraya

Passed

Turn ended!

Turn 5 started!

Eshaku

Replaced EX Base base: Rewloola

Shield card added to hand

Selecting target for Rewloola

Rewloola: Dealt 1 damage to Ryusei-Go (Graze Custom Ⅱ), now destroyed

Turn end phase started

Kiraya

Passed

Eshaku

Passed

Turn ended!

Turn 6 started!

Kiraya

Hyakuren deployed

Gundam Exia Repair deployed

Turn end phase started

Eshaku

Passed

Kiraya

Passed

Turn ended!

Turn 7 started!

Eshaku

Gundam Barbatos 1st Form deployed

Linked pilot: Mikazuki Augus on unit Gundam Barbatos 1st Form

Selecting target for Mikazuki Augus

Mikazuki Augus: Dealt 1 damage to: Gundam Barbatos 1st Form and Gundam Exia Repair

Kiraya

Gundam Exia Repair milled 2: Gundam Barbatos 1st Form and Gundam Gusion Rebake moved to trash

Battle initiated

Eshaku

Battle declared: Gundam Barbatos 1st Form against Enemy Player

Gundam Barbatos 1st Form: Draw a card

Kiraya

No blockers available

Action step

Kiraya

Passed

Eshaku

Passed

Battle started: Gundam Barbatos 1st Form against EX Base

Kiraya

EX Base received 5 damage, now destroyed

Battle ended

Turn end phase started

Kiraya

Passed

Eshaku

Passed

Turn ended!

Turn 8 started!

Kiraya

Ryusei-Go (Graze Custom Ⅱ) deployed

Selecting target for Ryusei-Go (Graze Custom Ⅱ)

Ryusei-Go (Graze Custom Ⅱ): Dealt 1 damage to Ryusei-Go (Graze Custom Ⅱ), leaving 1 HP remaining

Ryusei-Go (Graze Custom Ⅱ): Draw a card

Selecting target for Ryusei-Go (Graze Custom Ⅱ)

Mikazuki Augus discarded

Shiden Custom (Ryusei-Go) deployed

Battle initiated

Kiraya

Battle declared: Hyakuren against Gundam Barbatos 1st Form

Eshaku

No blockers available

Action step

Eshaku

Passed

Kiraya

Passed

Battle started: Hyakuren against Gundam Barbatos 1st Form

Eshaku

Gundam Barbatos 1st Form received 4 damage, now destroyed

Kiraya

Hyakuren received 5 damage, now destroyed

Battle ended

Turn end phase started

Eshaku

Passed

Kiraya

Passed

Turn ended!

Turn 9 started!

Eshaku

Gundam Barbatos Adapt deployed

Selecting target for Gundam Barbatos Adapt

Gundam Barbatos Adapt: Dealt 1 damage to: Gundam Barbatos Adapt and Ryusei-Go (Graze Custom Ⅱ)

Hyakuren deployed

Turn end phase started

Kiraya

Passed

Eshaku

Passed

Turn ended!

Turn 10 started!

Kiraya

Played base: Isaribi

Shield card added to hand

Gundam Gusion Rebake deployed

Selecting target for Gundam Gusion Rebake

Gundam Gusion Rebake: Dealt 1 damage to: Gundam Gusion Rebake and Gundam Barbatos Adapt

Battle initiated

Kiraya

Battle declared: Shiden Custom (Ryusei-Go) against Enemy Player

Eshaku

No blockers available

Action step

Eshaku

Passed

Kiraya

Passed

Battle started: Shiden Custom (Ryusei-Go) against Rewloola

Eshaku

Rewloola received 4 damage, leaving 1 HP remaining

Battle ended

Turn end phase started

Eshaku

Passed

Kiraya

Passed

Turn ended!

Turn 11 started!

Eshaku

Replaced Rewloola base: Mining Asteroid Palau

Shield card added to hand

Battle initiated

Eshaku

Battle declared: Hyakuren against Enemy Player

Kiraya

Assigned Gundam Gusion Rebake to block

Action step

Kiraya

Passed

Eshaku

Passed

Battle started: Hyakuren against Gundam Gusion Rebake

Kiraya

Gundam Gusion Rebake received 4 damage, now destroyed

Eshaku

Hyakuren received 3 damage, now destroyed

Battle ended

Battle initiated

Eshaku

Battle declared: Gundam Barbatos Adapt against Enemy Player

Kiraya

No blockers available

Action step

Kiraya

Passed

Eshaku

Passed

Battle started: Gundam Barbatos Adapt against Isaribi

Kiraya

Isaribi received 2 damage, leaving 3 HP remaining

Battle ended

Eshaku

Hyakuren deployed

Turn end phase started

Kiraya

Passed

Eshaku

Passed

Turn ended!

Turn 12 started!

Kiraya

Shiden Custom (Ryusei-Go) deployed

Shiden Custom (Ryusei-Go) deployed

Battle initiated

Kiraya

Battle declared: Shiden Custom (Ryusei-Go) against Enemy Player

Eshaku

No blockers available

Action step

Eshaku

Passed

Kiraya

Passed

Battle started: Shiden Custom (Ryusei-Go) against Mining Asteroid Palau

Eshaku

Mining Asteroid Palau received 4 damage, leaving 2 HP remaining

Battle ended

Turn end phase started

Eshaku

Passed

Kiraya

Passed

Turn ended!

Turn 13 started!

Eshaku

Replaced Mining Asteroid Palau base: Rewloola

Shield card added to hand

Selecting target for Rewloola

Rewloola: Dealt 1 damage to Shiden Custom (Ryusei-Go), leaving 2 HP remaining

Gundam Barbatos Adapt deployed

Selecting target for Gundam Barbatos Adapt

Gundam Barbatos Adapt: Dealt 1 damage to: Gundam Barbatos Adapt and Shiden Custom (Ryusei-Go)

Gundam Barbatos Adapt deployed

Selecting target for Gundam Barbatos Adapt

Gundam Barbatos Adapt: Dealt 1 damage to: Gundam Barbatos Adapt and Shiden Custom (Ryusei-Go)

Battle initiated

Eshaku

Battle declared: Hyakuren against Enemy Player

Kiraya

Assigned Shiden Custom (Ryusei-Go) to block

Action step

Kiraya

Passed

Eshaku

Passed

Battle started: Hyakuren against Shiden Custom (Ryusei-Go)

Kiraya

Shiden Custom (Ryusei-Go) received 4 damage, now destroyed

Eshaku

Hyakuren received 4 damage, now destroyed

Battle ended

Battle initiated

Eshaku

Battle declared: Gundam Barbatos Adapt against Enemy Player

Kiraya

No blockers available

Action step

Kiraya

Passed

Eshaku

Passed

Battle started: Gundam Barbatos Adapt against Isaribi

Kiraya

Isaribi received 2 damage, leaving 1 HP remaining

Battle ended

Turn end phase started

Kiraya

Passed

Eshaku

Passed

Turn ended!

Turn 14 started!

Kiraya

Gundam Barbatos Lupus deployed

Activated: Gundam Barbatos Lupus

Gundam Gusion Rebake, Shiden Custom (Ryusei-Go) and Shiden Custom (Ryusei-Go) exiled from the game

Selecting target for Gundam Barbatos Lupus

Gundam Barbatos Lupus: Dealt 2 damage to Gundam Barbatos Adapt, leaving 2 HP remaining

Activated: Gundam Barbatos Lupus

Gundam Gusion Rebake, Hyakuren and Ryusei-Go (Graze Custom Ⅱ) exiled from the game

Selecting target for Gundam Barbatos Lupus

Gundam Barbatos Lupus: Dealt 2 damage to Gundam Barbatos Adapt, now destroyed

Activated: Gundam Barbatos Lupus

Gundam Barbatos Lupus Rex, Gundam Barbatos Adapt and Gundam Barbatos 1st Form exiled from the game

Selecting target for Gundam Barbatos Lupus

Gundam Barbatos Lupus: Dealt 2 damage to Gundam Barbatos Adapt, now destroyed

Battle initiated

Kiraya

Battle declared: Shiden Custom (Ryusei-Go) against Enemy Player

Eshaku

No blockers available

Action step

Eshaku

Passed

Kiraya

Passed

Battle started: Shiden Custom (Ryusei-Go) against Rewloola

Eshaku

Rewloola received 4 damage, leaving 1 HP remaining

Battle ended

Turn end phase started

Eshaku

Passed

Kiraya

Passed

Turn ended!

Turn 15 started!

Eshaku

Played action: Improved Technique

Improved Technique: Dealt 3 damage to Shiden Custom (Ryusei-Go), now destroyed

Battle initiated

Eshaku

Battle declared: Gundam Barbatos Adapt against Enemy Player

Kiraya

No blockers available

Action step

Kiraya

Passed

Eshaku

Passed

Battle started: Gundam Barbatos Adapt against Isaribi

Kiraya

Isaribi received 2 damage, now destroyed

Battle ended

Eshaku

Sazabi deployed

Turn end phase started

Kiraya

Passed

Eshaku

Passed

Turn ended!

Turn 16 started!

Kiraya

Ryusei-Go (Graze Custom Ⅱ) deployed

Selecting target for Ryusei-Go (Graze Custom Ⅱ)

Ryusei-Go (Graze Custom Ⅱ): Dealt 1 damage to Ryusei-Go (Graze Custom Ⅱ), leaving 1 HP remaining

Ryusei-Go (Graze Custom Ⅱ): Draw a card

Selecting target for Ryusei-Go (Graze Custom Ⅱ)

Hyakuren discarded

Gundam Barbatos Adapt deployed

Selecting target for Gundam Barbatos Adapt

Gundam Barbatos Adapt: Dealt 1 damage to: Gundam Barbatos Adapt and Gundam Barbatos Adapt

Activated: Gundam Barbatos Lupus

Ryusei-Go (Graze Custom Ⅱ), Shiden Custom (Ryusei-Go) and Hyakuren exiled from the game

Selecting target for Gundam Barbatos Lupus

Gundam Barbatos Lupus: Dealt 2 damage to Gundam Barbatos Adapt, now destroyed

Battle initiated

Kiraya

Battle declared: Gundam Barbatos Lupus against Enemy Player

Eshaku

No blockers available

Action step

Eshaku

Passed

Kiraya

Passed

Battle started: Gundam Barbatos Lupus against Rewloola

Eshaku

Rewloola received 5 damage, now destroyed

Battle ended

Turn end phase started

Eshaku

Passed

Kiraya

Passed

Turn ended!

Turn 17 started!

Eshaku

GQuuuuuuX (Omega Psycommu) deployed

Selecting target for GQuuuuuuX (Omega Psycommu)

GQuuuuuuX (Omega Psycommu): Dealt 3 damage to Gundam Barbatos Lupus, leaving 2 HP remaining

Played action: Close Combat

Close Combat: Dealt 2 damage to Gundam Barbatos Lupus, now destroyed

Battle initiated

Eshaku

Battle declared: Sazabi against Enemy Player

Selecting target for Sazabi

Kiraya

No blockers available

Action step

Kiraya

Passed

Eshaku

Passed

Battle started: Sazabi against Enemy Shield

Kiraya

Shield cards: Hyakuren and Isaribi revealed

Shield cards: Hyakuren moved to trash

Played base: Isaribi

Shield card added to hand

Battle ended

Turn end phase started

Kiraya

Passed

Eshaku

Passed

Turn ended!

Turn 18 started!

Kiraya

Activated: Isaribi

Rested base: Isaribi

Isaribi: Modifier applied to: Ryusei-Go (Graze Custom Ⅱ)

Battle initiated

Kiraya

Battle declared: Ryusei-Go (Graze Custom Ⅱ) against Sazabi

Eshaku

No blockers available

Action step

Eshaku

Passed

Kiraya

Passed

Battle started: Ryusei-Go (Graze Custom Ⅱ) against Sazabi

Eshaku

Sazabi received 4 damage, leaving 1 HP remaining

Kiraya

Ryusei-Go (Graze Custom Ⅱ) received 5 damage, now destroyed

Battle ended

Kiraya

Gundam Barbatos Adapt deployed

Selecting target for Gundam Barbatos Adapt

Gundam Barbatos Adapt: Dealt 1 damage to: Gundam Barbatos Adapt and Sazabi

Gundam Barbatos Lupus deployed

Activated: Gundam Barbatos Lupus

Gundam Barbatos Lupus, Hyakuren and Ryusei-Go (Graze Custom Ⅱ) exiled from the game

Selecting target for Gundam Barbatos Lupus

Gundam Barbatos Lupus: Dealt 2 damage to GQuuuuuuX (Omega Psycommu), leaving 3 HP remaining

Battle initiated

Kiraya

Battle declared: Gundam Barbatos Adapt against Enemy Player

Eshaku

No blockers available

Action step

Eshaku

Passed

Kiraya

Passed

Battle started: Gundam Barbatos Adapt against Enemy Shield

Eshaku

Shield card: Gundam Gusion Rebake revealed and discarded

Battle ended

Kiraya

Gundam Exia Repair deployed

Turn end phase started

Eshaku

Passed

Kiraya

Passed

Turn ended!

Turn 19 started!

Eshaku

Played action: Battle of Aces

Battle of Aces: Dealt 3 damage to Gundam Barbatos Adapt, now destroyed

Paired pilot: Mikazuki Augus on unit GQuuuuuuX (Omega Psycommu)

Selecting target for Mikazuki Augus

Mikazuki Augus: Dealt 1 damage to: GQuuuuuuX (Omega Psycommu) and Gundam Exia Repair

Kiraya

Gundam Exia Repair milled 2: Graze Custom and Graze Custom moved to trash

Battle initiated

Eshaku

Battle declared: GQuuuuuuX (Omega Psycommu) against Enemy Player

Kiraya

No blockers available

Action step

Kiraya

Passed

Eshaku

Passed

Battle started: GQuuuuuuX (Omega Psycommu) against Isaribi

Kiraya

Isaribi received 8 damage, now destroyed

Battle ended

Turn end phase started

Kiraya

Passed

Eshaku

Passed

Turn ended!

Turn 20 started!

Battle initiated

Kiraya

Battle declared: Gundam Barbatos Adapt against GQuuuuuuX (Omega Psycommu)

Eshaku

No blockers available

Action step

Eshaku

Passed

Kiraya

Passed

Battle started: Gundam Barbatos Adapt against GQuuuuuuX (Omega Psycommu)

Eshaku

GQuuuuuuX (Omega Psycommu) received 2 damage, leaving 1 HP remaining

Kiraya

Gundam Barbatos Adapt received 8 damage, now destroyed

Battle ended

Kiraya

Activated: Gundam Barbatos Lupus

Gundam Barbatos Adapt, Graze Custom and Gundam Barbatos Adapt exiled from the game

Selecting target for Gundam Barbatos Lupus

Gundam Barbatos Lupus: Dealt 2 damage to GQuuuuuuX (Omega Psycommu), now destroyed

Battle initiated

Kiraya

Battle declared: Gundam Barbatos Lupus against Enemy Player

Eshaku

No blockers available

Action step

Eshaku

Passed

Kiraya

Passed

Battle started: Gundam Barbatos Lupus against Enemy Shield

Eshaku

Shield card: Kshatriya revealed and discarded

Battle ended

Kiraya

Gundam Flauros (Ryusei-Go) deployed

No targets for Gundam Flauros (Ryusei-Go)

Turn end phase started

Eshaku

Passed

Kiraya

Passed

Turn ended!

Turn 21 started!

Eshaku

Gundam Barbatos 1st Form deployed

Linked pilot: Mikazuki Augus on unit Gundam Barbatos 1st Form

Selecting target for Mikazuki Augus

Mikazuki Augus: Dealt 1 damage to: Gundam Barbatos 1st Form and Gundam Flauros (Ryusei-Go)

Battle initiated

Eshaku

Battle declared: Gundam Barbatos 1st Form against Gundam Barbatos Lupus

Gundam Barbatos 1st Form: Draw a card

Kiraya

No blockers available

Action step

Kiraya

Passed

Eshaku

Passed

Battle started: Gundam Barbatos 1st Form against Gundam Barbatos Lupus

Kiraya

Gundam Barbatos Lupus received 5 damage, now destroyed

Eshaku

Gundam Barbatos 1st Form received 5 damage, now destroyed

Battle ended

Turn end phase started

Kiraya

Passed

Eshaku

Passed

Turn ended!

Turn 22 started!

Battle initiated

Kiraya

Battle declared: Gundam Flauros (Ryusei-Go) against Enemy Player

No targets for Gundam Flauros (Ryusei-Go)

Eshaku

No blockers available

Action step

Eshaku

Passed

Kiraya

Passed

Battle started: Gundam Flauros (Ryusei-Go) against Enemy Shield

Eshaku

Shield card: Kshatriya revealed and discarded

Battle ended

Kiraya

Gundam Barbatos 1st Form deployed

Turn end phase started

Eshaku

Played action: Improved Technique

Improved Technique: Dealt 3 damage to Gundam Barbatos 1st Form, now destroyed

Kiraya

Passed

Eshaku

Passed

Kiraya

Turn ended!

Turn 23 started!

Eshaku

Kshatriya deployed

Linked pilot: Marida Cruz on unit Kshatriya

Selecting target for Kshatriya

Dealt 1 damage to Gundam Flauros (Ryusei-Go), leaving 1 HP remaining

Battle initiated

Eshaku

Battle declared: Kshatriya against Enemy Player

Selecting target for Marida Cruz

Marida Cruz: Dealt 1 damage to Gundam Flauros (Ryusei-Go), now destroyed

Kiraya

No blockers available

Action step

Kiraya

Passed

Eshaku

Passed

Battle started: Kshatriya against Enemy Shield

Kiraya

Shield card: Mikazuki Augus revealed

Shield card added to hand: Mikazuki Augus

Battle ended

Turn end phase started

Kiraya

Passed

Eshaku

Passed

Turn ended!

Turn 24 started!

Kiraya

Ryusei-Go (Graze Custom Ⅱ) deployed

Selecting target for Ryusei-Go (Graze Custom Ⅱ)

Ryusei-Go (Graze Custom Ⅱ): Dealt 1 damage to Ryusei-Go (Graze Custom Ⅱ), leaving 1 HP remaining

Ryusei-Go (Graze Custom Ⅱ): Draw a card

Selecting target for Ryusei-Go (Graze Custom Ⅱ)

Hyakuren discarded

Linked pilot: Mikazuki Augus on unit Ryusei-Go (Graze Custom Ⅱ)

Selecting target for Mikazuki Augus

Mikazuki Augus: Dealt 1 damage to: Ryusei-Go (Graze Custom Ⅱ) and Kshatriya

Battle initiated

Kiraya

Battle declared: Ryusei-Go (Graze Custom Ⅱ) against Enemy Player

Eshaku

No blockers available

Action step

Eshaku

Passed

Kiraya

Passed

Battle started: Ryusei-Go (Graze Custom Ⅱ) against Enemy Player

Eshaku

No more shields available, game is over!

Kiraya

Winner!

Game ended!