Mobile Suit Arena - Battle logs
Game started!

Kiraya

Choose to play first

Choose to mulligan starting hand

jaysanti

Choose to keep starting hand

Turn 1 started!

Turn end phase started

jaysanti

Passed

Kiraya

Passed

Turn ended!

Turn 2 started!

jaysanti

Shining Gundam deployed

Turn end phase started

Kiraya

Passed

jaysanti

Passed

Turn ended!

Turn 3 started!

Kiraya

Graze Custom deployed

Gundam Exia Repair deployed

Turn end phase started

jaysanti

Passed

Kiraya

Passed

Turn ended!

Turn 4 started!

jaysanti

Gundam Maxter deployed

Turn end phase started

Kiraya

Passed

jaysanti

Passed

Turn ended!

Turn 5 started!

Battle initiated

Kiraya

Battle declared: Gundam Exia Repair against Enemy Player

jaysanti

No blockers available

Action step

jaysanti

Passed

Kiraya

Passed

Battle started: Gundam Exia Repair against EX Base

jaysanti

EX Base received 2 damage, leaving 1 HP remaining

Battle ended

Battle initiated

Kiraya

Battle declared: Graze Custom against Enemy Player

jaysanti

No blockers available

Action step

jaysanti

Passed

Kiraya

Passed

Battle started: Graze Custom against EX Base

jaysanti

EX Base received 2 damage, now destroyed

Battle ended

Kiraya

Replaced EX Base base: Isaribi

Shield card added to hand

Gundam Barbatos 1st Form deployed

Turn end phase started

jaysanti

Passed

Kiraya

Passed

Turn ended!

Turn 6 started!

jaysanti

Royal Gundam deployed

Battle initiated

jaysanti

Battle declared: Shining Gundam against Graze Custom

Kiraya

No blockers available

Action step

Kiraya

Passed

jaysanti

Passed

Battle started: Shining Gundam against Graze Custom

Kiraya

Graze Custom received 2 damage, now destroyed

jaysanti

Shining Gundam received 2 damage, now destroyed

Battle ended

Battle initiated

jaysanti

Battle declared: Gundam Maxter against Gundam Exia Repair

Kiraya

No blockers available

Action step

Kiraya

Passed

jaysanti

Passed

Battle started: Gundam Maxter against Gundam Exia Repair

Kiraya

Gundam Exia Repair received 3 damage, now destroyed

jaysanti

Gundam Maxter received 2 damage, now destroyed

Selecting target for Gundam Maxter

Card added to hand: Shining Finger

Kiraya

Gundam Exia Repair milled 2: Gundam Barbatos Lupus and Gundam Gusion Rebake moved to trash

Battle ended

Turn end phase started

Kiraya

Passed

jaysanti

Passed

Turn ended!

Turn 7 started!

Kiraya

Gundam Barbatos 2nd Form deployed

Gundam Exia Repair deployed

Gundam Exia Repair deployed

Turn end phase started

jaysanti

Played action: Darkness Finger

Darkness Finger: Dealt 2 damage to Gundam Barbatos 1st Form, now destroyed

Kiraya

Passed

jaysanti

Passed

Kiraya

Turn ended!

Turn 8 started!

jaysanti

Played base: Gundam Fight

Shield card added to hand

Dragon Gundam deployed

Played command: Hoka Kyoten Juzetsujin

Hoka Kyoten Juzetsujin: Modifier applied to: Dragon Gundam

Selecting target for Hoka Kyoten Juzetsujin

Linked pilot: Sai Saici on unit Dragon Gundam

Battle initiated

jaysanti

Battle declared: Dragon Gundam against Enemy Player

Selecting target for Hoka Kyoten Juzetsujin

Hoka Kyoten Juzetsujin: Modifier applied to: Royal Gundam

Kiraya

No blockers available

Action step

Kiraya

Passed

jaysanti

Passed

Battle started: Dragon Gundam against Isaribi

Kiraya

Isaribi received 6 damage, now destroyed

jaysanti

Selecting target for Dragon Gundam

Dealt 2 damage to Gundam Exia Repair, now destroyed

Kiraya

Gundam Exia Repair milled 2: Gundam Barbatos Lupus and Mikazuki Augus moved to trash

Battle ended

Turn end phase started

Kiraya

Passed

jaysanti

Passed

Turn ended!

Turn 9 started!

Kiraya

Played base: Isaribi

Shield card added to hand

Gundam Barbatos Adapt deployed

Selecting target for Gundam Barbatos Adapt

Gundam Barbatos Adapt: Dealt 1 damage to: Gundam Barbatos 2nd Form and Royal Gundam

Played action: Become a Shield

Selecting target for Become a Shield

Become a Shield: Dealt 1 damage to: Gundam Barbatos 2nd Form and Royal Gundam

Activated: Isaribi

Rested base: Isaribi

Isaribi: Modifier applied to: Gundam Barbatos 2nd Form

Battle initiated

Kiraya

Battle declared: Gundam Barbatos 2nd Form against Dragon Gundam

jaysanti

No blockers available

Action step

jaysanti

Passed

Kiraya

Passed

Battle started: Gundam Barbatos 2nd Form against Dragon Gundam

jaysanti

Dragon Gundam received 6 damage, now destroyed

Kiraya

Gundam Barbatos 2nd Form received 6 damage, now destroyed

Battle ended

Battle initiated

Kiraya

Battle declared: Gundam Exia Repair against Enemy Player

jaysanti

No blockers available

Action step

jaysanti

Passed

Kiraya

Passed

Battle started: Gundam Exia Repair against Gundam Fight

jaysanti

Gundam Fight received 2 damage, leaving 3 HP remaining

Battle ended

Turn end phase started

jaysanti

Passed

Kiraya

Passed

Turn ended!

Turn 10 started!

jaysanti

Played command: Overflowing Affection

Overflowing Affection: Draw 2 cards

Selecting target for Overflowing Affection

Dragon Gundam discarded

Gundam Maxter deployed

Turn end phase started

Kiraya

Passed

jaysanti

Passed

Turn ended!

Turn 11 started!

Kiraya

Shiden Custom (Ryusei-Go) deployed

Hyakuren deployed

Battle initiated

Kiraya

Battle declared: Gundam Barbatos Adapt against Enemy Player

jaysanti

No blockers available

Action step

jaysanti

Passed

Kiraya

Passed

Battle started: Gundam Barbatos Adapt against Gundam Fight

jaysanti

Gundam Fight received 2 damage, leaving 1 HP remaining

Battle ended

Battle initiated

Kiraya

Battle declared: Gundam Exia Repair against Enemy Player

jaysanti

No blockers available

Action step

jaysanti

Passed

Kiraya

Passed

Battle started: Gundam Exia Repair against Gundam Fight

jaysanti

Gundam Fight received 2 damage, now destroyed

Battle ended

Kiraya

Replaced Isaribi base: Isaribi

Shield card added to hand

Turn end phase started

jaysanti

Passed

Kiraya

Passed

Turn ended!

Turn 12 started!

jaysanti

Rising Gundam deployed

Linked pilot: Domon Kasshu on unit Rising Gundam

Domon Kasshu: Draw a card

Selecting target for Domon Kasshu

Shining Finger discarded

Selecting target for Domon Kasshu

Selecting target for Shining Finger

Rested unit: Shiden Custom (Ryusei-Go)

Selecting target for Rising Gundam

Rested unit: Hyakuren

Battle initiated

jaysanti

Battle declared: Gundam Maxter against Shiden Custom (Ryusei-Go)

Kiraya

No blockers available

Action step

Kiraya

Passed

jaysanti

Passed

Battle started: Gundam Maxter against Shiden Custom (Ryusei-Go)

Kiraya

Shiden Custom (Ryusei-Go) received 3 damage, now destroyed

jaysanti

Gundam Maxter received 4 damage, now destroyed

Selecting target for Gundam Maxter

Card added to hand: Cyclone Punch

Battle ended

Battle initiated

jaysanti

Battle declared: Rising Gundam against Gundam Barbatos Adapt

Kiraya

No blockers available

Action step

Kiraya

Passed

jaysanti

Passed

Battle started: Rising Gundam against Gundam Barbatos Adapt

Kiraya

Gundam Barbatos Adapt received 6 damage, now destroyed

jaysanti

Rising Gundam received 2 damage, leaving 2 HP remaining

Battle ended

jaysanti

Shining Gundam deployed

Shining Gundam deployed

Turn end phase started

Kiraya

Passed

jaysanti

Passed

Turn ended!

Turn 13 started!

Battle initiated

Kiraya

Battle declared: Gundam Exia Repair against Rising Gundam

jaysanti

No blockers available

Action step

jaysanti

Passed

Kiraya

Passed

Battle started: Gundam Exia Repair against Rising Gundam

jaysanti

Rising Gundam received 2 damage, now destroyed

Kiraya

Gundam Exia Repair received 6 damage, now destroyed

Gundam Exia Repair milled 2: Gundam Barbatos 2nd Form and Hyakuren moved to trash

Battle ended

Battle initiated

Kiraya

Battle declared: Hyakuren against Enemy Player

jaysanti

No blockers available

Action step

jaysanti

Passed

Kiraya

Passed

Battle started: Hyakuren against Enemy Shield

jaysanti

Shield card: Master Asia revealed

Shield card: Master Asia moved to trash

Selecting target for Master Asia

Master Asia deployed

Battle ended

Kiraya

Shiden Custom (Ryusei-Go) deployed

Shiden Custom (Ryusei-Go) deployed

Turn end phase started

jaysanti

Passed

Kiraya

Passed

Turn ended!

Turn 14 started!

jaysanti

Paired pilot: Domon Kasshu on unit Shining Gundam

Domon Kasshu: Draw a card

Selecting target for Domon Kasshu

Cyclone Punch discarded

Selecting target for Domon Kasshu

Selecting target for Cyclone Punch

Cyclone Punch: Modifier applied to: Hyakuren

Selecting target for Cyclone Punch

Paired pilot: Chibodee Crocket on unit Shining Gundam

Battle initiated

jaysanti

Battle declared: Master Asia against Hyakuren

Kiraya

Assigned no blocker

Action step

Kiraya

Passed

jaysanti

Passed

Battle started: Master Asia against Hyakuren

Kiraya

Hyakuren received 3 damage, now destroyed

jaysanti

Master Asia received 2 damage, leaving 1 HP remaining

Battle ended

Battle initiated

jaysanti

Battle declared: Shining Gundam against Enemy Player

Kiraya

Assigned no blocker

Action step

Kiraya

Passed

jaysanti

Passed

Battle started: Shining Gundam against Isaribi

Kiraya

Isaribi received 3 damage, leaving 2 HP remaining

Battle ended

Battle initiated

jaysanti

Battle declared: Shining Gundam against Enemy Player

Kiraya

Assigned Shiden Custom (Ryusei-Go) to block

Action step

Kiraya

Passed

jaysanti

Passed

Battle started: Shining Gundam against Shiden Custom (Ryusei-Go)

Kiraya

Shiden Custom (Ryusei-Go) received 4 damage, now destroyed

jaysanti

Shining Gundam received 4 damage, now destroyed

Battle ended

jaysanti

Gundam Maxter deployed

Turn end phase started

Kiraya

Passed

jaysanti

Passed

Turn ended!

Turn 15 started!

Kiraya

Hyakuren deployed

Battle initiated

Kiraya

Battle declared: Shiden Custom (Ryusei-Go) against Enemy Player

jaysanti

No blockers available

Action step

jaysanti

Passed

Kiraya

Passed

Battle started: Shiden Custom (Ryusei-Go) against Enemy Shield

jaysanti

Shield card: Gundam Maxter revealed and discarded

Battle ended

Turn end phase started

jaysanti

Passed

Kiraya

Passed

Turn ended!

Turn 16 started!

jaysanti

Rising Gundam deployed

Linked pilot: Master Asia on unit Rising Gundam

Selecting target for Rising Gundam

Rested unit: Hyakuren

Battle initiated

jaysanti

Battle declared: Gundam Maxter against Shiden Custom (Ryusei-Go)

Kiraya

No blockers available

Action step

Kiraya

Passed

jaysanti

Passed

Battle started: Gundam Maxter against Shiden Custom (Ryusei-Go)

Kiraya

Shiden Custom (Ryusei-Go) received 3 damage, now destroyed

jaysanti

Gundam Maxter received 4 damage, now destroyed

Selecting target for Gundam Maxter

Card added to hand: Darkness Finger

Battle ended

jaysanti

Played action: Darkness Finger

Darkness Finger: Dealt 2 damage to Hyakuren, leaving 1 HP remaining

Battle initiated

jaysanti

Battle declared: Master Asia against Enemy Player

Kiraya

No blockers available

Action step

Kiraya

Passed

jaysanti

Passed

Battle started: Master Asia against Isaribi

Kiraya

Isaribi received 3 damage, now destroyed

Battle ended

Battle initiated

jaysanti

Battle declared: Rising Gundam against Enemy Player

Selecting target for Master Asia

Rising Gundam: Dealt 2 damage to Hyakuren, now destroyed

Kiraya

No blockers available

Action step

Kiraya

Passed

jaysanti

Passed

Battle started: Rising Gundam against Enemy Shield

Kiraya

Shield card: Hyakuren revealed and discarded

Battle ended

Battle initiated

jaysanti

Battle declared: Shining Gundam against Enemy Player

Kiraya

No blockers available

Action step

Kiraya

Passed

jaysanti

Passed

Battle started: Shining Gundam against Enemy Shield

Kiraya

Shield card: Gundam Exia Repair revealed and discarded

Battle ended

Turn end phase started

Kiraya

Passed

jaysanti

Passed

Turn ended!

Turn 17 started!

Kiraya

Gundam Barbatos Adapt deployed

Selecting target for Gundam Barbatos Adapt

Gundam Barbatos Adapt: Dealt 1 damage to: Gundam Barbatos Adapt and Master Asia

Turn end phase started

jaysanti

Passed

Kiraya

Passed

Turn ended!

Turn 18 started!

Battle initiated

jaysanti

Battle declared: Shining Gundam against Enemy Player

Kiraya

No blockers available

Action step

Kiraya

Passed

jaysanti

Passed

Battle started: Shining Gundam against Enemy Shield

Kiraya

Shield card: Gundam Barbatos 1st Form revealed and discarded

Battle ended

Battle initiated

jaysanti

Battle declared: Rising Gundam against Enemy Player

Kiraya

No blockers available

Action step

Kiraya

Passed

jaysanti

Passed

Battle started: Rising Gundam against Enemy Player

Kiraya

No more shields available, game is over!

jaysanti

Winner!

Game ended!