Mobile Suit Arena - Battle logs
Game started!

Pelumu

Choose to play second

Choose to keep starting hand

Kiraya

Choose to keep starting hand

Turn 1 started!

Turn end phase started

Pelumu

Passed

Kiraya

Passed

Turn ended!

Turn 2 started!

Pelumu

Genoace deployed

Turn end phase started

Kiraya

Passed

Pelumu

Passed

Turn ended!

Turn 3 started!

Kiraya

Graze Custom deployed

Gundam Exia Repair deployed

Turn end phase started

Pelumu

Passed

Kiraya

Passed

Turn ended!

Turn 4 started!

Pelumu

Re-GZ BWS deployed

Placed 1 Resource EX

Linked pilot: Kayra Su on unit Re-GZ BWS

Battle initiated

Pelumu

Battle declared: Re-GZ BWS against Enemy Player

Kiraya

No blockers available

Action step

Kiraya

Passed

Pelumu

Passed

Battle started: Re-GZ BWS against EX Base

Kiraya

EX Base received 3 damage, now destroyed

Battle ended

Battle initiated

Pelumu

Battle declared: Genoace against Enemy Player

Kiraya

No blockers available

Action step

Kiraya

Passed

Pelumu

Passed

Battle started: Genoace against Enemy Shield

Kiraya

Shield card: Gundam Flauros (Ryusei-Go) revealed and discarded

Battle ended

Turn end phase started

Kiraya

Passed

Pelumu

Passed

Turn ended!

Turn 5 started!

Kiraya

Hyakuren deployed

Turn end phase started

Pelumu

Passed

Kiraya

Passed

Turn ended!

Turn 6 started!

Battle initiated

Pelumu

Battle declared: Genoace against Enemy Player

Kiraya

No blockers available

Action step

Kiraya

Passed

Pelumu

Passed

Battle started: Genoace against Enemy Shield

Kiraya

Shield card: Graze Custom revealed and discarded

Battle ended

Battle initiated

Pelumu

Battle declared: Re-GZ BWS against Enemy Player

Kiraya

No blockers available

Action step

Kiraya

Passed

Pelumu

Passed

Battle started: Re-GZ BWS against Enemy Shield

Kiraya

Shield card: Hyakuren revealed and discarded

Battle ended

Pelumu

Replaced EX Base base: Ra Cailum

Shield card added to hand

Turn end phase started

Kiraya

Passed

Pelumu

Passed

Turn ended!

Turn 7 started!

Battle initiated

Kiraya

Battle declared: Hyakuren against Re-GZ BWS

Pelumu

No blockers available

Action step

Pelumu

Passed

Kiraya

Passed

Battle started: Hyakuren against Re-GZ BWS

Pelumu

Re-GZ BWS received 4 damage, now destroyed

Kiraya

Hyakuren received 3 damage, now destroyed

Battle ended

Kiraya

Gundam Barbatos Adapt deployed

Selecting target for Gundam Barbatos Adapt

Gundam Barbatos Adapt: Dealt 1 damage to: Gundam Barbatos Adapt and Genoace

Linked pilot: Mikazuki Augus on unit Gundam Barbatos Adapt

Selecting target for Mikazuki Augus

Mikazuki Augus: Dealt 1 damage to: Gundam Barbatos Adapt and Genoace

Battle initiated

Kiraya

Battle declared: Gundam Barbatos Adapt against Enemy Player

Pelumu

No blockers available

Action step

Pelumu

Passed

Kiraya

Passed

Battle started: Gundam Barbatos Adapt against Ra Cailum

Pelumu

Ra Cailum received 4 damage, leaving 1 HP remaining

Battle ended

Battle initiated

Kiraya

Battle declared: Gundam Exia Repair against Enemy Player

Pelumu

No blockers available

Action step

Pelumu

Passed

Kiraya

Passed

Battle started: Gundam Exia Repair against Ra Cailum

Pelumu

Ra Cailum received 2 damage, now destroyed

Battle ended

Battle initiated

Kiraya

Battle declared: Graze Custom against Enemy Player

Pelumu

No blockers available

Action step

Pelumu

Passed

Kiraya

Passed

Battle started: Graze Custom against Enemy Shield

Pelumu

Shield card: Jegan revealed and discarded

Battle ended

Turn end phase started

Pelumu

Passed

Kiraya

Passed

Turn ended!

Turn 8 started!

Pelumu

Re-GZ BWS deployed

Placed 1 Resource EX

Linked pilot: Amuro Ray on unit Re-GZ BWS

Selecting target for Amuro Ray

Already rested unit: Gundam Barbatos Adapt

Battle initiated

Pelumu

Battle declared: Re-GZ BWS against Enemy Player

Kiraya

No blockers available

Action step

Kiraya

Passed

Pelumu

Passed

Battle started: Re-GZ BWS against Enemy Shield

Kiraya

Shield card: Isaribi revealed

Played base: Isaribi

Shield card added to hand

Battle ended

Pelumu

Played command: Turning Point of History

Selecting target for Turning Point of History

Turning Point of History: Draw a card

Turn end phase started

Kiraya

Passed

Pelumu

Passed

Turn ended!

Turn 9 started!

Battle initiated

Kiraya

Battle declared: Gundam Exia Repair against Re-GZ BWS

Pelumu

No blockers available

Action step

Pelumu

Passed

Kiraya

Passed

Battle started: Gundam Exia Repair against Re-GZ BWS

Pelumu

Re-GZ BWS received 2 damage, leaving 1 HP remaining

Kiraya

Gundam Exia Repair received 4 damage, now destroyed

Gundam Exia Repair milled 2: Gundam Barbatos Lupus and Gundam Barbatos 1st Form moved to trash

Battle ended

Kiraya

Gundam Gusion Rebake deployed

Selecting target for Gundam Gusion Rebake

Gundam Gusion Rebake: Dealt 1 damage to: Gundam Gusion Rebake and Re-GZ BWS

Battle initiated

Kiraya

Battle declared: Graze Custom against Enemy Player

Pelumu

No blockers available

Action step

Pelumu

Passed

Kiraya

Passed

Battle started: Graze Custom against Enemy Shield

Pelumu

Shield card: Re-GZ BWS revealed and discarded

Battle ended

Battle initiated

Kiraya

Battle declared: Gundam Barbatos Adapt against Enemy Player

Pelumu

No blockers available

Action step

Pelumu

Passed

Kiraya

Passed

Battle started: Gundam Barbatos Adapt against Enemy Shield

Pelumu

Shield card: Re-GZ revealed and discarded

Battle ended

Turn end phase started

Pelumu

Passed

Kiraya

Passed

Turn ended!

Turn 10 started!

Pelumu

Nu Gundam deployed

Placed 1 Resource EX

Linked pilot: Amuro Ray on unit Nu Gundam

Battle initiated

Pelumu

Battle declared: Nu Gundam against Gundam Barbatos Adapt

Kiraya

Assigned no blocker

Action step

Kiraya

Passed

Pelumu

Passed

Battle started: Nu Gundam against Gundam Barbatos Adapt

Kiraya

Gundam Barbatos Adapt received 6 damage, now destroyed

Pelumu

Nu Gundam received 4 damage, leaving 2 HP remaining

Kiraya

Breach 3: : Isaribi received 3 damage, leaving 2 HP remaining

Pelumu

Healed 2 damage to: Nu Gundam

Battle ended

Turn end phase started

Kiraya

Passed

Pelumu

Passed

Turn ended!

Turn 11 started!

Kiraya

Linked pilot: Akihiro Altland on unit Gundam Gusion Rebake

Battle initiated

Kiraya

Battle declared: Gundam Gusion Rebake against Nu Gundam

Pelumu

No blockers available

Action step

Pelumu

Passed

Kiraya

Passed

Battle started: Gundam Gusion Rebake against Nu Gundam

Pelumu

Nu Gundam received 4 damage, now destroyed

Kiraya

Gundam Gusion Rebake received 6 damage, now destroyed

Selecting target for Akihiro Altland

Graze Custom returned to hand

Battle ended

Kiraya

Gundam Barbatos 2nd Form deployed

Linked pilot: Mikazuki Augus on unit Gundam Barbatos 2nd Form

Battle initiated

Kiraya

Battle declared: Gundam Barbatos 2nd Form against Enemy Player

Pelumu

No blockers available

Action step

Pelumu

Passed

Kiraya

Passed

Battle started: Gundam Barbatos 2nd Form against Enemy Shield

Pelumu

Shield card: Nu Gundam revealed and discarded

Battle ended

Battle initiated

Kiraya

Battle declared: Graze Custom against Enemy Player

Pelumu

No blockers available

Action step

Pelumu

Passed

Kiraya

Passed

Battle started: Graze Custom against Enemy Shield

Pelumu

Shield card: Re-GZ revealed and discarded

Battle ended

Kiraya

Graze Custom deployed

Turn end phase started

Pelumu

Passed

Kiraya

Passed

Turn ended!

Turn 12 started!

Pelumu

Nu Gundam deployed

Linked pilot: Amuro Ray on unit Nu Gundam

Selecting target for Nu Gundam

Kayra Su, Jegan and Amuro Ray exiled from the game

Selecting target for Nu Gundam

Battle started: Nu Gundam against Graze Custom

Kiraya

Graze Custom received 7 damage, now destroyed

Pelumu

Nu Gundam received 2 damage, leaving 5 HP remaining

Kiraya

Breach 5: : Isaribi received 5 damage, now destroyed

Pelumu

Healed 2 damage to: Nu Gundam

Battle ended

Battle initiated

Pelumu

Battle declared: Nu Gundam against Gundam Barbatos 2nd Form

Kiraya

No blockers available

Action step

Kiraya

Passed

Pelumu

Passed

Battle started: Nu Gundam against Gundam Barbatos 2nd Form

Kiraya

Gundam Barbatos 2nd Form received 7 damage, now destroyed

Pelumu

Nu Gundam received 4 damage, leaving 3 HP remaining

Kiraya

Breach 5 Shield card: Isaribi revealed

Played base: Isaribi

Pelumu

Healed 2 damage to: Nu Gundam

Kiraya

No more Shield cards to add to hand

Battle ended

Turn end phase started

Kiraya

Passed

Pelumu

Passed

Turn ended!

Turn 13 started!

Battle initiated

Kiraya

Battle declared: Graze Custom against Enemy Player

Pelumu

No blockers available

Action step

Pelumu

Passed

Kiraya

Passed

Battle started: Graze Custom against Enemy Player

Pelumu

No more shields available, game is over!

Kiraya

Winner!

Game ended!
