Mobile Suit Arena - Battle logs
Game started!

Kiraya

Choose to play first

Choose to mulligan starting hand

big stan

Choose to keep starting hand

Turn 1 started!

Turn end phase started

big stan

Passed

Kiraya

Passed

Turn ended!

Turn 2 started!

big stan

Played command: Airframe Seizure

Selecting target for Airframe Seizure

Airframe Seizure discarded

Airframe Seizure: Draw 2 cards

Turn end phase started

Kiraya

Passed

big stan

Passed

Turn ended!

Turn 3 started!

Kiraya

Graze Custom deployed

Turn end phase started

big stan

Passed

Kiraya

Passed

Turn ended!

Turn 4 started!

big stan

ReZEL deployed

Turn end phase started

Kiraya

Passed

big stan

Passed

Turn ended!

Turn 5 started!

Kiraya

Gundam Barbatos 1st Form deployed

Replaced EX Base base: Isaribi

Shield card added to hand

Turn end phase started

big stan

Passed

Kiraya

Passed

Turn ended!

Turn 6 started!

big stan

Paired pilot: Amuro Ray on unit ReZEL

Selecting target for Amuro Ray

Rested unit: Gundam Barbatos 1st Form

Battle initiated

big stan

Battle declared: ReZEL against Gundam Barbatos 1st Form

Kiraya

No blockers available

Action step

Kiraya

Passed

big stan

Passed

Battle started: ReZEL against Gundam Barbatos 1st Form

Kiraya

Gundam Barbatos 1st Form received 6 damage, now destroyed

big stan

ReZEL received 3 damage, leaving 1 HP remaining

Battle ended

Turn end phase started

Kiraya

Passed

big stan

Passed

Turn ended!

Turn 7 started!

Kiraya

Gundam Barbatos Adapt deployed

Selecting target for Gundam Barbatos Adapt

Gundam Barbatos Adapt: Dealt 1 damage to: Graze Custom and ReZEL

Activated: Isaribi

Rested base: Isaribi

Isaribi: Modifier applied to: Graze Custom

Battle initiated

Kiraya

Battle declared: Graze Custom against Enemy Player

big stan

No blockers available

Action step

big stan

Passed

Kiraya

Passed

Battle started: Graze Custom against EX Base

big stan

EX Base received 4 damage, now destroyed

Battle ended

Kiraya

Ryusei-Go (Graze Custom Ⅱ) deployed

Selecting target for Ryusei-Go (Graze Custom Ⅱ)

Ryusei-Go (Graze Custom Ⅱ): Dealt 1 damage to Gundam Barbatos Adapt, leaving 3 HP remaining

Ryusei-Go (Graze Custom Ⅱ): Draw a card

Selecting target for Ryusei-Go (Graze Custom Ⅱ)

Ryusei-Go (Graze Custom Ⅱ) discarded

Turn end phase started

big stan

Passed

Kiraya

Passed

Turn ended!

Turn 8 started!

big stan

Gundam deployed

Linked pilot: Amuro Ray on unit Gundam

Selecting target for Amuro Ray

Rested unit: Gundam Barbatos Adapt

Battle initiated

big stan

Battle declared: Gundam against Gundam Barbatos Adapt

Kiraya

No blockers available

Action step

Kiraya

Passed

big stan

Passed

Battle started: Gundam against Gundam Barbatos Adapt

Kiraya

Gundam Barbatos Adapt received 6 damage, now destroyed

big stan

Gundam received 2 damage, leaving 3 HP remaining

Battle ended

Turn end phase started

Kiraya

Passed

big stan

Passed

Gundam repaired 2 from [Repair 2]

Turn ended!

Turn 9 started!

Kiraya

Gundam Gusion Rebake deployed

Selecting target for Gundam Gusion Rebake

Gundam Gusion Rebake: Dealt 1 damage to: Gundam Gusion Rebake and Gundam

Activated: Isaribi

Rested base: Isaribi

Isaribi: Modifier applied to: Graze Custom

Battle initiated

Kiraya

Battle declared: Graze Custom against Gundam

big stan

No blockers available

Action step

big stan

Passed

Kiraya

Passed

Battle started: Graze Custom against Gundam

big stan

Gundam received 4 damage, now destroyed

Kiraya

Graze Custom received 5 damage, now destroyed

Battle ended

Battle initiated

Kiraya

Battle declared: Ryusei-Go (Graze Custom Ⅱ) against Enemy Player

big stan

No blockers available

Action step

big stan

Passed

Kiraya

Passed

Battle started: Ryusei-Go (Graze Custom Ⅱ) against Enemy Shield

big stan

Shield card: Unicorn Gundam 02 Banshee (Destroy Mode) revealed and discarded

Battle ended

Kiraya

Linked pilot: Akihiro Altland on unit Gundam Gusion Rebake

Battle initiated

Kiraya

Battle declared: Gundam Gusion Rebake against Enemy Player

big stan

No blockers available

Action step

big stan

Passed

Kiraya

Passed

Battle started: Gundam Gusion Rebake against Enemy Shield

big stan

Shield card: Gundam revealed and discarded

Battle ended

Turn end phase started

big stan

Passed

Kiraya

Passed

Turn ended!

Turn 10 started!

big stan

Played base: White Base

Shield card added to hand

Activated: White Base

Rested 2 Resources

Gundam deployed

Turn end phase started

Kiraya

Passed

big stan

Passed

Turn ended!

Turn 11 started!

Kiraya

Gundam Barbatos Adapt deployed

Selecting target for Gundam Barbatos Adapt

Gundam Barbatos Adapt: Dealt 1 damage to: Gundam Barbatos Adapt and Gundam

Gundam Barbatos Adapt deployed

Selecting target for Gundam Barbatos Adapt

Gundam Barbatos Adapt: Dealt 1 damage to: Gundam Barbatos Adapt and Gundam

Linked pilot: Mikazuki Augus on unit Gundam Barbatos Adapt

Selecting target for Mikazuki Augus

Mikazuki Augus: Dealt 1 damage to: Gundam Barbatos Adapt and Gundam

Activated: Isaribi

Rested base: Isaribi

Isaribi: Modifier applied to: Gundam Barbatos Adapt

Battle initiated

Kiraya

Battle declared: Gundam Barbatos Adapt against Enemy Player

big stan

No blockers available

Action step

big stan

Passed

Kiraya

Passed

Battle started: Gundam Barbatos Adapt against White Base

big stan

White Base received 6 damage, now destroyed

Battle ended

Battle initiated

Kiraya

Battle declared: Ryusei-Go (Graze Custom Ⅱ) against Enemy Player

big stan

No blockers available

Action step

big stan

Passed

Kiraya

Passed

Battle started: Ryusei-Go (Graze Custom Ⅱ) against Enemy Shield

big stan

Shield card: Close Combat revealed

Shield card: Close Combat moved to trash

Selecting target for Close Combat

Close Combat: Dealt 2 damage to Gundam Barbatos Adapt, leaving 1 HP remaining

Battle ended

Kiraya

Linked pilot: Mikazuki Augus on unit Gundam Barbatos Adapt

Battle initiated

Kiraya

Battle declared: Gundam Barbatos Adapt against Enemy Player

big stan

No blockers available

Action step

big stan

Passed

Kiraya

Passed

Battle started: Gundam Barbatos Adapt against Enemy Shield

big stan

Shield card: Marida Cruz revealed

Shield card added to hand: Marida Cruz

Battle ended

Battle initiated

Kiraya

Battle declared: Gundam Gusion Rebake against Enemy Player

big stan

No blockers available

Action step

big stan

Passed

Kiraya

Passed

Battle started: Gundam Gusion Rebake against Enemy Shield

big stan

Shield card: Messer Type-F02 Minelayer revealed and discarded

Battle ended

Turn end phase started

Kiraya

Winner!

Game ended!
