Game started!

Kiraya

Choose to play first

Choose to mulligan starting hand

MMorelli

Choose to keep starting hand

Turn 1 started!

Turn end phase started

MMorelli

Passed

Kiraya

Passed

Turn ended!

Turn 2 started!

Turn end phase started

Kiraya

Passed

MMorelli

Passed

Turn ended!

Turn 3 started!

Kiraya

Graze Custom deployed

Graze Custom deployed

Turn end phase started

MMorelli

Passed

Kiraya

Passed

Turn ended!

Turn 4 started!

MMorelli

Zoloat (League Militaire) deployed

Turn end phase started

Kiraya

Passed

MMorelli

Passed

Turn ended!

Turn 5 started!

Kiraya

Gundam Barbatos 1st Form deployed

Battle initiated

Kiraya

Battle declared: Graze Custom against Enemy Player

MMorelli

Assigned no blocker

Action step

MMorelli

Passed

Kiraya

Passed

Battle started: Graze Custom against EX Base

MMorelli

EX Base received 2 damage, leaving 1 HP remaining

Battle ended

Battle initiated

Kiraya

Battle declared: Graze Custom against Enemy Player

MMorelli

Assigned no blocker

Action step

MMorelli

Passed

Kiraya

Passed

Battle started: Graze Custom against EX Base

MMorelli

EX Base received 2 damage, now destroyed

Battle ended

Turn end phase started

MMorelli

Passed

Kiraya

Passed

Turn ended!

Turn 6 started!

MMorelli

Played base: Reineforce Jr.

Shield card added to hand

Parts deployed

Zoloat (League Militaire) deployed

Turn end phase started

Kiraya

Passed

MMorelli

Passed

Turn ended!

Turn 7 started!

Kiraya

Linked pilot: Mikazuki Augus on unit Gundam Barbatos 1st Form

Selecting target for Mikazuki Augus

Mikazuki Augus: Dealt 1 damage to: Gundam Barbatos 1st Form and Parts

Battle initiated

Kiraya

Battle declared: Gundam Barbatos 1st Form against Enemy Player

Gundam Barbatos 1st Form: Draw a card

MMorelli

Assigned Zoloat (League Militaire) to block

Action step

MMorelli

Passed

Kiraya

Passed

Battle started: Gundam Barbatos 1st Form against Zoloat (League Militaire)

MMorelli

Zoloat (League Militaire) received 5 damage, now destroyed

Kiraya

Gundam Barbatos 1st Form received 3 damage, now destroyed

Battle ended

Kiraya

Sword Impulse Gundam deployed

Sword Impulse Gundam: Dealt 1 damage to Sword Impulse Gundam, leaving 2 HP remaining

Selecting target for Sword Impulse Gundam

Rested unit: Zoloat (League Militaire)

Battle initiated

Kiraya

Battle declared: Graze Custom against Zoloat (League Militaire)

MMorelli

No blockers available

Action step

MMorelli

Passed

Kiraya

Passed

Battle started: Graze Custom against Zoloat (League Militaire)

MMorelli

Zoloat (League Militaire) received 2 damage, now destroyed

Kiraya

Graze Custom received 3 damage, now destroyed

Battle ended

Kiraya

Gundam Exia Repair deployed

Battle initiated

Kiraya

Battle declared: Graze Custom against Enemy Player

MMorelli

No blockers available

Action step

MMorelli

Passed

Kiraya

Passed

Battle started: Graze Custom against Reineforce Jr.

MMorelli

Reineforce Jr. received 2 damage, leaving 3 HP remaining

Battle ended

Turn end phase started

MMorelli

Passed

Kiraya

Passed

Turn ended!

Turn 8 started!

MMorelli

Victory Gundam deployed

Turn end phase started

Kiraya

Passed

MMorelli

Passed

Turn ended!

Turn 9 started!

Battle initiated

Kiraya

Battle declared: Sword Impulse Gundam against Enemy Player

MMorelli

No blockers available

Action step

MMorelli

Passed

Kiraya

Passed

Battle started: Sword Impulse Gundam against Reineforce Jr.

MMorelli

Reineforce Jr. received 3 damage, now destroyed

Battle ended

Battle initiated

Kiraya

Battle declared: Graze Custom against Enemy Player

MMorelli

No blockers available

Action step

MMorelli

Passed

Kiraya

Passed

Battle started: Graze Custom against Enemy Shield

MMorelli

Shield card: Üso Ewin revealed

Shield card added to hand: Üso Ewin

Battle ended

Kiraya

Shiden Custom (Ryusei-Go) deployed

Gundam Barbatos 2nd Form deployed

Turn end phase started

MMorelli

Passed

Kiraya

Passed

Turn ended!

Turn 10 started!

MMorelli

Victory Gundam deployed

Linked pilot: Üso Ewin on unit Victory Gundam

Parts deployed

Battle initiated

MMorelli

Battle declared: Victory Gundam against Graze Custom

Victory Gundam: Draw a card

Kiraya

Assigned Shiden Custom (Ryusei-Go) to block

Action step

Kiraya

Passed

MMorelli

Passed

Battle started: Victory Gundam against Shiden Custom (Ryusei-Go)

Kiraya

Shiden Custom (Ryusei-Go) received 3 damage, now destroyed

MMorelli

Victory Gundam received 4 damage, now destroyed

Battle ended

Battle initiated

MMorelli

Battle declared: Victory Gundam against Sword Impulse Gundam

Kiraya

No blockers available

Action step

Kiraya

Passed

MMorelli

Passed

Battle started: Victory Gundam against Sword Impulse Gundam

Kiraya

Sword Impulse Gundam received 5 damage, now destroyed

MMorelli

Victory Gundam received 3 damage, leaving 2 HP remaining

Battle ended

MMorelli

Played command: Airframe Seizure

Selecting target for Airframe Seizure

Üso Ewin discarded

Airframe Seizure: Draw 2 cards

Turn end phase started

Kiraya

Passed

MMorelli

Passed

Turn ended!

Turn 11 started!

Kiraya

Linked pilot: Mikazuki Augus on unit Gundam Barbatos 2nd Form

Selecting target for Mikazuki Augus

Mikazuki Augus: Dealt 1 damage to: Gundam Barbatos 2nd Form and Parts

Battle initiated

Kiraya

Battle declared: Gundam Exia Repair against Victory Gundam

MMorelli

No blockers available

Action step

MMorelli

Passed

Kiraya

Passed

Battle started: Gundam Exia Repair against Victory Gundam

MMorelli

Victory Gundam received 2 damage, now destroyed

Kiraya

Gundam Exia Repair received 5 damage, now destroyed

Gundam Exia Repair milled 2: Gundam Exia Repair and Hyakuren moved to trash

Battle ended

Battle initiated

Kiraya

Battle declared: Graze Custom against Enemy Player

MMorelli

No blockers available

Action step

MMorelli

Passed

Kiraya

Passed

Battle started: Graze Custom against Enemy Shield

MMorelli

Shield card: Marida Cruz revealed

Shield card added to hand: Marida Cruz

Battle ended

Turn end phase started

MMorelli

Passed

Kiraya

Passed

Turn ended!

Turn 12 started!

MMorelli

Gundam deployed

Linked pilot: Amuro Ray on unit Gundam

Selecting target for Amuro Ray

Rested unit: Gundam Barbatos 2nd Form

Battle initiated

MMorelli

Battle declared: Gundam against Graze Custom

Kiraya

No blockers available

Action step

Kiraya

Passed

MMorelli

Passed

Battle started: Gundam against Graze Custom

Kiraya

Graze Custom received 6 damage, now destroyed

MMorelli

Gundam received 2 damage, leaving 3 HP remaining

Battle ended

MMorelli

Played command: Airframe Seizure

Selecting target for Airframe Seizure

Marida Cruz discarded

Airframe Seizure: Draw 2 cards

Turn end phase started

Kiraya

Passed

MMorelli

Passed

Gundam repaired 2 from [Repair 2]

Turn ended!

Turn 13 started!

Kiraya

Gundam Barbatos Lupus deployed

Battle initiated

Kiraya

Battle declared: Gundam Barbatos 2nd Form against Gundam

MMorelli

No blockers available

Action step

MMorelli

Passed

Kiraya

Passed

Battle started: Gundam Barbatos 2nd Form against Gundam

MMorelli

Gundam received 6 damage, now destroyed

Kiraya

Gundam Barbatos 2nd Form received 5 damage, now destroyed

Battle ended

Kiraya

Paired pilot: Ride Mass on unit Gundam Barbatos Lupus

Turn end phase started

MMorelli

Passed

Kiraya

Passed

Turn ended!

Turn 14 started!

MMorelli

Kshatriya deployed

Linked pilot: Marida Cruz on unit Kshatriya

Selecting target for Kshatriya

Dealt 1 damage to Gundam Barbatos Lupus, leaving 5 HP remaining

Battle initiated

MMorelli

Battle declared: Kshatriya against Enemy Player

No targets for Marida Cruz

Kiraya

No blockers available

Action step

Kiraya

Passed

MMorelli

Passed

Battle started: Kshatriya against EX Base

Kiraya

EX Base received 7 damage, now destroyed

Battle ended

MMorelli

Zoloat (League Militaire) deployed

Turn end phase started

Kiraya

Passed

MMorelli

Passed

Turn ended!

Turn 15 started!

Kiraya

Activated: Gundam Barbatos Lupus

Hyakuren, Graze Custom and Gundam Barbatos 2nd Form exiled from the game

Selecting target for Gundam Barbatos Lupus

Gundam Barbatos Lupus: Dealt 2 damage to Kshatriya, leaving 3 HP remaining

Activated: Gundam Barbatos Lupus

Gundam Barbatos 1st Form, Graze Custom and Shiden Custom (Ryusei-Go) exiled from the game

Selecting target for Gundam Barbatos Lupus

Gundam Barbatos Lupus: Dealt 2 damage to Kshatriya, leaving 1 HP remaining

Gundam Gusion Rebake deployed

Selecting target for Gundam Gusion Rebake

Gundam Gusion Rebake: Dealt 1 damage to: Gundam Gusion Rebake and Kshatriya

Battle initiated

Kiraya

Battle declared: Gundam Barbatos Lupus against Enemy Player

MMorelli

Assigned no blocker

Action step

MMorelli

Passed

Kiraya

Passed

Battle started: Gundam Barbatos Lupus against Enemy Shield

MMorelli

Shield card: Darkness Finger revealed

Shield card: Darkness Finger moved to trash

Selecting target for Darkness Finger

Darkness Finger: Dealt 2 damage to Gundam Gusion Rebake, leaving 2 HP remaining

Battle ended

Turn end phase started

MMorelli

Passed

Kiraya

Passed

Turn ended!

Turn 16 started!

MMorelli

Unicorn Gundam 02 Banshee (Destroy Mode) deployed

Linked pilot: Marida Cruz on unit Unicorn Gundam 02 Banshee (Destroy Mode)

Battle initiated

MMorelli

Battle declared: Unicorn Gundam 02 Banshee (Destroy Mode) against Gundam Barbatos Lupus

Selecting target for Unicorn Gundam 02 Banshee (Destroy Mode)

Returned to deck bottom

Set Active: Unicorn Gundam 02 Banshee (Destroy Mode)

Unicorn Gundam 02 Banshee (Destroy Mode): Modifier applied to: Unicorn Gundam 02 Banshee (Destroy Mode)

Selecting target for Marida Cruz

Marida Cruz: Dealt 1 damage to Gundam Gusion Rebake, leaving 1 HP remaining

Kiraya

Assigned no blocker

Action step

Kiraya

Passed

MMorelli

Passed

Battle started: Unicorn Gundam 02 Banshee (Destroy Mode) against Gundam Barbatos Lupus

Kiraya

Gundam Barbatos Lupus received 7 damage, now destroyed

MMorelli

Damage prevented

Unicorn Gundam 02 Banshee (Destroy Mode) received 0 damage, leaving 5 HP remaining

Battle ended

Battle initiated

MMorelli

Battle declared: Unicorn Gundam 02 Banshee (Destroy Mode) against Enemy Player

Selecting target for Marida Cruz

Marida Cruz: Dealt 1 damage to Gundam Gusion Rebake, now destroyed

Kiraya

No blockers available

Action step

Kiraya

Passed

MMorelli

Passed

Battle started: Unicorn Gundam 02 Banshee (Destroy Mode) against Enemy Shield

Kiraya

Shield card: Gundam Flauros (Ryusei-Go) revealed and discarded

Battle ended

MMorelli

Victory Gundam deployed

Turn end phase started

Kiraya

Passed

MMorelli

Passed

Turn ended!

Turn 17 started!

Kiraya

Played base: Isaribi

Shield card added to hand

Gundam Exia Repair deployed

Gundam Barbatos Lupus deployed

Activated: Gundam Barbatos Lupus

Gundam Barbatos Lupus, Gundam Gusion Rebake and Gundam Flauros (Ryusei-Go) exiled from the game

Selecting target for Gundam Barbatos Lupus

Gundam Barbatos Lupus: Dealt 2 damage to Zoloat (League Militaire), now destroyed

Turn end phase started

MMorelli

Passed

Kiraya

Passed

Turn ended!

Turn 18 started!

MMorelli

Played base: Reineforce Jr.

Shield card added to hand

Parts deployed

Battle initiated

MMorelli

Battle declared: Unicorn Gundam 02 Banshee (Destroy Mode) against Enemy Player

Selecting target for Marida Cruz

Marida Cruz: Dealt 1 damage to Gundam Exia Repair, now destroyed

Kiraya

Gundam Exia Repair milled 2: Ryusei-Go (Graze Custom Ⅱ) and Ryusei-Go (Graze Custom Ⅱ) moved to trash

No blockers available

Action step

Kiraya

Passed

MMorelli

Passed

Battle started: Unicorn Gundam 02 Banshee (Destroy Mode) against Isaribi

Kiraya

Isaribi received 7 damage, now destroyed

Battle ended

MMorelli

Paired pilot: Amuro Ray on unit Victory Gundam

Selecting target for Amuro Ray

Rested unit: Gundam Barbatos Lupus

Battle initiated

MMorelli

Battle declared: Victory Gundam against Gundam Barbatos Lupus

Kiraya

No blockers available

Action step

Kiraya

Passed

MMorelli

Passed

Battle started: Victory Gundam against Gundam Barbatos Lupus

Kiraya

Gundam Barbatos Lupus received 5 damage, now destroyed

MMorelli

Victory Gundam received 5 damage, now destroyed

Parts deployed

Battle ended

MMorelli

Played command: Airframe Seizure

Selecting target for Airframe Seizure

Zoloat (League Militaire) discarded

Airframe Seizure: Draw 2 cards

Kshatriya deployed

Turn end phase started

Kiraya

Passed

MMorelli

Passed

Turn ended!

Turn 19 started!

Kiraya

Gundam Barbatos Lupus deployed

Activated: Gundam Barbatos Lupus

Ryusei-Go (Graze Custom Ⅱ), Ryusei-Go (Graze Custom Ⅱ) and Gundam Barbatos Lupus exiled from the game

Selecting target for Gundam Barbatos Lupus

Gundam Barbatos Lupus: Dealt 2 damage to Parts, now destroyed

Turn end phase started

MMorelli

Passed

Kiraya

Passed

Turn ended!

Turn 20 started!

Battle initiated

MMorelli

Battle declared: Kshatriya against Enemy Player

Kiraya

No blockers available

Action step

Kiraya

Passed

MMorelli

Passed

Battle started: Kshatriya against Enemy Shield

Kiraya

Shield card: Isaribi revealed

Played base: Isaribi

Shield card added to hand

Battle ended

Battle initiated

MMorelli

Battle declared: Unicorn Gundam 02 Banshee (Destroy Mode) against Enemy Player

No targets for Marida Cruz

Kiraya

No blockers available

Action step

Kiraya

Passed

MMorelli

Passed

Battle started: Unicorn Gundam 02 Banshee (Destroy Mode) against Isaribi

Kiraya

Isaribi received 7 damage, now destroyed

Battle ended

Turn end phase started

Kiraya

Passed

MMorelli

Passed

Turn ended!

Turn 21 started!

Kiraya

Gundam Barbatos 2nd Form deployed

Gundam Flauros (Ryusei-Go) deployed

Selecting target for Gundam Flauros (Ryusei-Go)

Battle initiated

Kiraya

Battle declared: Gundam Barbatos Lupus against Unicorn Gundam 02 Banshee (Destroy Mode)

MMorelli

No blockers available

Action step

MMorelli

Passed

Kiraya

Passed

Battle started: Gundam Barbatos Lupus against Unicorn Gundam 02 Banshee (Destroy Mode)

MMorelli

Unicorn Gundam 02 Banshee (Destroy Mode) received 5 damage, now destroyed

Kiraya

Gundam Barbatos Lupus received 7 damage, now destroyed

Battle ended

Kiraya

Linked pilot: Akihiro Altland on unit Gundam Flauros (Ryusei-Go)

Battle initiated

Kiraya

Battle declared: Gundam Flauros (Ryusei-Go) against Kshatriya

No targets for Gundam Flauros (Ryusei-Go)

MMorelli

No blockers available

Action step

MMorelli

Passed

Kiraya

Passed

Battle started: Gundam Flauros (Ryusei-Go) against Kshatriya

MMorelli

Kshatriya received 6 damage, now destroyed

Kiraya

Gundam Flauros (Ryusei-Go) received 5 damage, now destroyed

No targets for Akihiro Altland

Battle ended

Turn end phase started

MMorelli

Played action: Darkness Finger

Darkness Finger: Dealt 2 damage to Gundam Barbatos 2nd Form, leaving 2 HP remaining

Kiraya

Passed

MMorelli

Passed

Kiraya

Turn ended!

Turn 22 started!

MMorelli

Unicorn Gundam 02 Banshee (Destroy Mode) deployed

Linked pilot: Marida Cruz on unit Unicorn Gundam 02 Banshee (Destroy Mode)

Battle initiated

MMorelli

Battle declared: Unicorn Gundam 02 Banshee (Destroy Mode) against Enemy Player

Selecting target for Unicorn Gundam 02 Banshee (Destroy Mode)

Returned to deck bottom

Set Active: Unicorn Gundam 02 Banshee (Destroy Mode)

Unicorn Gundam 02 Banshee (Destroy Mode): Modifier applied to: Unicorn Gundam 02 Banshee (Destroy Mode)

Selecting target for Marida Cruz

Marida Cruz: Dealt 1 damage to Gundam Barbatos 2nd Form, leaving 1 HP remaining

Kiraya

No blockers available

Action step

Kiraya

Passed

MMorelli

Passed

Battle started: Unicorn Gundam 02 Banshee (Destroy Mode) against Enemy Shield

Kiraya

Shield card: Isaribi revealed

Played base: Isaribi

Shield card added to hand

Battle ended

Battle initiated

MMorelli

Battle declared: Unicorn Gundam 02 Banshee (Destroy Mode) against Enemy Player

Selecting target for Marida Cruz

Marida Cruz: Dealt 1 damage to Gundam Barbatos 2nd Form, now destroyed

Kiraya

No blockers available

Action step

Kiraya

Passed

MMorelli

Passed

Battle started: Unicorn Gundam 02 Banshee (Destroy Mode) against Isaribi

Kiraya

Isaribi received 7 damage, now destroyed

Battle ended

MMorelli

Victory Gundam deployed

Turn end phase started

Kiraya

Passed

MMorelli

Passed

Turn ended!

Turn 23 started!

Kiraya

Gundam Barbatos Adapt deployed

Selecting target for Gundam Barbatos Adapt

Gundam Barbatos Adapt: Dealt 1 damage to: Gundam Barbatos Adapt and Victory Gundam

Ryusei-Go (Graze Custom Ⅱ) deployed

Selecting target for Ryusei-Go (Graze Custom Ⅱ)

Ryusei-Go (Graze Custom Ⅱ): Dealt 1 damage to Gundam Barbatos Adapt, leaving 2 HP remaining

Ryusei-Go (Graze Custom Ⅱ): Draw a card

Selecting target for Ryusei-Go (Graze Custom Ⅱ)

Hyakuren discarded

Turn end phase started

MMorelli

Passed

Kiraya

Passed

Turn ended!

Turn 24 started!

Battle initiated

MMorelli

Battle declared: Unicorn Gundam 02 Banshee (Destroy Mode) against Enemy Player

Selecting target for Marida Cruz

Marida Cruz: Dealt 1 damage to Gundam Barbatos Adapt, leaving 1 HP remaining

Kiraya

No blockers available

Action step

Kiraya

Passed

MMorelli

Passed

Battle started: Unicorn Gundam 02 Banshee (Destroy Mode) against Enemy Player

Kiraya

No more shields available, game is over!

MMorelli

Winner!

Game ended!