Game started!

Kiraya

Choose to play first

Choose to keep starting hand

SaintAbbel

Choose to keep starting hand

Turn 1 started!

Turn end phase started

SaintAbbel

Passed

Kiraya

Passed

Turn ended!

Turn 2 started!

SaintAbbel

Played command: Overflowing Affection

Overflowing Affection: Draw 2 cards

Selecting target for Overflowing Affection

Overflowing Affection discarded

Turn end phase started

Kiraya

Passed

SaintAbbel

Passed

Turn ended!

Turn 3 started!

Kiraya

Graze Custom deployed

Turn end phase started

SaintAbbel

Passed

Kiraya

Passed

Turn ended!

Turn 4 started!

SaintAbbel

Rick Dias deployed

Turn end phase started

Kiraya

Passed

SaintAbbel

Passed

Turn ended!

Turn 5 started!

Kiraya

Ryusei-Go (Graze Custom Ⅱ) deployed

Selecting target for Ryusei-Go (Graze Custom Ⅱ)

Ryusei-Go (Graze Custom Ⅱ): Dealt 1 damage to Ryusei-Go (Graze Custom Ⅱ), leaving 1 HP remaining

Ryusei-Go (Graze Custom Ⅱ): Draw a card

Selecting target for Ryusei-Go (Graze Custom Ⅱ)

Gundam Barbatos 2nd Form discarded

Linked pilot: Ride Mass on unit Ryusei-Go (Graze Custom Ⅱ)

Battle initiated

Kiraya

Battle declared: Ryusei-Go (Graze Custom Ⅱ) against Enemy Player

SaintAbbel

Assigned Rick Dias to block

Action step

SaintAbbel

Passed

Kiraya

Passed

Battle started: Ryusei-Go (Graze Custom Ⅱ) against Rick Dias

SaintAbbel

Rick Dias received 2 damage, leaving 1 HP remaining

Kiraya

Ryusei-Go (Graze Custom Ⅱ) received 3 damage, now destroyed

Battle ended

Battle initiated

Kiraya

Battle declared: Graze Custom against Enemy Player

SaintAbbel

No blockers available

Action step

SaintAbbel

Passed

Kiraya

Passed

Battle started: Graze Custom against EX Base

SaintAbbel

EX Base received 2 damage, leaving 1 HP remaining

Battle ended

Turn end phase started

SaintAbbel

Passed

Kiraya

Passed

Turn ended!

Turn 6 started!

SaintAbbel

Zoloat (League Militaire) deployed

Turn end phase started

Kiraya

Passed

SaintAbbel

Passed

Turn ended!

Turn 7 started!

Kiraya

Gundam Barbatos 1st Form deployed

Gundam Barbatos Adapt deployed

Selecting target for Gundam Barbatos Adapt

Gundam Barbatos Adapt: Dealt 1 damage to: Gundam Barbatos 1st Form and Rick Dias

Turn end phase started

SaintAbbel

Passed

Kiraya

Passed

Turn ended!

Turn 8 started!

SaintAbbel

Zoloat (League Militaire) deployed

Replaced EX Base base: Argama

Shield card added to hand

Turn end phase started

Kiraya

Passed

SaintAbbel

Passed

Turn ended!

Turn 9 started!

Kiraya

Gundam Flauros (Ryusei-Go) deployed

Selecting target for Gundam Flauros (Ryusei-Go)

Linked pilot: Akihiro Altland on unit Gundam Flauros (Ryusei-Go)

Battle initiated

Kiraya

Battle declared: Gundam Flauros (Ryusei-Go) against Enemy Player

Selecting target for Gundam Flauros (Ryusei-Go)

SaintAbbel

No blockers available

Action step

SaintAbbel

Passed

Kiraya

Passed

Battle started: Gundam Flauros (Ryusei-Go) against Argama

SaintAbbel

Argama received 6 damage, now destroyed

Battle ended

Battle initiated

Kiraya

Battle declared: Gundam Barbatos 1st Form against Enemy Player

Gundam Barbatos 1st Form: Draw a card

SaintAbbel

No blockers available

Action step

SaintAbbel

Passed

Kiraya

Passed

Battle started: Gundam Barbatos 1st Form against Enemy Shield

SaintAbbel

Shield card: Kira Yamato revealed

Shield card added to hand: Kira Yamato

Battle ended

Battle initiated

Kiraya

Battle declared: Graze Custom against Enemy Player

SaintAbbel

No blockers available

Action step

SaintAbbel

Passed

Kiraya

Passed

Battle started: Graze Custom against Enemy Shield

SaintAbbel

Shield card: Victory Gundam revealed and discarded

Battle ended

Battle initiated

Kiraya

Battle declared: Gundam Barbatos Adapt against Enemy Player

SaintAbbel

No blockers available

Action step

SaintAbbel

Passed

Kiraya

Passed

Battle started: Gundam Barbatos Adapt against Enemy Shield

SaintAbbel

Shield card: Üso Ewin revealed

Shield card added to hand: Üso Ewin

Battle ended

Turn end phase started

SaintAbbel

Passed

Kiraya

Passed

Turn ended!

Turn 10 started!

SaintAbbel

V-Dash Gundam deployed

Linked pilot: Üso Ewin on unit V-Dash Gundam

Parts deployed

Battle initiated

SaintAbbel

Battle declared: V-Dash Gundam against Gundam Flauros (Ryusei-Go)

Kiraya

No blockers available

Action step

Kiraya

Passed

SaintAbbel

Passed

Battle started: V-Dash Gundam against Gundam Flauros (Ryusei-Go)

Kiraya

Gundam Flauros (Ryusei-Go) received 6 damage, now destroyed

SaintAbbel

V-Dash Gundam received 6 damage, now destroyed

Kiraya

Breach 3: : EX Base received 3 damage, now destroyed

Battle ended

SaintAbbel

Played base: Argama

Shield card added to hand

Turn end phase started

Kiraya

Passed

SaintAbbel

Passed

Turn ended!

Turn 11 started!

Kiraya

Sword Impulse Gundam deployed

Sword Impulse Gundam: Dealt 1 damage to Sword Impulse Gundam, leaving 2 HP remaining

Selecting target for Sword Impulse Gundam

Rested unit: Parts

Played base: Isaribi

Shield card added to hand

Activated: Isaribi

Rested base: Isaribi

Isaribi: Modifier applied to: Gundam Barbatos 1st Form

Battle initiated

Kiraya

Battle declared: Gundam Barbatos 1st Form against Enemy Player

Gundam Barbatos 1st Form: Draw a card

SaintAbbel

No blockers available

Action step

SaintAbbel

Passed

Kiraya

Passed

Battle started: Gundam Barbatos 1st Form against Argama

SaintAbbel

Argama received 5 damage, now destroyed

Battle ended

Kiraya

Winner!

Game ended!