Mobile Suit Arena - Battle logs
Game started!

Kiraya

Choose to play first

0622

Choose to keep starting hand

Kiraya

Choose to keep starting hand

Turn 1 started!

Turn end phase started

0622

Passed

Kiraya

Passed

Turn ended!

Turn 2 started!

0622

Played command: Overflowing Affection

Overflowing Affection: Draw 2 cards

Selecting target for Overflowing Affection

Rick Dias discarded

Turn end phase started

Kiraya

Passed

0622

Passed

Turn ended!

Turn 3 started!

Kiraya

Gundam Exia Repair deployed

Gundam Exia Repair deployed

Turn end phase started

0622

Passed

Kiraya

Passed

Turn ended!

Turn 4 started!

0622

Rick Dias deployed

Turn end phase started

Kiraya

Passed

0622

Passed

Turn ended!

Turn 5 started!

Battle initiated

Kiraya

Battle declared: Gundam Exia Repair against Enemy Player

0622

Assigned no blocker

Action step

0622

Passed

Kiraya

Passed

Battle started: Gundam Exia Repair against EX Base

0622

EX Base received 2 damage, leaving 1 HP remaining

Battle ended

Battle initiated

Kiraya

Battle declared: Gundam Exia Repair against Enemy Player

0622

Assigned no blocker

Action step

0622

Passed

Kiraya

Passed

Battle started: Gundam Exia Repair against EX Base

0622

EX Base received 2 damage, now destroyed

Battle ended

Kiraya

Hyakuren deployed

Turn end phase started

0622

Passed

Kiraya

Passed

Turn ended!

Turn 6 started!

0622

Played command: Overflowing Affection

Overflowing Affection: Draw 2 cards

Selecting target for Overflowing Affection

Aile Strike Gundam discarded

Played base: Nahel Argama

Shield card added to hand

Selecting target for Nahel Argama

Rested unit: Hyakuren

Battle initiated

0622

Battle declared: Rick Dias against Hyakuren

Kiraya

No blockers available

Action step

Kiraya

Passed

0622

Passed

Battle started: Rick Dias against Hyakuren

Kiraya

Hyakuren received 3 damage, now destroyed

0622

Rick Dias received 4 damage, now destroyed

Battle ended

Turn end phase started

Kiraya

Passed

0622

Passed

Turn ended!

Turn 7 started!

Kiraya

Gundam Barbatos 2nd Form deployed

Ryusei-Go (Graze Custom Ⅱ) deployed

Selecting target for Ryusei-Go (Graze Custom Ⅱ)

Ryusei-Go (Graze Custom Ⅱ): Dealt 1 damage to Gundam Barbatos 2nd Form, leaving 3 HP remaining

Ryusei-Go (Graze Custom Ⅱ): Draw a card

Selecting target for Ryusei-Go (Graze Custom Ⅱ)

Sword Impulse Gundam discarded

Battle initiated

Kiraya

Battle declared: Gundam Exia Repair against Enemy Player

0622

No blockers available

Action step

0622

Passed

Kiraya

Passed

Battle started: Gundam Exia Repair against Nahel Argama

0622

Nahel Argama received 2 damage, leaving 3 HP remaining

Battle ended

Battle initiated

Kiraya

Battle declared: Gundam Exia Repair against Enemy Player

0622

No blockers available

Action step

0622

Passed

Kiraya

Passed

Battle started: Gundam Exia Repair against Nahel Argama

0622

Nahel Argama received 2 damage, leaving 1 HP remaining

Battle ended

Turn end phase started

0622

Passed

Kiraya

Passed

Turn ended!

Turn 8 started!

0622

Aile Strike Gundam deployed

Linked pilot: Kira Yamato on unit Aile Strike Gundam

Selecting target for Aile Strike Gundam

Kiraya

Gundam Barbatos 2nd Form returned to hand

Battle initiated

0622

Battle declared: Aile Strike Gundam against Gundam Exia Repair

Selecting target for Kira Yamato

Kira Yamato: Modifier applied to: Gundam Exia Repair

Kiraya

No blockers available

Action step

Kiraya

Passed

0622

Passed

Battle started: Aile Strike Gundam against Gundam Exia Repair

Kiraya

Gundam Exia Repair received 6 damage, now destroyed

0622

Aile Strike Gundam received 0 damage, leaving 5 HP remaining

Kiraya

Gundam Exia Repair milled 2: Gundam Barbatos Adapt and Gundam Barbatos 1st Form moved to trash

Battle ended

Turn end phase started

Kiraya

Passed

0622

Passed

Turn ended!

Turn 9 started!

Kiraya

Gundam Barbatos Adapt deployed

Selecting target for Gundam Barbatos Adapt

Gundam Barbatos Adapt: Dealt 1 damage to: Gundam Barbatos Adapt and Aile Strike Gundam

Gundam Barbatos Adapt deployed

Selecting target for Gundam Barbatos Adapt

Gundam Barbatos Adapt: Dealt 1 damage to: Gundam Barbatos Adapt and Aile Strike Gundam

Battle initiated

Kiraya

Battle declared: Gundam Exia Repair against Enemy Player

0622

No blockers available

Action step

0622

Passed

Kiraya

Passed

Battle started: Gundam Exia Repair against Nahel Argama

0622

Nahel Argama received 2 damage, now destroyed

Battle ended

Battle initiated

Kiraya

Battle declared: Ryusei-Go (Graze Custom Ⅱ) against Enemy Player

0622

No blockers available

Action step

0622

Passed

Kiraya

Passed

Battle started: Ryusei-Go (Graze Custom Ⅱ) against Enemy Shield

0622

Shield card: Nahel Argama revealed

Played base: Nahel Argama

Shield card added to hand

Selecting target for Nahel Argama

Rested unit: Gundam Barbatos Adapt

Battle ended

Turn end phase started

0622

Passed

Kiraya

Passed

Turn ended!

Turn 10 started!

Battle initiated

0622

Battle declared: Aile Strike Gundam against Gundam Exia Repair

Selecting target for Kira Yamato

Kira Yamato: Modifier applied to: Gundam Exia Repair

Kiraya

No blockers available

Action step

Kiraya

Passed

0622

Passed

Battle started: Aile Strike Gundam against Gundam Exia Repair

Kiraya

Gundam Exia Repair received 6 damage, now destroyed

0622

Aile Strike Gundam received 0 damage, leaving 3 HP remaining

Kiraya

Gundam Exia Repair milled 2: Graze Custom and Gundam Gusion Rebake moved to trash

Battle ended

0622

Played command: A Show of Resolve

A Show of Resolve: Draw 2 cards

Gundam Lfrith deployed

Turn end phase started

Kiraya

Passed

0622

Passed

Turn ended!

Turn 11 started!

Kiraya

Gundam Flauros (Ryusei-Go) deployed

No targets for Gundam Flauros (Ryusei-Go)

Gundam Barbatos 2nd Form deployed

Battle initiated

Kiraya

Battle declared: Ryusei-Go (Graze Custom Ⅱ) against Enemy Player

0622

Assigned Gundam Lfrith to block

Action step

0622

Passed

Kiraya

Passed

Battle started: Ryusei-Go (Graze Custom Ⅱ) against Gundam Lfrith

0622

Gundam Lfrith received 2 damage, leaving 2 HP remaining

Kiraya

Ryusei-Go (Graze Custom Ⅱ) received 2 damage, now destroyed

Battle ended

Battle initiated

Kiraya

Battle declared: Gundam Barbatos Adapt against Gundam Lfrith

0622

No blockers available

Action step

0622

Passed

Kiraya

Passed

Battle started: Gundam Barbatos Adapt against Gundam Lfrith

0622

Gundam Lfrith received 2 damage, now destroyed

Kiraya

Gundam Barbatos Adapt received 2 damage, leaving 1 HP remaining

Battle ended

Battle initiated

Kiraya

Battle declared: Gundam Barbatos Adapt against Aile Strike Gundam

0622

No blockers available

Action step

0622

Passed

Kiraya

Passed

Battle started: Gundam Barbatos Adapt against Aile Strike Gundam

0622

Aile Strike Gundam received 2 damage, leaving 1 HP remaining

Kiraya

Gundam Barbatos Adapt received 6 damage, now destroyed

Battle ended

Turn end phase started

0622

Passed

Kiraya

Passed

Turn ended!

Turn 12 started!

0622

Freedom Gundam deployed

Paired pilot: Quatre Raberba Winner on unit Freedom Gundam

Selecting target for Quatre Raberba Winner

Rested unit: Gundam Flauros (Ryusei-Go)

Battle initiated

0622

Battle declared: Aile Strike Gundam against Gundam Flauros (Ryusei-Go)

Selecting target for Kira Yamato

Kira Yamato: Modifier applied to: Gundam Flauros (Ryusei-Go)

Kiraya

No blockers available

Action step

Kiraya

Passed

0622

Passed

Battle started: Aile Strike Gundam against Gundam Flauros (Ryusei-Go)

Kiraya

Gundam Flauros (Ryusei-Go) received 6 damage, now destroyed

0622

Aile Strike Gundam received 3 damage, now destroyed

Battle ended

Turn end phase started

Kiraya

Passed

0622

Passed

Turn ended!

Turn 13 started!

Kiraya

Gundam Barbatos Lupus deployed

Activated: Gundam Barbatos Lupus

Ryusei-Go (Graze Custom Ⅱ), Gundam Barbatos Adapt and Gundam Flauros (Ryusei-Go) exiled from the game

Selecting target for Gundam Barbatos Lupus

Gundam Barbatos Lupus: Dealt 2 damage to Freedom Gundam, leaving 4 HP remaining

Activated: Gundam Barbatos Lupus

Gundam Barbatos 1st Form, Graze Custom and Gundam Gusion Rebake exiled from the game

Selecting target for Gundam Barbatos Lupus

Gundam Barbatos Lupus: Dealt 2 damage to Freedom Gundam, leaving 2 HP remaining

Battle initiated

Kiraya

Battle declared: Gundam Barbatos Adapt against Enemy Player

0622

Assigned no blocker

Action step

0622

Passed

Kiraya

Passed

Battle started: Gundam Barbatos Adapt against Nahel Argama

0622

Nahel Argama received 2 damage, leaving 3 HP remaining

Battle ended

Battle initiated

Kiraya

Battle declared: Gundam Barbatos 2nd Form against Enemy Player

0622

Assigned no blocker

Action step

0622

Passed

Kiraya

Passed

Battle started: Gundam Barbatos 2nd Form against Nahel Argama

0622

Nahel Argama received 2 damage, leaving 1 HP remaining

Battle ended

Turn end phase started

0622

Passed

Kiraya

Passed

Turn ended!

Turn 14 started!

0622

Justice Gundam deployed

Fatum-00 deployed

Paired pilot: Quatre Raberba Winner on unit Justice Gundam

Selecting target for Quatre Raberba Winner

Already rested unit: Gundam Barbatos 2nd Form

Battle initiated

0622

Battle declared: Freedom Gundam against Gundam Barbatos 2nd Form

Kiraya

No blockers available

Action step

Kiraya

Passed

0622

Passed

Battle started: Freedom Gundam against Gundam Barbatos 2nd Form

Kiraya

Gundam Barbatos 2nd Form received 6 damage, now destroyed

0622

Freedom Gundam received 2 damage, now destroyed

Battle ended

Turn end phase started

Kiraya

Passed

0622

Passed

Turn ended!

Turn 15 started!

Kiraya

Activated: Gundam Barbatos Lupus

Hyakuren, Gundam Barbatos Adapt and Gundam Barbatos 2nd Form exiled from the game

Selecting target for Gundam Barbatos Lupus

Gundam Barbatos Lupus: Dealt 2 damage to Fatum-00, now destroyed

Battle initiated

Kiraya

Battle declared: Gundam Barbatos Lupus against Enemy Player

0622

No blockers available

Action step

0622

Passed

Kiraya

Passed

Battle started: Gundam Barbatos Lupus against Nahel Argama

0622

Nahel Argama received 5 damage, now destroyed

Battle ended

Battle initiated

Kiraya

Battle declared: Gundam Barbatos Adapt against Enemy Player

0622

No blockers available

Action step

0622

Passed

Kiraya

Passed

Battle started: Gundam Barbatos Adapt against Enemy Shield

0622

Shield card: Kira Yamato revealed

Shield card added to hand: Kira Yamato

Battle ended

Kiraya

Gundam Gusion Rebake deployed

Selecting target for Gundam Gusion Rebake

Gundam Gusion Rebake: Dealt 1 damage to: Gundam Barbatos Lupus and Justice Gundam

Gundam Gusion Rebake deployed

Selecting target for Gundam Gusion Rebake

Gundam Gusion Rebake: Dealt 1 damage to: Gundam Gusion Rebake and Justice Gundam

Turn end phase started

0622

Passed

Kiraya

Passed

Turn ended!

Turn 16 started!

0622

Strike Freedom Gundam deployed

Selecting target for Strike Freedom Gundam

Strike Freedom Gundam: chose Justice Gundam and Strike Freedom Gundam

Battle initiated

0622

Battle declared: Justice Gundam against Gundam Barbatos Lupus

No targets for Justice Gundam

Kiraya

Assigned Gundam Gusion Rebake to block

Action step

Kiraya

Passed

0622

Passed

Battle started: Justice Gundam against Gundam Gusion Rebake

Kiraya

Gundam Gusion Rebake received 7 damage, now destroyed

0622

Justice Gundam received 3 damage, leaving 1 HP remaining

Strike Freedom Gundam: Draw a card

Battle ended

0622

Linked pilot: Kira Yamato on unit Strike Freedom Gundam

Kira Yamato: Draw a card

Battle initiated

0622

Battle declared: Strike Freedom Gundam against Gundam Barbatos Lupus

Selecting target for Strike Freedom Gundam

Rick Dias and Gundam Lfrith discarded

Selecting target for Strike Freedom Gundam

Kiraya

Gundam Barbatos Adapt returned to deck

Assigned Gundam Gusion Rebake to block

Action step

Kiraya

Passed

0622

Passed

Battle started: Strike Freedom Gundam against Gundam Gusion Rebake

Kiraya

Gundam Gusion Rebake received 7 damage, now destroyed

0622

Strike Freedom Gundam received 3 damage, leaving 5 HP remaining

Strike Freedom Gundam: Draw a card

Battle ended

0622

Played command: Overflowing Affection

Overflowing Affection: Draw 2 cards

Selecting target for Overflowing Affection

Gundam Lfrith discarded

Turn end phase started

Kiraya

Passed

0622

Passed

Turn ended!

Turn 17 started!

Kiraya

Gundam Flauros (Ryusei-Go) deployed

No targets for Gundam Flauros (Ryusei-Go)

Linked pilot: Mikazuki Augus on unit Gundam Flauros (Ryusei-Go)

Selecting target for Mikazuki Augus

Mikazuki Augus: Dealt 1 damage to: Gundam Flauros (Ryusei-Go) and Justice Gundam

Battle initiated

Kiraya

Battle declared: Gundam Barbatos Lupus against Enemy Player

0622

No blockers available

Action step

0622

Passed

Kiraya

Passed

Battle started: Gundam Barbatos Lupus against Enemy Shield

0622

Shield card: Freedom Gundam revealed and discarded

Battle ended

Battle initiated

Kiraya

Battle declared: Gundam Flauros (Ryusei-Go) against Enemy Player

No targets for Gundam Flauros (Ryusei-Go)

0622

No blockers available

Action step

0622

Passed

Kiraya

Passed

Battle started: Gundam Flauros (Ryusei-Go) against Enemy Shield

0622

Shield card: Kira Yamato revealed

Shield card added to hand: Kira Yamato

Battle ended

Kiraya

Hyakuren deployed

Turn end phase started

0622

Passed

Kiraya

Passed

Turn ended!

Turn 18 started!

0622

Strike Freedom Gundam deployed

Selecting target for Strike Freedom Gundam

Strike Freedom Gundam: chose Strike Freedom Gundam and Strike Freedom Gundam

Linked pilot: Kira Yamato on unit Strike Freedom Gundam

Kira Yamato: Draw a card

Battle initiated

0622

Battle declared: Strike Freedom Gundam against Gundam Flauros (Ryusei-Go)

Selecting target for Strike Freedom Gundam

Wings of Light and Wings of Light discarded

Selecting target for Strike Freedom Gundam

Kiraya

Hyakuren returned to deck

No blockers available

Action step

Kiraya

Passed

0622

Passed

Battle started: Strike Freedom Gundam against Gundam Flauros (Ryusei-Go)

Kiraya

Gundam Flauros (Ryusei-Go) received 7 damage, now destroyed

0622

Strike Freedom Gundam received 7 damage, now destroyed

Strike Freedom Gundam: Draw a card

Battle ended

Battle initiated

0622

Battle declared: Strike Freedom Gundam against Enemy Player

Selecting target for Strike Freedom Gundam

Wings of Light and Aile Strike Gundam discarded

Selecting target for Strike Freedom Gundam

Kiraya

Gundam Barbatos Lupus returned to deck

No blockers available

Action step

Kiraya

Passed

0622

Passed

Battle started: Strike Freedom Gundam against EX Base

Kiraya

EX Base received 7 damage, now destroyed

0622

Strike Freedom Gundam: Draw a card

Battle ended

0622

Rick Dias deployed

Turn end phase started

Kiraya

Passed

0622

Passed

Turn ended!

Turn 19 started!

Turn end phase started

0622

Passed

Kiraya

Passed

Turn ended!

Turn 20 started!

0622

Strike Freedom Gundam deployed

Selecting target for Strike Freedom Gundam

Strike Freedom Gundam: chose Strike Freedom Gundam and Strike Freedom Gundam

Battle initiated

0622

Battle declared: Strike Freedom Gundam against Enemy Player

Kiraya

No blockers available

Action step

Kiraya

Passed

0622

Passed

Battle started: Strike Freedom Gundam against Enemy Shield

Kiraya

Shield card: Ryusei-Go (Graze Custom Ⅱ) revealed and discarded

0622

Strike Freedom Gundam: Draw a card

Battle ended

0622

Played base: Nahel Argama

No more Shield cards to add to hand

No targets for Nahel Argama

Linked pilot: Kira Yamato on unit Strike Freedom Gundam

Kira Yamato: Draw a card

Battle initiated

0622

Battle declared: Strike Freedom Gundam against Enemy Player

Kiraya

No blockers available

Action step

Kiraya

Passed

0622

Passed

Battle started: Strike Freedom Gundam against Enemy Shield

Kiraya

Shield card: Hyakuren revealed and discarded

0622

Strike Freedom Gundam: Draw a card

Battle ended

Turn end phase started

Kiraya

Passed

0622

Passed

Turn ended!

Turn 21 started!

Kiraya

Gundam Barbatos 1st Form deployed

Linked pilot: Mikazuki Augus on unit Gundam Barbatos 1st Form

Selecting target for Mikazuki Augus

Mikazuki Augus: Dealt 1 damage to: Gundam Barbatos 1st Form and Strike Freedom Gundam

Battle initiated

Kiraya

Battle declared: Gundam Barbatos 1st Form against Enemy Player

Gundam Barbatos 1st Form: Draw a card

0622

Assigned Rick Dias to block

Action step

0622

Passed

Kiraya

Passed

Battle started: Gundam Barbatos 1st Form against Rick Dias

0622

Rick Dias received 5 damage, now destroyed

Kiraya

Gundam Barbatos 1st Form received 3 damage, now destroyed

Battle ended

Kiraya

Ryusei-Go (Graze Custom Ⅱ) deployed

Selecting target for Ryusei-Go (Graze Custom Ⅱ)

Ryusei-Go (Graze Custom Ⅱ): Dealt 1 damage to Ryusei-Go (Graze Custom Ⅱ), leaving 1 HP remaining

Ryusei-Go (Graze Custom Ⅱ): Draw a card

Selecting target for Ryusei-Go (Graze Custom Ⅱ)

Gundam Barbatos 2nd Form discarded

Turn end phase started

0622

Passed

Kiraya

Passed

Turn ended!

Turn 22 started!

0622

Freedom Gundam deployed

Justice Gundam deployed

Fatum-00 deployed

Battle initiated

0622

Battle declared: Strike Freedom Gundam against Enemy Player

Selecting target for Strike Freedom Gundam

Kira Yamato and Nahel Argama discarded

Selecting target for Strike Freedom Gundam

Kiraya

Ryusei-Go (Graze Custom Ⅱ) returned to deck

No blockers available

Action step

Kiraya

Passed

0622

Passed

Battle started: Strike Freedom Gundam against Enemy Shield

Kiraya

Shield card: Gundam Barbatos Lupus revealed and discarded

Battle ended

Battle initiated

0622

Battle declared: Strike Freedom Gundam against Enemy Player

Kiraya

No blockers available

Action step

Kiraya

Passed

0622

Passed

Battle started: Strike Freedom Gundam against Enemy Shield

Kiraya

Shield card: Mikazuki Augus revealed

Shield card added to hand: Mikazuki Augus

Battle ended

Turn end phase started

Kiraya

Passed

0622

Passed

Turn ended!

Turn 23 started!

Kiraya

Gundam Barbatos 1st Form deployed

Linked pilot: Mikazuki Augus on unit Gundam Barbatos 1st Form

Selecting target for Mikazuki Augus

Mikazuki Augus: Dealt 1 damage to: Gundam Barbatos 1st Form and Strike Freedom Gundam

Battle initiated

Kiraya

Battle declared: Gundam Barbatos 1st Form against Enemy Player

Gundam Barbatos 1st Form: Draw a card

0622

Assigned Fatum-00 to block

Action step

0622

Passed

Kiraya

Passed

Battle started: Gundam Barbatos 1st Form against Fatum-00

0622

Fatum-00 received 5 damage, now destroyed

Kiraya

Gundam Barbatos 1st Form received 2 damage, now destroyed

Battle ended

Kiraya

Shiden Custom (Ryusei-Go) deployed

Turn end phase started

0622

Passed

Kiraya

Passed

Turn ended!

Turn 24 started!

0622

Played command: A Show of Resolve

A Show of Resolve: Draw 2 cards

Played command: Overflowing Affection

Overflowing Affection: Draw 2 cards

Selecting target for Overflowing Affection

Gundam Lfrith discarded

Freedom Gundam deployed

Linked pilot: Kira Yamato on unit Freedom Gundam

Kira Yamato: Draw a card

Battle initiated

0622

Battle declared: Justice Gundam against Enemy Player

Kiraya

Assigned no blocker

Action step

Kiraya

Passed

0622

Passed

Battle started: Justice Gundam against Enemy Shield

Kiraya

Shield card: Graze Custom revealed and discarded

Battle ended

Battle initiated

0622

Battle declared: Strike Freedom Gundam against Enemy Player

Selecting target for Strike Freedom Gundam

Kiraya

Assigned no blocker

Action step

Kiraya

Passed

0622

Passed

Battle started: Strike Freedom Gundam against Enemy Shield

Kiraya

Shield card: Ryusei-Go (Graze Custom Ⅱ) revealed and discarded

Battle ended

Battle initiated

0622

Battle declared: Strike Freedom Gundam against Enemy Player

Selecting target for Strike Freedom Gundam

Aile Strike Gundam and Quatre Raberba Winner discarded

Selecting target for Strike Freedom Gundam

Kiraya

Shiden Custom (Ryusei-Go) returned to deck

No blockers available

Action step

Kiraya

Passed

0622

Passed

Battle started: Strike Freedom Gundam against Enemy Player

Kiraya

No more shields available, game is over!

0622

Winner!

Game ended!
