Mobile Suit Arena - Battle logs
Game started!

Kiraya

Choose to play first

waxtrax

Choose to keep starting hand

Kiraya

Choose to mulligan starting hand

Turn 1 started!

Turn end phase started

waxtrax

Passed

Kiraya

Passed

Turn ended!

Turn 2 started!

waxtrax

Played command: Airframe Seizure

Selecting target for Airframe Seizure

Sazabi discarded

Airframe Seizure: Draw 2 cards

Turn end phase started

Kiraya

Passed

waxtrax

Passed

Turn ended!

Turn 3 started!

Kiraya

Graze Custom deployed

Turn end phase started

waxtrax

Passed

Kiraya

Passed

Turn ended!

Turn 4 started!

waxtrax

Quess's Jagd Doga deployed

Turn end phase started

Kiraya

Passed

waxtrax

Passed

Turn ended!

Turn 5 started!

Kiraya

Ryusei-Go (Graze Custom Ⅱ) deployed

Selecting target for Ryusei-Go (Graze Custom Ⅱ)

Ryusei-Go (Graze Custom Ⅱ): Dealt 1 damage to Ryusei-Go (Graze Custom Ⅱ), leaving 1 HP remaining

Ryusei-Go (Graze Custom Ⅱ): Draw a card

Selecting target for Ryusei-Go (Graze Custom Ⅱ)

Gundam Flauros (Ryusei-Go) discarded

Battle initiated

Kiraya

Battle declared: Graze Custom against Enemy Player

waxtrax

No blockers available

Action step

waxtrax

Passed

Kiraya

Passed

Battle started: Graze Custom against EX Base

waxtrax

EX Base received 2 damage, leaving 1 HP remaining

Battle ended

Turn end phase started

waxtrax

Passed

Kiraya

Passed

Turn ended!

Turn 6 started!

waxtrax

Played command: Airframe Seizure

Selecting target for Airframe Seizure

Kshatriya discarded

Airframe Seizure: Draw 2 cards

Rezin's Geara Doga deployed

Battle initiated

waxtrax

Battle declared: Quess's Jagd Doga against Graze Custom

Kiraya

No blockers available

Action step

Kiraya

Passed

waxtrax

Passed

Battle started: Quess's Jagd Doga against Graze Custom

Kiraya

Graze Custom received 3 damage, now destroyed

waxtrax

Quess's Jagd Doga received 2 damage, now destroyed

Battle ended

Turn end phase started

Kiraya

Passed

waxtrax

Passed

Turn ended!

Turn 7 started!

Kiraya

Gundam Barbatos 1st Form deployed

Gundam Barbatos Adapt deployed

Selecting target for Gundam Barbatos Adapt

Gundam Barbatos Adapt: Dealt 1 damage to: Gundam Barbatos 1st Form and Rezin's Geara Doga

Battle initiated

Kiraya

Battle declared: Ryusei-Go (Graze Custom Ⅱ) against Enemy Player

waxtrax

No blockers available

Action step

waxtrax

Passed

Kiraya

Passed

Battle started: Ryusei-Go (Graze Custom Ⅱ) against EX Base

waxtrax

EX Base received 2 damage, now destroyed

Battle ended

Turn end phase started

waxtrax

Passed

Kiraya

Passed

Turn ended!

Turn 8 started!

waxtrax

Played base: Axis

Shield card added to hand

Rezin's Geara Doga deployed

Battle initiated

waxtrax

Battle declared: Rezin's Geara Doga against Ryusei-Go (Graze Custom Ⅱ)

Kiraya

No blockers available

Action step

Kiraya

Passed

waxtrax

Passed

Battle started: Rezin's Geara Doga against Ryusei-Go (Graze Custom Ⅱ)

Kiraya

Ryusei-Go (Graze Custom Ⅱ) received 3 damage, now destroyed

waxtrax

Rezin's Geara Doga received 2 damage, leaving 1 HP remaining

Battle ended

Turn end phase started

Kiraya

Passed

waxtrax

Passed

Turn ended!

Turn 9 started!

Kiraya

Replaced EX Base base: Isaribi

Shield card added to hand

Ryusei-Go (Graze Custom Ⅱ) deployed

Selecting target for Ryusei-Go (Graze Custom Ⅱ)

Ryusei-Go (Graze Custom Ⅱ): Dealt 1 damage to Ryusei-Go (Graze Custom Ⅱ), leaving 1 HP remaining

Ryusei-Go (Graze Custom Ⅱ): Draw a card

Selecting target for Ryusei-Go (Graze Custom Ⅱ)

Isaribi discarded

Paired pilot: Akihiro Altland on unit Gundam Barbatos 1st Form

Activated: Isaribi

Rested base: Isaribi

Isaribi: Modifier applied to: Gundam Barbatos 1st Form

Battle initiated

Kiraya

Battle declared: Gundam Barbatos 1st Form against Enemy Player

Gundam Barbatos 1st Form: Draw a card

waxtrax

No blockers available

Action step

waxtrax

Passed

Kiraya

Passed

Battle started: Gundam Barbatos 1st Form against Axis

waxtrax

Axis received 6 damage, now destroyed

Battle ended

Battle initiated

Kiraya

Battle declared: Gundam Barbatos Adapt against Rezin's Geara Doga

waxtrax

No blockers available

Action step

waxtrax

Passed

Kiraya

Passed

Battle started: Gundam Barbatos Adapt against Rezin's Geara Doga

waxtrax

Rezin's Geara Doga received 2 damage, now destroyed

Kiraya

Gundam Barbatos Adapt received 3 damage, leaving 1 HP remaining

Battle ended

Kiraya

Gundam Exia Repair deployed

Turn end phase started

waxtrax

Passed

Kiraya

Passed

Turn ended!

Turn 10 started!

waxtrax

Kshatriya deployed

Linked pilot: Marida Cruz on unit Kshatriya

Selecting target for Kshatriya

Kshatriya: Dealt 1 damage to: Gundam Barbatos Adapt and Ryusei-Go (Graze Custom Ⅱ)

Battle initiated

waxtrax

Battle declared: Kshatriya against Gundam Barbatos 1st Form

Selecting target for Marida Cruz

Marida Cruz: Dealt 1 damage to Gundam Exia Repair, now destroyed

Kiraya

Gundam Exia Repair milled 2: Gundam Gusion Rebake and Gundam Barbatos 2nd Form moved to trash

No blockers available

Action step

Kiraya

Passed

waxtrax

Passed

Battle started: Kshatriya against Gundam Barbatos 1st Form

Kiraya

Gundam Barbatos 1st Form received 7 damage, now destroyed

waxtrax

Kshatriya received 4 damage, leaving 1 HP remaining

Battle ended

Turn end phase started

Kiraya

Passed

waxtrax

Passed

Turn ended!

Turn 11 started!

Kiraya

Graze Custom deployed

Hyakuren deployed

Ryusei-Go (Graze Custom Ⅱ) deployed

Selecting target for Ryusei-Go (Graze Custom Ⅱ)

Ryusei-Go (Graze Custom Ⅱ): Dealt 1 damage to Ryusei-Go (Graze Custom Ⅱ), leaving 1 HP remaining

Ryusei-Go (Graze Custom Ⅱ): Draw a card

Selecting target for Ryusei-Go (Graze Custom Ⅱ)

Gundam Barbatos 1st Form discarded

Turn end phase started

waxtrax

Passed

Kiraya

Passed

Turn ended!

Turn 12 started!

waxtrax

Played base: Axis

Shield card added to hand

Played command: Widespread Annihilation

Battle initiated

waxtrax

Battle declared: Kshatriya against Enemy Player

No targets for Marida Cruz

Kiraya

No blockers available

Action step

Kiraya

Passed

waxtrax

Passed

Battle started: Kshatriya against Isaribi

Kiraya

Isaribi received 7 damage, now destroyed

Battle ended

Turn end phase started

Kiraya

Passed

waxtrax

Passed

Turn ended!

Turn 13 started!

Kiraya

Gundam Barbatos Lupus deployed

Activated: Gundam Barbatos Lupus

Gundam Barbatos 1st Form, Gundam Barbatos 1st Form and Hyakuren exiled from the game

Selecting target for Gundam Barbatos Lupus

Gundam Barbatos Lupus: Dealt 2 damage to Kshatriya, now destroyed

Graze Custom deployed

Turn end phase started

waxtrax

Passed

Kiraya

Passed

Turn ended!

Turn 14 started!

waxtrax

Quess's Jagd Doga deployed

Sazabi deployed

Selecting target for Sazabi

Sazabi milled 3: Char Aznable and Close Combat and Quess's Jagd Doga moved to trash

Selecting target for Sazabi

Quess's Jagd Doga returned to hand

Quess's Jagd Doga returned to hand

Paired pilot: Marida Cruz on unit Sazabi

Turn end phase started

Kiraya

Passed

waxtrax

Passed

Turn ended!

Turn 15 started!

Kiraya

Gundam Barbatos Lupus deployed

Activated: Gundam Barbatos Lupus

Gundam Flauros (Ryusei-Go), Ryusei-Go (Graze Custom Ⅱ) and Gundam Gusion Rebake exiled from the game

Selecting target for Gundam Barbatos Lupus

Gundam Barbatos Lupus: Dealt 2 damage to Sazabi, leaving 3 HP remaining

Activated: Gundam Barbatos Lupus

Gundam Barbatos 2nd Form, Graze Custom and Ryusei-Go (Graze Custom Ⅱ) exiled from the game

Selecting target for Gundam Barbatos Lupus

Gundam Barbatos Lupus: Dealt 2 damage to Sazabi, leaving 1 HP remaining

Activated: Gundam Barbatos Lupus

Graze Custom, Gundam Barbatos Adapt and Ryusei-Go (Graze Custom Ⅱ) exiled from the game

Selecting target for Gundam Barbatos Lupus

Gundam Barbatos Lupus: Dealt 2 damage to Sazabi, now destroyed

Battle initiated

Kiraya

Battle declared: Gundam Barbatos Lupus against Enemy Player

waxtrax

No blockers available

Action step

waxtrax

Passed

Kiraya

Passed

Battle started: Gundam Barbatos Lupus against Axis

waxtrax

Axis received 5 damage, leaving 1 HP remaining

Battle ended

Battle initiated

Kiraya

Battle declared: Graze Custom against Enemy Player

waxtrax

No blockers available

Action step

waxtrax

Passed

Kiraya

Passed

Battle started: Graze Custom against Axis

waxtrax

Axis received 2 damage, now destroyed

Battle ended

Turn end phase started

waxtrax

Passed

Kiraya

Passed

Turn ended!

Turn 16 started!

waxtrax

Quess's Jagd Doga deployed

Quess's Jagd Doga deployed

Gyunei's Jagd Doga deployed

Played base: Axis

Shield card added to hand

Turn end phase started

Kiraya

Passed

waxtrax

Passed

Turn ended!

Turn 17 started!

Kiraya

Sword Impulse Gundam deployed

Sword Impulse Gundam: Dealt 1 damage to Sword Impulse Gundam, leaving 2 HP remaining

Selecting target for Sword Impulse Gundam

Rested unit: Quess's Jagd Doga

Hyakuren deployed

Battle initiated

Kiraya

Battle declared: Gundam Barbatos Lupus against Quess's Jagd Doga

waxtrax

No blockers available

Action step

waxtrax

Passed

Kiraya

Passed

Battle started: Gundam Barbatos Lupus against Quess's Jagd Doga

waxtrax

Quess's Jagd Doga received 5 damage, now destroyed

Kiraya

Gundam Barbatos Lupus received 3 damage, leaving 2 HP remaining

Battle ended

Battle initiated

Kiraya

Battle declared: Graze Custom against Enemy Player

waxtrax

No blockers available

Action step

waxtrax

Passed

Kiraya

Passed

Battle started: Graze Custom against Axis

waxtrax

Axis received 2 damage, leaving 4 HP remaining

Battle ended

Battle initiated

Kiraya

Battle declared: Gundam Barbatos Lupus against Enemy Player

waxtrax

No blockers available

Action step

waxtrax

Passed

Kiraya

Passed

Battle started: Gundam Barbatos Lupus against Axis

waxtrax

Axis received 5 damage, now destroyed

Battle ended

Turn end phase started

waxtrax

Passed

Kiraya

Passed

Turn ended!

Turn 18 started!

Battle initiated

waxtrax

Battle declared: Quess's Jagd Doga against Gundam Barbatos Lupus

Kiraya

No blockers available

Action step

Kiraya

Passed

waxtrax

Passed

Battle started: Quess's Jagd Doga against Gundam Barbatos Lupus

Kiraya

Gundam Barbatos Lupus received 3 damage, now destroyed

waxtrax

Quess's Jagd Doga received 5 damage, now destroyed

Battle ended

waxtrax

Played command: Widespread Annihilation

Turn end phase started

Kiraya

Passed

waxtrax

Passed

Turn ended!

Turn 19 started!

Kiraya

Gundam Exia Repair deployed

Battle initiated

Kiraya

Battle declared: Gundam Barbatos Lupus against Enemy Player

waxtrax

No blockers available

Action step

waxtrax

Passed

Kiraya

Passed

Battle started: Gundam Barbatos Lupus against Enemy Shield

waxtrax

Shield card: Sazabi revealed and discarded

Battle ended

Turn end phase started

waxtrax

Passed

Kiraya

Passed

Turn ended!

Turn 20 started!

waxtrax

Gyunei's Jagd Doga deployed

Linked pilot: Quess Paraya on unit Gyunei's Jagd Doga

Battle initiated

waxtrax

Battle declared: Gyunei's Jagd Doga against Enemy Player

Kiraya

No blockers available

Action step

Kiraya

Passed

waxtrax

Passed

Battle started: Gyunei's Jagd Doga against Enemy Shield

Kiraya

Shield card: Isaribi revealed

Played base: Isaribi

Shield card added to hand

Battle ended

waxtrax

Sazabi deployed

Selecting target for Sazabi

Sazabi milled 3: Rezin's Geara Doga and Axis and Close Combat moved to trash

Selecting target for Sazabi

Rezin's Geara Doga returned to hand

Selecting target for Quess Paraya

Quess Paraya: Modifier applied to: Sazabi

Turn end phase started

Kiraya

Passed

waxtrax

Passed

Turn ended!

Turn 21 started!

Battle initiated

Kiraya

Battle declared: Gundam Exia Repair against Enemy Player

waxtrax

No blockers available

Action step

waxtrax

Passed

Kiraya

Passed

Battle started: Gundam Exia Repair against Enemy Shield

waxtrax

Shield card: Rezin's Geara Doga revealed and discarded

Battle ended

Kiraya

Activated: Gundam Barbatos Lupus

Gundam Barbatos Lupus, Graze Custom and Hyakuren exiled from the game

Selecting target for Gundam Barbatos Lupus

Gundam Barbatos Lupus: Dealt 2 damage to Sazabi, leaving 2 HP remaining

Battle initiated

Kiraya

Battle declared: Gundam Barbatos Lupus against Enemy Player

waxtrax

No blockers available

Action step

waxtrax

Passed

Kiraya

Passed

Battle started: Gundam Barbatos Lupus against Enemy Shield

waxtrax

Shield card: Kshatriya revealed and discarded

Battle ended

Kiraya

Shiden Custom (Ryusei-Go) deployed

Linked pilot: Mikazuki Augus on unit Shiden Custom (Ryusei-Go)

Selecting target for Mikazuki Augus

Winner!

Game ended!
