Mobile Suit Arena - Battle logs
Game started!

4444

Choose to play second

Kiraya

Choose to mulligan starting hand

4444

Choose to keep starting hand

Turn 1 started!

Turn end phase started

4444

Passed

Kiraya

Passed

Turn ended!

Turn 2 started!

Turn end phase started

Kiraya

Passed

4444

Passed

Turn ended!

Turn 3 started!

Turn end phase started

4444

Passed

Kiraya

Passed

Turn ended!

Turn 4 started!

4444

Gundam Lfrith deployed

Turn end phase started

Kiraya

Passed

4444

Passed

Turn ended!

Turn 5 started!

Kiraya

Hyakuren deployed

Replaced EX Base base: Isaribi

Shield card added to hand

Turn end phase started

4444

Passed

Kiraya

Passed

Turn ended!

Turn 6 started!

4444

Strike Rouge (Ootori) deployed

Turn end phase started

Kiraya

Passed

4444

Passed

Turn ended!

Turn 7 started!

Kiraya

Ryusei-Go (Graze Custom Ⅱ) deployed

Selecting target for Ryusei-Go (Graze Custom Ⅱ)

Ryusei-Go (Graze Custom Ⅱ): Dealt 1 damage to Ryusei-Go (Graze Custom Ⅱ), leaving 1 HP remaining

Ryusei-Go (Graze Custom Ⅱ): Draw a card

Selecting target for Ryusei-Go (Graze Custom Ⅱ)

Sword Impulse Gundam discarded

Hyakuren deployed

Battle initiated

Kiraya

Battle declared: Hyakuren against Enemy Player

4444

Assigned Gundam Lfrith to block

Action step

4444

Passed

Kiraya

Passed

Battle started: Hyakuren against Gundam Lfrith

4444

Gundam Lfrith received 4 damage, now destroyed

Kiraya

Hyakuren received 2 damage, leaving 1 HP remaining

Battle ended

Turn end phase started

4444

Passed

Kiraya

Passed

Turn ended!

Turn 8 started!

4444

Played command: Overflowing Affection

Overflowing Affection: Draw 2 cards

Selecting target for Overflowing Affection

Akatsuki (Oowashi) discarded

Strike Rouge (Ootori) deployed

Linked pilot: Andrew Waldfeld on unit Strike Rouge (Ootori)

Battle initiated

4444

Battle declared: Strike Rouge (Ootori) against Hyakuren

Kiraya

No blockers available

Action step

Kiraya

Passed

4444

Passed

Battle started: Strike Rouge (Ootori) against Hyakuren

Kiraya

Hyakuren received 5 damage, now destroyed

4444

Strike Rouge (Ootori) received 4 damage, leaving 1 HP remaining

Battle ended

Turn end phase started

Kiraya

Passed

4444

Passed

Strike Rouge (Ootori) repaired 2 from [Repair 2]

Turn ended!

Turn 9 started!

Kiraya

Gundam Gusion Rebake deployed

Selecting target for Gundam Gusion Rebake

Gundam Gusion Rebake: Dealt 1 damage to: Gundam Gusion Rebake and Strike Rouge (Ootori)

Battle initiated

Kiraya

Battle declared: Ryusei-Go (Graze Custom Ⅱ) against Strike Rouge (Ootori)

4444

Assigned Strike Rouge (Ootori) to block

Action step

4444

Passed

Kiraya

Passed

Battle started: Ryusei-Go (Graze Custom Ⅱ) against Strike Rouge (Ootori)

4444

Strike Rouge (Ootori) received 2 damage, leaving 2 HP remaining

Kiraya

Ryusei-Go (Graze Custom Ⅱ) received 3 damage, now destroyed

Battle ended

Battle initiated

Kiraya

Battle declared: Hyakuren against Enemy Player

4444

No blockers available

Action step

4444

Passed

Kiraya

Passed

Battle started: Hyakuren against EX Base

4444

EX Base received 4 damage, now destroyed

Battle ended

Kiraya

Graze Custom deployed

Turn end phase started

4444

Passed

Kiraya

Passed

Turn ended!

Turn 10 started!

4444

Played base: Archangel

Shield card added to hand

Murasame (Andrew Waldfeld Unit) deployed

Linked pilot: Andrew Waldfeld on unit Murasame (Andrew Waldfeld Unit)

Battle initiated

4444

Battle declared: Strike Rouge (Ootori) against Enemy Player

Kiraya

Assigned Gundam Gusion Rebake to block

Action step

Kiraya

Passed

4444

Passed

Battle started: Strike Rouge (Ootori) against Gundam Gusion Rebake

Kiraya

Gundam Gusion Rebake received 5 damage, now destroyed

4444

Strike Rouge (Ootori) received 3 damage, now destroyed

Battle ended

Battle initiated

4444

Battle declared: Murasame (Andrew Waldfeld Unit) against Hyakuren

Kiraya

No blockers available

Action step

Kiraya

Passed

4444

Passed

Battle started: Murasame (Andrew Waldfeld Unit) against Hyakuren

Kiraya

Hyakuren received 4 damage, now destroyed

4444

Murasame (Andrew Waldfeld Unit) received 4 damage, leaving 1 HP remaining

Battle ended

Turn end phase started

Kiraya

Passed

4444

Passed

Murasame (Andrew Waldfeld Unit) repaired 2 from [Repair 2]

Turn ended!

Turn 11 started!

Kiraya

Gundam Barbatos 2nd Form deployed

Gundam Gusion Rebake deployed

Selecting target for Gundam Gusion Rebake

Gundam Gusion Rebake: Dealt 1 damage to: Gundam Barbatos 2nd Form and Strike Rouge (Ootori) (prevented by Archangel)

Battle initiated

Kiraya

Battle declared: Graze Custom against Enemy Player

4444

Assigned Strike Rouge (Ootori) to block

Action step

4444

Passed

Kiraya

Passed

Battle started: Graze Custom against Strike Rouge (Ootori)

4444

Strike Rouge (Ootori) received 2 damage, now destroyed

Kiraya

Graze Custom received 3 damage, now destroyed

Battle ended

Turn end phase started

4444

Passed

Kiraya

Passed

Turn ended!

Turn 12 started!

4444

Freedom Gundam deployed

Linked pilot: Kira Yamato on unit Freedom Gundam

Battle initiated

4444

Battle declared: Freedom Gundam against Enemy Player

Selecting target for Kira Yamato

Kira Yamato: Modifier applied to: Gundam Gusion Rebake

Kiraya

Assigned no blocker

Action step

Kiraya

Passed

4444

Passed

Battle started: Freedom Gundam against Isaribi

Kiraya

Isaribi received 6 damage, now destroyed

Battle ended

Battle initiated

4444

Battle declared: Murasame (Andrew Waldfeld Unit) against Enemy Player

Kiraya

Assigned Gundam Gusion Rebake to block

Action step

Kiraya

Passed

4444

Passed

Battle started: Murasame (Andrew Waldfeld Unit) against Gundam Gusion Rebake

Kiraya

Gundam Gusion Rebake received 4 damage, leaving 1 HP remaining

4444

Murasame (Andrew Waldfeld Unit) received 3 damage, now destroyed

Murasame (Andrew Waldfeld Unit): Draw a card

Battle ended

Turn end phase started

Kiraya

Passed

4444

Passed

Turn ended!

Turn 13 started!

Kiraya

Gundam Barbatos Lupus deployed

Activated: Gundam Barbatos Lupus

Gundam Gusion Rebake, Hyakuren and Graze Custom exiled from the game

Selecting target for Gundam Barbatos Lupus

Gundam Barbatos Lupus: Dealt 2 damage to Freedom Gundam, which was prevented by Archangel

Linked pilot: Mikazuki Augus on unit Gundam Barbatos 2nd Form

Selecting target for Mikazuki Augus

Mikazuki Augus: Dealt 1 damage to: Gundam Barbatos 2nd Form and Freedom Gundam (prevented by Archangel)

Battle initiated

Kiraya

Battle declared: Gundam Barbatos 2nd Form against Freedom Gundam

4444

No blockers available

Action step

4444

Passed

Kiraya

Passed

Battle started: Gundam Barbatos 2nd Form against Freedom Gundam

4444

Freedom Gundam received 6 damage, now destroyed

Kiraya

Gundam Barbatos 2nd Form received 6 damage, now destroyed

Battle ended

Battle initiated

Kiraya

Battle declared: Gundam Gusion Rebake against Enemy Player

4444

No blockers available

Action step

4444

Passed

Kiraya

Passed

Battle started: Gundam Gusion Rebake against Archangel

4444

Archangel received 3 damage, leaving 2 HP remaining

Battle ended

Turn end phase started

4444

Passed

Kiraya

Passed

Turn ended!

Turn 14 started!

4444

Replaced Archangel base: Archangel

Shield card added to hand

Played command: A Show of Resolve

A Show of Resolve: Draw 2 cards

Turn end phase started

Kiraya

Passed

4444

Passed

Turn ended!

Turn 15 started!

Kiraya

Shiden Custom (Ryusei-Go) deployed

Graze Custom deployed

Gundam Barbatos 1st Form deployed

Battle initiated

Kiraya

Battle declared: Gundam Barbatos Lupus against Enemy Player

4444

No blockers available

Action step

4444

Played action: Unforeseen Incident

Unforeseen Incident: Modifier applied to: Gundam Barbatos Lupus

Kiraya

Passed

4444

Passed

Kiraya

Battle started: Gundam Barbatos Lupus against Archangel

4444

Archangel received 2 damage, leaving 3 HP remaining

Battle ended

Battle initiated

Kiraya

Battle declared: Gundam Gusion Rebake against Enemy Player

4444

No blockers available

Action step

4444

Passed

Kiraya

Passed

Battle started: Gundam Gusion Rebake against Archangel

4444

Archangel received 3 damage, now destroyed

Battle ended

Turn end phase started

4444

Passed

Kiraya

Passed

Turn ended!

Turn 16 started!

4444

Akatsuki (Oowashi) deployed

Linked pilot: Kira Yamato on unit Akatsuki (Oowashi)

Selecting target for Akatsuki (Oowashi)

Kiraya

Shiden Custom (Ryusei-Go) returned to hand

4444

Kira Yamato: Draw a card

Battle initiated

4444

Battle declared: Akatsuki (Oowashi) against Gundam Barbatos Lupus

Kiraya

No blockers available

Action step

Kiraya

Passed

4444

Passed

Battle started: Akatsuki (Oowashi) against Gundam Barbatos Lupus

Kiraya

Gundam Barbatos Lupus received 6 damage, now destroyed

4444

Akatsuki (Oowashi) received 5 damage, leaving 1 HP remaining

Battle ended

Turn end phase started

Kiraya

Passed

4444

Passed

Turn ended!

Turn 17 started!

Kiraya

Ryusei-Go (Graze Custom Ⅱ) deployed

Selecting target for Ryusei-Go (Graze Custom Ⅱ)

Ryusei-Go (Graze Custom Ⅱ): Dealt 1 damage to Gundam Barbatos 1st Form, leaving 1 HP remaining

Ryusei-Go (Graze Custom Ⅱ): Draw a card

Selecting target for Ryusei-Go (Graze Custom Ⅱ)

Gundam Flauros (Ryusei-Go) discarded

Battle initiated

Kiraya

Battle declared: Graze Custom against Akatsuki (Oowashi)

4444

No blockers available

Action step

4444

Played action: Unforeseen Incident

Unforeseen Incident: Modifier applied to: Graze Custom

Kiraya

Passed

4444

Passed

Kiraya

Battle started: Graze Custom against Akatsuki (Oowashi)

4444

Akatsuki (Oowashi) received 0 damage, leaving 1 HP remaining

Kiraya

Graze Custom received 6 damage, now destroyed

Battle ended

Kiraya

Linked pilot: Mikazuki Augus on unit Gundam Barbatos 1st Form

Selecting target for Mikazuki Augus

Mikazuki Augus: Dealt 1 damage to: Ryusei-Go (Graze Custom Ⅱ) and Akatsuki (Oowashi)

Battle initiated

Kiraya

Battle declared: Gundam Barbatos 1st Form against Enemy Player

Gundam Barbatos 1st Form: Draw a card

4444

No blockers available

Action step

4444

Passed

Kiraya

Passed

Battle started: Gundam Barbatos 1st Form against Enemy Shield

4444

Shield card: Gundam Lfrith revealed and discarded

Battle ended

Kiraya

Played base: Isaribi

Shield card added to hand

Shiden Custom (Ryusei-Go) deployed

Battle initiated

Kiraya

Battle declared: Gundam Gusion Rebake against Enemy Player

4444

No blockers available

Action step

4444

Passed

Kiraya

Passed

Battle started: Gundam Gusion Rebake against Enemy Shield

4444

Shield card: Gundam Lfrith revealed and discarded

Battle ended

Turn end phase started

4444

Passed

Kiraya

Passed

Turn ended!

Turn 18 started!

4444

Played command: Overflowing Affection

Overflowing Affection: Draw 2 cards

Selecting target for Overflowing Affection

Kira Yamato discarded

Played base: Archangel

Shield card added to hand

Played command: A Show of Resolve

A Show of Resolve: Draw 2 cards

Kiraya

Winner!

Game ended!
