Mobile Suit Arena - Battle logs
Game started!

B Reichwald

Choose to play first

Choose to mulligan starting hand

Kiraya

Choose to keep starting hand

Turn 1 started!

Turn end phase started

Kiraya

Passed

B Reichwald

Passed

Turn ended!

Turn 2 started!

Kiraya

Gundam Exia Repair deployed

Turn end phase started

B Reichwald

Passed

Kiraya

Passed

Turn ended!

Turn 3 started!

Turn end phase started

Kiraya

Passed

B Reichwald

Passed

Turn ended!

Turn 4 started!

Battle initiated

Kiraya

Battle declared: Gundam Exia Repair against Enemy Player

B Reichwald

No blockers available

Action step

B Reichwald

Passed

Kiraya

Passed

Battle started: Gundam Exia Repair against EX Base

B Reichwald

EX Base received 2 damage, leaving 1 HP remaining

Battle ended

Kiraya

Graze Custom deployed

Gundam Exia Repair deployed

Turn end phase started

B Reichwald

Passed

Kiraya

Passed

Turn ended!

Turn 5 started!

B Reichwald

Rick Dias deployed

Turn end phase started

Kiraya

Passed

B Reichwald

Passed

Turn ended!

Turn 6 started!

Battle initiated

Kiraya

Battle declared: Gundam Exia Repair against Enemy Player

B Reichwald

Assigned no blocker

Action step

B Reichwald

Passed

Kiraya

Passed

Battle started: Gundam Exia Repair against EX Base

B Reichwald

EX Base received 2 damage, now destroyed

Battle ended

Battle initiated

Kiraya

Battle declared: Gundam Exia Repair against Enemy Player

B Reichwald

Assigned no blocker

Action step

B Reichwald

Passed

Kiraya

Passed

Battle started: Gundam Exia Repair against Enemy Shield

B Reichwald

Shield card: Sazabi revealed and discarded

Battle ended

Battle initiated

Kiraya

Battle declared: Graze Custom against Enemy Player

B Reichwald

Assigned Rick Dias to block

Action step

B Reichwald

Passed

Kiraya

Passed

Battle started: Graze Custom against Rick Dias

B Reichwald

Rick Dias received 2 damage, leaving 1 HP remaining

Kiraya

Graze Custom received 3 damage, now destroyed

Battle ended

Kiraya

Gundam Barbatos Adapt deployed

Selecting target for Gundam Barbatos Adapt

Gundam Barbatos Adapt: Dealt 1 damage to: Gundam Barbatos Adapt and Rick Dias

Turn end phase started

B Reichwald

Passed

Kiraya

Passed

Turn ended!

Turn 7 started!

B Reichwald

Played base: Axis

Shield card added to hand

Turn end phase started

Kiraya

Passed

B Reichwald

Passed

Turn ended!

Turn 8 started!

Kiraya

Shiden Custom (Ryusei-Go) deployed

Linked pilot: Mikazuki Augus on unit Shiden Custom (Ryusei-Go)

Battle initiated

Kiraya

Battle declared: Shiden Custom (Ryusei-Go) against Enemy Player

B Reichwald

No blockers available

Action step

B Reichwald

Passed

Kiraya

Passed

Battle started: Shiden Custom (Ryusei-Go) against Axis

B Reichwald

Axis received 6 damage, now destroyed

Battle ended

Battle initiated

Kiraya

Battle declared: Gundam Exia Repair against Enemy Player

B Reichwald

No blockers available

Action step

B Reichwald

Passed

Kiraya

Passed

Battle started: Gundam Exia Repair against Enemy Shield

B Reichwald

Shield card: Char Aznable revealed

Shield card added to hand: Char Aznable

Battle ended

Battle initiated

Kiraya

Battle declared: Gundam Exia Repair against Enemy Player

B Reichwald

No blockers available

Action step

B Reichwald

Passed

Kiraya

Passed

Battle started: Gundam Exia Repair against Enemy Shield

B Reichwald

Shield card: Rezin's Geara Doga revealed and discarded

Battle ended

Battle initiated

Kiraya

Battle declared: Gundam Barbatos Adapt against Enemy Player

B Reichwald

No blockers available

Action step

B Reichwald

Passed

Kiraya

Passed

Battle started: Gundam Barbatos Adapt against Enemy Shield

B Reichwald

Shield card: Launcher Strike Gundam revealed and discarded

Battle ended

Turn end phase started

B Reichwald

Passed

Kiraya

Passed

Turn ended!

Turn 9 started!

B Reichwald

Sazabi deployed

Selecting target for Sazabi

Linked pilot: Char Aznable on unit Sazabi

Selecting target for Char Aznable

Played base: Axis

Shield card added to hand

Battle initiated

B Reichwald

Battle declared: Sazabi against Shiden Custom (Ryusei-Go)

Kiraya

No blockers available

Action step

Kiraya

Passed

B Reichwald

Passed

Battle started: Sazabi against Shiden Custom (Ryusei-Go)

Kiraya

Shiden Custom (Ryusei-Go) received 7 damage, now destroyed

B Reichwald

Sazabi received 6 damage, now destroyed

Battle ended

Turn end phase started

Kiraya

Passed

B Reichwald

Passed

Turn ended!

Turn 10 started!

Kiraya

Winner!

Game ended!
