Mobile Suit Arena - Battle logs
Game started!

アスファルトの雑草

Choose to play first

Kiraya

Choose to mulligan starting hand

アスファルトの雑草

Choose to mulligan starting hand

Turn 1 started!

Turn end phase started

Kiraya

Passed

アスファルトの雑草

Passed

Turn ended!

Turn 2 started!

Turn end phase started

アスファルトの雑草

Passed

Kiraya

Passed

Turn ended!

Turn 3 started!

Turn end phase started

Kiraya

Passed

アスファルトの雑草

Passed

Turn ended!

Turn 4 started!

Kiraya

Ryusei-Go (Graze Custom Ⅱ) deployed

Selecting target for Ryusei-Go (Graze Custom Ⅱ)

Ryusei-Go (Graze Custom Ⅱ): Dealt 1 damage to Ryusei-Go (Graze Custom Ⅱ), leaving 1 HP remaining

Ryusei-Go (Graze Custom Ⅱ): Draw a card

Selecting target for Ryusei-Go (Graze Custom Ⅱ)

Isaribi discarded

Turn end phase started

アスファルトの雑草

Played action: Close Combat

Close Combat: Dealt 2 damage to Ryusei-Go (Graze Custom Ⅱ), now destroyed

Kiraya

Passed

アスファルトの雑草

Passed

Kiraya

Turn ended!

Turn 5 started!

Turn end phase started

Kiraya

Passed

アスファルトの雑草

Passed

Turn ended!

Turn 6 started!

Kiraya

Shiden Custom (Ryusei-Go) deployed

Replaced EX Base base: Isaribi

Shield card added to hand

Turn end phase started

アスファルトの雑草

Played action: Improved Technique

Improved Technique: Dealt 3 damage to Shiden Custom (Ryusei-Go), now destroyed

Kiraya

Passed

アスファルトの雑草

Passed

Kiraya

Turn ended!

Turn 7 started!

アスファルトの雑草

Played command: A Show of Resolve

A Show of Resolve: Draw 2 cards

Turn end phase started

Kiraya

Passed

アスファルトの雑草

Passed

Turn ended!

Turn 8 started!

Kiraya

Hyakuren deployed

Turn end phase started

アスファルトの雑草

Passed

Kiraya

Passed

Turn ended!

Turn 9 started!

アスファルトの雑草

Played action: Overwhelming Pressure

Overwhelming Pressure: Dealt 4 damage to Hyakuren, now destroyed

Turn end phase started

Kiraya

Passed

アスファルトの雑草

Passed

Turn ended!

Turn 10 started!

Kiraya

Gundam Flauros (Ryusei-Go) deployed

No targets for Gundam Flauros (Ryusei-Go)

Turn end phase started

アスファルトの雑草

Played action: Darkness Finger

Darkness Finger: Dealt 2 damage to Gundam Flauros (Ryusei-Go), leaving 1 HP remaining

Kiraya

Passed

アスファルトの雑草

Passed

Kiraya

Turn ended!

Turn 11 started!

アスファルトの雑草

Strike Rouge (Ootori) deployed

Turn end phase started

Kiraya

Passed

アスファルトの雑草

Passed

Turn ended!

Turn 12 started!

Battle initiated

Kiraya

Battle declared: Gundam Flauros (Ryusei-Go) against Enemy Player

No targets for Gundam Flauros (Ryusei-Go)

アスファルトの雑草

Assigned no blocker

Action step

アスファルトの雑草

Passed

Kiraya

Passed

Battle started: Gundam Flauros (Ryusei-Go) against EX Base

アスファルトの雑草

EX Base received 5 damage, now destroyed

Battle ended

Kiraya

Gundam Barbatos Adapt deployed

Selecting target for Gundam Barbatos Adapt

Gundam Barbatos Adapt: Dealt 1 damage to: Gundam Barbatos Adapt and Strike Rouge (Ootori)

Gundam Barbatos Adapt deployed

Selecting target for Gundam Barbatos Adapt

Gundam Barbatos Adapt: Dealt 1 damage to: Gundam Barbatos Adapt and Strike Rouge (Ootori)

Hyakuren deployed

Turn end phase started

アスファルトの雑草

Played action: Battle of Aces

Battle of Aces: Dealt 3 damage to Gundam Barbatos Adapt, now destroyed

Kiraya

Passed

アスファルトの雑草

Passed

Kiraya

Turn ended!

Turn 13 started!

アスファルトの雑草

Played action: Battle of Aces

Battle of Aces: Dealt 3 damage to Gundam Barbatos Adapt, now destroyed

Played action: Overwhelming Pressure

Overwhelming Pressure: Dealt 4 damage to Hyakuren, now destroyed

Turn end phase started

Kiraya

Passed

アスファルトの雑草

Passed

Turn ended!

Turn 14 started!

Kiraya

Gundam Gusion Rebake deployed

Selecting target for Gundam Gusion Rebake

Gundam Gusion Rebake: Dealt 1 damage to: Gundam Gusion Rebake and Strike Rouge (Ootori)

Battle initiated

Kiraya

Battle declared: Gundam Flauros (Ryusei-Go) against Enemy Player

No targets for Gundam Flauros (Ryusei-Go)

アスファルトの雑草

Assigned no blocker

Action step

アスファルトの雑草

Passed

Kiraya

Passed

Battle started: Gundam Flauros (Ryusei-Go) against Enemy Shield

アスファルトの雑草

Shield card: Airframe Seizure revealed and discarded

Battle ended

Kiraya

Gundam Barbatos Adapt deployed

Selecting target for Gundam Barbatos Adapt

Gundam Barbatos Adapt: Dealt 1 damage to: Gundam Barbatos Adapt and Strike Rouge (Ootori)

Graze Custom deployed

Turn end phase started

アスファルトの雑草

Played action: Darkness Finger

Darkness Finger: Dealt 2 damage to Graze Custom, now destroyed

Kiraya

Passed

アスファルトの雑草

Passed

Kiraya

Turn ended!

Turn 15 started!

アスファルトの雑草

Strike Rouge (Ootori) deployed

Played action: Close Combat

Close Combat: Dealt 2 damage to Gundam Flauros (Ryusei-Go), now destroyed

Turn end phase started

Kiraya

Passed

アスファルトの雑草

Passed

Turn ended!

Turn 16 started!

Kiraya

Gundam Barbatos 2nd Form deployed

Gundam Gusion Rebake deployed

Selecting target for Gundam Gusion Rebake

Gundam Gusion Rebake: Dealt 1 damage to: Gundam Barbatos 2nd Form and Strike Rouge (Ootori)

Battle initiated

Kiraya

Battle declared: Gundam Gusion Rebake against Enemy Player

アスファルトの雑草

Assigned no blocker

Action step

アスファルトの雑草

Passed

Kiraya

Passed

Battle started: Gundam Gusion Rebake against Enemy Shield

アスファルトの雑草

Shield card: Close Combat revealed

Shield card: Close Combat moved to trash

Selecting target for Close Combat

Close Combat: Dealt 2 damage to Gundam Barbatos 2nd Form, leaving 1 HP remaining

Battle ended

Kiraya

Activated: Isaribi

Rested base: Isaribi

Isaribi: Modifier applied to: Gundam Barbatos Adapt

Battle initiated

Kiraya

Battle declared: Gundam Barbatos Adapt against Enemy Player

アスファルトの雑草

Assigned no blocker

Action step

アスファルトの雑草

Passed

Kiraya

Passed

Battle started: Gundam Barbatos Adapt against Enemy Shield

アスファルトの雑草

Shield card: Improved Technique revealed

Shield card: Improved Technique moved to trash

Selecting target for Improved Technique

Improved Technique: Dealt 3 damage to Gundam Barbatos 2nd Form, now destroyed

Battle ended

Turn end phase started

アスファルトの雑草

Passed

Kiraya

Passed

Turn ended!

Turn 17 started!

アスファルトの雑草

Unicorn Gundam 02 Banshee (Destroy Mode) deployed

Linked pilot: Marida Cruz on unit Unicorn Gundam 02 Banshee (Destroy Mode)

Battle initiated

アスファルトの雑草

Battle declared: Unicorn Gundam 02 Banshee (Destroy Mode) against Gundam Gusion Rebake

Selecting target for Unicorn Gundam 02 Banshee (Destroy Mode)

Returned to deck bottom

Set Active: Unicorn Gundam 02 Banshee (Destroy Mode)

Unicorn Gundam 02 Banshee (Destroy Mode): Modifier applied to: Unicorn Gundam 02 Banshee (Destroy Mode)

Selecting target for Marida Cruz

Marida Cruz: Dealt 1 damage to Gundam Gusion Rebake, leaving 4 HP remaining

Kiraya

Assigned no blocker

Action step

Kiraya

Passed

アスファルトの雑草

Passed

Battle started: Unicorn Gundam 02 Banshee (Destroy Mode) against Gundam Gusion Rebake

Kiraya

Gundam Gusion Rebake received 7 damage, now destroyed

アスファルトの雑草

Damage prevented

Unicorn Gundam 02 Banshee (Destroy Mode) received 0 damage, leaving 5 HP remaining

Battle ended

Battle initiated

アスファルトの雑草

Battle declared: Unicorn Gundam 02 Banshee (Destroy Mode) against Gundam Barbatos Adapt

Selecting target for Marida Cruz

Marida Cruz: Dealt 1 damage to Gundam Gusion Rebake, leaving 3 HP remaining

Kiraya

Assigned Gundam Gusion Rebake to block

Action step

Kiraya

Passed

アスファルトの雑草

Passed

Battle started: Unicorn Gundam 02 Banshee (Destroy Mode) against Gundam Gusion Rebake

Kiraya

Gundam Gusion Rebake received 7 damage, now destroyed

アスファルトの雑草

Damage prevented

Unicorn Gundam 02 Banshee (Destroy Mode) received 0 damage, leaving 5 HP remaining

Battle ended

Turn end phase started

Kiraya

Passed

アスファルトの雑草

Passed

Turn ended!

Turn 18 started!

Kiraya

Gundam Barbatos Lupus deployed

Activated: Gundam Barbatos Lupus

Gundam Barbatos 2nd Form, Gundam Gusion Rebake and Gundam Gusion Rebake exiled from the game

Selecting target for Gundam Barbatos Lupus

Gundam Barbatos Lupus: Dealt 2 damage to Unicorn Gundam 02 Banshee (Destroy Mode), leaving 3 HP remaining

Activated: Gundam Barbatos Lupus

Hyakuren, Graze Custom and Gundam Flauros (Ryusei-Go) exiled from the game

Selecting target for Gundam Barbatos Lupus

Gundam Barbatos Lupus: Dealt 2 damage to Unicorn Gundam 02 Banshee (Destroy Mode), leaving 1 HP remaining

Activated: Gundam Barbatos Lupus

Hyakuren, Gundam Barbatos Adapt and Gundam Barbatos Adapt exiled from the game

Selecting target for Gundam Barbatos Lupus

Gundam Barbatos Lupus: Dealt 2 damage to Unicorn Gundam 02 Banshee (Destroy Mode), now destroyed

Activated: Isaribi

Rested base: Isaribi

Isaribi: Modifier applied to: Gundam Barbatos Adapt

Battle initiated

Kiraya

Battle declared: Gundam Barbatos Adapt against Enemy Player

アスファルトの雑草

Assigned no blocker

Action step

アスファルトの雑草

Passed

Kiraya

Passed

Battle started: Gundam Barbatos Adapt against Enemy Shield

アスファルトの雑草

Shield card: Kira Yamato revealed

Shield card added to hand: Kira Yamato

Battle ended

Turn end phase started

アスファルトの雑草

Passed

Kiraya

Passed

Turn ended!

Turn 19 started!

アスファルトの雑草

Strike Freedom Gundam deployed

Selecting target for Strike Freedom Gundam

Strike Freedom Gundam: chose Strike Rouge (Ootori) and Strike Freedom Gundam

Linked pilot: Kira Yamato on unit Strike Freedom Gundam

Kira Yamato: Draw a card

Linked pilot: Kira Yamato on unit Strike Rouge (Ootori)

Kira Yamato: Draw a card

Battle initiated

アスファルトの雑草

Battle declared: Strike Rouge (Ootori) against Gundam Barbatos Adapt

Kiraya

No blockers available

Action step

Kiraya

Passed

アスファルトの雑草

Passed

Battle started: Strike Rouge (Ootori) against Gundam Barbatos Adapt

Kiraya

Gundam Barbatos Adapt received 5 damage, now destroyed

アスファルトの雑草

Strike Rouge (Ootori) received 2 damage, leaving 3 HP remaining

Strike Freedom Gundam: Draw a card

Battle ended

Battle initiated

アスファルトの雑草

Battle declared: Strike Freedom Gundam against Enemy Player

Selecting target for Strike Freedom Gundam

Overwhelming Pressure and Airframe Seizure discarded

Selecting target for Strike Freedom Gundam

Kiraya

Gundam Barbatos Lupus returned to deck

No blockers available

Action step

Kiraya

Passed

アスファルトの雑草

Passed

Battle started: Strike Freedom Gundam against Isaribi

Kiraya

Isaribi received 7 damage, now destroyed

アスファルトの雑草

Strike Freedom Gundam: Draw a card

Battle ended

アスファルトの雑草

Played command: Airframe Seizure

Selecting target for Airframe Seizure

Close Combat discarded

Airframe Seizure: Draw 2 cards

Turn end phase started

Kiraya

Passed

アスファルトの雑草

Passed

Turn ended!

Turn 20 started!

Kiraya

Played base: Isaribi

Shield card added to hand

Gundam Barbatos 1st Form deployed

Ryusei-Go (Graze Custom Ⅱ) deployed

Selecting target for Ryusei-Go (Graze Custom Ⅱ)

Ryusei-Go (Graze Custom Ⅱ): Dealt 1 damage to Ryusei-Go (Graze Custom Ⅱ), leaving 1 HP remaining

Ryusei-Go (Graze Custom Ⅱ): Draw a card

Selecting target for Ryusei-Go (Graze Custom Ⅱ)

Mikazuki Augus discarded

Turn end phase started

アスファルトの雑草

Played action: Darkness Finger

Darkness Finger: Dealt 2 damage to Gundam Barbatos 1st Form, now destroyed

Kiraya

Passed

アスファルトの雑草

Passed

Kiraya

Turn ended!

Turn 21 started!

アスファルトの雑草

Strike Freedom Gundam deployed

Selecting target for Strike Freedom Gundam

Strike Freedom Gundam: chose Strike Rouge (Ootori) and Strike Freedom Gundam

Played command: A Show of Resolve

A Show of Resolve: Draw 2 cards

Battle initiated

アスファルトの雑草

Battle declared: Strike Rouge (Ootori) against Enemy Player

Kiraya

No blockers available

Action step

Kiraya

Passed

アスファルトの雑草

Passed

Battle started: Strike Rouge (Ootori) against Isaribi

Kiraya

Isaribi received 5 damage, now destroyed

アスファルトの雑草

Strike Freedom Gundam: Draw a card

Battle ended

Battle initiated

アスファルトの雑草

Battle declared: Strike Freedom Gundam against Enemy Player

Selecting target for Strike Freedom Gundam

Kiraya

No blockers available

Action step

Kiraya

Passed

アスファルトの雑草

Passed

Battle started: Strike Freedom Gundam against Enemy Shield

Kiraya

Shield card: Ryusei-Go (Graze Custom Ⅱ) revealed and discarded

アスファルトの雑草

Strike Freedom Gundam: Draw a card

Battle ended

Turn end phase started

Kiraya

Passed

アスファルトの雑草

Passed

Turn ended!

Turn 22 started!

Kiraya

Gundam Gusion Rebake deployed

Selecting target for Gundam Gusion Rebake

Gundam Gusion Rebake: Dealt 1 damage to: Gundam Gusion Rebake and Strike Rouge (Ootori)

Battle initiated

Kiraya

Battle declared: Ryusei-Go (Graze Custom Ⅱ) against Strike Rouge (Ootori)

アスファルトの雑草

No blockers available

Action step

アスファルトの雑草

Played action: Darkness Finger

Darkness Finger: Dealt 2 damage to Ryusei-Go (Graze Custom Ⅱ), now destroyed

Kiraya

Passed

アスファルトの雑草

Passed

Battle ended

Turn end phase started

アスファルトの雑草

Passed

Kiraya

Passed

Turn ended!

Turn 23 started!

アスファルトの雑草

Played action: Battle of Aces

Battle of Aces: Dealt 3 damage to Gundam Gusion Rebake, leaving 1 HP remaining

Played action: Close Combat

Close Combat: Dealt 2 damage to Gundam Gusion Rebake, now destroyed

Strike Freedom Gundam deployed

Selecting target for Strike Freedom Gundam

Strike Freedom Gundam: chose Strike Rouge (Ootori) and Strike Freedom Gundam

Battle initiated

アスファルトの雑草

Battle declared: Strike Rouge (Ootori) against Enemy Player

Kiraya

No blockers available

Action step

Kiraya

Passed

アスファルトの雑草

Passed

Battle started: Strike Rouge (Ootori) against Enemy Shield

Kiraya

Shield card: Hyakuren revealed and discarded

アスファルトの雑草

Strike Freedom Gundam: Draw a card

Battle ended

Battle initiated

アスファルトの雑草

Battle declared: Strike Freedom Gundam against Enemy Player

Kiraya

No blockers available

Action step

Kiraya

Passed

アスファルトの雑草

Passed

Battle started: Strike Freedom Gundam against Enemy Shield

Kiraya

Shield card: Gundam Barbatos 1st Form revealed and discarded

アスファルトの雑草

Strike Freedom Gundam: Draw a card

Battle ended

Battle initiated

アスファルトの雑草

Battle declared: Strike Freedom Gundam against Enemy Player

Kiraya

No blockers available

Action step

Kiraya

Passed

アスファルトの雑草

Passed

Battle started: Strike Freedom Gundam against Enemy Shield

Kiraya

Shield card: Gundam Barbatos Lupus revealed and discarded

Battle ended

Turn end phase started

Kiraya

Passed

アスファルトの雑草

Passed

Turn ended!

Turn 24 started!

Kiraya

Hyakuren deployed

Turn end phase started

アスファルトの雑草

Passed

Kiraya

Passed

Turn ended!

Turn 25 started!

Battle initiated

アスファルトの雑草

Battle declared: Strike Rouge (Ootori) against Enemy Player

Kiraya

No blockers available

Action step

Kiraya

Passed

アスファルトの雑草

Passed

Battle started: Strike Rouge (Ootori) against Enemy Player

Kiraya

No more shields available, game is over!

アスファルトの雑草

Winner!

Game ended!
