Mobile Suit Arena - Battle logs
Game started!

Kiraya

Choose to play first

Komsanw

Choose to keep starting hand

Kiraya

Choose to keep starting hand

Turn 1 started!

Turn end phase started

Komsanw

Passed

Kiraya

Passed

Turn ended!

Turn 2 started!

Komsanw

Gundam Exia Repair deployed

Turn end phase started

Kiraya

Passed

Komsanw

Passed

Turn ended!

Turn 3 started!

Kiraya

Gundam Exia Repair deployed

Turn end phase started

Komsanw

Passed

Kiraya

Passed

Turn ended!

Turn 4 started!

Komsanw

Esperansa deployed

Battle initiated

Komsanw

Battle declared: Gundam Exia Repair against Enemy Player

Kiraya

No blockers available

Action step

Kiraya

Passed

Komsanw

Passed

Battle started: Gundam Exia Repair against EX Base

Kiraya

EX Base received 2 damage, leaving 1 HP remaining

Battle ended

Turn end phase started

Kiraya

Passed

Komsanw

Passed

Turn ended!

Turn 5 started!

Kiraya

Hyakuren deployed

Battle initiated

Kiraya

Battle declared: Gundam Exia Repair against Enemy Player

Komsanw

No blockers available

Action step

Komsanw

Passed

Kiraya

Passed

Battle started: Gundam Exia Repair against EX Base

Komsanw

EX Base received 2 damage, leaving 1 HP remaining

Battle ended

Turn end phase started

Komsanw

Passed

Kiraya

Passed

Turn ended!

Turn 6 started!

Battle initiated

Komsanw

Battle declared: Esperansa against Enemy Player

Kiraya

No blockers available

Action step

Kiraya

Passed

Komsanw

Passed

Battle started: Esperansa against EX Base

Kiraya

EX Base received 1 damage, now destroyed

Battle ended

Battle initiated

Komsanw

Battle declared: Gundam Exia Repair against Enemy Player

Kiraya

No blockers available

Action step

Kiraya

Passed

Komsanw

Passed

Battle started: Gundam Exia Repair against Enemy Shield

Kiraya

Shield card: Graze Custom revealed and discarded

Battle ended

Komsanw

GX-Bit deployed

Turn end phase started

Kiraya

Passed

Komsanw

Passed

Turn ended!

Turn 7 started!

Kiraya

Gundam Barbatos 1st Form deployed

Linked pilot: Mikazuki Augus on unit Gundam Barbatos 1st Form

Selecting target for Mikazuki Augus

Mikazuki Augus: Dealt 1 damage to: Gundam Barbatos 1st Form and Gundam Exia Repair

Komsanw

Gundam Exia Repair milled 2: Awakened Potential and Freeden Ⅱ moved to trash

Battle initiated

Kiraya

Battle declared: Hyakuren against Esperansa

Komsanw

No blockers available

Action step

Komsanw

Played action: Familial Devotion

Familial Devotion: Modifier applied to: Esperansa

Kiraya

Passed

Komsanw

Passed

Kiraya

Battle started: Hyakuren against Esperansa

Komsanw

Esperansa received 4 damage, now destroyed

Kiraya

Hyakuren received 3 damage, now destroyed

Battle ended

Battle initiated

Kiraya

Battle declared: Gundam Exia Repair against Enemy Player

Komsanw

No blockers available

Action step

Komsanw

Passed

Kiraya

Passed

Battle started: Gundam Exia Repair against EX Base

Komsanw

EX Base received 2 damage, now destroyed

Battle ended

Battle initiated

Kiraya

Battle declared: Gundam Barbatos 1st Form against Enemy Player

Gundam Barbatos 1st Form: Draw a card

Komsanw

No blockers available

Action step

Komsanw

Passed

Kiraya

Passed

Battle started: Gundam Barbatos 1st Form against Enemy Shield

Komsanw

Shield card: Pala Sys revealed

Shield card added to hand: Pala Sys

Battle ended

Kiraya

Graze Custom deployed

Turn end phase started

Komsanw

Passed

Kiraya

Passed

Turn ended!

Turn 8 started!

Battle initiated

Komsanw

Battle declared: GX-Bit against Gundam Barbatos 1st Form

Kiraya

No blockers available

Action step

Kiraya

Passed

Komsanw

Passed

Battle started: GX-Bit against Gundam Barbatos 1st Form

Kiraya

Gundam Barbatos 1st Form received 3 damage, now destroyed

Komsanw

GX-Bit received 5 damage, now destroyed

Battle ended

Komsanw

Gundam Airmaster deployed

Linked pilot: Garrod Ran & Tiffa Adill on unit Gundam Airmaster

Selecting target for Garrod Ran & Tiffa Adill

Jamil Neate discarded

Selecting target for Garrod Ran & Tiffa Adill

Card added to hand: Gundam Leopard Destroy

Battle initiated

Komsanw

Battle declared: Gundam Airmaster against Gundam Exia Repair

Kiraya

No blockers available

Action step

Kiraya

Passed

Komsanw

Passed

Battle started: Gundam Airmaster against Gundam Exia Repair

Kiraya

Gundam Exia Repair received 5 damage, now destroyed

Komsanw

Gundam Airmaster received 2 damage, leaving 3 HP remaining

Kiraya

Gundam Exia Repair milled 2: Sword Impulse Gundam and Gundam Barbatos Lupus moved to trash

Battle ended

Turn end phase started

Kiraya

Passed

Komsanw

Passed

Turn ended!

Turn 9 started!

Kiraya

Gundam Gusion Rebake deployed

Selecting target for Gundam Gusion Rebake

Gundam Gusion Rebake: Dealt 1 damage to: Gundam Gusion Rebake and Gundam Airmaster

Graze Custom deployed

Battle initiated

Kiraya

Battle declared: Graze Custom against Gundam Airmaster

Komsanw

No blockers available

Action step

Komsanw

Passed

Kiraya

Passed

Battle started: Graze Custom against Gundam Airmaster

Komsanw

Gundam Airmaster received 2 damage, now destroyed

Kiraya

Graze Custom received 5 damage, now destroyed

Battle ended

Turn end phase started

Komsanw

Passed

Kiraya

Passed

Turn ended!

Turn 10 started!

Komsanw

Gundam Leopard Destroy deployed

Linked pilot: Garrod Ran & Tiffa Adill on unit Gundam Leopard Destroy

Selecting target for Garrod Ran & Tiffa Adill

Gundam DX discarded

Selecting target for Garrod Ran & Tiffa Adill

Card added to hand: Gundam Airmaster (Fighter Mode)

Battle initiated

Komsanw

Battle declared: Gundam Leopard Destroy against Enemy Player

Selecting target for Gundam Leopard Destroy

Gundam Leopard Destroy: Dealt 2 damage to: Graze Custom and Gundam Leopard Destroy

Kiraya

Assigned no blocker

Action step

Kiraya

Passed

Komsanw

Passed

Battle started: Gundam Leopard Destroy against Enemy Shield

Kiraya

Shield card: Gundam Flauros (Ryusei-Go) revealed and discarded

Battle ended

Turn end phase started

Kiraya

Passed

Komsanw

Passed

Turn ended!

Turn 11 started!

Kiraya

Played base: Isaribi

Shield card added to hand

Activated: Isaribi

Rested base: Isaribi

Isaribi: Modifier applied to: Gundam Gusion Rebake

Battle initiated

Kiraya

Battle declared: Gundam Gusion Rebake against Gundam Leopard Destroy

Komsanw

No blockers available

Action step

Komsanw

Passed

Kiraya

Passed

Battle started: Gundam Gusion Rebake against Gundam Leopard Destroy

Komsanw

Gundam Leopard Destroy received 5 damage, now destroyed

Kiraya

Gundam Gusion Rebake received 5 damage, now destroyed

Battle ended

Kiraya

Gundam Gusion Rebake deployed

No targets for Gundam Gusion Rebake

Gundam Exia Repair deployed

Turn end phase started

Komsanw

Passed

Kiraya

Passed

Turn ended!

Turn 12 started!

Komsanw

Gundam Leopard Destroy deployed

Linked pilot: Pala Sys on unit Gundam Leopard Destroy

Selecting target for Pala Sys

Gundam DX returned to hand

Battle initiated

Komsanw

Battle declared: Gundam Leopard Destroy against Enemy Player

Selecting target for Gundam Leopard Destroy

Gundam Leopard Destroy: Dealt 2 damage to: Gundam Exia Repair and Gundam Leopard Destroy

Kiraya

Gundam Exia Repair milled 2: Gundam Barbatos 2nd Form and Gundam Barbatos 1st Form moved to trash

Assigned Gundam Gusion Rebake to block

Action step

Kiraya

Passed

Komsanw

Passed

Battle started: Gundam Leopard Destroy against Gundam Gusion Rebake

Kiraya

Gundam Gusion Rebake received 5 damage, now destroyed

Komsanw

Gundam Leopard Destroy received 3 damage, leaving 1 HP remaining

Battle ended

Komsanw

Gundam Exia Repair deployed

Turn end phase started

Kiraya

Passed

Komsanw

Passed

Turn ended!

Turn 13 started!

Kiraya

Gundam Gusion Rebake deployed

Selecting target for Gundam Gusion Rebake

Gundam Gusion Rebake: Dealt 1 damage to: Gundam Gusion Rebake and Gundam Leopard Destroy

Sword Impulse Gundam deployed

Sword Impulse Gundam: Dealt 1 damage to Sword Impulse Gundam, leaving 2 HP remaining

Selecting target for Sword Impulse Gundam

Rested unit: Gundam Exia Repair

Gundam Exia Repair deployed

Turn end phase started

Komsanw

Passed

Kiraya

Passed

Turn ended!

Turn 14 started!

Komsanw

Gundam DX deployed

Turn end phase started

Kiraya

Passed

Komsanw

Passed

Turn ended!

Turn 15 started!

Kiraya

Gundam Barbatos Lupus deployed

Activated: Gundam Barbatos Lupus

Gundam Barbatos 2nd Form, Gundam Barbatos 1st Form and Gundam Gusion Rebake exiled from the game

Selecting target for Gundam Barbatos Lupus

Gundam Barbatos Lupus: Dealt 2 damage to Gundam DX, leaving 4 HP remaining

Activated: Gundam Barbatos Lupus

Graze Custom, Gundam Flauros (Ryusei-Go) and Gundam Gusion Rebake exiled from the game

Selecting target for Gundam Barbatos Lupus

Gundam Barbatos Lupus: Dealt 2 damage to Gundam DX, leaving 2 HP remaining

Activated: Gundam Barbatos Lupus

Gundam Barbatos 1st Form, Gundam Barbatos Lupus and Graze Custom exiled from the game

Selecting target for Gundam Barbatos Lupus

Gundam Barbatos Lupus: Dealt 2 damage to Gundam DX, now destroyed

Battle initiated

Kiraya

Battle declared: Gundam Exia Repair against Enemy Player

Komsanw

No blockers available

Action step

Komsanw

Passed

Kiraya

Passed

Battle started: Gundam Exia Repair against Enemy Shield

Komsanw

Shield card: Esperansa revealed and discarded

Battle ended

Battle initiated

Kiraya

Battle declared: Sword Impulse Gundam against Enemy Player

Komsanw

No blockers available

Action step

Komsanw

Passed

Kiraya

Passed

Battle started: Sword Impulse Gundam against Enemy Shield

Komsanw

Shield card: Overflowing Affection revealed and discarded

Battle ended

Turn end phase started

Komsanw

Passed

Kiraya

Passed

Turn ended!

Turn 16 started!

Komsanw

Gundam Airmaster (Fighter Mode) deployed

Gundam Airmaster (Fighter Mode) deployed

Battle initiated

Komsanw

Battle declared: Gundam Exia Repair against Sword Impulse Gundam

Kiraya

Assigned Gundam Gusion Rebake to block

Action step

Kiraya

Passed

Komsanw

Passed

Battle started: Gundam Exia Repair against Gundam Gusion Rebake

Kiraya

Gundam Gusion Rebake received 2 damage, leaving 2 HP remaining

Komsanw

Gundam Exia Repair received 3 damage, now destroyed

Gundam Exia Repair milled 2: Freeden and Gundam Leopard Destroy moved to trash

Battle ended

Komsanw

Linked pilot: Ennil El on unit Gundam Airmaster (Fighter Mode)

Battle initiated

Komsanw

Battle declared: Gundam Airmaster (Fighter Mode) against Gundam Gusion Rebake

Kiraya

No blockers available

Action step

Kiraya

Passed

Komsanw

Passed

Battle started: Gundam Airmaster (Fighter Mode) against Gundam Gusion Rebake

Kiraya

Gundam Gusion Rebake received 4 damage, now destroyed

Komsanw

Gundam Airmaster (Fighter Mode) received 3 damage, leaving 2 HP remaining

Battle ended

Turn end phase started

Kiraya

Passed

Komsanw

Passed

Turn ended!

Turn 17 started!

Kiraya

Activated: Gundam Barbatos Lupus

Graze Custom, Hyakuren and Gundam Gusion Rebake exiled from the game

Selecting target for Gundam Barbatos Lupus

Gundam Barbatos Lupus: Dealt 2 damage to Gundam Airmaster (Fighter Mode), now destroyed

Gundam Gusion Rebake deployed

Selecting target for Gundam Gusion Rebake

Gundam Gusion Rebake: Dealt 1 damage to: Gundam Gusion Rebake and Gundam Airmaster (Fighter Mode)

Battle initiated

Kiraya

Battle declared: Gundam Exia Repair against Enemy Player

Komsanw

No blockers available

Action step

Komsanw

Passed

Kiraya

Passed

Battle started: Gundam Exia Repair against Enemy Shield

Komsanw

Shield card: Gundam Exia Repair revealed and discarded

Battle ended

Battle initiated

Kiraya

Battle declared: Sword Impulse Gundam against Enemy Player

Komsanw

No blockers available

Action step

Komsanw

Passed

Kiraya

Passed

Battle started: Sword Impulse Gundam against Enemy Shield

Komsanw

Shield card: Pala Sys revealed

Shield card added to hand: Pala Sys

Battle ended

Kiraya

Gundam Flauros (Ryusei-Go) deployed

No targets for Gundam Flauros (Ryusei-Go)

Turn end phase started

Komsanw

Passed

Kiraya

Passed

Turn ended!

Turn 18 started!

Komsanw

Played command: Overflowing Affection

Overflowing Affection: Draw 2 cards

Selecting target for Overflowing Affection

Freeden discarded

Played command: Overflowing Affection

Overflowing Affection: Draw 2 cards

Selecting target for Overflowing Affection

Ennil El discarded

Linked pilot: Pala Sys on unit Gundam Airmaster (Fighter Mode)

Selecting target for Pala Sys

Gundam DX returned to hand

Gundam DX deployed

Kiraya

Winner!

Game ended!
