Mobile Suit Arena - Battle logs
Game started!

Kiraya

Choose to play first

Choose to keep starting hand

Forlun

Choose to keep starting hand

Turn 1 started!

Turn end phase started

Forlun

Passed

Kiraya

Passed

Turn ended!

Turn 2 started!

Forlun

Played command: Airframe Seizure

Selecting target for Airframe Seizure

Airframe Seizure discarded

Airframe Seizure: Draw 2 cards

Turn end phase started

Kiraya

Passed

Forlun

Passed

Turn ended!

Turn 3 started!

Kiraya

Gundam Exia Repair deployed

Graze Custom deployed

Turn end phase started

Forlun

Passed

Kiraya

Passed

Turn ended!

Turn 4 started!

Forlun

Gundam Virtue deployed

Turn end phase started

Kiraya

Passed

Forlun

Passed

Turn ended!

Turn 5 started!

Battle initiated

Kiraya

Battle declared: Gundam Exia Repair against Enemy Player

Forlun

No blockers available

Action step

Forlun

Passed

Kiraya

Passed

Battle started: Gundam Exia Repair against EX Base

Forlun

EX Base received 2 damage, leaving 1 HP remaining

Battle ended

Battle initiated

Kiraya

Battle declared: Graze Custom against Enemy Player

Forlun

No blockers available

Action step

Forlun

Passed

Kiraya

Passed

Battle started: Graze Custom against EX Base

Forlun

EX Base received 2 damage, now destroyed

Battle ended

Kiraya

Ryusei-Go (Graze Custom Ⅱ) deployed

Selecting target for Ryusei-Go (Graze Custom Ⅱ)

Ryusei-Go (Graze Custom Ⅱ): Dealt 1 damage to Ryusei-Go (Graze Custom Ⅱ), leaving 1 HP remaining

Ryusei-Go (Graze Custom Ⅱ): Draw a card

Selecting target for Ryusei-Go (Graze Custom Ⅱ)

Gundam Barbatos 2nd Form discarded

Replaced EX Base base: Isaribi

Shield card added to hand

Turn end phase started

Forlun

Passed

Kiraya

Passed

Turn ended!

Turn 6 started!

Battle initiated

Forlun

Battle declared: Gundam Virtue against Graze Custom

Kiraya

No blockers available

Action step

Kiraya

Passed

Forlun

Passed

Battle started: Gundam Virtue against Graze Custom

Kiraya

Graze Custom received 3 damage, now destroyed

Forlun

Gundam Virtue received 2 damage, leaving 1 HP remaining

Battle ended

Forlun

GN Armor Type-E deployed

No targets for GN Armor Type-E

Turn end phase started

Kiraya

Passed

Forlun

Passed

Turn ended!

Turn 7 started!

Kiraya

Sword Impulse Gundam deployed

Sword Impulse Gundam: Dealt 1 damage to Sword Impulse Gundam, leaving 2 HP remaining

Selecting target for Sword Impulse Gundam

Rested unit: GN Armor Type-E

Battle initiated

Kiraya

Battle declared: Gundam Exia Repair against GN Armor Type-E

Forlun

No blockers available

Action step

Forlun

Passed

Kiraya

Passed

Battle started: Gundam Exia Repair against GN Armor Type-E

Forlun

GN Armor Type-E received 2 damage, leaving 1 HP remaining

Kiraya

Gundam Exia Repair received 3 damage, now destroyed

Gundam Exia Repair: destroyed GN Armor Type-E

Gundam Exia Repair milled 2: Isaribi and Gundam Exia Repair moved to trash

Battle ended

Kiraya

Gundam Barbatos Adapt deployed

Selecting target for Gundam Barbatos Adapt

Gundam Barbatos Adapt: Dealt 1 damage to: Gundam Barbatos Adapt and Gundam Virtue

Battle initiated

Kiraya

Battle declared: Ryusei-Go (Graze Custom Ⅱ) against Enemy Player

Forlun

No blockers available

Action step

Forlun

Passed

Kiraya

Passed

Battle started: Ryusei-Go (Graze Custom Ⅱ) against Enemy Shield

Forlun

Shield card: Gundam Exia revealed and discarded

Battle ended

Turn end phase started

Forlun

Passed

Kiraya

Passed

Turn ended!

Turn 8 started!

Forlun

Gundam Kyrios deployed

Linked pilot: Hallelujah Haptism on unit Gundam Kyrios

Battle initiated

Forlun

Battle declared: Gundam Kyrios against Ryusei-Go (Graze Custom Ⅱ)

Kiraya

No blockers available

Action step

Kiraya

Passed

Forlun

Passed

Battle started: Gundam Kyrios against Ryusei-Go (Graze Custom Ⅱ)

Kiraya

Ryusei-Go (Graze Custom Ⅱ) received 5 damage, now destroyed

Forlun

Damage prevented

Gundam Kyrios received 0 damage, leaving 5 HP remaining

Selecting target for Hallelujah Haptism

Card added to hand: Nena Trinity

Battle ended

Turn end phase started

Kiraya

Passed

Forlun

Passed

Turn ended!

Turn 9 started!

Kiraya

Gundam Barbatos 1st Form deployed

Linked pilot: Mikazuki Augus on unit Gundam Barbatos 1st Form

Selecting target for Mikazuki Augus

Mikazuki Augus: Dealt 1 damage to: Gundam Barbatos 1st Form and Gundam Kyrios

Battle initiated

Kiraya

Battle declared: Gundam Barbatos 1st Form against Gundam Kyrios

Gundam Barbatos 1st Form: Draw a card

Forlun

No blockers available

Action step

Forlun

Passed

Kiraya

Passed

Battle started: Gundam Barbatos 1st Form against Gundam Kyrios

Forlun

Gundam Kyrios received 5 damage, now destroyed

Kiraya

Gundam Barbatos 1st Form received 5 damage, now destroyed

Battle ended

Battle initiated

Kiraya

Battle declared: Gundam Barbatos Adapt against Enemy Player

Forlun

No blockers available

Action step

Forlun

Passed

Kiraya

Passed

Battle started: Gundam Barbatos Adapt against Enemy Shield

Forlun

Shield card: Gundam Throne Eins (GN High Mega Launcher) revealed and discarded

Battle ended

Battle initiated

Kiraya

Battle declared: Sword Impulse Gundam against Enemy Player

Forlun

No blockers available

Action step

Forlun

Passed

Kiraya

Passed

Battle started: Sword Impulse Gundam against Enemy Shield

Forlun

Shield card: Gundam Kyrios (Flight Mode) revealed and discarded

Battle ended

Kiraya

Hyakuren deployed

Turn end phase started

Forlun

Passed

Kiraya

Passed

Turn ended!

Turn 10 started!

Forlun

GN Armor (Type-E) deployed

Linked pilot: Nena Trinity on unit GN Armor (Type-E)

Battle initiated

Forlun

Battle declared: GN Armor (Type-E) against Gundam Barbatos Adapt

Kiraya

No blockers available

Action step

Kiraya

Passed

Forlun

Passed

Battle started: GN Armor (Type-E) against Gundam Barbatos Adapt

Kiraya

Gundam Barbatos Adapt received 5 damage, now destroyed

Forlun

GN Armor (Type-E) received 2 damage, leaving 5 HP remaining

Battle ended

Turn end phase started

Kiraya

Passed

Forlun

Passed

Turn ended!

Turn 11 started!

Kiraya

Gundam Barbatos 1st Form deployed

Gundam Gusion Rebake deployed

Selecting target for Gundam Gusion Rebake

Gundam Gusion Rebake: Dealt 1 damage to: Gundam Barbatos 1st Form and GN Armor (Type-E)

Battle initiated

Kiraya

Battle declared: Hyakuren against GN Armor (Type-E)

Forlun

No blockers available

Action step

Forlun

Passed

Kiraya

Passed

Battle started: Hyakuren against GN Armor (Type-E)

Forlun

GN Armor (Type-E) received 4 damage, now destroyed

Kiraya

Hyakuren received 5 damage, now destroyed

Battle ended

Battle initiated

Kiraya

Battle declared: Sword Impulse Gundam against Enemy Player

Forlun

No blockers available

Action step

Forlun

Passed

Kiraya

Passed

Battle started: Sword Impulse Gundam against Enemy Shield

Forlun

Shield card: Hallelujah Haptism revealed

Shield card added to hand: Hallelujah Haptism

Battle ended

Turn end phase started

Forlun

Passed

Kiraya

Passed

Turn ended!

Turn 12 started!

Forlun

Played action: Overwhelming Pressure

Overwhelming Pressure: Dealt 4 damage to Gundam Barbatos 1st Form, now destroyed

Gundam Exia deployed

Turn end phase started

Kiraya

Passed

Forlun

Passed

Gundam Exia turn end: 1 resource set as active

Turn ended!

Turn 13 started!

Battle initiated

Kiraya

Battle declared: Sword Impulse Gundam against Enemy Player

Forlun

No blockers available

Action step

Forlun

Passed

Kiraya

Passed

Battle started: Sword Impulse Gundam against Enemy Shield

Forlun

Shield card: Gundam Kyrios revealed and discarded

Battle ended

Battle initiated

Kiraya

Battle declared: Gundam Gusion Rebake against Enemy Player

Forlun

No blockers available

Action step

Forlun

Passed

Kiraya

Passed

Battle started: Gundam Gusion Rebake against Enemy Shield

Forlun

Shield card: Hallelujah Haptism revealed

Shield card added to hand: Hallelujah Haptism

Battle ended

Kiraya

Hyakuren deployed

Shiden Custom (Ryusei-Go) deployed

Graze Custom deployed

Turn end phase started

Forlun

Passed

Kiraya

Passed

Turn ended!

Turn 14 started!

Forlun

Paired pilot: Nena Trinity on unit Gundam Exia

Gundam Exia milled 2: Ptolemaios and Gundam Kyrios (Flight Mode) moved to trash

Gundam Exia: Draw a card

Kiraya

Winner!

Game ended!
