Game started!

Kiraya

Choose to play first

Choose to mulligan starting hand

SSS

Choose to keep starting hand

Turn 1 started!

Turn end phase started

SSS

Passed

Kiraya

Passed

Turn ended!

Turn 2 started!

SSS

Jegan deployed

Turn end phase started

Kiraya

Passed

SSS

Passed

Turn ended!

Turn 3 started!

Kiraya

Gundam Exia Repair deployed

Turn end phase started

SSS

Passed

Kiraya

Passed

Turn ended!

Turn 4 started!

SSS

Kayra's Re-GZ deployed

Selecting target for Kayra's Re-GZ

Turn end phase started

Kiraya

Passed

SSS

Passed

Turn ended!

Turn 5 started!

Kiraya

Hyakuren deployed

Turn end phase started

SSS

Passed

Kiraya

Passed

Turn ended!

Turn 6 started!

SSS

Re-GZ BWS deployed

Placed 1 Resource EX

Turn end phase started

Kiraya

Passed

SSS

Passed

Turn ended!

Turn 7 started!

Kiraya

Gundam Barbatos 1st Form deployed

Linked pilot: Mikazuki Augus on unit Gundam Barbatos 1st Form

Selecting target for Mikazuki Augus

Mikazuki Augus: Dealt 1 damage to: Gundam Barbatos 1st Form and Kayra's Re-GZ

Battle initiated

Kiraya

Battle declared: Gundam Barbatos 1st Form against Enemy Player

Gundam Barbatos 1st Form: Draw a card

SSS

No blockers available

Action step

SSS

Passed

Kiraya

Passed

Battle started: Gundam Barbatos 1st Form against EX Base

SSS

EX Base received 5 damage, now destroyed

Battle ended

Kiraya

Replaced EX Base base: Isaribi

Shield card added to hand

Battle initiated

Kiraya

Battle declared: Gundam Exia Repair against Enemy Player

SSS

No blockers available

Action step

SSS

Passed

Kiraya

Passed

Battle started: Gundam Exia Repair against Enemy Shield

SSS

Shield card: Encounter revealed and discarded

Battle ended

Battle initiated

Kiraya

Battle declared: Hyakuren against Enemy Player

SSS

No blockers available

Action step

SSS

Passed

Kiraya

Passed

Battle started: Hyakuren against Enemy Shield

SSS

Shield card: Amuro Ray revealed

Shield card added to hand: Amuro Ray

Battle ended

Turn end phase started

SSS

Passed

Kiraya

Passed

Turn ended!

Turn 8 started!

Battle initiated

SSS

Battle declared: Kayra's Re-GZ against Hyakuren

Kiraya

No blockers available

Action step

Kiraya

Passed

SSS

Passed

Battle started: Kayra's Re-GZ against Hyakuren

Kiraya

Hyakuren received 3 damage, now destroyed

SSS

Kayra's Re-GZ received 4 damage, now destroyed

Battle ended

Battle initiated

SSS

Battle declared: Re-GZ BWS against Gundam Barbatos 1st Form

Kiraya

No blockers available

Action step

Kiraya

Passed

SSS

Passed

Battle started: Re-GZ BWS against Gundam Barbatos 1st Form

Kiraya

Gundam Barbatos 1st Form received 2 damage, now destroyed

SSS

Re-GZ BWS received 5 damage, now destroyed

Battle ended

Battle initiated

SSS

Battle declared: Jegan against Gundam Exia Repair

Kiraya

No blockers available

Action step

Kiraya

Passed

SSS

Passed

Battle started: Jegan against Gundam Exia Repair

Kiraya

Gundam Exia Repair received 2 damage, now destroyed

SSS

Jegan received 2 damage, now destroyed

Kiraya

Gundam Exia Repair milled 2: Gundam Exia Repair and Graze Custom moved to trash

Battle ended

SSS

Kayra's Re-GZ deployed

Selecting target for Kayra's Re-GZ

Played base: Ra Cailum

Shield card added to hand

Turn end phase started

Kiraya

Passed

SSS

Passed

Turn ended!

Turn 9 started!

Kiraya

Gundam Barbatos 2nd Form deployed

Linked pilot: Mikazuki Augus on unit Gundam Barbatos 2nd Form

Selecting target for Mikazuki Augus

Mikazuki Augus: Dealt 1 damage to: Gundam Barbatos 2nd Form and Kayra's Re-GZ

Battle initiated

Kiraya

Battle declared: Gundam Barbatos 2nd Form against Enemy Player

SSS

No blockers available

Action step

SSS

Passed

Kiraya

Passed

Battle started: Gundam Barbatos 2nd Form against Ra Cailum

SSS

Ra Cailum received 6 damage, now destroyed

Battle ended

Kiraya

Hyakuren deployed

Turn end phase started

SSS

Passed

Kiraya

Passed

Turn ended!

Turn 10 started!

SSS

Nu Gundam deployed

Placed 1 Resource EX

Linked pilot: Amuro Ray on unit Nu Gundam

Selecting target for Amuro Ray

Rested unit: Hyakuren

Battle initiated

SSS

Battle declared: Kayra's Re-GZ against Hyakuren

Kiraya

No blockers available

Action step

Kiraya

Passed

SSS

Passed

Battle started: Kayra's Re-GZ against Hyakuren

Kiraya

Hyakuren received 3 damage, now destroyed

SSS

Kayra's Re-GZ received 4 damage, now destroyed

Battle ended

Battle initiated

SSS

Battle declared: Nu Gundam against Gundam Barbatos 2nd Form

Kiraya

No blockers available

Action step

Kiraya

Passed

SSS

Passed

Battle started: Nu Gundam against Gundam Barbatos 2nd Form

Kiraya

Gundam Barbatos 2nd Form received 6 damage, now destroyed

SSS

Nu Gundam received 6 damage, now destroyed

Kiraya

Breach 3: : Isaribi received 3 damage, leaving 2 HP remaining

Battle ended

Turn end phase started

Kiraya

Passed

SSS

Passed

Turn ended!

Turn 11 started!

Kiraya

Shiden Custom (Ryusei-Go) deployed

Sword Impulse Gundam deployed

Sword Impulse Gundam: Dealt 1 damage to Sword Impulse Gundam, leaving 2 HP remaining

No targets for Sword Impulse Gundam

Graze Custom deployed

Turn end phase started

SSS

Passed

Kiraya

Passed

Turn ended!

Turn 12 started!

SSS

Nu Gundam deployed

Linked pilot: Amuro Ray on unit Nu Gundam

Selecting target for Amuro Ray

Rested unit: Graze Custom

Selecting target for Nu Gundam

Jegan, Kayra's Re-GZ and Nu Gundam exiled from the game

Selecting target for Nu Gundam

Battle started: Nu Gundam against Sword Impulse Gundam

Kiraya

Sword Impulse Gundam received 7 damage, now destroyed

SSS

Nu Gundam received 3 damage, leaving 3 HP remaining

Kiraya

Breach 5: : Isaribi received 5 damage, now destroyed

Battle ended

Battle initiated

SSS

Battle declared: Nu Gundam against Graze Custom

Kiraya

Assigned Shiden Custom (Ryusei-Go) to block

Action step

Kiraya

Passed

SSS

Passed

Battle started: Nu Gundam against Shiden Custom (Ryusei-Go)

Kiraya

Shiden Custom (Ryusei-Go) received 7 damage, now destroyed

SSS

Nu Gundam received 4 damage, now destroyed

Kiraya

Breach 5 Shield card: Gundam Barbatos Lupus revealed and discarded

Battle ended

SSS

Jegan deployed

Turn end phase started

Kiraya

Passed

SSS

Passed

Turn ended!

Turn 13 started!

Kiraya

Gundam Barbatos Adapt deployed

Selecting target for Gundam Barbatos Adapt

Gundam Barbatos Adapt: Dealt 1 damage to: Gundam Barbatos Adapt and Jegan

Gundam Gusion Rebake deployed

Selecting target for Gundam Gusion Rebake

Gundam Gusion Rebake: Dealt 1 damage to: Gundam Gusion Rebake and Jegan

Battle initiated

Kiraya

Battle declared: Graze Custom against Enemy Player

SSS

No blockers available

Action step

SSS

Passed

Kiraya

Passed

Battle started: Graze Custom against Enemy Shield

SSS

Shield card: Nu Gundam revealed and discarded

Battle ended

Turn end phase started

SSS

Passed

Kiraya

Passed

Turn ended!

Turn 14 started!

SSS

Strike Freedom Gundam deployed

Selecting target for Strike Freedom Gundam

Strike Freedom Gundam: chose Strike Freedom Gundam

Linked pilot: Kira Yamato on unit Strike Freedom Gundam

Kira Yamato: Draw a card

Battle initiated

SSS

Battle declared: Strike Freedom Gundam against Graze Custom

Selecting target for Strike Freedom Gundam

Re-GZ BWS and Nu Gundam discarded

Selecting target for Strike Freedom Gundam

Kiraya

Graze Custom returned to deck

Passed

SSS

Passed

Battle ended

Turn end phase started

Kiraya

Passed

SSS

Passed

Turn ended!

Turn 15 started!

Battle initiated

Kiraya

Battle declared: Gundam Barbatos Adapt against Enemy Player

SSS

No blockers available

Action step

SSS

Passed

Kiraya

Passed

Battle started: Gundam Barbatos Adapt against Enemy Shield

SSS

Shield card: Kira Yamato revealed

Shield card added to hand: Kira Yamato

Battle ended

Battle initiated

Kiraya

Battle declared: Gundam Gusion Rebake against Enemy Player

SSS

No blockers available

Action step

SSS

Passed

Kiraya

Passed

Battle started: Gundam Gusion Rebake against Enemy Shield

SSS

Shield card: Strike Freedom Gundam revealed and discarded

Battle ended

Kiraya

Gundam Flauros (Ryusei-Go) deployed

No targets for Gundam Flauros (Ryusei-Go)

Linked pilot: Akihiro Altland on unit Gundam Flauros (Ryusei-Go)

Battle initiated

Kiraya

Battle declared: Gundam Flauros (Ryusei-Go) against Enemy Player

No targets for Gundam Flauros (Ryusei-Go)

SSS

No blockers available

Action step

SSS

Timeout 1

Passed

Kiraya

Passed

Battle started: Gundam Flauros (Ryusei-Go) against Enemy Player

SSS

No more shields available, game is over!

Kiraya

Winner!

Game ended!