Game started!

MMorelli

Choose to play second

Choose to keep starting hand

Kiraya

Choose to keep starting hand

Turn 1 started!

Turn end phase started

MMorelli

Passed

Kiraya

Passed

Turn ended!

Turn 2 started!

Turn end phase started

Kiraya

Passed

MMorelli

Passed

Turn ended!

Turn 3 started!

Kiraya

Graze Custom deployed

Gundam Exia Repair deployed

Turn end phase started

MMorelli

Passed

Kiraya

Passed

Turn ended!

Turn 4 started!

MMorelli

Zoloat (League Militaire) deployed

Turn end phase started

Kiraya

Passed

MMorelli

Passed

Turn ended!

Turn 5 started!

Kiraya

Hyakuren deployed

Battle initiated

Kiraya

Battle declared: Gundam Exia Repair against Enemy Player

MMorelli

Assigned no blocker

Action step

MMorelli

Passed

Kiraya

Passed

Battle started: Gundam Exia Repair against EX Base

MMorelli

EX Base received 2 damage, leaving 1 HP remaining

Battle ended

Battle initiated

Kiraya

Battle declared: Graze Custom against Enemy Player

MMorelli

Assigned no blocker

Action step

MMorelli

Passed

Kiraya

Passed

Battle started: Graze Custom against EX Base

MMorelli

EX Base received 2 damage, now destroyed

Battle ended

Kiraya

Replaced EX Base base: Isaribi

Shield card added to hand

Turn end phase started

MMorelli

Passed

Kiraya

Passed

Turn ended!

Turn 6 started!

MMorelli

Played base: Reineforce Jr.

Shield card added to hand

Parts deployed

Played command: Airframe Seizure

Selecting target for Airframe Seizure

Üso Ewin discarded

Airframe Seizure: Draw 2 cards

Played action: Darkness Finger

Darkness Finger: Dealt 2 damage to Gundam Exia Repair, now destroyed

Kiraya

Gundam Exia Repair milled 2: Gundam Barbatos Lupus and Graze Custom moved to trash

Turn end phase started

Kiraya

Passed

MMorelli

Passed

Turn ended!

Turn 7 started!

Kiraya

Sword Impulse Gundam deployed

Sword Impulse Gundam: Dealt 1 damage to Sword Impulse Gundam, leaving 2 HP remaining

Selecting target for Sword Impulse Gundam

Rested unit: Zoloat (League Militaire)

Battle initiated

Kiraya

Battle declared: Graze Custom against Zoloat (League Militaire)

MMorelli

No blockers available

Action step

MMorelli

Passed

Kiraya

Passed

Battle started: Graze Custom against Zoloat (League Militaire)

MMorelli

Zoloat (League Militaire) received 2 damage, now destroyed

Kiraya

Graze Custom received 3 damage, now destroyed

Battle ended

Kiraya

Activated: Isaribi

Rested base: Isaribi

Isaribi: Modifier applied to: Sword Impulse Gundam

Ryusei-Go (Graze Custom Ⅱ) deployed

Selecting target for Ryusei-Go (Graze Custom Ⅱ)

Ryusei-Go (Graze Custom Ⅱ): Dealt 1 damage to Ryusei-Go (Graze Custom Ⅱ), leaving 1 HP remaining

Ryusei-Go (Graze Custom Ⅱ): Draw a card

Selecting target for Ryusei-Go (Graze Custom Ⅱ)

Ryusei-Go (Graze Custom Ⅱ) discarded

Battle initiated

Kiraya

Battle declared: Hyakuren against Enemy Player

MMorelli

No blockers available

Action step

MMorelli

Passed

Kiraya

Passed

Battle started: Hyakuren against Reineforce Jr.

MMorelli

Reineforce Jr. received 4 damage, leaving 1 HP remaining

Battle ended

Turn end phase started

MMorelli

Passed

Kiraya

Passed

Turn ended!

Turn 8 started!

MMorelli

Gundam deployed

Linked pilot: Amuro Ray on unit Gundam

Selecting target for Amuro Ray

Rested unit: Sword Impulse Gundam

Battle initiated

MMorelli

Battle declared: Parts against Sword Impulse Gundam

Kiraya

No blockers available

Action step

Kiraya

Passed

MMorelli

Passed

Battle started: Parts against Sword Impulse Gundam

Kiraya

Sword Impulse Gundam received 2 damage, now destroyed

MMorelli

Parts received 3 damage, now destroyed

Battle ended

Battle initiated

MMorelli

Battle declared: Gundam against Hyakuren

Kiraya

No blockers available

Action step

Kiraya

Passed

MMorelli

Passed

Battle started: Gundam against Hyakuren

Kiraya

Hyakuren received 6 damage, now destroyed

MMorelli

Gundam received 4 damage, leaving 1 HP remaining

Battle ended

Turn end phase started

Kiraya

Passed

MMorelli

Passed

Gundam repaired 2 from [Repair 2]

Turn ended!

Turn 9 started!

Kiraya

Gundam Gusion Rebake deployed

Selecting target for Gundam Gusion Rebake

Gundam Gusion Rebake: Dealt 1 damage to: Gundam Gusion Rebake and Gundam

Battle initiated

Kiraya

Battle declared: Ryusei-Go (Graze Custom Ⅱ) against Gundam

MMorelli

No blockers available

Action step

MMorelli

Passed

Kiraya

Passed

Battle started: Ryusei-Go (Graze Custom Ⅱ) against Gundam

MMorelli

Gundam received 2 damage, now destroyed

Kiraya

Ryusei-Go (Graze Custom Ⅱ) received 5 damage, now destroyed

Battle ended

Kiraya

Gundam Exia Repair deployed

Turn end phase started

MMorelli

Passed

Kiraya

Passed

Turn ended!

Turn 10 started!

MMorelli

Played command: A Show of Resolve

A Show of Resolve: Draw 2 cards

Played command: Airframe Seizure

Selecting target for Airframe Seizure

Marida Cruz discarded

Airframe Seizure: Draw 2 cards

Played action: Darkness Finger

Darkness Finger: Dealt 2 damage to Gundam Exia Repair, now destroyed

Kiraya

Gundam Exia Repair milled 2: Gundam Barbatos 1st Form and Hyakuren moved to trash

Turn end phase started

Kiraya

Passed

MMorelli

Passed

Turn ended!

Turn 11 started!

Kiraya

Hyakuren deployed

Gundam Barbatos 1st Form deployed

Ryusei-Go (Graze Custom Ⅱ) deployed

Selecting target for Ryusei-Go (Graze Custom Ⅱ)

Ryusei-Go (Graze Custom Ⅱ): Dealt 1 damage to Gundam Barbatos 1st Form, leaving 1 HP remaining

Ryusei-Go (Graze Custom Ⅱ): Draw a card

Selecting target for Ryusei-Go (Graze Custom Ⅱ)

Gundam Exia Repair discarded

Battle initiated

Kiraya

Battle declared: Gundam Gusion Rebake against Enemy Player

MMorelli

No blockers available

Action step

MMorelli

Passed

Kiraya

Passed

Battle started: Gundam Gusion Rebake against Reineforce Jr.

MMorelli

Reineforce Jr. received 3 damage, now destroyed

Battle ended

Turn end phase started

MMorelli

Passed

Kiraya

Passed

Turn ended!

Turn 12 started!

MMorelli

Gundam deployed

Linked pilot: Amuro Ray on unit Gundam

Selecting target for Amuro Ray

Rested unit: Gundam Barbatos 1st Form

Battle initiated

MMorelli

Battle declared: Gundam against Gundam Barbatos 1st Form

Kiraya

No blockers available

Action step

Kiraya

Passed

MMorelli

Passed

Battle started: Gundam against Gundam Barbatos 1st Form

Kiraya

Gundam Barbatos 1st Form received 6 damage, now destroyed

MMorelli

Gundam received 3 damage, leaving 2 HP remaining

Battle ended

MMorelli

Zoloat (League Militaire) deployed

Turn end phase started

Kiraya

Passed

MMorelli

Passed

Gundam repaired 2 from [Repair 2]

Turn ended!

Turn 13 started!

Kiraya

Shiden Custom (Ryusei-Go) deployed

Battle initiated

Kiraya

Battle declared: Hyakuren against Gundam

MMorelli

Assigned Zoloat (League Militaire) to block

Action step

MMorelli

Passed

Kiraya

Passed

Battle started: Hyakuren against Zoloat (League Militaire)

MMorelli

Zoloat (League Militaire) received 4 damage, now destroyed

Kiraya

Hyakuren received 3 damage, now destroyed

Battle ended

Kiraya

Activated: Isaribi

Rested base: Isaribi

Isaribi: Modifier applied to: Gundam Gusion Rebake

Battle initiated

Kiraya

Battle declared: Gundam Gusion Rebake against Gundam

MMorelli

No blockers available

Action step

MMorelli

Passed

Kiraya

Passed

Battle started: Gundam Gusion Rebake against Gundam

MMorelli

Gundam received 5 damage, now destroyed

Kiraya

Gundam Gusion Rebake received 5 damage, now destroyed

Battle ended

Battle initiated

Kiraya

Battle declared: Ryusei-Go (Graze Custom Ⅱ) against Enemy Player

MMorelli

No blockers available

Action step

MMorelli

Passed

Kiraya

Passed

Battle started: Ryusei-Go (Graze Custom Ⅱ) against Enemy Shield

MMorelli

Shield card: Gundam revealed and discarded

Battle ended

Kiraya

Gundam Exia Repair deployed

Turn end phase started

MMorelli

Passed

Kiraya

Passed

Turn ended!

Turn 14 started!

MMorelli

Unicorn Gundam 02 Banshee (Destroy Mode) deployed

Linked pilot: Marida Cruz on unit Unicorn Gundam 02 Banshee (Destroy Mode)

Battle initiated

MMorelli

Battle declared: Unicorn Gundam 02 Banshee (Destroy Mode) against Ryusei-Go (Graze Custom Ⅱ)

Selecting target for Marida Cruz

Marida Cruz: Dealt 1 damage to Gundam Exia Repair, now destroyed

Kiraya

Gundam Exia Repair milled 2: Graze Custom and Isaribi moved to trash

MMorelli

Selecting target for Unicorn Gundam 02 Banshee (Destroy Mode)

Returned to deck bottom

Set Active: Unicorn Gundam 02 Banshee (Destroy Mode)

Unicorn Gundam 02 Banshee (Destroy Mode): Modifier applied to: Unicorn Gundam 02 Banshee (Destroy Mode)

Kiraya

Assigned no blocker

Action step

Kiraya

Passed

MMorelli

Passed

Battle started: Unicorn Gundam 02 Banshee (Destroy Mode) against Ryusei-Go (Graze Custom Ⅱ)

Kiraya

Ryusei-Go (Graze Custom Ⅱ) received 7 damage, now destroyed

MMorelli

Damage prevented

Unicorn Gundam 02 Banshee (Destroy Mode) received 0 damage, leaving 5 HP remaining

Battle ended

Battle initiated

MMorelli

Battle declared: Unicorn Gundam 02 Banshee (Destroy Mode) against Enemy Player

Selecting target for Marida Cruz

Marida Cruz: Dealt 1 damage to Shiden Custom (Ryusei-Go), leaving 2 HP remaining

Kiraya

Assigned no blocker

Action step

Kiraya

Passed

MMorelli

Passed

Battle started: Unicorn Gundam 02 Banshee (Destroy Mode) against Isaribi

Kiraya

Isaribi received 7 damage, now destroyed

Battle ended

MMorelli

Played command: A Show of Resolve

A Show of Resolve: Draw 2 cards

Turn end phase started

Kiraya

Passed

MMorelli

Passed

Turn ended!

Turn 15 started!

Kiraya

Played base: Isaribi

Shield card added to hand

Linked pilot: Mikazuki Augus on unit Shiden Custom (Ryusei-Go)

Selecting target for Mikazuki Augus

Mikazuki Augus: Dealt 1 damage to: Shiden Custom (Ryusei-Go) and Unicorn Gundam 02 Banshee (Destroy Mode)

Battle initiated

Kiraya

Battle declared: Shiden Custom (Ryusei-Go) against Unicorn Gundam 02 Banshee (Destroy Mode)

MMorelli

No blockers available

Action step

MMorelli

Passed

Kiraya

Passed

Battle started: Shiden Custom (Ryusei-Go) against Unicorn Gundam 02 Banshee (Destroy Mode)

MMorelli

Unicorn Gundam 02 Banshee (Destroy Mode) received 6 damage, now destroyed

Kiraya

Shiden Custom (Ryusei-Go) received 7 damage, now destroyed

Battle ended

Turn end phase started

MMorelli

Passed

Kiraya

Passed

Turn ended!

Turn 16 started!

MMorelli

V-Dash Gundam deployed

Played base: Reineforce Jr.

Shield card added to hand

Parts deployed

Turn end phase started

Kiraya

Passed

MMorelli

Passed

Turn ended!

Turn 17 started!

Turn end phase started

MMorelli

Passed

Kiraya

Passed

Turn ended!

Turn 18 started!

MMorelli

Paired pilot: Marida Cruz on unit V-Dash Gundam

Battle initiated

MMorelli

Battle declared: V-Dash Gundam against Enemy Player

Kiraya

No blockers available

Action step

Kiraya

Passed

MMorelli

Passed

Battle started: V-Dash Gundam against Isaribi

Kiraya

Isaribi received 6 damage, now destroyed

Battle ended

MMorelli

V-Dash Gundam deployed

Turn end phase started

Kiraya

Passed

MMorelli

Passed

Turn ended!

Turn 19 started!

Kiraya

Shiden Custom (Ryusei-Go) deployed

Linked pilot: Mikazuki Augus on unit Shiden Custom (Ryusei-Go)

Selecting target for Mikazuki Augus

Mikazuki Augus: Dealt 1 damage to: Shiden Custom (Ryusei-Go) and Parts

Battle initiated

Kiraya

Battle declared: Shiden Custom (Ryusei-Go) against V-Dash Gundam

MMorelli

No blockers available

Action step

MMorelli

Passed

Kiraya

Passed

Battle started: Shiden Custom (Ryusei-Go) against V-Dash Gundam

MMorelli

V-Dash Gundam received 6 damage, now destroyed

Kiraya

Shiden Custom (Ryusei-Go) received 6 damage, now destroyed

Battle ended

Turn end phase started

MMorelli

Passed

Kiraya

Passed

Turn ended!

Turn 20 started!

MMorelli

Unicorn Gundam 02 Banshee (Destroy Mode) deployed

Battle initiated

MMorelli

Battle declared: V-Dash Gundam against Enemy Player

Kiraya

No blockers available

Action step

Kiraya

Passed

MMorelli

Passed

Battle started: V-Dash Gundam against Enemy Shield

Kiraya

Shield card: Gundam Barbatos Lupus revealed and discarded

Battle ended

Turn end phase started

Kiraya

Passed

MMorelli

Passed

Turn ended!

Turn 21 started!

Turn end phase started

MMorelli

Passed

Kiraya

Passed

Turn ended!

Turn 22 started!

Battle initiated

MMorelli

Battle declared: V-Dash Gundam against Enemy Player

Kiraya

No blockers available

Action step

Kiraya

Passed

MMorelli

Passed

Battle started: V-Dash Gundam against Enemy Shield

Kiraya

Shield card: Gundam Barbatos 1st Form revealed and discarded

Battle ended

Battle initiated

MMorelli

Battle declared: Unicorn Gundam 02 Banshee (Destroy Mode) against Enemy Player

Kiraya

No blockers available

Action step

Kiraya

Passed

MMorelli

Passed

Battle started: Unicorn Gundam 02 Banshee (Destroy Mode) against Enemy Shield

Kiraya

Shield card: Gundam Gusion Rebake revealed and discarded

Battle ended

MMorelli

Kshatriya deployed

Turn end phase started

Kiraya

Passed

MMorelli

Passed

Turn ended!

Turn 23 started!

Turn end phase started

MMorelli

Passed

Kiraya

Passed

Turn ended!

Turn 24 started!

Battle initiated

MMorelli

Battle declared: Unicorn Gundam 02 Banshee (Destroy Mode) against Enemy Player

Kiraya

No blockers available

Action step

Kiraya

Passed

MMorelli

Passed

Battle started: Unicorn Gundam 02 Banshee (Destroy Mode) against Enemy Shield

Kiraya

Shield card: Sword Impulse Gundam revealed and discarded

Battle ended

Battle initiated

MMorelli

Battle declared: V-Dash Gundam against Enemy Player

Kiraya

No blockers available

Action step

Kiraya

Passed

MMorelli

Passed

Battle started: V-Dash Gundam against Enemy Player

Kiraya

No more shields available, game is over!

MMorelli

Winner!

Game ended!