Mobile Suit Arena - Battle logs
Game started!

やーこん

Choose to play second

Choose to mulligan starting hand

Kiraya

Choose to keep starting hand

Turn 1 started!

Turn end phase started

やーこん

Passed

Kiraya

Passed

Turn ended!

Turn 2 started!

Turn end phase started

Kiraya

Passed

やーこん

Passed

Turn ended!

Turn 3 started!

Kiraya

Gundam Exia Repair deployed

Gundam Exia Repair deployed

Turn end phase started

やーこん

Passed

Kiraya

Passed

Turn ended!

Turn 4 started!

やーこん

Shining Gundam deployed

Turn end phase started

Kiraya

Passed

やーこん

Passed

Turn ended!

Turn 5 started!

Battle initiated

Kiraya

Battle declared: Gundam Exia Repair against Enemy Player

やーこん

No blockers available

Action step

やーこん

Passed

Kiraya

Passed

Battle started: Gundam Exia Repair against EX Base

やーこん

EX Base received 2 damage, leaving 1 HP remaining

Battle ended

Battle initiated

Kiraya

Battle declared: Gundam Exia Repair against Enemy Player

やーこん

No blockers available

Action step

やーこん

Passed

Kiraya

Passed

Battle started: Gundam Exia Repair against EX Base

やーこん

EX Base received 2 damage, now destroyed

Battle ended

Kiraya

Hyakuren deployed

Graze Custom deployed

Turn end phase started

やーこん

Passed

Kiraya

Passed

Turn ended!

Turn 6 started!

Battle initiated

やーこん

Battle declared: Shining Gundam against Gundam Exia Repair

Kiraya

No blockers available

Action step

Kiraya

Passed

やーこん

Passed

Battle started: Shining Gundam against Gundam Exia Repair

Kiraya

Gundam Exia Repair received 2 damage, now destroyed

やーこん

Shining Gundam received 2 damage, now destroyed

Kiraya

Gundam Exia Repair milled 2: Isaribi and Sword Impulse Gundam moved to trash

Battle ended

やーこん

Rising Gundam deployed

Played command: Graviton Hammer

Rested unit: Hyakuren

Selecting target for Graviton Hammer

Linked pilot: Argo Gulskii on unit Rising Gundam

Selecting target for Rising Gundam

Rested unit: Graze Custom

Battle initiated

やーこん

Battle declared: Rising Gundam against Hyakuren

Kiraya

No blockers available

Action step

Kiraya

Passed

やーこん

Passed

Battle started: Rising Gundam against Hyakuren

Kiraya

Hyakuren received 4 damage, now destroyed

やーこん

Rising Gundam received 4 damage, leaving 1 HP remaining

Battle ended

Turn end phase started

Kiraya

Passed

やーこん

Passed

Turn ended!

Turn 7 started!

Kiraya

Gundam Barbatos Adapt deployed

Selecting target for Gundam Barbatos Adapt

Gundam Barbatos Adapt: Dealt 1 damage to: Gundam Barbatos Adapt and Rising Gundam

Battle initiated

Kiraya

Battle declared: Gundam Exia Repair against Enemy Player

やーこん

No blockers available

Action step

やーこん

Passed

Kiraya

Passed

Battle started: Gundam Exia Repair against Enemy Shield

やーこん

Shield card: Domon Kasshu revealed

Shield card added to hand: Domon Kasshu

Battle ended

Battle initiated

Kiraya

Battle declared: Graze Custom against Enemy Player

やーこん

No blockers available

Action step

やーこん

Passed

Kiraya

Passed

Battle started: Graze Custom against Enemy Shield

やーこん

Shield card: Shining Gundam revealed and discarded

Battle ended

Kiraya

Ryusei-Go (Graze Custom Ⅱ) deployed

Selecting target for Ryusei-Go (Graze Custom Ⅱ)

Ryusei-Go (Graze Custom Ⅱ): Dealt 1 damage to Ryusei-Go (Graze Custom Ⅱ), leaving 1 HP remaining

Ryusei-Go (Graze Custom Ⅱ): Draw a card

Selecting target for Ryusei-Go (Graze Custom Ⅱ)

Gundam Exia Repair discarded

Turn end phase started

やーこん

Passed

Kiraya

Passed

Turn ended!

Turn 8 started!

やーこん

Shining Gundam deployed

Selecting target for Shining Gundam

Rising Gundam and Shining Gundam exiled from the game

Selecting target for Shining Gundam

Graviton Hammer returned to hand

Linked pilot: Domon Kasshu on unit Shining Gundam

Domon Kasshu: Draw a card

Selecting target for Domon Kasshu

Darkness Finger discarded

Selecting target for Domon Kasshu

Selecting target for Darkness Finger

Darkness Finger: Dealt 2 damage to Gundam Exia Repair, now destroyed

Kiraya

Gundam Exia Repair milled 2: Gundam Barbatos 1st Form and Sword Impulse Gundam moved to trash

Battle initiated

やーこん

Battle declared: Shining Gundam against Graze Custom

Shining Gundam: 1 resource set as active

Kiraya

No blockers available

Action step

Kiraya

Passed

やーこん

Passed

Battle started: Shining Gundam against Graze Custom

Kiraya

Graze Custom received 5 damage, now destroyed

やーこん

Shining Gundam received 2 damage, leaving 3 HP remaining

Battle ended

Turn end phase started

Kiraya

Passed

やーこん

Passed

Turn ended!

Turn 9 started!

Kiraya

Replaced EX Base base: Isaribi

Shield card added to hand

Activated: Isaribi

Rested base: Isaribi

Isaribi: Modifier applied to: Ryusei-Go (Graze Custom Ⅱ)

Battle initiated

Kiraya

Battle declared: Ryusei-Go (Graze Custom Ⅱ) against Shining Gundam

やーこん

No blockers available

Action step

やーこん

Passed

Kiraya

Passed

Battle started: Ryusei-Go (Graze Custom Ⅱ) against Shining Gundam

やーこん

Shining Gundam received 4 damage, now destroyed

Kiraya

Ryusei-Go (Graze Custom Ⅱ) received 5 damage, now destroyed

Battle ended

Battle initiated

Kiraya

Battle declared: Gundam Barbatos Adapt against Enemy Player

やーこん

No blockers available

Action step

やーこん

Passed

Kiraya

Passed

Battle started: Gundam Barbatos Adapt against Enemy Shield

やーこん

Shield card: Cyclone Punch revealed and discarded

Battle ended

Kiraya

Hyakuren deployed

Sword Impulse Gundam deployed

Sword Impulse Gundam: Dealt 1 damage to Sword Impulse Gundam, leaving 2 HP remaining

No targets for Sword Impulse Gundam

Turn end phase started

やーこん

Passed

Kiraya

Passed

Turn ended!

Turn 10 started!

やーこん

Played base: Gundam Fight

Shield card added to hand

Gundam Maxter deployed

Played command: Cyclone Punch

Cyclone Punch: Modifier applied to: Gundam Barbatos Adapt

Selecting target for Cyclone Punch

Linked pilot: Chibodee Crocket on unit Gundam Maxter

Battle initiated

やーこん

Battle declared: Gundam Maxter against Gundam Barbatos Adapt

Selecting target for Cyclone Punch

Cyclone Punch: Modifier applied to: Hyakuren

Kiraya

No blockers available

Action step

Kiraya

Passed

やーこん

Passed

Battle started: Gundam Maxter against Gundam Barbatos Adapt

Kiraya

Gundam Barbatos Adapt received 4 damage, now destroyed

やーこん

Gundam Maxter received 0 damage, leaving 3 HP remaining

Selecting target for Gundam Maxter

Card added to hand: Hoka Kyoten Juzetsujin

Battle ended

Turn end phase started

Kiraya

Passed

やーこん

Passed

Turn ended!

Turn 11 started!

Battle initiated

Kiraya

Battle declared: Sword Impulse Gundam against Gundam Maxter

やーこん

No blockers available

Action step

やーこん

Passed

Kiraya

Passed

Battle started: Sword Impulse Gundam against Gundam Maxter

やーこん

Gundam Maxter received 3 damage, now destroyed

Kiraya

Sword Impulse Gundam received 4 damage, now destroyed

Battle ended

Kiraya

Hyakuren deployed

Battle initiated

Kiraya

Battle declared: Hyakuren against Enemy Player

やーこん

No blockers available

Action step

やーこん

Passed

Kiraya

Passed

Battle started: Hyakuren against Gundam Fight

やーこん

Gundam Fight received 4 damage, leaving 1 HP remaining

Battle ended

Turn end phase started

やーこん

Passed

Kiraya

Passed

Turn ended!

Turn 12 started!

やーこん

Shining Gundam deployed

Selecting target for Shining Gundam

Shining Gundam and Gundam Maxter exiled from the game

Selecting target for Shining Gundam

Darkness Finger returned to hand

Linked pilot: Domon Kasshu on unit Shining Gundam

Domon Kasshu: Draw a card

Selecting target for Domon Kasshu

Shining Finger discarded

Selecting target for Domon Kasshu

Selecting target for Shining Finger

Rested unit: Hyakuren

Selecting target for Shining Finger

Shining Finger: Modifier applied to: Shining Gundam

Battle initiated

やーこん

Battle declared: Shining Gundam against Hyakuren

Shining Gundam: 1 resource set as active

Kiraya

No blockers available

Action step

Kiraya

Passed

やーこん

Passed

Battle started: Shining Gundam against Hyakuren

Kiraya

Hyakuren received 5 damage, now destroyed

やーこん

Damage prevented

Shining Gundam received 0 damage, leaving 5 HP remaining

Battle ended

やーこん

Dragon Gundam deployed

Turn end phase started

Kiraya

Passed

やーこん

Passed

Turn ended!

Turn 13 started!

Kiraya

Gundam Barbatos Lupus deployed

Linked pilot: Mikazuki Augus on unit Gundam Barbatos Lupus

Selecting target for Mikazuki Augus

Mikazuki Augus: Dealt 1 damage to: Gundam Barbatos Lupus and Shining Gundam

Activated: Gundam Barbatos Lupus

Ryusei-Go (Graze Custom Ⅱ), Gundam Barbatos Adapt and Hyakuren exiled from the game

Selecting target for Gundam Barbatos Lupus

Gundam Barbatos Lupus: Dealt 2 damage to Shining Gundam, leaving 2 HP remaining

Activated: Gundam Barbatos Lupus

Hyakuren, Gundam Barbatos 1st Form and Graze Custom exiled from the game

Selecting target for Gundam Barbatos Lupus

Gundam Barbatos Lupus: Dealt 2 damage to Shining Gundam, now destroyed

Battle initiated

Kiraya

Battle declared: Hyakuren against Enemy Player

やーこん

No blockers available

Action step

やーこん

Passed

Kiraya

Passed

Battle started: Hyakuren against Gundam Fight

やーこん

Gundam Fight received 4 damage, now destroyed

Battle ended

Turn end phase started

やーこん

Passed

Kiraya

Passed

Turn ended!

Turn 14 started!

やーこん

Played command: Overflowing Affection

Overflowing Affection: Draw 2 cards

Selecting target for Overflowing Affection

Graviton Hammer discarded

Played base: Gundam Fight

Shield card added to hand

Gundam Maxter deployed

Played command: Hoka Kyoten Juzetsujin

Hoka Kyoten Juzetsujin: Modifier applied to: Dragon Gundam

Selecting target for Hoka Kyoten Juzetsujin

Linked pilot: Sai Saici on unit Dragon Gundam

Battle initiated

やーこん

Battle declared: Dragon Gundam against Enemy Player

Selecting target for Hoka Kyoten Juzetsujin

Hoka Kyoten Juzetsujin: Modifier applied to: Gundam Maxter

Kiraya

No blockers available

Action step

Kiraya

Passed

やーこん

Passed

Battle started: Dragon Gundam against Isaribi

Kiraya

Isaribi received 6 damage, now destroyed

Battle ended

Turn end phase started

Kiraya

Passed

やーこん

Passed

Turn ended!

Turn 15 started!

Kiraya

Paired pilot: Mikazuki Augus on unit Hyakuren

Selecting target for Mikazuki Augus

Mikazuki Augus: Dealt 1 damage to: Hyakuren and Gundam Maxter

Battle initiated

Kiraya

Battle declared: Hyakuren against Enemy Player

やーこん

No blockers available

Action step

やーこん

Passed

Kiraya

Passed

Battle started: Hyakuren against Gundam Fight

やーこん

Gundam Fight received 6 damage, now destroyed

Battle ended

Turn end phase started

やーこん

Passed

Kiraya

Passed

Turn ended!

Turn 16 started!

やーこん

Played command: Overflowing Affection

Overflowing Affection: Draw 2 cards

Selecting target for Overflowing Affection

Shining Gundam discarded

Played action: Darkness Finger

Darkness Finger: Dealt 2 damage to Gundam Barbatos Lupus, leaving 3 HP remaining

Played action: Darkness Finger

Darkness Finger: Dealt 2 damage to Gundam Barbatos Lupus, leaving 1 HP remaining

Played action: Darkness Finger

Darkness Finger: Dealt 2 damage to Gundam Barbatos Lupus, now destroyed

Played action: Darkness Finger

Darkness Finger: Dealt 2 damage to Hyakuren, leaving 1 HP remaining

Battle initiated

やーこん

Battle declared: Dragon Gundam against Enemy Player

Selecting target for Hoka Kyoten Juzetsujin

Hoka Kyoten Juzetsujin: Modifier applied to: Gundam Maxter

Kiraya

No blockers available

Action step

Kiraya

Passed

やーこん

Passed

Battle started: Dragon Gundam against Enemy Shield

Kiraya

Shield card: Mikazuki Augus revealed

Shield card added to hand: Mikazuki Augus

Battle ended

Battle initiated

やーこん

Battle declared: Gundam Maxter against Hyakuren

Kiraya

No blockers available

Action step

Kiraya

Passed

やーこん

Passed

Battle started: Gundam Maxter against Hyakuren

Kiraya

Hyakuren received 3 damage, now destroyed

やーこん

Gundam Maxter received 6 damage, now destroyed

Kiraya

Breach 3 Shield card: Become a Shield revealed and discarded

やーこん

Selecting target for Gundam Maxter

Battle ended

やーこん

Gundam Maxter deployed

Turn end phase started

Kiraya

Passed

やーこん

Passed

Turn ended!

Turn 17 started!

Kiraya

Gundam Exia Repair deployed

Turn end phase started

やーこん

Passed

Kiraya

Passed

Turn ended!

Turn 18 started!

やーこん

Shining Gundam deployed

Battle initiated

やーこん

Battle declared: Gundam Maxter against Enemy Player

Kiraya

No blockers available

Action step

Kiraya

Passed

やーこん

Passed

Battle started: Gundam Maxter against Enemy Shield

Kiraya

Shield card: Gundam Barbatos Lupus revealed and discarded

Battle ended

Battle initiated

やーこん

Battle declared: Dragon Gundam against Enemy Player

Selecting target for Hoka Kyoten Juzetsujin

Hoka Kyoten Juzetsujin: Modifier applied to: Gundam Maxter

Kiraya

No blockers available

Action step

Kiraya

Passed

やーこん

Passed

Battle started: Dragon Gundam against Enemy Shield

Kiraya

Shield card: Gundam Flauros (Ryusei-Go) revealed and discarded

やーこん

Selecting target for Dragon Gundam

Dealt 2 damage to Gundam Exia Repair, now destroyed

Kiraya

Gundam Exia Repair milled 2: Shiden Custom (Ryusei-Go) and Gundam Barbatos 2nd Form moved to trash

Battle ended

Turn end phase started

Kiraya

Passed

やーこん

Passed

Turn ended!

Turn 19 started!

Kiraya

Gundam Barbatos Adapt deployed

Selecting target for Gundam Barbatos Adapt

Gundam Barbatos Adapt: Dealt 1 damage to: Gundam Barbatos Adapt and Gundam Maxter

Linked pilot: Mikazuki Augus on unit Gundam Barbatos Adapt

Selecting target for Mikazuki Augus

Mikazuki Augus: Dealt 1 damage to: Gundam Barbatos Adapt and Gundam Maxter

Battle initiated

Kiraya

Battle declared: Gundam Barbatos Adapt against Dragon Gundam

やーこん

No blockers available

Action step

やーこん

Passed

Kiraya

Passed

Battle started: Gundam Barbatos Adapt against Dragon Gundam

やーこん

Dragon Gundam received 4 damage, now destroyed

Kiraya

Gundam Barbatos Adapt received 6 damage, now destroyed

Battle ended

Turn end phase started

やーこん

Passed

Kiraya

Passed

Turn ended!

Turn 20 started!

Battle initiated

やーこん

Battle declared: Shining Gundam against Enemy Player

Kiraya

No blockers available

Action step

Kiraya

Passed

やーこん

Passed

Battle started: Shining Gundam against Enemy Shield

Kiraya

Shield card: Shiden Custom (Ryusei-Go) revealed and discarded

Battle ended

やーこん

Rising Gundam deployed

Turn end phase started

Kiraya

Passed

やーこん

Passed

Turn ended!

Turn 21 started!

Kiraya

Graze Custom deployed

Paired pilot: Mikazuki Augus on unit Graze Custom

Selecting target for Mikazuki Augus

Mikazuki Augus: Dealt 1 damage to: Graze Custom and Shining Gundam

Turn end phase started

やーこん

Passed

Kiraya

Passed

Turn ended!

Turn 22 started!

Battle initiated

やーこん

Battle declared: Shining Gundam against Enemy Player

Kiraya

No blockers available

Action step

Kiraya

Passed

やーこん

Passed

Battle started: Shining Gundam against Enemy Player

Kiraya

No more shields available, game is over!

やーこん

Winner!

Game ended!
