Game started!

Kiraya

Choose to play first

Choose to keep starting hand

Anuy

Choose to mulligan starting hand

Turn 1 started!

Turn end phase started

Anuy

Passed

Kiraya

Passed

Turn ended!

Turn 2 started!

Turn end phase started

Kiraya

Passed

Anuy

Passed

Turn ended!

Turn 3 started!

Kiraya

Graze Custom deployed

Gundam Exia Repair deployed

Turn end phase started

Anuy

Passed

Kiraya

Passed

Turn ended!

Turn 4 started!

Turn end phase started

Kiraya

Passed

Anuy

Passed

Turn ended!

Turn 5 started!

Battle initiated

Kiraya

Battle declared: Gundam Exia Repair against Enemy Player

Anuy

No blockers available

Action step

Anuy

Passed

Kiraya

Passed

Battle started: Gundam Exia Repair against EX Base

Anuy

EX Base received 2 damage, leaving 1 HP remaining

Battle ended

Battle initiated

Kiraya

Battle declared: Graze Custom against Enemy Player

Anuy

No blockers available

Action step

Anuy

Passed

Kiraya

Passed

Battle started: Graze Custom against EX Base

Anuy

EX Base received 2 damage, now destroyed

Battle ended

Kiraya

Replaced EX Base base: Isaribi

Shield card added to hand

Hyakuren deployed

Turn end phase started

Anuy

Passed

Kiraya

Passed

Turn ended!

Turn 6 started!

Anuy

Demi Barding deployed

Selecting target for Demi Barding

Card added to hand: Guel Jeturk

Turn end phase started

Kiraya

Passed

Anuy

Passed

Turn ended!

Turn 7 started!

Kiraya

Gundam Barbatos Adapt deployed

Selecting target for Gundam Barbatos Adapt

Gundam Barbatos Adapt: Dealt 1 damage to: Gundam Barbatos Adapt and Demi Barding

Linked pilot: Mikazuki Augus on unit Gundam Barbatos Adapt

Selecting target for Mikazuki Augus

Mikazuki Augus: Dealt 1 damage to: Gundam Barbatos Adapt and Demi Barding

Battle initiated

Kiraya

Battle declared: Graze Custom against Enemy Player

Anuy

No blockers available

Action step

Anuy

Passed

Kiraya

Passed

Battle started: Graze Custom against Enemy Shield

Anuy

Shield card: Gundam Aerial Rebuild revealed and discarded

Battle ended

Battle initiated

Kiraya

Battle declared: Gundam Exia Repair against Enemy Player

Anuy

No blockers available

Action step

Anuy

Passed

Kiraya

Passed

Battle started: Gundam Exia Repair against Enemy Shield

Anuy

Shield card: Suletta Mercury revealed

Shield card added to hand: Suletta Mercury

Battle ended

Battle initiated

Kiraya

Battle declared: Hyakuren against Enemy Player

Anuy

No blockers available

Action step

Anuy

Passed

Kiraya

Passed

Battle started: Hyakuren against Enemy Shield

Anuy

Shield card: Witches from Earth revealed and discarded

Battle ended

Battle initiated

Kiraya

Battle declared: Gundam Barbatos Adapt against Enemy Player

Anuy

No blockers available

Action step

Anuy

Passed

Kiraya

Passed

Battle started: Gundam Barbatos Adapt against Enemy Shield

Anuy

Shield card: Felsi's Plea revealed and discarded

Battle ended

Turn end phase started

Anuy

Passed

Kiraya

Passed

Turn ended!

Turn 8 started!

Anuy

Guel's Dilanza deployed

Linked pilot: Suletta Mercury on unit Guel's Dilanza

Battle initiated

Anuy

Battle declared: Guel's Dilanza against Gundam Barbatos Adapt

Kiraya

No blockers available

Action step

Kiraya

Passed

Anuy

Passed

Battle started: Guel's Dilanza against Gundam Barbatos Adapt

Kiraya

Gundam Barbatos Adapt received 6 damage, now destroyed

Anuy

Guel's Dilanza received 4 damage, leaving 2 HP remaining

Battle ended

Turn end phase started

Kiraya

Passed

Anuy

Passed

Turn ended!

Turn 9 started!

Battle initiated

Kiraya

Battle declared: Graze Custom against Enemy Player

Anuy

No blockers available

Action step

Anuy

Passed

Kiraya

Passed

Battle started: Graze Custom against Enemy Shield

Anuy

Shield card: Gundam Lfrith Thorn revealed and discarded

Battle ended

Battle initiated

Kiraya

Battle declared: Gundam Exia Repair against Enemy Player

Anuy

No blockers available

Action step

Anuy

Passed

Kiraya

Passed

Battle started: Gundam Exia Repair against Enemy Shield

Anuy

Shield card: Suletta Mercury revealed

Shield card added to hand: Suletta Mercury

Battle ended

Battle initiated

Kiraya

Battle declared: Hyakuren against Enemy Player

Anuy

No blockers available

Action step

Anuy

Played action: Guel Jeturk

Guel Jeturk: attack target changed

Suletta Mercury: Placed 1 rested EX Resource

Kiraya

Passed

Anuy

Passed

Kiraya

Battle started: Hyakuren against Guel's Dilanza

Anuy

Guel's Dilanza received 4 damage, now destroyed

Kiraya

Hyakuren received 6 damage, now destroyed

Battle ended

Kiraya

Gundam Gusion Rebake deployed

No targets for Gundam Gusion Rebake

Linked pilot: Akihiro Altland on unit Gundam Gusion Rebake

Battle initiated

Kiraya

Battle declared: Gundam Gusion Rebake against Enemy Player

Anuy

No blockers available

Action step

Anuy

Passed

Kiraya

Passed

Battle started: Gundam Gusion Rebake against Enemy Player

Anuy

No more shields available, game is over!

Kiraya

Winner!

Game ended!