Game started!

Kiraya

Choose to play first

Choose to mulligan starting hand

IAN

Choose to mulligan starting hand

Turn 1 started!

Turn end phase started

IAN

Passed

Kiraya

Passed

Turn ended!

Turn 2 started!

IAN

Played command: Overflowing Affection

Overflowing Affection: Draw 2 cards

Selecting target for Overflowing Affection

Blast Impulse Gundam discarded

Turn end phase started

Kiraya

Passed

IAN

Passed

Turn ended!

Turn 3 started!

Turn end phase started

IAN

Passed

Kiraya

Passed

Turn ended!

Turn 4 started!

Turn end phase started

Kiraya

Passed

IAN

Passed

Turn ended!

Turn 5 started!

Kiraya

Hyakuren deployed

Replaced EX Base base: Isaribi

Shield card added to hand

Turn end phase started

IAN

Passed

Kiraya

Passed

Turn ended!

Turn 6 started!

Turn end phase started

Kiraya

Passed

IAN

Passed

Turn ended!

Turn 7 started!

Battle initiated

Kiraya

Battle declared: Hyakuren against Enemy Player

IAN

No blockers available

Action step

IAN

Passed

Kiraya

Passed

Battle started: Hyakuren against EX Base

IAN

EX Base received 4 damage, now destroyed

Battle ended

Kiraya

Gundam Barbatos 2nd Form deployed

Graze Custom deployed

Gundam Exia Repair deployed

Turn end phase started

IAN

Passed

Kiraya

Passed

Turn ended!

Turn 8 started!

IAN

Aile Strike Gundam deployed

Turn end phase started

Kiraya

Passed

IAN

Passed

Turn ended!

Turn 9 started!

Kiraya

Gundam Barbatos Adapt deployed

Selecting target for Gundam Barbatos Adapt

Gundam Barbatos Adapt: Dealt 1 damage to: Gundam Barbatos 2nd Form and Aile Strike Gundam

Battle initiated

Kiraya

Battle declared: Graze Custom against Enemy Player

IAN

Assigned no blocker

Action step

IAN

Passed

Kiraya

Passed

Battle started: Graze Custom against Enemy Shield

IAN

Shield card: Minerva revealed

Played base: Minerva

Shield card added to hand

Battle ended

Kiraya

Gundam Barbatos Adapt deployed

Selecting target for Gundam Barbatos Adapt

Gundam Barbatos Adapt: Dealt 1 damage to: Hyakuren and Aile Strike Gundam

Activated: Isaribi

Rested base: Isaribi

Isaribi: Modifier applied to: Hyakuren

Battle initiated

Kiraya

Battle declared: Hyakuren against Enemy Player

IAN

Assigned no blocker

Action step

IAN

Passed

Kiraya

Passed

Battle started: Hyakuren against Minerva

IAN

Minerva received 6 damage, now destroyed

Battle ended

Battle initiated

Kiraya

Battle declared: Gundam Barbatos 2nd Form against Enemy Player

IAN

Assigned no blocker

Action step

IAN

Passed

Kiraya

Passed

Battle started: Gundam Barbatos 2nd Form against Enemy Shield

IAN

Shield card: Impulse Gundam revealed and discarded

Battle ended

Battle initiated

Kiraya

Battle declared: Gundam Exia Repair against Enemy Player

IAN

Assigned no blocker

Action step

IAN

Passed

Kiraya

Passed

Battle started: Gundam Exia Repair against Enemy Shield

IAN

Shield card: Shinn Asuka revealed

Shield card added to hand: Shinn Asuka

Battle ended

Turn end phase started

IAN

Passed

Kiraya

Passed

Turn ended!

Turn 10 started!

IAN

Played command: Widespread Annihilation

Kiraya

Gundam Exia Repair milled 2: Gundam Barbatos Lupus and Gundam Barbatos Lupus moved to trash

Turn end phase started

Kiraya

Passed

IAN

Passed

Turn ended!

Turn 11 started!

Kiraya

Ryusei-Go (Graze Custom Ⅱ) deployed

Selecting target for Ryusei-Go (Graze Custom Ⅱ)

Ryusei-Go (Graze Custom Ⅱ): Dealt 1 damage to Ryusei-Go (Graze Custom Ⅱ), leaving 1 HP remaining

Ryusei-Go (Graze Custom Ⅱ): Draw a card

Selecting target for Ryusei-Go (Graze Custom Ⅱ)

Gundam Barbatos 1st Form discarded

Sword Impulse Gundam deployed

Sword Impulse Gundam: Dealt 1 damage to Sword Impulse Gundam, leaving 2 HP remaining

No targets for Sword Impulse Gundam

Linked pilot: Mikazuki Augus on unit Ryusei-Go (Graze Custom Ⅱ)

Selecting target for Mikazuki Augus

Mikazuki Augus: Dealt 1 damage to: Sword Impulse Gundam and Aile Strike Gundam

Battle initiated

Kiraya

Battle declared: Ryusei-Go (Graze Custom Ⅱ) against Enemy Player

IAN

Assigned Aile Strike Gundam to block

Action step

IAN

Passed

Kiraya

Passed

Battle started: Ryusei-Go (Graze Custom Ⅱ) against Aile Strike Gundam

IAN

Aile Strike Gundam received 4 damage, now destroyed

Kiraya

Ryusei-Go (Graze Custom Ⅱ) received 4 damage, now destroyed

Battle ended

Turn end phase started

IAN

Passed

Kiraya

Passed

Turn ended!

Turn 12 started!

IAN

Aile Strike Gundam deployed

Played base: Minerva

Shield card added to hand

Selecting target for Minerva

Played command: Overflowing Affection

Overflowing Affection: Draw 2 cards

Selecting target for Overflowing Affection

Force Impulse Gundam discarded

Turn end phase started

Kiraya

Passed

IAN

Passed

Turn ended!

Turn 13 started!

Kiraya

Gundam Barbatos Lupus deployed

Activated: Gundam Barbatos Lupus

Gundam Barbatos Adapt, Gundam Barbatos 1st Form and Ryusei-Go (Graze Custom Ⅱ) exiled from the game

Selecting target for Gundam Barbatos Lupus

Gundam Barbatos Lupus: Dealt 2 damage to Aile Strike Gundam, leaving 2 HP remaining

Activated: Gundam Barbatos Lupus

Gundam Barbatos Adapt, Gundam Barbatos Lupus and Gundam Barbatos Lupus exiled from the game

Selecting target for Gundam Barbatos Lupus

Gundam Barbatos Lupus: Dealt 2 damage to Aile Strike Gundam, now destroyed

Activated: Isaribi

Rested base: Isaribi

Isaribi: Modifier applied to: Sword Impulse Gundam

Battle initiated

Kiraya

Battle declared: Sword Impulse Gundam against Enemy Player

IAN

No blockers available

Action step

IAN

Passed

Kiraya

Passed

Battle started: Sword Impulse Gundam against Minerva

IAN

Minerva received 5 damage, now destroyed

Battle ended

Turn end phase started

IAN

Passed

Kiraya

Passed

Turn ended!

Turn 14 started!

IAN

Force Impulse Gundam deployed

Linked pilot: Shinn Asuka on unit Force Impulse Gundam

Battle initiated

IAN

Battle declared: Force Impulse Gundam against Sword Impulse Gundam

Shinn Asuka: 1 resource set as active

Kiraya

No blockers available

Action step

Kiraya

Passed

IAN

Passed

Battle started: Force Impulse Gundam against Sword Impulse Gundam

Kiraya

Sword Impulse Gundam received 8 damage, now destroyed

IAN

Force Impulse Gundam received 3 damage, leaving 1 HP remaining

Battle ended

IAN

Force Impulse Gundam deployed

Turn end phase started

Kiraya

Passed

IAN

Passed

Turn ended!

Turn 15 started!

Kiraya

Activated: Gundam Barbatos Lupus

Hyakuren, Gundam Barbatos 2nd Form and Graze Custom exiled from the game

Selecting target for Gundam Barbatos Lupus

Gundam Barbatos Lupus: Dealt 2 damage to Force Impulse Gundam, now destroyed

IAN

Selecting target for Force Impulse Gundam

Impulse Gundam returned to hand

Kiraya

Gundam Barbatos 1st Form deployed

Ryusei-Go (Graze Custom Ⅱ) deployed

Selecting target for Ryusei-Go (Graze Custom Ⅱ)

Ryusei-Go (Graze Custom Ⅱ): Dealt 1 damage to Ryusei-Go (Graze Custom Ⅱ), leaving 1 HP remaining

Ryusei-Go (Graze Custom Ⅱ): Draw a card

Selecting target for Ryusei-Go (Graze Custom Ⅱ)

Sword Impulse Gundam discarded

Battle initiated

Kiraya

Battle declared: Gundam Barbatos Lupus against Enemy Player

IAN

No blockers available

Action step

IAN

Passed

Kiraya

Passed

Battle started: Gundam Barbatos Lupus against Enemy Shield

IAN

Shield card: Destiny Gundam revealed and discarded

Battle ended

Turn end phase started

IAN

Passed

Kiraya

Passed

Turn ended!

Turn 16 started!

IAN

Paired pilot: Shinn Asuka on unit Force Impulse Gundam

Battle initiated

IAN

Battle declared: Force Impulse Gundam against Gundam Barbatos Lupus

Shinn Asuka: 1 resource set as active

Kiraya

No blockers available

Action step

Kiraya

Passed

IAN

Passed

Battle started: Force Impulse Gundam against Gundam Barbatos Lupus

Kiraya

Gundam Barbatos Lupus received 6 damage, now destroyed

IAN

Force Impulse Gundam received 5 damage, now destroyed

Battle ended

IAN

Played command: Widespread Annihilation

Impulse Gundam deployed

Turn end phase started

Kiraya

Passed

IAN

Passed

Turn ended!

Turn 17 started!

Kiraya

Ryusei-Go (Graze Custom Ⅱ) deployed

Selecting target for Ryusei-Go (Graze Custom Ⅱ)

Ryusei-Go (Graze Custom Ⅱ): Dealt 1 damage to Ryusei-Go (Graze Custom Ⅱ), leaving 1 HP remaining

Ryusei-Go (Graze Custom Ⅱ): Draw a card

Selecting target for Ryusei-Go (Graze Custom Ⅱ)

Isaribi discarded

Replaced Isaribi base: Isaribi

Shield card added to hand

Linked pilot: Ride Mass on unit Ryusei-Go (Graze Custom Ⅱ)

Battle initiated

Kiraya

Battle declared: Ryusei-Go (Graze Custom Ⅱ) against Enemy Player

IAN

No blockers available

Action step

IAN

Passed

Kiraya

Passed

Battle started: Ryusei-Go (Graze Custom Ⅱ) against Enemy Player

IAN

No more shields available, game is over!

Kiraya

Winner!

Game ended!