Game started!

Zeding

Choose to play second

Choose to mulligan starting hand

Kiraya

Choose to mulligan starting hand

Turn 1 started!

Turn end phase started

Zeding

Passed

Kiraya

Passed

Turn ended!

Turn 2 started!

Turn end phase started

Kiraya

Passed

Zeding

Passed

Turn ended!

Turn 3 started!

Turn end phase started

Zeding

Passed

Kiraya

Passed

Turn ended!

Turn 4 started!

Zeding

Chuchu's Demi Trainer deployed

Turn end phase started

Kiraya

Passed

Zeding

Passed

Turn ended!

Turn 5 started!

Kiraya

Hyakuren deployed

Turn end phase started

Zeding

Passed

Kiraya

Passed

Turn ended!

Turn 6 started!

Zeding

Wing Gundam (Bird Mode) deployed

Placed 1 Resource EX

Battle initiated

Zeding

Battle declared: Chuchu's Demi Trainer against Enemy Player

Chuchu's Demi Trainer: Draw a card

Selecting target for Chuchu's Demi Trainer

Wing Gundam (Bird Mode) discarded

Kiraya

No blockers available

Action step

Kiraya

Passed

Zeding

Passed

Battle started: Chuchu's Demi Trainer against EX Base

Kiraya

EX Base received 3 damage, now destroyed

Battle ended

Turn end phase started

Kiraya

Passed

Zeding

Passed

Turn ended!

Turn 7 started!

Kiraya

Sword Impulse Gundam deployed

Sword Impulse Gundam: Dealt 1 damage to Sword Impulse Gundam, leaving 2 HP remaining

Selecting target for Sword Impulse Gundam

Rested unit: Wing Gundam (Bird Mode)

Battle initiated

Kiraya

Battle declared: Hyakuren against Wing Gundam (Bird Mode)

Zeding

No blockers available

Action step

Zeding

Passed

Kiraya

Passed

Battle started: Hyakuren against Wing Gundam (Bird Mode)

Zeding

Wing Gundam (Bird Mode) received 4 damage, now destroyed

Kiraya

Hyakuren received 2 damage, leaving 1 HP remaining

Battle ended

Kiraya

Gundam Barbatos 1st Form deployed

Turn end phase started

Zeding

Passed

Kiraya

Passed

Turn ended!

Turn 8 started!

Zeding

Wing Gundam (Bird Mode) deployed

Placed 1 Resource EX

Played command: Overflowing Affection

Overflowing Affection: Draw 2 cards

Selecting target for Overflowing Affection

First Contact discarded

Battle initiated

Zeding

Battle declared: Chuchu's Demi Trainer against Hyakuren

Chuchu's Demi Trainer: Draw a card

Selecting target for Chuchu's Demi Trainer

First Contact discarded

Kiraya

No blockers available

Action step

Kiraya

Passed

Zeding

Passed

Battle started: Chuchu's Demi Trainer against Hyakuren

Kiraya

Hyakuren received 3 damage, now destroyed

Zeding

Chuchu's Demi Trainer received 4 damage, now destroyed

Battle ended

Turn end phase started

Kiraya

Passed

Zeding

Passed

Turn ended!

Turn 9 started!

Kiraya

Ryusei-Go (Graze Custom Ⅱ) deployed

Selecting target for Ryusei-Go (Graze Custom Ⅱ)

Ryusei-Go (Graze Custom Ⅱ): Dealt 1 damage to Gundam Barbatos 1st Form, leaving 1 HP remaining

Ryusei-Go (Graze Custom Ⅱ): Draw a card

Selecting target for Ryusei-Go (Graze Custom Ⅱ)

Gundam Gusion Rebake discarded

Sword Impulse Gundam deployed

Sword Impulse Gundam: Dealt 1 damage to Sword Impulse Gundam, leaving 2 HP remaining

Selecting target for Sword Impulse Gundam

Rested unit: Wing Gundam (Bird Mode)

Battle initiated

Kiraya

Battle declared: Sword Impulse Gundam against Wing Gundam (Bird Mode)

Zeding

No blockers available

Action step

Zeding

Passed

Kiraya

Passed

Battle started: Sword Impulse Gundam against Wing Gundam (Bird Mode)

Zeding

Wing Gundam (Bird Mode) received 3 damage, now destroyed

Kiraya

Sword Impulse Gundam received 2 damage, now destroyed

Battle ended

Battle initiated

Kiraya

Battle declared: Gundam Barbatos 1st Form against Enemy Player

Gundam Barbatos 1st Form: Draw a card

Zeding

No blockers available

Action step

Zeding

Passed

Kiraya

Passed

Battle started: Gundam Barbatos 1st Form against EX Base

Zeding

EX Base received 3 damage, now destroyed

Battle ended

Kiraya

Graze Custom deployed

Turn end phase started

Zeding

Passed

Kiraya

Passed

Turn ended!

Turn 10 started!

Zeding

Gundam Aerial Rebuild deployed

Selecting target for Gundam Aerial Rebuild

Card added to hand: Demi Barding

Linked pilot: Suletta Mercury on unit Gundam Aerial Rebuild

Battle initiated

Zeding

Battle declared: Gundam Aerial Rebuild against Gundam Barbatos 1st Form

Kiraya

No blockers available

Action step

Kiraya

Passed

Zeding

Passed

Battle started: Gundam Aerial Rebuild against Gundam Barbatos 1st Form

Kiraya

Gundam Barbatos 1st Form received 7 damage, now destroyed

Zeding

Gundam Aerial Rebuild received 3 damage, leaving 4 HP remaining

Battle ended

Zeding

Played base: Quiet Zero

Shield card added to hand

Turn end phase started

Kiraya

Passed

Zeding

Passed

Turn ended!

Turn 11 started!

Kiraya

Gundam Barbatos 1st Form deployed

Gundam Gusion Rebake deployed

Selecting target for Gundam Gusion Rebake

Gundam Gusion Rebake: Dealt 1 damage to: Gundam Barbatos 1st Form and Gundam Aerial Rebuild

Battle initiated

Kiraya

Battle declared: Sword Impulse Gundam against Gundam Aerial Rebuild

Zeding

No blockers available

Action step

Zeding

Passed

Kiraya

Passed

Battle started: Sword Impulse Gundam against Gundam Aerial Rebuild

Zeding

Gundam Aerial Rebuild received 3 damage, now destroyed

Kiraya

Sword Impulse Gundam received 7 damage, now destroyed

Battle ended

Battle initiated

Kiraya

Battle declared: Ryusei-Go (Graze Custom Ⅱ) against Enemy Player

Zeding

No blockers available

Action step

Zeding

Passed

Kiraya

Passed

Battle started: Ryusei-Go (Graze Custom Ⅱ) against Quiet Zero

Zeding

Quiet Zero received 2 damage, leaving 4 HP remaining

Battle ended

Battle initiated

Kiraya

Battle declared: Graze Custom against Enemy Player

Zeding

No blockers available

Action step

Zeding

Passed

Kiraya

Passed

Battle started: Graze Custom against Quiet Zero

Zeding

Quiet Zero received 2 damage, leaving 2 HP remaining

Battle ended

Turn end phase started

Zeding

Passed

Kiraya

Passed

Turn ended!

Turn 12 started!

Zeding

Played command: Overflowing Affection

Overflowing Affection: Draw 2 cards

Selecting target for Overflowing Affection

Wing Gundam (Bird Mode) discarded

Demi Barding deployed

Selecting target for Demi Barding

Card added to hand: Interwoven Blessings

Gundam Pharact deployed

Turn end phase started

Kiraya

Passed

Zeding

Passed

Turn ended!

Turn 13 started!

Kiraya

Gundam Barbatos Lupus deployed

Activated: Gundam Barbatos Lupus

Hyakuren, Gundam Gusion Rebake and Gundam Barbatos 1st Form exiled from the game

Selecting target for Gundam Barbatos Lupus

Gundam Barbatos Lupus: Dealt 2 damage to Demi Barding, now destroyed

Linked pilot: Mikazuki Augus on unit Gundam Barbatos Lupus

Selecting target for Mikazuki Augus

Mikazuki Augus: Dealt 1 damage to: Gundam Gusion Rebake and Gundam Pharact

Battle initiated

Kiraya

Battle declared: Ryusei-Go (Graze Custom Ⅱ) against Enemy Player

Zeding

No blockers available

Action step

Zeding

Passed

Kiraya

Passed

Battle started: Ryusei-Go (Graze Custom Ⅱ) against Quiet Zero

Zeding

Quiet Zero received 2 damage, now destroyed

Battle ended

Battle initiated

Kiraya

Battle declared: Gundam Barbatos 1st Form against Enemy Player

Gundam Barbatos 1st Form: Draw a card

Zeding

No blockers available

Action step

Zeding

Passed

Kiraya

Passed

Battle started: Gundam Barbatos 1st Form against Enemy Shield

Zeding

Shield card: Iron-Fisted Discipline revealed and discarded

Battle ended

Battle initiated

Kiraya

Battle declared: Graze Custom against Enemy Player

Zeding

No blockers available

Action step

Zeding

Passed

Kiraya

Passed

Battle started: Graze Custom against Enemy Shield

Zeding

Shield card: Demi Barding revealed and discarded

Battle ended

Battle initiated

Kiraya

Battle declared: Gundam Gusion Rebake against Enemy Player

Zeding

No blockers available

Action step

Zeding

Passed

Kiraya

Passed

Battle started: Gundam Gusion Rebake against Enemy Shield

Zeding

Shield card: Chuchu's Demi Trainer revealed and discarded

Battle ended

Turn end phase started

Zeding

Passed

Kiraya

Passed

Turn ended!

Turn 14 started!

Zeding

Demi Barding deployed

Selecting target for Demi Barding

Card added to hand: Iron-Fisted Discipline

Chuchu's Demi Trainer deployed

Linked pilot: Chuatury Panlunch on unit Chuchu's Demi Trainer

Linked pilot: Chuatury Panlunch on unit Demi Barding

Battle initiated

Zeding

Battle declared: Chuchu's Demi Trainer against Gundam Gusion Rebake

Chuchu's Demi Trainer: Draw a card

Selecting target for Chuchu's Demi Trainer

Interwoven Blessings discarded

Kiraya

No blockers available

Action step

Kiraya

Passed

Zeding

Passed

Battle started: Chuchu's Demi Trainer against Gundam Gusion Rebake

Kiraya

Gundam Gusion Rebake received 4 damage, now destroyed

Zeding

Chuchu's Demi Trainer received 3 damage, now destroyed

Gundam Pharact: Placed 1 EX Resource

Battle ended

Battle initiated

Zeding

Battle declared: Demi Barding against Gundam Barbatos 1st Form

Kiraya

No blockers available

Action step

Kiraya

Passed

Zeding

Passed

Battle started: Demi Barding against Gundam Barbatos 1st Form

Kiraya

Gundam Barbatos 1st Form received 4 damage, now destroyed

Zeding

Demi Barding received 3 damage, now destroyed

Battle ended

Battle initiated

Zeding

Battle declared: Gundam Pharact against Graze Custom

Kiraya

No blockers available

Action step

Kiraya

Passed

Zeding

Passed

Battle started: Gundam Pharact against Graze Custom

Kiraya

Graze Custom received 5 damage, now destroyed

Zeding

Gundam Pharact received 2 damage, leaving 1 HP remaining

Kiraya

Breach 5 Shield card: Gundam Exia Repair revealed and discarded

Battle ended

Zeding

Paired pilot: Suletta Mercury on unit Gundam Pharact

Turn end phase started

Kiraya

Passed

Zeding

Passed

Turn ended!

Turn 15 started!

Kiraya

Activated: Gundam Barbatos Lupus

Gundam Gusion Rebake, Gundam Barbatos 1st Form and Graze Custom exiled from the game

Selecting target for Gundam Barbatos Lupus

Gundam Barbatos Lupus: Dealt 2 damage to Gundam Pharact, leaving 1 HP remaining

Gundam Barbatos 2nd Form deployed

Gundam Gusion Rebake deployed

Selecting target for Gundam Gusion Rebake

Gundam Gusion Rebake: Dealt 1 damage to: Gundam Barbatos 2nd Form and Gundam Pharact

Battle initiated

Kiraya

Battle declared: Ryusei-Go (Graze Custom Ⅱ) against Enemy Player

Zeding

No blockers available

Action step

Zeding

Passed

Kiraya

Winner!

Game ended!