Mobile Suit Arena - Battle logs
Game started!

umberduel

Choose to play first

Choose to mulligan starting hand

Kiraya

Choose to keep starting hand

Turn 1 started!

Turn end phase started

Kiraya

Passed

umberduel

Passed

Turn ended!

Turn 2 started!

Kiraya

Gundam Exia Repair deployed

Turn end phase started

umberduel

Passed

Kiraya

Passed

Turn ended!

Turn 3 started!

Turn end phase started

Kiraya

Passed

umberduel

Passed

Turn ended!

Turn 4 started!

Kiraya

Hyakuren deployed

Paired pilot: Akihiro Altland on unit Gundam Exia Repair

Battle initiated

Kiraya

Battle declared: Gundam Exia Repair against Enemy Player

umberduel

No blockers available

Action step

umberduel

Played action: Close Combat

Close Combat: Dealt 2 damage to Gundam Exia Repair, now destroyed

Kiraya

Gundam Exia Repair milled 2: Gundam Gusion Rebake and Gundam Barbatos Adapt moved to trash

Passed

umberduel

Passed

Battle ended

Turn end phase started

umberduel

Passed

Kiraya

Passed

Turn ended!

Turn 5 started!

umberduel

Victory Gundam deployed

Turn end phase started

Kiraya

Passed

umberduel

Passed

Turn ended!

Turn 6 started!

Battle initiated

Kiraya

Battle declared: Hyakuren against Enemy Player

umberduel

No blockers available

Action step

umberduel

Passed

Kiraya

Passed

Battle started: Hyakuren against EX Base

umberduel

EX Base received 4 damage, now destroyed

Battle ended

Kiraya

Hyakuren deployed

Turn end phase started

umberduel

Passed

Kiraya

Passed

Turn ended!

Turn 7 started!

umberduel

Victory Gundam deployed

Battle initiated

umberduel

Battle declared: Victory Gundam against Hyakuren

Kiraya

No blockers available

Action step

Kiraya

Passed

umberduel

Passed

Battle started: Victory Gundam against Hyakuren

Kiraya

Hyakuren received 3 damage, now destroyed

umberduel

Victory Gundam received 4 damage, now destroyed

Parts deployed

Battle ended

Turn end phase started

Kiraya

Played action: Become a Shield

Selecting target for Become a Shield

Become a Shield: Dealt 1 damage to: Hyakuren and Parts

umberduel

Passed

Kiraya

Passed

umberduel

Turn ended!

Turn 8 started!

Kiraya

Gundam Barbatos Adapt deployed

Selecting target for Gundam Barbatos Adapt

Gundam Barbatos Adapt: Dealt 1 damage to: Gundam Barbatos Adapt and Victory Gundam

Linked pilot: Mikazuki Augus on unit Gundam Barbatos Adapt

Selecting target for Mikazuki Augus

Mikazuki Augus: Dealt 1 damage to: Gundam Barbatos Adapt and Victory Gundam

Battle initiated

Kiraya

Battle declared: Hyakuren against Enemy Player

umberduel

No blockers available

Action step

umberduel

Passed

Kiraya

Passed

Battle started: Hyakuren against Enemy Shield

umberduel

Shield card: Kira Yamato revealed

Shield card added to hand: Kira Yamato

Battle ended

Battle initiated

Kiraya

Battle declared: Gundam Barbatos Adapt against Enemy Player

umberduel

No blockers available

Action step

umberduel

Passed

Kiraya

Passed

Battle started: Gundam Barbatos Adapt against Enemy Shield

umberduel

Shield card: Reineforce Jr. revealed

Played base: Reineforce Jr.

Shield card added to hand

Battle ended

Kiraya

Graze Custom deployed

Turn end phase started

umberduel

Passed

Kiraya

Passed

Turn ended!

Turn 9 started!

Battle initiated

umberduel

Battle declared: Victory Gundam against Gundam Barbatos Adapt

Kiraya

No blockers available

Action step

Kiraya

Passed

umberduel

Passed

Battle started: Victory Gundam against Gundam Barbatos Adapt

Kiraya

Gundam Barbatos Adapt received 3 damage, now destroyed

umberduel

Victory Gundam received 4 damage, now destroyed

Battle ended

umberduel

Kshatriya deployed

Linked pilot: Marida Cruz on unit Kshatriya

Selecting target for Kshatriya

Kshatriya: Dealt 1 damage to: Hyakuren and Graze Custom

Battle initiated

umberduel

Battle declared: Kshatriya against Hyakuren

Selecting target for Marida Cruz

Marida Cruz: Dealt 1 damage to Graze Custom, now destroyed

Kiraya

No blockers available

Action step

Kiraya

Passed

umberduel

Passed

Battle started: Kshatriya against Hyakuren

Kiraya

Hyakuren received 7 damage, now destroyed

umberduel

Kshatriya received 4 damage, leaving 1 HP remaining

Battle ended

Turn end phase started

Kiraya

Passed

umberduel

Passed

Turn ended!

Turn 10 started!

Kiraya

Gundam Barbatos Adapt deployed

Selecting target for Gundam Barbatos Adapt

Gundam Barbatos Adapt: Dealt 1 damage to: Gundam Barbatos Adapt and Kshatriya

Turn end phase started

umberduel

Passed

Kiraya

Passed

Turn ended!

Turn 11 started!

umberduel

V2 Gundam deployed

Turn end phase started

Kiraya

Passed

umberduel

Passed

Turn ended!

Turn 12 started!

Kiraya

Replaced EX Base base: Isaribi

Shield card added to hand

Linked pilot: Mikazuki Augus on unit Gundam Barbatos Adapt

Selecting target for Mikazuki Augus

Mikazuki Augus: Dealt 1 damage to: Gundam Barbatos Adapt and V2 Gundam

Activated: Isaribi

Rested base: Isaribi

Isaribi: Modifier applied to: Gundam Barbatos Adapt

Battle initiated

Kiraya

Battle declared: Gundam Barbatos Adapt against Enemy Player

umberduel

No blockers available

Action step

umberduel

Passed

Kiraya

Passed

Battle started: Gundam Barbatos Adapt against Reineforce Jr.

umberduel

Reineforce Jr. received 6 damage, now destroyed

Battle ended

Turn end phase started

umberduel

Passed

Kiraya

Passed

Turn ended!

Turn 13 started!

umberduel

Zoloat (League Militaire) deployed

Victory Gundam deployed

Linked pilot: Üso Ewin on unit Victory Gundam

Parts deployed

Battle initiated

umberduel

Battle declared: Victory Gundam against Gundam Barbatos Adapt

Victory Gundam: Draw a card

Kiraya

No blockers available

Action step

Kiraya

Passed

umberduel

Passed

Battle started: Victory Gundam against Gundam Barbatos Adapt

Kiraya

Gundam Barbatos Adapt received 5 damage, now destroyed

umberduel

Victory Gundam received 4 damage, leaving 1 HP remaining

Battle ended

umberduel

Linked pilot: Üso Ewin on unit V2 Gundam

Parts deployed

Battle initiated

umberduel

Battle declared: V2 Gundam against Enemy Player

Kiraya

No blockers available

Action step

Kiraya

Passed

umberduel

Passed

Battle started: V2 Gundam against Isaribi

Kiraya

Isaribi received 6 damage, now destroyed

Battle ended

umberduel

Activated: V2 Gundam

Rested unit: Parts

Rested unit: Parts

Set Active: V2 Gundam

Battle initiated

umberduel

Battle declared: V2 Gundam against Enemy Player

Kiraya

No blockers available

Action step

Kiraya

Passed

umberduel

Passed

Battle started: V2 Gundam against Enemy Shield

Kiraya

Shield card: Graze Custom revealed and discarded

Battle ended

Turn end phase started

Kiraya

Passed

umberduel

Passed

V2 Gundam repaired 1 from [Repair 2]

Turn ended!

Turn 14 started!

Kiraya

Played base: Isaribi

Shield card added to hand

Gundam Barbatos Lupus deployed

Activated: Gundam Barbatos Lupus

Hyakuren, Gundam Barbatos Adapt and Graze Custom exiled from the game

Selecting target for Gundam Barbatos Lupus

Gundam Barbatos Lupus: Dealt 2 damage to Zoloat (League Militaire), now destroyed

Activated: Gundam Barbatos Lupus

Hyakuren, Gundam Barbatos Adapt and Graze Custom exiled from the game

Selecting target for Gundam Barbatos Lupus

Gundam Barbatos Lupus: Dealt 2 damage to Victory Gundam, now destroyed

Turn end phase started

umberduel

Passed

Kiraya

Passed

Turn ended!

Turn 15 started!

umberduel

Strike Freedom Gundam deployed

Selecting target for Strike Freedom Gundam

Strike Freedom Gundam: chose V2 Gundam and Strike Freedom Gundam

Battle initiated

umberduel

Battle declared: V2 Gundam against Enemy Player

Kiraya

No blockers available

Action step

Kiraya

Passed

umberduel

Passed

Battle started: V2 Gundam against Isaribi

Kiraya

Isaribi received 6 damage, now destroyed

umberduel

Strike Freedom Gundam: Draw a card

Battle ended

umberduel

Activated: V2 Gundam

Rested unit: Parts

Rested unit: Parts

Set Active: V2 Gundam

Battle initiated

umberduel

Battle declared: V2 Gundam against Enemy Player

Kiraya

No blockers available

Action step

Kiraya

Passed

umberduel

Passed

Battle started: V2 Gundam against Enemy Shield

Kiraya

Shield card: Gundam Barbatos 1st Form revealed and discarded

umberduel

Strike Freedom Gundam: Draw a card

Battle ended

umberduel

Linked pilot: Kira Yamato on unit Strike Freedom Gundam

Kira Yamato: Draw a card

Played command: Airframe Seizure

Selecting target for Airframe Seizure

Unicorn Gundam 02 Banshee (Destroy Mode) discarded

Airframe Seizure: Draw 2 cards

Battle initiated

umberduel

Battle declared: Strike Freedom Gundam against Enemy Player

Selecting target for Strike Freedom Gundam

Kshatriya and A Show of Resolve discarded

Selecting target for Strike Freedom Gundam

Kiraya

Gundam Barbatos Lupus returned to deck

No blockers available

Action step

Kiraya

Passed

umberduel

Passed

Battle started: Strike Freedom Gundam against Enemy Shield

Kiraya

Shield card: Gundam Barbatos 1st Form revealed and discarded

umberduel

Strike Freedom Gundam: Draw a card

Battle ended

Turn end phase started

Kiraya

Passed

umberduel

Passed

Turn ended!

Turn 16 started!

Kiraya

Played base: Isaribi

Shield card added to hand

Gundam Barbatos Lupus deployed

Activated: Gundam Barbatos Lupus

Gundam Barbatos Adapt, Gundam Barbatos 1st Form and Gundam Barbatos 1st Form exiled from the game

Selecting target for Gundam Barbatos Lupus

Gundam Barbatos Lupus: Dealt 2 damage to Parts, now destroyed

Turn end phase started

umberduel

Passed

Kiraya

Passed

Turn ended!

Turn 17 started!

Battle initiated

umberduel

Battle declared: Strike Freedom Gundam against Enemy Player

Selecting target for Strike Freedom Gundam

Reineforce Jr. and Reineforce Jr. discarded

Selecting target for Strike Freedom Gundam

Kiraya

Gundam Barbatos Lupus returned to deck

No blockers available

Action step

Kiraya

Passed

umberduel

Passed

Battle started: Strike Freedom Gundam against Isaribi

Kiraya

Isaribi received 7 damage, now destroyed

Battle ended

Battle initiated

umberduel

Battle declared: V2 Gundam against Enemy Player

Kiraya

No blockers available

Action step

Kiraya

Passed

umberduel

Passed

Battle started: V2 Gundam against Enemy Player

Kiraya

No more shields available, game is over!

umberduel

Winner!

Game ended!
