Mobile Suit Arena - Battle logs
Game started!

Kiraya

Choose to play first

DekuGreen

Choose to keep starting hand

Kiraya

Choose to keep starting hand

Turn 1 started!

Turn end phase started

DekuGreen

Passed

Kiraya

Passed

Turn ended!

Turn 2 started!

DekuGreen

Zaku Ⅱ deployed

Turn end phase started

Kiraya

Passed

DekuGreen

Passed

Turn ended!

Turn 3 started!

Kiraya

Graze Custom deployed

Turn end phase started

DekuGreen

Passed

Kiraya

Passed

Turn ended!

Turn 4 started!

DekuGreen

Zaku Ⅱ deployed

Battle initiated

DekuGreen

Battle declared: Zaku Ⅱ against Enemy Player

Kiraya

No blockers available

Action step

Kiraya

Passed

DekuGreen

Passed

Battle started: Zaku Ⅱ against EX Base

Kiraya

EX Base received 2 damage, leaving 1 HP remaining

Battle ended

Turn end phase started

Kiraya

Passed

DekuGreen

Passed

Turn ended!

Turn 5 started!

Kiraya

Hyakuren deployed

Replaced EX Base base: Isaribi

Shield card added to hand

Battle initiated

Kiraya

Battle declared: Graze Custom against Enemy Player

DekuGreen

No blockers available

Action step

DekuGreen

Passed

Kiraya

Passed

Battle started: Graze Custom against EX Base

DekuGreen

EX Base received 2 damage, leaving 1 HP remaining

Battle ended

Turn end phase started

DekuGreen

Passed

Kiraya

Passed

Turn ended!

Turn 6 started!

DekuGreen

Char's Zaku Ⅱ deployed

Linked pilot: Char Aznable on unit Char's Zaku Ⅱ

Battle initiated

DekuGreen

Battle declared: Char's Zaku Ⅱ against Enemy Player

Char Aznable: Modifier applied to: Char's Zaku Ⅱ

Kiraya

Can't block High-maneuver

Action step

Kiraya

Passed

DekuGreen

Passed

Battle started: Char's Zaku Ⅱ against Isaribi

Kiraya

Isaribi received 5 damage, now destroyed

Battle ended

Battle initiated

DekuGreen

Battle declared: Zaku Ⅱ against Enemy Player

Kiraya

No blockers available

Action step

Kiraya

Passed

DekuGreen

Passed

Battle started: Zaku Ⅱ against Enemy Shield

Kiraya

Shield card: Gundam Gusion Rebake revealed and discarded

Battle ended

Battle initiated

DekuGreen

Battle declared: Zaku Ⅱ against Enemy Player

Kiraya

No blockers available

Action step

Kiraya

Passed

DekuGreen

Passed

Battle started: Zaku Ⅱ against Enemy Shield

Kiraya

Shield card: Ryusei-Go (Graze Custom Ⅱ) revealed and discarded

Battle ended

Turn end phase started

Kiraya

Passed

DekuGreen

Passed

Turn ended!

Turn 7 started!

Battle initiated

Kiraya

Battle declared: Hyakuren against Char's Zaku Ⅱ

DekuGreen

No blockers available

Action step

DekuGreen

Passed

Kiraya

Passed

Battle started: Hyakuren against Char's Zaku Ⅱ

DekuGreen

Char's Zaku Ⅱ received 4 damage, now destroyed

Kiraya

Hyakuren received 4 damage, now destroyed

DekuGreen

Char's Zaku Ⅱ deployed

Battle ended

Kiraya

Gundam Barbatos Adapt deployed

Selecting target for Gundam Barbatos Adapt

Gundam Barbatos Adapt: Dealt 1 damage to: Gundam Barbatos Adapt and Zaku Ⅱ

Linked pilot: Mikazuki Augus on unit Gundam Barbatos Adapt

Selecting target for Mikazuki Augus

Mikazuki Augus: Dealt 1 damage to: Graze Custom and Zaku Ⅱ

Played base: Isaribi

Shield card added to hand

Battle initiated

Kiraya

Battle declared: Graze Custom against Char's Zaku Ⅱ

DekuGreen

No blockers available

Action step

DekuGreen

Passed

Kiraya

Passed

Battle started: Graze Custom against Char's Zaku Ⅱ

DekuGreen

Char's Zaku Ⅱ received 2 damage, now destroyed

Kiraya

Graze Custom received 3 damage, now destroyed

Battle ended

Battle initiated

Kiraya

Battle declared: Gundam Barbatos Adapt against Zaku Ⅱ

DekuGreen

No blockers available

Action step

DekuGreen

Passed

Kiraya

Passed

Battle started: Gundam Barbatos Adapt against Zaku Ⅱ

DekuGreen

Zaku Ⅱ received 4 damage, now destroyed

Kiraya

Gundam Barbatos Adapt received 2 damage, leaving 2 HP remaining

Battle ended

Turn end phase started

DekuGreen

Passed

Kiraya

Passed

Turn ended!

Turn 8 started!

DekuGreen

Gundam Barbatos 1st Form deployed

Linked pilot: Mikazuki Augus on unit Gundam Barbatos 1st Form

Selecting target for Mikazuki Augus

Mikazuki Augus: Dealt 1 damage to: Gundam Barbatos 1st Form and Gundam Barbatos Adapt

Battle initiated

DekuGreen

Battle declared: Gundam Barbatos 1st Form against Enemy Player

Gundam Barbatos 1st Form: Draw a card

Kiraya

No blockers available

Action step

Kiraya

Passed

DekuGreen

Passed

Battle started: Gundam Barbatos 1st Form against Isaribi

Kiraya

Isaribi received 5 damage, now destroyed

Battle ended

DekuGreen

Rezin's Geara Doga deployed

Turn end phase started

Kiraya

Passed

DekuGreen

Passed

Turn ended!

Turn 9 started!

Kiraya

Gundam Barbatos 1st Form deployed

Battle initiated

Kiraya

Battle declared: Gundam Barbatos Adapt against Gundam Barbatos 1st Form

DekuGreen

No blockers available

Action step

DekuGreen

Passed

Kiraya

Passed

Battle started: Gundam Barbatos Adapt against Gundam Barbatos 1st Form

DekuGreen

Gundam Barbatos 1st Form received 4 damage, now destroyed

Kiraya

Gundam Barbatos Adapt received 5 damage, now destroyed

Battle ended

Kiraya

Linked pilot: Mikazuki Augus on unit Gundam Barbatos 1st Form

Selecting target for Mikazuki Augus

Mikazuki Augus: Dealt 1 damage to: Gundam Barbatos 1st Form and Rezin's Geara Doga

Battle initiated

Kiraya

Battle declared: Gundam Barbatos 1st Form against Enemy Player

Gundam Barbatos 1st Form: Draw a card

DekuGreen

No blockers available

Action step

DekuGreen

Passed

Kiraya

Passed

Battle started: Gundam Barbatos 1st Form against EX Base

DekuGreen

EX Base received 5 damage, now destroyed

Battle ended

Kiraya

Gundam Barbatos 1st Form deployed

Turn end phase started

DekuGreen

Passed

Kiraya

Passed

Turn ended!

Turn 10 started!

DekuGreen

Char's Gelgoog deployed

Activated: Char's Gelgoog

Sazabi discarded

Selecting target for Char's Gelgoog

Linked pilot: Char Aznable on unit Char's Gelgoog

Played command: Turning Point of History

Selecting target for Turning Point of History

Turning Point of History: Draw a card

Battle initiated

DekuGreen

Battle declared: Char's Gelgoog against Enemy Player

Char Aznable: Modifier applied to: Char's Gelgoog

Kiraya

Can't block High-maneuver

Action step

Kiraya

Passed

DekuGreen

Passed

Battle started: Char's Gelgoog against Enemy Shield

Kiraya

Shield card: Gundam Exia Repair revealed and discarded

Battle ended

Battle initiated

DekuGreen

Battle declared: Rezin's Geara Doga against Enemy Player

Kiraya

No blockers available

Action step

Kiraya

Passed

DekuGreen

Passed

Battle started: Rezin's Geara Doga against Enemy Shield

Kiraya

Shield card: Become a Shield revealed and discarded

Battle ended

Turn end phase started

Kiraya

Passed

DekuGreen

Passed

Turn ended!

Turn 11 started!

Kiraya

Ryusei-Go (Graze Custom Ⅱ) deployed

Selecting target for Ryusei-Go (Graze Custom Ⅱ)

Ryusei-Go (Graze Custom Ⅱ): Dealt 1 damage to Gundam Barbatos 1st Form, leaving 1 HP remaining

Ryusei-Go (Graze Custom Ⅱ): Draw a card

Selecting target for Ryusei-Go (Graze Custom Ⅱ)

Graze Custom discarded

Battle initiated

Kiraya

Battle declared: Gundam Barbatos 1st Form against Char's Gelgoog

Gundam Barbatos 1st Form: Draw a card

DekuGreen

No blockers available

Action step

DekuGreen

Passed

Kiraya

Passed

Battle started: Gundam Barbatos 1st Form against Char's Gelgoog

DekuGreen

Char's Gelgoog received 5 damage, now destroyed

Kiraya

Gundam Barbatos 1st Form received 5 damage, now destroyed

Battle ended

Battle initiated

Kiraya

Battle declared: Gundam Barbatos 1st Form against Rezin's Geara Doga

Gundam Barbatos 1st Form: Draw a card

DekuGreen

No blockers available

Action step

DekuGreen

Passed

Kiraya

Passed

Battle started: Gundam Barbatos 1st Form against Rezin's Geara Doga

DekuGreen

Rezin's Geara Doga received 3 damage, now destroyed

Kiraya

Gundam Barbatos 1st Form received 3 damage, now destroyed

Battle ended

Kiraya

Shiden Custom (Ryusei-Go) deployed

Played command: Overflowing Affection

Overflowing Affection: Draw 2 cards

Selecting target for Overflowing Affection

Ryusei-Go (Graze Custom Ⅱ) discarded

Turn end phase started

DekuGreen

Passed

Kiraya

Passed

Turn ended!

Turn 12 started!

Turn end phase started

Kiraya

Passed

DekuGreen

Passed

Turn ended!

Turn 13 started!

Kiraya

Gundam Gusion Rebake deployed

No targets for Gundam Gusion Rebake

Gundam Barbatos 1st Form deployed

Linked pilot: Mikazuki Augus on unit Gundam Barbatos 1st Form

Battle initiated

Kiraya

Battle declared: Ryusei-Go (Graze Custom Ⅱ) against Enemy Player

DekuGreen

No blockers available

Action step

DekuGreen

Passed

Kiraya

Passed

Battle started: Ryusei-Go (Graze Custom Ⅱ) against Enemy Shield

DekuGreen

Shield card: Char's Gelgoog revealed and discarded

Battle ended

Battle initiated

Kiraya

Battle declared: Gundam Barbatos 1st Form against Enemy Player

DekuGreen

No blockers available

Action step

DekuGreen

Passed

Kiraya

Passed

Battle started: Gundam Barbatos 1st Form against Enemy Shield

DekuGreen

Shield card: Char's Zaku Ⅱ revealed and discarded

Battle ended

Battle initiated

Kiraya

Battle declared: Shiden Custom (Ryusei-Go) against Enemy Player

DekuGreen

No blockers available

Action step

DekuGreen

Passed

Kiraya

Passed

Battle started: Shiden Custom (Ryusei-Go) against Enemy Shield

DekuGreen

Shield card: Damage Control revealed

Shield card: Damage Control moved to trash

Selecting target for Damage Control

Damage Control: Modifier applied to: Gundam Gusion Rebake

Battle ended

Turn end phase started

DekuGreen

Passed

Kiraya

Passed

Turn ended!

Turn 14 started!

DekuGreen

Zeong deployed

Linked pilot: Char Aznable on unit Zeong

Selecting target for Char Aznable

Wire-Guided Arm deployed

Wire-Guided Arm deployed

Battle initiated

DekuGreen

Battle declared: Zeong against Shiden Custom (Ryusei-Go)

Kiraya

Assigned no blocker

Action step

Kiraya

Passed

DekuGreen

Passed

Battle started: Zeong against Shiden Custom (Ryusei-Go)

Kiraya

Shiden Custom (Ryusei-Go) received 6 damage, now destroyed

DekuGreen

Zeong received 4 damage, leaving 1 HP remaining

Battle ended

Turn end phase started

Kiraya

Passed

DekuGreen

Passed

Turn ended!

Turn 15 started!

Kiraya

Gundam Barbatos Lupus deployed

Activated: Gundam Barbatos Lupus

Graze Custom, Ryusei-Go (Graze Custom Ⅱ) and Shiden Custom (Ryusei-Go) exiled from the game

Selecting target for Gundam Barbatos Lupus

Gundam Barbatos Lupus: Dealt 2 damage to Zeong, now destroyed

DekuGreen

Zeong (Head) deployed

Kiraya

Activated: Gundam Barbatos Lupus

Gundam Barbatos Adapt, Gundam Barbatos 1st Form and Gundam Barbatos 1st Form exiled from the game

Selecting target for Gundam Barbatos Lupus

Gundam Barbatos Lupus: Dealt 2 damage to Wire-Guided Arm, now destroyed

Activated: Gundam Barbatos Lupus

Ryusei-Go (Graze Custom Ⅱ), Hyakuren and Graze Custom exiled from the game

Selecting target for Gundam Barbatos Lupus

Gundam Barbatos Lupus: Dealt 2 damage to Wire-Guided Arm, now destroyed

Battle initiated

Kiraya

Battle declared: Ryusei-Go (Graze Custom Ⅱ) against Zeong (Head)

DekuGreen

No blockers available

Action step

DekuGreen

Passed

Kiraya

Passed

Battle started: Ryusei-Go (Graze Custom Ⅱ) against Zeong (Head)

DekuGreen

Zeong (Head) received 2 damage, now destroyed

Kiraya

Ryusei-Go (Graze Custom Ⅱ) received 3 damage, now destroyed

Battle ended

Battle initiated

Kiraya

Battle declared: Gundam Barbatos 1st Form against Enemy Player

DekuGreen

No blockers available

Action step

DekuGreen

Passed

Kiraya

Passed

Battle started: Gundam Barbatos 1st Form against Enemy Shield

DekuGreen

Shield card: Zaku Ⅱ revealed and discarded

Battle ended

Kiraya

Played command: Overflowing Affection

Overflowing Affection: Draw 2 cards

Selecting target for Overflowing Affection

Ryusei-Go (Graze Custom Ⅱ) discarded

Turn end phase started

DekuGreen

Passed

Kiraya

Passed

Turn ended!

Turn 16 started!

DekuGreen

Zaku Ⅱ deployed

Char's Zaku Ⅱ deployed

Linked pilot: Char Aznable on unit Char's Zaku Ⅱ

Selecting target for Char Aznable

Battle initiated

DekuGreen

Battle declared: Char's Zaku Ⅱ against Enemy Player

Kiraya

Assigned Gundam Gusion Rebake to block

Action step

Kiraya

Passed

DekuGreen

Passed

Battle started: Char's Zaku Ⅱ against Gundam Gusion Rebake

Kiraya

Gundam Gusion Rebake received 5 damage, now destroyed

DekuGreen

Char's Zaku Ⅱ received 3 damage, leaving 1 HP remaining

Battle ended

Turn end phase started

Kiraya

Passed

DekuGreen

Passed

Turn ended!

Turn 17 started!

Kiraya

Gundam Barbatos Adapt deployed

Selecting target for Gundam Barbatos Adapt

Gundam Barbatos Adapt: Dealt 1 damage to: Gundam Barbatos Adapt and Char's Zaku Ⅱ

DekuGreen

Selecting target for Char's Zaku Ⅱ

Card added to hand: Zeong

Kiraya

Linked pilot: Mikazuki Augus on unit Gundam Barbatos Adapt

Selecting target for Mikazuki Augus

Mikazuki Augus: Dealt 1 damage to: Gundam Barbatos Adapt and Zaku Ⅱ

Played action: Become a Shield

Selecting target for Become a Shield

Become a Shield: Dealt 1 damage to: Gundam Barbatos 1st Form and Zaku Ⅱ

Battle initiated

Kiraya

Battle declared: Gundam Barbatos Adapt against Enemy Player

DekuGreen

No blockers available

Action step

DekuGreen

Passed

Kiraya

Passed

Battle started: Gundam Barbatos Adapt against Enemy Shield

DekuGreen

Shield card: Sazabi revealed and discarded

Battle ended

Battle initiated

Kiraya

Battle declared: Gundam Barbatos Lupus against Enemy Player

DekuGreen

No blockers available

Action step

DekuGreen

Passed

Kiraya

Passed

Battle started: Gundam Barbatos Lupus against Enemy Shield

DekuGreen

Shield card: Giant Killing revealed and discarded

Battle ended

Battle initiated

Kiraya

Battle declared: Gundam Barbatos 1st Form against Enemy Player

Gundam Barbatos 1st Form: Draw a card

DekuGreen

No blockers available

Action step

DekuGreen

Passed

Kiraya

Passed

Battle started: Gundam Barbatos 1st Form against Enemy Player

DekuGreen

No more shields available, game is over!

Kiraya

Winner!

Game ended!