Mobile Suit Arena - Battle logs
Game started!

Kiraya

Choose to play first

Choose to keep starting hand

MUSI

Choose to keep starting hand

Turn 1 started!

Turn end phase started

MUSI

Passed

Kiraya

Passed

Turn ended!

Turn 2 started!

Turn end phase started

Kiraya

Passed

MUSI

Passed

Turn ended!

Turn 3 started!

Kiraya

Graze Custom deployed

Graze Custom deployed

Turn end phase started

MUSI

Passed

Kiraya

Passed

Turn ended!

Turn 4 started!

MUSI

Gundam Lfrith deployed

Turn end phase started

Kiraya

Passed

MUSI

Passed

Turn ended!

Turn 5 started!

Kiraya

Played command: Overflowing Affection

Overflowing Affection: Draw 2 cards

Selecting target for Overflowing Affection

Ryusei-Go (Graze Custom Ⅱ) discarded

Replaced EX Base base: Isaribi

Shield card added to hand

Played action: Become a Shield

Selecting target for Become a Shield

Become a Shield: Dealt 1 damage to: Graze Custom and Gundam Lfrith

Activated: Isaribi

Rested base: Isaribi

Isaribi: Modifier applied to: Graze Custom

Battle initiated

Kiraya

Battle declared: Graze Custom against Enemy Player

MUSI

Assigned Gundam Lfrith to block

Action step

MUSI

Passed

Kiraya

Passed

Battle started: Graze Custom against Gundam Lfrith

MUSI

Gundam Lfrith received 4 damage, now destroyed

Kiraya

Graze Custom received 2 damage, now destroyed

Battle ended

Battle initiated

Kiraya

Battle declared: Graze Custom against Enemy Player

MUSI

No blockers available

Action step

MUSI

Passed

Kiraya

Passed

Battle started: Graze Custom against EX Base

MUSI

EX Base received 2 damage, leaving 1 HP remaining

Battle ended

Turn end phase started

MUSI

Passed

Kiraya

Passed

Turn ended!

Turn 6 started!

MUSI

Gundam Heavyarms (EW) deployed

Played command: A Healthy Curiosity

A Healthy Curiosity: Draw a card

Turn end phase started

Kiraya

Passed

MUSI

Passed

Turn ended!

Turn 7 started!

Battle initiated

Kiraya

Battle declared: Graze Custom against Enemy Player

MUSI

No blockers available

Action step

MUSI

Passed

Kiraya

Passed

Battle started: Graze Custom against EX Base

MUSI

EX Base received 2 damage, now destroyed

Battle ended

Kiraya

Gundam Barbatos 1st Form deployed

Ryusei-Go (Graze Custom Ⅱ) deployed

Selecting target for Ryusei-Go (Graze Custom Ⅱ)

Ryusei-Go (Graze Custom Ⅱ): Dealt 1 damage to Gundam Barbatos 1st Form, leaving 1 HP remaining

Ryusei-Go (Graze Custom Ⅱ): Draw a card

Selecting target for Ryusei-Go (Graze Custom Ⅱ)

Gundam Exia Repair discarded

Turn end phase started

MUSI

Passed

Kiraya

Passed

Turn ended!

Turn 8 started!

Battle initiated

MUSI

Battle declared: Gundam Heavyarms (EW) against Graze Custom

Kiraya

No blockers available

Action step

Kiraya

Passed

MUSI

Passed

Battle started: Gundam Heavyarms (EW) against Graze Custom

Kiraya

Graze Custom received 3 damage, now destroyed

MUSI

Gundam Heavyarms (EW) received 2 damage, leaving 1 HP remaining

Battle ended

Turn end phase started

Kiraya

Passed

MUSI

Passed

Turn ended!

Turn 9 started!

Kiraya

Gundam Flauros (Ryusei-Go) deployed

No targets for Gundam Flauros (Ryusei-Go)

Linked pilot: Mikazuki Augus on unit Gundam Flauros (Ryusei-Go)

Selecting target for Mikazuki Augus

Mikazuki Augus: Dealt 1 damage to: Ryusei-Go (Graze Custom Ⅱ) and Gundam Heavyarms (EW)

Battle initiated

Kiraya

Battle declared: Ryusei-Go (Graze Custom Ⅱ) against Enemy Player

MUSI

No blockers available

Action step

MUSI

Passed

Kiraya

Passed

Battle started: Ryusei-Go (Graze Custom Ⅱ) against Enemy Shield

MUSI

Shield card: Wing Gundam Zero (EW) revealed and discarded

Battle ended

Battle initiated

Kiraya

Battle declared: Gundam Barbatos 1st Form against Enemy Player

Gundam Barbatos 1st Form: Draw a card

MUSI

No blockers available

Action step

MUSI

Passed

Kiraya

Passed

Battle started: Gundam Barbatos 1st Form against Enemy Shield

MUSI

Shield card: Unforeseen Incident revealed

Shield card: Unforeseen Incident moved to trash

Selecting target for Unforeseen Incident

Unforeseen Incident: Modifier applied to: Gundam Flauros (Ryusei-Go)

Battle ended

Battle initiated

Kiraya

Battle declared: Gundam Flauros (Ryusei-Go) against Enemy Player

No targets for Gundam Flauros (Ryusei-Go)

MUSI

No blockers available

Action step

MUSI

Passed

Kiraya

Passed

Battle started: Gundam Flauros (Ryusei-Go) against Enemy Shield

MUSI

Shield card: Noin's Taurus revealed and discarded

Battle ended

Turn end phase started

MUSI

Passed

Kiraya

Passed

Turn ended!

Turn 10 started!

Kiraya

Winner!

Game ended!