Mobile Suit Arena - Battle logs
Game started!

Kiraya

Choose to play first

Choose to keep starting hand

SOfanyo

Choose to keep starting hand

Turn 1 started!

Turn end phase started

SOfanyo

Passed

Kiraya

Passed

Turn ended!

Turn 2 started!

Turn end phase started

Kiraya

Passed

SOfanyo

Passed

Turn ended!

Turn 3 started!

Kiraya

Graze Custom deployed

Graze Custom deployed

Turn end phase started

SOfanyo

Passed

Kiraya

Passed

Turn ended!

Turn 4 started!

SOfanyo

Gundam Lfrith deployed

Turn end phase started

Kiraya

Passed

SOfanyo

Passed

Turn ended!

Turn 5 started!

Kiraya

Gundam Barbatos 1st Form deployed

Gundam Exia Repair deployed

Turn end phase started

SOfanyo

Passed

Kiraya

Passed

Turn ended!

Turn 6 started!

SOfanyo

Gundam Barbatos 1st Form deployed

Linked pilot: Mikazuki Augus on unit Gundam Barbatos 1st Form

Selecting target for Mikazuki Augus

Mikazuki Augus: Dealt 1 damage to: Gundam Barbatos 1st Form and Gundam Exia Repair

Kiraya

Gundam Exia Repair milled 2: Hyakuren and Hyakuren moved to trash

Battle initiated

SOfanyo

Battle declared: Gundam Barbatos 1st Form against Enemy Player

Gundam Barbatos 1st Form: Draw a card

Kiraya

No blockers available

Action step

Kiraya

Passed

SOfanyo

Passed

Battle started: Gundam Barbatos 1st Form against EX Base

Kiraya

EX Base received 5 damage, now destroyed

Battle ended

Turn end phase started

Kiraya

Passed

SOfanyo

Passed

Turn ended!

Turn 7 started!

Kiraya

Gundam Barbatos Adapt deployed

Selecting target for Gundam Barbatos Adapt

Gundam Barbatos Adapt: Dealt 1 damage to: Gundam Barbatos Adapt and Gundam Barbatos 1st Form

Linked pilot: Mikazuki Augus on unit Gundam Barbatos 1st Form

Selecting target for Mikazuki Augus

Mikazuki Augus: Dealt 1 damage to: Gundam Barbatos 1st Form and Gundam Barbatos 1st Form

Played base: Isaribi

Shield card added to hand

Battle initiated

Kiraya

Battle declared: Gundam Barbatos 1st Form against Enemy Player

Gundam Barbatos 1st Form: Draw a card

SOfanyo

Assigned Gundam Lfrith to block

Action step

SOfanyo

Passed

Kiraya

Passed

Battle started: Gundam Barbatos 1st Form against Gundam Lfrith

SOfanyo

Gundam Lfrith received 5 damage, now destroyed

Kiraya

Gundam Barbatos 1st Form received 2 damage, now destroyed

Battle ended

Battle initiated

Kiraya

Battle declared: Graze Custom against Enemy Player

SOfanyo

No blockers available

Action step

SOfanyo

Passed

Kiraya

Passed

Battle started: Graze Custom against EX Base

SOfanyo

EX Base received 2 damage, leaving 1 HP remaining

Battle ended

Battle initiated

Kiraya

Battle declared: Graze Custom against Enemy Player

SOfanyo

No blockers available

Action step

SOfanyo

Passed

Kiraya

Passed

Battle started: Graze Custom against EX Base

SOfanyo

EX Base received 2 damage, now destroyed

Battle ended

Turn end phase started

SOfanyo

Passed

Kiraya

Passed

Turn ended!

Turn 8 started!

SOfanyo

Played base: Axis

Shield card added to hand

Turn end phase started

Kiraya

Passed

SOfanyo

Passed

Turn ended!

Turn 9 started!

Kiraya

Gundam Barbatos 1st Form deployed

Ryusei-Go (Graze Custom Ⅱ) deployed

Selecting target for Ryusei-Go (Graze Custom Ⅱ)

Ryusei-Go (Graze Custom Ⅱ): Dealt 1 damage to Gundam Barbatos 1st Form, leaving 1 HP remaining

Ryusei-Go (Graze Custom Ⅱ): Draw a card

Selecting target for Ryusei-Go (Graze Custom Ⅱ)

Gundam Barbatos Lupus discarded

Activated: Isaribi

Rested base: Isaribi

Isaribi: Modifier applied to: Gundam Barbatos Adapt

Battle initiated

Kiraya

Battle declared: Gundam Barbatos Adapt against Enemy Player

SOfanyo

No blockers available

Action step

SOfanyo

Passed

Kiraya

Passed

Battle started: Gundam Barbatos Adapt against Axis

SOfanyo

Axis received 4 damage, leaving 2 HP remaining

Battle ended

Battle initiated

Kiraya

Battle declared: Graze Custom against Enemy Player

SOfanyo

No blockers available

Action step

SOfanyo

Passed

Kiraya

Passed

Battle started: Graze Custom against Axis

SOfanyo

Axis received 2 damage, now destroyed

Battle ended

Battle initiated

Kiraya

Battle declared: Graze Custom against Enemy Player

SOfanyo

No blockers available

Action step

SOfanyo

Passed

Kiraya

Passed

Battle started: Graze Custom against Enemy Shield

SOfanyo

Shield card: Axis revealed

Played base: Axis

Shield card added to hand

Battle ended

Turn end phase started

SOfanyo

Passed

Kiraya

Passed

Turn ended!

Turn 10 started!

SOfanyo

Played command: Widespread Annihilation

Turn end phase started

Kiraya

Passed

SOfanyo

Passed

Turn ended!

Turn 11 started!

Kiraya

Gundam Barbatos 4th Form deployed

No targets for Gundam Barbatos 4th Form

Ryusei-Go (Graze Custom Ⅱ) deployed

Selecting target for Ryusei-Go (Graze Custom Ⅱ)

Ryusei-Go (Graze Custom Ⅱ): Dealt 1 damage to Gundam Barbatos 4th Form, leaving 4 HP remaining

Ryusei-Go (Graze Custom Ⅱ): Draw a card

Selecting target for Ryusei-Go (Graze Custom Ⅱ)

Become a Shield discarded

Turn end phase started

SOfanyo

Passed

Kiraya

Passed

Turn ended!

Turn 12 started!

SOfanyo

Played command: Striker Pack

Selecting target for Striker Pack

Launcher Strike Gundam deployed

Gundam Gusion Rebake deployed

Selecting target for Gundam Gusion Rebake

Gundam Gusion Rebake: Dealt 1 damage to: Launcher Strike Gundam and Gundam Barbatos 4th Form

Turn end phase started

Kiraya

Passed

SOfanyo

Passed

Turn ended!

Turn 13 started!

Kiraya

Gundam Barbatos Lupus deployed

Played command: Overflowing Affection

Overflowing Affection: Draw 2 cards

Selecting target for Overflowing Affection

Gundam Barbatos Lupus discarded

Activated: Gundam Barbatos Lupus

Graze Custom, Gundam Barbatos Adapt and Gundam Barbatos Lupus exiled from the game

Selecting target for Gundam Barbatos Lupus

Gundam Barbatos Lupus: Dealt 2 damage to Gundam Gusion Rebake, leaving 3 HP remaining

Activated: Gundam Barbatos Lupus

Graze Custom, Gundam Barbatos 1st Form and Ryusei-Go (Graze Custom Ⅱ) exiled from the game

Selecting target for Gundam Barbatos Lupus

Gundam Barbatos Lupus: Dealt 2 damage to Gundam Gusion Rebake, leaving 1 HP remaining

Activated: Gundam Barbatos Lupus

Hyakuren, Hyakuren and Gundam Barbatos Lupus exiled from the game

Selecting target for Gundam Barbatos Lupus

Gundam Barbatos Lupus: Dealt 2 damage to Gundam Gusion Rebake, now destroyed

Activated: Isaribi

Rested base: Isaribi

Isaribi: Modifier applied to: Gundam Barbatos 4th Form

Battle initiated

Kiraya

Battle declared: Gundam Barbatos 4th Form against Enemy Player

SOfanyo

Assigned Launcher Strike Gundam to block

Action step

SOfanyo

Passed

Kiraya

Passed

Battle started: Gundam Barbatos 4th Form against Launcher Strike Gundam

SOfanyo

Launcher Strike Gundam received 6 damage, now destroyed

Kiraya

Gundam Barbatos 4th Form received 2 damage, leaving 1 HP remaining

Battle ended

Battle initiated

Kiraya

Battle declared: Ryusei-Go (Graze Custom Ⅱ) against Enemy Player

SOfanyo

No blockers available

Action step

SOfanyo

Passed

Kiraya

Passed

Battle started: Ryusei-Go (Graze Custom Ⅱ) against Axis

SOfanyo

Axis received 2 damage, leaving 4 HP remaining

Battle ended

Turn end phase started

SOfanyo

Passed

Kiraya

Passed

Turn ended!

Turn 14 started!

SOfanyo

Justice Gundam deployed

Fatum-00 deployed

Gundam Barbatos 1st Form deployed

Turn end phase started

Kiraya

Passed

SOfanyo

Passed

Turn ended!

Turn 15 started!

Kiraya

Gundam Gusion Rebake deployed

Selecting target for Gundam Gusion Rebake

Gundam Gusion Rebake: Dealt 1 damage to: Gundam Gusion Rebake and Fatum-00

Played action: Become a Shield

Selecting target for Become a Shield

Become a Shield: Dealt 1 damage to: Gundam Barbatos Lupus and Fatum-00

Activated: Isaribi

Rested base: Isaribi

Isaribi: Modifier applied to: Gundam Barbatos 4th Form

Battle initiated

Kiraya

Battle declared: Gundam Barbatos 4th Form against Enemy Player

SOfanyo

No blockers available

Action step

SOfanyo

Passed

Kiraya

Passed

Battle started: Gundam Barbatos 4th Form against Axis

SOfanyo

Axis received 6 damage, now destroyed

Battle ended

Battle initiated

Kiraya

Battle declared: Ryusei-Go (Graze Custom Ⅱ) against Enemy Player

SOfanyo

No blockers available

Action step

SOfanyo

Passed

Kiraya

Passed

Battle started: Ryusei-Go (Graze Custom Ⅱ) against Enemy Shield

SOfanyo

Shield card: Gundam Barbatos Adapt revealed and discarded

Battle ended

Turn end phase started

SOfanyo

Passed

Kiraya

Passed

Turn ended!

Turn 16 started!

Battle initiated

SOfanyo

Battle declared: Justice Gundam against Gundam Barbatos 4th Form

Kiraya

Assigned Gundam Gusion Rebake to block

Action step

Kiraya

Passed

SOfanyo

Passed

Battle started: Justice Gundam against Gundam Gusion Rebake

Kiraya

Gundam Gusion Rebake received 5 damage, now destroyed

SOfanyo

Justice Gundam received 3 damage, leaving 2 HP remaining

Battle ended

Battle initiated

SOfanyo

Battle declared: Gundam Barbatos 1st Form against Gundam Barbatos 4th Form

Kiraya

No blockers available

Action step

Kiraya

Passed

SOfanyo

Passed

Battle started: Gundam Barbatos 1st Form against Gundam Barbatos 4th Form

Kiraya

Gundam Barbatos 4th Form received 3 damage, now destroyed

SOfanyo

Gundam Barbatos 1st Form received 4 damage, now destroyed

Battle ended

SOfanyo

Sazabi deployed

Linked pilot: Char Aznable on unit Sazabi

Selecting target for Char Aznable

Played base: Axis

Shield card added to hand

Battle initiated

SOfanyo

Battle declared: Sazabi against Ryusei-Go (Graze Custom Ⅱ)

Selecting target for Sazabi

Kiraya

Selecting target for Sazabi

No blockers available

Action step

Kiraya

Passed

SOfanyo

Passed

Battle started: Sazabi against Ryusei-Go (Graze Custom Ⅱ)

Kiraya

Ryusei-Go (Graze Custom Ⅱ) received 7 damage, now destroyed

SOfanyo

Sazabi received 2 damage, leaving 5 HP remaining

Battle ended

SOfanyo

Rick Dias deployed

Turn end phase started

Kiraya

Passed

SOfanyo

Passed

Turn ended!

Turn 17 started!

Kiraya

Replaced Isaribi base: Isaribi

Shield card added to hand

Hyakuren deployed

Turn end phase started

SOfanyo

Passed

Kiraya

Passed

Turn ended!

Turn 18 started!

SOfanyo

Played command: Overflowing Affection

Overflowing Affection: Draw 2 cards

Selecting target for Overflowing Affection

Axis discarded

Played command: Overflowing Affection

Overflowing Affection: Draw 2 cards

Selecting target for Overflowing Affection

Gundam Barbatos Adapt discarded

Battle initiated

SOfanyo

Battle declared: Sazabi against Enemy Player

Selecting target for Sazabi

Kiraya

Selecting target for Sazabi

No blockers available

Action step

Kiraya

Passed

SOfanyo

Passed

Battle started: Sazabi against Isaribi

Kiraya

Isaribi received 7 damage, now destroyed

Battle ended

SOfanyo

Gundam Barbatos 1st Form deployed

Rick Dias deployed

Paired pilot: Char Aznable on unit Gundam Barbatos 1st Form

Turn end phase started

Kiraya

Passed

SOfanyo

Passed

Turn ended!

Turn 19 started!

Kiraya

Gundam Barbatos 1st Form deployed

Linked pilot: Mikazuki Augus on unit Gundam Barbatos 1st Form

Selecting target for Mikazuki Augus

Mikazuki Augus: Dealt 1 damage to: Gundam Barbatos 1st Form and Sazabi

Battle initiated

Kiraya

Battle declared: Gundam Barbatos 1st Form against Sazabi

Gundam Barbatos 1st Form: Draw a card

SOfanyo

Assigned Rick Dias to block

Action step

SOfanyo

Passed

Kiraya

Passed

Battle started: Gundam Barbatos 1st Form against Rick Dias

SOfanyo

Rick Dias received 5 damage, now destroyed

Kiraya

Gundam Barbatos 1st Form received 3 damage, now destroyed

Battle ended

Kiraya

Gundam Exia Repair deployed

Turn end phase started

SOfanyo

Passed

Kiraya

Passed

Turn ended!

Turn 20 started!

SOfanyo

Gundam Barbatos Adapt deployed

Selecting target for Gundam Barbatos Adapt

Gundam Barbatos Adapt: Dealt 1 damage to: Gundam Barbatos 1st Form and Gundam Exia Repair

Kiraya

Gundam Exia Repair milled 2: Gundam Barbatos 1st Form and Gundam Flauros (Ryusei-Go) moved to trash

Battle initiated

SOfanyo

Battle declared: Gundam Barbatos 1st Form against Enemy Player

Gundam Barbatos 1st Form: Draw a card

Kiraya

No blockers available

Action step

Kiraya

Passed

SOfanyo

Passed

Battle started: Gundam Barbatos 1st Form against Enemy Shield

Kiraya

Shield card: Graze Custom revealed and discarded

Battle ended

Battle initiated

SOfanyo

Battle declared: Sazabi against Enemy Player

Selecting target for Sazabi

Kiraya

No blockers available

Action step

Kiraya

Passed

SOfanyo

Passed

Battle started: Sazabi against Enemy Shield

Kiraya

Shield cards: Gundam Exia Repair and Gundam Barbatos Adapt revealed and discarded

Battle ended

SOfanyo

Justice Gundam deployed

Fatum-00 deployed

Turn end phase started

Kiraya

Passed

SOfanyo

Passed

Turn ended!

Turn 21 started!

Kiraya

Ryusei-Go (Graze Custom Ⅱ) deployed

Selecting target for Ryusei-Go (Graze Custom Ⅱ)

Ryusei-Go (Graze Custom Ⅱ): Dealt 1 damage to Ryusei-Go (Graze Custom Ⅱ), leaving 1 HP remaining

Ryusei-Go (Graze Custom Ⅱ): Draw a card

Selecting target for Ryusei-Go (Graze Custom Ⅱ)

Ryusei-Go (Graze Custom Ⅱ) discarded

Turn end phase started

SOfanyo

Passed

Kiraya

Passed

Turn ended!

Turn 22 started!

Battle initiated

SOfanyo

Battle declared: Sazabi against Enemy Player

Selecting target for Sazabi

Kiraya

No blockers available

Action step

Kiraya

Passed

SOfanyo

Passed

Battle started: Sazabi against Enemy Shield

Kiraya

Shield card: Mikazuki Augus revealed

Shield card added to hand: Mikazuki Augus

Battle ended

Battle initiated

SOfanyo

Battle declared: Gundam Barbatos 1st Form against Enemy Player

Gundam Barbatos 1st Form: Draw a card

Kiraya

No blockers available

Action step

Kiraya

Passed

SOfanyo

Passed

Battle started: Gundam Barbatos 1st Form against Enemy Player

Kiraya

No more shields available, game is over!

SOfanyo

Winner!

Game ended!