Mobile Suit Arena - Battle logs
Game started!

Kiraya

Choose to play first

Choose to mulligan starting hand

seven

Choose to keep starting hand

Turn 1 started!

Turn end phase started

seven

Passed

Kiraya

Passed

Turn ended!

Turn 2 started!

Turn end phase started

Kiraya

Passed

seven

Passed

Turn ended!

Turn 3 started!

Kiraya

Played command: Overflowing Affection

Overflowing Affection: Draw 2 cards

Selecting target for Overflowing Affection

Isaribi discarded

Turn end phase started

seven

Passed

Kiraya

Passed

Turn ended!

Turn 4 started!

seven

Played command: Overflowing Affection

Overflowing Affection: Draw 2 cards

Selecting target for Overflowing Affection

Unforeseen Incident discarded

Turn end phase started

Kiraya

Passed

seven

Passed

Turn ended!

Turn 5 started!

Kiraya

Ryusei-Go (Graze Custom Ⅱ) deployed

Selecting target for Ryusei-Go (Graze Custom Ⅱ)

Ryusei-Go (Graze Custom Ⅱ): Dealt 1 damage to Ryusei-Go (Graze Custom Ⅱ), leaving 1 HP remaining

Ryusei-Go (Graze Custom Ⅱ): Draw a card

Selecting target for Ryusei-Go (Graze Custom Ⅱ)

Become a Shield discarded

Replaced EX Base base: Isaribi

Shield card added to hand

Activated: Isaribi

Rested base: Isaribi

Isaribi: Modifier applied to: Ryusei-Go (Graze Custom Ⅱ)

Turn end phase started

seven

Passed

Kiraya

Passed

Turn ended!

Turn 6 started!

seven

Played command: Striker Pack

Selecting target for Striker Pack

Launcher Strike Gundam deployed

Turn end phase started

Kiraya

Passed

seven

Passed

Turn ended!

Turn 7 started!

Kiraya

Activated: Isaribi

Rested base: Isaribi

Isaribi: Modifier applied to: Ryusei-Go (Graze Custom Ⅱ)

Battle initiated

Kiraya

Battle declared: Ryusei-Go (Graze Custom Ⅱ) against Enemy Player

seven

Assigned no blocker

Action step

seven

Passed

Kiraya

Passed

Battle started: Ryusei-Go (Graze Custom Ⅱ) against EX Base

seven

EX Base received 4 damage, now destroyed

Battle ended

Kiraya

Shiden Custom (Ryusei-Go) deployed

Graze Custom deployed

Turn end phase started

seven

Passed

Kiraya

Passed

Turn ended!

Turn 8 started!

seven

Sword Strike Gundam deployed

Turn end phase started

Kiraya

Passed

seven

Passed

Turn ended!

Turn 9 started!

Kiraya

Gundam Gusion Rebake deployed

Selecting target for Gundam Gusion Rebake

Gundam Gusion Rebake: Dealt 1 damage to: Graze Custom and Sword Strike Gundam

Activated: Isaribi

Rested base: Isaribi

Isaribi: Modifier applied to: Ryusei-Go (Graze Custom Ⅱ)

Battle initiated

Kiraya

Battle declared: Ryusei-Go (Graze Custom Ⅱ) against Enemy Player

seven

Assigned no blocker

Action step

seven

Played action: Graceful Demeanor

Kiraya

Ryusei-Go (Graze Custom Ⅱ) and Graze Custom returned to hand

Passed

seven

Passed

Battle ended

Kiraya

Graze Custom deployed

Turn end phase started

seven

Passed

Kiraya

Passed

Turn ended!

Turn 10 started!

seven

Played command: Overflowing Affection

Overflowing Affection: Draw 2 cards

Selecting target for Overflowing Affection

Flat (Militia) discarded

Silver Bullet deployed

Battle initiated

seven

Battle declared: Sword Strike Gundam against Enemy Player

Kiraya

Assigned no blocker

Action step

Kiraya

Passed

seven

Passed

Battle started: Sword Strike Gundam against Isaribi

Kiraya

Isaribi received 4 damage, leaving 1 HP remaining

Battle ended

Turn end phase started

Kiraya

Passed

seven

Passed

Turn ended!

Turn 11 started!

Kiraya

Gundam Barbatos Adapt deployed

Selecting target for Gundam Barbatos Adapt

Gundam Barbatos Adapt: Dealt 1 damage to: Graze Custom and Sword Strike Gundam

Linked pilot: Mikazuki Augus on unit Gundam Barbatos Adapt

Selecting target for Mikazuki Augus

Mikazuki Augus: Dealt 1 damage to: Gundam Gusion Rebake and Sword Strike Gundam

Activated: Isaribi

Rested base: Isaribi

Isaribi: Modifier applied to: Graze Custom

Battle initiated

Kiraya

Battle declared: Graze Custom against Enemy Player

seven

Assigned Launcher Strike Gundam to block

Action step

seven

Passed

Kiraya

Passed

Battle started: Graze Custom against Launcher Strike Gundam

seven

Launcher Strike Gundam received 4 damage, now destroyed

Kiraya

Graze Custom received 2 damage, now destroyed

Battle ended

Battle initiated

Kiraya

Battle declared: Gundam Barbatos Adapt against Enemy Player

seven

Assigned no blocker

Action step

seven

Passed

Kiraya

Passed

Battle started: Gundam Barbatos Adapt against Enemy Shield

seven

Shield card: Kira Yamato revealed

Shield card added to hand: Kira Yamato

Battle ended

Battle initiated

Kiraya

Battle declared: Shiden Custom (Ryusei-Go) against Enemy Player

seven

Assigned no blocker

Action step

seven

Passed

Kiraya

Passed

Battle started: Shiden Custom (Ryusei-Go) against Enemy Shield

seven

Shield card: Wing Gundam revealed and discarded

Battle ended

Kiraya

Replaced Isaribi base: Isaribi

Shield card added to hand

Activated: Isaribi

Rested base: Isaribi

Isaribi: Modifier applied to: Gundam Gusion Rebake

Battle initiated

Kiraya

Battle declared: Gundam Gusion Rebake against Enemy Player

seven

Assigned no blocker

Action step

seven

Passed

Kiraya

Passed

Battle started: Gundam Gusion Rebake against Enemy Shield

seven

Shield card: Wing Gundam revealed and discarded

Battle ended

Kiraya

Hyakuren deployed

Turn end phase started

seven

Passed

Kiraya

Passed

Turn ended!

Turn 12 started!

seven

Played base: Peacemillion

Shield card added to hand

Wing Gundam deployed

Linked pilot: Heero Yuy on unit Wing Gundam

Battle initiated

seven

Battle declared: Wing Gundam against Gundam Barbatos Adapt

Kiraya

No blockers available

Action step

Kiraya

Passed

seven

Passed

Battle started: Wing Gundam against Gundam Barbatos Adapt

Kiraya

Gundam Barbatos Adapt received 7 damage, now destroyed

seven

Wing Gundam received 4 damage, leaving 3 HP remaining

Kiraya

Breach 5: : Isaribi received 5 damage, now destroyed

seven

Selecting target for Peacemillion

Healed 2 damage to: Wing Gundam

Battle ended

Turn end phase started

Kiraya

Passed

seven

Passed

Turn ended!

Turn 13 started!

Kiraya

Gundam Barbatos Adapt deployed

Selecting target for Gundam Barbatos Adapt

Gundam Barbatos Adapt: Dealt 1 damage to: Shiden Custom (Ryusei-Go) and Wing Gundam

Battle initiated

Kiraya

Battle declared: Shiden Custom (Ryusei-Go) against Wing Gundam

seven

Assigned no blocker

Action step

seven

Passed

Kiraya

Passed

Battle started: Shiden Custom (Ryusei-Go) against Wing Gundam

seven

Wing Gundam received 4 damage, now destroyed

Kiraya

Shiden Custom (Ryusei-Go) received 7 damage, now destroyed

Battle ended

Kiraya

Gundam Gusion Rebake deployed

Selecting target for Gundam Gusion Rebake

Gundam Gusion Rebake: Dealt 1 damage to: Gundam Gusion Rebake and Silver Bullet (reduced by 3)

Gundam Exia Repair deployed

Battle initiated

Kiraya

Battle declared: Hyakuren against Enemy Player

seven

Assigned no blocker

Action step

seven

Passed

Kiraya

Passed

Battle started: Hyakuren against Peacemillion

seven

Peacemillion received 4 damage, leaving 2 HP remaining

Battle ended

Turn end phase started

seven

Passed

Kiraya

Passed

Turn ended!

Turn 14 started!

seven

Paired pilot: Kira Yamato on unit Silver Bullet

Battle initiated

seven

Battle declared: Silver Bullet against Hyakuren

Selecting target for Kira Yamato

Kira Yamato: Modifier applied to: Hyakuren

Kiraya

Assigned no blocker

Action step

Kiraya

Passed

seven

Passed

Battle started: Silver Bullet against Hyakuren

Kiraya

Hyakuren received 6 damage, now destroyed

seven

Silver Bullet received 2 damage, leaving 3 HP remaining

Battle ended

Turn end phase started

Kiraya

Passed

seven

Passed

Turn ended!

Turn 15 started!

Kiraya

Gundam Barbatos Lupus deployed

Activated: Gundam Barbatos Lupus

Gundam Barbatos Adapt, Shiden Custom (Ryusei-Go) and Hyakuren exiled from the game

Selecting target for Gundam Barbatos Lupus

Gundam Barbatos Lupus: Dealt 2 damage to Silver Bullet, reduced by 3, leaving 3 HP remaining

Battle initiated

Kiraya

Battle declared: Gundam Gusion Rebake against Silver Bullet

seven

No blockers available

Action step

seven

Passed

Kiraya

Passed

Battle started: Gundam Gusion Rebake against Silver Bullet

seven

Silver Bullet received 3 damage, now destroyed

Kiraya

Gundam Gusion Rebake received 6 damage, now destroyed

Battle ended

Kiraya

Ryusei-Go (Graze Custom Ⅱ) deployed

Selecting target for Ryusei-Go (Graze Custom Ⅱ)

Ryusei-Go (Graze Custom Ⅱ): Dealt 1 damage to Gundam Barbatos Adapt, leaving 3 HP remaining

Ryusei-Go (Graze Custom Ⅱ): Draw a card

Selecting target for Ryusei-Go (Graze Custom Ⅱ)

Ryusei-Go (Graze Custom Ⅱ) discarded

Battle initiated

Kiraya

Battle declared: Gundam Exia Repair against Enemy Player

seven

No blockers available

Action step

seven

Passed

Kiraya

Passed

Battle started: Gundam Exia Repair against Peacemillion

seven

Peacemillion received 2 damage, now destroyed

Battle ended

Battle initiated

Kiraya

Battle declared: Gundam Barbatos Adapt against Enemy Player

seven

No blockers available

Action step

seven

Passed

Kiraya

Passed

Battle started: Gundam Barbatos Adapt against Enemy Shield

seven

Shield card: Wing Gundam Zero revealed and discarded

Battle ended

Turn end phase started

seven

Passed

Kiraya

Passed

Turn ended!

Turn 16 started!

seven

Wing Gundam Zero deployed

Dealt 3 damage to: Gundam Barbatos Adapt, Gundam Gusion Rebake, Gundam Exia Repair and Ryusei-Go (Graze Custom Ⅱ)

Kiraya

Gundam Exia Repair milled 2: Overflowing Affection and Ryusei-Go (Graze Custom Ⅱ) moved to trash

Turn end phase started

Kiraya

Passed

seven

Passed

Turn ended!

Turn 17 started!

Kiraya

Winner!

Game ended!