Mobile Suit Arena - Battle logs
Game started!

Jandw

Choose to play second

Kiraya

Choose to keep starting hand

Jandw

Choose to keep starting hand

Turn 1 started!

Turn end phase started

Jandw

Passed

Kiraya

Passed

Turn ended!

Turn 2 started!

Turn end phase started

Kiraya

Passed

Jandw

Passed

Turn ended!

Turn 3 started!

Kiraya

Graze Custom deployed

Gundam Exia Repair deployed

Turn end phase started

Jandw

Passed

Kiraya

Passed

Turn ended!

Turn 4 started!

Jandw

Replaced EX Base base: Ra Cailum

Shield card added to hand

Turn end phase started

Kiraya

Passed

Jandw

Passed

Turn ended!

Turn 5 started!

Kiraya

Replaced EX Base base: Isaribi

Shield card added to hand

Ryusei-Go (Graze Custom Ⅱ) deployed

Selecting target for Ryusei-Go (Graze Custom Ⅱ)

Ryusei-Go (Graze Custom Ⅱ): Dealt 1 damage to Graze Custom, leaving 1 HP remaining

Ryusei-Go (Graze Custom Ⅱ): Draw a card

Selecting target for Ryusei-Go (Graze Custom Ⅱ)

Become a Shield discarded

Activated: Isaribi

Rested base: Isaribi

Isaribi: Modifier applied to: Graze Custom

Battle initiated

Kiraya

Battle declared: Graze Custom against Enemy Player

Jandw

No blockers available

Action step

Jandw

Passed

Kiraya

Passed

Battle started: Graze Custom against Ra Cailum

Jandw

Ra Cailum received 4 damage, leaving 1 HP remaining

Battle ended

Battle initiated

Kiraya

Battle declared: Gundam Exia Repair against Enemy Player

Jandw

No blockers available

Action step

Jandw

Passed

Kiraya

Passed

Battle started: Gundam Exia Repair against Ra Cailum

Jandw

Ra Cailum received 2 damage, now destroyed

Battle ended

Turn end phase started

Jandw

Passed

Kiraya

Passed

Turn ended!

Turn 6 started!

Jandw

Gundam deployed

Linked pilot: Amuro Ray on unit Gundam

Selecting target for Amuro Ray

Rested unit: Ryusei-Go (Graze Custom Ⅱ)

Battle initiated

Jandw

Battle declared: Gundam against Graze Custom

Kiraya

No blockers available

Action step

Kiraya

Passed

Jandw

Passed

Battle started: Gundam against Graze Custom

Kiraya

Graze Custom received 6 damage, now destroyed

Jandw

Gundam received 2 damage, leaving 3 HP remaining

Battle ended

Turn end phase started

Kiraya

Passed

Jandw

Passed

Gundam repaired 2 from [Repair 2]

Turn ended!

Turn 7 started!

Kiraya

Graze Custom deployed

Gundam Barbatos Adapt deployed

Selecting target for Gundam Barbatos Adapt

Gundam Barbatos Adapt: Dealt 1 damage to: Ryusei-Go (Graze Custom Ⅱ) and Gundam

Activated: Isaribi

Rested base: Isaribi

Isaribi: Modifier applied to: Ryusei-Go (Graze Custom Ⅱ)

Battle initiated

Kiraya

Battle declared: Ryusei-Go (Graze Custom Ⅱ) against Gundam

Jandw

No blockers available

Action step

Jandw

Passed

Kiraya

Passed

Battle started: Ryusei-Go (Graze Custom Ⅱ) against Gundam

Jandw

Gundam received 4 damage, now destroyed

Kiraya

Ryusei-Go (Graze Custom Ⅱ) received 5 damage, now destroyed

Battle ended

Battle initiated

Kiraya

Battle declared: Gundam Exia Repair against Enemy Player

Jandw

No blockers available

Action step

Jandw

Passed

Kiraya

Passed

Battle started: Gundam Exia Repair against Enemy Shield

Jandw

Shield card: Gundam NT-1 revealed and discarded

Battle ended

Turn end phase started

Jandw

Passed

Kiraya

Passed

Turn ended!

Turn 8 started!

Jandw

Re-GZ BWS deployed

Placed 1 Resource EX

Jegan deployed

Turn end phase started

Kiraya

Passed

Jandw

Passed

Turn ended!

Turn 9 started!

Kiraya

Gundam Flauros (Ryusei-Go) deployed

Selecting target for Gundam Flauros (Ryusei-Go)

Battle initiated

Kiraya

Battle declared: Gundam Exia Repair against Enemy Player

Jandw

No blockers available

Action step

Jandw

Passed

Kiraya

Passed

Battle started: Gundam Exia Repair against Enemy Shield

Jandw

Shield card: Re-GZ revealed and discarded

Battle ended

Battle initiated

Kiraya

Battle declared: Graze Custom against Enemy Player

Jandw

No blockers available

Action step

Jandw

Passed

Kiraya

Passed

Battle started: Graze Custom against Enemy Shield

Jandw

Shield card: Jegan revealed and discarded

Battle ended

Battle initiated

Kiraya

Battle declared: Gundam Barbatos Adapt against Enemy Player

Jandw

No blockers available

Action step

Jandw

Passed

Kiraya

Passed

Battle started: Gundam Barbatos Adapt against Enemy Shield

Jandw

Shield card: A Show of Resolve revealed and discarded

Battle ended

Turn end phase started

Jandw

Passed

Kiraya

Passed

Turn ended!

Turn 10 started!

Jandw

Played command: Encounter

Selecting target for Encounter

Card added to hand: Kayra Su

Kayra's Re-GZ deployed

Selecting target for Kayra's Re-GZ

Linked pilot: Kayra Su on unit Kayra's Re-GZ

Battle initiated

Jandw

Battle declared: Kayra's Re-GZ against Gundam Barbatos Adapt

Kiraya

No blockers available

Action step

Kiraya

Passed

Jandw

Passed

Battle started: Kayra's Re-GZ against Gundam Barbatos Adapt

Kiraya

Gundam Barbatos Adapt received 4 damage, now destroyed

Jandw

Kayra's Re-GZ received 2 damage, leaving 2 HP remaining

Battle ended

Battle initiated

Jandw

Battle declared: Re-GZ BWS against Gundam Exia Repair

Kiraya

No blockers available

Action step

Kiraya

Passed

Jandw

Passed

Battle started: Re-GZ BWS against Gundam Exia Repair

Kiraya

Gundam Exia Repair received 2 damage, now destroyed

Jandw

Re-GZ BWS received 2 damage, now destroyed

Kiraya

Gundam Exia Repair milled 2: Mikazuki Augus and Gundam Barbatos Lupus moved to trash

Battle ended

Turn end phase started

Kiraya

Passed

Jandw

Passed

Turn ended!

Turn 11 started!

Battle initiated

Kiraya

Battle declared: Graze Custom against Kayra's Re-GZ

Jandw

No blockers available

Action step

Jandw

Passed

Kiraya

Passed

Battle started: Graze Custom against Kayra's Re-GZ

Jandw

Kayra's Re-GZ received 2 damage, now destroyed

Kiraya

Graze Custom received 4 damage, now destroyed

Battle ended

Battle initiated

Kiraya

Battle declared: Gundam Flauros (Ryusei-Go) against Enemy Player

No targets for Gundam Flauros (Ryusei-Go)

Jandw

No blockers available

Action step

Jandw

Passed

Kiraya

Passed

Battle started: Gundam Flauros (Ryusei-Go) against Enemy Shield

Jandw

Shield card: Re-GZ revealed and discarded

Battle ended

Kiraya

Gundam Gusion Rebake deployed

No targets for Gundam Gusion Rebake

Turn end phase started

Jandw

Passed

Kiraya

Passed

Turn ended!

Turn 12 started!

Jandw

Played command: A Show of Resolve

A Show of Resolve: Draw 2 cards

Kiraya

Winner!

Game ended!