Mobile Suit Arena - Battle logs
Game started!

CVille

Choose to play second

Choose to mulligan starting hand

Kiraya

Choose to mulligan starting hand

Turn 1 started!

Turn end phase started

CVille

Passed

Kiraya

Passed

Turn ended!

Turn 2 started!

Turn end phase started

Kiraya

Passed

CVille

Passed

Turn ended!

Turn 3 started!

Kiraya

Played command: Overflowing Affection

Overflowing Affection: Draw 2 cards

Selecting target for Overflowing Affection

Isaribi discarded

Played command: Overflowing Affection

Overflowing Affection: Draw 2 cards

Selecting target for Overflowing Affection

Ryusei-Go (Graze Custom Ⅱ) discarded

Turn end phase started

CVille

Passed

Kiraya

Passed

Turn ended!

Turn 4 started!

Turn end phase started

Kiraya

Passed

CVille

Passed

Turn ended!

Turn 5 started!

Kiraya

Hyakuren deployed

Gundam Exia Repair deployed

Turn end phase started

CVille

Passed

Kiraya

Passed

Turn ended!

Turn 6 started!

CVille

Gundam Lfrith deployed

Turn end phase started

Kiraya

Passed

CVille

Passed

Turn ended!

Turn 7 started!

Kiraya

Replaced EX Base base: Isaribi

Shield card added to hand

Battle initiated

Kiraya

Battle declared: Hyakuren against Enemy Player

CVille

Assigned no blocker

Action step

CVille

Passed

Kiraya

Passed

Battle started: Hyakuren against EX Base

CVille

EX Base received 4 damage, now destroyed

Battle ended

Kiraya

Gundam Barbatos 1st Form deployed

Battle initiated

Kiraya

Battle declared: Gundam Exia Repair against Enemy Player

CVille

Assigned no blocker

Action step

CVille

Passed

Kiraya

Passed

Battle started: Gundam Exia Repair against Enemy Shield

CVille

Shield card: Kira Yamato revealed

Shield card added to hand: Kira Yamato

Battle ended

Kiraya

Gundam Exia Repair deployed

Turn end phase started

CVille

Passed

Kiraya

Passed

Turn ended!

Turn 8 started!

CVille

Aile Strike Gundam deployed

Linked pilot: Kira Yamato on unit Aile Strike Gundam

Selecting target for Aile Strike Gundam

Kiraya

Gundam Barbatos 1st Form returned to hand

Battle initiated

CVille

Battle declared: Aile Strike Gundam against Hyakuren

Selecting target for Kira Yamato

Kira Yamato: Modifier applied to: Hyakuren

Kiraya

No blockers available

Action step

Kiraya

Passed

CVille

Passed

Battle started: Aile Strike Gundam against Hyakuren

Kiraya

Hyakuren received 6 damage, now destroyed

CVille

Aile Strike Gundam received 2 damage, leaving 3 HP remaining

Battle ended

Turn end phase started

Kiraya

Passed

CVille

Passed

Turn ended!

Turn 9 started!

Kiraya

Gundam Barbatos 1st Form deployed

Linked pilot: Mikazuki Augus on unit Gundam Barbatos 1st Form

Selecting target for Mikazuki Augus

Mikazuki Augus: Dealt 1 damage to: Gundam Barbatos 1st Form and Aile Strike Gundam

Battle initiated

Kiraya

Battle declared: Gundam Exia Repair against Aile Strike Gundam

CVille

Assigned no blocker

Action step

CVille

Passed

Kiraya

Passed

Battle started: Gundam Exia Repair against Aile Strike Gundam

CVille

Aile Strike Gundam received 2 damage, now destroyed

Kiraya

Gundam Exia Repair received 6 damage, now destroyed

Gundam Exia Repair milled 2: Gundam Barbatos 1st Form and Gundam Barbatos 4th Form moved to trash

Battle ended

Battle initiated

Kiraya

Battle declared: Gundam Exia Repair against Enemy Player

CVille

Assigned no blocker

Action step

CVille

Passed

Kiraya

Passed

Battle started: Gundam Exia Repair against Enemy Shield

CVille

Shield card: Striker Pack revealed

Aile Strike Gundam deployed

Shield card: Striker Pack moved to trash

Battle ended

Battle initiated

Kiraya

Battle declared: Gundam Barbatos 1st Form against Enemy Player

Gundam Barbatos 1st Form: Draw a card

CVille

Assigned Aile Strike Gundam to block

Action step

CVille

Passed

Kiraya

Passed

Battle started: Gundam Barbatos 1st Form against Aile Strike Gundam

CVille

Aile Strike Gundam received 5 damage, now destroyed

Kiraya

Gundam Barbatos 1st Form received 3 damage, now destroyed

Battle ended

Kiraya

Gundam Barbatos 1st Form deployed

Turn end phase started

CVille

Passed

Kiraya

Passed

Turn ended!

Turn 10 started!

CVille

Silver Bullet deployed

Paired pilot: Kira Yamato on unit Gundam Lfrith

Battle initiated

CVille

Battle declared: Gundam Lfrith against Gundam Exia Repair

Selecting target for Kira Yamato

Kira Yamato: Modifier applied to: Gundam Exia Repair

Kiraya

No blockers available

Action step

Kiraya

Passed

CVille

Passed

Battle started: Gundam Lfrith against Gundam Exia Repair

Kiraya

Gundam Exia Repair received 4 damage, now destroyed

CVille

Gundam Lfrith received 0 damage, leaving 5 HP remaining

Kiraya

Gundam Exia Repair milled 2: Gundam Barbatos Lupus and Gundam Barbatos Adapt moved to trash

Battle ended

Turn end phase started

Kiraya

Passed

CVille

Passed

Turn ended!

Turn 11 started!

Kiraya

Gundam Flauros (Ryusei-Go) deployed

No targets for Gundam Flauros (Ryusei-Go)

Linked pilot: Mikazuki Augus on unit Gundam Barbatos 1st Form

Selecting target for Mikazuki Augus

Mikazuki Augus: Dealt 1 damage to: Gundam Barbatos 1st Form and Gundam Lfrith

Battle initiated

Kiraya

Battle declared: Gundam Barbatos 1st Form against Enemy Player

Gundam Barbatos 1st Form: Draw a card

CVille

Assigned no blocker

Action step

CVille

Passed

Kiraya

Passed

Battle started: Gundam Barbatos 1st Form against Enemy Shield

CVille

Shield card: Overflowing Affection revealed and discarded

Battle ended

Kiraya

Linked pilot: Ride Mass on unit Gundam Flauros (Ryusei-Go)

Battle initiated

Kiraya

Battle declared: Gundam Flauros (Ryusei-Go) against Enemy Player

No targets for Gundam Flauros (Ryusei-Go)

CVille

Assigned Silver Bullet to block

Action step

CVille

Passed

Kiraya

Passed

Battle started: Gundam Flauros (Ryusei-Go) against Silver Bullet

CVille

Silver Bullet received 5 damage, now destroyed

Kiraya

Gundam Flauros (Ryusei-Go) received 4 damage, now destroyed

Battle ended

Turn end phase started

CVille

Passed

Kiraya

Passed

Turn ended!

Turn 12 started!

CVille

Wing Gundam Zero (EW) deployed

Linked pilot: Heero Yuy on unit Wing Gundam Zero (EW)

Battle initiated

CVille

Battle declared: Wing Gundam Zero (EW) against Enemy Player

Selecting target for Wing Gundam Zero (EW)

Already rested unit: Gundam Barbatos 1st Form

Kiraya

No blockers available

Action step

Kiraya

Passed

CVille

Passed

Battle started: Wing Gundam Zero (EW) against Isaribi

Kiraya

Isaribi received 7 damage, now destroyed

CVille

Selecting target for Heero Yuy

Heero Yuy: Modifier applied to: Gundam Barbatos 1st Form

Battle ended

Battle initiated

CVille

Battle declared: Gundam Lfrith against Gundam Barbatos 1st Form

Selecting target for Kira Yamato

Kira Yamato: Modifier applied to: Gundam Barbatos 1st Form

Kiraya

No blockers available

Action step

Kiraya

Passed

CVille

Passed

Battle started: Gundam Lfrith against Gundam Barbatos 1st Form

Kiraya

Gundam Barbatos 1st Form received 4 damage, now destroyed

CVille

Gundam Lfrith received 1 damage, leaving 3 HP remaining

Battle ended

Turn end phase started

Kiraya

Passed

CVille

Passed

Turn ended!

Turn 13 started!

Kiraya

Shiden Custom (Ryusei-Go) deployed

Shiden Custom (Ryusei-Go) deployed

Graze Custom deployed

Turn end phase started

CVille

Passed

Kiraya

Passed

Turn ended!

Turn 14 started!

Battle initiated

CVille

Battle declared: Wing Gundam Zero (EW) against Enemy Player

Selecting target for Wing Gundam Zero (EW)

Rested unit: Shiden Custom (Ryusei-Go)

Kiraya

Assigned Shiden Custom (Ryusei-Go) to block

Action step

Kiraya

Passed

CVille

Played action: Unforeseen Incident

Unforeseen Incident: Modifier applied to: Shiden Custom (Ryusei-Go)

Kiraya

Passed

CVille

Passed

Battle started: Wing Gundam Zero (EW) against Shiden Custom (Ryusei-Go)

Kiraya

Shiden Custom (Ryusei-Go) received 7 damage, now destroyed

CVille

Wing Gundam Zero (EW) received 1 damage, leaving 4 HP remaining

Battle ended

CVille

Wing Gundam Zero (EW) deployed

Battle initiated

CVille

Battle declared: Gundam Lfrith against Shiden Custom (Ryusei-Go)

Selecting target for Kira Yamato

Kira Yamato: Modifier applied to: Shiden Custom (Ryusei-Go)

Kiraya

No blockers available

Action step

Kiraya

Passed

CVille

Passed

Battle started: Gundam Lfrith against Shiden Custom (Ryusei-Go)

Kiraya

Shiden Custom (Ryusei-Go) received 4 damage, now destroyed

CVille

Gundam Lfrith received 2 damage, leaving 1 HP remaining

Battle ended

Turn end phase started

Kiraya

Passed

CVille

Passed

Turn ended!

Turn 15 started!

Kiraya

Gundam Gusion Rebake deployed

Selecting target for Gundam Gusion Rebake

Gundam Gusion Rebake: Dealt 1 damage to: Gundam Gusion Rebake and Gundam Lfrith

Battle initiated

Kiraya

Battle declared: Graze Custom against Enemy Player

CVille

No blockers available

Action step

CVille

Passed

Kiraya

Passed

Battle started: Graze Custom against Enemy Shield

CVille

Shield card: Wing Gundam (Bird Mode) revealed and discarded

Battle ended

Kiraya

Gundam Flauros (Ryusei-Go) deployed

No targets for Gundam Flauros (Ryusei-Go)

Turn end phase started

CVille

Passed

Kiraya

Passed

Turn ended!

Turn 16 started!

Battle initiated

CVille

Battle declared: Wing Gundam Zero (EW) against Enemy Player

Selecting target for Wing Gundam Zero (EW)

Rested unit: Gundam Gusion Rebake

Kiraya

No blockers available

Action step

Kiraya

Passed

CVille

Passed

Battle started: Wing Gundam Zero (EW) against Enemy Shield

Kiraya

Shield cards: Ryusei-Go (Graze Custom Ⅱ) and Mikazuki Augus revealed

Shield cards: Ryusei-Go (Graze Custom Ⅱ) moved to trash

Shield card added to hand: Mikazuki Augus

CVille

Selecting target for Heero Yuy

Heero Yuy: Modifier applied to: Gundam Gusion Rebake

Battle ended

Battle initiated

CVille

Battle declared: Wing Gundam Zero (EW) against Gundam Gusion Rebake

Selecting target for Wing Gundam Zero (EW)

Already rested unit: Gundam Gusion Rebake

Kiraya

No blockers available

Action step

Kiraya

Passed

CVille

Passed

Battle started: Wing Gundam Zero (EW) against Gundam Gusion Rebake

Kiraya

Gundam Gusion Rebake received 5 damage, now destroyed

CVille

Wing Gundam Zero (EW) received 1 damage, leaving 3 HP remaining

Battle ended

CVille

Wing Gundam Zero deployed

Dealt 3 damage to: Graze Custom and Gundam Flauros (Ryusei-Go)

Turn end phase started

Kiraya

Passed

CVille

Passed

Turn ended!

Turn 17 started!

Kiraya

Played base: Isaribi

Shield card added to hand

Graze Custom deployed

Gundam Exia Repair deployed

Turn end phase started

CVille

Passed

Kiraya

Passed

Turn ended!

Turn 18 started!

CVille

Wing Gundam Zero deployed

Dealt 3 damage to: Graze Custom and Gundam Exia Repair

Kiraya

Gundam Exia Repair milled 2: Gundam Barbatos Adapt and Graze Custom moved to trash

Battle initiated

CVille

Battle declared: Wing Gundam Zero against Enemy Player

Kiraya

Can't block High-maneuver

Action step

Kiraya

Passed

CVille

Passed

Battle started: Wing Gundam Zero against Isaribi

Kiraya

Isaribi received 5 damage, now destroyed

Battle ended

Battle initiated

CVille

Battle declared: Wing Gundam Zero (EW) against Enemy Player

No targets for Wing Gundam Zero (EW)

Kiraya

No blockers available

Action step

Kiraya

Passed

CVille

Passed

Battle started: Wing Gundam Zero (EW) against Enemy Shield

Kiraya

Shield card: Gundam Barbatos Lupus revealed and discarded

CVille

No targets for Heero Yuy

Battle ended

Battle initiated

CVille

Battle declared: Wing Gundam Zero (EW) against Enemy Player

No targets for Wing Gundam Zero (EW)

Kiraya

No blockers available

Action step

Kiraya

Passed

CVille

Passed

Battle started: Wing Gundam Zero (EW) against Enemy Shield

Kiraya

Shield card: Mikazuki Augus revealed

Shield card added to hand: Mikazuki Augus

Battle ended

Turn end phase started

Kiraya

Passed

CVille

Passed

Turn ended!

Turn 19 started!

Kiraya

Played command: Overflowing Affection

Overflowing Affection: Draw 2 cards

Selecting target for Overflowing Affection

Gundam Exia Repair discarded

Hyakuren deployed

Paired pilot: Mikazuki Augus on unit Hyakuren

Selecting target for Mikazuki Augus

Mikazuki Augus: Dealt 1 damage to: Hyakuren and Wing Gundam Zero (EW)

Turn end phase started

CVille

Passed

Kiraya

Passed

Turn ended!

Turn 20 started!

CVille

Wing Gundam Zero deployed

Dealt 3 damage to Hyakuren, now destroyed

Battle initiated

CVille

Battle declared: Wing Gundam Zero (EW) against Enemy Player

No targets for Wing Gundam Zero (EW)

Kiraya

No blockers available

Action step

Kiraya

Passed

CVille

Passed

Battle started: Wing Gundam Zero (EW) against Enemy Player

Kiraya

No more shields available, game is over!

CVille

Winner!

Game ended!