Mobile Suit Arena - Battle logs
Game started!

TRIAL

Choose to play second

Kiraya

Choose to mulligan starting hand

TRIAL

Choose to keep starting hand

Turn 1 started!

Turn end phase started

TRIAL

Passed

Kiraya

Passed

Turn ended!

Turn 2 started!

TRIAL

Played command: Overflowing Affection

Overflowing Affection: Draw 2 cards

Selecting target for Overflowing Affection

Sazabi discarded

Turn end phase started

Kiraya

Passed

TRIAL

Passed

Turn ended!

Turn 3 started!

Kiraya

Gundam Exia Repair deployed

Turn end phase started

TRIAL

Passed

Kiraya

Passed

Turn ended!

Turn 4 started!

TRIAL

Gundam Lfrith deployed

Turn end phase started

Kiraya

Passed

TRIAL

Passed

Turn ended!

Turn 5 started!

Kiraya

Hyakuren deployed

Battle initiated

Kiraya

Battle declared: Gundam Exia Repair against Enemy Player

TRIAL

Assigned no blocker

Action step

TRIAL

Passed

Kiraya

Passed

Battle started: Gundam Exia Repair against EX Base

TRIAL

EX Base received 2 damage, leaving 1 HP remaining

Battle ended

Turn end phase started

TRIAL

Passed

Kiraya

Passed

Turn ended!

Turn 6 started!

TRIAL

Played action: Giant Killing

Giant Killing: destroyed Hyakuren

Turn end phase started

Kiraya

Passed

TRIAL

Passed

Turn ended!

Turn 7 started!

Battle initiated

Kiraya

Battle declared: Gundam Exia Repair against Enemy Player

TRIAL

Assigned no blocker

Action step

TRIAL

Passed

Kiraya

Passed

Battle started: Gundam Exia Repair against EX Base

TRIAL

EX Base received 2 damage, now destroyed

Battle ended

Kiraya

Gundam Barbatos 1st Form deployed

Ryusei-Go (Graze Custom Ⅱ) deployed

Selecting target for Ryusei-Go (Graze Custom Ⅱ)

Ryusei-Go (Graze Custom Ⅱ): Dealt 1 damage to Gundam Barbatos 1st Form, leaving 1 HP remaining

Ryusei-Go (Graze Custom Ⅱ): Draw a card

Selecting target for Ryusei-Go (Graze Custom Ⅱ)

Become a Shield discarded

Turn end phase started

TRIAL

Passed

Kiraya

Passed

Turn ended!

Turn 8 started!

TRIAL

Played action: Giant Killing

Giant Killing: destroyed Gundam Barbatos 1st Form

Played command: Overflowing Affection

Overflowing Affection: Draw 2 cards

Selecting target for Overflowing Affection

Gundam Lfrith discarded

Played base: Axis

Shield card added to hand

Turn end phase started

Kiraya

Passed

TRIAL

Passed

Turn ended!

Turn 9 started!

Battle initiated

Kiraya

Battle declared: Gundam Exia Repair against Enemy Player

TRIAL

Assigned no blocker

Action step

TRIAL

Passed

Kiraya

Passed

Battle started: Gundam Exia Repair against Axis

TRIAL

Axis received 2 damage, leaving 4 HP remaining

Battle ended

Battle initiated

Kiraya

Battle declared: Ryusei-Go (Graze Custom Ⅱ) against Enemy Player

TRIAL

Assigned Gundam Lfrith to block

Action step

TRIAL

Passed

Kiraya

Passed

Battle started: Ryusei-Go (Graze Custom Ⅱ) against Gundam Lfrith

TRIAL

Gundam Lfrith received 2 damage, leaving 2 HP remaining

Kiraya

Ryusei-Go (Graze Custom Ⅱ) received 2 damage, now destroyed

Battle ended

Kiraya

Gundam Barbatos 1st Form deployed

Ryusei-Go (Graze Custom Ⅱ) deployed

Selecting target for Ryusei-Go (Graze Custom Ⅱ)

Ryusei-Go (Graze Custom Ⅱ): Dealt 1 damage to Gundam Barbatos 1st Form, leaving 1 HP remaining

Ryusei-Go (Graze Custom Ⅱ): Draw a card

Selecting target for Ryusei-Go (Graze Custom Ⅱ)

Shiden Custom (Ryusei-Go) discarded

Linked pilot: Mikazuki Augus on unit Gundam Barbatos 1st Form

Selecting target for Mikazuki Augus

Mikazuki Augus: Dealt 1 damage to: Ryusei-Go (Graze Custom Ⅱ) and Gundam Lfrith

Battle initiated

Kiraya

Battle declared: Gundam Barbatos 1st Form against Enemy Player

Gundam Barbatos 1st Form: Draw a card

TRIAL

No blockers available

Action step

TRIAL

Passed

Kiraya

Passed

Battle started: Gundam Barbatos 1st Form against Axis

TRIAL

Axis received 5 damage, now destroyed

Battle ended

Turn end phase started

TRIAL

Passed

Kiraya

Passed

Turn ended!

Turn 10 started!

Battle initiated

TRIAL

Battle declared: Gundam Lfrith against Gundam Barbatos 1st Form

Kiraya

No blockers available

Action step

Kiraya

Passed

TRIAL

Passed

Battle started: Gundam Lfrith against Gundam Barbatos 1st Form

Kiraya

Gundam Barbatos 1st Form received 2 damage, now destroyed

TRIAL

Gundam Lfrith received 5 damage, now destroyed

Battle ended

TRIAL

Aile Strike Gundam deployed

Hobby Hizack deployed

Turn end phase started

Kiraya

Passed

TRIAL

Passed

Turn ended!

Turn 11 started!

Kiraya

Gundam Gusion Rebake deployed

Selecting target for Gundam Gusion Rebake

Gundam Gusion Rebake: Dealt 1 damage to: Gundam Gusion Rebake and Hobby Hizack

Gundam Barbatos Adapt deployed

Selecting target for Gundam Barbatos Adapt

Gundam Barbatos Adapt: Dealt 1 damage to: Gundam Barbatos Adapt and Hobby Hizack

Battle initiated

Kiraya

Battle declared: Ryusei-Go (Graze Custom Ⅱ) against Enemy Player

TRIAL

Assigned Aile Strike Gundam to block

Action step

TRIAL

Passed

Kiraya

Passed

Battle started: Ryusei-Go (Graze Custom Ⅱ) against Aile Strike Gundam

TRIAL

Aile Strike Gundam received 2 damage, leaving 2 HP remaining

Kiraya

Ryusei-Go (Graze Custom Ⅱ) received 4 damage, now destroyed

Battle ended

Battle initiated

Kiraya

Battle declared: Gundam Exia Repair against Aile Strike Gundam

TRIAL

No blockers available

Action step

TRIAL

Passed

Kiraya

Passed

Battle started: Gundam Exia Repair against Aile Strike Gundam

TRIAL

Aile Strike Gundam received 2 damage, now destroyed

Kiraya

Gundam Exia Repair received 4 damage, now destroyed

Gundam Exia Repair milled 2: Become a Shield and Gundam Barbatos Adapt moved to trash

Battle ended

Turn end phase started

TRIAL

Passed

Kiraya

Passed

Turn ended!

Turn 12 started!

TRIAL

Sazabi deployed

Selecting target for Sazabi

Turn end phase started

Kiraya

Passed

TRIAL

Passed

Turn ended!

Turn 13 started!

Kiraya

Played command: Overflowing Affection

Overflowing Affection: Draw 2 cards

Selecting target for Overflowing Affection

Gundam Exia Repair discarded

Played command: Overflowing Affection

Overflowing Affection: Draw 2 cards

Selecting target for Overflowing Affection

Hyakuren discarded

Shiden Custom (Ryusei-Go) deployed

Replaced EX Base base: Isaribi

Shield card added to hand

Linked pilot: Mikazuki Augus on unit Gundam Barbatos Adapt

Selecting target for Mikazuki Augus

Mikazuki Augus: Dealt 1 damage to: Gundam Barbatos Adapt and Sazabi

Battle initiated

Kiraya

Battle declared: Gundam Barbatos Adapt against Enemy Player

TRIAL

No blockers available

Action step

TRIAL

Passed

Kiraya

Passed

Battle started: Gundam Barbatos Adapt against Enemy Shield

TRIAL

Shield card: Aile Strike Gundam revealed and discarded

Battle ended

Turn end phase started

TRIAL

Passed

Kiraya

Passed

Turn ended!

Turn 14 started!

TRIAL

Sazabi deployed

Hobby Hizack deployed

Paired pilot: Kira Yamato on unit Sazabi

Battle initiated

TRIAL

Battle declared: Sazabi against Enemy Player

Selecting target for Kira Yamato

Kira Yamato: Modifier applied to: Shiden Custom (Ryusei-Go)

Kiraya

Assigned Shiden Custom (Ryusei-Go) to block

Action step

Kiraya

Passed

TRIAL

Passed

Battle started: Sazabi against Shiden Custom (Ryusei-Go)

Kiraya

Shiden Custom (Ryusei-Go) received 7 damage, now destroyed

TRIAL

Sazabi received 2 damage, leaving 2 HP remaining

Battle ended

Turn end phase started

Kiraya

Passed

TRIAL

Passed

Turn ended!

Turn 15 started!

Kiraya

Graze Custom deployed

Ryusei-Go (Graze Custom Ⅱ) deployed

Selecting target for Ryusei-Go (Graze Custom Ⅱ)

Ryusei-Go (Graze Custom Ⅱ): Dealt 1 damage to Graze Custom, leaving 1 HP remaining

Ryusei-Go (Graze Custom Ⅱ): Draw a card

Selecting target for Ryusei-Go (Graze Custom Ⅱ)

Graze Custom discarded

Gundam Barbatos Adapt deployed

Selecting target for Gundam Barbatos Adapt

Gundam Barbatos Adapt: Dealt 1 damage to: Gundam Barbatos Adapt and Sazabi

Battle initiated

Kiraya

Battle declared: Gundam Barbatos Adapt against Enemy Player

TRIAL

No blockers available

Action step

TRIAL

Passed

Kiraya

Passed

Battle started: Gundam Barbatos Adapt against Enemy Shield

TRIAL

Shield card: Sazabi revealed and discarded

Battle ended

Turn end phase started

TRIAL

Passed

Kiraya

Passed

Turn ended!

Turn 16 started!

TRIAL

Quess's Jagd Doga deployed

Battle initiated

TRIAL

Battle declared: Sazabi against Enemy Player

Selecting target for Sazabi

Kiraya

Selecting target for Sazabi

TRIAL

Quess's Jagd Doga returned to hand

Kiraya

Assigned Gundam Gusion Rebake to block

Action step

Kiraya

Passed

TRIAL

Passed

Battle started: Sazabi against Gundam Gusion Rebake

Kiraya

Gundam Gusion Rebake received 5 damage, now destroyed

TRIAL

Sazabi received 3 damage, leaving 1 HP remaining

Battle ended

Battle initiated

TRIAL

Battle declared: Sazabi against Gundam Barbatos Adapt

Selecting target for Kira Yamato

Kira Yamato: Modifier applied to: Gundam Barbatos Adapt

Kiraya

No blockers available

Action step

Kiraya

Passed

TRIAL

Passed

Battle started: Sazabi against Gundam Barbatos Adapt

Kiraya

Gundam Barbatos Adapt received 7 damage, now destroyed

TRIAL

Sazabi received 2 damage, now destroyed

Battle ended

TRIAL

Flat (Militia) deployed

Quess's Jagd Doga deployed

Hobby Hizack deployed

Battle initiated

TRIAL

Battle declared: Hobby Hizack against Enemy Player

Kiraya

No blockers available

Action step

Kiraya

Passed

TRIAL

Passed

Battle started: Hobby Hizack against Isaribi

Kiraya

Isaribi received 2 damage, leaving 3 HP remaining

Battle ended

Turn end phase started

Kiraya

Passed

TRIAL

Passed

Turn ended!

Turn 17 started!

Kiraya

Gundam Gusion Rebake deployed

Selecting target for Gundam Gusion Rebake

Gundam Gusion Rebake: Dealt 1 damage to: Gundam Barbatos Adapt and Sazabi

Activated: Isaribi

Rested base: Isaribi

Isaribi: Modifier applied to: Graze Custom

Battle initiated

Kiraya

Battle declared: Graze Custom against Enemy Player

TRIAL

Assigned no blocker

Action step

TRIAL

Passed

Kiraya

Passed

Battle started: Graze Custom against Enemy Shield

TRIAL

Shield card: Axis revealed

Played base: Axis

Shield card added to hand

Battle ended

Turn end phase started

TRIAL

Passed

Kiraya

Passed

Turn ended!

Turn 18 started!

TRIAL

Played command: Overflowing Affection

Overflowing Affection: Draw 2 cards

Selecting target for Overflowing Affection

With Iron and Blood discarded

Sazabi deployed

Linked pilot: Char Aznable on unit Sazabi

Selecting target for Char Aznable

Replaced Axis base: Axis

Shield card added to hand

Battle initiated

TRIAL

Battle declared: Hobby Hizack against Graze Custom

Kiraya

Assigned no blocker

Action step

Kiraya

Passed

TRIAL

Passed

Battle started: Hobby Hizack against Graze Custom

Kiraya

Graze Custom received 2 damage, now destroyed

TRIAL

Hobby Hizack received 2 damage, now destroyed

Battle ended

Battle initiated

TRIAL

Battle declared: Quess's Jagd Doga against Enemy Player

Kiraya

Assigned no blocker

Action step

Kiraya

Passed

TRIAL

Passed

Battle started: Quess's Jagd Doga against Isaribi

Kiraya

Isaribi received 3 damage, now destroyed

Battle ended

Battle initiated

TRIAL

Battle declared: Sazabi against Enemy Player

Selecting target for Sazabi

Kiraya

Selecting target for Sazabi

TRIAL

Quess's Jagd Doga returned to hand

Kiraya

Assigned Gundam Gusion Rebake to block

Action step

Kiraya

Passed

TRIAL

Played action: Unforeseen Incident

Unforeseen Incident: Modifier applied to: Gundam Gusion Rebake

Kiraya

Passed

TRIAL

Passed

Battle started: Sazabi against Gundam Gusion Rebake

Kiraya

Gundam Gusion Rebake received 7 damage, now destroyed

TRIAL

Sazabi received 0 damage, leaving 7 HP remaining

Battle ended

Battle initiated

TRIAL

Battle declared: Hobby Hizack against Enemy Player

Kiraya

No blockers available

Action step

Kiraya

Passed

TRIAL

Passed

Battle started: Hobby Hizack against Enemy Shield

Kiraya

Shield card: Gundam Gusion Rebake revealed and discarded

Battle ended

TRIAL

Activated: Axis

Rested base: Axis

Quess's Jagd Doga deployed

Battle initiated

TRIAL

Battle declared: Flat (Militia) against Enemy Player

Kiraya

No blockers available

Action step

Kiraya

Passed

TRIAL

Passed

Battle started: Flat (Militia) against Enemy Shield

Kiraya

Shield card: Shiden Custom (Ryusei-Go) revealed and discarded

Battle ended

Turn end phase started

Kiraya

Passed

TRIAL

Passed

Turn ended!

Turn 19 started!

Kiraya

Gundam Exia Repair deployed

Turn end phase started

TRIAL

Passed

Kiraya

Passed

Turn ended!

Turn 20 started!

Battle initiated

TRIAL

Battle declared: Sazabi against Enemy Player

Selecting target for Sazabi

Kiraya

Selecting target for Sazabi

Gundam Exia Repair milled 2: Isaribi and Isaribi moved to trash

TRIAL

Quess's Jagd Doga returned to hand

Kiraya

No blockers available

Action step

Kiraya

Passed

TRIAL

Passed

Battle started: Sazabi against Enemy Shield

Kiraya

Shield cards: Gundam Barbatos Lupus and Gundam Exia Repair revealed and discarded

Battle ended

TRIAL

Activated: Axis

Rested base: Axis

Quess's Jagd Doga deployed

Battle initiated

TRIAL

Battle declared: Hobby Hizack against Enemy Player

Kiraya

No blockers available

Action step

Kiraya

Passed

TRIAL

Passed

Battle started: Flat (Militia) against Enemy Player

Kiraya

No more shields available, game is over!

TRIAL

Winner!

Game ended!