Mobile Suit Arena - Battle logs
Game started!

Kiraya

Choose to play first

Choose to keep starting hand

Tommy

Choose to keep starting hand

Turn 1 started!

Turn end phase started

Tommy

Passed

Kiraya

Passed

Turn ended!

Turn 2 started!

Tommy

Graze Custom deployed

Turn end phase started

Kiraya

Passed

Tommy

Passed

Turn ended!

Turn 3 started!

Kiraya

Gundam Exia Repair deployed

Gundam Exia Repair deployed

Turn end phase started

Tommy

Passed

Kiraya

Passed

Turn ended!

Turn 4 started!

Tommy

Played command: Overflowing Affection

Overflowing Affection: Draw 2 cards

Selecting target for Overflowing Affection

Isaribi discarded

Played command: Overflowing Affection

Overflowing Affection: Draw 2 cards

Selecting target for Overflowing Affection

Gundam Barbatos Lupus Rex discarded

Turn end phase started

Kiraya

Passed

Tommy

Passed

Turn ended!

Turn 5 started!

Battle initiated

Kiraya

Battle declared: Gundam Exia Repair against Enemy Player

Tommy

No blockers available

Action step

Tommy

Passed

Kiraya

Passed

Battle started: Gundam Exia Repair against EX Base

Tommy

EX Base received 2 damage, leaving 1 HP remaining

Battle ended

Battle initiated

Kiraya

Battle declared: Gundam Exia Repair against Enemy Player

Tommy

No blockers available

Action step

Tommy

Passed

Kiraya

Passed

Battle started: Gundam Exia Repair against EX Base

Tommy

EX Base received 2 damage, now destroyed

Battle ended

Kiraya

Graze Custom deployed

Graze Custom deployed

Replaced EX Base base: Isaribi

Shield card added to hand

Turn end phase started

Tommy

Passed

Kiraya

Passed

Turn ended!

Turn 6 started!

Battle initiated

Tommy

Battle declared: Graze Custom against Gundam Exia Repair

Kiraya

No blockers available

Action step

Kiraya

Passed

Tommy

Passed

Battle started: Graze Custom against Gundam Exia Repair

Kiraya

Gundam Exia Repair received 2 damage, now destroyed

Tommy

Graze Custom received 2 damage, now destroyed

Kiraya

Gundam Exia Repair milled 2: Ryusei-Go (Graze Custom Ⅱ) and Hyakuren moved to trash

Battle ended

Tommy

Played base: Isaribi

Shield card added to hand

Hyakuren deployed

Turn end phase started

Kiraya

Passed

Tommy

Passed

Turn ended!

Turn 7 started!

Kiraya

Gundam Barbatos 1st Form deployed

Linked pilot: Mikazuki Augus on unit Gundam Barbatos 1st Form

Selecting target for Mikazuki Augus

Mikazuki Augus: Dealt 1 damage to: Gundam Barbatos 1st Form and Hyakuren

Battle initiated

Kiraya

Battle declared: Gundam Barbatos 1st Form against Enemy Player

Gundam Barbatos 1st Form: Draw a card

Tommy

No blockers available

Action step

Tommy

Passed

Kiraya

Passed

Battle started: Gundam Barbatos 1st Form against Isaribi

Tommy

Isaribi received 5 damage, now destroyed

Battle ended

Battle initiated

Kiraya

Battle declared: Gundam Exia Repair against Enemy Player

Tommy

No blockers available

Action step

Tommy

Passed

Kiraya

Passed

Battle started: Gundam Exia Repair against Enemy Shield

Tommy

Shield card: Shiden Custom (Ryusei-Go) revealed and discarded

Battle ended

Battle initiated

Kiraya

Battle declared: Graze Custom against Enemy Player

Tommy

No blockers available

Action step

Tommy

Passed

Kiraya

Passed

Battle started: Graze Custom against Enemy Shield

Tommy

Shield card: Gundam Gusion Rebake revealed and discarded

Battle ended

Battle initiated

Kiraya

Battle declared: Graze Custom against Enemy Player

Tommy

No blockers available

Action step

Tommy

Passed

Kiraya

Passed

Battle started: Graze Custom against Enemy Shield

Tommy

Shield card: Gundam Gusion Rebake Full City revealed and discarded

Battle ended

Turn end phase started

Tommy

Passed

Kiraya

Passed

Turn ended!

Turn 8 started!

Battle initiated

Tommy

Battle declared: Hyakuren against Gundam Barbatos 1st Form

Kiraya

No blockers available

Action step

Kiraya

Passed

Tommy

Passed

Battle started: Hyakuren against Gundam Barbatos 1st Form

Kiraya

Gundam Barbatos 1st Form received 4 damage, now destroyed

Tommy

Hyakuren received 5 damage, now destroyed

Battle ended

Tommy

Gundam Gusion Rebake deployed

Selecting target for Gundam Gusion Rebake

Gundam Gusion Rebake: Dealt 1 damage to: Gundam Gusion Rebake and Gundam Exia Repair

Kiraya

Gundam Exia Repair milled 2: Overflowing Affection and Gundam Barbatos Lupus moved to trash

Turn end phase started

Kiraya

Passed

Tommy

Passed

Turn ended!

Turn 9 started!

Kiraya

Gundam Flauros (Ryusei-Go) deployed

No targets for Gundam Flauros (Ryusei-Go)

Linked pilot: Mikazuki Augus on unit Gundam Flauros (Ryusei-Go)

Selecting target for Mikazuki Augus

Mikazuki Augus: Dealt 1 damage to: Graze Custom and Gundam Gusion Rebake

Activated: Isaribi

Rested base: Isaribi

Isaribi: Modifier applied to: Graze Custom

Battle initiated

Kiraya

Battle declared: Graze Custom against Enemy Player

Tommy

Assigned no blocker

Action step

Tommy

Passed

Kiraya

Passed

Battle started: Graze Custom against Enemy Shield

Tommy

Shield card: Mikazuki Augus revealed

Shield card added to hand: Mikazuki Augus

Battle ended

Battle initiated

Kiraya

Battle declared: Gundam Flauros (Ryusei-Go) against Enemy Player

No targets for Gundam Flauros (Ryusei-Go)

Tommy

Assigned Gundam Gusion Rebake to block

Action step

Tommy

Passed

Kiraya

Passed

Battle started: Gundam Flauros (Ryusei-Go) against Gundam Gusion Rebake

Tommy

Gundam Gusion Rebake received 7 damage, now destroyed

Kiraya

Gundam Flauros (Ryusei-Go) received 3 damage, leaving 1 HP remaining

Battle ended

Battle initiated

Kiraya

Battle declared: Graze Custom against Enemy Player

Tommy

No blockers available

Action step

Tommy

Passed

Kiraya

Passed

Battle started: Graze Custom against Enemy Shield

Tommy

Shield card: Shiden Custom (Ryusei-Go) revealed and discarded

Battle ended

Turn end phase started

Tommy

Passed

Kiraya

Passed

Turn ended!

Turn 10 started!

Tommy

Silver Bullet deployed

Paired pilot: Mikazuki Augus on unit Silver Bullet

Selecting target for Mikazuki Augus

Mikazuki Augus: Dealt 1 damage to: Silver Bullet and Graze Custom

Graze Custom deployed

Paired pilot: Mikazuki Augus on unit Graze Custom

Selecting target for Mikazuki Augus

Mikazuki Augus: Dealt 1 damage to: Graze Custom and Gundam Flauros (Ryusei-Go)

Turn end phase started

Kiraya

Passed

Tommy

Passed

Turn ended!

Turn 11 started!

Kiraya

Gundam Barbatos 4th Form deployed

Selecting target for Gundam Barbatos 4th Form

Gundam Barbatos 4th Form: Dealt 1 damage to Graze Custom, leaving 1 HP remaining

Gundam Barbatos 4th Form: Modifier applied to: Graze Custom

Ryusei-Go (Graze Custom Ⅱ) deployed

Selecting target for Ryusei-Go (Graze Custom Ⅱ)

Ryusei-Go (Graze Custom Ⅱ): Dealt 1 damage to Gundam Barbatos 4th Form, leaving 4 HP remaining

Ryusei-Go (Graze Custom Ⅱ): Draw a card

Selecting target for Ryusei-Go (Graze Custom Ⅱ)

Ryusei-Go (Graze Custom Ⅱ) discarded

Activated: Isaribi

Rested base: Isaribi

Isaribi: Modifier applied to: Graze Custom

Battle initiated

Kiraya

Battle declared: Graze Custom against Enemy Player

Tommy

Assigned Silver Bullet to block

Action step

Tommy

Passed

Kiraya

Passed

Battle started: Graze Custom against Silver Bullet

Tommy

Silver Bullet received 5 damage, now destroyed

Kiraya

Graze Custom received 6 damage, now destroyed

Battle ended

Turn end phase started

Tommy

Passed

Kiraya

Passed

Turn ended!

Turn 12 started!

Battle initiated

Tommy

Battle declared: Graze Custom against Enemy Player

Kiraya

No blockers available

Action step

Kiraya

Passed

Tommy

Passed

Battle started: Graze Custom against Isaribi

Kiraya

Isaribi received 4 damage, leaving 1 HP remaining

Battle ended

Tommy

Silver Bullet deployed

Silver Bullet deployed

Turn end phase started

Kiraya

Passed

Tommy

Passed

Turn ended!

Turn 13 started!

Kiraya

Gundam Barbatos Lupus deployed

Activated: Gundam Barbatos Lupus

Gundam Flauros (Ryusei-Go), Ryusei-Go (Graze Custom Ⅱ) and Graze Custom exiled from the game

Selecting target for Gundam Barbatos Lupus

Gundam Barbatos Lupus: Dealt 2 damage to Graze Custom, now destroyed

Gundam Exia Repair deployed

Turn end phase started

Tommy

Passed

Kiraya

Passed

Turn ended!

Turn 14 started!

Kiraya

Winner!

Game ended!