Mobile Suit Arena - Battle logs
Game started!

Kiraya

Choose to play first

Choose to mulligan starting hand

james

Choose to keep starting hand

Turn 1 started!

Turn end phase started

james

Passed

Kiraya

Passed

Turn ended!

Turn 2 started!

Turn end phase started

Kiraya

Passed

james

Passed

Turn ended!

Turn 3 started!

Kiraya

Graze Custom deployed

Turn end phase started

james

Passed

Kiraya

Passed

Turn ended!

Turn 4 started!

james

Flat (Militia) deployed

Turn end phase started

Kiraya

Passed

james

Passed

Turn ended!

Turn 5 started!

Kiraya

Gundam Barbatos 1st Form deployed

Replaced EX Base base: Isaribi

Shield card added to hand

Turn end phase started

james

Passed

Kiraya

Passed

Turn ended!

Turn 6 started!

james

Sword Strike Gundam deployed

Replaced EX Base base: Mining Asteroid Palau

Shield card added to hand

Turn end phase started

Kiraya

Passed

james

Passed

Turn ended!

Turn 7 started!

Kiraya

Ryusei-Go (Graze Custom Ⅱ) deployed

Selecting target for Ryusei-Go (Graze Custom Ⅱ)

Ryusei-Go (Graze Custom Ⅱ): Dealt 1 damage to Graze Custom, leaving 1 HP remaining

Ryusei-Go (Graze Custom Ⅱ): Draw a card

Selecting target for Ryusei-Go (Graze Custom Ⅱ)

Isaribi discarded

Linked pilot: Mikazuki Augus on unit Gundam Barbatos 1st Form

Selecting target for Mikazuki Augus

Mikazuki Augus: Dealt 1 damage to: Gundam Barbatos 1st Form and Sword Strike Gundam

Activated: Isaribi

Rested base: Isaribi

Isaribi: Modifier applied to: Graze Custom

Battle initiated

Kiraya

Battle declared: Graze Custom against Enemy Player

james

Assigned no blocker

Action step

james

Passed

Kiraya

Passed

Battle started: Graze Custom against Mining Asteroid Palau

james

Mining Asteroid Palau received 4 damage, leaving 2 HP remaining

Battle ended

Battle initiated

Kiraya

Battle declared: Gundam Barbatos 1st Form against Enemy Player

Gundam Barbatos 1st Form: Draw a card

james

Assigned Flat (Militia) to block

Action step

james

Passed

Kiraya

Passed

Battle started: Gundam Barbatos 1st Form against Flat (Militia)

james

Flat (Militia) received 5 damage, now destroyed

Kiraya

Gundam Barbatos 1st Form received 2 damage, now destroyed

Battle ended

Kiraya

Graze Custom deployed

Turn end phase started

james

Passed

Kiraya

Passed

Turn ended!

Turn 8 started!

james

Played command: Overflowing Affection

Overflowing Affection: Draw 2 cards

Selecting target for Overflowing Affection

Mining Asteroid Palau discarded

Played action: Battle of Aces

Battle of Aces: Dealt 3 damage to Graze Custom, now destroyed

Battle initiated

james

Battle declared: Sword Strike Gundam against Enemy Player

Kiraya

No blockers available

Action step

Kiraya

Passed

james

Passed

Battle started: Sword Strike Gundam against Isaribi

Kiraya

Isaribi received 4 damage, leaving 1 HP remaining

Battle ended

Turn end phase started

Kiraya

Passed

james

Passed

Turn ended!

Turn 9 started!

Kiraya

Gundam Flauros (Ryusei-Go) deployed

No targets for Gundam Flauros (Ryusei-Go)

Played action: Become a Shield

Selecting target for Become a Shield

Become a Shield: Dealt 1 damage to: Graze Custom and Sword Strike Gundam

Battle initiated

Kiraya

Battle declared: Ryusei-Go (Graze Custom Ⅱ) against Sword Strike Gundam

james

No blockers available

Action step

james

Passed

Kiraya

Passed

Battle started: Ryusei-Go (Graze Custom Ⅱ) against Sword Strike Gundam

james

Sword Strike Gundam received 2 damage, now destroyed

Kiraya

Ryusei-Go (Graze Custom Ⅱ) received 4 damage, now destroyed

Battle ended

Battle initiated

Kiraya

Battle declared: Graze Custom against Enemy Player

james

No blockers available

Action step

james

Passed

Kiraya

Passed

Battle started: Graze Custom against Mining Asteroid Palau

james

Mining Asteroid Palau received 2 damage, now destroyed

Battle ended

Turn end phase started

james

Passed

Kiraya

Passed

Turn ended!

Turn 10 started!

james

Perfect Strike Gundam deployed

Selecting target for Perfect Strike Gundam

Kiraya

Graze Custom returned to hand

Turn end phase started

Kiraya

Passed

james

Passed

Turn ended!

Turn 11 started!

Kiraya

Gundam Barbatos Adapt deployed

Selecting target for Gundam Barbatos Adapt

Gundam Barbatos Adapt: Dealt 1 damage to: Gundam Barbatos Adapt and Perfect Strike Gundam

Linked pilot: Mikazuki Augus on unit Gundam Barbatos Adapt

Selecting target for Mikazuki Augus

Mikazuki Augus: Dealt 1 damage to: Gundam Barbatos Adapt and Perfect Strike Gundam

Ryusei-Go (Graze Custom Ⅱ) deployed

Selecting target for Ryusei-Go (Graze Custom Ⅱ)

Ryusei-Go (Graze Custom Ⅱ): Dealt 1 damage to Gundam Flauros (Ryusei-Go), leaving 2 HP remaining

Ryusei-Go (Graze Custom Ⅱ): Draw a card

Selecting target for Ryusei-Go (Graze Custom Ⅱ)

Become a Shield discarded

Graze Custom deployed

Turn end phase started

james

Passed

Kiraya

Passed

Turn ended!

Turn 12 started!

james

Aile Strike Gundam deployed

Turn end phase started

Kiraya

Passed

james

Passed

Turn ended!

Turn 13 started!

Kiraya

Gundam Barbatos Lupus deployed

Activated: Gundam Barbatos Lupus

Gundam Barbatos 1st Form, Graze Custom and Ryusei-Go (Graze Custom Ⅱ) exiled from the game

Selecting target for Gundam Barbatos Lupus

Gundam Barbatos Lupus: Dealt 2 damage to Perfect Strike Gundam, now destroyed

Battle initiated

Kiraya

Battle declared: Gundam Flauros (Ryusei-Go) against Enemy Player

No targets for Gundam Flauros (Ryusei-Go)

james

Assigned no blocker

Action step

james

Passed

Kiraya

Passed

Battle started: Gundam Flauros (Ryusei-Go) against Enemy Shield

james

Shield card: Overflowing Affection revealed and discarded

Battle ended

Battle initiated

Kiraya

Battle declared: Ryusei-Go (Graze Custom Ⅱ) against Enemy Player

james

Assigned Aile Strike Gundam to block

Action step

james

Passed

Kiraya

Passed

Battle started: Ryusei-Go (Graze Custom Ⅱ) against Aile Strike Gundam

james

Aile Strike Gundam received 2 damage, leaving 2 HP remaining

Kiraya

Ryusei-Go (Graze Custom Ⅱ) received 4 damage, now destroyed

Battle ended

Battle initiated

Kiraya

Battle declared: Graze Custom against Aile Strike Gundam

james

No blockers available

Action step

james

Passed

Kiraya

Passed

Battle started: Graze Custom against Aile Strike Gundam

james

Aile Strike Gundam received 2 damage, now destroyed

Kiraya

Graze Custom received 4 damage, now destroyed

Battle ended

Battle initiated

Kiraya

Battle declared: Gundam Barbatos Adapt against Enemy Player

james

No blockers available

Action step

james

Passed

Kiraya

Passed

Battle started: Gundam Barbatos Adapt against Enemy Shield

james

Shield card: Neo Zeong revealed and discarded

Battle ended

Turn end phase started

james

Passed

Kiraya

Passed

Turn ended!

Turn 14 started!

james

Justice Gundam deployed

Fatum-00 deployed

Linked pilot: Athrun Zala on unit Justice Gundam

Battle initiated

james

Battle declared: Justice Gundam against Gundam Barbatos Adapt

Selecting target for Justice Gundam

Fatum-00 attack this turn

Kiraya

No blockers available

Action step

Kiraya

Passed

james

Passed

Battle started: Justice Gundam against Gundam Barbatos Adapt

Kiraya

Gundam Barbatos Adapt received 6 damage, now destroyed

james

Justice Gundam received 4 damage, leaving 3 HP remaining

Battle ended

Battle initiated

james

Battle declared: Fatum-00 against Gundam Flauros (Ryusei-Go)

Kiraya

No blockers available

Action step

Kiraya

Passed

james

Passed

Battle started: Fatum-00 against Gundam Flauros (Ryusei-Go)

Kiraya

Gundam Flauros (Ryusei-Go) received 2 damage, now destroyed

james

Fatum-00 received 5 damage, now destroyed

Battle ended

Turn end phase started

Kiraya

Passed

james

Passed

Turn ended!

Turn 15 started!

Kiraya

Gundam Barbatos Adapt deployed

Selecting target for Gundam Barbatos Adapt

Gundam Barbatos Adapt: Dealt 1 damage to: Gundam Barbatos Adapt and Justice Gundam

Activated: Gundam Barbatos Lupus

Graze Custom, Gundam Barbatos Adapt and Gundam Flauros (Ryusei-Go) exiled from the game

Selecting target for Gundam Barbatos Lupus

Gundam Barbatos Lupus: Dealt 2 damage to Justice Gundam, now destroyed

Linked pilot: Mikazuki Augus on unit Gundam Barbatos Adapt

Shiden Custom (Ryusei-Go) deployed

Battle initiated

Kiraya

Battle declared: Gundam Barbatos Adapt against Enemy Player

james

No blockers available

Action step

james

Passed

Kiraya

Passed

Battle started: Gundam Barbatos Adapt against Enemy Shield

james

Shield card: Sword Strike Gundam revealed and discarded

Battle ended

Battle initiated

Kiraya

Battle declared: Gundam Barbatos Lupus against Enemy Player

james

No blockers available

Action step

james

Passed

Kiraya

Passed

Battle started: Gundam Barbatos Lupus against Enemy Shield

james

Shield card: Close Combat revealed

Shield card: Close Combat moved to trash

Selecting target for Close Combat

Close Combat: Dealt 2 damage to Shiden Custom (Ryusei-Go), leaving 1 HP remaining

Battle ended

Turn end phase started

james

Passed

Kiraya

Passed

Turn ended!

Turn 16 started!

james

Sinanju deployed

Linked pilot: Full Frontal on unit Sinanju

Selecting target for Full Frontal

Battle initiated

james

Battle declared: Sinanju against Gundam Barbatos Adapt

Kiraya

Can't block High-maneuver

Action step

Kiraya

Passed

james

Passed

Battle started: Sinanju against Gundam Barbatos Adapt

Kiraya

Gundam Barbatos Adapt received 7 damage, now destroyed

james

Sinanju received 4 damage, leaving 2 HP remaining

Battle ended

james

Gundam Lfrith deployed

Turn end phase started

Kiraya

Passed

james

Passed

Turn ended!

Turn 17 started!

Kiraya

Played command: Overflowing Affection

Overflowing Affection: Draw 2 cards

Selecting target for Overflowing Affection

Hyakuren discarded

Activated: Gundam Barbatos Lupus

Ryusei-Go (Graze Custom Ⅱ), Gundam Barbatos Adapt and Hyakuren exiled from the game

Selecting target for Gundam Barbatos Lupus

Gundam Barbatos Lupus: Dealt 2 damage to Sinanju, now destroyed

Battle initiated

Kiraya

Battle declared: Shiden Custom (Ryusei-Go) against Enemy Player

james

Assigned Gundam Lfrith to block

Action step

james

Passed

Kiraya

Passed

Battle started: Shiden Custom (Ryusei-Go) against Gundam Lfrith

james

Gundam Lfrith received 4 damage, now destroyed

Kiraya

Shiden Custom (Ryusei-Go) received 2 damage, now destroyed

Battle ended

Battle initiated

Kiraya

Battle declared: Gundam Barbatos Lupus against Enemy Player

james

No blockers available

Action step

james

Passed

Kiraya

Passed

Battle started: Gundam Barbatos Lupus against Enemy Shield

james

Shield card: Aile Strike Gundam revealed and discarded

Battle ended

Turn end phase started

james

Passed

Kiraya

Passed

Turn ended!

Turn 18 started!

james

Justice Gundam deployed

Fatum-00 deployed

Paired pilot: Kira Yamato on unit Fatum-00

Aegis Gundam deployed

Turn end phase started

Kiraya

Passed

james

Passed

Turn ended!

Turn 19 started!

Kiraya

Gundam Gusion Rebake deployed

Selecting target for Gundam Gusion Rebake

Gundam Gusion Rebake: Dealt 1 damage to: Gundam Gusion Rebake and Fatum-00

Turn end phase started

james

Passed

Kiraya

Passed

Turn ended!

Turn 20 started!

james

Played base: Mining Asteroid Palau

No more Shield cards to add to hand

Battle initiated

james

Battle declared: Justice Gundam against Enemy Player

Kiraya

Assigned no blocker

Action step

Kiraya

Passed

james

Passed

Battle started: Justice Gundam against Isaribi

Kiraya

Isaribi received 5 damage, now destroyed

Battle ended

Battle initiated

james

Battle declared: Aegis Gundam against Enemy Player

Kiraya

Assigned no blocker

Action step

Kiraya

Passed

james

Passed

Battle started: Aegis Gundam against Enemy Shield

Kiraya

Shield card: Gundam Exia Repair revealed and discarded

Battle ended

james

Neo Zeong deployed

Selecting target for Neo Zeong

Neo Zeong: Dealt 3 damage to Gundam Barbatos Lupus, leaving 2 HP remaining

Turn end phase started

Kiraya

Passed

james

Passed

Turn ended!

Turn 21 started!

Kiraya

Gundam Flauros (Ryusei-Go) deployed

Selecting target for Gundam Flauros (Ryusei-Go)

Linked pilot: Mikazuki Augus on unit Gundam Barbatos Lupus

Selecting target for Mikazuki Augus

Winner!

Game ended!