Mobile Suit Arena - Battle logs
Game started!

Kiraya

Choose to play first

Choose to keep starting hand

Havok

Choose to keep starting hand

Turn 1 started!

Turn end phase started

Havok

Passed

Kiraya

Passed

Turn ended!

Turn 2 started!

Turn end phase started

Kiraya

Passed

Havok

Passed

Turn ended!

Turn 3 started!

Kiraya

Graze Custom deployed

Gundam Exia Repair deployed

Turn end phase started

Havok

Passed

Kiraya

Passed

Turn ended!

Turn 4 started!

Havok

Gyunei's Jagd Doga deployed

Turn end phase started

Kiraya

Passed

Havok

Passed

Turn ended!

Turn 5 started!

Battle initiated

Kiraya

Battle declared: Gundam Exia Repair against Enemy Player

Havok

No blockers available

Action step

Havok

Passed

Kiraya

Passed

Battle started: Gundam Exia Repair against EX Base

Havok

EX Base received 2 damage, leaving 1 HP remaining

Battle ended

Battle initiated

Kiraya

Battle declared: Graze Custom against Enemy Player

Havok

No blockers available

Action step

Havok

Passed

Kiraya

Passed

Battle started: Graze Custom against EX Base

Havok

EX Base received 2 damage, now destroyed

Battle ended

Kiraya

Gundam Exia Repair deployed

Graze Custom deployed

Played command: Overflowing Affection

Overflowing Affection: Draw 2 cards

Selecting target for Overflowing Affection

Hyakuren discarded

Turn end phase started

Havok

Passed

Kiraya

Passed

Turn ended!

Turn 6 started!

Battle initiated

Havok

Battle declared: Gyunei's Jagd Doga against Gundam Exia Repair

Kiraya

No blockers available

Action step

Kiraya

Passed

Havok

Passed

Battle started: Gyunei's Jagd Doga against Gundam Exia Repair

Kiraya

Gundam Exia Repair received 3 damage, now destroyed

Havok

Gyunei's Jagd Doga received 2 damage, now destroyed

Kiraya

Gundam Exia Repair milled 2: Gundam Flauros (Ryusei-Go) and Gundam Gusion Rebake moved to trash

Battle ended

Havok

Quess's Jagd Doga deployed

Linked pilot: Quess Paraya on unit Quess's Jagd Doga

Battle initiated

Havok

Battle declared: Quess's Jagd Doga against Graze Custom

Kiraya

No blockers available

Action step

Kiraya

Passed

Havok

Passed

Battle started: Quess's Jagd Doga against Graze Custom

Kiraya

Graze Custom received 4 damage, now destroyed

Havok

Quess's Jagd Doga received 2 damage, leaving 1 HP remaining

Battle ended

Turn end phase started

Kiraya

Passed

Havok

Passed

Turn ended!

Turn 7 started!

Kiraya

Replaced EX Base base: Isaribi

Shield card added to hand

Gundam Barbatos Adapt deployed

Selecting target for Gundam Barbatos Adapt

Gundam Barbatos Adapt: Dealt 1 damage to: Gundam Barbatos Adapt and Quess's Jagd Doga

Havok

No targets for Quess Paraya

Battle initiated

Kiraya

Battle declared: Gundam Exia Repair against Enemy Player

Havok

No blockers available

Action step

Havok

Passed

Kiraya

Passed

Battle started: Gundam Exia Repair against Enemy Shield

Havok

Shield card: Geara Doga revealed and discarded

Battle ended

Battle initiated

Kiraya

Battle declared: Graze Custom against Enemy Player

Havok

No blockers available

Action step

Havok

Passed

Kiraya

Passed

Battle started: Graze Custom against Enemy Shield

Havok

Shield card: Quess Paraya revealed

Shield card added to hand: Quess Paraya

Battle ended

Turn end phase started

Havok

Passed

Kiraya

Passed

Turn ended!

Turn 8 started!

Havok

Quess's Jagd Doga deployed

Linked pilot: Quess Paraya on unit Quess's Jagd Doga

Battle initiated

Havok

Battle declared: Quess's Jagd Doga against Gundam Exia Repair

Kiraya

No blockers available

Action step

Kiraya

Passed

Havok

Passed

Battle started: Quess's Jagd Doga against Gundam Exia Repair

Kiraya

Gundam Exia Repair received 4 damage, now destroyed

Havok

Quess's Jagd Doga received 2 damage, leaving 1 HP remaining

Kiraya

Gundam Exia Repair milled 2: Shiden Custom (Ryusei-Go) and Gundam Flauros (Ryusei-Go) moved to trash

Battle ended

Havok

Schuzrum-Galluss deployed

Turn end phase started

Kiraya

Passed

Havok

Passed

Turn ended!

Turn 9 started!

Kiraya

Gundam Barbatos 1st Form deployed

Gundam Barbatos Adapt deployed

Selecting target for Gundam Barbatos Adapt

Gundam Barbatos Adapt: Dealt 1 damage to: Gundam Barbatos 1st Form and Quess's Jagd Doga

Havok

Selecting target for Quess Paraya

Quess Paraya: Modifier applied to: Schuzrum-Galluss

Battle initiated

Kiraya

Battle declared: Graze Custom against Enemy Player

Havok

No blockers available

Action step

Havok

Passed

Kiraya

Passed

Battle started: Graze Custom against Enemy Shield

Havok

Shield card: Alpha Azieru revealed and discarded

Battle ended

Battle initiated

Kiraya

Battle declared: Gundam Barbatos Adapt against Enemy Player

Havok

No blockers available

Action step

Havok

Passed

Kiraya

Passed

Battle started: Gundam Barbatos Adapt against Enemy Shield

Havok

Shield card: Char Aznable revealed

Shield card added to hand: Char Aznable

Battle ended

Turn end phase started

Havok

Passed

Kiraya

Passed

Turn ended!

Turn 10 started!

Havok

Gyunei's Jagd Doga deployed

Linked pilot: Char Aznable on unit Gyunei's Jagd Doga

Selecting target for Char Aznable

Battle initiated

Havok

Battle declared: Gyunei's Jagd Doga against Gundam Barbatos Adapt

Kiraya

No blockers available

Action step

Kiraya

Passed

Havok

Passed

Battle started: Gyunei's Jagd Doga against Gundam Barbatos Adapt

Kiraya

Gundam Barbatos Adapt received 5 damage, now destroyed

Havok

Gyunei's Jagd Doga received 2 damage, leaving 2 HP remaining

Battle ended

Battle initiated

Havok

Battle declared: Schuzrum-Galluss against Graze Custom

Kiraya

No blockers available

Action step

Kiraya

Passed

Havok

Passed

Battle started: Schuzrum-Galluss against Graze Custom

Kiraya

Graze Custom received 4 damage, now destroyed

Havok

Schuzrum-Galluss received 2 damage, leaving 1 HP remaining

Battle ended

Havok

Gyunei's Jagd Doga deployed

Turn end phase started

Kiraya

Passed

Havok

Passed

Turn ended!

Turn 11 started!

Kiraya

Linked pilot: Mikazuki Augus on unit Gundam Barbatos 1st Form

Selecting target for Mikazuki Augus

Mikazuki Augus: Dealt 1 damage to: Gundam Barbatos Adapt and Schuzrum-Galluss

Battle initiated

Kiraya

Battle declared: Gundam Barbatos Adapt against Enemy Player

Havok

No blockers available

Action step

Havok

Passed

Kiraya

Passed

Battle started: Gundam Barbatos Adapt against Enemy Shield

Havok

Shield card: Alpha Azieru revealed and discarded

Battle ended

Battle initiated

Kiraya

Battle declared: Gundam Barbatos 1st Form against Enemy Player

Gundam Barbatos 1st Form: Draw a card

Havok

No blockers available

Action step

Havok

Passed

Kiraya

Passed

Battle started: Gundam Barbatos 1st Form against Enemy Shield

Havok

Shield card: Geara Doga revealed and discarded

Battle ended

Kiraya

Shiden Custom (Ryusei-Go) deployed

Hyakuren deployed

Turn end phase started

Havok

Passed

Kiraya

Passed

Turn ended!

Turn 12 started!

Havok

Played command: Airframe Seizure

Selecting target for Airframe Seizure

Alpha Azieru discarded

Airframe Seizure: Draw 2 cards

Played base: Axis

No more Shield cards to add to hand

Gyunei's Jagd Doga deployed

Battle initiated

Havok

Battle declared: Gyunei's Jagd Doga against Gundam Barbatos Adapt

Kiraya

Assigned no blocker

Action step

Kiraya

Passed

Havok

Passed

Battle started: Gyunei's Jagd Doga against Gundam Barbatos Adapt

Kiraya

Gundam Barbatos Adapt received 3 damage, now destroyed

Havok

Gyunei's Jagd Doga received 2 damage, now destroyed

Battle ended

Battle initiated

Havok

Battle declared: Gyunei's Jagd Doga against Gundam Barbatos 1st Form

Kiraya

Assigned Shiden Custom (Ryusei-Go) to block

Action step

Kiraya

Passed

Havok

Passed

Battle started: Gyunei's Jagd Doga against Shiden Custom (Ryusei-Go)

Kiraya

Shiden Custom (Ryusei-Go) received 5 damage, now destroyed

Havok

Gyunei's Jagd Doga received 4 damage, now destroyed

Battle ended

Turn end phase started

Kiraya

Passed

Havok

Passed

Turn ended!

Turn 13 started!

Kiraya

Activated: Isaribi

Rested base: Isaribi

Isaribi: Modifier applied to: Gundam Barbatos 1st Form

Battle initiated

Kiraya

Battle declared: Gundam Barbatos 1st Form against Enemy Player

Gundam Barbatos 1st Form: Draw a card

Havok

No blockers available

Action step

Kiraya

Winner!

Game ended!