Mobile Suit Arena - Battle logs
Game started!

BIGDOG

Choose to play second

Choose to keep starting hand

Kiraya

Choose to mulligan starting hand

Turn 1 started!

Turn end phase started

BIGDOG

Passed

Kiraya

Passed

Turn ended!

Turn 2 started!

Turn end phase started

Kiraya

Passed

BIGDOG

Passed

Turn ended!

Turn 3 started!

Turn end phase started

BIGDOG

Passed

Kiraya

Passed

Turn ended!

Turn 4 started!

BIGDOG

Kayra's Re-GZ deployed

Selecting target for Kayra's Re-GZ

Turn end phase started

Kiraya

Passed

BIGDOG

Passed

Turn ended!

Turn 5 started!

Kiraya

Gundam Exia Repair deployed

Ryusei-Go (Graze Custom Ⅱ) deployed

Selecting target for Ryusei-Go (Graze Custom Ⅱ)

Ryusei-Go (Graze Custom Ⅱ): Dealt 1 damage to Ryusei-Go (Graze Custom Ⅱ), leaving 1 HP remaining

Ryusei-Go (Graze Custom Ⅱ): Draw a card

Selecting target for Ryusei-Go (Graze Custom Ⅱ)

Become a Shield discarded

Turn end phase started

BIGDOG

Passed

Kiraya

Passed

Turn ended!

Turn 6 started!

BIGDOG

Re-GZ deployed

Battle initiated

BIGDOG

Battle declared: Kayra's Re-GZ against Enemy Player

Kiraya

No blockers available

Action step

Kiraya

Passed

BIGDOG

Passed

Battle started: Kayra's Re-GZ against EX Base

Kiraya

EX Base received 3 damage, now destroyed

Battle ended

Turn end phase started

Kiraya

Passed

BIGDOG

Passed

Turn ended!

Turn 7 started!

Kiraya

Played base: Isaribi

Shield card added to hand

Activated: Isaribi

Rested base: Isaribi

Isaribi: Modifier applied to: Ryusei-Go (Graze Custom Ⅱ)

Battle initiated

Kiraya

Battle declared: Ryusei-Go (Graze Custom Ⅱ) against Enemy Player

BIGDOG

No blockers available

Action step

BIGDOG

Passed

Kiraya

Passed

Battle started: Ryusei-Go (Graze Custom Ⅱ) against EX Base

BIGDOG

EX Base received 4 damage, now destroyed

Battle ended

Battle initiated

Kiraya

Battle declared: Gundam Exia Repair against Kayra's Re-GZ

BIGDOG

No blockers available

Action step

BIGDOG

Passed

Kiraya

Passed

Battle started: Gundam Exia Repair against Kayra's Re-GZ

BIGDOG

Kayra's Re-GZ received 2 damage, leaving 1 HP remaining

Kiraya

Gundam Exia Repair received 3 damage, now destroyed

Gundam Exia Repair: destroyed Kayra's Re-GZ

Gundam Exia Repair milled 2: Overflowing Affection and Ryusei-Go (Graze Custom Ⅱ) moved to trash

Battle ended

Kiraya

Shiden Custom (Ryusei-Go) deployed

Turn end phase started

BIGDOG

Passed

Kiraya

Passed

Turn ended!

Turn 8 started!

BIGDOG

Played base: Ra Cailum

Shield card added to hand

Re-GZ BWS deployed

Placed 1 Resource EX

Battle initiated

BIGDOG

Battle declared: Re-GZ against Enemy Player

Kiraya

Assigned no blocker

Action step

Kiraya

Passed

BIGDOG

Passed

Battle started: Re-GZ against Isaribi

Kiraya

Isaribi received 4 damage, leaving 1 HP remaining

Battle ended

Turn end phase started

Kiraya

Passed

BIGDOG

Passed

Turn ended!

Turn 9 started!

Kiraya

Gundam Barbatos Adapt deployed

Selecting target for Gundam Barbatos Adapt

Gundam Barbatos Adapt: Dealt 1 damage to: Shiden Custom (Ryusei-Go) and Re-GZ BWS

Gundam Barbatos Adapt deployed

Selecting target for Gundam Barbatos Adapt

Gundam Barbatos Adapt: Dealt 1 damage to: Gundam Barbatos Adapt and Re-GZ BWS

Activated: Isaribi

Rested base: Isaribi

Isaribi: Modifier applied to: Shiden Custom (Ryusei-Go)

Battle initiated

Kiraya

Battle declared: Shiden Custom (Ryusei-Go) against Enemy Player

BIGDOG

No blockers available

Action step

BIGDOG

Passed

Kiraya

Passed

Battle started: Shiden Custom (Ryusei-Go) against Ra Cailum

BIGDOG

Ra Cailum received 6 damage, now destroyed

Battle ended

Battle initiated

Kiraya

Battle declared: Ryusei-Go (Graze Custom Ⅱ) against Re-GZ

BIGDOG

No blockers available

Action step

BIGDOG

Passed

Kiraya

Passed

Battle started: Ryusei-Go (Graze Custom Ⅱ) against Re-GZ

BIGDOG

Re-GZ received 2 damage, now destroyed

Kiraya

Ryusei-Go (Graze Custom Ⅱ) received 4 damage, now destroyed

BIGDOG

Selecting target for Re-GZ

Card added to hand: Kayra's Re-GZ

Battle ended

Kiraya

Graze Custom deployed

Turn end phase started

BIGDOG

Passed

Kiraya

Passed

Turn ended!

Turn 10 started!

BIGDOG

Kayra's Re-GZ deployed

Selecting target for Kayra's Re-GZ

Re-GZ deployed

Turn end phase started

Kiraya

Passed

BIGDOG

Passed

Turn ended!

Turn 11 started!

Kiraya

Gundam Barbatos 4th Form deployed

Selecting target for Gundam Barbatos 4th Form

Gundam Barbatos 4th Form: Dealt 1 damage to Gundam Barbatos Adapt, leaving 3 HP remaining

Gundam Barbatos 4th Form: Modifier applied to: Gundam Barbatos Adapt

Ryusei-Go (Graze Custom Ⅱ) deployed

Selecting target for Ryusei-Go (Graze Custom Ⅱ)

Ryusei-Go (Graze Custom Ⅱ): Dealt 1 damage to Gundam Barbatos 4th Form, leaving 4 HP remaining

Ryusei-Go (Graze Custom Ⅱ): Draw a card

Selecting target for Ryusei-Go (Graze Custom Ⅱ)

Isaribi discarded

Battle initiated

Kiraya

Battle declared: Graze Custom against Enemy Player

BIGDOG

No blockers available

Action step

BIGDOG

Passed

Kiraya

Passed

Battle started: Graze Custom against Enemy Shield

BIGDOG

Shield card: Gundam revealed and discarded

Battle ended

Battle initiated

Kiraya

Battle declared: Gundam Barbatos Adapt against Enemy Player

BIGDOG

No blockers available

Action step

BIGDOG

Passed

Kiraya

Passed

Battle started: Gundam Barbatos Adapt against Enemy Shield

BIGDOG

Shield card: Jegan revealed and discarded

Battle ended

Battle initiated

Kiraya

Battle declared: Gundam Barbatos Adapt against Enemy Player

BIGDOG

No blockers available

Action step

BIGDOG

Passed

Kiraya

Passed

Battle started: Gundam Barbatos Adapt against Enemy Shield

BIGDOG

Shield card: Re-GZ BWS revealed and discarded

Battle ended

Turn end phase started

BIGDOG

Passed

Kiraya

Passed

Turn ended!

Turn 12 started!

Battle initiated

BIGDOG

Battle declared: Kayra's Re-GZ against Gundam Barbatos Adapt

Kiraya

Assigned no blocker

Action step

Kiraya

Passed

BIGDOG

Passed

Battle started: Kayra's Re-GZ against Gundam Barbatos Adapt

Kiraya

Gundam Barbatos Adapt received 3 damage, now destroyed

BIGDOG

Kayra's Re-GZ received 2 damage, leaving 1 HP remaining

Battle ended

Battle initiated

BIGDOG

Battle declared: Re-GZ against Gundam Barbatos Adapt

Kiraya

Assigned Shiden Custom (Ryusei-Go) to block

Action step

Kiraya

Passed

BIGDOG

Passed

Battle started: Re-GZ against Shiden Custom (Ryusei-Go)

Kiraya

Shiden Custom (Ryusei-Go) received 4 damage, now destroyed

BIGDOG

Re-GZ received 4 damage, now destroyed

Selecting target for Re-GZ

Card added to hand: Nu Gundam

Battle ended

BIGDOG

Nu Gundam deployed

Linked pilot: Amuro Ray on unit Nu Gundam

Selecting target for Nu Gundam

Kayra's Re-GZ, Re-GZ BWS and Jegan exiled from the game

Selecting target for Nu Gundam

Battle started: Nu Gundam against Gundam Barbatos 4th Form

Kiraya

Gundam Barbatos 4th Form received 7 damage, now destroyed

BIGDOG

Nu Gundam received 4 damage, leaving 3 HP remaining

Kiraya

Breach 5: : Isaribi received 5 damage, now destroyed

BIGDOG

Healed 2 damage to: Nu Gundam

Battle ended

Battle initiated

BIGDOG

Battle declared: Nu Gundam against Gundam Barbatos Adapt

Kiraya

No blockers available

Action step

Kiraya

Passed

BIGDOG

Passed

Battle started: Nu Gundam against Gundam Barbatos Adapt

Kiraya

Gundam Barbatos Adapt received 7 damage, now destroyed

BIGDOG

Nu Gundam received 2 damage, leaving 3 HP remaining

Kiraya

Breach 5 Shield card: Hyakuren revealed and discarded

BIGDOG

Healed 2 damage to: Nu Gundam

Battle ended

Turn end phase started

Kiraya

Passed

BIGDOG

Passed

Turn ended!

Turn 13 started!

Kiraya

Gundam Barbatos Lupus deployed

Played command: Overflowing Affection

Overflowing Affection: Draw 2 cards

Selecting target for Overflowing Affection

Graze Custom discarded

Activated: Gundam Barbatos Lupus

Gundam Barbatos Adapt, Hyakuren and Graze Custom exiled from the game

Selecting target for Gundam Barbatos Lupus

Gundam Barbatos Lupus: Dealt 2 damage to Nu Gundam, leaving 3 HP remaining

Activated: Gundam Barbatos Lupus

Gundam Barbatos Adapt, Shiden Custom (Ryusei-Go) and Gundam Barbatos 4th Form exiled from the game

Selecting target for Gundam Barbatos Lupus

Gundam Barbatos Lupus: Dealt 2 damage to Nu Gundam, leaving 1 HP remaining

Battle initiated

Kiraya

Battle declared: Ryusei-Go (Graze Custom Ⅱ) against Nu Gundam

BIGDOG

No blockers available

Action step

BIGDOG

Passed

Kiraya

Passed

Battle started: Ryusei-Go (Graze Custom Ⅱ) against Nu Gundam

BIGDOG

Nu Gundam received 2 damage, now destroyed

Kiraya

Ryusei-Go (Graze Custom Ⅱ) received 7 damage, now destroyed

Battle ended

Battle initiated

Kiraya

Battle declared: Graze Custom against Kayra's Re-GZ

BIGDOG

No blockers available

Action step

BIGDOG

Passed

Kiraya

Passed

Battle started: Graze Custom against Kayra's Re-GZ

BIGDOG

Kayra's Re-GZ received 2 damage, now destroyed

Kiraya

Graze Custom received 3 damage, now destroyed

Battle ended

Turn end phase started

BIGDOG

Passed

Kiraya

Passed

Turn ended!

Turn 14 started!

BIGDOG

Re-GZ deployed

Linked pilot: Amuro Ray on unit Re-GZ

Selecting target for Amuro Ray

Rested unit: Gundam Barbatos Lupus

Battle initiated

BIGDOG

Battle declared: Re-GZ against Gundam Barbatos Lupus

Kiraya

No blockers available

Action step

Kiraya

Passed

BIGDOG

Passed

Battle started: Re-GZ against Gundam Barbatos Lupus

Kiraya

Gundam Barbatos Lupus received 6 damage, now destroyed

BIGDOG

Re-GZ received 5 damage, now destroyed

Selecting target for Re-GZ

Card added to hand: Nu Gundam

Battle ended

BIGDOG

Nu Gundam deployed

Placed 1 Resource EX

Jegan deployed

Turn end phase started

Kiraya

Passed

BIGDOG

Passed

Turn ended!

Turn 15 started!

Kiraya

Gundam Flauros (Ryusei-Go) deployed

Selecting target for Gundam Flauros (Ryusei-Go)

Gundam Barbatos 1st Form deployed

Gundam Barbatos Adapt deployed

Selecting target for Gundam Barbatos Adapt

Gundam Barbatos Adapt: Dealt 1 damage to: Gundam Barbatos 1st Form and Nu Gundam

Turn end phase started

BIGDOG

Passed

Kiraya

Passed

Turn ended!

Turn 16 started!

BIGDOG

Nu Gundam deployed

Placed 1 Resource EX

Kiraya

Winner!

Game ended!