Mobile Suit Arena - Battle logs
Game started!

코끼리는코와붕가

Choose to play second

Choose to mulligan starting hand

Kiraya

Choose to mulligan starting hand

Turn 1 started!

Turn end phase started

코끼리는코와붕가

Passed

Kiraya

Passed

Turn ended!

Turn 2 started!

코끼리는코와붕가

Gundam Exia Repair deployed

Turn end phase started

Kiraya

Passed

코끼리는코와붕가

Passed

Turn ended!

Turn 3 started!

Kiraya

Gundam Exia Repair deployed

Turn end phase started

코끼리는코와붕가

Passed

Kiraya

Passed

Turn ended!

Turn 4 started!

Battle initiated

코끼리는코와붕가

Battle declared: Gundam Exia Repair against Enemy Player

Kiraya

No blockers available

Action step

Kiraya

Passed

코끼리는코와붕가

Passed

Battle started: Gundam Exia Repair against EX Base

Kiraya

EX Base received 2 damage, leaving 1 HP remaining

Battle ended

Turn end phase started

Kiraya

Passed

코끼리는코와붕가

Passed

Turn ended!

Turn 5 started!

Kiraya

Gundam Barbatos 1st Form deployed

Played action: Become a Shield

Selecting target for Become a Shield

Become a Shield: Dealt 1 damage to: Gundam Barbatos 1st Form and Gundam Exia Repair

코끼리는코와붕가

Gundam Exia Repair milled 2: Destiny Gundam and Overflowing Affection moved to trash

Battle initiated

Kiraya

Battle declared: Gundam Exia Repair against Enemy Player

코끼리는코와붕가

No blockers available

Action step

코끼리는코와붕가

Passed

Kiraya

Passed

Battle started: Gundam Exia Repair against EX Base

코끼리는코와붕가

EX Base received 2 damage, leaving 1 HP remaining

Battle ended

Turn end phase started

코끼리는코와붕가

Passed

Kiraya

Passed

Turn ended!

Turn 6 started!

코끼리는코와붕가

Played action: Giant Killing

Giant Killing: destroyed Gundam Barbatos 1st Form

Turn end phase started

Kiraya

Passed

코끼리는코와붕가

Passed

Turn ended!

Turn 7 started!

Battle initiated

Kiraya

Battle declared: Gundam Exia Repair against Enemy Player

코끼리는코와붕가

No blockers available

Action step

코끼리는코와붕가

Passed

Kiraya

Passed

Battle started: Gundam Exia Repair against EX Base

코끼리는코와붕가

EX Base received 2 damage, now destroyed

Battle ended

Kiraya

Ryusei-Go (Graze Custom Ⅱ) deployed

Selecting target for Ryusei-Go (Graze Custom Ⅱ)

Ryusei-Go (Graze Custom Ⅱ): Dealt 1 damage to Ryusei-Go (Graze Custom Ⅱ), leaving 1 HP remaining

Ryusei-Go (Graze Custom Ⅱ): Draw a card

Selecting target for Ryusei-Go (Graze Custom Ⅱ)

Gundam Gusion Rebake discarded

Ryusei-Go (Graze Custom Ⅱ) deployed

Selecting target for Ryusei-Go (Graze Custom Ⅱ)

Ryusei-Go (Graze Custom Ⅱ): Dealt 1 damage to Ryusei-Go (Graze Custom Ⅱ), leaving 1 HP remaining

Ryusei-Go (Graze Custom Ⅱ): Draw a card

Selecting target for Ryusei-Go (Graze Custom Ⅱ)

Mikazuki Augus discarded

Turn end phase started

코끼리는코와붕가

Passed

Kiraya

Passed

Turn ended!

Turn 8 started!

코끼리는코와붕가

Strike Gundam deployed

Strike Gundam: Draw a card

Selecting target for Strike Gundam

Destiny Gundam discarded

Turn end phase started

Kiraya

Passed

코끼리는코와붕가

Passed

Turn ended!

Turn 9 started!

Battle initiated

Kiraya

Battle declared: Gundam Exia Repair against Enemy Player

코끼리는코와붕가

No blockers available

Action step

코끼리는코와붕가

Passed

Kiraya

Passed

Battle started: Gundam Exia Repair against Enemy Shield

코끼리는코와붕가

Shield card: Force Impulse Gundam revealed and discarded

Battle ended

Battle initiated

Kiraya

Battle declared: Ryusei-Go (Graze Custom Ⅱ) against Enemy Player

코끼리는코와붕가

No blockers available

Action step

코끼리는코와붕가

Passed

Kiraya

Passed

Battle started: Ryusei-Go (Graze Custom Ⅱ) against Enemy Shield

코끼리는코와붕가

Shield card: Gundam Exia Repair revealed and discarded

Battle ended

Battle initiated

Kiraya

Battle declared: Ryusei-Go (Graze Custom Ⅱ) against Enemy Player

코끼리는코와붕가

No blockers available

Action step

코끼리는코와붕가

Passed

Kiraya

Passed

Battle started: Ryusei-Go (Graze Custom Ⅱ) against Enemy Shield

코끼리는코와붕가

Shield card: Kapool revealed and discarded

Battle ended

Kiraya

Hyakuren deployed

Hyakuren deployed

Turn end phase started

코끼리는코와붕가

Passed

Kiraya

Passed

Turn ended!

Turn 10 started!

코끼리는코와붕가

Impulse Gundam deployed

Linked pilot: Shinn Asuka on unit Impulse Gundam

Battle initiated

코끼리는코와붕가

Battle declared: Impulse Gundam against Gundam Exia Repair

Shinn Asuka: 1 resource set as active

Kiraya

No blockers available

Action step

Kiraya

Passed

코끼리는코와붕가

Passed

Battle started: Impulse Gundam against Gundam Exia Repair

Kiraya

Gundam Exia Repair received 6 damage, now destroyed

코끼리는코와붕가

Impulse Gundam received 2 damage, leaving 1 HP remaining

Kiraya

Gundam Exia Repair milled 2: Gundam Gusion Rebake and Overflowing Affection moved to trash

Battle ended

코끼리는코와붕가

Activated: Impulse Gundam

Rested 2 Resources

Impulse Gundam and Shinn Asuka returned to deck

Force Impulse Gundam deployed

Linked pilot: Shinn Asuka on unit Force Impulse Gundam

Battle initiated

코끼리는코와붕가

Battle declared: Force Impulse Gundam against Ryusei-Go (Graze Custom Ⅱ)

Shinn Asuka: 1 resource set as active

Kiraya

No blockers available

Action step

Kiraya

Passed

코끼리는코와붕가

Passed

Battle started: Force Impulse Gundam against Ryusei-Go (Graze Custom Ⅱ)

Kiraya

Ryusei-Go (Graze Custom Ⅱ) received 8 damage, now destroyed

코끼리는코와붕가

Force Impulse Gundam received 2 damage, leaving 2 HP remaining

Battle ended

Battle initiated

코끼리는코와붕가

Battle declared: Strike Gundam against Ryusei-Go (Graze Custom Ⅱ)

Kiraya

No blockers available

Action step

Kiraya

Passed

코끼리는코와붕가

Passed

Battle started: Strike Gundam against Ryusei-Go (Graze Custom Ⅱ)

Kiraya

Ryusei-Go (Graze Custom Ⅱ) received 3 damage, now destroyed

코끼리는코와붕가

Strike Gundam received 2 damage, leaving 1 HP remaining

Battle ended

코끼리는코와붕가

Paired pilot: Loran Cehack on unit Strike Gundam

Turn end phase started

Kiraya

Passed

코끼리는코와붕가

Passed

Turn ended!

Turn 11 started!

Kiraya

Gundam Gusion Rebake deployed

Selecting target for Gundam Gusion Rebake

Gundam Gusion Rebake: Dealt 1 damage to: Hyakuren and Strike Gundam

Paired pilot: Mikazuki Augus on unit Gundam Gusion Rebake

Selecting target for Mikazuki Augus

Mikazuki Augus: Dealt 1 damage to: Hyakuren and Strike Gundam

Battle initiated

Kiraya

Battle declared: Hyakuren against Force Impulse Gundam

코끼리는코와붕가

No blockers available

Action step

코끼리는코와붕가

Passed

Kiraya

Passed

Battle started: Hyakuren against Force Impulse Gundam

코끼리는코와붕가

Force Impulse Gundam received 4 damage, now destroyed

Kiraya

Hyakuren received 8 damage, now destroyed

코끼리는코와붕가

Selecting target for Force Impulse Gundam

Destiny Gundam returned to hand

Battle ended

Battle initiated

Kiraya

Battle declared: Hyakuren against Enemy Player

코끼리는코와붕가

No blockers available

Action step

코끼리는코와붕가

Passed

Kiraya

Passed

Battle started: Hyakuren against Enemy Shield

코끼리는코와붕가

Shield card: Force Impulse Gundam revealed and discarded

Battle ended

Turn end phase started

코끼리는코와붕가

Passed

Kiraya

Passed

Turn ended!

Turn 12 started!

코끼리는코와붕가

Destiny Gundam deployed

Turn end phase started

Kiraya

Passed

코끼리는코와붕가

Passed

Turn ended!

Turn 13 started!

Battle initiated

Kiraya

Battle declared: Hyakuren against Enemy Player

코끼리는코와붕가

No blockers available

Action step

코끼리는코와붕가

Passed

Kiraya

Passed

Battle started: Hyakuren against Enemy Shield

코끼리는코와붕가

Shield card: ∀ Gundam revealed and discarded

Battle ended

Battle initiated

Kiraya

Battle declared: Gundam Gusion Rebake against Enemy Player

코끼리는코와붕가

No blockers available

Action step

코끼리는코와붕가

Passed

Kiraya

Passed

Battle started: Gundam Gusion Rebake against Enemy Shield

코끼리는코와붕가

Shield card: ∀ Gundam revealed and discarded

Battle ended

Kiraya

Gundam Barbatos Adapt deployed

Selecting target for Gundam Barbatos Adapt

Gundam Barbatos Adapt: Dealt 1 damage to: Gundam Barbatos Adapt and Destiny Gundam

Linked pilot: Mikazuki Augus on unit Gundam Barbatos Adapt

Selecting target for Mikazuki Augus

Winner!

Game ended!