Mobile Suit Arena - Battle logs
Game started!

Barbanja

Choose to play second

Kiraya

Choose to keep starting hand

Barbanja

Choose to keep starting hand

Turn 1 started!

Turn end phase started

Barbanja

Passed

Kiraya

Passed

Turn ended!

Turn 2 started!

Barbanja

Javelin deployed

Turn end phase started

Kiraya

Passed

Barbanja

Passed

Turn ended!

Turn 3 started!

Kiraya

Graze Custom deployed

Gundam Exia Repair deployed

Turn end phase started

Barbanja

Passed

Kiraya

Passed

Turn ended!

Turn 4 started!

Barbanja

Victory Gundam deployed

Turn end phase started

Kiraya

Passed

Barbanja

Passed

Turn ended!

Turn 5 started!

Battle initiated

Kiraya

Battle declared: Gundam Exia Repair against Enemy Player

Barbanja

No blockers available

Action step

Barbanja

Passed

Kiraya

Passed

Battle started: Gundam Exia Repair against EX Base

Barbanja

EX Base received 2 damage, leaving 1 HP remaining

Battle ended

Battle initiated

Kiraya

Battle declared: Graze Custom against Enemy Player

Barbanja

No blockers available

Action step

Barbanja

Passed

Kiraya

Passed

Battle started: Graze Custom against EX Base

Barbanja

EX Base received 2 damage, now destroyed

Battle ended

Kiraya

Hyakuren deployed

Turn end phase started

Barbanja

Passed

Kiraya

Passed

Turn ended!

Turn 6 started!

Barbanja

Played base: Reineforce Jr.

Shield card added to hand

Parts deployed

Battle initiated

Barbanja

Battle declared: Victory Gundam against Enemy Player

Kiraya

No blockers available

Action step

Kiraya

Passed

Barbanja

Passed

Battle started: Victory Gundam against EX Base

Kiraya

EX Base received 3 damage, now destroyed

Battle ended

Barbanja

Victory Gundam deployed

Battle initiated

Barbanja

Battle declared: Javelin against Gundam Exia Repair

Kiraya

No blockers available

Action step

Kiraya

Passed

Barbanja

Passed

Battle started: Javelin against Gundam Exia Repair

Kiraya

Gundam Exia Repair received 2 damage, now destroyed

Barbanja

Javelin received 2 damage, now destroyed

Kiraya

Gundam Exia Repair milled 2: Gundam Barbatos 1st Form and Graze Custom moved to trash

Battle ended

Turn end phase started

Kiraya

Passed

Barbanja

Passed

Turn ended!

Turn 7 started!

Kiraya

Gundam Barbatos Adapt deployed

Selecting target for Gundam Barbatos Adapt

Gundam Barbatos Adapt: Dealt 1 damage to: Gundam Barbatos Adapt and Victory Gundam

Linked pilot: Mikazuki Augus on unit Gundam Barbatos Adapt

Selecting target for Mikazuki Augus

Mikazuki Augus: Dealt 1 damage to: Gundam Barbatos Adapt and Victory Gundam

Barbanja

Parts deployed

Kiraya

Paired pilot: Mikazuki Augus on unit Hyakuren

Selecting target for Mikazuki Augus

Mikazuki Augus: Dealt 1 damage to: Hyakuren and Parts

Battle initiated

Kiraya

Battle declared: Hyakuren against Enemy Player

Barbanja

No blockers available

Action step

Barbanja

Passed

Kiraya

Passed

Battle started: Hyakuren against Reineforce Jr.

Barbanja

Reineforce Jr. received 6 damage, now destroyed

Battle ended

Battle initiated

Kiraya

Battle declared: Gundam Barbatos Adapt against Enemy Player

Barbanja

No blockers available

Action step

Barbanja

Passed

Kiraya

Passed

Battle started: Gundam Barbatos Adapt against Enemy Shield

Barbanja

Shield card: Strike Rouge (Ootori) revealed and discarded

Battle ended

Battle initiated

Kiraya

Battle declared: Graze Custom against Victory Gundam

Barbanja

No blockers available

Action step

Barbanja

Passed

Kiraya

Passed

Battle started: Graze Custom against Victory Gundam

Barbanja

Victory Gundam received 2 damage, now destroyed

Kiraya

Graze Custom received 3 damage, now destroyed

Barbanja

Parts deployed

Battle ended

Turn end phase started

Barbanja

Passed

Kiraya

Passed

Turn ended!

Turn 8 started!

Barbanja

Played command: Overflowing Affection

Overflowing Affection: Draw 2 cards

Selecting target for Overflowing Affection

Javelin discarded

Strike Rouge (Ootori) deployed

Linked pilot: Kira Yamato on unit Strike Rouge (Ootori)

Kira Yamato: Draw a card

Battle initiated

Barbanja

Battle declared: Strike Rouge (Ootori) against Gundam Barbatos Adapt

Kiraya

No blockers available

Action step

Kiraya

Passed

Barbanja

Passed

Battle started: Strike Rouge (Ootori) against Gundam Barbatos Adapt

Kiraya

Gundam Barbatos Adapt received 5 damage, now destroyed

Barbanja

Strike Rouge (Ootori) received 4 damage, leaving 2 HP remaining

Battle ended

Turn end phase started

Kiraya

Passed

Barbanja

Passed

Turn ended!

Turn 9 started!

Kiraya

Gundam Flauros (Ryusei-Go) deployed

Selecting target for Gundam Flauros (Ryusei-Go)

Linked pilot: Mikazuki Augus on unit Gundam Flauros (Ryusei-Go)

Selecting target for Mikazuki Augus

Mikazuki Augus: Dealt 1 damage to: Gundam Flauros (Ryusei-Go) and Strike Rouge (Ootori)

Battle initiated

Kiraya

Battle declared: Gundam Flauros (Ryusei-Go) against Enemy Player

Selecting target for Gundam Flauros (Ryusei-Go)

Barbanja

No blockers available

Action step

Barbanja

Passed

Kiraya

Passed

Battle started: Gundam Flauros (Ryusei-Go) against Enemy Shield

Barbanja

Shield card: Victory Gundam revealed and discarded

Battle ended

Battle initiated

Kiraya

Battle declared: Hyakuren against Enemy Player

Barbanja

No blockers available

Action step

Barbanja

Passed

Kiraya

Passed

Battle started: Hyakuren against Enemy Shield

Barbanja

Shield card: Victory Gundam revealed and discarded

Battle ended

Turn end phase started

Barbanja

Passed

Kiraya

Passed

Turn ended!

Turn 10 started!

Barbanja

Victory Gundam deployed

Played base: Reineforce Jr.

Shield card added to hand

Parts deployed

Linked pilot: Üso Ewin on unit Victory Gundam

Parts deployed

Battle initiated

Barbanja

Battle declared: Victory Gundam against Gundam Flauros (Ryusei-Go)

Victory Gundam: Draw a card

Kiraya

No blockers available

Action step

Kiraya

Passed

Barbanja

Passed

Battle started: Victory Gundam against Gundam Flauros (Ryusei-Go)

Kiraya

Gundam Flauros (Ryusei-Go) received 5 damage, now destroyed

Barbanja

Victory Gundam received 7 damage, now destroyed

Battle ended

Battle initiated

Barbanja

Battle declared: Strike Rouge (Ootori) against Hyakuren

Kiraya

No blockers available

Action step

Kiraya

Passed

Barbanja

Passed

Battle started: Strike Rouge (Ootori) against Hyakuren

Kiraya

Hyakuren received 5 damage, now destroyed

Barbanja

Strike Rouge (Ootori) received 6 damage, now destroyed

Battle ended

Turn end phase started

Kiraya

Passed

Barbanja

Passed

Turn ended!

Turn 11 started!

Kiraya

Shiden Custom (Ryusei-Go) deployed

Gundam Barbatos Adapt deployed

Selecting target for Gundam Barbatos Adapt

Gundam Barbatos Adapt: Dealt 1 damage to: Gundam Barbatos Adapt and Parts

Turn end phase started

Barbanja

Passed

Kiraya

Passed

Turn ended!

Turn 12 started!

Barbanja

V2 Gundam deployed

Linked pilot: Üso Ewin on unit V2 Gundam

Parts deployed

Battle initiated

Barbanja

Battle declared: V2 Gundam against Enemy Player

Kiraya

Assigned no blocker

Action step

Kiraya

Passed

Barbanja

Passed

Battle started: V2 Gundam against Enemy Shield

Kiraya

Shield card: Gundam Gusion Rebake revealed and discarded

Battle ended

Barbanja

Activated: V2 Gundam

Rested unit: Parts

Rested unit: Parts

Set Active: V2 Gundam

Turn end phase started

Kiraya

Passed

Barbanja

Passed

Turn ended!

Turn 13 started!

Kiraya

Ryusei-Go (Graze Custom Ⅱ) deployed

Selecting target for Ryusei-Go (Graze Custom Ⅱ)

Ryusei-Go (Graze Custom Ⅱ): Dealt 1 damage to Ryusei-Go (Graze Custom Ⅱ), leaving 1 HP remaining

Ryusei-Go (Graze Custom Ⅱ): Draw a card

Selecting target for Ryusei-Go (Graze Custom Ⅱ)

Gundam Exia Repair discarded

Linked pilot: Mikazuki Augus on unit Gundam Barbatos Adapt

Selecting target for Mikazuki Augus

Mikazuki Augus: Dealt 1 damage to: Gundam Barbatos Adapt and Parts

Battle initiated

Kiraya

Battle declared: Shiden Custom (Ryusei-Go) against Parts

Barbanja

No blockers available

Action step

Barbanja

Passed

Kiraya

Passed

Battle started: Shiden Custom (Ryusei-Go) against Parts

Barbanja

Parts received 4 damage, now destroyed

Kiraya

Shiden Custom (Ryusei-Go) received 1 damage, leaving 2 HP remaining

Battle ended

Battle initiated

Kiraya

Battle declared: Gundam Barbatos Adapt against Enemy Player

Barbanja

No blockers available

Action step

Barbanja

Passed

Kiraya

Passed

Battle started: Gundam Barbatos Adapt against Reineforce Jr.

Barbanja

Reineforce Jr. received 4 damage, leaving 1 HP remaining

Battle ended

Turn end phase started

Barbanja

Passed

Kiraya

Passed

Turn ended!

Turn 14 started!

Barbanja

Replaced Reineforce Jr. base: Reineforce Jr.

Shield card added to hand

Parts deployed

Played command: Overflowing Affection

Overflowing Affection: Draw 2 cards

Selecting target for Overflowing Affection

Üso Ewin discarded

Played command: Overflowing Affection

Overflowing Affection: Draw 2 cards

Selecting target for Overflowing Affection

Javelin discarded

Battle initiated

Barbanja

Battle declared: V2 Gundam against Gundam Barbatos Adapt

Kiraya

No blockers available

Action step

Kiraya

Passed

Barbanja

Passed

Battle started: V2 Gundam against Gundam Barbatos Adapt

Kiraya

Gundam Barbatos Adapt received 6 damage, now destroyed

Barbanja

V2 Gundam received 4 damage, leaving 2 HP remaining

Battle ended

Barbanja

Aile Strike Gundam deployed

Turn end phase started

Kiraya

Passed

Barbanja

Passed

V2 Gundam repaired 2 from [Repair 2]

Turn ended!

Turn 15 started!

Battle initiated

Kiraya

Battle declared: Shiden Custom (Ryusei-Go) against V2 Gundam

Barbanja

Assigned no blocker

Action step

Barbanja

Passed

Kiraya

Passed

Battle started: Shiden Custom (Ryusei-Go) against V2 Gundam

Barbanja

V2 Gundam received 4 damage, now destroyed

Kiraya

Shiden Custom (Ryusei-Go) received 6 damage, now destroyed

Battle ended

Kiraya

Gundam Barbatos 1st Form deployed

Battle initiated

Kiraya

Battle declared: Ryusei-Go (Graze Custom Ⅱ) against Enemy Player

Barbanja

Assigned Aile Strike Gundam to block

Action step

Barbanja

Passed

Kiraya

Passed

Battle started: Ryusei-Go (Graze Custom Ⅱ) against Aile Strike Gundam

Barbanja

Aile Strike Gundam received 2 damage, leaving 2 HP remaining

Kiraya

Ryusei-Go (Graze Custom Ⅱ) received 4 damage, now destroyed

Battle ended

Turn end phase started

Barbanja

Passed

Kiraya

Passed

Turn ended!

Turn 16 started!

Barbanja

Played command: A Show of Resolve

A Show of Resolve: Draw 2 cards

V-Dash Gundam deployed

Linked pilot: Üso Ewin on unit V-Dash Gundam

Parts deployed

Activated: V-Dash Gundam

Rested unit: Parts

Selecting target for V-Dash Gundam

Rested unit: Gundam Barbatos 1st Form

Battle initiated

Barbanja

Battle declared: V-Dash Gundam against Enemy Player

Kiraya

No blockers available

Action step

Kiraya

Passed

Winner!

Game ended!