Mobile Suit Arena - Battle logs
Game started!

Kiraya

Choose to play second

KBB

Choose to mulligan starting hand

Kiraya

Choose to keep starting hand

Turn 1 started!

Turn end phase started

Kiraya

Passed

KBB

Passed

Turn ended!

Turn 2 started!

Kiraya

Gundam Exia Repair deployed

Turn end phase started

KBB

Passed

Kiraya

Passed

Turn ended!

Turn 3 started!

Turn end phase started

Kiraya

Passed

KBB

Passed

Turn ended!

Turn 4 started!

Battle initiated

Kiraya

Battle declared: Gundam Exia Repair against Enemy Player

KBB

No blockers available

Action step

KBB

Passed

Kiraya

Passed

Battle started: Gundam Exia Repair against EX Base

KBB

EX Base received 2 damage, leaving 1 HP remaining

Battle ended

Turn end phase started

KBB

Passed

Kiraya

Passed

Turn ended!

Turn 5 started!

KBB

Gundam Exia deployed

Played command: Airframe Seizure

Selecting target for Airframe Seizure

Darkness Finger discarded

Airframe Seizure: Draw 2 cards

Turn end phase started

Kiraya

Passed

KBB

Passed

Turn ended!

Turn 6 started!

Kiraya

Gundam Barbatos Adapt deployed

Selecting target for Gundam Barbatos Adapt

Gundam Barbatos Adapt: Dealt 1 damage to: Gundam Barbatos Adapt and Gundam Exia

Battle initiated

Kiraya

Battle declared: Gundam Exia Repair against Enemy Player

KBB

No blockers available

Action step

KBB

Passed

Kiraya

Passed

Battle started: Gundam Exia Repair against EX Base

KBB

EX Base received 2 damage, now destroyed

Battle ended

Kiraya

Linked pilot: Mikazuki Augus on unit Gundam Barbatos Adapt

Battle initiated

Kiraya

Battle declared: Gundam Barbatos Adapt against Enemy Player

KBB

No blockers available

Action step

KBB

Passed

Kiraya

Passed

Battle started: Gundam Barbatos Adapt against Enemy Shield

KBB

Shield card: Allelujah Haptism revealed

Shield card added to hand: Allelujah Haptism

Battle ended

Turn end phase started

KBB

Passed

Kiraya

Passed

Turn ended!

Turn 7 started!

KBB

Gundam Kyrios deployed

Linked pilot: Hallelujah Haptism on unit Gundam Kyrios

Battle initiated

KBB

Battle declared: Gundam Kyrios against Gundam Barbatos Adapt

Kiraya

No blockers available

Action step

Kiraya

Passed

KBB

Passed

Battle started: Gundam Kyrios against Gundam Barbatos Adapt

Kiraya

Gundam Barbatos Adapt received 5 damage, now destroyed

KBB

Damage prevented

Gundam Kyrios received 0 damage, leaving 5 HP remaining

Selecting target for Hallelujah Haptism

Card added to hand: Gundam Dynames

Battle ended

Turn end phase started

Kiraya

Passed

KBB

Passed

Turn ended!

Turn 8 started!

Kiraya

Gundam Gusion Rebake deployed

Selecting target for Gundam Gusion Rebake

Gundam Gusion Rebake: Dealt 1 damage to: Gundam Gusion Rebake and Gundam Kyrios

Battle initiated

Kiraya

Battle declared: Gundam Exia Repair against Enemy Player

KBB

No blockers available

Action step

KBB

Passed

Kiraya

Passed

Battle started: Gundam Exia Repair against Enemy Shield

KBB

Shield card: Gundam Kyrios revealed and discarded

Battle ended

Turn end phase started

KBB

Passed

Kiraya

Passed

Turn ended!

Turn 9 started!

KBB

Gundam Dynames deployed

Linked pilot: Lockon Stratos (Neil) on unit Gundam Dynames

Battle initiated

KBB

Battle declared: Gundam Dynames against Gundam Gusion Rebake

Kiraya

No blockers available

Action step

Kiraya

Passed

KBB

Passed

Battle started: Gundam Dynames against Gundam Gusion Rebake

Kiraya

Gundam Gusion Rebake received 5 damage, now destroyed

KBB

Gundam Dynames received 3 damage, leaving 3 HP remaining

Kiraya

Breach 3: : EX Base received 3 damage, now destroyed

Battle ended

Battle initiated

KBB

Battle declared: Gundam Kyrios against Gundam Exia Repair

Kiraya

No blockers available

Action step

Kiraya

Passed

KBB

Passed

Battle started: Gundam Kyrios against Gundam Exia Repair

Kiraya

Gundam Exia Repair received 7 damage, now destroyed

KBB

Damage prevented

Gundam Kyrios received 0 damage, leaving 4 HP remaining

Selecting target for Hallelujah Haptism

Card added to hand: Gundam Dynames

Kiraya

Gundam Exia Repair milled 2: Gundam Barbatos 1st Form and Mikazuki Augus moved to trash

Battle ended

KBB

Played base: Trinity Warship

Shield card added to hand

Turn end phase started

Kiraya

Passed

KBB

Passed

Turn ended!

Turn 10 started!

Kiraya

Played base: Axis

Shield card added to hand

Gundam Gusion Rebake deployed

Selecting target for Gundam Gusion Rebake

Gundam Gusion Rebake: Dealt 1 damage to: Gundam Gusion Rebake and Gundam Dynames

Turn end phase started

KBB

Passed

Kiraya

Passed

Turn ended!

Turn 11 started!

KBB

Gundam Exia deployed

Activated: Trinity Warship

Rested 1 Resource

Rested unit: Gundam Exia

Selecting target for Trinity Warship

Trinity Warship: Dealt 1 damage to Gundam Gusion Rebake, leaving 3 HP remaining

Battle initiated

KBB

Battle declared: Gundam Kyrios against Enemy Player

Kiraya

Assigned no blocker

Action step

Kiraya

Passed

KBB

Passed

Battle started: Gundam Kyrios against Axis

Kiraya

Axis received 7 damage, now destroyed

Battle ended

Battle initiated

KBB

Battle declared: Gundam Dynames against Enemy Player

Kiraya

Assigned Gundam Gusion Rebake to block

Action step

Kiraya

Passed

KBB

Passed

Battle started: Gundam Dynames against Gundam Gusion Rebake

Kiraya

Gundam Gusion Rebake received 5 damage, now destroyed

KBB

Gundam Dynames received 3 damage, now destroyed

Kiraya

Breach 3 Shield card: Gundam Flauros (Ryusei-Go) revealed and discarded

Battle ended

KBB

Gundam Dynames deployed

Turn end phase started

Kiraya

Passed

KBB

Passed

Turn ended!

Turn 12 started!

Kiraya

Played command: Widespread Annihilation

Widespread Annihilation: destroyed Gundam Kyrios and Gundam Exia

Turn end phase started

KBB

Passed

Kiraya

Passed

Turn ended!

Turn 13 started!

Battle initiated

KBB

Battle declared: Gundam Dynames against Enemy Player

Kiraya

No blockers available

Action step

Kiraya

Passed

KBB

Passed

Battle started: Gundam Dynames against Enemy Shield

Kiraya

Shield card: Gundam Barbatos 1st Form revealed and discarded

Battle ended

KBB

Gundam Dynames deployed

Gundam Throne Eins deployed

Selecting target for Gundam Throne Eins

Turn end phase started

Kiraya

Passed

KBB

Passed

Turn ended!

Turn 14 started!

Kiraya

Strike Freedom Gundam deployed

Selecting target for Strike Freedom Gundam

Strike Freedom Gundam: Modifier applied to: Strike Freedom Gundam

Strike Freedom Gundam: chose Strike Freedom Gundam

Linked pilot: Kira Yamato on unit Strike Freedom Gundam

Kira Yamato: Draw a card

Battle initiated

Kiraya

Battle declared: Strike Freedom Gundam against Gundam Dynames

Selecting target for Strike Freedom Gundam

Hyakuren and Graze Custom discarded

Selecting target for Strike Freedom Gundam

KBB

Gundam Dynames returned to deck

No blockers available

Action step

KBB

Passed

Kiraya

Passed

Battle started: Strike Freedom Gundam against Gundam Dynames

KBB

Gundam Dynames received 7 damage, now destroyed

Kiraya

Strike Freedom Gundam received 4 damage, leaving 4 HP remaining

Strike Freedom Gundam: Draw a card

Battle ended

Kiraya

Played base: Axis

Shield card added to hand

Turn end phase started

KBB

Passed

Kiraya

Passed

Turn ended!

Turn 15 started!

Battle initiated

KBB

Battle declared: Gundam Throne Eins against Enemy Player

Kiraya

No blockers available

Action step

Kiraya

Passed

KBB

Passed

Battle started: Gundam Throne Eins against Axis

Kiraya

Axis received 5 damage, leaving 1 HP remaining

Battle ended

KBB

Gundam Kyrios deployed

Linked pilot: Allelujah Haptism on unit Gundam Kyrios

Battle initiated

KBB

Battle declared: Gundam Kyrios against Strike Freedom Gundam

Kiraya

No blockers available

Action step

Kiraya

Passed

KBB

Passed

Battle started: Gundam Kyrios against Strike Freedom Gundam

Kiraya

Strike Freedom Gundam received 6 damage, now destroyed

KBB

Damage prevented

Gundam Kyrios received 0 damage, leaving 5 HP remaining

Battle ended

Turn end phase started

Kiraya

Passed

KBB

Passed

Turn ended!

Turn 16 started!

Kiraya

Gundam Barbatos Lupus deployed

Activated: Gundam Barbatos Lupus

Gundam Barbatos 1st Form, Hyakuren and Graze Custom exiled from the game

Selecting target for Gundam Barbatos Lupus

Gundam Barbatos Lupus: Dealt 2 damage to Gundam Throne Eins, now destroyed

Gundam Barbatos 1st Form deployed

Turn end phase started

KBB

Passed

Kiraya

Passed

Turn ended!

Turn 17 started!

KBB

Gundam Kyrios (Trans-Am) deployed

Gundam Throne Eins deployed

Selecting target for Gundam Throne Eins

Rested unit: Gundam Kyrios

Rested unit: Gundam Kyrios (Trans-Am)

Dealt 2 damage to Gundam Barbatos 1st Form, now destroyed

Turn end phase started

Kiraya

Passed

KBB

Passed

Turn ended!

Turn 18 started!

Kiraya

Activated: Gundam Barbatos Lupus

Gundam Barbatos 1st Form, Gundam Flauros (Ryusei-Go) and Gundam Barbatos 1st Form exiled from the game

Selecting target for Gundam Barbatos Lupus

Gundam Barbatos Lupus: Dealt 2 damage to Gundam Throne Eins, now destroyed

Activated: Gundam Barbatos Lupus

Gundam Barbatos Adapt, Gundam Gusion Rebake and Gundam Gusion Rebake exiled from the game

Selecting target for Gundam Barbatos Lupus

Gundam Barbatos Lupus: Dealt 2 damage to Gundam Kyrios (Trans-Am), leaving 2 HP remaining

Battle initiated

Kiraya

Battle declared: Gundam Barbatos Lupus against Gundam Kyrios

KBB

No blockers available

Action step

KBB

Passed

Kiraya

Passed

Battle started: Gundam Barbatos Lupus against Gundam Kyrios

KBB

Gundam Kyrios received 5 damage, now destroyed

Kiraya

Gundam Barbatos Lupus received 6 damage, now destroyed

Battle ended

Kiraya

Strike Freedom Gundam deployed

Selecting target for Strike Freedom Gundam

Strike Freedom Gundam: Modifier applied to: Strike Freedom Gundam

Strike Freedom Gundam: chose Strike Freedom Gundam

Graze Custom deployed

Turn end phase started

KBB

Passed

Kiraya

Passed

Turn ended!

Turn 19 started!

KBB

Played action: Darkness Finger

Darkness Finger: Dealt 2 damage to Graze Custom, now destroyed

Battle initiated

KBB

Battle declared: Gundam Kyrios (Trans-Am) against Enemy Player

Kiraya

No blockers available

Action step

Kiraya

Passed

KBB

Passed

Battle started: Gundam Kyrios (Trans-Am) against Axis

Kiraya

Axis received 5 damage, now destroyed

Battle ended

Turn end phase started

Kiraya

Passed

KBB

Passed

Turn ended!

Turn 20 started!

Kiraya

Linked pilot: Kira Yamato on unit Strike Freedom Gundam

Kira Yamato: Draw a card

Battle initiated

Kiraya

Battle declared: Strike Freedom Gundam against Enemy Player

Selecting target for Strike Freedom Gundam

Gundam Gusion Rebake and Hyakuren discarded

Selecting target for Strike Freedom Gundam

KBB

Gundam Kyrios (Trans-Am) returned to deck

No blockers available

Action step

KBB

Passed

Kiraya

Passed

Battle started: Strike Freedom Gundam against Trinity Warship

KBB

Trinity Warship received 7 damage, now destroyed

Battle ended

Kiraya

Gundam Barbatos Lupus deployed

Turn end phase started

KBB

Passed

Kiraya

Passed

Turn ended!

Turn 21 started!

KBB

Gundam Kyrios deployed

Linked pilot: Allelujah Haptism on unit Gundam Kyrios

Battle initiated

KBB

Battle declared: Gundam Kyrios against Enemy Player

Kiraya

No blockers available

Action step

Kiraya

Passed

KBB

Passed

Battle started: Gundam Kyrios against Enemy Shield

Kiraya

Shield card: Gundam Gusion Rebake revealed and discarded

Battle ended

KBB

Gundam Kyrios (Trans-Am) deployed

Linked pilot: Hallelujah Haptism on unit Gundam Kyrios (Trans-Am)

Battle initiated

KBB

Battle declared: Gundam Kyrios (Trans-Am) against Enemy Player

Kiraya

No blockers available

Action step

Kiraya

Passed

KBB

Passed

Battle started: Gundam Kyrios (Trans-Am) against Enemy Shield

Kiraya

Shield card: Axis revealed

Played base: Axis

No more Shield cards to add to hand

Battle ended

Turn end phase started

Kiraya

Passed

KBB

Passed

Turn ended!

Turn 22 started!

Battle initiated

Kiraya

Battle declared: Strike Freedom Gundam against Gundam Kyrios (Trans-Am)

KBB

No blockers available

Action step

KBB

Passed

Kiraya

Passed

Battle started: Strike Freedom Gundam against Gundam Kyrios (Trans-Am)

KBB

Gundam Kyrios (Trans-Am) received 7 damage, now destroyed

Kiraya

Strike Freedom Gundam received 7 damage, leaving 1 HP remaining

Battle ended

Kiraya

Strike Freedom Gundam deployed

Selecting target for Strike Freedom Gundam

Strike Freedom Gundam: Modifier applied to: Strike Freedom Gundam

Strike Freedom Gundam: Modifier applied to: Gundam Barbatos Lupus

Strike Freedom Gundam: chose Strike Freedom Gundam and Gundam Barbatos Lupus

Battle initiated

Kiraya

Battle declared: Gundam Barbatos Lupus against Gundam Kyrios

KBB

No blockers available

Action step

KBB

Passed

Kiraya

Passed

Battle started: Gundam Barbatos Lupus against Gundam Kyrios

KBB

Gundam Kyrios received 5 damage, now destroyed

Kiraya

Gundam Barbatos Lupus received 3 damage, leaving 2 HP remaining

Strike Freedom Gundam: Draw a card

Battle ended

Kiraya

M1 Astray (Shrike) deployed

No targets for M1 Astray (Shrike)

Turn end phase started

KBB

Passed

Kiraya

Passed

Turn ended!

Turn 23 started!

Turn end phase started

Kiraya

Passed

KBB

Passed

Turn ended!

Turn 24 started!

Battle initiated

Kiraya

Battle declared: M1 Astray (Shrike) against Enemy Player

KBB

No blockers available

Action step

KBB

Passed

Kiraya

Passed

Battle started: M1 Astray (Shrike) against Enemy Shield

KBB

Shield card: Allelujah Haptism revealed

Shield card added to hand: Allelujah Haptism

Battle ended

Battle initiated

Kiraya

Battle declared: Gundam Barbatos Lupus against Enemy Player

KBB

No blockers available

Action step

KBB

Passed

Kiraya

Passed

Battle started: Gundam Barbatos Lupus against Enemy Shield

KBB

Shield card: Trinity Warship revealed

Shield card: Trinity Warship moved to trash

Battle ended

Battle initiated

Kiraya

Battle declared: Strike Freedom Gundam against Enemy Player

KBB

No blockers available

Action step

KBB

Passed

Kiraya

Passed

Battle started: Strike Freedom Gundam against Enemy Shield

KBB

Shield card: Gundam Kyrios (Flight Mode) revealed and discarded

Battle ended

Kiraya

Winner!

Game ended!