Mobile Suit Arena - Battle logs
Game started!

Kiraya

Choose to play second

Chong

Choose to mulligan starting hand

Kiraya

Choose to keep starting hand

Turn 1 started!

Turn end phase started

Kiraya

Passed

Chong

Passed

Turn ended!

Turn 2 started!

Kiraya

Graze Custom deployed

Turn end phase started

Chong

Passed

Kiraya

Passed

Turn ended!

Turn 3 started!

Chong

Zaku Ⅱ deployed

Turn end phase started

Kiraya

Passed

Chong

Passed

Turn ended!

Turn 4 started!

Kiraya

Gundam Barbatos 1st Form deployed

Turn end phase started

Chong

Passed

Kiraya

Passed

Turn ended!

Turn 5 started!

Battle initiated

Chong

Battle declared: Zaku Ⅱ against Enemy Player

Zaku Ⅱ: Modifier applied to: Zaku Ⅱ

Kiraya

No blockers available

Action step

Kiraya

Passed

Chong

Passed

Battle started: Zaku Ⅱ against EX Base

Kiraya

EX Base received 3 damage, now destroyed

Battle ended

Chong

ReZEL deployed

Turn end phase started

Kiraya

Passed

Chong

Passed

Turn ended!

Turn 6 started!

Battle initiated

Kiraya

Battle declared: Gundam Barbatos 1st Form against Enemy Player

Chong

No blockers available

Action step

Chong

Passed

Kiraya

Passed

Battle started: Gundam Barbatos 1st Form against EX Base

Chong

EX Base received 3 damage, now destroyed

Battle ended

Battle initiated

Kiraya

Battle declared: Graze Custom against Zaku Ⅱ

Chong

No blockers available

Action step

Chong

Passed

Kiraya

Passed

Battle started: Graze Custom against Zaku Ⅱ

Chong

Zaku Ⅱ received 2 damage, now destroyed

Kiraya

Graze Custom received 1 damage, leaving 1 HP remaining

Battle ended

Kiraya

Played command: A Show of Resolve

A Show of Resolve: Draw 2 cards

Turn end phase started

Chong

Passed

Kiraya

Passed

Turn ended!

Turn 7 started!

Battle initiated

Chong

Battle declared: ReZEL against Gundam Barbatos 1st Form

Kiraya

No blockers available

Action step

Kiraya

Passed

Chong

Passed

Battle started: ReZEL against Gundam Barbatos 1st Form

Kiraya

Gundam Barbatos 1st Form received 4 damage, now destroyed

Chong

ReZEL received 3 damage, now destroyed

Battle ended

Chong

Kayra's Re-GZ deployed

Selecting target for Kayra's Re-GZ

Returned to deck bottom

ReZEL deployed

Turn end phase started

Kiraya

Passed

Chong

Passed

Turn ended!

Turn 8 started!

Battle initiated

Kiraya

Battle declared: Graze Custom against Enemy Player

Chong

No blockers available

Action step

Chong

Passed

Kiraya

Passed

Battle started: Graze Custom against Enemy Shield

Chong

Shield card: Re-GZ revealed and discarded

Battle ended

Kiraya

Played base: Axis

Shield card added to hand

Strike Rouge (Ootori) deployed

Turn end phase started

Chong

Passed

Kiraya

Passed

Turn ended!

Turn 9 started!

Chong

Played base: Ra Cailum

Shield card added to hand

Gundam deployed

Linked pilot: Amuro Ray on unit Gundam

Battle initiated

Chong

Battle declared: Gundam against Enemy Player

Kiraya

Assigned no blocker

Action step

Kiraya

Passed

Chong

Passed

Battle started: Gundam against Axis

Kiraya

Axis received 6 damage, now destroyed

Battle ended

Chong

Activated: Ra Cailum

Rested base: Ra Cailum

Ra Cailum: Modifier applied to: Kayra's Re-GZ

Battle initiated

Chong

Battle declared: Kayra's Re-GZ against Enemy Player

Kiraya

Assigned no blocker

Action step

Kiraya

Passed

Chong

Passed

Battle started: Kayra's Re-GZ against Enemy Shield

Kiraya

Shield card: M1 Astray (Shrike) revealed and discarded

Battle ended

Battle initiated

Chong

Battle declared: ReZEL against Enemy Player

Kiraya

Assigned Strike Rouge (Ootori) to block

Action step

Kiraya

Passed

Chong

Passed

Battle started: ReZEL against Strike Rouge (Ootori)

Kiraya

Strike Rouge (Ootori) received 5 damage, now destroyed

Chong

ReZEL received 3 damage, now destroyed

Battle ended

Turn end phase started

Kiraya

Passed

Chong

Passed

Turn ended!

Turn 10 started!

Kiraya

Played base: Axis

Shield card added to hand

Gundam Gusion Rebake deployed

Selecting target for Gundam Gusion Rebake

Gundam Gusion Rebake: Dealt 1 damage to: Gundam Gusion Rebake and Kayra's Re-GZ

Battle initiated

Kiraya

Battle declared: Graze Custom against Kayra's Re-GZ

Chong

No blockers available

Action step

Chong

Passed

Kiraya

Passed

Battle started: Graze Custom against Kayra's Re-GZ

Chong

Kayra's Re-GZ received 2 damage, now destroyed

Kiraya

Graze Custom received 3 damage, now destroyed

Battle ended

Turn end phase started

Chong

Passed

Kiraya

Passed

Turn ended!

Turn 11 started!

Battle initiated

Chong

Battle declared: Gundam against Enemy Player

Kiraya

Assigned Gundam Gusion Rebake to block

Action step

Kiraya

Passed

Chong

Passed

Battle started: Gundam against Gundam Gusion Rebake

Kiraya

Gundam Gusion Rebake received 6 damage, now destroyed

Chong

Gundam received 3 damage, leaving 3 HP remaining

Healed 2 damage to: Gundam

Battle ended

Chong

Gundam NT-1 deployed

ReZEL deployed

Turn end phase started

Kiraya

Passed

Chong

Passed

Gundam repaired 1 from [Repair 2]

Turn ended!

Turn 12 started!

Kiraya

Gundam Flauros (Ryusei-Go) deployed

No targets for Gundam Flauros (Ryusei-Go)

Gundam Barbatos 1st Form deployed

Turn end phase started

Chong

Passed

Kiraya

Passed

Turn ended!

Turn 13 started!

Battle initiated

Chong

Battle declared: Gundam against Enemy Player

Kiraya

No blockers available

Action step

Kiraya

Passed

Chong

Passed

Battle started: Gundam against Axis

Kiraya

Axis received 6 damage, now destroyed

Battle ended

Battle initiated

Chong

Battle declared: Gundam NT-1 against Enemy Player

Kiraya

No blockers available

Action step

Kiraya

Passed

Chong

Passed

Battle started: Gundam NT-1 against Enemy Shield

Kiraya

Shield card: Widespread Annihilation revealed and discarded

Battle ended

Battle initiated

Chong

Battle declared: ReZEL against Enemy Player

Kiraya

No blockers available

Action step

Kiraya

Passed

Chong

Passed

Battle started: ReZEL against Enemy Shield

Kiraya

Shield card: Mikazuki Augus revealed

Shield card added to hand: Mikazuki Augus

Battle ended

Chong

Nu Gundam deployed

Jegan deployed

Turn end phase started

Kiraya

Passed

Chong

Passed

Turn ended!

Turn 14 started!

Kiraya

Strike Freedom Gundam deployed

Selecting target for Strike Freedom Gundam

Strike Freedom Gundam: Modifier applied to: Gundam Flauros (Ryusei-Go)

Strike Freedom Gundam: Modifier applied to: Strike Freedom Gundam

Strike Freedom Gundam: chose Gundam Flauros (Ryusei-Go) and Strike Freedom Gundam

Linked pilot: Kira Yamato on unit Strike Freedom Gundam

Kira Yamato: Draw a card

Linked pilot: Mikazuki Augus on unit Gundam Barbatos 1st Form

Selecting target for Mikazuki Augus

Mikazuki Augus: Dealt 1 damage to: Gundam Barbatos 1st Form and Gundam

Battle initiated

Kiraya

Battle declared: Gundam Flauros (Ryusei-Go) against Gundam

Selecting target for Gundam Flauros (Ryusei-Go)

Chong

No blockers available

Action step

Chong

Passed

Kiraya

Passed

Battle started: Gundam Flauros (Ryusei-Go) against Gundam

Chong

Gundam received 5 damage, now destroyed

Kiraya

Gundam Flauros (Ryusei-Go) received 5 damage, now destroyed

Strike Freedom Gundam: Draw a card

Battle ended

Battle initiated

Kiraya

Battle declared: Gundam Barbatos 1st Form against Gundam NT-1

Gundam Barbatos 1st Form: Draw a card

Chong

No blockers available

Action step

Chong

Passed

Kiraya

Passed

Battle started: Gundam Barbatos 1st Form against Gundam NT-1

Chong

Gundam NT-1 received 5 damage, now destroyed

Kiraya

Gundam Barbatos 1st Form received 4 damage, now destroyed

Battle ended

Battle initiated

Kiraya

Battle declared: Strike Freedom Gundam against ReZEL

Selecting target for Strike Freedom Gundam

Hyakuren and Hyakuren discarded

Selecting target for Strike Freedom Gundam

Chong

ReZEL returned to deck

Passed

Kiraya

Passed

Battle ended

Turn end phase started

Chong

Passed

Kiraya

Passed

Turn ended!

Turn 15 started!

Battle initiated

Chong

Battle declared: Nu Gundam against Enemy Player

Kiraya

No blockers available

Action step

Kiraya

Passed

Chong

Passed

Battle started: Nu Gundam against Enemy Shield

Kiraya

Shield card: Gundam Barbatos Adapt revealed and discarded

Battle ended

Chong

Jegan deployed

Guntank deployed

Selecting target for Guntank

Guntank: Dealt 1 damage to Strike Freedom Gundam, leaving 7 HP remaining

Nu Gundam deployed

Turn end phase started

Kiraya

Passed

Chong

Passed

Turn ended!

Turn 16 started!

Kiraya

Gundam Barbatos Lupus deployed

Activated: Gundam Barbatos Lupus

Gundam Barbatos 1st Form, Hyakuren and Hyakuren exiled from the game

Selecting target for Gundam Barbatos Lupus

Gundam Barbatos Lupus: Dealt 2 damage to Guntank, now destroyed

Activated: Gundam Barbatos Lupus

Graze Custom, Gundam Gusion Rebake and Gundam Flauros (Ryusei-Go) exiled from the game

Selecting target for Gundam Barbatos Lupus

Gundam Barbatos Lupus: Dealt 2 damage to Jegan, now destroyed

Battle initiated

Kiraya

Battle declared: Strike Freedom Gundam against Nu Gundam

Selecting target for Strike Freedom Gundam

Graze Custom and Gundam Barbatos 1st Form discarded

Selecting target for Strike Freedom Gundam

Chong

Nu Gundam returned to deck

No blockers available

Action step

Chong

Passed

Kiraya

Passed

Battle started: Strike Freedom Gundam against Nu Gundam

Chong

Nu Gundam received 7 damage, now destroyed

Kiraya

Strike Freedom Gundam received 5 damage, leaving 2 HP remaining

Battle ended

Kiraya

Played base: Axis

No more Shield cards to add to hand

Turn end phase started

Chong

Passed

Kiraya

Passed

Turn ended!

Turn 17 started!

Chong

Kayra's Re-GZ deployed

Selecting target for Kayra's Re-GZ

Returned to deck top

Turn end phase started

Kiraya

Passed

Chong

Passed

Turn ended!

Turn 18 started!

Kiraya

Activated: Gundam Barbatos Lupus

Gundam Barbatos Adapt, Graze Custom and Gundam Barbatos 1st Form exiled from the game

Selecting target for Gundam Barbatos Lupus

Gundam Barbatos Lupus: Dealt 2 damage to Kayra's Re-GZ, leaving 1 HP remaining

Gundam Barbatos Adapt deployed

Selecting target for Gundam Barbatos Adapt

Gundam Barbatos Adapt: Dealt 1 damage to: Gundam Barbatos Adapt and Kayra's Re-GZ

Strike Freedom Gundam deployed

Selecting target for Strike Freedom Gundam

Strike Freedom Gundam: Modifier applied to: Strike Freedom Gundam

Strike Freedom Gundam: Modifier applied to: Strike Freedom Gundam

Strike Freedom Gundam: chose Strike Freedom Gundam and Strike Freedom Gundam

Linked pilot: Kira Yamato on unit Strike Freedom Gundam

Kira Yamato: Draw a card

Battle initiated

Kiraya

Battle declared: Strike Freedom Gundam against Enemy Player

Chong

No blockers available

Action step

Chong

Passed

Kiraya

Passed

Battle started: Strike Freedom Gundam against Ra Cailum

Chong

Ra Cailum received 7 damage, now destroyed

Kiraya

Strike Freedom Gundam: Draw a card

Battle ended

Battle initiated

Kiraya

Battle declared: Strike Freedom Gundam against Enemy Player

Chong

No blockers available

Action step

Chong

Passed

Kiraya

Passed

Battle started: Strike Freedom Gundam against Enemy Shield

Chong

Shield card: Gundam NT-1 revealed and discarded

Kiraya

Strike Freedom Gundam: Draw a card

Battle ended

Turn end phase started

Chong

Passed

Kiraya

Passed

Turn ended!

Turn 19 started!

Kiraya

Winner!

Game ended!