Mobile Suit Arena - Battle logs
Game started!

Kiraya

Choose to play second

Komadori

Choose to keep starting hand

Kiraya

Choose to mulligan starting hand

Turn 1 started!

Turn end phase started

Kiraya

Passed

Komadori

Passed

Turn ended!

Turn 2 started!

Kiraya

Graze Custom deployed

Turn end phase started

Komadori

Passed

Kiraya

Passed

Turn ended!

Turn 3 started!

Turn end phase started

Kiraya

Passed

Komadori

Passed

Turn ended!

Turn 4 started!

Kiraya

Hyakuren deployed

Battle initiated

Kiraya

Battle declared: Graze Custom against Enemy Player

Komadori

No blockers available

Action step

Komadori

Passed

Kiraya

Passed

Battle started: Graze Custom against EX Base

Komadori

EX Base received 2 damage, leaving 1 HP remaining

Battle ended

Turn end phase started

Komadori

Passed

Kiraya

Passed

Turn ended!

Turn 5 started!

Komadori

Rick Dias deployed

Turn end phase started

Kiraya

Passed

Komadori

Passed

Turn ended!

Turn 6 started!

Battle initiated

Kiraya

Battle declared: Hyakuren against Enemy Player

Komadori

Assigned Rick Dias to block

Action step

Komadori

Passed

Kiraya

Passed

Battle started: Hyakuren against Rick Dias

Komadori

Rick Dias received 4 damage, now destroyed

Kiraya

Hyakuren received 3 damage, now destroyed

Battle ended

Battle initiated

Kiraya

Battle declared: Graze Custom against Enemy Player

Komadori

No blockers available

Action step

Komadori

Passed

Kiraya

Passed

Battle started: Graze Custom against EX Base

Komadori

EX Base received 2 damage, now destroyed

Battle ended

Kiraya

Played command: A Show of Resolve

A Show of Resolve: Draw 2 cards

Turn end phase started

Komadori

Passed

Kiraya

Passed

Turn ended!

Turn 7 started!

Komadori

Murasame (Andrew Waldfeld Unit) deployed

Linked pilot: Andrew Waldfeld on unit Murasame (Andrew Waldfeld Unit)

Battle initiated

Komadori

Battle declared: Murasame (Andrew Waldfeld Unit) against Graze Custom

Kiraya

No blockers available

Action step

Kiraya

Passed

Komadori

Passed

Battle started: Murasame (Andrew Waldfeld Unit) against Graze Custom

Kiraya

Graze Custom received 4 damage, now destroyed

Komadori

Murasame (Andrew Waldfeld Unit) received 2 damage, leaving 3 HP remaining

Battle ended

Komadori

Played base: Argama

Shield card added to hand

Turn end phase started

Kiraya

Passed

Komadori

Passed

Murasame (Andrew Waldfeld Unit) repaired 2 from [Repair 2]

Turn ended!

Turn 8 started!

Kiraya

Gundam Barbatos 1st Form deployed

Gundam Barbatos Adapt deployed

Selecting target for Gundam Barbatos Adapt

Gundam Barbatos Adapt: Dealt 1 damage to: Gundam Barbatos 1st Form and Murasame (Andrew Waldfeld Unit)

Turn end phase started

Komadori

Passed

Kiraya

Passed

Turn ended!

Turn 9 started!

Komadori

Akatsuki (Oowashi) deployed

Turn end phase started

Kiraya

Passed

Komadori

Passed

Murasame (Andrew Waldfeld Unit) repaired 1 from [Repair 2]

Turn ended!

Turn 10 started!

Battle initiated

Kiraya

Battle declared: Gundam Barbatos 1st Form against Enemy Player

Gundam Barbatos 1st Form: Draw a card

Komadori

No blockers available

Action step

Komadori

Passed

Kiraya

Passed

Battle started: Gundam Barbatos 1st Form against Argama

Komadori

Argama received 3 damage, leaving 2 HP remaining

Battle ended

Battle initiated

Kiraya

Battle declared: Gundam Barbatos Adapt against Enemy Player

Komadori

No blockers available

Action step

Komadori

Passed

Kiraya

Passed

Battle started: Gundam Barbatos Adapt against Argama

Komadori

Argama received 2 damage, now destroyed

Battle ended

Kiraya

Hyakuren deployed

Replaced EX Base base: Axis

Shield card added to hand

Graze Custom deployed

M1 Astray (Shrike) deployed

No targets for M1 Astray (Shrike)

Turn end phase started

Komadori

Passed

Kiraya

Passed

Turn ended!

Turn 11 started!

Komadori

M1 Astray (Shrike) deployed

Selecting target for M1 Astray (Shrike)

M1 Astray (Shrike): Dealt 1 damage to Gundam Barbatos 1st Form, now destroyed

Battle initiated

Komadori

Battle declared: Murasame (Andrew Waldfeld Unit) against Gundam Barbatos Adapt

Kiraya

No blockers available

Action step

Kiraya

Passed

Komadori

Passed

Battle started: Murasame (Andrew Waldfeld Unit) against Gundam Barbatos Adapt

Kiraya

Gundam Barbatos Adapt received 4 damage, now destroyed

Komadori

Murasame (Andrew Waldfeld Unit) received 2 damage, leaving 3 HP remaining

Battle ended

Komadori

Linked pilot: Andrew Waldfeld on unit Akatsuki (Oowashi)

Selecting target for Akatsuki (Oowashi)

Kiraya

Hyakuren returned to hand

Battle initiated

Komadori

Battle declared: Akatsuki (Oowashi) against Enemy Player

Kiraya

No blockers available

Action step

Kiraya

Passed

Komadori

Passed

Battle started: Akatsuki (Oowashi) against Axis

Kiraya

Axis received 6 damage, now destroyed

Battle ended

Komadori

Javelin deployed

Turn end phase started

Kiraya

Passed

Komadori

Passed

Murasame (Andrew Waldfeld Unit) repaired 2 from [Repair 2]

Turn ended!

Turn 12 started!

Kiraya

Gundam Flauros (Ryusei-Go) deployed

Selecting target for Gundam Flauros (Ryusei-Go)

Played base: Axis

Shield card added to hand

Battle initiated

Kiraya

Battle declared: M1 Astray (Shrike) against Enemy Player

Komadori

No blockers available

Action step

Komadori

Passed

Kiraya

Passed

Battle started: M1 Astray (Shrike) against Enemy Shield

Komadori

Shield card: M1 Astray (Shrike) revealed and discarded

Battle ended

Battle initiated

Kiraya

Battle declared: Graze Custom against Enemy Player

Komadori

No blockers available

Action step

Komadori

Passed

Kiraya

Passed

Battle started: Graze Custom against Enemy Shield

Komadori

Shield card: Strike Rouge (Kira's Unit) revealed and discarded

Battle ended

Turn end phase started

Komadori

Passed

Kiraya

Passed

Turn ended!

Turn 13 started!

Battle initiated

Komadori

Battle declared: Murasame (Andrew Waldfeld Unit) against Graze Custom

Kiraya

No blockers available

Action step

Kiraya

Passed

Komadori

Passed

Battle started: Murasame (Andrew Waldfeld Unit) against Graze Custom

Kiraya

Graze Custom received 4 damage, now destroyed

Komadori

Murasame (Andrew Waldfeld Unit) received 2 damage, leaving 3 HP remaining

Battle ended

Battle initiated

Komadori

Battle declared: Akatsuki (Oowashi) against M1 Astray (Shrike)

Kiraya

No blockers available

Action step

Kiraya

Passed

Komadori

Passed

Battle started: Akatsuki (Oowashi) against M1 Astray (Shrike)

Kiraya

M1 Astray (Shrike) received 6 damage, now destroyed

Komadori

Akatsuki (Oowashi) received 1 damage, leaving 4 HP remaining

Battle ended

Komadori

Akatsuki (Oowashi) deployed

Linked pilot: Andrew Waldfeld on unit Akatsuki (Oowashi)

No targets for Akatsuki (Oowashi)

Battle initiated

Komadori

Battle declared: Akatsuki (Oowashi) against Enemy Player

Kiraya

No blockers available

Action step

Kiraya

Passed

Komadori

Passed

Battle started: Akatsuki (Oowashi) against Axis

Kiraya

Axis received 6 damage, now destroyed

Battle ended

Battle initiated

Komadori

Battle declared: M1 Astray (Shrike) against Enemy Player

Kiraya

No blockers available

Action step

Kiraya

Passed

Komadori

Passed

Battle started: M1 Astray (Shrike) against Enemy Shield

Kiraya

Shield card: Gundam Gusion Rebake revealed and discarded

Battle ended

Turn end phase started

Kiraya

Passed

Komadori

Passed

Murasame (Andrew Waldfeld Unit) repaired 2 from [Repair 2]

Akatsuki (Oowashi) repaired 1 from [Repair 2]

Turn ended!

Turn 14 started!

Kiraya

Strike Freedom Gundam deployed

Selecting target for Strike Freedom Gundam

Strike Freedom Gundam: Modifier applied to: Gundam Flauros (Ryusei-Go)

Strike Freedom Gundam: Modifier applied to: Strike Freedom Gundam

Strike Freedom Gundam: chose Gundam Flauros (Ryusei-Go) and Strike Freedom Gundam

Linked pilot: Kira Yamato on unit Strike Freedom Gundam

Kira Yamato: Draw a card

Battle initiated

Kiraya

Battle declared: Gundam Flauros (Ryusei-Go) against Murasame (Andrew Waldfeld Unit)

Selecting target for Gundam Flauros (Ryusei-Go)

Komadori

No blockers available

Action step

Komadori

Passed

Kiraya

Passed

Battle started: Gundam Flauros (Ryusei-Go) against Murasame (Andrew Waldfeld Unit)

Komadori

Murasame (Andrew Waldfeld Unit) received 5 damage, now destroyed

Kiraya

Gundam Flauros (Ryusei-Go) received 4 damage, now destroyed

Strike Freedom Gundam: Draw a card

Komadori

Murasame (Andrew Waldfeld Unit): Draw a card

Battle ended

Battle initiated

Kiraya

Battle declared: Strike Freedom Gundam against Akatsuki (Oowashi)

Selecting target for Strike Freedom Gundam

Widespread Annihilation and Hyakuren discarded

Selecting target for Strike Freedom Gundam

Komadori

Akatsuki (Oowashi) and Andrew Waldfeld returned to deck

No blockers available

Action step

Komadori

Passed

Kiraya

Passed

Battle started: Strike Freedom Gundam against Akatsuki (Oowashi)

Komadori

Akatsuki (Oowashi) received 7 damage, now destroyed

Kiraya

Strike Freedom Gundam received 6 damage, leaving 2 HP remaining

Strike Freedom Gundam: Draw a card

Battle ended

Kiraya

Played base: Axis

Shield card added to hand

Turn end phase started

Komadori

Passed

Kiraya

Passed

Turn ended!

Turn 15 started!

Komadori

Strike Freedom Gundam deployed

Selecting target for Strike Freedom Gundam

Strike Freedom Gundam: Modifier applied to: Strike Freedom Gundam

Strike Freedom Gundam: chose Strike Freedom Gundam

Linked pilot: Kira Yamato on unit Strike Freedom Gundam

Kira Yamato: Draw a card

Battle initiated

Komadori

Battle declared: Strike Freedom Gundam against Enemy Player

Selecting target for Strike Freedom Gundam

Overflowing Affection and Javelin discarded

Selecting target for Strike Freedom Gundam

Kiraya

Strike Freedom Gundam and Kira Yamato returned to deck

No blockers available

Action step

Kiraya

Passed

Komadori

Passed

Battle started: Strike Freedom Gundam against Axis

Kiraya

Axis received 7 damage, now destroyed

Komadori

Strike Freedom Gundam: Draw a card

Battle ended

Komadori

Played base: Archangel

Shield card added to hand

Turn end phase started

Kiraya

Passed

Komadori

Passed

Turn ended!

Turn 16 started!

Kiraya

Gundam Barbatos Lupus deployed

Linked pilot: Mikazuki Augus on unit Gundam Barbatos Lupus

Selecting target for Mikazuki Augus

Mikazuki Augus: Dealt 1 damage to: Gundam Barbatos Lupus and Strike Freedom Gundam (prevented by Archangel)

Battle initiated

Kiraya

Battle declared: Gundam Barbatos Lupus against Enemy Player

Komadori

No blockers available

Action step

Komadori

Passed

Kiraya

Passed

Battle started: Gundam Barbatos Lupus against Archangel

Komadori

Archangel received 7 damage, now destroyed

Battle ended

Kiraya

Activated: Gundam Barbatos Lupus

Gundam Gusion Rebake, Gundam Flauros (Ryusei-Go) and Hyakuren exiled from the game

Selecting target for Gundam Barbatos Lupus

Gundam Barbatos Lupus: Dealt 2 damage to Strike Freedom Gundam, leaving 6 HP remaining

Gundam Exia Repair deployed

Turn end phase started

Komadori

Passed

Kiraya

Passed

Turn ended!

Turn 17 started!

Komadori

Aile Strike Gundam deployed

Linked pilot: Kira Yamato on unit Aile Strike Gundam

Selecting target for Aile Strike Gundam

Kiraya

Gundam Exia Repair returned to hand

Battle initiated

Komadori

Battle declared: Strike Freedom Gundam against Enemy Player

Selecting target for Strike Freedom Gundam

Murasame (Andrew Waldfeld Unit) and Andrew Waldfeld discarded

Selecting target for Strike Freedom Gundam

Kiraya

Gundam Barbatos Lupus and Mikazuki Augus returned to deck

No blockers available

Action step

Kiraya

Passed

Komadori

Passed

Battle started: Strike Freedom Gundam against Enemy Shield

Kiraya

Shield card: Widespread Annihilation revealed and discarded

Battle ended

Turn end phase started

Kiraya

Passed

Komadori

Passed

Turn ended!

Turn 18 started!

Kiraya

Strike Rouge (Ootori) deployed

Linked pilot: Kira Yamato on unit Strike Rouge (Ootori)

Kira Yamato: Draw a card

Battle initiated

Kiraya

Battle declared: Strike Rouge (Ootori) against Enemy Player

Komadori

Assigned no blocker

Action step

Komadori

Passed

Kiraya

Passed

Battle started: Strike Rouge (Ootori) against Enemy Shield

Komadori

Shield card: Rick Dias revealed and discarded

Battle ended

Kiraya

Hyakuren deployed

Hyakuren deployed

Gundam Exia Repair deployed

Turn end phase started

Komadori

Passed

Kiraya

Passed

Turn ended!

Turn 19 started!

Battle initiated

Komadori

Battle declared: Strike Freedom Gundam against Enemy Player

Kiraya

No blockers available

Action step

Kiraya

Passed

Komadori

Passed

Battle started: Strike Freedom Gundam against Enemy Shield

Kiraya

Shield card: Mikazuki Augus revealed

Shield card added to hand: Mikazuki Augus

Battle ended

Battle initiated

Komadori

Battle declared: Aile Strike Gundam against Enemy Player

Selecting target for Kira Yamato

Kira Yamato: Modifier applied to: Strike Rouge (Ootori)

Kiraya

No blockers available

Action step

Kiraya

Passed

Komadori

Passed

Battle started: Aile Strike Gundam against Enemy Player

Kiraya

No more shields available, game is over!

Komadori

Winner!

Game ended!