Mobile Suit Arena - Battle logs
Game started!

Kiraya

Choose to play second

Choose to keep starting hand

ZimZam

Choose to mulligan starting hand

Turn 1 started!

Turn end phase started

Kiraya

Passed

ZimZam

Passed

Turn ended!

Turn 2 started!

Kiraya

Graze Custom deployed

Turn end phase started

ZimZam

Passed

Kiraya

Passed

Turn ended!

Turn 3 started!

ZimZam

Zoloat (League Militaire) deployed

Turn end phase started

Kiraya

Passed

ZimZam

Passed

Turn ended!

Turn 4 started!

Kiraya

Hyakuren deployed

Turn end phase started

ZimZam

Passed

Kiraya

Passed

Turn ended!

Turn 5 started!

ZimZam

Gundam Lfrith deployed

Turn end phase started

Kiraya

Passed

ZimZam

Passed

Turn ended!

Turn 6 started!

Kiraya

Replaced EX Base base: Axis

Shield card added to hand

Gundam Barbatos 1st Form deployed

Turn end phase started

ZimZam

Passed

Kiraya

Passed

Turn ended!

Turn 7 started!

ZimZam

Zoloat (League Militaire) deployed

Turn end phase started

Kiraya

Passed

ZimZam

Played action: Graceful Demeanor

Kiraya

Hyakuren and Gundam Barbatos 1st Form returned to hand

Passed

ZimZam

Passed

Turn ended!

Turn 8 started!

Kiraya

Gundam Barbatos 1st Form deployed

Gundam Barbatos Adapt deployed

Selecting target for Gundam Barbatos Adapt

Gundam Barbatos Adapt: Dealt 1 damage to: Gundam Barbatos 1st Form and Zoloat (League Militaire)

Linked pilot: Mikazuki Augus on unit Gundam Barbatos 1st Form

Selecting target for Mikazuki Augus

Mikazuki Augus: Dealt 1 damage to: Gundam Barbatos Adapt and Zoloat (League Militaire)

Battle initiated

Kiraya

Battle declared: Gundam Barbatos 1st Form against Enemy Player

Gundam Barbatos 1st Form: Draw a card

ZimZam

Assigned Zoloat (League Militaire) to block

Action step

ZimZam

Passed

Kiraya

Passed

Battle started: Gundam Barbatos 1st Form against Zoloat (League Militaire)

ZimZam

Zoloat (League Militaire) received 5 damage, now destroyed

Kiraya

Gundam Barbatos 1st Form received 3 damage, now destroyed

Battle ended

Turn end phase started

ZimZam

Passed

Kiraya

Passed

Turn ended!

Turn 9 started!

ZimZam

Aile Strike Gundam deployed

Linked pilot: Kira Yamato on unit Aile Strike Gundam

Selecting target for Aile Strike Gundam

Kiraya

Graze Custom returned to hand

Battle initiated

ZimZam

Battle declared: Aile Strike Gundam against Enemy Player

Selecting target for Kira Yamato

Kira Yamato: Modifier applied to: Gundam Barbatos Adapt

Kiraya

No blockers available

Action step

Kiraya

Passed

ZimZam

Passed

Battle started: Aile Strike Gundam against Axis

Kiraya

Axis received 6 damage, now destroyed

Battle ended

Battle initiated

ZimZam

Battle declared: Gundam Lfrith against Enemy Player

Kiraya

No blockers available

Action step

Kiraya

Passed

ZimZam

Passed

Battle started: Gundam Lfrith against Enemy Shield

Kiraya

Shield card: Kira Yamato revealed

Shield card added to hand: Kira Yamato

Battle ended

Turn end phase started

Kiraya

Passed

ZimZam

Passed

Turn ended!

Turn 10 started!

Kiraya

Played base: Axis

Shield card added to hand

Strike Rouge (Ootori) deployed

Graze Custom deployed

Battle initiated

Kiraya

Battle declared: Gundam Barbatos Adapt against Enemy Player

ZimZam

No blockers available

Action step

ZimZam

Passed

Kiraya

Passed

Battle started: Gundam Barbatos Adapt against EX Base

ZimZam

EX Base received 2 damage, leaving 1 HP remaining

Battle ended

Turn end phase started

ZimZam

Passed

Kiraya

Passed

Turn ended!

Turn 11 started!

Battle initiated

ZimZam

Battle declared: Aile Strike Gundam against Enemy Player

Selecting target for Kira Yamato

Kira Yamato: Modifier applied to: Strike Rouge (Ootori)

Kiraya

Assigned no blocker

Action step

Kiraya

Passed

ZimZam

Passed

Battle started: Aile Strike Gundam against Axis

Kiraya

Axis received 6 damage, now destroyed

Battle ended

ZimZam

Victory Gundam deployed

Replaced EX Base base: Reineforce Jr.

Shield card added to hand

Parts deployed

Linked pilot: Üso Ewin on unit Victory Gundam

Parts deployed

Battle initiated

ZimZam

Battle declared: Victory Gundam against Enemy Player

Victory Gundam: Draw a card

Kiraya

Assigned Strike Rouge (Ootori) to block

Action step

Kiraya

Passed

ZimZam

Passed

Battle started: Victory Gundam against Strike Rouge (Ootori)

Kiraya

Strike Rouge (Ootori) received 5 damage, now destroyed

ZimZam

Victory Gundam received 3 damage, leaving 2 HP remaining

Battle ended

Battle initiated

ZimZam

Battle declared: Gundam Lfrith against Enemy Player

Kiraya

No blockers available

Action step

Kiraya

Passed

ZimZam

Passed

Battle started: Gundam Lfrith against Enemy Shield

Kiraya

Shield card: Axis revealed

Played base: Axis

Shield card added to hand

Battle ended

Turn end phase started

Kiraya

Passed

ZimZam

Passed

Turn ended!

Turn 12 started!

Battle initiated

Kiraya

Battle declared: Graze Custom against Victory Gundam

ZimZam

No blockers available

Action step

ZimZam

Passed

Kiraya

Passed

Battle started: Graze Custom against Victory Gundam

ZimZam

Victory Gundam received 2 damage, now destroyed

Kiraya

Graze Custom received 5 damage, now destroyed

Battle ended

Battle initiated

Kiraya

Battle declared: Gundam Barbatos Adapt against Gundam Lfrith

ZimZam

No blockers available

Action step

ZimZam

Passed

Kiraya

Passed

Battle started: Gundam Barbatos Adapt against Gundam Lfrith

ZimZam

Gundam Lfrith received 2 damage, leaving 2 HP remaining

Kiraya

Gundam Barbatos Adapt received 2 damage, leaving 1 HP remaining

Battle ended

Kiraya

Strike Rouge (Ootori) deployed

Hyakuren deployed

Graze Custom deployed

Turn end phase started

ZimZam

Passed

Kiraya

Passed

Turn ended!

Turn 13 started!

Battle initiated

ZimZam

Battle declared: Parts against Gundam Barbatos Adapt

Kiraya

Assigned no blocker

Action step

Kiraya

Passed

ZimZam

Passed

Battle started: Parts against Gundam Barbatos Adapt

Kiraya

Gundam Barbatos Adapt received 1 damage, now destroyed

ZimZam

Parts received 2 damage, now destroyed

Battle ended

Battle initiated

ZimZam

Battle declared: Aile Strike Gundam against Enemy Player

Selecting target for Kira Yamato

Kira Yamato: Modifier applied to: Strike Rouge (Ootori)

Kiraya

Assigned Strike Rouge (Ootori) to block

Action step

Kiraya

Passed

ZimZam

Passed

Battle started: Aile Strike Gundam against Strike Rouge (Ootori)

Kiraya

Strike Rouge (Ootori) received 6 damage, now destroyed

ZimZam

Aile Strike Gundam received 1 damage, leaving 4 HP remaining

Battle ended

ZimZam

Gun EZ deployed

Selecting target for Gun EZ

Rested unit: Gun EZ

Selecting target for Gun EZ

Rested unit: Hyakuren

Battle initiated

ZimZam

Battle declared: Gundam Lfrith against Hyakuren

Kiraya

No blockers available

Action step

Kiraya

Passed

ZimZam

Passed

Battle started: Gundam Lfrith against Hyakuren

Kiraya

Hyakuren received 2 damage, leaving 1 HP remaining

ZimZam

Gundam Lfrith received 4 damage, now destroyed

Battle ended

Battle initiated

ZimZam

Battle declared: Parts against Hyakuren

Kiraya

No blockers available

Action step

Kiraya

Passed

ZimZam

Passed

Battle started: Parts against Hyakuren

Kiraya

Hyakuren received 1 damage, now destroyed

ZimZam

Parts received 4 damage, now destroyed

Battle ended

ZimZam

Silver Bullet deployed

Gundam Lfrith deployed

Turn end phase started

Kiraya

Passed

ZimZam

Passed

Turn ended!

Turn 14 started!

Kiraya

Played command: A Show of Resolve

A Show of Resolve: Draw 2 cards

M1 Astray (Shrike) deployed

Selecting target for M1 Astray (Shrike)

M1 Astray (Shrike): Dealt 1 damage to Aile Strike Gundam, leaving 3 HP remaining

Hyakuren deployed

Turn end phase started

ZimZam

Passed

Kiraya

Passed

Turn ended!

Turn 15 started!

Battle initiated

ZimZam

Battle declared: Aile Strike Gundam against Enemy Player

Selecting target for Kira Yamato

Kira Yamato: Modifier applied to: M1 Astray (Shrike)

Kiraya

No blockers available

Action step

Kiraya

Passed

ZimZam

Passed

Battle started: Aile Strike Gundam against Axis

Kiraya

Axis received 6 damage, now destroyed

Battle ended

Battle initiated

ZimZam

Battle declared: Gun EZ against Enemy Player

Kiraya

No blockers available

Action step

Kiraya

Passed

ZimZam

Passed

Battle started: Gun EZ against Enemy Shield

Kiraya

Shield card: Gundam Gusion Rebake revealed and discarded

Battle ended

Battle initiated

ZimZam

Battle declared: Gundam Lfrith against Enemy Player

Kiraya

No blockers available

Action step

Kiraya

Passed

ZimZam

Passed

Battle started: Gundam Lfrith against Enemy Player

Kiraya

No more shields available, game is over!

ZimZam

Winner!

Game ended!