Mobile Suit Arena - Battle logs
Game started!

Kiraya

Choose to play first

Choose to keep starting hand

Yui523

Choose to keep starting hand

Turn 1 started!

Turn end phase started

Yui523

Passed

Kiraya

Passed

Turn ended!

Turn 2 started!

Yui523

Played command: Overflowing Affection

Overflowing Affection: Draw 2 cards

Selecting target for Overflowing Affection

Argama discarded

Turn end phase started

Kiraya

Passed

Yui523

Passed

Turn ended!

Turn 3 started!

Kiraya

Gundam Exia Repair deployed

Graze Custom deployed

Turn end phase started

Yui523

Passed

Kiraya

Passed

Turn ended!

Turn 4 started!

Yui523

Gundam Maxter deployed

Turn end phase started

Kiraya

Passed

Yui523

Passed

Turn ended!

Turn 5 started!

Battle initiated

Kiraya

Battle declared: Graze Custom against Enemy Player

Yui523

No blockers available

Action step

Yui523

Passed

Kiraya

Passed

Battle started: Graze Custom against EX Base

Yui523

EX Base received 2 damage, leaving 1 HP remaining

Battle ended

Battle initiated

Kiraya

Battle declared: Gundam Exia Repair against Enemy Player

Yui523

No blockers available

Action step

Yui523

Passed

Kiraya

Passed

Battle started: Gundam Exia Repair against EX Base

Yui523

EX Base received 2 damage, now destroyed

Battle ended

Turn end phase started

Yui523

Passed

Kiraya

Passed

Turn ended!

Turn 6 started!

Battle initiated

Yui523

Battle declared: Gundam Maxter against Gundam Exia Repair

Kiraya

No blockers available

Action step

Kiraya

Passed

Yui523

Passed

Battle started: Gundam Maxter against Gundam Exia Repair

Kiraya

Gundam Exia Repair received 3 damage, now destroyed

Yui523

Gundam Maxter received 2 damage, now destroyed

Selecting target for Gundam Maxter

Kiraya

Gundam Exia Repair milled 2: Hyakuren and Gundam Gusion Rebake moved to trash

Battle ended

Yui523

Played command: Airframe Seizure

Selecting target for Airframe Seizure

Master Asia discarded

Airframe Seizure: Draw 2 cards

Gundam Maxter deployed

Turn end phase started

Kiraya

Passed

Yui523

Passed

Turn ended!

Turn 7 started!

Battle initiated

Kiraya

Battle declared: Graze Custom against Enemy Player

Yui523

No blockers available

Action step

Yui523

Passed

Kiraya

Passed

Battle started: Graze Custom against Enemy Shield

Yui523

Shield card: Master Gundam revealed and discarded

Battle ended

Kiraya

Replaced EX Base base: Axis

Shield card added to hand

Gundam Barbatos 1st Form deployed

Linked pilot: Mikazuki Augus on unit Gundam Barbatos 1st Form

Selecting target for Mikazuki Augus

Mikazuki Augus: Dealt 1 damage to: Gundam Barbatos 1st Form and Gundam Maxter

Battle initiated

Kiraya

Battle declared: Gundam Barbatos 1st Form against Enemy Player

Gundam Barbatos 1st Form: Draw a card

Yui523

No blockers available

Action step

Yui523

Passed

Kiraya

Passed

Battle started: Gundam Barbatos 1st Form against Enemy Shield

Yui523

Shield card: Darkness Finger revealed

Shield card: Darkness Finger moved to trash

Selecting target for Darkness Finger

Darkness Finger: Dealt 2 damage to Gundam Barbatos 1st Form, now destroyed

Battle ended

Turn end phase started

Yui523

Passed

Kiraya

Passed

Turn ended!

Turn 8 started!

Battle initiated

Yui523

Battle declared: Gundam Maxter against Graze Custom

Kiraya

No blockers available

Action step

Kiraya

Passed

Yui523

Passed

Battle started: Gundam Maxter against Graze Custom

Kiraya

Graze Custom received 3 damage, now destroyed

Yui523

Gundam Maxter received 2 damage, now destroyed

Selecting target for Gundam Maxter

Battle ended

Yui523

Rising Gundam deployed

Turn end phase started

Kiraya

Passed

Yui523

Passed

Turn ended!

Turn 9 started!

Kiraya

Strike Rouge (Ootori) deployed

Hyakuren deployed

Turn end phase started

Yui523

Passed

Kiraya

Passed

Turn ended!

Turn 10 started!

Yui523

Haow Gundam deployed

Played action: Darkness Finger

Darkness Finger: Dealt 2 damage to Strike Rouge (Ootori), leaving 2 HP remaining

Linked pilot: Master Asia on unit Haow Gundam

Selecting target for Haow Gundam

Rested unit: Rising Gundam

Dealt 2 damage to: Strike Rouge (Ootori) and Hyakuren

Battle initiated

Yui523

Battle declared: Haow Gundam against Enemy Player

Selecting target for Master Asia

Haow Gundam: Dealt 2 damage to Hyakuren, now destroyed

Kiraya

No blockers available

Action step

Kiraya

Passed

Yui523

Passed

Battle started: Haow Gundam against Axis

Kiraya

Axis received 6 damage, now destroyed

Battle ended

Turn end phase started

Kiraya

Passed

Yui523

Passed

Turn ended!

Turn 11 started!

Kiraya

Played command: A Show of Resolve

A Show of Resolve: Draw 2 cards

Strike Rouge (Ootori) deployed

Turn end phase started

Yui523

Passed

Kiraya

Passed

Turn ended!

Turn 12 started!

Yui523

Played command: A New Sign

A New Sign: Draw 3 cards

Selecting target for A New Sign

Rising Gundam and Gundam Aerial Rebuild discarded

Shining Gundam deployed

Selecting target for Shining Gundam

Gundam Maxter and Gundam Maxter exiled from the game

Selecting target for Shining Gundam

Darkness Finger returned to hand

Battle initiated

Yui523

Battle declared: Haow Gundam against Enemy Player

Kiraya

Assigned no blocker

Action step

Kiraya

Passed

Yui523

Passed

Battle started: Haow Gundam against Enemy Shield

Kiraya

Shield card: Gundam Gusion Rebake revealed and discarded

Battle ended

Turn end phase started

Kiraya

Passed

Yui523

Passed

Turn ended!

Turn 13 started!

Kiraya

Gundam Barbatos Lupus deployed

Activated: Gundam Barbatos Lupus

Gundam Barbatos 1st Form, Graze Custom and Gundam Gusion Rebake exiled from the game

Selecting target for Gundam Barbatos Lupus

Gundam Barbatos Lupus: Dealt 2 damage to Shining Gundam, leaving 2 HP remaining

Activated: Gundam Barbatos Lupus

Hyakuren, Gundam Gusion Rebake and Hyakuren exiled from the game

Selecting target for Gundam Barbatos Lupus

Gundam Barbatos Lupus: Dealt 2 damage to Shining Gundam, now destroyed

Paired pilot: Mikazuki Augus on unit Strike Rouge (Ootori)

Selecting target for Mikazuki Augus

Mikazuki Augus: Dealt 1 damage to: Strike Rouge (Ootori) and Haow Gundam

Battle initiated

Kiraya

Battle declared: Strike Rouge (Ootori) against Haow Gundam

Yui523

No blockers available

Action step

Yui523

Passed

Kiraya

Passed

Battle started: Strike Rouge (Ootori) against Haow Gundam

Yui523

Haow Gundam received 5 damage, now destroyed

Kiraya

Strike Rouge (Ootori) received 6 damage, now destroyed

Battle ended

Turn end phase started

Yui523

Passed

Kiraya

Passed

Turn ended!

Turn 14 started!

Battle initiated

Yui523

Battle declared: Rising Gundam against Enemy Player

Kiraya

No blockers available

Action step

Kiraya

Passed

Yui523

Passed

Battle started: Rising Gundam against Enemy Shield

Kiraya

Shield card: Gundam Barbatos 1st Form revealed and discarded

Battle ended

Yui523

Played base: Argama

Shield card added to hand

Shining Gundam deployed

Selecting target for Shining Gundam

Master Gundam and Shining Gundam exiled from the game

Selecting target for Shining Gundam

Darkness Finger returned to hand

Turn end phase started

Kiraya

Passed

Yui523

Passed

Turn ended!

Turn 15 started!

Kiraya

Played command: A Show of Resolve

A Show of Resolve: Draw 2 cards

Played base: Axis

Shield card added to hand

Graze Custom deployed

Graze Custom deployed

Battle initiated

Kiraya

Battle declared: Gundam Barbatos Lupus against Rising Gundam

Yui523

No blockers available

Action step

Yui523

Passed

Kiraya

Passed

Battle started: Gundam Barbatos Lupus against Rising Gundam

Yui523

Rising Gundam received 5 damage, now destroyed

Kiraya

Gundam Barbatos Lupus received 4 damage, leaving 1 HP remaining

Battle ended

Turn end phase started

Yui523

Passed

Kiraya

Passed

Turn ended!

Turn 16 started!

Yui523

Master Gundam deployed

Played action: Darkness Finger

Darkness Finger: Dealt 2 damage to Gundam Barbatos Lupus, now destroyed

Darkness Finger: Draw a card

Played action: Darkness Finger

Darkness Finger: Dealt 2 damage to Graze Custom, now destroyed

Darkness Finger: Draw a card

Played action: Shining Finger

Rested unit: Graze Custom

Selecting target for Shining Finger

Shining Finger: Modifier applied to: Shining Gundam

Battle initiated

Yui523

Battle declared: Shining Gundam against Graze Custom

Shining Gundam: 1 resource set as active

Kiraya

No blockers available

Action step

Kiraya

Passed

Yui523

Passed

Battle started: Shining Gundam against Graze Custom

Kiraya

Graze Custom received 3 damage, now destroyed

Yui523

Damage prevented

Shining Gundam received 0 damage, leaving 4 HP remaining

Battle ended

Turn end phase started

Kiraya

Passed

Yui523

Passed

Turn ended!

Turn 17 started!

Kiraya

Gundam Barbatos Adapt deployed

Selecting target for Gundam Barbatos Adapt

Gundam Barbatos Adapt: Dealt 1 damage to: Gundam Barbatos Adapt and Master Gundam

M1 Astray (Shrike) deployed

Selecting target for M1 Astray (Shrike)

M1 Astray (Shrike): Dealt 1 damage to Shining Gundam, leaving 3 HP remaining

Gundam Barbatos Adapt deployed

Selecting target for Gundam Barbatos Adapt

Gundam Barbatos Adapt: Dealt 1 damage to: Gundam Barbatos Adapt and Shining Gundam

Graze Custom deployed

Turn end phase started

Yui523

Passed

Kiraya

Passed

Turn ended!

Turn 18 started!

Yui523

Shining Gundam deployed

Selecting target for Shining Gundam

Haow Gundam and Rising Gundam exiled from the game

Selecting target for Shining Gundam

Darkness Finger returned to hand

Played action: Darkness Finger

Darkness Finger: Dealt 2 damage to Graze Custom, now destroyed

Darkness Finger: Draw a card

Played command: Cyclone Punch

Cyclone Punch: Modifier applied to: Gundam Barbatos Adapt

Selecting target for Cyclone Punch

Paired pilot: Chibodee Crocket on unit Master Gundam

Battle initiated

Yui523

Battle declared: Master Gundam against Enemy Player

Selecting target for Master Gundam

Kiraya

No blockers available

Action step

Kiraya

Passed

Yui523

Passed

Battle started: Master Gundam against Axis

Kiraya

Axis received 6 damage, now destroyed

Battle ended

Battle initiated

Yui523

Battle declared: Shining Gundam against Enemy Player

Shining Gundam: 1 resource set as active

Kiraya

No blockers available

Action step

Kiraya

Passed

Yui523

Passed

Battle started: Shining Gundam against Enemy Shield

Kiraya

Shield card: Widespread Annihilation revealed and discarded

Battle ended

Yui523

Michaelis deployed

Turn end phase started

Kiraya

Passed

Yui523

Passed

Turn ended!

Turn 19 started!

Kiraya

Gundam Barbatos Adapt deployed

Selecting target for Gundam Barbatos Adapt

Gundam Barbatos Adapt: Dealt 1 damage to: M1 Astray (Shrike) and Shining Gundam

Battle initiated

Kiraya

Battle declared: M1 Astray (Shrike) against Shining Gundam

Yui523

No blockers available

Action step

Yui523

Timeout 1

Passed

Kiraya

Passed

Battle started: M1 Astray (Shrike) against Shining Gundam

Yui523

Shining Gundam received 1 damage, now destroyed

Kiraya

M1 Astray (Shrike) received 3 damage, now destroyed

Battle ended

Kiraya

Paired pilot: Kira Yamato on unit Gundam Barbatos Adapt

Battle initiated

Kiraya

Battle declared: Gundam Barbatos Adapt against Master Gundam

Yui523

No blockers available

Action step

Yui523

Passed

Kiraya

Passed

Battle started: Gundam Barbatos Adapt against Master Gundam

Yui523

Master Gundam received 4 damage, leaving 1 HP remaining

Kiraya

Gundam Barbatos Adapt received 6 damage, now destroyed

Battle ended

Battle initiated

Kiraya

Battle declared: Gundam Barbatos Adapt against Master Gundam

Yui523

No blockers available

Action step

Yui523

Passed

Kiraya

Passed

Battle started: Gundam Barbatos Adapt against Master Gundam

Yui523

Master Gundam received 2 damage, now destroyed

Kiraya

Gundam Barbatos Adapt received 6 damage, now destroyed

Battle ended

Turn end phase started

Yui523

Passed

Kiraya

Passed

Turn ended!

Turn 20 started!

Yui523

Master Gundam deployed

Linked pilot: Master Asia on unit Master Gundam

Battle initiated

Yui523

Battle declared: Master Gundam against Enemy Player

Selecting target for Master Gundam

Darkness Finger and Cyclone Punch exiled from the game

Kiraya

Shield card: Mikazuki Augus revealed

Shield card added to hand: Mikazuki Augus

No blockers available

Action step

Yui523

Passed

Kiraya

Passed

Battle started: Master Gundam against Enemy Player

Kiraya

No more shields available, game is over!

Yui523

Winner!

Game ended!