Mobile Suit Arena - Battle logs
Game started!

Kiraya

Choose to play second

Choose to mulligan starting hand

Rei03

Choose to mulligan starting hand

Turn 1 started!

Turn end phase started

Kiraya

Passed

Rei03

Passed

Turn ended!

Turn 2 started!

Kiraya

Graze Custom deployed

Turn end phase started

Rei03

Passed

Kiraya

Passed

Turn ended!

Turn 3 started!

Rei03

Javelin deployed

Replaced EX Base base: Archangel

Shield card added to hand

Turn end phase started

Kiraya

Passed

Rei03

Passed

Turn ended!

Turn 4 started!

Kiraya

Gundam Exia Repair deployed

Battle initiated

Kiraya

Battle declared: Graze Custom against Enemy Player

Rei03

No blockers available

Action step

Rei03

Passed

Kiraya

Passed

Battle started: Graze Custom against Archangel

Rei03

Archangel received 2 damage, leaving 3 HP remaining

Battle ended

Turn end phase started

Rei03

Passed

Kiraya

Passed

Turn ended!

Turn 5 started!

Battle initiated

Rei03

Battle declared: Javelin against Graze Custom

Kiraya

No blockers available

Action step

Kiraya

Passed

Rei03

Passed

Battle started: Javelin against Graze Custom

Kiraya

Graze Custom received 2 damage, now destroyed

Rei03

Javelin received 2 damage, now destroyed

Battle ended

Rei03

Played command: Overflowing Affection

Overflowing Affection: Draw 2 cards

Selecting target for Overflowing Affection

Buster Gundam discarded

Murasame deployed

Murasame: Modifier applied to: Murasame

Turn end phase started

Kiraya

Passed

Rei03

Passed

Turn ended!

Turn 6 started!

Battle initiated

Kiraya

Battle declared: Gundam Exia Repair against Enemy Player

Rei03

No blockers available

Action step

Rei03

Passed

Kiraya

Passed

Battle started: Gundam Exia Repair against Archangel

Rei03

Archangel received 2 damage, leaving 1 HP remaining

Battle ended

Kiraya

Gundam Barbatos 1st Form deployed

Gundam Barbatos Adapt deployed

Selecting target for Gundam Barbatos Adapt

Gundam Barbatos Adapt: Dealt 1 damage to: Gundam Barbatos 1st Form and Murasame (prevented by Archangel)

Turn end phase started

Rei03

Passed

Kiraya

Passed

Turn ended!

Turn 7 started!

Rei03

M1 Astray (Shrike) deployed

Selecting target for M1 Astray (Shrike)

M1 Astray (Shrike): Dealt 1 damage to Gundam Exia Repair, now destroyed

Kiraya

Gundam Exia Repair milled 2: Strike Rouge (Ootori) and Strike Freedom Gundam moved to trash

Rei03

Murasame: Modifier applied to: Murasame

Murasame (Andrew Waldfeld Unit) deployed

Murasame: Modifier applied to: Murasame

Turn end phase started

Kiraya

Passed

Rei03

Passed

Turn ended!

Turn 8 started!

Battle initiated

Kiraya

Battle declared: Gundam Barbatos 1st Form against Enemy Player

Gundam Barbatos 1st Form: Draw a card

Rei03

No blockers available

Action step

Rei03

Passed

Kiraya

Passed

Battle started: Gundam Barbatos 1st Form against Archangel

Rei03

Archangel received 3 damage, now destroyed

Battle ended

Battle initiated

Kiraya

Battle declared: Gundam Barbatos Adapt against Enemy Player

Rei03

No blockers available

Action step

Rei03

Passed

Kiraya

Passed

Battle started: Gundam Barbatos Adapt against Enemy Shield

Rei03

Shield card: Murasame (Andrew Waldfeld Unit) revealed and discarded

Battle ended

Kiraya

Gundam Barbatos Adapt deployed

Selecting target for Gundam Barbatos Adapt

Gundam Barbatos Adapt: Dealt 1 damage to: Gundam Barbatos Adapt and Murasame

Turn end phase started

Rei03

Passed

Kiraya

Passed

Turn ended!

Turn 9 started!

Battle initiated

Rei03

Battle declared: M1 Astray (Shrike) against Gundam Barbatos 1st Form

Kiraya

No blockers available

Action step

Kiraya

Passed

Rei03

Passed

Battle started: M1 Astray (Shrike) against Gundam Barbatos 1st Form

Kiraya

Gundam Barbatos 1st Form received 1 damage, now destroyed

Rei03

M1 Astray (Shrike) received 3 damage, now destroyed

Battle ended

Rei03

Linked pilot: Andrew Waldfeld on unit Murasame (Andrew Waldfeld Unit)

Battle initiated

Rei03

Battle declared: Murasame (Andrew Waldfeld Unit) against Gundam Barbatos Adapt

Kiraya

No blockers available

Action step

Kiraya

Passed

Rei03

Passed

Battle started: Murasame (Andrew Waldfeld Unit) against Gundam Barbatos Adapt

Kiraya

Gundam Barbatos Adapt received 4 damage, now destroyed

Rei03

Murasame (Andrew Waldfeld Unit) received 2 damage, leaving 3 HP remaining

Battle ended

Rei03

Aile Strike Gundam deployed

Turn end phase started

Kiraya

Passed

Rei03

Passed

Murasame (Andrew Waldfeld Unit) repaired 2 from [Repair 2]

Turn ended!

Turn 10 started!

Kiraya

Gundam Gusion Rebake deployed

Selecting target for Gundam Gusion Rebake

Gundam Gusion Rebake: Dealt 1 damage to: Gundam Gusion Rebake and Aile Strike Gundam

Turn end phase started

Rei03

Passed

Kiraya

Passed

Turn ended!

Turn 11 started!

Rei03

Linked pilot: Kira Yamato on unit Aile Strike Gundam

Selecting target for Aile Strike Gundam

Kiraya

Gundam Gusion Rebake returned to hand

Battle initiated

Rei03

Battle declared: Murasame (Andrew Waldfeld Unit) against Enemy Player

Kiraya

No blockers available

Action step

Kiraya

Passed

Rei03

Passed

Battle started: Murasame (Andrew Waldfeld Unit) against EX Base

Kiraya

EX Base received 4 damage, now destroyed

Battle ended

Turn end phase started

Kiraya

Passed

Rei03

Passed

Turn ended!

Turn 12 started!

Kiraya

Gundam Gusion Rebake deployed

Selecting target for Gundam Gusion Rebake

Gundam Gusion Rebake: Dealt 1 damage to: Gundam Gusion Rebake and Aile Strike Gundam

M1 Astray (Shrike) deployed

Selecting target for M1 Astray (Shrike)

M1 Astray (Shrike): Dealt 1 damage to Murasame (Andrew Waldfeld Unit), leaving 4 HP remaining

Paired pilot: Kira Yamato on unit Gundam Barbatos Adapt

Battle initiated

Kiraya

Battle declared: Gundam Barbatos Adapt against Murasame (Andrew Waldfeld Unit)

Rei03

Assigned Aile Strike Gundam to block

Action step

Rei03

Passed

Kiraya

Passed

Battle started: Gundam Barbatos Adapt against Aile Strike Gundam

Rei03

Aile Strike Gundam received 4 damage, now destroyed

Kiraya

Gundam Barbatos Adapt received 6 damage, now destroyed

Battle ended

Turn end phase started

Rei03

Passed

Kiraya

Passed

Turn ended!

Turn 13 started!

Rei03

Played base: Archangel

Shield card added to hand

Played command: Overflowing Affection

Overflowing Affection: Draw 2 cards

Selecting target for Overflowing Affection

Kira Yamato discarded

Akatsuki (Oowashi) deployed

Murasame: Modifier applied to: Murasame

Linked pilot: Andrew Waldfeld on unit Akatsuki (Oowashi)

Selecting target for Akatsuki (Oowashi)

Kiraya

M1 Astray (Shrike) returned to hand

Battle initiated

Rei03

Battle declared: Akatsuki (Oowashi) against Enemy Player

Kiraya

Assigned no blocker

Action step

Kiraya

Passed

Rei03

Passed

Battle started: Akatsuki (Oowashi) against Enemy Shield

Kiraya

Shield card: Kira Yamato revealed

Shield card added to hand: Kira Yamato

Battle ended

Battle initiated

Rei03

Battle declared: Murasame against Enemy Player

Kiraya

Can't block High-maneuver

Action step

Kiraya

Passed

Rei03

Passed

Battle started: Murasame against Enemy Shield

Kiraya

Shield card: Gundam Barbatos 1st Form revealed and discarded

Battle ended

Turn end phase started

Kiraya

Passed

Rei03

Passed

Murasame (Andrew Waldfeld Unit) repaired 1 from [Repair 2]

Turn ended!

Turn 14 started!

Kiraya

Gundam Barbatos Lupus deployed

M1 Astray (Shrike) deployed

Selecting target for M1 Astray (Shrike)

M1 Astray (Shrike): Dealt 1 damage to Akatsuki (Oowashi), which was prevented by Archangel

Battle initiated

Kiraya

Battle declared: Gundam Gusion Rebake against Murasame

Rei03

No blockers available

Action step

Rei03

Passed

Kiraya

Passed

Battle started: Gundam Gusion Rebake against Murasame

Rei03

Murasame received 3 damage, now destroyed

Kiraya

Gundam Gusion Rebake received 2 damage, leaving 2 HP remaining

Battle ended

Turn end phase started

Rei03

Passed

Kiraya

Passed

Turn ended!

Turn 15 started!

Rei03

Strike Freedom Gundam deployed

Selecting target for Strike Freedom Gundam

Strike Freedom Gundam: Modifier applied to: Murasame (Andrew Waldfeld Unit)

Strike Freedom Gundam: Modifier applied to: Akatsuki (Oowashi)

Strike Freedom Gundam: chose Murasame (Andrew Waldfeld Unit) and Akatsuki (Oowashi)

Battle initiated

Rei03

Battle declared: Murasame (Andrew Waldfeld Unit) against Gundam Gusion Rebake

Kiraya

No blockers available

Action step

Kiraya

Passed

Rei03

Passed

Battle started: Murasame (Andrew Waldfeld Unit) against Gundam Gusion Rebake

Kiraya

Gundam Gusion Rebake received 4 damage, now destroyed

Rei03

Murasame (Andrew Waldfeld Unit) received 3 damage, leaving 2 HP remaining

Strike Freedom Gundam: Draw a card

Battle ended

Battle initiated

Rei03

Battle declared: Akatsuki (Oowashi) against Enemy Player

Kiraya

No blockers available

Action step

Kiraya

Passed

Rei03

Passed

Battle started: Akatsuki (Oowashi) against Enemy Shield

Kiraya

Shield card: Gundam Barbatos Adapt revealed and discarded

Rei03

Strike Freedom Gundam: Draw a card

Battle ended

Rei03

Rick Dias deployed

Turn end phase started

Kiraya

Passed

Rei03

Passed

Murasame (Andrew Waldfeld Unit) repaired 2 from [Repair 2]

Turn ended!

Turn 16 started!

Kiraya

Strike Freedom Gundam deployed

Selecting target for Strike Freedom Gundam

Strike Freedom Gundam: Modifier applied to: Gundam Barbatos Lupus

Strike Freedom Gundam: Modifier applied to: Strike Freedom Gundam

Strike Freedom Gundam: chose Gundam Barbatos Lupus and Strike Freedom Gundam

Linked pilot: Kira Yamato on unit Strike Freedom Gundam

Kira Yamato: Draw a card

Battle initiated

Kiraya

Battle declared: Strike Freedom Gundam against Akatsuki (Oowashi)

Selecting target for Strike Freedom Gundam

Gundam Gusion Rebake and A Show of Resolve discarded

Selecting target for Strike Freedom Gundam

Rei03

Rick Dias returned to deck

No blockers available

Action step

Rei03

Passed

Kiraya

Passed

Battle started: Strike Freedom Gundam against Akatsuki (Oowashi)

Rei03

Akatsuki (Oowashi) received 7 damage, now destroyed

Kiraya

Strike Freedom Gundam received 6 damage, leaving 2 HP remaining

Strike Freedom Gundam: Draw a card

Battle ended

Battle initiated

Kiraya

Battle declared: Gundam Barbatos Lupus against Enemy Player

Rei03

No blockers available

Action step

Rei03

Passed

Kiraya

Passed

Battle started: Gundam Barbatos Lupus against Archangel

Rei03

Archangel received 5 damage, now destroyed

Kiraya

Strike Freedom Gundam: Draw a card

Battle ended

Kiraya

Activated: Gundam Barbatos Lupus

Gundam Gusion Rebake, Gundam Barbatos Adapt and Gundam Gusion Rebake exiled from the game

Selecting target for Gundam Barbatos Lupus

Gundam Barbatos Lupus: Dealt 2 damage to Murasame (Andrew Waldfeld Unit), leaving 2 HP remaining

Activated: Gundam Barbatos Lupus

Gundam Barbatos Adapt, Gundam Barbatos Adapt and Gundam Barbatos 1st Form exiled from the game

Selecting target for Gundam Barbatos Lupus

Gundam Barbatos Lupus: Dealt 2 damage to Murasame (Andrew Waldfeld Unit), now destroyed

Rei03

Murasame (Andrew Waldfeld Unit): Draw a card

Battle initiated

Kiraya

Battle declared: M1 Astray (Shrike) against Enemy Player

Rei03

No blockers available

Action step

Rei03

Passed

Kiraya

Passed

Battle started: M1 Astray (Shrike) against Enemy Shield

Rei03

Shield card: Strike Rouge (Kira's Unit) revealed and discarded

Battle ended

Kiraya

Linked pilot: Mikazuki Augus on unit Gundam Barbatos Lupus

Selecting target for Mikazuki Augus

Mikazuki Augus: Dealt 1 damage to: Gundam Barbatos Lupus and Strike Freedom Gundam

Turn end phase started

Rei03

Passed

Kiraya

Passed

Turn ended!

Turn 17 started!

Rei03

Linked pilot: Kira Yamato on unit Strike Freedom Gundam

Played command: Overflowing Affection

Overflowing Affection: Draw 2 cards

Selecting target for Overflowing Affection

Rick Dias discarded

Played base: Argama

Shield card added to hand

Buster Gundam deployed

Linked pilot: Kira Yamato on unit Buster Gundam

Kira Yamato: Draw a card

Battle initiated

Rei03

Battle declared: Buster Gundam against Strike Freedom Gundam

Kiraya

No blockers available

Action step

Kiraya

Passed

Rei03

Passed

Battle started: Buster Gundam against Strike Freedom Gundam

Kiraya

Strike Freedom Gundam received 6 damage, now destroyed

Rei03

Buster Gundam received 7 damage, now destroyed

Battle ended

Battle initiated

Rei03

Battle declared: Strike Freedom Gundam against Gundam Barbatos Lupus

Selecting target for Kira Yamato

Kira Yamato: Modifier applied to: Gundam Barbatos Lupus

Selecting target for Strike Freedom Gundam

Kiraya

No blockers available

Action step

Kiraya

Passed

Rei03

Passed

Battle started: Strike Freedom Gundam against Gundam Barbatos Lupus

Kiraya

Gundam Barbatos Lupus received 7 damage, now destroyed

Rei03

Strike Freedom Gundam received 5 damage, leaving 1 HP remaining

Battle ended

Rei03

M1 Astray (Shrike) deployed

Selecting target for M1 Astray (Shrike)

M1 Astray (Shrike): Dealt 1 damage to M1 Astray (Shrike), leaving 1 HP remaining

Javelin deployed

Turn end phase started

Kiraya

Passed

Rei03

Passed

Turn ended!

Turn 18 started!

Battle initiated

Kiraya

Battle declared: M1 Astray (Shrike) against Strike Freedom Gundam

Rei03

No blockers available

Action step

Rei03

Passed

Kiraya

Passed

Battle started: M1 Astray (Shrike) against Strike Freedom Gundam

Rei03

Strike Freedom Gundam received 1 damage, now destroyed

Kiraya

M1 Astray (Shrike) received 7 damage, now destroyed

Battle ended

Kiraya

Strike Freedom Gundam deployed

Selecting target for Strike Freedom Gundam

Strike Freedom Gundam: Modifier applied to: Strike Freedom Gundam

Strike Freedom Gundam: chose Strike Freedom Gundam

Linked pilot: Kira Yamato on unit Strike Freedom Gundam

Kira Yamato: Draw a card

Battle initiated

Kiraya

Battle declared: Strike Freedom Gundam against Enemy Player

Selecting target for Strike Freedom Gundam

Strike Rouge (Ootori) and Hyakuren discarded

Selecting target for Strike Freedom Gundam

Rei03

Javelin returned to deck

No blockers available

Action step

Rei03

Passed

Kiraya

Passed

Battle started: Strike Freedom Gundam against Argama

Rei03

Argama received 7 damage, now destroyed

Kiraya

Strike Freedom Gundam: Draw a card

Battle ended

Kiraya

Graze Custom deployed

Turn end phase started

Rei03

Passed

Kiraya

Passed

Turn ended!

Turn 19 started!

Rei03

Played base: Argama

Shield card added to hand

Battle initiated

Rei03

Battle declared: M1 Astray (Shrike) against Enemy Player

Kiraya

No blockers available

Action step

Kiraya

Passed

Rei03

Passed

Battle started: M1 Astray (Shrike) against Enemy Shield

Kiraya

Shield card: Axis revealed

Played base: Axis

Shield card added to hand

Battle ended

Rei03

Strike Rouge (Kira's Unit) deployed

Aile Strike Gundam deployed

Rick Dias deployed

Turn end phase started

Kiraya

Passed

Rei03

Passed

Turn ended!

Turn 20 started!

Kiraya

Played command: Widespread Annihilation

Widespread Annihilation: destroyed M1 Astray (Shrike), Strike Rouge (Kira's Unit), Rick Dias and Graze Custom

Played command: A Show of Resolve

A Show of Resolve: Draw 2 cards

Battle initiated

Kiraya

Battle declared: Strike Freedom Gundam against Enemy Player

Selecting target for Strike Freedom Gundam

Winner!

Game ended!