Mobile Suit Arena - Battle logs
Game started!

Ame

Choose to play second

Choose to mulligan starting hand

Kiraya

Choose to mulligan starting hand

Turn 1 started!

Turn end phase started

Ame

Passed

Kiraya

Passed

Turn ended!

Turn 2 started!

Ame

Played command: Airframe Seizure

Selecting target for Airframe Seizure

Domon Kasshu discarded

Airframe Seizure: Draw 2 cards

Turn end phase started

Kiraya

Passed

Ame

Passed

Turn ended!

Turn 3 started!

Kiraya

Graze Custom deployed

Graze Custom deployed

Turn end phase started

Ame

Passed

Kiraya

Passed

Turn ended!

Turn 4 started!

Ame

Gundam Maxter deployed

Turn end phase started

Kiraya

Passed

Ame

Passed

Turn ended!

Turn 5 started!

Battle initiated

Kiraya

Battle declared: Graze Custom against Enemy Player

Ame

No blockers available

Action step

Ame

Passed

Kiraya

Passed

Battle started: Graze Custom against EX Base

Ame

EX Base received 2 damage, leaving 1 HP remaining

Battle ended

Battle initiated

Kiraya

Battle declared: Graze Custom against Enemy Player

Ame

No blockers available

Action step

Ame

Passed

Kiraya

Passed

Battle started: Graze Custom against EX Base

Ame

EX Base received 2 damage, now destroyed

Battle ended

Kiraya

Graze Custom deployed

M1 Astray (Shrike) deployed

No targets for M1 Astray (Shrike)

Turn end phase started

Ame

Passed

Kiraya

Passed

Turn ended!

Turn 6 started!

Ame

Played base: Gundam Fight

Shield card added to hand

Played command: Overflowing Affection

Overflowing Affection: Draw 2 cards

Selecting target for Overflowing Affection

Shining Gundam (Super Mode) discarded

Shining Gundam deployed

Battle initiated

Ame

Battle declared: Gundam Maxter against Graze Custom

Kiraya

No blockers available

Action step

Kiraya

Passed

Ame

Passed

Battle started: Gundam Maxter against Graze Custom

Kiraya

Graze Custom received 3 damage, now destroyed

Ame

Gundam Maxter received 2 damage, now destroyed

Selecting target for Gundam Maxter

Card added to hand: Hoka Kyoten Juzetsujin

Battle ended

Turn end phase started

Kiraya

Passed

Ame

Passed

Turn ended!

Turn 7 started!

Kiraya

Replaced EX Base base: Axis

Shield card added to hand

Battle initiated

Kiraya

Battle declared: Graze Custom against Enemy Player

Ame

No blockers available

Action step

Ame

Passed

Kiraya

Passed

Battle started: Graze Custom against Gundam Fight

Ame

Gundam Fight received 2 damage, leaving 3 HP remaining

Battle ended

Battle initiated

Kiraya

Battle declared: Graze Custom against Enemy Player

Ame

No blockers available

Action step

Ame

Passed

Kiraya

Passed

Battle started: Graze Custom against Gundam Fight

Ame

Gundam Fight received 2 damage, leaving 1 HP remaining

Battle ended

Battle initiated

Kiraya

Battle declared: M1 Astray (Shrike) against Enemy Player

Ame

No blockers available

Action step

Ame

Passed

Kiraya

Passed

Battle started: M1 Astray (Shrike) against Gundam Fight

Ame

Gundam Fight received 1 damage, now destroyed

Battle ended

Turn end phase started

Ame

Passed

Kiraya

Passed

Turn ended!

Turn 8 started!

Ame

Rising Gundam deployed

Played command: Hoka Kyoten Juzetsujin

Hoka Kyoten Juzetsujin: Modifier applied to: Shining Gundam

Selecting target for Hoka Kyoten Juzetsujin

Linked pilot: Sai Saici on unit Rising Gundam

Selecting target for Rising Gundam

Already rested unit: M1 Astray (Shrike)

Timeout 1

Turn end phase started

Kiraya

Passed

Ame

Passed

Turn ended!

Turn 9 started!

Kiraya

Gundam Flauros (Ryusei-Go) deployed

Selecting target for Gundam Flauros (Ryusei-Go)

Battle initiated

Kiraya

Battle declared: M1 Astray (Shrike) against Enemy Player

Ame

No blockers available

Action step

Ame

Passed

Kiraya

Passed

Battle started: M1 Astray (Shrike) against Enemy Shield

Ame

Shield card: Shining Gundam (Super Mode) revealed and discarded

Battle ended

Battle initiated

Kiraya

Battle declared: Graze Custom against Enemy Player

Ame

No blockers available

Action step

Ame

Passed

Kiraya

Passed

Battle started: Graze Custom against Enemy Shield

Ame

Shield card: Master Gundam revealed and discarded

Battle ended

Battle initiated

Kiraya

Battle declared: Graze Custom against Enemy Player

Ame

No blockers available

Action step

Ame

Passed

Kiraya

Passed

Battle started: Graze Custom against Enemy Shield

Ame

Shield card: Master Asia revealed

Shield card: Master Asia moved to trash

Selecting target for Master Asia

Master Asia deployed

Battle ended

Kiraya

Gundam Exia Repair deployed

Turn end phase started

Ame

Passed

Kiraya

Passed

Turn ended!

Turn 10 started!

Ame

Played action: Darkness Finger

Darkness Finger: Dealt 2 damage to Gundam Exia Repair, now destroyed

Kiraya

Gundam Exia Repair milled 2: Mikazuki Augus and Mikazuki Augus moved to trash

Ame

Shining Gundam deployed

Selecting target for Shining Gundam

Shining Gundam and Shining Gundam (Super Mode) exiled from the game

Selecting target for Shining Gundam

Darkness Finger returned to hand

Linked pilot: Domon Kasshu on unit Shining Gundam

Domon Kasshu: Draw a card

Selecting target for Domon Kasshu

Darkness Finger discarded

Selecting target for Domon Kasshu

Selecting target for Darkness Finger

Darkness Finger: Dealt 2 damage to Graze Custom, now destroyed

Battle initiated

Ame

Battle declared: Master Asia against Graze Custom

Kiraya

No blockers available

Action step

Kiraya

Passed

Ame

Passed

Battle started: Master Asia against Graze Custom

Kiraya

Graze Custom received 3 damage, now destroyed

Ame

Master Asia received 2 damage, leaving 1 HP remaining

Battle ended

Battle initiated

Ame

Battle declared: Shining Gundam against M1 Astray (Shrike)

Shining Gundam: 1 resource set as active

Kiraya

No blockers available

Action step

Kiraya

Passed

Ame

Passed

Battle started: Shining Gundam against M1 Astray (Shrike)

Kiraya

M1 Astray (Shrike) received 5 damage, now destroyed

Ame

Shining Gundam received 1 damage, leaving 4 HP remaining

Battle ended

Ame

Played command: Overflowing Affection

Overflowing Affection: Draw 2 cards

Selecting target for Overflowing Affection

Airframe Seizure discarded

Battle initiated

Ame

Battle declared: Rising Gundam against Enemy Player

Kiraya

No blockers available

Action step

Kiraya

Passed

Ame

Passed

Battle started: Rising Gundam against Axis

Kiraya

Axis received 6 damage, now destroyed

Battle ended

Turn end phase started

Kiraya

Passed

Ame

Passed

Turn ended!

Turn 11 started!

Kiraya

Played command: Widespread Annihilation

Widespread Annihilation: destroyed Rising Gundam and Shining Gundam

Battle initiated

Kiraya

Battle declared: Gundam Flauros (Ryusei-Go) against Enemy Player

No targets for Gundam Flauros (Ryusei-Go)

Ame

No blockers available

Action step

Ame

Passed

Kiraya

Passed

Battle started: Gundam Flauros (Ryusei-Go) against Enemy Shield

Ame

Shield card: Gundam Fight revealed

Played base: Gundam Fight

Shield card added to hand

Battle ended

Turn end phase started

Ame

Passed

Kiraya

Passed

Turn ended!

Turn 12 started!

Ame

Played command: Airframe Seizure

Selecting target for Airframe Seizure

Rising Gundam discarded

Airframe Seizure: Draw 2 cards

Played command: Overflowing Affection

Overflowing Affection: Draw 2 cards

Selecting target for Overflowing Affection

Shining Gundam discarded

Shining Gundam deployed

Selecting target for Shining Gundam

Shining Gundam (Super Mode) and Gundam Maxter exiled from the game

Selecting target for Shining Gundam

Darkness Finger returned to hand

Linked pilot: Domon Kasshu on unit Shining Gundam

Domon Kasshu: Draw a card

Selecting target for Domon Kasshu

Darkness Finger discarded

Selecting target for Domon Kasshu

Selecting target for Darkness Finger

Darkness Finger: Dealt 2 damage to Gundam Flauros (Ryusei-Go), leaving 1 HP remaining

Battle initiated

Ame

Battle declared: Master Asia against Enemy Player

Kiraya

No blockers available

Action step

Kiraya

Passed

Ame

Passed

Battle started: Master Asia against Enemy Shield

Kiraya

Shield card: M1 Astray (Shrike) revealed and discarded

Battle ended

Battle initiated

Ame

Battle declared: Shining Gundam against Enemy Player

Shining Gundam: 1 resource set as active

Kiraya

No blockers available

Action step

Kiraya

Passed

Ame

Passed

Battle started: Shining Gundam against Enemy Shield

Kiraya

Shield card: A Show of Resolve revealed and discarded

Battle ended

Ame

Shining Gundam deployed

Played action: Darkness Finger

Darkness Finger: Dealt 2 damage to Gundam Flauros (Ryusei-Go), now destroyed

Turn end phase started

Kiraya

Passed

Ame

Passed

Turn ended!

Turn 13 started!

Kiraya

Played command: Widespread Annihilation

Widespread Annihilation: destroyed Shining Gundam and Shining Gundam

Turn end phase started

Ame

Passed

Kiraya

Passed

Turn ended!

Turn 14 started!

Ame

Rising Gundam deployed

Gundam Maxter deployed

Turn end phase started

Kiraya

Passed

Ame

Passed

Turn ended!

Turn 15 started!

Kiraya

Gundam Barbatos Lupus deployed

Activated: Gundam Barbatos Lupus

Graze Custom, Graze Custom and Gundam Flauros (Ryusei-Go) exiled from the game

Selecting target for Gundam Barbatos Lupus

Gundam Barbatos Lupus: Dealt 2 damage to Gundam Maxter, now destroyed

Gundam Exia Repair deployed

Turn end phase started

Ame

Passed

Kiraya

Passed

Turn ended!

Turn 16 started!

Ame

Shining Gundam deployed

Selecting target for Shining Gundam

Shining Gundam and Shining Gundam exiled from the game

Selecting target for Shining Gundam

Darkness Finger returned to hand

Battle initiated

Ame

Battle declared: Master Asia against Enemy Player

Kiraya

No blockers available

Action step

Kiraya

Passed

Ame

Passed

Battle started: Master Asia against Enemy Shield

Kiraya

Shield card: Kira Yamato revealed

Shield card added to hand: Kira Yamato

Battle ended

Ame

Played action: Darkness Finger

Darkness Finger: Dealt 2 damage to Gundam Exia Repair, now destroyed

Kiraya

Gundam Exia Repair milled 2: Gundam Barbatos Lupus and Gundam Barbatos Adapt moved to trash

Battle initiated

Ame

Battle declared: Rising Gundam against Enemy Player

Kiraya

No blockers available

Action step

Kiraya

Passed

Ame

Passed

Battle started: Rising Gundam against Enemy Shield

Kiraya

Shield card: Hyakuren revealed and discarded

Battle ended

Turn end phase started

Kiraya

Passed

Ame

Passed

Turn ended!

Turn 17 started!

Kiraya

Activated: Gundam Barbatos Lupus

Gundam Barbatos Lupus, Gundam Barbatos Adapt and Hyakuren exiled from the game

Selecting target for Gundam Barbatos Lupus

Gundam Barbatos Lupus: Dealt 2 damage to Master Asia, now destroyed

Strike Freedom Gundam deployed

Selecting target for Strike Freedom Gundam

Strike Freedom Gundam: Modifier applied to: Gundam Barbatos Lupus

Strike Freedom Gundam: Modifier applied to: Strike Freedom Gundam

Strike Freedom Gundam: chose Gundam Barbatos Lupus and Strike Freedom Gundam

Winner!

Game ended!