Mobile Suit Arena - Battle logs
Game started!

pylon

Choose to play first

Choose to keep starting hand

Kiraya

Choose to mulligan starting hand

Turn 1 started!

Turn end phase started

Kiraya

Passed

pylon

Passed

Turn ended!

Turn 2 started!

Kiraya

Graze Custom deployed

Turn end phase started

pylon

Passed

Kiraya

Passed

Turn ended!

Turn 3 started!

pylon

Jegan deployed

Turn end phase started

Kiraya

Passed

pylon

Passed

Turn ended!

Turn 4 started!

Kiraya

Graze Custom deployed

Battle initiated

Kiraya

Battle declared: Graze Custom against Enemy Player

pylon

No blockers available

Action step

pylon

Passed

Kiraya

Passed

Battle started: Graze Custom against EX Base

pylon

EX Base received 2 damage, leaving 1 HP remaining

Battle ended

Turn end phase started

pylon

Passed

Kiraya

Passed

Turn ended!

Turn 5 started!

pylon

Kayra's Re-GZ deployed

Selecting target for Kayra's Re-GZ

Returned to deck top

Guntank deployed

Selecting target for Guntank

Guntank: Dealt 1 damage to Graze Custom, leaving 1 HP remaining

Turn end phase started

Kiraya

Passed

pylon

Passed

Turn ended!

Turn 6 started!

Battle initiated

Kiraya

Battle declared: Graze Custom against Enemy Player

pylon

No blockers available

Action step

pylon

Passed

Kiraya

Passed

Battle started: Graze Custom against EX Base

pylon

EX Base received 2 damage, now destroyed

Battle ended

Battle initiated

Kiraya

Battle declared: Graze Custom against Enemy Player

pylon

No blockers available

Action step

pylon

Passed

Kiraya

Passed

Battle started: Graze Custom against Enemy Shield

pylon

Shield card: Nu Gundam revealed and discarded

Battle ended

Kiraya

Strike Rouge (Ootori) deployed

Turn end phase started

pylon

Passed

Kiraya

Passed

Turn ended!

Turn 7 started!

pylon

Re-GZ deployed

Turn end phase started

Kiraya

Passed

pylon

Passed

Turn ended!

Turn 8 started!

Battle initiated

Kiraya

Battle declared: Graze Custom against Enemy Player

pylon

No blockers available

Action step

pylon

Passed

Kiraya

Passed

Battle started: Graze Custom against Enemy Shield

pylon

Shield card: Gundam revealed and discarded

Battle ended

Battle initiated

Kiraya

Battle declared: Graze Custom against Enemy Player

pylon

No blockers available

Action step

pylon

Passed

Kiraya

Passed

Battle started: Graze Custom against Enemy Shield

pylon

Shield card: Gundam revealed and discarded

Battle ended

Kiraya

Gundam Gusion Rebake deployed

Selecting target for Gundam Gusion Rebake

Gundam Gusion Rebake: Dealt 1 damage to: Gundam Gusion Rebake and Kayra's Re-GZ

Turn end phase started

pylon

Passed

Kiraya

Passed

Turn ended!

Turn 9 started!

Battle initiated

pylon

Battle declared: Re-GZ against Enemy Player

Kiraya

Assigned no blocker

Action step

Kiraya

Passed

pylon

Passed

Battle started: Re-GZ against EX Base

Kiraya

EX Base received 4 damage, now destroyed

Battle ended

Battle initiated

pylon

Battle declared: Kayra's Re-GZ against Enemy Player

Kiraya

Assigned Strike Rouge (Ootori) to block

Action step

Kiraya

Passed

pylon

Passed

Battle started: Kayra's Re-GZ against Strike Rouge (Ootori)

Kiraya

Strike Rouge (Ootori) received 3 damage, leaving 1 HP remaining

pylon

Kayra's Re-GZ received 3 damage, now destroyed

Battle ended

Battle initiated

pylon

Battle declared: Jegan against Enemy Player

Kiraya

Assigned Gundam Gusion Rebake to block

Action step

Kiraya

Passed

pylon

Passed

Battle started: Jegan against Gundam Gusion Rebake

Kiraya

Gundam Gusion Rebake received 2 damage, leaving 2 HP remaining

pylon

Jegan received 3 damage, now destroyed

Battle ended

pylon

Gundam NT-1 deployed

Linked pilot: Amuro Ray on unit Gundam NT-1

Selecting target for Gundam NT-1

Gundam NT-1: Dealt 1 damage to Strike Rouge (Ootori), now destroyed

Gundam NT-1: Draw a card

Battle initiated

pylon

Battle declared: Gundam NT-1 against Gundam Gusion Rebake

Kiraya

No blockers available

Action step

Kiraya

Passed

pylon

Passed

Battle started: Gundam NT-1 against Gundam Gusion Rebake

Kiraya

Gundam Gusion Rebake received 6 damage, now destroyed

pylon

Gundam NT-1 received 3 damage, leaving 3 HP remaining

Healed 2 damage to: Gundam NT-1

Battle ended

Battle initiated

pylon

Battle declared: Guntank against Graze Custom

Kiraya

No blockers available

Action step

Kiraya

Passed

pylon

Passed

Battle started: Guntank against Graze Custom

Kiraya

Graze Custom received 1 damage, now destroyed

pylon

Guntank received 2 damage, now destroyed

Battle ended

Turn end phase started

Kiraya

Passed

pylon

Passed

Gundam NT-1 repaired 1 from [Repair 2]

Turn ended!

Turn 10 started!

Battle initiated

Kiraya

Battle declared: Graze Custom against Re-GZ

pylon

No blockers available

Action step

pylon

Passed

Kiraya

Passed

Battle started: Graze Custom against Re-GZ

pylon

Re-GZ received 2 damage, now destroyed

Kiraya

Graze Custom received 4 damage, now destroyed

pylon

Selecting target for Re-GZ

Card added to hand: Re-GZ

Battle ended

Kiraya

Played command: A Show of Resolve

A Show of Resolve: Draw 2 cards

Hyakuren deployed

Turn end phase started

pylon

Passed

Kiraya

Passed

Turn ended!

Turn 11 started!

pylon

Played base: Underground Desert Base

Shield card added to hand

Battle initiated

pylon

Battle declared: Gundam NT-1 against Enemy Player

Kiraya

No blockers available

Action step

Kiraya

Passed

pylon

Passed

Battle started: Gundam NT-1 against Enemy Shield

Kiraya

Shield card: Gundam Barbatos Adapt revealed and discarded

Battle ended

pylon

Kayra's Re-GZ deployed

Selecting target for Kayra's Re-GZ

Returned to deck bottom

Re-GZ deployed

Turn end phase started

Kiraya

Passed

pylon

Passed

Turn ended!

Turn 12 started!

Kiraya

Gundam Barbatos Lupus deployed

Activated: Gundam Barbatos Lupus

Graze Custom, Graze Custom and Gundam Barbatos Adapt exiled from the game

Selecting target for Gundam Barbatos Lupus

Gundam Barbatos Lupus: Dealt 2 damage to Gundam NT-1, leaving 4 HP remaining

Battle initiated

Kiraya

Battle declared: Hyakuren against Gundam NT-1

pylon

No blockers available

Action step

pylon

Passed

Kiraya

Passed

Battle started: Hyakuren against Gundam NT-1

pylon

Gundam NT-1 received 4 damage, now destroyed

Kiraya

Hyakuren received 6 damage, now destroyed

Battle ended

Turn end phase started

pylon

Passed

Kiraya

Passed

Turn ended!

Turn 13 started!

Battle initiated

pylon

Battle declared: Kayra's Re-GZ against Enemy Player

Kiraya

No blockers available

Action step

Kiraya

Passed

pylon

Passed

Battle started: Kayra's Re-GZ against Enemy Shield

Kiraya

Shield card: Gundam Barbatos 1st Form revealed and discarded

Battle ended

Battle initiated

pylon

Battle declared: Re-GZ against Enemy Player

Kiraya

No blockers available

Action step

Kiraya

Passed

pylon

Passed

Battle started: Re-GZ against Enemy Shield

Kiraya

Shield card: Gundam Flauros (Ryusei-Go) revealed and discarded

Battle ended

pylon

Zaku Ⅱ deployed

Re-GZ deployed

Re-GZ deployed

Turn end phase started

Kiraya

Passed

pylon

Passed

Turn ended!

Turn 14 started!

Kiraya

Played command: Widespread Annihilation

Widespread Annihilation: destroyed Kayra's Re-GZ, Re-GZ, Zaku Ⅱ, Re-GZ and Re-GZ

pylon

Selecting target for Re-GZ

Card added to hand: Jegan

Selecting target for Re-GZ

Card added to hand: Kayra's Re-GZ

Selecting target for Re-GZ

Card added to hand: Nu Gundam

Kiraya

Played base: Axis

Shield card added to hand

Linked pilot: Mikazuki Augus on unit Gundam Barbatos Lupus

Battle initiated

Kiraya

Battle declared: Gundam Barbatos Lupus against Enemy Player

pylon

No blockers available

Action step

pylon

Passed

Kiraya

Passed

Battle started: Gundam Barbatos Lupus against Underground Desert Base

pylon

Underground Desert Base received 7 damage, now destroyed

Battle ended

Turn end phase started

pylon

Passed

Kiraya

Passed

Turn ended!

Turn 15 started!

pylon

Nu Gundam deployed

Placed 1 Resource EX

Linked pilot: Amuro Ray on unit Nu Gundam

Battle initiated

pylon

Battle declared: Nu Gundam against Gundam Barbatos Lupus

Kiraya

No blockers available

Action step

Kiraya

Passed

pylon

Passed

Battle started: Nu Gundam against Gundam Barbatos Lupus

Kiraya

Gundam Barbatos Lupus received 6 damage, now destroyed

pylon

Nu Gundam received 7 damage, now destroyed

Kiraya

Breach 3: : Axis received 3 damage, leaving 3 HP remaining

Battle ended

pylon

Kayra's Re-GZ deployed

Selecting target for Kayra's Re-GZ

Returned to deck top

Zaku Ⅱ deployed

Jegan deployed

Turn end phase started

Kiraya

Passed

pylon

Passed

Turn ended!

Turn 16 started!

Kiraya

Hyakuren deployed

Gundam Exia Repair deployed

Gundam Exia Repair deployed

Graze Custom deployed

M1 Astray (Shrike) deployed

No targets for M1 Astray (Shrike)

Turn end phase started

pylon

Passed

Kiraya

Passed

Turn ended!

Turn 17 started!

pylon

Gundam deployed

Linked pilot: Amuro Ray on unit Gundam

Battle initiated

pylon

Battle declared: Zaku Ⅱ against Enemy Player

Zaku Ⅱ: Modifier applied to: Zaku Ⅱ

Kiraya

No blockers available

Action step

Kiraya

Passed

pylon

Passed

Battle started: Zaku Ⅱ against Axis

Kiraya

Axis received 4 damage, now destroyed

Battle ended

Battle initiated

pylon

Battle declared: Jegan against Enemy Player

Kiraya

No blockers available

Action step

Kiraya

Passed

pylon

Passed

Battle started: Jegan against Enemy Shield

Kiraya

Shield card: Gundam Gusion Rebake revealed and discarded

Battle ended

Battle initiated

pylon

Battle declared: Kayra's Re-GZ against Enemy Player

Kiraya

No blockers available

Action step

Kiraya

Passed

pylon

Passed

Battle started: Kayra's Re-GZ against Enemy Shield

Kiraya

Shield card: Strike Rouge (Ootori) revealed and discarded

Battle ended

Battle initiated

pylon

Battle declared: Gundam against Enemy Player

Kiraya

No blockers available

Action step

Kiraya

Passed

pylon

Passed

Battle started: Gundam against Enemy Player

Kiraya

No more shields available, game is over!

pylon

Winner!

Game ended!