Mobile Suit Arena - Battle logs
Game started!

Kiraya

Choose to play first

Choose to keep starting hand

MattyCants

Choose to keep starting hand

Turn 1 started!

Turn end phase started

MattyCants

Passed

Kiraya

Passed

Turn ended!

Turn 2 started!

Turn end phase started

Kiraya

Passed

MattyCants

Passed

Turn ended!

Turn 3 started!

Kiraya

M1 Astray (Shrike) deployed

No targets for M1 Astray (Shrike)

Turn end phase started

MattyCants

Passed

Kiraya

Passed

Turn ended!

Turn 4 started!

MattyCants

Gundam Lfrith deployed

Turn end phase started

Kiraya

Passed

MattyCants

Passed

Turn ended!

Turn 5 started!

Turn end phase started

MattyCants

Passed

Kiraya

Passed

Turn ended!

Turn 6 started!

MattyCants

Strike Rouge (Ootori) deployed

Turn end phase started

Kiraya

Passed

MattyCants

Passed

Turn ended!

Turn 7 started!

Kiraya

Gundam Barbatos Adapt deployed

Selecting target for Gundam Barbatos Adapt

Gundam Barbatos Adapt: Dealt 1 damage to: Gundam Barbatos Adapt and Strike Rouge (Ootori)

Linked pilot: Mikazuki Augus on unit Gundam Barbatos Adapt

Selecting target for Mikazuki Augus

Mikazuki Augus: Dealt 1 damage to: Gundam Barbatos Adapt and Strike Rouge (Ootori)

Gundam Exia Repair deployed

Turn end phase started

MattyCants

Passed

Kiraya

Passed

Turn ended!

Turn 8 started!

MattyCants

Flat (Militia) deployed

Gundam Lfrith deployed

Turn end phase started

Kiraya

Passed

MattyCants

Passed

Turn ended!

Turn 9 started!

Kiraya

Gundam Gusion Rebake deployed

Selecting target for Gundam Gusion Rebake

Gundam Gusion Rebake: Dealt 1 damage to: M1 Astray (Shrike) and Strike Rouge (Ootori)

Battle initiated

Kiraya

Battle declared: M1 Astray (Shrike) against Enemy Player

MattyCants

Assigned no blocker

Action step

MattyCants

Passed

Kiraya

Passed

Battle started: M1 Astray (Shrike) against EX Base

MattyCants

EX Base received 1 damage, leaving 2 HP remaining

Battle ended

Battle initiated

Kiraya

Battle declared: Gundam Exia Repair against Enemy Player

MattyCants

Assigned Strike Rouge (Ootori) to block

Action step

MattyCants

Passed

Kiraya

Passed

Battle started: Gundam Exia Repair against Strike Rouge (Ootori)

MattyCants

Strike Rouge (Ootori) received 2 damage, now destroyed

Kiraya

Gundam Exia Repair received 3 damage, now destroyed

Gundam Exia Repair milled 2: Gundam Gusion Rebake and Mikazuki Augus moved to trash

Battle ended

Battle initiated

Kiraya

Battle declared: Gundam Barbatos Adapt against Enemy Player

MattyCants

Assigned Flat (Militia) to block

Action step

MattyCants

Passed

Kiraya

Passed

Battle started: Gundam Barbatos Adapt against Flat (Militia)

MattyCants

Flat (Militia) received 4 damage, now destroyed

Kiraya

Gundam Barbatos Adapt received 2 damage, leaving 1 HP remaining

Battle ended

Turn end phase started

MattyCants

Passed

Kiraya

Passed

Turn ended!

Turn 10 started!

MattyCants

V-Dash Gundam deployed

Battle initiated

MattyCants

Battle declared: Gundam Lfrith against M1 Astray (Shrike)

Kiraya

Assigned no blocker

Action step

Kiraya

Passed

MattyCants

Passed

Battle started: Gundam Lfrith against M1 Astray (Shrike)

Kiraya

M1 Astray (Shrike) received 2 damage, now destroyed

MattyCants

Gundam Lfrith received 1 damage, leaving 3 HP remaining

Battle ended

Battle initiated

MattyCants

Battle declared: Gundam Lfrith against Gundam Barbatos Adapt

Kiraya

Assigned no blocker

Action step

Kiraya

Passed

MattyCants

Passed

Battle started: Gundam Lfrith against Gundam Barbatos Adapt

Kiraya

Gundam Barbatos Adapt received 2 damage, now destroyed

MattyCants

Gundam Lfrith received 4 damage, now destroyed

Battle ended

Turn end phase started

Kiraya

Passed

MattyCants

Passed

Turn ended!

Turn 11 started!

Kiraya

Gundam Gusion Rebake deployed

Selecting target for Gundam Gusion Rebake

Gundam Gusion Rebake: Dealt 1 damage to: Gundam Gusion Rebake and V-Dash Gundam

Hyakuren deployed

Battle initiated

Kiraya

Battle declared: Gundam Gusion Rebake against Gundam Lfrith

MattyCants

No blockers available

Action step

MattyCants

Passed

Kiraya

Passed

Battle started: Gundam Gusion Rebake against Gundam Lfrith

MattyCants

Gundam Lfrith received 3 damage, now destroyed

Kiraya

Gundam Gusion Rebake received 2 damage, leaving 3 HP remaining

Battle ended

Turn end phase started

MattyCants

Passed

Kiraya

Passed

Turn ended!

Turn 12 started!

MattyCants

Victory Gundam deployed

Linked pilot: Üso Ewin on unit Victory Gundam

Parts deployed

Battle initiated

MattyCants

Battle declared: V-Dash Gundam against Gundam Gusion Rebake

Kiraya

Assigned no blocker

Action step

Kiraya

Passed

MattyCants

Passed

Battle started: V-Dash Gundam against Gundam Gusion Rebake

Kiraya

Gundam Gusion Rebake received 4 damage, now destroyed

MattyCants

V-Dash Gundam received 3 damage, leaving 1 HP remaining

Kiraya

Breach 3: : EX Base received 3 damage, now destroyed

Battle ended

MattyCants

Activated: V-Dash Gundam

Rested unit: Parts

Selecting target for V-Dash Gundam

Rested unit: Gundam Gusion Rebake

Battle initiated

MattyCants

Battle declared: Victory Gundam against Gundam Gusion Rebake

Victory Gundam: Draw a card

Kiraya

No blockers available

Action step

Kiraya

Passed

MattyCants

Passed

Battle started: Victory Gundam against Gundam Gusion Rebake

Kiraya

Gundam Gusion Rebake received 5 damage, now destroyed

MattyCants

Victory Gundam received 3 damage, leaving 2 HP remaining

Battle ended

MattyCants

Gundam Lfrith deployed

Turn end phase started

Kiraya

Passed

MattyCants

Passed

Turn ended!

Turn 13 started!

Battle initiated

Kiraya

Battle declared: Hyakuren against V-Dash Gundam

MattyCants

Assigned Gundam Lfrith to block

Action step

MattyCants

Passed

Kiraya

Passed

Battle started: Hyakuren against Gundam Lfrith

MattyCants

Gundam Lfrith received 4 damage, now destroyed

Kiraya

Hyakuren received 2 damage, leaving 1 HP remaining

Battle ended

Kiraya

Played command: Widespread Annihilation

Widespread Annihilation: destroyed Victory Gundam, Parts and Hyakuren

Turn end phase started

MattyCants

Passed

Kiraya

Passed

Turn ended!

Turn 14 started!

MattyCants

V-Dash Gundam deployed

Linked pilot: Üso Ewin on unit V-Dash Gundam

Parts deployed

Battle initiated

MattyCants

Battle declared: V-Dash Gundam against Enemy Player

Kiraya

No blockers available

Action step

Kiraya

Passed

MattyCants

Passed

Battle started: V-Dash Gundam against Enemy Shield

Kiraya

Shield card: Axis revealed

Played base: Axis

Shield card added to hand

Battle ended

Turn end phase started

Kiraya

Passed

MattyCants

Passed

Turn ended!

Turn 15 started!

Kiraya

Strike Freedom Gundam deployed

Selecting target for Strike Freedom Gundam

Strike Freedom Gundam: Modifier applied to: Strike Freedom Gundam

Strike Freedom Gundam: chose Strike Freedom Gundam

Linked pilot: Kira Yamato on unit Strike Freedom Gundam

Kira Yamato: Draw a card

Battle initiated

Kiraya

Battle declared: Strike Freedom Gundam against V-Dash Gundam

Selecting target for Strike Freedom Gundam

Strike Freedom Gundam and Gundam Barbatos 1st Form discarded

Selecting target for Strike Freedom Gundam

MattyCants

Parts removed from play

No blockers available

Action step

MattyCants

Passed

Kiraya

Passed

Battle started: Strike Freedom Gundam against V-Dash Gundam

MattyCants

V-Dash Gundam received 7 damage, now destroyed

Kiraya

Strike Freedom Gundam received 6 damage, leaving 2 HP remaining

Strike Freedom Gundam: Draw a card

Battle ended

Turn end phase started

MattyCants

Passed

Kiraya

Passed

Turn ended!

Turn 16 started!

MattyCants

Replaced EX Base base: Reineforce Jr.

Shield card added to hand

Parts deployed

Battle initiated

MattyCants

Battle declared: V-Dash Gundam against Strike Freedom Gundam

Kiraya

No blockers available

Action step

Kiraya

Passed

MattyCants

Passed

Battle started: V-Dash Gundam against Strike Freedom Gundam

Kiraya

Strike Freedom Gundam received 4 damage, now destroyed

MattyCants

V-Dash Gundam received 7 damage, now destroyed

Kiraya

Breach 3: : Axis received 3 damage, leaving 3 HP remaining

Battle ended

MattyCants

Aile Strike Gundam deployed

Zoloat (League Militaire) deployed

Turn end phase started

Kiraya

Passed

MattyCants

Passed

Turn ended!

Turn 17 started!

Kiraya

Gundam Barbatos Adapt deployed

Selecting target for Gundam Barbatos Adapt

Gundam Barbatos Adapt: Dealt 1 damage to: Gundam Barbatos Adapt and Parts

Gundam Barbatos Lupus deployed

Activated: Gundam Barbatos Lupus

Gundam Gusion Rebake, Hyakuren and Gundam Barbatos 1st Form exiled from the game

Selecting target for Gundam Barbatos Lupus

Gundam Barbatos Lupus: Dealt 2 damage to Aile Strike Gundam, leaving 2 HP remaining

Activated: Gundam Barbatos Lupus

Gundam Gusion Rebake, Gundam Barbatos Adapt and Gundam Gusion Rebake exiled from the game

Selecting target for Gundam Barbatos Lupus

Gundam Barbatos Lupus: Dealt 2 damage to Aile Strike Gundam, now destroyed

Turn end phase started

MattyCants

Passed

Kiraya

Passed

Turn ended!

Turn 18 started!

Turn end phase started

Kiraya

Passed

MattyCants

Passed

Turn ended!

Turn 19 started!

Kiraya

Gundam Flauros (Ryusei-Go) deployed

Selecting target for Gundam Flauros (Ryusei-Go)

Battle initiated

Kiraya

Battle declared: Gundam Barbatos Lupus against Enemy Player

MattyCants

No blockers available

Action step

MattyCants

Passed

Kiraya

Passed

Battle started: Gundam Barbatos Lupus against Reineforce Jr.

MattyCants

Reineforce Jr. received 5 damage, now destroyed

Battle ended

Battle initiated

Kiraya

Battle declared: Gundam Barbatos Adapt against Enemy Player

MattyCants

No blockers available

Action step

MattyCants

Passed

Kiraya

Passed

Battle started: Gundam Barbatos Adapt against Enemy Shield

MattyCants

Shield card: Kira Yamato revealed

Shield card added to hand: Kira Yamato

Battle ended

Kiraya

Played command: A Show of Resolve

A Show of Resolve: Draw 2 cards

Strike Rouge (Ootori) deployed

Turn end phase started

MattyCants

Passed

Kiraya

Passed

Turn ended!

Turn 20 started!

MattyCants

Strike Freedom Gundam deployed

Selecting target for Strike Freedom Gundam

Strike Freedom Gundam: Modifier applied to: Strike Freedom Gundam

Strike Freedom Gundam: chose Strike Freedom Gundam

Linked pilot: Kira Yamato on unit Strike Freedom Gundam

Kira Yamato: Draw a card

Aile Strike Gundam deployed

Battle initiated

MattyCants

Battle declared: Strike Freedom Gundam against Gundam Barbatos Lupus

Selecting target for Strike Freedom Gundam

Kiraya

Assigned Strike Rouge (Ootori) to block

Action step

Kiraya

Passed

MattyCants

Passed

Battle started: Strike Freedom Gundam against Strike Rouge (Ootori)

Kiraya

Strike Rouge (Ootori) received 7 damage, now destroyed

MattyCants

Strike Freedom Gundam received 3 damage, leaving 5 HP remaining

Strike Freedom Gundam: Draw a card

Battle ended

Turn end phase started

Kiraya

Passed

MattyCants

Passed

Turn ended!

Turn 21 started!

Battle initiated

Kiraya

Battle declared: Gundam Barbatos Lupus against Strike Freedom Gundam

MattyCants

Assigned no blocker

Action step

MattyCants

Passed

Kiraya

Passed

Battle started: Gundam Barbatos Lupus against Strike Freedom Gundam

MattyCants

Strike Freedom Gundam received 5 damage, now destroyed

Kiraya

Gundam Barbatos Lupus received 7 damage, now destroyed

Battle ended

Kiraya

Strike Freedom Gundam deployed

Selecting target for Strike Freedom Gundam

Strike Freedom Gundam: Modifier applied to: Gundam Barbatos Adapt

Strike Freedom Gundam: Modifier applied to: Gundam Flauros (Ryusei-Go)

Strike Freedom Gundam: chose Gundam Barbatos Adapt and Gundam Flauros (Ryusei-Go)

Battle initiated

Kiraya

Battle declared: Gundam Barbatos Adapt against Enemy Player

MattyCants

Assigned Aile Strike Gundam to block

Action step

MattyCants

Passed

Kiraya

Passed

Battle started: Gundam Barbatos Adapt against Aile Strike Gundam

MattyCants

Aile Strike Gundam received 2 damage, leaving 2 HP remaining

Kiraya

Gundam Barbatos Adapt received 4 damage, now destroyed

Battle ended

Battle initiated

Kiraya

Battle declared: Gundam Flauros (Ryusei-Go) against Enemy Player

No targets for Gundam Flauros (Ryusei-Go)

MattyCants

No blockers available

Action step

MattyCants

Passed

Kiraya

Passed

Battle started: Gundam Flauros (Ryusei-Go) against Enemy Shield

MattyCants

Shield card: Zoloat (League Militaire) revealed and discarded

Kiraya

Strike Freedom Gundam: Draw a card

Battle ended

Kiraya

Hyakuren deployed

Graze Custom deployed

Gundam Exia Repair deployed

Turn end phase started

MattyCants

Passed

Kiraya

Passed

Turn ended!

Turn 22 started!

MattyCants

Victory Gundam deployed

Linked pilot: Üso Ewin on unit Victory Gundam

Parts deployed

Linked pilot: Kira Yamato on unit Aile Strike Gundam

Selecting target for Aile Strike Gundam

Kiraya

Hyakuren returned to hand

Battle initiated

MattyCants

Battle declared: Aile Strike Gundam against Gundam Flauros (Ryusei-Go)

Selecting target for Kira Yamato

Kira Yamato: Modifier applied to: Gundam Flauros (Ryusei-Go)

Kiraya

No blockers available

Action step

Kiraya

Passed

MattyCants

Passed

Battle started: Aile Strike Gundam against Gundam Flauros (Ryusei-Go)

Kiraya

Gundam Flauros (Ryusei-Go) received 6 damage, now destroyed

MattyCants

Aile Strike Gundam received 3 damage, now destroyed

Battle ended

Battle initiated

MattyCants

Battle declared: Victory Gundam against Enemy Player

Kiraya

No blockers available

Action step

Kiraya

Passed

MattyCants

Passed

Battle started: Victory Gundam against Axis

Kiraya

Axis received 5 damage, now destroyed

Battle ended

Turn end phase started

Kiraya

Passed

MattyCants

Passed

Turn ended!

Turn 23 started!

Battle initiated

Kiraya

Battle declared: Gundam Exia Repair against Enemy Player

MattyCants

No blockers available

Action step

MattyCants

Passed

Kiraya

Passed

Battle started: Gundam Exia Repair against Enemy Shield

MattyCants

Shield card: Overflowing Affection revealed and discarded

Battle ended

Battle initiated

Kiraya

Battle declared: Graze Custom against Enemy Player

MattyCants

No blockers available

Action step

MattyCants

Passed

Kiraya

Passed

Battle started: Graze Custom against Enemy Shield

MattyCants

Shield card: Overflowing Affection revealed and discarded

Battle ended

Battle initiated

Kiraya

Battle declared: Strike Freedom Gundam against Victory Gundam

MattyCants

No blockers available

Action step

MattyCants

Passed

Kiraya

Passed

Battle started: Strike Freedom Gundam against Victory Gundam

MattyCants

Victory Gundam received 5 damage, now destroyed

Kiraya

Strike Freedom Gundam received 5 damage, leaving 1 HP remaining

Battle ended

Kiraya

Gundam Barbatos Lupus deployed

Activated: Gundam Barbatos Lupus

Gundam Barbatos Lupus, Gundam Barbatos Adapt and Gundam Flauros (Ryusei-Go) exiled from the game

Selecting target for Gundam Barbatos Lupus

Gundam Barbatos Lupus: Dealt 2 damage to Parts, now destroyed

Hyakuren deployed

Graze Custom deployed

Turn end phase started

MattyCants

Passed

Kiraya

Passed

Turn ended!

Turn 24 started!

MattyCants

Strike Rouge (Ootori) deployed

Linked pilot: Kira Yamato on unit Strike Rouge (Ootori)

Kira Yamato: Draw a card

Battle initiated

MattyCants

Battle declared: Strike Rouge (Ootori) against Gundam Exia Repair

Kiraya

No blockers available

Action step

Kiraya

Passed

MattyCants

Passed

Battle started: Strike Rouge (Ootori) against Gundam Exia Repair

Kiraya

Gundam Exia Repair received 5 damage, now destroyed

MattyCants

Strike Rouge (Ootori) received 2 damage, leaving 4 HP remaining

Kiraya

Gundam Exia Repair milled 2: Gundam Barbatos Adapt and Gundam Barbatos 1st Form moved to trash

Battle ended

Turn end phase started

Kiraya

Passed

MattyCants

Passed

Turn ended!

Turn 25 started!

Battle initiated

Kiraya

Battle declared: Graze Custom against Enemy Player

MattyCants

No blockers available

Action step

MattyCants

Passed

Kiraya

Passed

Battle started: Graze Custom against Enemy Player

MattyCants

No more shields available, game is over!

Battle initiated

Kiraya

Battle declared: Graze Custom against Enemy Player

MattyCants

No blockers available

Action step

MattyCants

Passed

Kiraya

Passed

Battle started: Graze Custom against Enemy Player

MattyCants

No more shields available, game is over!

Kiraya

Winner!

Game ended!