Mobile Suit Arena - Battle logs
Game started!

Neid

Choose to play second

Kiraya

Choose to mulligan starting hand

Neid

Choose to keep starting hand

Turn 1 started!

Turn end phase started

Neid

Passed

Kiraya

Passed

Turn ended!

Turn 2 started!

Neid

Played command: Overflowing Affection

Overflowing Affection: Draw 2 cards

Selecting target for Overflowing Affection

Silver Bullet discarded

Turn end phase started

Kiraya

Passed

Neid

Passed

Turn ended!

Turn 3 started!

Kiraya

M1 Astray (Shrike) deployed

No targets for M1 Astray (Shrike)

Turn end phase started

Neid

Passed

Kiraya

Passed

Turn ended!

Turn 4 started!

Neid

Gundam Lfrith deployed

Turn end phase started

Kiraya

Passed

Neid

Passed

Turn ended!

Turn 5 started!

Kiraya

Gundam Barbatos 1st Form deployed

Graze Custom deployed

Turn end phase started

Neid

Passed

Kiraya

Passed

Turn ended!

Turn 6 started!

Neid

Zoloat (League Militaire) deployed

Turn end phase started

Kiraya

Passed

Neid

Passed

Turn ended!

Turn 7 started!

Kiraya

Strike Rouge (Ootori) deployed

Turn end phase started

Neid

Passed

Kiraya

Passed

Turn ended!

Turn 8 started!

Neid

Silver Bullet deployed

Played command: Overflowing Affection

Overflowing Affection: Draw 2 cards

Selecting target for Overflowing Affection

Aile Strike Gundam discarded

Turn end phase started

Kiraya

Passed

Neid

Passed

Turn ended!

Turn 9 started!

Kiraya

Gundam Gusion Rebake deployed

Selecting target for Gundam Gusion Rebake

Gundam Gusion Rebake: Dealt 1 damage to: Gundam Barbatos 1st Form and Zoloat (League Militaire)

Battle initiated

Kiraya

Battle declared: Gundam Barbatos 1st Form against Enemy Player

Gundam Barbatos 1st Form: Draw a card

Neid

Assigned Zoloat (League Militaire) to block

Action step

Neid

Passed

Kiraya

Passed

Battle started: Gundam Barbatos 1st Form against Zoloat (League Militaire)

Neid

Zoloat (League Militaire) received 3 damage, now destroyed

Kiraya

Gundam Barbatos 1st Form received 3 damage, now destroyed

Battle ended

Turn end phase started

Neid

Passed

Kiraya

Passed

Turn ended!

Turn 10 started!

Neid

V-Dash Gundam deployed

Linked pilot: Üso Ewin on unit V-Dash Gundam

Parts deployed

Activated: V-Dash Gundam

Rested unit: Parts

Selecting target for V-Dash Gundam

Rested unit: Strike Rouge (Ootori)

Battle initiated

Neid

Battle declared: V-Dash Gundam against Strike Rouge (Ootori)

Kiraya

Assigned no blocker

Action step

Kiraya

Passed

Neid

Passed

Battle started: V-Dash Gundam against Strike Rouge (Ootori)

Kiraya

Strike Rouge (Ootori) received 6 damage, now destroyed

Neid

V-Dash Gundam received 3 damage, leaving 3 HP remaining

Kiraya

Breach 3: : EX Base received 3 damage, now destroyed

Battle ended

Turn end phase started

Kiraya

Passed

Neid

Passed

Turn ended!

Turn 11 started!

Kiraya

Played base: Axis

Shield card added to hand

Gundam Gusion Rebake deployed

Selecting target for Gundam Gusion Rebake

Gundam Gusion Rebake: Dealt 1 damage to: Gundam Gusion Rebake and Parts

Turn end phase started

Neid

Passed

Kiraya

Passed

Turn ended!

Turn 12 started!

Neid

Aile Strike Gundam deployed

Gundam Lfrith deployed

Battle initiated

Neid

Battle declared: V-Dash Gundam against Enemy Player

Kiraya

Assigned Gundam Gusion Rebake to block

Action step

Kiraya

Passed

Neid

Passed

Battle started: V-Dash Gundam against Gundam Gusion Rebake

Kiraya

Gundam Gusion Rebake received 6 damage, now destroyed

Neid

V-Dash Gundam received 3 damage, now destroyed

Kiraya

Breach 3: : Axis received 3 damage, leaving 3 HP remaining

Battle ended

Turn end phase started

Kiraya

Passed

Neid

Passed

Turn ended!

Turn 13 started!

Kiraya

Hyakuren deployed

Hyakuren deployed

Turn end phase started

Neid

Passed

Kiraya

Passed

Turn ended!

Turn 14 started!

Neid

Zoloat (League Militaire) deployed

Victory Gundam deployed

Turn end phase started

Kiraya

Passed

Neid

Passed

Turn ended!

Turn 15 started!

Kiraya

Gundam Barbatos 1st Form deployed

Linked pilot: Mikazuki Augus on unit Gundam Barbatos 1st Form

Selecting target for Mikazuki Augus

Mikazuki Augus: Dealt 1 damage to: Gundam Barbatos 1st Form and Victory Gundam

Battle initiated

Kiraya

Battle declared: Gundam Barbatos 1st Form against Enemy Player

Gundam Barbatos 1st Form: Draw a card

Neid

Assigned Zoloat (League Militaire) to block

Action step

Neid

Passed

Kiraya

Passed

Battle started: Gundam Barbatos 1st Form against Zoloat (League Militaire)

Neid

Zoloat (League Militaire) received 5 damage, now destroyed

Kiraya

Gundam Barbatos 1st Form received 3 damage, now destroyed

Battle ended

Kiraya

M1 Astray (Shrike) deployed

No targets for M1 Astray (Shrike)

Turn end phase started

Neid

Passed

Kiraya

Passed

Turn ended!

Turn 16 started!

Neid

Strike Freedom Gundam deployed

Selecting target for Strike Freedom Gundam

Strike Freedom Gundam: Modifier applied to: Victory Gundam

Strike Freedom Gundam: Modifier applied to: Strike Freedom Gundam

Strike Freedom Gundam: chose Victory Gundam and Strike Freedom Gundam

Linked pilot: Kira Yamato on unit Strike Freedom Gundam

Kira Yamato: Draw a card

Battle initiated

Neid

Battle declared: Aile Strike Gundam against Enemy Player

Kiraya

Assigned no blocker

Action step

Kiraya

Passed

Neid

Passed

Battle started: Aile Strike Gundam against Axis

Kiraya

Axis received 4 damage, now destroyed

Battle ended

Battle initiated

Neid

Battle declared: Silver Bullet against Enemy Player

Kiraya

Assigned Gundam Gusion Rebake to block

Action step

Kiraya

Passed

Neid

Passed

Battle started: Silver Bullet against Gundam Gusion Rebake

Kiraya

Gundam Gusion Rebake received 4 damage, leaving 1 HP remaining

Neid

Silver Bullet received 3 damage, leaving 1 HP remaining

Battle ended

Battle initiated

Neid

Battle declared: Victory Gundam against Gundam Gusion Rebake

Kiraya

No blockers available

Action step

Kiraya

Passed

Neid

Passed

Battle started: Victory Gundam against Gundam Gusion Rebake

Kiraya

Gundam Gusion Rebake received 3 damage, now destroyed

Neid

Victory Gundam received 3 damage, now destroyed

Strike Freedom Gundam: Draw a card

Battle ended

Battle initiated

Neid

Battle declared: Strike Freedom Gundam against Enemy Player

Selecting target for Strike Freedom Gundam

V-Dash Gundam and Zoloat (League Militaire) discarded

Selecting target for Strike Freedom Gundam

Kiraya

Graze Custom returned to deck

No blockers available

Action step

Kiraya

Passed

Neid

Passed

Battle started: Strike Freedom Gundam against Enemy Shield

Kiraya

Shield card: Gundam Barbatos 1st Form revealed and discarded

Neid

Strike Freedom Gundam: Draw a card

Battle ended

Turn end phase started

Kiraya

Passed

Neid

Passed

Turn ended!

Turn 17 started!

Kiraya

Played base: Axis

Shield card added to hand

Battle initiated

Kiraya

Battle declared: Hyakuren against Silver Bullet

Neid

Assigned no blocker

Action step

Neid

Passed

Kiraya

Passed

Battle started: Hyakuren against Silver Bullet

Neid

Silver Bullet received 4 damage, now destroyed

Kiraya

Hyakuren received 4 damage, now destroyed

Battle ended

Kiraya

Gundam Barbatos Lupus deployed

Activated: Gundam Barbatos Lupus

Gundam Gusion Rebake, Gundam Barbatos 1st Form and Hyakuren exiled from the game

Selecting target for Gundam Barbatos Lupus

Gundam Barbatos Lupus: Dealt 2 damage to Aile Strike Gundam, leaving 2 HP remaining

Activated: Gundam Barbatos Lupus

Gundam Barbatos 1st Form, Gundam Gusion Rebake and Gundam Barbatos 1st Form exiled from the game

Selecting target for Gundam Barbatos Lupus

Gundam Barbatos Lupus: Dealt 2 damage to Aile Strike Gundam, now destroyed

Turn end phase started

Neid

Passed

Kiraya

Passed

Turn ended!

Turn 18 started!

Neid

Played command: A Show of Resolve

A Show of Resolve: Draw 2 cards

Played command: Overflowing Affection

Overflowing Affection: Draw 2 cards

Selecting target for Overflowing Affection

Argama discarded

Victory Gundam deployed

Replaced EX Base base: Reineforce Jr.

Shield card added to hand

Parts deployed

Victory Gundam deployed

Turn end phase started

Kiraya

Passed

Neid

Passed

Turn ended!

Turn 19 started!

Kiraya

Strike Freedom Gundam deployed

Selecting target for Strike Freedom Gundam

Strike Freedom Gundam: Modifier applied to: Hyakuren

Strike Freedom Gundam: Modifier applied to: Strike Freedom Gundam

Strike Freedom Gundam: chose Hyakuren and Strike Freedom Gundam

Linked pilot: Kira Yamato on unit Strike Freedom Gundam

Kira Yamato: Draw a card

Played command: A Show of Resolve

A Show of Resolve: Draw 2 cards

Battle initiated

Kiraya

Battle declared: M1 Astray (Shrike) against Enemy Player

Neid

Assigned Gundam Lfrith to block

Action step

Neid

Passed

Kiraya

Passed

Battle started: M1 Astray (Shrike) against Gundam Lfrith

Neid

Gundam Lfrith received 1 damage, leaving 3 HP remaining

Kiraya

M1 Astray (Shrike) received 2 damage, now destroyed

Battle ended

Battle initiated

Kiraya

Battle declared: Strike Freedom Gundam against Gundam Lfrith

Selecting target for Strike Freedom Gundam

Neid

Assigned no blocker

Action step

Neid

Passed

Kiraya

Passed

Battle started: Strike Freedom Gundam against Gundam Lfrith

Neid

Gundam Lfrith received 7 damage, now destroyed

Kiraya

Strike Freedom Gundam received 2 damage, leaving 6 HP remaining

Strike Freedom Gundam: Draw a card

Battle ended

Battle initiated

Kiraya

Battle declared: Hyakuren against Enemy Player

Neid

Assigned no blocker

Action step

Neid

Passed

Kiraya

Passed

Battle started: Hyakuren against Reineforce Jr.

Neid

Reineforce Jr. received 4 damage, leaving 1 HP remaining

Battle ended

Turn end phase started

Neid

Passed

Kiraya

Passed

Turn ended!

Turn 20 started!

Battle initiated

Neid

Battle declared: Victory Gundam against Hyakuren

Victory Gundam: Draw a card

Kiraya

No blockers available

Action step

Kiraya

Passed

Neid

Passed

Battle started: Victory Gundam against Hyakuren

Kiraya

Hyakuren received 3 damage, now destroyed

Neid

Victory Gundam received 4 damage, now destroyed

Battle ended

Battle initiated

Neid

Battle declared: Victory Gundam against Strike Freedom Gundam

Kiraya

No blockers available

Action step

Kiraya

Passed

Neid

Passed

Battle started: Victory Gundam against Strike Freedom Gundam

Kiraya

Strike Freedom Gundam received 3 damage, leaving 3 HP remaining

Neid

Victory Gundam received 7 damage, now destroyed

Parts deployed

Battle ended

Neid

Strike Freedom Gundam deployed

Selecting target for Strike Freedom Gundam

Strike Freedom Gundam: Modifier applied to: Strike Freedom Gundam

Strike Freedom Gundam: Modifier applied to: Strike Freedom Gundam

Strike Freedom Gundam: chose Strike Freedom Gundam and Strike Freedom Gundam

Linked pilot: Kira Yamato on unit Strike Freedom Gundam

Kira Yamato: Draw a card

Battle initiated

Neid

Battle declared: Strike Freedom Gundam against Enemy Player

Selecting target for Strike Freedom Gundam

Rick Dias and Kira Yamato discarded

Selecting target for Strike Freedom Gundam

Kiraya

M1 Astray (Shrike) returned to deck

No blockers available

Action step

Kiraya

Passed

Neid

Passed

Battle started: Strike Freedom Gundam against Axis

Kiraya

Axis received 7 damage, now destroyed

Neid

Strike Freedom Gundam: Draw a card

Battle ended

Battle initiated

Neid

Battle declared: Parts against Strike Freedom Gundam

Kiraya

No blockers available

Action step

Kiraya

Passed

Neid

Passed

Battle started: Parts against Strike Freedom Gundam

Kiraya

Strike Freedom Gundam received 1 damage, leaving 2 HP remaining

Neid

Parts received 7 damage, now destroyed

Battle ended

Battle initiated

Neid

Battle declared: Gundam Lfrith against Strike Freedom Gundam

Kiraya

No blockers available

Action step

Kiraya

Passed

Neid

Passed

Battle started: Gundam Lfrith against Strike Freedom Gundam

Kiraya

Strike Freedom Gundam received 2 damage, now destroyed

Neid

Gundam Lfrith received 7 damage, now destroyed

Battle ended

Battle initiated

Neid

Battle declared: Strike Freedom Gundam against Enemy Player

Selecting target for Strike Freedom Gundam

Üso Ewin and Freedom Gundam discarded

Selecting target for Strike Freedom Gundam

Kiraya

Gundam Barbatos Lupus returned to deck

No blockers available

Action step

Kiraya

Passed

Neid

Passed

Battle started: Strike Freedom Gundam against Enemy Shield

Kiraya

Shield card: Gundam Gusion Rebake revealed and discarded

Neid

Strike Freedom Gundam: Draw a card

Battle ended

Turn end phase started

Kiraya

Passed

Neid

Passed

Turn ended!

Turn 21 started!

Kiraya

Gundam Barbatos Adapt deployed

Selecting target for Gundam Barbatos Adapt

Gundam Barbatos Adapt: Dealt 1 damage to: Gundam Barbatos Adapt and Parts

Strike Freedom Gundam deployed

Selecting target for Strike Freedom Gundam

Strike Freedom Gundam: Modifier applied to: Gundam Barbatos Adapt

Strike Freedom Gundam: Modifier applied to: Strike Freedom Gundam

Strike Freedom Gundam: chose Gundam Barbatos Adapt and Strike Freedom Gundam

Linked pilot: Kira Yamato on unit Strike Freedom Gundam

Kira Yamato: Draw a card

Battle initiated

Kiraya

Battle declared: Strike Freedom Gundam against Enemy Player

Selecting target for Strike Freedom Gundam

Mikazuki Augus and Gundam Exia Repair discarded

Selecting target for Strike Freedom Gundam

Neid

Strike Freedom Gundam and Kira Yamato returned to deck

No blockers available

Action step

Neid

Passed

Kiraya

Passed

Battle started: Strike Freedom Gundam against Reineforce Jr.

Neid

Reineforce Jr. received 7 damage, now destroyed

Kiraya

Strike Freedom Gundam: Draw a card

Battle ended

Kiraya

Played base: Axis

Shield card added to hand

Turn end phase started

Neid

Passed

Kiraya

Passed

Turn ended!

Turn 22 started!

Neid

Played command: A Show of Resolve

A Show of Resolve: Draw 2 cards

Played base: Reineforce Jr.

Shield card added to hand

Freedom Gundam deployed

Linked pilot: Kira Yamato on unit Freedom Gundam

Selecting target for Freedom Gundam

Freedom Gundam: Modifier applied to: Strike Freedom Gundam

Battle initiated

Neid

Battle declared: Freedom Gundam against Enemy Player

Selecting target for Kira Yamato

Kira Yamato: Modifier applied to: Strike Freedom Gundam

Kiraya

No blockers available

Action step

Kiraya

Passed

Neid

Passed

Battle started: Freedom Gundam against Axis

Kiraya

Axis received 6 damage, now destroyed

Battle ended

Battle initiated

Neid

Battle declared: Strike Freedom Gundam against Strike Freedom Gundam

Selecting target for Strike Freedom Gundam

Üso Ewin and Victory Gundam discarded

Selecting target for Strike Freedom Gundam

Kiraya

Gundam Barbatos Adapt returned to deck

No blockers available

Action step

Kiraya

Passed

Neid

Passed

Battle started: Strike Freedom Gundam against Strike Freedom Gundam

Kiraya

Strike Freedom Gundam received 7 damage, leaving 1 HP remaining

Neid

Strike Freedom Gundam received 5 damage, leaving 3 HP remaining

Battle ended

Turn end phase started

Kiraya

Passed

Neid

Passed

Turn ended!

Turn 23 started!

Battle initiated

Kiraya

Battle declared: Strike Freedom Gundam against Strike Freedom Gundam

Selecting target for Strike Freedom Gundam

Kira Yamato and Widespread Annihilation discarded

Selecting target for Strike Freedom Gundam

Neid

Freedom Gundam and Kira Yamato returned to deck

No blockers available

Action step

Neid

Passed

Kiraya

Passed

Battle started: Strike Freedom Gundam against Strike Freedom Gundam

Neid

Strike Freedom Gundam received 7 damage, now destroyed

Kiraya

Strike Freedom Gundam received 7 damage, now destroyed

Battle ended

Kiraya

Gundam Flauros (Ryusei-Go) deployed

No targets for Gundam Flauros (Ryusei-Go)

Linked pilot: Mikazuki Augus on unit Gundam Flauros (Ryusei-Go)

Battle initiated

Kiraya

Battle declared: Gundam Flauros (Ryusei-Go) against Enemy Player

No targets for Gundam Flauros (Ryusei-Go)

Neid

No blockers available

Action step

Neid

Passed

Kiraya

Passed

Battle started: Gundam Flauros (Ryusei-Go) against Reineforce Jr.

Neid

Reineforce Jr. received 7 damage, now destroyed

Battle ended

Turn end phase started

Neid

Passed

Kiraya

Passed

Turn ended!

Turn 24 started!

Turn end phase started

Kiraya

Passed

Neid

Passed

Turn ended!

Turn 25 started!

Kiraya

Gundam Barbatos Lupus deployed

Battle initiated

Kiraya

Battle declared: Gundam Flauros (Ryusei-Go) against Enemy Player

No targets for Gundam Flauros (Ryusei-Go)

Neid

No blockers available

Action step

Neid

Passed

Kiraya

Passed

Battle started: Gundam Flauros (Ryusei-Go) against Enemy Shield

Neid

Shield card: Unforeseen Incident revealed

Shield card: Unforeseen Incident moved to trash

Selecting target for Unforeseen Incident

Unforeseen Incident: Modifier applied to: Gundam Barbatos Lupus

Battle ended

Kiraya

Gundam Barbatos Adapt deployed

No targets for Gundam Barbatos Adapt

Turn end phase started

Neid

Passed

Kiraya

Passed

Turn ended!

Turn 26 started!

Neid

Victory Gundam deployed

Linked pilot: Üso Ewin on unit Victory Gundam

Parts deployed

Battle initiated

Neid

Battle declared: Victory Gundam against Enemy Player

Kiraya

No blockers available

Action step

Kiraya

Passed

Neid

Passed

Battle started: Victory Gundam against Enemy Shield

Kiraya

Shield card: Gundam Barbatos Lupus revealed and discarded

Battle ended

Turn end phase started

Kiraya

Passed

Neid

Passed

Turn ended!

Turn 27 started!

Battle initiated

Kiraya

Battle declared: Gundam Barbatos Adapt against Enemy Player

Neid

No blockers available

Action step

Neid

Passed

Kiraya

Passed

Battle started: Gundam Barbatos Adapt against Enemy Shield

Neid

Shield card: Gundam Lfrith revealed and discarded

Battle ended

Kiraya

Played command: Widespread Annihilation

Widespread Annihilation: destroyed Victory Gundam, Parts and Gundam Barbatos Adapt

Battle initiated

Kiraya

Battle declared: Gundam Flauros (Ryusei-Go) against Enemy Player

No targets for Gundam Flauros (Ryusei-Go)

Neid

No blockers available

Action step

Neid

Passed

Kiraya

Passed

Battle started: Gundam Flauros (Ryusei-Go) against Enemy Shield

Neid

Shield card: Argama revealed

Played base: Argama

Shield card added to hand

Battle ended

Battle initiated

Kiraya

Battle declared: Gundam Barbatos Lupus against Enemy Player

Neid

No blockers available

Action step

Neid

Passed

Kiraya

Passed

Battle started: Gundam Barbatos Lupus against Argama

Neid

Argama received 5 damage, now destroyed

Battle ended

Turn end phase started

Neid

Passed

Kiraya

Passed

Turn ended!

Turn 28 started!

Turn end phase started

Kiraya

Passed

Neid

Passed

Turn ended!

Turn 29 started!

Kiraya

Winner!

Game ended!