Mobile Suit Arena - Battle logs
Game started!

bluebob

Choose to play first

Choose to keep starting hand

Kiraya

Choose to keep starting hand

Turn 1 started!

Turn end phase started

Kiraya

Passed

bluebob

Passed

Turn ended!

Turn 2 started!

Kiraya

Graze Custom deployed

Turn end phase started

bluebob

Passed

Kiraya

Passed

Turn ended!

Turn 3 started!

Turn end phase started

Kiraya

Passed

bluebob

Passed

Turn ended!

Turn 4 started!

Kiraya

Gundam Barbatos 1st Form deployed

Turn end phase started

bluebob

Passed

Kiraya

Passed

Turn ended!

Turn 5 started!

bluebob

Rick Dom deployed

Turn end phase started

Kiraya

Passed

bluebob

Passed

Turn ended!

Turn 6 started!

Battle initiated

Kiraya

Battle declared: Gundam Barbatos 1st Form against Enemy Player

bluebob

No blockers available

Action step

bluebob

Passed

Kiraya

Passed

Battle started: Gundam Barbatos 1st Form against EX Base

bluebob

EX Base received 3 damage, now destroyed

Battle ended

Battle initiated

Kiraya

Battle declared: Graze Custom against Enemy Player

bluebob

No blockers available

Action step

bluebob

Passed

Kiraya

Passed

Battle started: Graze Custom against Enemy Shield

bluebob

Shield card: Gundam Barbatos 1st Form revealed and discarded

Battle ended

Kiraya

Strike Rouge (Ootori) deployed

Turn end phase started

bluebob

Passed

Kiraya

Passed

Turn ended!

Turn 7 started!

bluebob

Played action: Giant Killing

Giant Killing: destroyed Strike Rouge (Ootori)

Battle initiated

bluebob

Battle declared: Rick Dom against Gundam Barbatos 1st Form

Kiraya

No blockers available

Action step

Kiraya

Passed

bluebob

Passed

Battle started: Rick Dom against Gundam Barbatos 1st Form

Kiraya

Gundam Barbatos 1st Form received 3 damage, now destroyed

bluebob

Rick Dom received 3 damage, now destroyed

Kiraya

Breach 2: : EX Base received 2 damage, leaving 1 HP remaining

Battle ended

Turn end phase started

Kiraya

Passed

bluebob

Passed

Turn ended!

Turn 8 started!

Battle initiated

Kiraya

Battle declared: Graze Custom against Enemy Player

bluebob

No blockers available

Action step

bluebob

Passed

Kiraya

Passed

Battle started: Graze Custom against Enemy Shield

bluebob

Shield card: Zeong revealed and discarded

Battle ended

Kiraya

Strike Rouge (Ootori) deployed

Graze Custom deployed

Turn end phase started

bluebob

Passed

Kiraya

Passed

Turn ended!

Turn 9 started!

bluebob

Gundam Barbatos 1st Form deployed

Linked pilot: Mikazuki Augus on unit Gundam Barbatos 1st Form

Selecting target for Mikazuki Augus

Mikazuki Augus: Dealt 1 damage to: Gundam Barbatos 1st Form and Graze Custom

Battle initiated

bluebob

Battle declared: Gundam Barbatos 1st Form against Enemy Player

Gundam Barbatos 1st Form: Draw a card

Kiraya

Assigned Strike Rouge (Ootori) to block

Action step

Kiraya

Passed

bluebob

Passed

Battle started: Gundam Barbatos 1st Form against Strike Rouge (Ootori)

Kiraya

Strike Rouge (Ootori) received 5 damage, now destroyed

bluebob

Gundam Barbatos 1st Form received 3 damage, now destroyed

Battle ended

bluebob

Gundam Barbatos Adapt deployed

Selecting target for Gundam Barbatos Adapt

Gundam Barbatos Adapt: Dealt 1 damage to: Gundam Barbatos Adapt and Graze Custom

Turn end phase started

Kiraya

Passed

bluebob

Passed

Turn ended!

Turn 10 started!

Kiraya

Gundam Gusion Rebake deployed

Selecting target for Gundam Gusion Rebake

Gundam Gusion Rebake: Dealt 1 damage to: Gundam Gusion Rebake and Gundam Barbatos Adapt

Battle initiated

Kiraya

Battle declared: Graze Custom against Enemy Player

bluebob

No blockers available

Action step

bluebob

Passed

Kiraya

Passed

Battle started: Graze Custom against Enemy Shield

bluebob

Shield card: Sazabi revealed and discarded

Battle ended

Turn end phase started

bluebob

Passed

Kiraya

Passed

Turn ended!

Turn 11 started!

bluebob

Played action: Giant Killing

Giant Killing: destroyed Gundam Gusion Rebake

Battle initiated

bluebob

Battle declared: Gundam Barbatos Adapt against Graze Custom

Kiraya

No blockers available

Action step

Kiraya

Passed

bluebob

Passed

Battle started: Gundam Barbatos Adapt against Graze Custom

Kiraya

Graze Custom received 2 damage, now destroyed

bluebob

Gundam Barbatos Adapt received 2 damage, now destroyed

Battle ended

bluebob

Zaku Ⅱ deployed

Quess's Jagd Doga deployed

Turn end phase started

Kiraya

Passed

bluebob

Passed

Turn ended!

Turn 12 started!

Kiraya

Gundam Barbatos Adapt deployed

Selecting target for Gundam Barbatos Adapt

Gundam Barbatos Adapt: Dealt 1 damage to: Gundam Barbatos Adapt and Quess's Jagd Doga

Timeout 1

Turn end phase started

bluebob

Passed

Kiraya

Timeout 1

Turn end phase started

bluebob

Passed

Kiraya

Passed

Turn ended!

Turn 13 started!

bluebob

Played base: Axis

Shield card added to hand

Battle initiated

bluebob

Battle declared: Quess's Jagd Doga against Enemy Player

Kiraya

No blockers available

Action step

Kiraya

Passed

bluebob

Passed

Battle started: Quess's Jagd Doga against EX Base

Kiraya

EX Base received 3 damage, now destroyed

Battle ended

bluebob

Sazabi deployed

Linked pilot: Char Aznable on unit Sazabi

Battle initiated

bluebob

Battle declared: Sazabi against Enemy Player

Char Aznable: Modifier applied to: Sazabi

Selecting target for Sazabi

Sazabi: destroyed Quess's Jagd Doga

Kiraya

Selecting target for Sazabi

bluebob

Sazabi: destroyed Gundam Barbatos Adapt

Quess's Jagd Doga returned to hand

Kiraya

Can't block High-maneuver

Action step

Kiraya

Passed

bluebob

Passed

Battle started: Sazabi against Enemy Shield

Kiraya

Shield cards: Hyakuren and Mikazuki Augus revealed

Shield cards: Hyakuren moved to trash

Shield card added to hand: Mikazuki Augus

Battle ended

bluebob

Activated: Axis

Rested base: Axis

Quess's Jagd Doga deployed

Battle initiated

bluebob

Battle declared: Zaku Ⅱ against Enemy Player

Zaku Ⅱ: Modifier applied to: Zaku Ⅱ

Kiraya

No blockers available

Action step

Kiraya

Passed

bluebob

Passed

Battle started: Zaku Ⅱ against Enemy Shield

Kiraya

Shield card: Strike Freedom Gundam revealed and discarded

Battle ended

Turn end phase started

Kiraya

Passed

bluebob

Passed

Turn ended!

Turn 14 started!

Kiraya

Strike Freedom Gundam deployed

Selecting target for Strike Freedom Gundam

Strike Freedom Gundam: Modifier applied to: Strike Freedom Gundam

Strike Freedom Gundam: chose Strike Freedom Gundam

Linked pilot: Kira Yamato on unit Strike Freedom Gundam

Kira Yamato: Draw a card

Battle initiated

Kiraya

Battle declared: Strike Freedom Gundam against Sazabi

Selecting target for Strike Freedom Gundam

bluebob

No blockers available

Action step

bluebob

Passed

Kiraya

Passed

Battle started: Strike Freedom Gundam against Sazabi

bluebob

Sazabi received 7 damage, now destroyed

Kiraya

Strike Freedom Gundam received 6 damage, leaving 2 HP remaining

Strike Freedom Gundam: Draw a card

Battle ended

Kiraya

Played base: Axis

Shield card added to hand

Turn end phase started

bluebob

Passed

Kiraya

Passed

Turn ended!

Turn 15 started!

Battle initiated

bluebob

Battle declared: Zaku Ⅱ against Strike Freedom Gundam

Zaku Ⅱ: Modifier applied to: Zaku Ⅱ

Kiraya

No blockers available

Action step

Kiraya

Passed

bluebob

Passed

Battle started: Zaku Ⅱ against Strike Freedom Gundam

Kiraya

Strike Freedom Gundam received 3 damage, now destroyed

bluebob

Zaku Ⅱ received 7 damage, now destroyed

Battle ended

Battle initiated

bluebob

Battle declared: Quess's Jagd Doga against Enemy Player

Kiraya

No blockers available

Action step

Kiraya

Passed

bluebob

Passed

Battle started: Quess's Jagd Doga against Axis

Kiraya

Axis received 3 damage, leaving 3 HP remaining

Battle ended

bluebob

Zaku Ⅱ deployed

Char's Zaku Ⅱ deployed

Zeong deployed

Turn end phase started

Kiraya

Passed

bluebob

Passed

Turn ended!

Turn 16 started!

Kiraya

Played command: Widespread Annihilation

Widespread Annihilation: destroyed Quess's Jagd Doga, Zaku Ⅱ and Char's Zaku Ⅱ

bluebob

Selecting target for Char's Zaku Ⅱ

Card added to hand: Quess's Jagd Doga

Kiraya

Hyakuren deployed

Turn end phase started

bluebob

Passed

Kiraya

Passed

Turn ended!

Turn 17 started!

bluebob

Linked pilot: Char Aznable on unit Zeong

Wire-Guided Arm deployed

Wire-Guided Arm deployed

Battle initiated

bluebob

Battle declared: Zeong against Enemy Player

Char Aznable: Modifier applied to: Zeong

Kiraya

Can't block High-maneuver

Action step

Kiraya

Passed

bluebob

Passed

Battle started: Zeong against Axis

Kiraya

Axis received 6 damage, now destroyed

Battle ended

bluebob

Quess's Jagd Doga deployed

Turn end phase started

Kiraya

Passed

bluebob

Passed

Turn ended!

Turn 18 started!

Kiraya

Played base: Axis

Shield card added to hand

Gundam Barbatos Lupus deployed

Activated: Gundam Barbatos Lupus

Graze Custom, Gundam Barbatos Adapt and Hyakuren exiled from the game

Selecting target for Gundam Barbatos Lupus

Gundam Barbatos Lupus: Dealt 2 damage to Zeong, leaving 2 HP remaining

Activated: Gundam Barbatos Lupus

Gundam Barbatos 1st Form, Graze Custom and Gundam Gusion Rebake exiled from the game

Selecting target for Gundam Barbatos Lupus

Gundam Barbatos Lupus: Dealt 2 damage to Zeong, now destroyed

bluebob

Zeong (Head) deployed

Kiraya

Paired pilot: Mikazuki Augus on unit Hyakuren

Selecting target for Mikazuki Augus

Mikazuki Augus: Dealt 1 damage to: Gundam Barbatos Lupus and Zeong (Head)

Battle initiated

Kiraya

Battle declared: Hyakuren against Enemy Player

bluebob

No blockers available

Action step

bluebob

Passed

Kiraya

Passed

Battle started: Hyakuren against Axis

bluebob

Axis received 6 damage, now destroyed

Battle ended

Kiraya

Linked pilot: Mikazuki Augus on unit Gundam Barbatos Lupus

Selecting target for Mikazuki Augus

Mikazuki Augus: Dealt 1 damage to: Hyakuren and Wire-Guided Arm

Battle initiated

Kiraya

Battle declared: Gundam Barbatos Lupus against Enemy Player

bluebob

No blockers available

Action step

bluebob

Passed

Kiraya

Passed

Battle started: Gundam Barbatos Lupus against Enemy Shield

bluebob

Shield card: Char Aznable revealed

Shield card added to hand: Char Aznable

Battle ended

Turn end phase started

bluebob

Passed

Kiraya

Passed

Turn ended!

Turn 19 started!

bluebob

Paired pilot: Mikazuki Augus on unit Quess's Jagd Doga

Selecting target for Mikazuki Augus

Mikazuki Augus: Dealt 1 damage to: Quess's Jagd Doga and Hyakuren

Battle initiated

bluebob

Battle declared: Wire-Guided Arm against Hyakuren

Kiraya

No blockers available

Action step

Kiraya

Passed

bluebob

Passed

Battle started: Wire-Guided Arm against Hyakuren

Kiraya

Hyakuren received 2 damage, now destroyed

bluebob

Wire-Guided Arm received 6 damage, now destroyed

Battle ended

Battle initiated

bluebob

Battle declared: Quess's Jagd Doga against Gundam Barbatos Lupus

Kiraya

No blockers available

Action step

Kiraya

Passed

bluebob

Passed

Battle started: Quess's Jagd Doga against Gundam Barbatos Lupus

Kiraya

Gundam Barbatos Lupus received 5 damage, now destroyed

bluebob

Quess's Jagd Doga received 7 damage, now destroyed

Battle ended

Turn end phase started

Kiraya

Passed

bluebob

Passed

Turn ended!

Turn 20 started!

Kiraya

Gundam Gusion Rebake deployed

No targets for Gundam Gusion Rebake

Turn end phase started

bluebob

Passed

Kiraya

Passed

Turn ended!

Turn 21 started!

Turn end phase started

Kiraya

Passed

bluebob

Passed

Turn ended!

Turn 22 started!

Battle initiated

Kiraya

Battle declared: Gundam Gusion Rebake against Enemy Player

bluebob

No blockers available

Action step

bluebob

Passed

Kiraya

Passed

Battle started: Gundam Gusion Rebake against Enemy Shield

bluebob

Shield card: Char's Zaku Ⅱ revealed and discarded

Battle ended

Kiraya

Gundam Barbatos Adapt deployed

No targets for Gundam Barbatos Adapt

Linked pilot: Mikazuki Augus on unit Gundam Barbatos Adapt

Winner!

Game ended!