Mobile Suit Arena - Battle logs
Game started!

Kiraya

Choose to play second

Choose to mulligan starting hand

Coco

Choose to mulligan starting hand

Turn 1 started!

Coco

Zaku Ⅰ deployed

Turn end phase started

Kiraya

Passed

Coco

Passed

Turn ended!

Turn 2 started!

Turn end phase started

Coco

Passed

Kiraya

Passed

Turn ended!

Turn 3 started!

Battle initiated

Coco

Battle declared: Zaku Ⅰ against Enemy Player

Kiraya

No blockers available

Action step

Kiraya

Passed

Coco

Passed

Battle started: Zaku Ⅰ against EX Base

Kiraya

EX Base received 1 damage, leaving 2 HP remaining

Battle ended

Turn end phase started

Kiraya

Passed

Coco

Passed

Turn ended!

Turn 4 started!

Kiraya

Graze Custom deployed

Turn end phase started

Coco

Passed

Kiraya

Passed

Turn ended!

Turn 5 started!

Coco

Rick Dom deployed

Turn end phase started

Kiraya

Passed

Coco

Passed

Turn ended!

Turn 6 started!

Kiraya

Gundam Barbatos 1st Form deployed

Linked pilot: Mikazuki Augus on unit Gundam Barbatos 1st Form

Selecting target for Mikazuki Augus

Mikazuki Augus: Dealt 1 damage to: Gundam Barbatos 1st Form and Rick Dom

Battle initiated

Kiraya

Battle declared: Gundam Barbatos 1st Form against Enemy Player

Gundam Barbatos 1st Form: Draw a card

Coco

No blockers available

Action step

Coco

Passed

Kiraya

Passed

Battle started: Gundam Barbatos 1st Form against EX Base

Coco

EX Base received 5 damage, now destroyed

Battle ended

Battle initiated

Kiraya

Battle declared: Graze Custom against Enemy Player

Coco

No blockers available

Action step

Coco

Passed

Kiraya

Passed

Battle started: Graze Custom against Enemy Shield

Coco

Shield card: Gundam Barbatos Adapt revealed and discarded

Battle ended

Turn end phase started

Coco

Passed

Kiraya

Passed

Turn ended!

Turn 7 started!

Battle initiated

Coco

Battle declared: Rick Dom against Gundam Barbatos 1st Form

Kiraya

No blockers available

Action step

Kiraya

Passed

Coco

Passed

Battle started: Rick Dom against Gundam Barbatos 1st Form

Kiraya

Gundam Barbatos 1st Form received 3 damage, now destroyed

Coco

Rick Dom received 5 damage, now destroyed

Kiraya

Breach 2: : EX Base received 2 damage, now destroyed

Battle ended

Battle initiated

Coco

Battle declared: Zaku Ⅰ against Enemy Player

Kiraya

No blockers available

Action step

Kiraya

Passed

Coco

Passed

Battle started: Zaku Ⅰ against Enemy Shield

Kiraya

Shield card: Axis revealed

Played base: Axis

Shield card added to hand

Battle ended

Coco

Played base: Falmel

Shield card added to hand

Char's Zaku Ⅱ deployed

Rick Dom deployed

Turn end phase started

Kiraya

Passed

Coco

Passed

Turn ended!

Turn 8 started!

Kiraya

Gundam Gusion Rebake deployed

Selecting target for Gundam Gusion Rebake

Gundam Gusion Rebake: Dealt 1 damage to: Graze Custom and Char's Zaku Ⅱ

Battle initiated

Kiraya

Battle declared: Graze Custom against Zaku Ⅰ

Coco

No blockers available

Action step

Coco

Passed

Kiraya

Passed

Battle started: Graze Custom against Zaku Ⅰ

Coco

Zaku Ⅰ received 2 damage, now destroyed

Kiraya

Graze Custom received 1 damage, now destroyed

Battle ended

Turn end phase started

Coco

Passed

Kiraya

Passed

Turn ended!

Turn 9 started!

Coco

Gundam Barbatos 1st Form deployed

Linked pilot: Mikazuki Augus on unit Gundam Barbatos 1st Form

Selecting target for Mikazuki Augus

Mikazuki Augus: Dealt 1 damage to: Gundam Barbatos 1st Form and Gundam Gusion Rebake

Battle initiated

Coco

Battle declared: Gundam Barbatos 1st Form against Enemy Player

Gundam Barbatos 1st Form: Draw a card

Kiraya

Assigned Gundam Gusion Rebake to block

Action step

Kiraya

Passed

Coco

Passed

Battle started: Gundam Barbatos 1st Form against Gundam Gusion Rebake

Kiraya

Gundam Gusion Rebake received 5 damage, now destroyed

Coco

Gundam Barbatos 1st Form received 3 damage, now destroyed

Battle ended

Battle initiated

Coco

Battle declared: Rick Dom against Enemy Player

Kiraya

No blockers available

Action step

Kiraya

Passed

Coco

Passed

Battle started: Rick Dom against Axis

Kiraya

Axis received 3 damage, leaving 3 HP remaining

Battle ended

Coco

Char's Zaku Ⅱ deployed

Turn end phase started

Kiraya

Passed

Coco

Passed

Turn ended!

Turn 10 started!

Kiraya

Gundam Gusion Rebake deployed

Selecting target for Gundam Gusion Rebake

Gundam Gusion Rebake: Dealt 1 damage to: Gundam Gusion Rebake and Char's Zaku Ⅱ

Gundam Barbatos Adapt deployed

Selecting target for Gundam Barbatos Adapt

Gundam Barbatos Adapt: Dealt 1 damage to: Gundam Barbatos Adapt and Char's Zaku Ⅱ

Coco

Selecting target for Char's Zaku Ⅱ

Card added to hand: Char's Zaku Ⅱ

Turn end phase started

Coco

Passed

Kiraya

Passed

Turn ended!

Turn 11 started!

Coco

Gundam Barbatos 1st Form deployed

Linked pilot: Mikazuki Augus on unit Gundam Barbatos 1st Form

Selecting target for Mikazuki Augus

Mikazuki Augus: Dealt 1 damage to: Gundam Barbatos 1st Form and Gundam Barbatos Adapt

Battle initiated

Coco

Battle declared: Gundam Barbatos 1st Form against Enemy Player

Gundam Barbatos 1st Form: Draw a card

Kiraya

Assigned no blocker

Action step

Kiraya

Passed

Coco

Passed

Battle started: Gundam Barbatos 1st Form against Axis

Kiraya

Axis received 5 damage, now destroyed

Battle ended

Coco

Char's Zaku Ⅱ deployed

Zaku Ⅱ deployed

Turn end phase started

Kiraya

Passed

Coco

Passed

Turn ended!

Turn 12 started!

Battle initiated

Kiraya

Battle declared: Gundam Barbatos Adapt against Gundam Barbatos 1st Form

Coco

No blockers available

Action step

Coco

Passed

Kiraya

Passed

Battle started: Gundam Barbatos Adapt against Gundam Barbatos 1st Form

Coco

Gundam Barbatos 1st Form received 2 damage, now destroyed

Kiraya

Gundam Barbatos Adapt received 5 damage, now destroyed

Battle ended

Kiraya

Strike Rouge (Ootori) deployed

Strike Rouge (Ootori) deployed

Turn end phase started

Coco

Passed

Kiraya

Passed

Turn ended!

Turn 13 started!

Coco

Zeong deployed

Gundam Barbatos 1st Form deployed

Turn end phase started

Kiraya

Passed

Coco

Passed

Turn ended!

Turn 14 started!

Kiraya

Gundam Barbatos Lupus deployed

Activated: Gundam Barbatos Lupus

Graze Custom, Gundam Gusion Rebake and Gundam Barbatos Adapt exiled from the game

Selecting target for Gundam Barbatos Lupus

Gundam Barbatos Lupus: Dealt 2 damage to Gundam Barbatos 1st Form, now destroyed

Turn end phase started

Coco

Passed

Kiraya

Passed

Turn ended!

Turn 15 started!

Battle initiated

Coco

Battle declared: Zeong against Enemy Player

Kiraya

Assigned Strike Rouge (Ootori) to block

Action step

Kiraya

Passed

Coco

Passed

Battle started: Zeong against Strike Rouge (Ootori)

Kiraya

Strike Rouge (Ootori) received 4 damage, now destroyed

Coco

Zeong received 3 damage, now destroyed

Zeong (Head) deployed

Battle ended

Coco

Zaku Ⅱ deployed

Zaku Ⅱ deployed

Turn end phase started

Kiraya

Passed

Coco

Passed

Turn ended!

Turn 16 started!

Kiraya

M1 Astray (Shrike) deployed

Selecting target for M1 Astray (Shrike)

M1 Astray (Shrike): Dealt 1 damage to Zeong (Head), now destroyed

Strike Freedom Gundam deployed

Selecting target for Strike Freedom Gundam

Strike Freedom Gundam: Modifier applied to: Gundam Barbatos Lupus

Strike Freedom Gundam: Modifier applied to: Strike Freedom Gundam

Strike Freedom Gundam: chose Gundam Barbatos Lupus and Strike Freedom Gundam

Linked pilot: Kira Yamato on unit Strike Freedom Gundam

Kira Yamato: Draw a card

Battle initiated

Kiraya

Battle declared: Gundam Barbatos Lupus against Enemy Player

Coco

No blockers available

Action step

Coco

Passed

Kiraya

Passed

Battle started: Gundam Barbatos Lupus against Falmel

Coco

Falmel received 5 damage, now destroyed

Kiraya

Strike Freedom Gundam: Draw a card

Battle ended

Battle initiated

Kiraya

Battle declared: Strike Freedom Gundam against Enemy Player

Selecting target for Strike Freedom Gundam

Coco

No blockers available

Action step

Coco

Passed

Kiraya

Passed

Battle started: Strike Freedom Gundam against Enemy Shield

Coco

Shield card: Char Aznable revealed

Shield card added to hand: Char Aznable

Kiraya

Strike Freedom Gundam: Draw a card

Battle ended

Turn end phase started

Coco

Passed

Kiraya

Passed

Turn ended!

Turn 17 started!

Battle initiated

Coco

Battle declared: Zaku Ⅱ against Enemy Player

Kiraya

Assigned Strike Rouge (Ootori) to block

Action step

Kiraya

Passed

Coco

Passed

Battle started: Zaku Ⅱ against Strike Rouge (Ootori)

Kiraya

Strike Rouge (Ootori) received 2 damage, leaving 2 HP remaining

Coco

Zaku Ⅱ received 3 damage, now destroyed

Battle ended

Battle initiated

Coco

Battle declared: Zaku Ⅱ against Enemy Player

Kiraya

Assigned Gundam Gusion Rebake to block

Action step

Kiraya

Passed

Coco

Passed

Battle started: Zaku Ⅱ against Gundam Gusion Rebake

Kiraya

Gundam Gusion Rebake received 2 damage, leaving 2 HP remaining

Coco

Zaku Ⅱ received 3 damage, now destroyed

Battle ended

Battle initiated

Coco

Battle declared: Rick Dom against Gundam Gusion Rebake

Kiraya

No blockers available

Action step

Kiraya

Passed

Coco

Passed

Battle started: Rick Dom against Gundam Gusion Rebake

Kiraya

Gundam Gusion Rebake received 3 damage, now destroyed

Coco

Rick Dom received 3 damage, now destroyed

Kiraya

Breach 2 Shield card: Hyakuren revealed and discarded

Battle ended

Battle initiated

Coco

Battle declared: Zaku Ⅱ against Strike Rouge (Ootori)

Zaku Ⅱ: Modifier applied to: Zaku Ⅱ

Kiraya

No blockers available

Action step

Kiraya

Passed

Coco

Passed

Battle started: Zaku Ⅱ against Strike Rouge (Ootori)

Kiraya

Strike Rouge (Ootori) received 3 damage, now destroyed

Coco

Zaku Ⅱ received 3 damage, now destroyed

Battle ended

Battle initiated

Coco

Battle declared: Char's Zaku Ⅱ against Enemy Player

Kiraya

No blockers available

Action step

Kiraya

Passed

Coco

Passed

Battle started: Char's Zaku Ⅱ against Enemy Shield

Kiraya

Shield card: A Show of Resolve revealed and discarded

Battle ended

Coco

Played base: Falmel

Shield card added to hand

Char's Zaku Ⅱ deployed

Zeong deployed

Linked pilot: Char Aznable on unit Zeong

Selecting target for Char Aznable

Wire-Guided Arm deployed

Wire-Guided Arm deployed

Battle initiated

Coco

Battle declared: Zeong against Gundam Barbatos Lupus

Kiraya

No blockers available

Action step

Kiraya

Passed

Coco

Passed

Battle started: Zeong against Gundam Barbatos Lupus

Kiraya

Gundam Barbatos Lupus received 6 damage, now destroyed

Coco

Zeong received 5 damage, now destroyed

Zeong (Head) deployed

Battle ended

Coco

Zaku Ⅱ deployed

Turn end phase started

Kiraya

Passed

Coco

Passed

Turn ended!

Turn 18 started!

Battle initiated

Kiraya

Battle declared: Strike Freedom Gundam against Char's Zaku Ⅱ

Selecting target for Strike Freedom Gundam

Hyakuren and Gundam Barbatos 1st Form discarded

Selecting target for Strike Freedom Gundam

Coco

Char's Zaku Ⅱ removed from play

No blockers available

Action step

Coco

Passed

Kiraya

Passed

Battle started: Strike Freedom Gundam against Char's Zaku Ⅱ

Coco

Char's Zaku Ⅱ received 7 damage, now destroyed

Kiraya

Strike Freedom Gundam received 3 damage, leaving 5 HP remaining

Battle ended

Battle initiated

Kiraya

Battle declared: M1 Astray (Shrike) against Zeong (Head)

Coco

No blockers available

Action step

Coco

Passed

Kiraya

Passed

Battle started: M1 Astray (Shrike) against Zeong (Head)

Coco

Zeong (Head) received 1 damage, now destroyed

Kiraya

M1 Astray (Shrike) received 3 damage, now destroyed

Battle ended

Kiraya

M1 Astray (Shrike) deployed

No targets for M1 Astray (Shrike)

Played base: Axis

Shield card added to hand

Played command: A Show of Resolve

A Show of Resolve: Draw 2 cards

Gundam Flauros (Ryusei-Go) deployed

Selecting target for Gundam Flauros (Ryusei-Go)

Turn end phase started

Coco

Passed

Kiraya

Passed

Turn ended!

Turn 19 started!

Coco

Char's Zaku Ⅱ deployed

Zaku Ⅱ deployed

Turn end phase started

Kiraya

Passed

Coco

Passed

Turn ended!

Turn 20 started!

Battle initiated

Kiraya

Battle declared: Gundam Flauros (Ryusei-Go) against Enemy Player

Selecting target for Gundam Flauros (Ryusei-Go)

Coco

No blockers available

Action step

Coco

Passed

Kiraya

Passed

Battle started: Gundam Flauros (Ryusei-Go) against Falmel

Coco

Falmel received 5 damage, now destroyed

Battle ended

Kiraya

Gundam Barbatos Adapt deployed

Selecting target for Gundam Barbatos Adapt

Gundam Barbatos Adapt: Dealt 1 damage to: Gundam Barbatos Adapt and Wire-Guided Arm

Battle initiated

Kiraya

Battle declared: M1 Astray (Shrike) against Enemy Player

Coco

No blockers available

Action step

Coco

Passed

Kiraya

Passed

Battle started: M1 Astray (Shrike) against Enemy Shield

Coco

Shield card: Falmel revealed

Played base: Falmel

Shield card added to hand

Battle ended

Kiraya

Winner!

Game ended!