Mobile Suit Arena - Battle logs
Game started!

Vash

Choose to play second

Choose to mulligan starting hand

Kiraya

Choose to keep starting hand

Turn 1 started!

Turn end phase started

Vash

Passed

Kiraya

Passed

Turn ended!

Turn 2 started!

Vash

Replaced EX Base base: Mining Asteroid Palau

Shield card added to hand

Turn end phase started

Kiraya

Passed

Vash

Passed

Turn ended!

Turn 3 started!

Kiraya

Gundam Exia Repair deployed

Turn end phase started

Vash

Passed

Kiraya

Passed

Turn ended!

Turn 4 started!

Vash

Played command: Airframe Seizure

Selecting target for Airframe Seizure

A Show of Resolve discarded

Airframe Seizure: Draw 2 cards

Turn end phase started

Kiraya

Passed

Vash

Passed

Turn ended!

Turn 5 started!

Kiraya

Hyakuren deployed

Battle initiated

Kiraya

Battle declared: Gundam Exia Repair against Enemy Player

Vash

No blockers available

Action step

Vash

Passed

Kiraya

Passed

Battle started: Gundam Exia Repair against Mining Asteroid Palau

Vash

Mining Asteroid Palau received 2 damage, leaving 4 HP remaining

Battle ended

Turn end phase started

Vash

Passed

Kiraya

Passed

Turn ended!

Turn 6 started!

Vash

Zoloat (League Militaire) deployed

Turn end phase started

Kiraya

Passed

Vash

Passed

Turn ended!

Turn 7 started!

Battle initiated

Kiraya

Battle declared: Gundam Exia Repair against Enemy Player

Vash

Assigned no blocker

Action step

Vash

Passed

Kiraya

Passed

Battle started: Gundam Exia Repair against Mining Asteroid Palau

Vash

Mining Asteroid Palau received 2 damage, leaving 2 HP remaining

Battle ended

Kiraya

Strike Rouge (Ootori) deployed

Replaced EX Base base: Axis

Shield card added to hand

Turn end phase started

Vash

Played action: Darkness Finger

Darkness Finger: Dealt 2 damage to Strike Rouge (Ootori), leaving 2 HP remaining

Kiraya

Passed

Vash

Passed

Kiraya

Turn ended!

Turn 8 started!

Vash

Played action: Improved Technique

Improved Technique: Dealt 3 damage to Hyakuren, now destroyed

Turn end phase started

Kiraya

Passed

Vash

Passed

Turn ended!

Turn 9 started!

Kiraya

Gundam Flauros (Ryusei-Go) deployed

Selecting target for Gundam Flauros (Ryusei-Go)

Battle initiated

Kiraya

Battle declared: Gundam Exia Repair against Enemy Player

Vash

No blockers available

Action step

Vash

Passed

Kiraya

Passed

Battle started: Gundam Exia Repair against Mining Asteroid Palau

Vash

Mining Asteroid Palau received 2 damage, now destroyed

Battle ended

Battle initiated

Kiraya

Battle declared: Strike Rouge (Ootori) against Enemy Player

Vash

No blockers available

Action step

Vash

Passed

Kiraya

Passed

Battle started: Strike Rouge (Ootori) against Enemy Shield

Vash

Shield card: Airframe Seizure revealed and discarded

Battle ended

Turn end phase started

Vash

Passed

Kiraya

Passed

Turn ended!

Turn 10 started!

Vash

Kshatriya deployed

Linked pilot: Marida Cruz on unit Kshatriya

Selecting target for Kshatriya

Kshatriya: Dealt 1 damage to: Gundam Exia Repair and Strike Rouge (Ootori)

Kiraya

Gundam Exia Repair milled 2: Mikazuki Augus and Strike Freedom Gundam moved to trash

Battle initiated

Vash

Battle declared: Kshatriya against Enemy Player

Selecting target for Marida Cruz

Marida Cruz: Dealt 1 damage to Strike Rouge (Ootori), now destroyed

Kiraya

No blockers available

Action step

Kiraya

Passed

Vash

Passed

Battle started: Kshatriya against Axis

Kiraya

Axis received 7 damage, now destroyed

Battle ended

Turn end phase started

Kiraya

Passed

Vash

Passed

Turn ended!

Turn 11 started!

Battle initiated

Kiraya

Battle declared: Gundam Flauros (Ryusei-Go) against Kshatriya

No targets for Gundam Flauros (Ryusei-Go)

Vash

No blockers available

Action step

Vash

Passed

Kiraya

Passed

Battle started: Gundam Flauros (Ryusei-Go) against Kshatriya

Vash

Kshatriya received 5 damage, now destroyed

Kiraya

Gundam Flauros (Ryusei-Go) received 7 damage, now destroyed

Battle ended

Kiraya

Played command: A Show of Resolve

A Show of Resolve: Draw 2 cards

Hyakuren deployed

Played base: Axis

Shield card added to hand

Turn end phase started

Vash

Passed

Kiraya

Passed

Turn ended!

Turn 12 started!

Vash

Played action: Improved Technique

Improved Technique: Dealt 3 damage to Hyakuren, now destroyed

Played command: A Show of Resolve

A Show of Resolve: Draw 2 cards

Turn end phase started

Kiraya

Passed

Vash

Passed

Turn ended!

Turn 13 started!

Kiraya

Gundam Barbatos Lupus deployed

Graze Custom deployed

Turn end phase started

Vash

Passed

Kiraya

Passed

Turn ended!

Turn 14 started!

Vash

Played action: Close Combat

Close Combat: Dealt 2 damage to Graze Custom, now destroyed

Played base: Mining Asteroid Palau

Shield card added to hand

Played command: Airframe Seizure

Selecting target for Airframe Seizure

Overwhelming Pressure discarded

Airframe Seizure: Draw 2 cards

Turn end phase started

Kiraya

Passed

Vash

Passed

Turn ended!

Turn 15 started!

Battle initiated

Kiraya

Battle declared: Gundam Barbatos Lupus against Enemy Player

Vash

No blockers available

Action step

Vash

Passed

Kiraya

Passed

Battle started: Gundam Barbatos Lupus against Mining Asteroid Palau

Vash

Mining Asteroid Palau received 5 damage, leaving 1 HP remaining

Battle ended

Kiraya

Gundam Barbatos 1st Form deployed

Turn end phase started

Vash

Passed

Kiraya

Passed

Turn ended!

Turn 16 started!

Vash

Strike Rouge (Kira's Unit) deployed

Linked pilot: Kira Yamato on unit Strike Rouge (Kira's Unit)

Kira Yamato: Draw a card

Battle initiated

Vash

Battle declared: Strike Rouge (Kira's Unit) against Gundam Barbatos Lupus

Kiraya

No blockers available

Action step

Kiraya

Passed

Vash

Passed

Battle started: Strike Rouge (Kira's Unit) against Gundam Barbatos Lupus

Kiraya

Gundam Barbatos Lupus received 5 damage, now destroyed

Vash

Strike Rouge (Kira's Unit) received 5 damage, leaving 1 HP remaining

Battle ended

Vash

Played action: Improved Technique

Improved Technique: Dealt 3 damage to Gundam Barbatos 1st Form, now destroyed

Turn end phase started

Kiraya

Passed

Vash

Passed

Turn ended!

Turn 17 started!

Kiraya

Gundam Barbatos Adapt deployed

Selecting target for Gundam Barbatos Adapt

Gundam Barbatos Adapt: Dealt 1 damage to: Gundam Barbatos Adapt and Strike Rouge (Kira's Unit)

Linked pilot: Mikazuki Augus on unit Gundam Barbatos Adapt

Battle initiated

Kiraya

Battle declared: Gundam Barbatos Adapt against Enemy Player

Vash

No blockers available

Action step

Vash

Passed

Kiraya

Passed

Battle started: Gundam Barbatos Adapt against Mining Asteroid Palau

Vash

Mining Asteroid Palau received 4 damage, now destroyed

Battle ended

Turn end phase started

Vash

Passed

Kiraya

Passed

Turn ended!

Turn 18 started!

Vash

Strike Rouge (Kira's Unit) deployed

Linked pilot: Kira Yamato on unit Strike Rouge (Kira's Unit)

Kira Yamato: Draw a card

Played base: Mining Asteroid Palau

Shield card added to hand

Battle initiated

Vash

Battle declared: Strike Rouge (Kira's Unit) against Gundam Barbatos Adapt

Kiraya

No blockers available

Action step

Kiraya

Passed

Vash

Passed

Battle started: Strike Rouge (Kira's Unit) against Gundam Barbatos Adapt

Kiraya

Gundam Barbatos Adapt received 5 damage, now destroyed

Vash

Strike Rouge (Kira's Unit) received 4 damage, leaving 2 HP remaining

Battle ended

Turn end phase started

Kiraya

Passed

Vash

Passed

Turn ended!

Turn 19 started!

Kiraya

Gundam Barbatos Adapt deployed

Selecting target for Gundam Barbatos Adapt

Gundam Barbatos Adapt: Dealt 1 damage to: Gundam Barbatos Adapt and Strike Rouge (Kira's Unit)

Linked pilot: Mikazuki Augus on unit Gundam Barbatos Adapt

Selecting target for Mikazuki Augus

Mikazuki Augus: Dealt 1 damage to: Gundam Barbatos Adapt and Strike Rouge (Kira's Unit)

Turn end phase started

Vash

Passed

Kiraya

Passed

Turn ended!

Turn 20 started!

Vash

Strike Rouge (Ootori) deployed

Kshatriya deployed

Turn end phase started

Kiraya

Passed

Vash

Passed

Turn ended!

Turn 21 started!

Kiraya

Strike Freedom Gundam deployed

Selecting target for Strike Freedom Gundam

Strike Freedom Gundam: Modifier applied to: Gundam Barbatos Adapt

Strike Freedom Gundam: Modifier applied to: Strike Freedom Gundam

Strike Freedom Gundam: chose Gundam Barbatos Adapt and Strike Freedom Gundam

Linked pilot: Kira Yamato on unit Strike Freedom Gundam

Kira Yamato: Draw a card

Battle initiated

Kiraya

Battle declared: Strike Freedom Gundam against Enemy Player

Selecting target for Strike Freedom Gundam

Widespread Annihilation and Axis discarded

Selecting target for Strike Freedom Gundam

Vash

Strike Rouge (Ootori) returned to deck

No blockers available

Action step

Vash

Passed

Kiraya

Passed

Battle started: Strike Freedom Gundam against Mining Asteroid Palau

Vash

Mining Asteroid Palau received 7 damage, now destroyed

Kiraya

Strike Freedom Gundam: Draw a card

Battle ended

Kiraya

Strike Rouge (Ootori) deployed

Battle initiated

Kiraya

Battle declared: Gundam Barbatos Adapt against Enemy Player

Vash

No blockers available

Action step

Vash

Passed

Kiraya

Passed

Battle started: Gundam Barbatos Adapt against Enemy Shield

Vash

Shield card: Mining Asteroid Palau revealed

Played base: Mining Asteroid Palau

Shield card added to hand

Kiraya

Strike Freedom Gundam: Draw a card

Battle ended

Turn end phase started

Vash

Passed

Kiraya

Passed

Turn ended!

Turn 22 started!

Vash

Played command: A Show of Resolve

A Show of Resolve: Draw 2 cards

Linked pilot: Marida Cruz on unit Kshatriya

Selecting target for Kshatriya

Kshatriya: Dealt 1 damage to: Gundam Barbatos Adapt and Strike Freedom Gundam

Unicorn Gundam 02 Banshee (Destroy Mode) deployed

Linked pilot: Marida Cruz on unit Unicorn Gundam 02 Banshee (Destroy Mode)

Battle initiated

Vash

Battle declared: Unicorn Gundam 02 Banshee (Destroy Mode) against Strike Freedom Gundam

Selecting target for Marida Cruz

Marida Cruz: Dealt 1 damage to Gundam Barbatos Adapt, leaving 1 HP remaining

Selecting target for Unicorn Gundam 02 Banshee (Destroy Mode)

Returned to deck bottom

Set Active: Unicorn Gundam 02 Banshee (Destroy Mode)

Unicorn Gundam 02 Banshee (Destroy Mode): Modifier applied to: Unicorn Gundam 02 Banshee (Destroy Mode)

Kiraya

Assigned no blocker

Action step

Kiraya

Passed

Vash

Passed

Battle started: Unicorn Gundam 02 Banshee (Destroy Mode) against Strike Freedom Gundam

Kiraya

Strike Freedom Gundam received 7 damage, now destroyed

Vash

Damage prevented

Unicorn Gundam 02 Banshee (Destroy Mode) received 0 damage, leaving 5 HP remaining

Battle ended

Battle initiated

Vash

Battle declared: Kshatriya against Enemy Player

Selecting target for Marida Cruz

Marida Cruz: Dealt 1 damage to Gundam Barbatos Adapt, now destroyed

Kiraya

Assigned no blocker

Action step

Kiraya

Passed

Vash

Passed

Battle started: Kshatriya against Axis

Kiraya

Axis received 7 damage, now destroyed

Battle ended

Vash

Strike Rouge (Kira's Unit) deployed

Turn end phase started

Kiraya

Passed

Vash

Passed

Turn ended!

Turn 23 started!

Kiraya

Gundam Barbatos Lupus deployed

Gundam Gusion Rebake deployed

Selecting target for Gundam Gusion Rebake

Gundam Gusion Rebake: Dealt 1 damage to: Gundam Gusion Rebake and Unicorn Gundam 02 Banshee (Destroy Mode)

Activated: Gundam Barbatos Lupus

Gundam Barbatos 1st Form, Gundam Barbatos Adapt and Gundam Barbatos Adapt exiled from the game

Selecting target for Gundam Barbatos Lupus

Gundam Barbatos Lupus: Dealt 2 damage to Unicorn Gundam 02 Banshee (Destroy Mode), leaving 2 HP remaining

Activated: Gundam Barbatos Lupus

Hyakuren, Graze Custom and Gundam Barbatos Lupus exiled from the game

Selecting target for Gundam Barbatos Lupus

Gundam Barbatos Lupus: Dealt 2 damage to Unicorn Gundam 02 Banshee (Destroy Mode), now destroyed

Turn end phase started

Vash

Passed

Kiraya

Passed

Turn ended!

Turn 24 started!

Vash

Linked pilot: Kira Yamato on unit Strike Rouge (Kira's Unit)

Kira Yamato: Draw a card

Played action: Overwhelming Pressure

Overwhelming Pressure: Dealt 4 damage to Gundam Gusion Rebake, now destroyed

Battle initiated

Vash

Battle declared: Kshatriya against Enemy Player

Selecting target for Marida Cruz

Marida Cruz: Dealt 1 damage to Strike Rouge (Ootori), leaving 3 HP remaining

Kiraya

Assigned no blocker

Action step

Kiraya

Passed

Vash

Passed

Battle started: Kshatriya against Enemy Shield

Kiraya

Shield card: Gundam Gusion Rebake revealed and discarded

Battle ended

Vash

Zoloat (League Militaire) deployed

Paired pilot: Kira Yamato on unit Zoloat (League Militaire)

Turn end phase started

Kiraya

Passed

Vash

Passed

Turn ended!

Turn 25 started!

Kiraya

Played command: A Show of Resolve

A Show of Resolve: Draw 2 cards

Gundam Exia Repair deployed

Linked pilot: Kira Yamato on unit Strike Rouge (Ootori)

Kira Yamato: Draw a card

Battle initiated

Kiraya

Battle declared: Strike Rouge (Ootori) against Enemy Player

Vash

Assigned no blocker

Action step

Vash

Passed

Kiraya

Passed

Battle started: Strike Rouge (Ootori) against Mining Asteroid Palau

Vash

Mining Asteroid Palau received 5 damage, leaving 1 HP remaining

Battle ended

Kiraya

Graze Custom deployed

Turn end phase started

Vash

Passed

Kiraya

Passed

Turn ended!

Turn 26 started!

Battle initiated

Vash

Battle declared: Kshatriya against Enemy Player

Selecting target for Marida Cruz

Marida Cruz: Dealt 1 damage to Gundam Exia Repair, now destroyed

Kiraya

Gundam Exia Repair milled 2: Hyakuren and Gundam Barbatos 1st Form moved to trash

No blockers available

Action step

Kiraya

Passed

Vash

Passed

Battle started: Kshatriya against Enemy Shield

Kiraya

Shield card: Graze Custom revealed and discarded

Battle ended

Kiraya

Winner!

Game ended!