Mobile Suit Arena - Battle logs
Game started!

Kiraya

Choose to play second

Choose to mulligan starting hand

Marcos sim

Choose to keep starting hand

Turn 1 started!

Turn end phase started

Kiraya

Passed

Marcos sim

Passed

Turn ended!

Turn 2 started!

Kiraya

Graze Custom deployed

Turn end phase started

Marcos sim

Passed

Kiraya

Passed

Turn ended!

Turn 3 started!

Marcos sim

Noin's Taurus deployed

Turn end phase started

Kiraya

Passed

Marcos sim

Passed

Turn ended!

Turn 4 started!

Kiraya

Graze Custom deployed

Battle initiated

Kiraya

Battle declared: Graze Custom against Enemy Player

Marcos sim

No blockers available

Action step

Marcos sim

Passed

Kiraya

Passed

Battle started: Graze Custom against EX Base

Marcos sim

EX Base received 2 damage, leaving 1 HP remaining

Battle ended

Turn end phase started

Marcos sim

Passed

Kiraya

Passed

Turn ended!

Turn 5 started!

Battle initiated

Marcos sim

Battle declared: Noin's Taurus against Graze Custom

Kiraya

No blockers available

Action step

Kiraya

Passed

Marcos sim

Passed

Battle started: Noin's Taurus against Graze Custom

Kiraya

Graze Custom received 3 damage, now destroyed

Marcos sim

Noin's Taurus received 2 damage, now destroyed

Noin's Taurus: Draw a card

Selecting target for Noin's Taurus

Shinn Asuka discarded

Battle ended

Marcos sim

Played command: Overflowing Affection

Overflowing Affection: Draw 2 cards

Selecting target for Overflowing Affection

Blast Impulse Gundam discarded

Noin's Taurus deployed

Turn end phase started

Kiraya

Passed

Marcos sim

Passed

Turn ended!

Turn 6 started!

Kiraya

Gundam Barbatos Adapt deployed

Selecting target for Gundam Barbatos Adapt

Gundam Barbatos Adapt: Dealt 1 damage to: Gundam Barbatos Adapt and Noin's Taurus

Marcos sim

Noin's Taurus: Draw a card

Selecting target for Noin's Taurus

Argama discarded

Battle initiated

Kiraya

Battle declared: Graze Custom against Enemy Player

Marcos sim

No blockers available

Action step

Marcos sim

Passed

Kiraya

Passed

Battle started: Graze Custom against EX Base

Marcos sim

EX Base received 2 damage, now destroyed

Battle ended

Kiraya

M1 Astray (Shrike) deployed

No targets for M1 Astray (Shrike)

Turn end phase started

Marcos sim

Passed

Kiraya

Passed

Turn ended!

Turn 7 started!

Marcos sim

Gundam Barbatos Adapt deployed

Selecting target for Gundam Barbatos Adapt

Gundam Barbatos Adapt: Dealt 1 damage to: Gundam Barbatos Adapt and Graze Custom

Played command: Overflowing Affection

Overflowing Affection: Draw 2 cards

Selecting target for Overflowing Affection

Noin's Taurus discarded

Linked pilot: Mikazuki Augus on unit Gundam Barbatos Adapt

Selecting target for Mikazuki Augus

Mikazuki Augus: Dealt 1 damage to: Gundam Barbatos Adapt and Graze Custom

Battle initiated

Marcos sim

Battle declared: Gundam Barbatos Adapt against Enemy Player

Kiraya

No blockers available

Action step

Kiraya

Passed

Marcos sim

Passed

Battle started: Gundam Barbatos Adapt against EX Base

Kiraya

EX Base received 4 damage, now destroyed

Battle ended

Turn end phase started

Kiraya

Passed

Marcos sim

Passed

Turn ended!

Turn 8 started!

Kiraya

Played base: Axis

Shield card added to hand

Battle initiated

Kiraya

Battle declared: M1 Astray (Shrike) against Enemy Player

Marcos sim

No blockers available

Action step

Marcos sim

Passed

Kiraya

Passed

Battle started: M1 Astray (Shrike) against Enemy Shield

Marcos sim

Shield card: Impulse Gundam revealed and discarded

Battle ended

Battle initiated

Kiraya

Battle declared: Gundam Barbatos Adapt against Enemy Player

Marcos sim

No blockers available

Action step

Marcos sim

Passed

Kiraya

Passed

Battle started: Gundam Barbatos Adapt against Enemy Shield

Marcos sim

Shield card: Blast Impulse Gundam revealed and discarded

Battle ended

Turn end phase started

Marcos sim

Passed

Kiraya

Passed

Turn ended!

Turn 9 started!

Marcos sim

Aile Strike Gundam deployed

Linked pilot: Kira Yamato on unit Aile Strike Gundam

Selecting target for Aile Strike Gundam

Kiraya

M1 Astray (Shrike) returned to hand

Battle initiated

Marcos sim

Battle declared: Aile Strike Gundam against Gundam Barbatos Adapt

Selecting target for Kira Yamato

Kira Yamato: Modifier applied to: Gundam Barbatos Adapt

Kiraya

No blockers available

Action step

Kiraya

Passed

Marcos sim

Passed

Battle started: Aile Strike Gundam against Gundam Barbatos Adapt

Kiraya

Gundam Barbatos Adapt received 6 damage, now destroyed

Marcos sim

Aile Strike Gundam received 0 damage, leaving 5 HP remaining

Battle ended

Battle initiated

Marcos sim

Battle declared: Gundam Barbatos Adapt against Enemy Player

Kiraya

No blockers available

Action step

Kiraya

Passed

Marcos sim

Passed

Battle started: Gundam Barbatos Adapt against Axis

Kiraya

Axis received 4 damage, leaving 2 HP remaining

Battle ended

Turn end phase started

Kiraya

Passed

Marcos sim

Passed

Turn ended!

Turn 10 started!

Kiraya

M1 Astray (Shrike) deployed

Selecting target for M1 Astray (Shrike)

M1 Astray (Shrike): Dealt 1 damage to Gundam Barbatos Adapt, leaving 2 HP remaining

Gundam Barbatos Adapt deployed

Selecting target for Gundam Barbatos Adapt

Gundam Barbatos Adapt: Dealt 1 damage to: Gundam Barbatos Adapt and Gundam Barbatos Adapt

Linked pilot: Mikazuki Augus on unit Gundam Barbatos Adapt

Selecting target for Mikazuki Augus

Mikazuki Augus: Dealt 1 damage to: Gundam Barbatos Adapt and Gundam Barbatos Adapt

Battle initiated

Kiraya

Battle declared: Gundam Barbatos Adapt against Enemy Player

Marcos sim

No blockers available

Action step

Marcos sim

Passed

Kiraya

Passed

Battle started: Gundam Barbatos Adapt against Enemy Shield

Marcos sim

Shield card: Argama revealed

Played base: Argama

Shield card added to hand

Battle ended

Turn end phase started

Marcos sim

Passed

Kiraya

Passed

Turn ended!

Turn 11 started!

Marcos sim

Played command: Overflowing Affection

Overflowing Affection: Draw 2 cards

Selecting target for Overflowing Affection

Argama discarded

Aile Strike Gundam deployed

Linked pilot: Kira Yamato on unit Aile Strike Gundam

Selecting target for Aile Strike Gundam

Kiraya

M1 Astray (Shrike) returned to hand

Battle initiated

Marcos sim

Battle declared: Aile Strike Gundam against Gundam Barbatos Adapt

Selecting target for Kira Yamato

Kira Yamato: Modifier applied to: Gundam Barbatos Adapt

Kiraya

No blockers available

Action step

Kiraya

Passed

Marcos sim

Passed

Battle started: Aile Strike Gundam against Gundam Barbatos Adapt

Kiraya

Gundam Barbatos Adapt received 6 damage, now destroyed

Marcos sim

Aile Strike Gundam received 2 damage, leaving 3 HP remaining

Battle ended

Battle initiated

Marcos sim

Battle declared: Aile Strike Gundam against Enemy Player

No targets for Kira Yamato

Kiraya

No blockers available

Action step

Kiraya

Passed

Marcos sim

Passed

Battle started: Aile Strike Gundam against Axis

Kiraya

Axis received 6 damage, now destroyed

Battle ended

Turn end phase started

Kiraya

Passed

Marcos sim

Passed

Turn ended!

Turn 12 started!

Kiraya

Played base: Axis

Shield card added to hand

M1 Astray (Shrike) deployed

Selecting target for M1 Astray (Shrike)

M1 Astray (Shrike): Dealt 1 damage to Aile Strike Gundam, leaving 2 HP remaining

Turn end phase started

Marcos sim

Passed

Kiraya

Passed

Turn ended!

Turn 13 started!

Marcos sim

Destiny Gundam deployed

Battle initiated

Marcos sim

Battle declared: Aile Strike Gundam against Enemy Player

Selecting target for Kira Yamato

Kira Yamato: Modifier applied to: M1 Astray (Shrike)

Kiraya

No blockers available

Action step

Kiraya

Passed

Marcos sim

Passed

Battle started: Aile Strike Gundam against Axis

Kiraya

Axis received 6 damage, now destroyed

Battle ended

Battle initiated

Marcos sim

Battle declared: Aile Strike Gundam against Enemy Player

Selecting target for Kira Yamato

Kira Yamato: Modifier applied to: M1 Astray (Shrike)

Kiraya

No blockers available

Action step

Kiraya

Passed

Marcos sim

Passed

Battle started: Aile Strike Gundam against Enemy Shield

Kiraya

Shield card: Gundam Barbatos 1st Form revealed and discarded

Battle ended

Turn end phase started

Kiraya

Passed

Marcos sim

Passed

Turn ended!

Turn 14 started!

Kiraya

Strike Freedom Gundam deployed

Selecting target for Strike Freedom Gundam

Strike Freedom Gundam: Modifier applied to: M1 Astray (Shrike)

Strike Freedom Gundam: Modifier applied to: Strike Freedom Gundam

Strike Freedom Gundam: chose M1 Astray (Shrike) and Strike Freedom Gundam

Linked pilot: Kira Yamato on unit Strike Freedom Gundam

Kira Yamato: Draw a card

Paired pilot: Mikazuki Augus on unit M1 Astray (Shrike)

Selecting target for Mikazuki Augus

Mikazuki Augus: Dealt 1 damage to: M1 Astray (Shrike) and Aile Strike Gundam

Battle initiated

Kiraya

Battle declared: M1 Astray (Shrike) against Aile Strike Gundam

Marcos sim

No blockers available

Action step

Marcos sim

Played action: Graceful Demeanor

Kiraya

M1 Astray (Shrike) and Mikazuki Augus returned to hand

Passed

Marcos sim

Passed

Battle ended

Battle initiated

Kiraya

Battle declared: Strike Freedom Gundam against Aile Strike Gundam

Selecting target for Strike Freedom Gundam

Widespread Annihilation and Kira Yamato discarded

Selecting target for Strike Freedom Gundam

Marcos sim

Aile Strike Gundam and Kira Yamato returned to deck

No blockers available

Action step

Marcos sim

Passed

Kiraya

Passed

Battle started: Strike Freedom Gundam against Aile Strike Gundam

Marcos sim

Aile Strike Gundam received 7 damage, now destroyed

Kiraya

Strike Freedom Gundam received 6 damage, leaving 2 HP remaining

Strike Freedom Gundam: Draw a card

Battle ended

Turn end phase started

Marcos sim

Passed

Kiraya

Passed

Turn ended!

Turn 15 started!

Marcos sim

Force Impulse Gundam deployed

Battle initiated

Marcos sim

Battle declared: Destiny Gundam against Strike Freedom Gundam

Kiraya

Can't block High-maneuver

Action step

Kiraya

Passed

Marcos sim

Passed

Battle started: Destiny Gundam against Strike Freedom Gundam

Kiraya

Strike Freedom Gundam received 5 damage, now destroyed

Marcos sim

Destiny Gundam received 7 damage, now destroyed

Battle ended

Turn end phase started

Kiraya

Passed

Marcos sim

Passed

Turn ended!

Turn 16 started!

Kiraya

Strike Rouge (Ootori) deployed

Gundam Gusion Rebake deployed

Selecting target for Gundam Gusion Rebake

Gundam Gusion Rebake: Dealt 1 damage to: Gundam Gusion Rebake and Force Impulse Gundam

Graze Custom deployed

Turn end phase started

Marcos sim

Passed

Kiraya

Passed

Turn ended!

Turn 17 started!

Marcos sim

Played command: Widespread Annihilation

Widespread Annihilation: destroyed Strike Rouge (Ootori) and Graze Custom

Battle initiated

Marcos sim

Battle declared: Force Impulse Gundam against Enemy Player

Kiraya

Assigned Gundam Gusion Rebake to block

Action step

Kiraya

Passed

Marcos sim

Passed

Battle started: Force Impulse Gundam against Gundam Gusion Rebake

Kiraya

Gundam Gusion Rebake received 5 damage, now destroyed

Marcos sim

Force Impulse Gundam received 3 damage, now destroyed

Selecting target for Force Impulse Gundam

Blast Impulse Gundam returned to hand

Battle ended

Marcos sim

Blast Impulse Gundam deployed

Turn end phase started

Kiraya

Passed

Marcos sim

Passed

Turn ended!

Turn 18 started!

Kiraya

Gundam Barbatos Lupus deployed

Activated: Gundam Barbatos Lupus

Gundam Barbatos 1st Form, Graze Custom and Gundam Gusion Rebake exiled from the game

Selecting target for Gundam Barbatos Lupus

Gundam Barbatos Lupus: Dealt 2 damage to Blast Impulse Gundam, leaving 1 HP remaining

Linked pilot: Mikazuki Augus on unit Gundam Barbatos Lupus

Selecting target for Mikazuki Augus

Mikazuki Augus: Dealt 1 damage to: Gundam Barbatos Lupus and Blast Impulse Gundam

Battle initiated

Kiraya

Battle declared: Gundam Barbatos Lupus against Enemy Player

Marcos sim

No blockers available

Action step

Marcos sim

Passed

Kiraya

Passed

Battle started: Gundam Barbatos Lupus against Argama

Marcos sim

Argama received 7 damage, now destroyed

Battle ended

Kiraya

Graze Custom deployed

M1 Astray (Shrike) deployed

No targets for M1 Astray (Shrike)

Turn end phase started

Marcos sim

Passed

Kiraya

Passed

Turn ended!

Turn 19 started!

Marcos sim

Destiny Gundam deployed

Turn end phase started

Kiraya

Passed

Marcos sim

Passed

Turn ended!

Turn 20 started!

Battle initiated

Kiraya

Battle declared: M1 Astray (Shrike) against Enemy Player

Marcos sim

No blockers available

Action step

Marcos sim

Played action: Graceful Demeanor

Kiraya

Graze Custom and M1 Astray (Shrike) returned to hand

Passed

Marcos sim

Passed

Battle ended

Battle initiated

Kiraya

Battle declared: Gundam Barbatos Lupus against Enemy Player

Marcos sim

No blockers available

Action step

Marcos sim

Passed

Kiraya

Passed

Battle started: Gundam Barbatos Lupus against Enemy Shield

Marcos sim

Shield card: Sword Impulse Gundam revealed and discarded

Battle ended

Kiraya

Hyakuren deployed

Graze Custom deployed

M1 Astray (Shrike) deployed

No targets for M1 Astray (Shrike)

Turn end phase started

Marcos sim

Passed

Kiraya

Passed

Turn ended!

Turn 21 started!

Battle initiated

Marcos sim

Battle declared: Destiny Gundam against Gundam Barbatos Lupus

Kiraya

Can't block High-maneuver

Action step

Kiraya

Passed

Marcos sim

Passed

Battle started: Destiny Gundam against Gundam Barbatos Lupus

Kiraya

Gundam Barbatos Lupus received 5 damage, now destroyed

Marcos sim

Destiny Gundam received 7 damage, now destroyed

Battle ended

Marcos sim

Played command: Widespread Annihilation

Widespread Annihilation: destroyed Hyakuren, Graze Custom and M1 Astray (Shrike)

Turn end phase started

Kiraya

Passed

Marcos sim

Passed

Turn ended!

Turn 22 started!

Turn end phase started

Marcos sim

Passed

Kiraya

Passed

Turn ended!

Turn 23 started!

Marcos sim

Destiny Gundam deployed

Linked pilot: Shinn Asuka on unit Destiny Gundam

Battle initiated

Marcos sim

Battle declared: Destiny Gundam against Enemy Player

Selecting target for Destiny Gundam

Rested 4 Resources

Force Impulse Gundam deployed

Shinn Asuka: 1 resource set as active

Kiraya

Can't block High-maneuver

Action step

Kiraya

Passed

Marcos sim

Passed

Battle started: Destiny Gundam against Enemy Shield

Kiraya

Shield card: Hyakuren revealed and discarded

Battle ended

Turn end phase started

Kiraya

Passed

Marcos sim

Passed

Turn ended!

Turn 24 started!

Turn end phase started

Marcos sim

Passed

Kiraya

Passed

Turn ended!

Turn 25 started!

Battle initiated

Marcos sim

Battle declared: Destiny Gundam against Enemy Player

Selecting target for Destiny Gundam

Rested 5 Resources

Destiny Gundam deployed

Shinn Asuka: 1 resource set as active

Kiraya

Can't block High-maneuver

Action step

Kiraya

Passed

Marcos sim

Passed

Battle started: Destiny Gundam against Enemy Shield

Kiraya

Shield card: Gundam Gusion Rebake revealed and discarded

Battle ended

Marcos sim

Impulse Gundam deployed

Turn end phase started

Kiraya

Passed

Marcos sim

Passed

Turn ended!

Turn 26 started!

Kiraya

M1 Astray (Shrike) deployed

Selecting target for M1 Astray (Shrike)

M1 Astray (Shrike): Dealt 1 damage to Destiny Gundam, leaving 4 HP remaining

Turn end phase started

Marcos sim

Passed

Kiraya

Passed

Turn ended!

Turn 27 started!

Battle initiated

Marcos sim

Battle declared: Destiny Gundam against Enemy Player

Selecting target for Destiny Gundam

Rested 2 Resources

Sword Impulse Gundam deployed

Selecting target for Sword Impulse Gundam

Sword Impulse Gundam: destroyed M1 Astray (Shrike)

Shinn Asuka: 1 resource set as active

Kiraya

Can't block High-maneuver

Action step

Kiraya

Passed

Marcos sim

Passed

Battle started: Destiny Gundam against Enemy Player

Kiraya

No more shields available, game is over!

Marcos sim

Winner!

Game ended!