Mobile Suit Arena - Battle logs
Game started!

Lamka

Choose to play second

Choose to mulligan starting hand

Kiraya

Choose to mulligan starting hand

Turn 1 started!

Turn end phase started

Lamka

Passed

Kiraya

Passed

Turn ended!

Turn 2 started!

Turn end phase started

Kiraya

Passed

Lamka

Passed

Turn ended!

Turn 3 started!

Kiraya

Graze Custom deployed

Gundam Exia Repair deployed

Turn end phase started

Lamka

Passed

Kiraya

Passed

Turn ended!

Turn 4 started!

Lamka

Gundam Maxter deployed

Turn end phase started

Kiraya

Passed

Lamka

Passed

Turn ended!

Turn 5 started!

Battle initiated

Kiraya

Battle declared: Graze Custom against Enemy Player

Lamka

No blockers available

Action step

Lamka

Passed

Kiraya

Passed

Battle started: Graze Custom against EX Base

Lamka

EX Base received 2 damage, leaving 1 HP remaining

Battle ended

Battle initiated

Kiraya

Battle declared: Gundam Exia Repair against Enemy Player

Lamka

No blockers available

Action step

Lamka

Passed

Kiraya

Passed

Battle started: Gundam Exia Repair against EX Base

Lamka

EX Base received 2 damage, now destroyed

Battle ended

Turn end phase started

Lamka

Passed

Kiraya

Passed

Turn ended!

Turn 6 started!

Lamka

Played action: Darkness Finger

Darkness Finger: Dealt 2 damage to Graze Custom, now destroyed

Played action: Darkness Finger

Darkness Finger: Dealt 2 damage to Gundam Exia Repair, now destroyed

Kiraya

Gundam Exia Repair milled 2: Mikazuki Augus and Axis moved to trash

Lamka

Played base: Gundam Fight

Shield card added to hand

Battle initiated

Lamka

Battle declared: Gundam Maxter against Enemy Player

Kiraya

No blockers available

Action step

Kiraya

Passed

Lamka

Passed

Battle started: Gundam Maxter against EX Base

Kiraya

EX Base received 3 damage, now destroyed

Battle ended

Turn end phase started

Kiraya

Passed

Lamka

Passed

Turn ended!

Turn 7 started!

Kiraya

Played base: Axis

Shield card added to hand

M1 Astray (Shrike) deployed

Selecting target for M1 Astray (Shrike)

M1 Astray (Shrike): Dealt 1 damage to Gundam Maxter, leaving 1 HP remaining

Turn end phase started

Lamka

Passed

Kiraya

Passed

Turn ended!

Turn 8 started!

Lamka

Played command: Cyclone Punch

Cyclone Punch: Modifier applied to: M1 Astray (Shrike)

Selecting target for Cyclone Punch

Linked pilot: Chibodee Crocket on unit Gundam Maxter

Activated: Gundam Fight

Rested base: Gundam Fight

Gundam Fight: Modifier applied to: Gundam Maxter

Battle initiated

Lamka

Battle declared: Gundam Maxter against Enemy Player

Selecting target for Cyclone Punch

Cyclone Punch: Modifier applied to: M1 Astray (Shrike)

Kiraya

No blockers available

Action step

Kiraya

Passed

Lamka

Passed

Battle started: Gundam Maxter against Axis

Kiraya

Axis received 6 damage, now destroyed

Battle ended

Turn end phase started

Kiraya

Passed

Lamka

Passed

Turn ended!

Turn 9 started!

Kiraya

Gundam Gusion Rebake deployed

Selecting target for Gundam Gusion Rebake

Gundam Gusion Rebake: Dealt 1 damage to: M1 Astray (Shrike) and Gundam Maxter

Battle initiated

Kiraya

Battle declared: M1 Astray (Shrike) against Gundam Maxter

Lamka

No blockers available

Action step

Lamka

Passed

Kiraya

Passed

Battle started: M1 Astray (Shrike) against Gundam Maxter

Lamka

Gundam Maxter received 1 damage, now destroyed

Kiraya

M1 Astray (Shrike) received 4 damage, now destroyed

Battle ended

Kiraya

Played base: Axis

Shield card added to hand

Turn end phase started

Lamka

Passed

Kiraya

Passed

Turn ended!

Turn 10 started!

Lamka

Haow Gundam deployed

Played command: Overflowing Affection

Overflowing Affection: Draw 2 cards

Selecting target for Overflowing Affection

Hoka Kyoten Juzetsujin discarded

Turn end phase started

Kiraya

Passed

Lamka

Passed

Turn ended!

Turn 11 started!

Kiraya

Gundam Barbatos 1st Form deployed

Gundam Gusion Rebake deployed

Selecting target for Gundam Gusion Rebake

Gundam Gusion Rebake: Dealt 1 damage to: Gundam Barbatos 1st Form and Haow Gundam

Turn end phase started

Lamka

Passed

Kiraya

Passed

Turn ended!

Turn 12 started!

Lamka

Master Gundam deployed

Played command: Graviton Hammer

Rested unit: Gundam Barbatos 1st Form

Selecting target for Graviton Hammer

Paired pilot: Argo Gulskii on unit Haow Gundam

Selecting target for Haow Gundam

Rested unit: Master Gundam

Dealt 2 damage to: Gundam Gusion Rebake, Gundam Barbatos 1st Form and Gundam Gusion Rebake

Turn end phase started

Kiraya

Passed

Lamka

Passed

Turn ended!

Turn 13 started!

Kiraya

Gundam Flauros (Ryusei-Go) deployed

No targets for Gundam Flauros (Ryusei-Go)

Gundam Barbatos 1st Form deployed

Turn end phase started

Lamka

Passed

Kiraya

Passed

Turn ended!

Turn 14 started!

Lamka

Played action: Darkness Finger

Darkness Finger: Dealt 2 damage to Gundam Barbatos 1st Form, now destroyed

Darkness Finger: Draw a card

Shining Gundam deployed

No targets for Shining Gundam

Turn end phase started

Kiraya

Passed

Lamka

Passed

Turn ended!

Turn 15 started!

Kiraya

Strike Freedom Gundam deployed

Selecting target for Strike Freedom Gundam

Strike Freedom Gundam: Modifier applied to: Gundam Flauros (Ryusei-Go)

Strike Freedom Gundam: Modifier applied to: Strike Freedom Gundam

Strike Freedom Gundam: chose Gundam Flauros (Ryusei-Go) and Strike Freedom Gundam

Linked pilot: Kira Yamato on unit Strike Freedom Gundam

Kira Yamato: Draw a card

Battle initiated

Kiraya

Battle declared: Gundam Flauros (Ryusei-Go) against Enemy Player

No targets for Gundam Flauros (Ryusei-Go)

Lamka

No blockers available

Action step

Lamka

Passed

Kiraya

Passed

Battle started: Gundam Flauros (Ryusei-Go) against Gundam Fight

Lamka

Gundam Fight received 5 damage, now destroyed

Kiraya

Strike Freedom Gundam: Draw a card

Battle ended

Battle initiated

Kiraya

Battle declared: Strike Freedom Gundam against Enemy Player

Selecting target for Strike Freedom Gundam

Axis and Hyakuren discarded

Selecting target for Strike Freedom Gundam

Lamka

Shining Gundam returned to deck

No blockers available

Action step

Lamka

Passed

Kiraya

Passed

Battle started: Strike Freedom Gundam against Enemy Shield

Lamka

Shield card: Shining Finger revealed

Shield card added to hand: Shining Finger

Kiraya

Strike Freedom Gundam: Draw a card

Battle ended

Battle initiated

Kiraya

Battle declared: Gundam Gusion Rebake against Enemy Player

Lamka

No blockers available

Action step

Lamka

Passed

Kiraya

Passed

Battle started: Gundam Gusion Rebake against Enemy Shield

Lamka

Shield card: Master Asia revealed

Shield card added to hand: Master Asia

Battle ended

Battle initiated

Kiraya

Battle declared: Gundam Gusion Rebake against Enemy Player

Lamka

No blockers available

Action step

Lamka

Passed

Kiraya

Passed

Battle started: Gundam Gusion Rebake against Enemy Shield

Lamka

Shield card: Master Gundam revealed and discarded

Battle ended

Turn end phase started

Lamka

Passed

Kiraya

Passed

Turn ended!

Turn 16 started!

Battle initiated

Lamka

Battle declared: Master Gundam against Gundam Gusion Rebake

Selecting target for Master Gundam

Cyclone Punch and Hoka Kyoten Juzetsujin exiled from the game

Kiraya

Axis received 5 damage, leaving 1 HP remaining

No blockers available

Action step

Kiraya

Passed

Lamka

Passed

Battle started: Master Gundam against Gundam Gusion Rebake

Kiraya

Gundam Gusion Rebake received 5 damage, now destroyed

Lamka

Master Gundam received 3 damage, leaving 2 HP remaining

Battle ended

Lamka

Master Gundam deployed

Linked pilot: Master Asia on unit Master Gundam

Battle initiated

Lamka

Battle declared: Haow Gundam against Strike Freedom Gundam

Kiraya

No blockers available

Action step

Kiraya

Passed

Lamka

Passed

Battle started: Haow Gundam against Strike Freedom Gundam

Kiraya

Strike Freedom Gundam received 4 damage, leaving 4 HP remaining

Lamka

Haow Gundam received 7 damage, now destroyed

Battle ended

Lamka

Played command: Hoka Kyoten Juzetsujin

Hoka Kyoten Juzetsujin: Modifier applied to: Master Gundam

Selecting target for Hoka Kyoten Juzetsujin

Paired pilot: Sai Saici on unit Master Gundam

Battle initiated

Lamka

Battle declared: Master Gundam against Strike Freedom Gundam

Selecting target for Master Gundam

Darkness Finger and Graviton Hammer exiled from the game

Kiraya

Axis received 5 damage, now destroyed

Lamka

Selecting target for Master Asia

Master Gundam: Dealt 2 damage to Gundam Gusion Rebake, leaving 1 HP remaining

Kiraya

No blockers available

Action step

Kiraya

Passed

Lamka

Passed

Battle started: Master Gundam against Strike Freedom Gundam

Kiraya

Strike Freedom Gundam received 7 damage, now destroyed

Lamka

Master Gundam received 7 damage, now destroyed

Kiraya

Breach 3 Shield card: Mikazuki Augus revealed

Shield card added to hand: Mikazuki Augus

Battle ended

Lamka

Played base: Argama

Shield card added to hand

Turn end phase started

Kiraya

Passed

Lamka

Passed

Turn ended!

Turn 17 started!

Battle initiated

Kiraya

Battle declared: Gundam Flauros (Ryusei-Go) against Enemy Player

No targets for Gundam Flauros (Ryusei-Go)

Lamka

No blockers available

Action step

Lamka

Played action: Shining Finger

Rested unit: Gundam Gusion Rebake

Kiraya

Passed

Lamka

Passed

Kiraya

Battle started: Gundam Flauros (Ryusei-Go) against Argama

Lamka

Argama received 5 damage, now destroyed

Battle ended

Kiraya

Gundam Barbatos Adapt deployed

Selecting target for Gundam Barbatos Adapt

Gundam Barbatos Adapt: Dealt 1 damage to: Gundam Barbatos Adapt and Master Gundam

Linked pilot: Mikazuki Augus on unit Gundam Barbatos Adapt

Selecting target for Mikazuki Augus

Mikazuki Augus: Dealt 1 damage to: Gundam Barbatos Adapt and Master Gundam

Battle initiated

Kiraya

Battle declared: Gundam Barbatos Adapt against Enemy Player

Lamka

No blockers available

Action step

Lamka

Passed

Kiraya

Passed

Battle started: Gundam Barbatos Adapt against Enemy Shield

Lamka

Shield card: Master Asia revealed

Shield card: Master Asia moved to trash

Selecting target for Master Asia

Master Asia deployed

Battle ended

Kiraya

Strike Rouge (Ootori) deployed

Graze Custom deployed

Turn end phase started

Lamka

Passed

Kiraya

Passed

Turn ended!

Turn 18 started!

Lamka

Shining Gundam deployed

Selecting target for Shining Gundam

Haow Gundam and Master Gundam exiled from the game

Selecting target for Shining Gundam

Darkness Finger returned to hand

Played action: Shining Finger

Rested unit: Strike Rouge (Ootori)

Selecting target for Shining Finger

Shining Finger: Modifier applied to: Shining Gundam

Linked pilot: Domon Kasshu on unit Shining Gundam

Domon Kasshu: Draw a card

Selecting target for Domon Kasshu

Darkness Finger discarded

Selecting target for Domon Kasshu

Selecting target for Darkness Finger

Darkness Finger: Dealt 2 damage to Graze Custom, now destroyed

Battle initiated

Lamka

Battle declared: Shining Gundam against Gundam Flauros (Ryusei-Go)

Shining Gundam: 1 resource set as active

Kiraya

No blockers available

Action step

Kiraya

Passed

Lamka

Passed

Battle started: Shining Gundam against Gundam Flauros (Ryusei-Go)

Kiraya

Gundam Flauros (Ryusei-Go) received 5 damage, now destroyed

Lamka

Damage prevented

Shining Gundam received 0 damage, leaving 5 HP remaining

Battle ended

Lamka

Paired pilot: Master Asia on unit Master Asia

Battle initiated

Lamka

Battle declared: Master Asia against Strike Rouge (Ootori)

Kiraya

No blockers available

Action step

Kiraya

Passed

Lamka

Passed

Battle started: Master Asia against Strike Rouge (Ootori)

Kiraya

Strike Rouge (Ootori) received 5 damage, now destroyed

Lamka

Master Asia received 3 damage, leaving 2 HP remaining

Battle ended

Kiraya

Winner!

Game ended!