Mobile Suit Arena - Battle logs
Game started!

Kiraya

Choose to play second

daedaedaes

Choose to keep starting hand

Kiraya

Choose to keep starting hand

Turn 1 started!

Turn end phase started

Kiraya

Passed

daedaedaes

Passed

Turn ended!

Turn 2 started!

Kiraya

Gundam Exia Repair deployed

Turn end phase started

daedaedaes

Passed

Kiraya

Passed

Turn ended!

Turn 3 started!

Turn end phase started

Kiraya

Passed

daedaedaes

Passed

Turn ended!

Turn 4 started!

Battle initiated

Kiraya

Battle declared: Gundam Exia Repair against Enemy Player

daedaedaes

No blockers available

Action step

daedaedaes

Passed

Kiraya

Passed

Battle started: Gundam Exia Repair against EX Base

daedaedaes

EX Base received 2 damage, leaving 1 HP remaining

Battle ended

Turn end phase started

daedaedaes

Passed

Kiraya

Passed

Turn ended!

Turn 5 started!

daedaedaes

Played command: Overflowing Affection

Overflowing Affection: Draw 2 cards

Selecting target for Overflowing Affection

Aile Strike Gundam discarded

Murasame (Andrew Waldfeld Unit) deployed

Turn end phase started

Kiraya

Passed

daedaedaes

Passed

Turn ended!

Turn 6 started!

Kiraya

Hyakuren deployed

Battle initiated

Kiraya

Battle declared: Gundam Exia Repair against Enemy Player

daedaedaes

No blockers available

Action step

daedaedaes

Passed

Kiraya

Passed

Battle started: Gundam Exia Repair against EX Base

daedaedaes

EX Base received 2 damage, now destroyed

Battle ended

Turn end phase started

daedaedaes

Passed

Kiraya

Passed

Turn ended!

Turn 7 started!

daedaedaes

Linked pilot: Andrew Waldfeld on unit Murasame (Andrew Waldfeld Unit)

Battle initiated

daedaedaes

Battle declared: Murasame (Andrew Waldfeld Unit) against Gundam Exia Repair

Kiraya

No blockers available

Action step

Kiraya

Passed

daedaedaes

Passed

Battle started: Murasame (Andrew Waldfeld Unit) against Gundam Exia Repair

Kiraya

Gundam Exia Repair received 4 damage, now destroyed

daedaedaes

Murasame (Andrew Waldfeld Unit) received 2 damage, leaving 3 HP remaining

Kiraya

Gundam Exia Repair milled 2: Gundam Barbatos 1st Form and A Show of Resolve moved to trash

Battle ended

daedaedaes

Strike Rouge (Ootori) deployed

Turn end phase started

Kiraya

Passed

daedaedaes

Passed

Murasame (Andrew Waldfeld Unit) repaired 2 from [Repair 2]

Turn ended!

Turn 8 started!

Kiraya

Gundam Barbatos Adapt deployed

Selecting target for Gundam Barbatos Adapt

Gundam Barbatos Adapt: Dealt 1 damage to: Gundam Barbatos Adapt and Murasame (Andrew Waldfeld Unit)

Linked pilot: Mikazuki Augus on unit Gundam Barbatos Adapt

Selecting target for Mikazuki Augus

Mikazuki Augus: Dealt 1 damage to: Gundam Barbatos Adapt and Strike Rouge (Ootori)

Battle initiated

Kiraya

Battle declared: Hyakuren against Murasame (Andrew Waldfeld Unit)

daedaedaes

Assigned Strike Rouge (Ootori) to block

Action step

daedaedaes

Passed

Kiraya

Passed

Battle started: Hyakuren against Strike Rouge (Ootori)

daedaedaes

Strike Rouge (Ootori) received 4 damage, now destroyed

Kiraya

Hyakuren received 3 damage, now destroyed

Battle ended

Battle initiated

Kiraya

Battle declared: Gundam Barbatos Adapt against Murasame (Andrew Waldfeld Unit)

daedaedaes

No blockers available

Action step

daedaedaes

Passed

Kiraya

Passed

Battle started: Gundam Barbatos Adapt against Murasame (Andrew Waldfeld Unit)

daedaedaes

Murasame (Andrew Waldfeld Unit) received 4 damage, now destroyed

Kiraya

Gundam Barbatos Adapt received 4 damage, now destroyed

daedaedaes

Murasame (Andrew Waldfeld Unit): Draw a card

Battle ended

Turn end phase started

daedaedaes

Passed

Kiraya

Passed

Turn ended!

Turn 9 started!

daedaedaes

Strike Rouge (Kira's Unit) deployed

Linked pilot: Kira Yamato on unit Strike Rouge (Kira's Unit)

Kira Yamato: Draw a card

Battle initiated

daedaedaes

Battle declared: Strike Rouge (Kira's Unit) against Enemy Player

Kiraya

No blockers available

Action step

Kiraya

Passed

daedaedaes

Passed

Battle started: Strike Rouge (Kira's Unit) against EX Base

Kiraya

EX Base received 5 damage, now destroyed

Battle ended

daedaedaes

Strike Rouge (Kira's Unit) deployed

Turn end phase started

Kiraya

Passed

daedaedaes

Passed

Turn ended!

Turn 10 started!

Kiraya

Gundam Gusion Rebake deployed

Selecting target for Gundam Gusion Rebake

Gundam Gusion Rebake: Dealt 1 damage to: Gundam Gusion Rebake and Strike Rouge (Kira's Unit)

Turn end phase started

daedaedaes

Passed

Kiraya

Passed

Turn ended!

Turn 11 started!

Battle initiated

daedaedaes

Battle declared: Strike Rouge (Kira's Unit) against Enemy Player

Kiraya

Assigned no blocker

Action step

Kiraya

Passed

daedaedaes

Passed

Battle started: Strike Rouge (Kira's Unit) against Enemy Shield

Kiraya

Shield card: Gundam Barbatos Lupus revealed and discarded

Battle ended

daedaedaes

Akatsuki (Oowashi) deployed

Linked pilot: Andrew Waldfeld on unit Akatsuki (Oowashi)

No targets for Akatsuki (Oowashi)

Battle initiated

daedaedaes

Battle declared: Akatsuki (Oowashi) against Enemy Player

Kiraya

Assigned no blocker

Action step

Kiraya

Passed

daedaedaes

Passed

Battle started: Akatsuki (Oowashi) against Enemy Shield

Kiraya

Shield card: Graze Custom revealed and discarded

Battle ended

daedaedaes

Linked pilot: Kira Yamato on unit Strike Rouge (Kira's Unit)

Kira Yamato: Draw a card

Battle initiated

daedaedaes

Battle declared: Strike Rouge (Kira's Unit) against Enemy Player

Kiraya

Assigned Gundam Gusion Rebake to block

Action step

Kiraya

Passed

daedaedaes

Passed

Battle started: Strike Rouge (Kira's Unit) against Gundam Gusion Rebake

Kiraya

Gundam Gusion Rebake received 5 damage, now destroyed

daedaedaes

Strike Rouge (Kira's Unit) received 3 damage, leaving 3 HP remaining

Battle ended

Turn end phase started

Kiraya

Passed

daedaedaes

Passed

Turn ended!

Turn 12 started!

Kiraya

Gundam Barbatos Lupus deployed

Activated: Gundam Barbatos Lupus

Hyakuren, Graze Custom and Gundam Gusion Rebake exiled from the game

Selecting target for Gundam Barbatos Lupus

Gundam Barbatos Lupus: Dealt 2 damage to Strike Rouge (Kira's Unit), leaving 1 HP remaining

Activated: Gundam Barbatos Lupus

Gundam Barbatos 1st Form, Gundam Barbatos Adapt and Gundam Barbatos Lupus exiled from the game

Selecting target for Gundam Barbatos Lupus

Gundam Barbatos Lupus: Dealt 2 damage to Strike Rouge (Kira's Unit), now destroyed

Turn end phase started

daedaedaes

Passed

Kiraya

Passed

Turn ended!

Turn 13 started!

Battle initiated

daedaedaes

Battle declared: Strike Rouge (Kira's Unit) against Enemy Player

Kiraya

No blockers available

Action step

Kiraya

Passed

daedaedaes

Passed

Battle started: Strike Rouge (Kira's Unit) against Enemy Shield

Kiraya

Shield card: Gundam Flauros (Ryusei-Go) revealed and discarded

Battle ended

Battle initiated

daedaedaes

Battle declared: Akatsuki (Oowashi) against Enemy Player

Kiraya

No blockers available

Action step

Kiraya

Passed

daedaedaes

Passed

Battle started: Akatsuki (Oowashi) against Enemy Shield

Kiraya

Shield card: Gundam Barbatos Adapt revealed and discarded

Battle ended

daedaedaes

Buster Gundam deployed

Buster Gundam deployed

Linked pilot: Andrew Waldfeld on unit Buster Gundam

Battle initiated

daedaedaes

Battle declared: Buster Gundam against Enemy Player

Kiraya

No blockers available

Action step

Kiraya

Passed

daedaedaes

Passed

Battle started: Buster Gundam against Enemy Shield

Kiraya

Shield card: Hyakuren revealed and discarded

Battle ended

Turn end phase started

Kiraya

Passed

daedaedaes

Passed

Turn ended!

Turn 14 started!

Kiraya

Strike Freedom Gundam deployed

Selecting target for Strike Freedom Gundam

Strike Freedom Gundam: Modifier applied to: Gundam Barbatos Lupus

Strike Freedom Gundam: Modifier applied to: Strike Freedom Gundam

Strike Freedom Gundam: chose Gundam Barbatos Lupus and Strike Freedom Gundam

Linked pilot: Kira Yamato on unit Strike Freedom Gundam

Kira Yamato: Draw a card

Activated: Gundam Barbatos Lupus

Gundam Flauros (Ryusei-Go), Gundam Barbatos Adapt and Hyakuren exiled from the game

Selecting target for Gundam Barbatos Lupus

Gundam Barbatos Lupus: Dealt 2 damage to Buster Gundam, leaving 1 HP remaining

Linked pilot: Mikazuki Augus on unit Gundam Barbatos Lupus

Selecting target for Mikazuki Augus

Mikazuki Augus: Dealt 1 damage to: Gundam Barbatos Lupus and Buster Gundam

Battle initiated

Kiraya

Battle declared: Gundam Barbatos Lupus against Buster Gundam

daedaedaes

No blockers available

Action step

daedaedaes

Passed

Kiraya

Passed

Battle started: Gundam Barbatos Lupus against Buster Gundam

daedaedaes

Buster Gundam received 7 damage, now destroyed

Kiraya

Gundam Barbatos Lupus received 6 damage, now destroyed

Strike Freedom Gundam: Draw a card

Battle ended

Battle initiated

Kiraya

Battle declared: Strike Freedom Gundam against Akatsuki (Oowashi)

Selecting target for Strike Freedom Gundam

Gundam Barbatos 1st Form and A Show of Resolve discarded

Selecting target for Strike Freedom Gundam

daedaedaes

Strike Rouge (Kira's Unit) and Kira Yamato returned to deck

No blockers available

Action step

daedaedaes

Passed

Kiraya

Passed

Battle started: Strike Freedom Gundam against Akatsuki (Oowashi)

daedaedaes

Akatsuki (Oowashi) received 7 damage, now destroyed

Kiraya

Strike Freedom Gundam received 6 damage, leaving 2 HP remaining

Strike Freedom Gundam: Draw a card

Battle ended

Turn end phase started

daedaedaes

Passed

Kiraya

Passed

Turn ended!

Turn 15 started!

daedaedaes

M1 Astray (Shrike) deployed

Selecting target for M1 Astray (Shrike)

M1 Astray (Shrike): Dealt 1 damage to Strike Freedom Gundam, leaving 1 HP remaining

Turn end phase started

Kiraya

Passed

daedaedaes

Passed

Turn ended!

Turn 16 started!

Kiraya

Hyakuren deployed

Gundam Barbatos 1st Form deployed

Battle initiated

Kiraya

Battle declared: Strike Freedom Gundam against Enemy Player

Selecting target for Strike Freedom Gundam

daedaedaes

No blockers available

Action step

daedaedaes

Passed

Kiraya

Passed

Battle started: Strike Freedom Gundam against Enemy Shield

daedaedaes

Shield card: Javelin revealed and discarded

Battle ended

Turn end phase started

daedaedaes

Passed

Kiraya

Passed

Turn ended!

Turn 17 started!

daedaedaes

Played base: Archangel

Shield card added to hand

Battle initiated

daedaedaes

Battle declared: M1 Astray (Shrike) against Enemy Player

Kiraya

No blockers available

Action step

Kiraya

Passed

daedaedaes

Passed

Battle started: M1 Astray (Shrike) against Enemy Shield

Kiraya

Shield card: Strike Rouge (Ootori) revealed and discarded

Battle ended

daedaedaes

Akatsuki (Oowashi) deployed

Linked pilot: Andrew Waldfeld on unit Akatsuki (Oowashi)

Selecting target for Akatsuki (Oowashi)

Kiraya

Hyakuren returned to hand

Battle initiated

daedaedaes

Battle declared: Akatsuki (Oowashi) against Enemy Player

Kiraya

No blockers available

Action step

daedaedaes

Passed

Kiraya

Passed

Battle started: Akatsuki (Oowashi) against Enemy Player

Kiraya

No more shields available, game is over!

daedaedaes

Winner!

Game ended!