Mobile Suit Arena - Battle logs
Game started!

Kiraya

Choose to play first

Bewb

Choose to keep starting hand

Kiraya

Choose to keep starting hand

Turn 1 started!

Turn end phase started

Bewb

Passed

Kiraya

Passed

Turn ended!

Turn 2 started!

Bewb

Graze Custom deployed

Turn end phase started

Kiraya

Passed

Bewb

Passed

Turn ended!

Turn 3 started!

Kiraya

Gundam Exia Repair deployed

Gundam Exia Repair deployed

Turn end phase started

Bewb

Passed

Kiraya

Passed

Turn ended!

Turn 4 started!

Bewb

Hyakuren deployed

Turn end phase started

Kiraya

Passed

Bewb

Passed

Turn ended!

Turn 5 started!

Battle initiated

Kiraya

Battle declared: Gundam Exia Repair against Enemy Player

Bewb

No blockers available

Action step

Bewb

Passed

Kiraya

Passed

Battle started: Gundam Exia Repair against EX Base

Bewb

EX Base received 2 damage, leaving 1 HP remaining

Battle ended

Battle initiated

Kiraya

Battle declared: Gundam Exia Repair against Enemy Player

Bewb

No blockers available

Action step

Bewb

Passed

Kiraya

Passed

Battle started: Gundam Exia Repair against EX Base

Bewb

EX Base received 2 damage, now destroyed

Battle ended

Kiraya

Gundam Barbatos 1st Form deployed

Turn end phase started

Bewb

Passed

Kiraya

Passed

Turn ended!

Turn 6 started!

Bewb

Gundam Barbatos Adapt deployed

Selecting target for Gundam Barbatos Adapt

Gundam Barbatos Adapt: Dealt 1 damage to: Graze Custom and Gundam Exia Repair

Kiraya

Gundam Exia Repair milled 2: Gundam Barbatos Adapt and Widespread Annihilation moved to trash

Battle initiated

Bewb

Battle declared: Graze Custom against Gundam Exia Repair

Kiraya

No blockers available

Action step

Kiraya

Passed

Bewb

Passed

Battle started: Graze Custom against Gundam Exia Repair

Kiraya

Gundam Exia Repair received 2 damage, now destroyed

Bewb

Graze Custom received 2 damage, now destroyed

Kiraya

Gundam Exia Repair milled 2: Graze Custom and Mikazuki Augus moved to trash

Battle ended

Turn end phase started

Kiraya

Passed

Bewb

Passed

Turn ended!

Turn 7 started!

Kiraya

Strike Rouge (Ootori) deployed

Replaced EX Base base: Axis

Shield card added to hand

Battle initiated

Kiraya

Battle declared: Gundam Barbatos 1st Form against Enemy Player

Bewb

No blockers available

Action step

Bewb

Passed

Kiraya

Passed

Battle started: Gundam Barbatos 1st Form against Enemy Shield

Bewb

Shield card: Strike Freedom Gundam revealed and discarded

Battle ended

Turn end phase started

Bewb

Passed

Kiraya

Passed

Turn ended!

Turn 8 started!

Battle initiated

Bewb

Battle declared: Gundam Barbatos Adapt against Gundam Barbatos 1st Form

Kiraya

Assigned Strike Rouge (Ootori) to block

Action step

Kiraya

Passed

Bewb

Passed

Battle started: Gundam Barbatos Adapt against Strike Rouge (Ootori)

Kiraya

Strike Rouge (Ootori) received 2 damage, leaving 2 HP remaining

Bewb

Gundam Barbatos Adapt received 3 damage, leaving 1 HP remaining

Battle ended

Bewb

Gundam Gusion Rebake deployed

Selecting target for Gundam Gusion Rebake

Gundam Gusion Rebake: Dealt 1 damage to: Hyakuren and Strike Rouge (Ootori)

Battle initiated

Bewb

Battle declared: Hyakuren against Gundam Barbatos 1st Form

Kiraya

No blockers available

Action step

Kiraya

Passed

Bewb

Passed

Battle started: Hyakuren against Gundam Barbatos 1st Form

Kiraya

Gundam Barbatos 1st Form received 4 damage, now destroyed

Bewb

Hyakuren received 3 damage, now destroyed

Battle ended

Turn end phase started

Kiraya

Passed

Bewb

Passed

Turn ended!

Turn 9 started!

Kiraya

Gundam Gusion Rebake deployed

Selecting target for Gundam Gusion Rebake

Gundam Gusion Rebake: Dealt 1 damage to: Gundam Gusion Rebake and Gundam Barbatos Adapt

Battle initiated

Kiraya

Battle declared: Strike Rouge (Ootori) against Enemy Player

Bewb

Assigned Gundam Gusion Rebake to block

Action step

Bewb

Passed

Kiraya

Passed

Battle started: Strike Rouge (Ootori) against Gundam Gusion Rebake

Bewb

Gundam Gusion Rebake received 3 damage, leaving 2 HP remaining

Kiraya

Strike Rouge (Ootori) received 3 damage, now destroyed

Battle ended

Turn end phase started

Bewb

Passed

Kiraya

Passed

Turn ended!

Turn 10 started!

Bewb

Hyakuren deployed

Ryusei-Go (Graze Custom Ⅱ) deployed

Selecting target for Ryusei-Go (Graze Custom Ⅱ)

Ryusei-Go (Graze Custom Ⅱ): Dealt 1 damage to Hyakuren, leaving 2 HP remaining

Ryusei-Go (Graze Custom Ⅱ): Draw a card

Selecting target for Ryusei-Go (Graze Custom Ⅱ)

Hyakuren discarded

Paired pilot: Lafter Frankland on unit Hyakuren

Turn end phase started

Kiraya

Passed

Bewb

Passed

Turn ended!

Turn 11 started!

Kiraya

Gundam Barbatos 1st Form deployed

Gundam Gusion Rebake deployed

Selecting target for Gundam Gusion Rebake

Gundam Gusion Rebake: Dealt 1 damage to: Gundam Barbatos 1st Form and Gundam Gusion Rebake

Turn end phase started

Bewb

Passed

Kiraya

Passed

Turn ended!

Turn 12 started!

Bewb

Gundam Barbatos Lupus deployed

Linked pilot: Mikazuki Augus on unit Gundam Barbatos Lupus

Selecting target for Mikazuki Augus

Mikazuki Augus: Dealt 1 damage to: Ryusei-Go (Graze Custom Ⅱ) and Gundam Barbatos 1st Form

Battle initiated

Bewb

Battle declared: Hyakuren against Enemy Player

Lafter Frankland: Modifier applied to: Hyakuren

Kiraya

Can't block High-maneuver

Action step

Kiraya

Passed

Bewb

Passed

Battle started: Hyakuren against Axis

Kiraya

Axis received 6 damage, now destroyed

Battle ended

Battle initiated

Bewb

Battle declared: Gundam Gusion Rebake against Enemy Player

Kiraya

Assigned Gundam Gusion Rebake to block

Action step

Kiraya

Passed

Bewb

Passed

Battle started: Gundam Gusion Rebake against Gundam Gusion Rebake

Kiraya

Gundam Gusion Rebake received 3 damage, leaving 2 HP remaining

Bewb

Gundam Gusion Rebake received 3 damage, now destroyed

Battle ended

Battle initiated

Bewb

Battle declared: Ryusei-Go (Graze Custom Ⅱ) against Gundam Gusion Rebake

Kiraya

Assigned Gundam Gusion Rebake to block

Action step

Kiraya

Passed

Bewb

Passed

Battle started: Ryusei-Go (Graze Custom Ⅱ) against Gundam Gusion Rebake

Kiraya

Gundam Gusion Rebake received 2 damage, leaving 2 HP remaining

Bewb

Ryusei-Go (Graze Custom Ⅱ) received 3 damage, now destroyed

Battle ended

Bewb

Activated: Gundam Barbatos Lupus

Graze Custom, Gundam Barbatos Adapt and Hyakuren exiled from the game

Selecting target for Gundam Barbatos Lupus

Gundam Barbatos Lupus: Dealt 2 damage to Gundam Gusion Rebake, now destroyed

Activated: Gundam Barbatos Lupus

Hyakuren, Gundam Gusion Rebake and Ryusei-Go (Graze Custom Ⅱ) exiled from the game

Selecting target for Gundam Barbatos Lupus

Gundam Barbatos Lupus: Dealt 2 damage to Gundam Gusion Rebake, now destroyed

Turn end phase started

Kiraya

Passed

Bewb

Passed

Turn ended!

Turn 13 started!

Kiraya

Gundam Barbatos Lupus deployed

Activated: Gundam Barbatos Lupus

Gundam Barbatos 1st Form, Gundam Gusion Rebake and Gundam Gusion Rebake exiled from the game

Selecting target for Gundam Barbatos Lupus

Gundam Barbatos Lupus: Dealt 2 damage to Hyakuren, leaving 1 HP remaining

Activated: Gundam Barbatos Lupus

Gundam Barbatos Adapt, Graze Custom and Gundam Barbatos 1st Form exiled from the game

Selecting target for Gundam Barbatos Lupus

Gundam Barbatos Lupus: Dealt 2 damage to Hyakuren, now destroyed

Turn end phase started

Bewb

Passed

Kiraya

Passed

Turn ended!

Turn 14 started!

Bewb

Gundam Barbatos Lupus deployed

Turn end phase started

Kiraya

Passed

Bewb

Passed

Turn ended!

Turn 15 started!

Kiraya

Strike Freedom Gundam deployed

Selecting target for Strike Freedom Gundam

Strike Freedom Gundam: Modifier applied to: Gundam Barbatos Lupus

Strike Freedom Gundam: Modifier applied to: Strike Freedom Gundam

Strike Freedom Gundam: chose Gundam Barbatos Lupus and Strike Freedom Gundam

Linked pilot: Kira Yamato on unit Strike Freedom Gundam

Kira Yamato: Draw a card

Battle initiated

Kiraya

Battle declared: Strike Freedom Gundam against Enemy Player

Selecting target for Strike Freedom Gundam

A Show of Resolve and Kira Yamato discarded

Selecting target for Strike Freedom Gundam

Bewb

Gundam Barbatos Lupus and Mikazuki Augus returned to deck

No blockers available

Action step

Bewb

Passed

Kiraya

Passed

Battle started: Strike Freedom Gundam against Enemy Shield

Bewb

Shield card: Isaribi revealed

Played base: Isaribi

Shield card added to hand

Kiraya

Strike Freedom Gundam: Draw a card

Battle ended

Battle initiated

Kiraya

Battle declared: Gundam Barbatos Lupus against Enemy Player

Bewb

No blockers available

Action step

Bewb

Passed

Kiraya

Passed

Battle started: Gundam Barbatos Lupus against Isaribi

Bewb

Isaribi received 5 damage, now destroyed

Kiraya

Strike Freedom Gundam: Draw a card

Battle ended

Kiraya

Paired pilot: Kira Yamato on unit Gundam Barbatos Lupus

Turn end phase started

Bewb

Passed

Kiraya

Passed

Turn ended!

Turn 16 started!

Bewb

Linked pilot: Mikazuki Augus on unit Gundam Barbatos Lupus

Selecting target for Mikazuki Augus

Mikazuki Augus: Dealt 1 damage to: Gundam Barbatos Lupus and Strike Freedom Gundam

Strike Freedom Gundam deployed

Selecting target for Strike Freedom Gundam

Strike Freedom Gundam: Modifier applied to: Gundam Barbatos Lupus

Strike Freedom Gundam: Modifier applied to: Strike Freedom Gundam

Strike Freedom Gundam: chose Gundam Barbatos Lupus and Strike Freedom Gundam

Linked pilot: Kira Yamato on unit Strike Freedom Gundam

Kira Yamato: Draw a card

Battle initiated

Bewb

Battle declared: Gundam Barbatos Lupus against Gundam Barbatos Lupus

Kiraya

No blockers available

Action step

Kiraya

Passed

Bewb

Passed

Battle started: Gundam Barbatos Lupus against Gundam Barbatos Lupus

Kiraya

Gundam Barbatos Lupus received 7 damage, now destroyed

Bewb

Gundam Barbatos Lupus received 7 damage, now destroyed

Strike Freedom Gundam: Draw a card

Battle ended

Battle initiated

Bewb

Battle declared: Strike Freedom Gundam against Enemy Player

Selecting target for Strike Freedom Gundam

Shiden Custom (Ryusei-Go) and Gundam Barbatos 1st Form discarded

Selecting target for Strike Freedom Gundam

Kiraya

Strike Freedom Gundam and Kira Yamato returned to deck

No blockers available

Action step

Kiraya

Passed

Bewb

Passed

Battle started: Strike Freedom Gundam against Enemy Shield

Kiraya

Shield card: Graze Custom revealed and discarded

Bewb

Strike Freedom Gundam: Draw a card

Battle ended

Turn end phase started

Kiraya

Passed

Bewb

Passed

Turn ended!

Turn 17 started!

Kiraya

Played base: Axis

Shield card added to hand

Gundam Gusion Rebake deployed

Selecting target for Gundam Gusion Rebake

Gundam Gusion Rebake: Dealt 1 damage to: Gundam Gusion Rebake and Strike Freedom Gundam

M1 Astray (Shrike) deployed

Selecting target for M1 Astray (Shrike)

M1 Astray (Shrike): Dealt 1 damage to Strike Freedom Gundam, leaving 6 HP remaining

Gundam Barbatos Adapt deployed

Selecting target for Gundam Barbatos Adapt

Gundam Barbatos Adapt: Dealt 1 damage to: Gundam Barbatos Adapt and Strike Freedom Gundam

Paired pilot: Kira Yamato on unit Gundam Gusion Rebake

Turn end phase started

Bewb

Passed

Kiraya

Passed

Turn ended!

Turn 18 started!

Bewb

Played command: Widespread Annihilation

Widespread Annihilation: destroyed M1 Astray (Shrike) and Gundam Barbatos Adapt

Turn end phase started

Kiraya

Passed

Bewb

Passed

Turn ended!

Turn 19 started!

Kiraya

Hyakuren deployed

Turn end phase started

Bewb

Passed

Kiraya

Passed

Turn ended!

Turn 20 started!

Bewb

Gundam Flauros (Ryusei-Go) deployed

No targets for Gundam Flauros (Ryusei-Go)

Gundam Barbatos 1st Form deployed

Turn end phase started

Kiraya

Passed

Bewb

Passed

Turn ended!

Turn 21 started!

Battle initiated

Kiraya

Battle declared: Hyakuren against Enemy Player

Bewb

No blockers available

Action step

Bewb

Passed

Kiraya

Passed

Battle started: Hyakuren against Enemy Shield

Bewb

Shield card: Graze Custom revealed and discarded

Battle ended

Kiraya

Gundam Barbatos Adapt deployed

Selecting target for Gundam Barbatos Adapt

Gundam Barbatos Adapt: Dealt 1 damage to: Gundam Barbatos Adapt and Gundam Barbatos 1st Form

Turn end phase started

Bewb

Passed

Kiraya

Passed

Turn ended!

Turn 22 started!

Battle initiated

Bewb

Battle declared: Gundam Barbatos 1st Form against Hyakuren

Gundam Barbatos 1st Form: Draw a card

Kiraya

Assigned no blocker

Action step

Kiraya

Passed

Bewb

Passed

Battle started: Gundam Barbatos 1st Form against Hyakuren

Kiraya

Hyakuren received 3 damage, now destroyed

Bewb

Gundam Barbatos 1st Form received 4 damage, now destroyed

Battle ended

Bewb

Gundam Barbatos Lupus deployed

Activated: Gundam Barbatos Lupus

Gundam Barbatos 1st Form, Graze Custom and Gundam Barbatos 1st Form exiled from the game

Selecting target for Gundam Barbatos Lupus

Gundam Barbatos Lupus: Dealt 2 damage to Gundam Barbatos Adapt, leaving 1 HP remaining

Activated: Gundam Barbatos Lupus

Hyakuren, Gundam Barbatos Lupus and Shiden Custom (Ryusei-Go) exiled from the game

Selecting target for Gundam Barbatos Lupus

Gundam Barbatos Lupus: Dealt 2 damage to Gundam Barbatos Adapt, now destroyed

Battle initiated

Bewb

Battle declared: Gundam Flauros (Ryusei-Go) against Enemy Player

No targets for Gundam Flauros (Ryusei-Go)

Kiraya

Assigned Gundam Gusion Rebake to block

Action step

Kiraya

Passed

Bewb

Passed

Battle started: Gundam Flauros (Ryusei-Go) against Gundam Gusion Rebake

Kiraya

Gundam Gusion Rebake received 5 damage, leaving 1 HP remaining

Bewb

Gundam Flauros (Ryusei-Go) received 5 damage, now destroyed

Battle ended

Bewb

Gundam Barbatos 1st Form deployed

Turn end phase started

Kiraya

Passed

Bewb

Passed

Turn ended!

Turn 23 started!

Kiraya

Strike Rouge (Ootori) deployed

Turn end phase started

Bewb

Passed

Kiraya

Passed

Turn ended!

Turn 24 started!

Bewb

Gundam Gusion Rebake deployed

Selecting target for Gundam Gusion Rebake

Gundam Gusion Rebake: Dealt 1 damage to: Gundam Barbatos 1st Form and Gundam Gusion Rebake

Strike Freedom Gundam deployed

Selecting target for Strike Freedom Gundam

Strike Freedom Gundam: Modifier applied to: Strike Freedom Gundam

Strike Freedom Gundam: Modifier applied to: Gundam Barbatos Lupus

Strike Freedom Gundam: chose Strike Freedom Gundam and Gundam Barbatos Lupus

Battle initiated

Bewb

Battle declared: Strike Freedom Gundam against Enemy Player

Kiraya

Assigned no blocker

Action step

Kiraya

Passed

Bewb

Passed

Battle started: Strike Freedom Gundam against Axis

Kiraya

Axis received 7 damage, now destroyed

Bewb

Strike Freedom Gundam: Draw a card

Battle ended

Battle initiated

Bewb

Battle declared: Gundam Barbatos Lupus against Enemy Player

Kiraya

Assigned no blocker

Action step

Kiraya

Passed

Bewb

Passed

Battle started: Gundam Barbatos Lupus against Enemy Shield

Kiraya

Shield card: Hyakuren revealed and discarded

Bewb

Strike Freedom Gundam: Draw a card

Battle ended

Battle initiated

Bewb

Battle declared: Gundam Barbatos 1st Form against Enemy Player

Gundam Barbatos 1st Form: Draw a card

Kiraya

Assigned Strike Rouge (Ootori) to block

Action step

Kiraya

Passed

Bewb

Passed

Battle started: Gundam Barbatos 1st Form against Strike Rouge (Ootori)

Kiraya

Strike Rouge (Ootori) received 3 damage, leaving 1 HP remaining

Bewb

Gundam Barbatos 1st Form received 3 damage, now destroyed

Battle ended

Turn end phase started

Kiraya

Passed

Bewb

Passed

Turn ended!

Turn 25 started!

Kiraya

Gundam Flauros (Ryusei-Go) deployed

No targets for Gundam Flauros (Ryusei-Go)

Turn end phase started

Bewb

Passed

Kiraya

Passed

Turn ended!

Turn 26 started!

Bewb

Gundam Barbatos Lupus deployed

Linked pilot: Mikazuki Augus on unit Gundam Barbatos Lupus

Selecting target for Mikazuki Augus

Mikazuki Augus: Dealt 1 damage to: Strike Freedom Gundam and Strike Rouge (Ootori)

Played base: Isaribi

Shield card added to hand

Battle initiated

Bewb

Battle declared: Strike Freedom Gundam against Enemy Player

Selecting target for Strike Freedom Gundam

Kiraya

No blockers available

Action step

Kiraya

Passed

Bewb

Passed

Battle started: Strike Freedom Gundam against Enemy Shield

Kiraya

Shield card: Strike Rouge (Ootori) revealed and discarded

Battle ended

Battle initiated

Bewb

Battle declared: Gundam Barbatos Lupus against Enemy Player

Kiraya

No blockers available

Action step

Kiraya

Passed

Bewb

Passed

Battle started: Gundam Barbatos Lupus against Enemy Shield

Kiraya

Shield card: Axis revealed

Played base: Axis

No more Shield cards to add to hand

Battle ended

Battle initiated

Bewb

Battle declared: Gundam Barbatos Lupus against Enemy Player

Kiraya

No blockers available

Action step

Kiraya

Passed

Bewb

Passed

Battle started: Gundam Barbatos Lupus against Axis

Kiraya

Axis received 7 damage, now destroyed

Battle ended

Battle initiated

Bewb

Battle declared: Strike Freedom Gundam against Enemy Player

Kiraya

No blockers available

Action step

Kiraya

Passed

Bewb

Passed

Battle started: Strike Freedom Gundam against Enemy Player

Kiraya

No more shields available, game is over!

Bewb

Winner!

Game ended!