Mobile Suit Arena - Battle logs
Game started!

Kiraya

Choose to play first

Choose to mulligan starting hand

buppy

Choose to mulligan starting hand

Turn 1 started!

Turn end phase started

buppy

Passed

Kiraya

Passed

Turn ended!

Turn 2 started!

buppy

Zaku Ⅱ deployed

Turn end phase started

Kiraya

Passed

buppy

Passed

Turn ended!

Turn 3 started!

Kiraya

M1 Astray (Shrike) deployed

No targets for M1 Astray (Shrike)

Turn end phase started

buppy

Passed

Kiraya

Passed

Turn ended!

Turn 4 started!

buppy

Kayra's Re-GZ deployed

Selecting target for Kayra's Re-GZ

Returned to deck top

Battle initiated

buppy

Battle declared: Zaku Ⅱ against Enemy Player

Zaku Ⅱ: Modifier applied to: Zaku Ⅱ

Kiraya

No blockers available

Action step

Kiraya

Passed

buppy

Passed

Battle started: Zaku Ⅱ against EX Base

Kiraya

EX Base received 3 damage, now destroyed

Battle ended

Turn end phase started

Kiraya

Passed

buppy

Passed

Turn ended!

Turn 5 started!

Kiraya

Hyakuren deployed

Turn end phase started

buppy

Passed

Kiraya

Passed

Turn ended!

Turn 6 started!

Battle initiated

buppy

Battle declared: Zaku Ⅱ against Enemy Player

Zaku Ⅱ: Modifier applied to: Zaku Ⅱ

Kiraya

No blockers available

Action step

Kiraya

Passed

buppy

Passed

Battle started: Zaku Ⅱ against Enemy Shield

Kiraya

Shield card: Strike Rouge (Ootori) revealed and discarded

Battle ended

Battle initiated

buppy

Battle declared: Kayra's Re-GZ against Enemy Player

Kiraya

No blockers available

Action step

Kiraya

Passed

buppy

Passed

Battle started: Kayra's Re-GZ against Enemy Shield

Kiraya

Shield card: Strike Rouge (Ootori) revealed and discarded

Battle ended

buppy

Re-GZ deployed

Turn end phase started

Kiraya

Passed

buppy

Passed

Turn ended!

Turn 7 started!

Kiraya

Gundam Barbatos Adapt deployed

Selecting target for Gundam Barbatos Adapt

Gundam Barbatos Adapt: Dealt 1 damage to: Gundam Barbatos Adapt and Zaku Ⅱ

Linked pilot: Mikazuki Augus on unit Gundam Barbatos Adapt

Selecting target for Mikazuki Augus

Mikazuki Augus: Dealt 1 damage to: Gundam Barbatos Adapt and Zaku Ⅱ

Battle initiated

Kiraya

Battle declared: Hyakuren against Enemy Player

buppy

No blockers available

Action step

buppy

Passed

Kiraya

Passed

Battle started: Hyakuren against EX Base

buppy

EX Base received 4 damage, now destroyed

Battle ended

Battle initiated

Kiraya

Battle declared: M1 Astray (Shrike) against Enemy Player

buppy

No blockers available

Action step

buppy

Passed

Kiraya

Passed

Battle started: M1 Astray (Shrike) against Enemy Shield

buppy

Shield card: Gundam NT-1 revealed and discarded

Battle ended

Kiraya

Played base: Axis

Shield card added to hand

Battle initiated

Kiraya

Battle declared: Gundam Barbatos Adapt against Enemy Player

buppy

No blockers available

Action step

buppy

Passed

Kiraya

Passed

Battle started: Gundam Barbatos Adapt against Enemy Shield

buppy

Shield card: Amuro Ray revealed

Shield card added to hand: Amuro Ray

Battle ended

Turn end phase started

buppy

Passed

Kiraya

Passed

Turn ended!

Turn 8 started!

Battle initiated

buppy

Battle declared: Kayra's Re-GZ against Gundam Barbatos Adapt

Kiraya

No blockers available

Action step

Kiraya

Passed

buppy

Passed

Battle started: Kayra's Re-GZ against Gundam Barbatos Adapt

Kiraya

Gundam Barbatos Adapt received 3 damage, now destroyed

buppy

Kayra's Re-GZ received 4 damage, now destroyed

Battle ended

Battle initiated

buppy

Battle declared: Re-GZ against Hyakuren

Kiraya

No blockers available

Action step

Kiraya

Passed

buppy

Passed

Battle started: Re-GZ against Hyakuren

Kiraya

Hyakuren received 4 damage, now destroyed

buppy

Re-GZ received 4 damage, now destroyed

Selecting target for Re-GZ

Card added to hand: Jegan

Battle ended

buppy

Nu Gundam deployed

Placed 1 Resource EX

Turn end phase started

Kiraya

Passed

buppy

Passed

Turn ended!

Turn 9 started!

Kiraya

Gundam Gusion Rebake deployed

Selecting target for Gundam Gusion Rebake

Gundam Gusion Rebake: Dealt 1 damage to: Gundam Gusion Rebake and Nu Gundam

Battle initiated

Kiraya

Battle declared: M1 Astray (Shrike) against Enemy Player

buppy

No blockers available

Action step

buppy

Passed

Kiraya

Passed

Battle started: M1 Astray (Shrike) against Enemy Shield

buppy

Shield card: Rick Dom revealed and discarded

Battle ended

Turn end phase started

buppy

Passed

Kiraya

Passed

Turn ended!

Turn 10 started!

buppy

Nu Gundam deployed

Linked pilot: Amuro Ray on unit Nu Gundam

Battle initiated

buppy

Battle declared: Nu Gundam against Enemy Player

Kiraya

Assigned Gundam Gusion Rebake to block

Action step

Kiraya

Passed

buppy

Passed

Battle started: Nu Gundam against Gundam Gusion Rebake

Kiraya

Gundam Gusion Rebake received 4 damage, now destroyed

buppy

Nu Gundam received 3 damage, now destroyed

Battle ended

Battle initiated

buppy

Battle declared: Nu Gundam against M1 Astray (Shrike)

Kiraya

No blockers available

Action step

Kiraya

Passed

buppy

Passed

Battle started: Nu Gundam against M1 Astray (Shrike)

Kiraya

M1 Astray (Shrike) received 7 damage, now destroyed

buppy

Nu Gundam received 1 damage, leaving 6 HP remaining

Kiraya

Breach 5: : Axis received 5 damage, leaving 1 HP remaining

buppy

Healed 2 damage to: Nu Gundam

Battle ended

Turn end phase started

Kiraya

Passed

buppy

Passed

Turn ended!

Turn 11 started!

Kiraya

Gundam Gusion Rebake deployed

Selecting target for Gundam Gusion Rebake

Gundam Gusion Rebake: Dealt 1 damage to: Gundam Gusion Rebake and Nu Gundam

M1 Astray (Shrike) deployed

Selecting target for M1 Astray (Shrike)

M1 Astray (Shrike): Dealt 1 damage to Nu Gundam, leaving 5 HP remaining

Turn end phase started

buppy

Passed

Kiraya

Passed

Turn ended!

Turn 12 started!

buppy

Gundam deployed

Linked pilot: Amuro Ray on unit Gundam

Selecting target for Amuro Ray

Rested unit: Gundam Gusion Rebake

Rick Dom deployed

Battle initiated

buppy

Battle declared: Nu Gundam against Gundam Gusion Rebake

Kiraya

No blockers available

Action step

Kiraya

Passed

buppy

Passed

Battle started: Nu Gundam against Gundam Gusion Rebake

Kiraya

Gundam Gusion Rebake received 8 damage, now destroyed

buppy

Nu Gundam received 3 damage, leaving 2 HP remaining

Kiraya

Breach 5: : Axis received 5 damage, now destroyed

buppy

Healed 2 damage to: Nu Gundam

Battle ended

Battle initiated

buppy

Battle declared: Gundam against Enemy Player

Kiraya

No blockers available

Action step

Kiraya

Passed

buppy

Passed

Battle started: Gundam against Enemy Shield

Kiraya

Shield card: Gundam Gusion Rebake revealed and discarded

Battle ended

Turn end phase started

Kiraya

Passed

buppy

Passed

Turn ended!

Turn 13 started!

Battle initiated

Kiraya

Battle declared: M1 Astray (Shrike) against Nu Gundam

buppy

No blockers available

Action step

buppy

Passed

Kiraya

Passed

Battle started: M1 Astray (Shrike) against Nu Gundam

buppy

Nu Gundam received 1 damage, leaving 3 HP remaining

Kiraya

M1 Astray (Shrike) received 7 damage, now destroyed

Battle ended

Kiraya

Gundam Barbatos Lupus deployed

Linked pilot: Mikazuki Augus on unit Gundam Barbatos Lupus

Selecting target for Mikazuki Augus

Mikazuki Augus: Dealt 1 damage to: Gundam Barbatos Lupus and Nu Gundam

Activated: Gundam Barbatos Lupus

Gundam Barbatos Adapt, Gundam Gusion Rebake and Gundam Gusion Rebake exiled from the game

Selecting target for Gundam Barbatos Lupus

Gundam Barbatos Lupus: Dealt 2 damage to Nu Gundam, now destroyed

Battle initiated

Kiraya

Battle declared: Gundam Barbatos Lupus against Gundam

buppy

No blockers available

Action step

buppy

Passed

Kiraya

Passed

Battle started: Gundam Barbatos Lupus against Gundam

buppy

Gundam received 7 damage, now destroyed

Kiraya

Gundam Barbatos Lupus received 5 damage, now destroyed

Battle ended

Turn end phase started

buppy

Passed

Kiraya

Passed

Turn ended!

Turn 14 started!

buppy

Kayra's Re-GZ deployed

Selecting target for Kayra's Re-GZ

Returned to deck bottom

Nu Gundam deployed

Placed 1 Resource EX

Jegan deployed

Jegan deployed

Battle initiated

buppy

Battle declared: Rick Dom against Enemy Player

Kiraya

No blockers available

Action step

Kiraya

Passed

buppy

Passed

Battle started: Rick Dom against Enemy Shield

Kiraya

Shield card: A Show of Resolve revealed and discarded

Battle ended

Turn end phase started

Kiraya

Passed

buppy

Passed

Turn ended!

Turn 15 started!

Kiraya

Played base: Axis

Shield card added to hand

Gundam Barbatos Lupus deployed

Activated: Gundam Barbatos Lupus

Hyakuren, Gundam Gusion Rebake and Gundam Barbatos Lupus exiled from the game

Selecting target for Gundam Barbatos Lupus

Gundam Barbatos Lupus: Dealt 2 damage to Kayra's Re-GZ, leaving 1 HP remaining

Linked pilot: Mikazuki Augus on unit Gundam Barbatos Lupus

Selecting target for Mikazuki Augus

Mikazuki Augus: Dealt 1 damage to: Gundam Barbatos Lupus and Kayra's Re-GZ

Battle initiated

Kiraya

Battle declared: Gundam Barbatos Lupus against Rick Dom

buppy

No blockers available

Action step

buppy

Passed

Kiraya

Passed

Battle started: Gundam Barbatos Lupus against Rick Dom

buppy

Rick Dom received 7 damage, now destroyed

Kiraya

Gundam Barbatos Lupus received 3 damage, leaving 2 HP remaining

Battle ended

Turn end phase started

buppy

Passed

Kiraya

Passed

Turn ended!

Turn 16 started!

Battle initiated

buppy

Battle declared: Nu Gundam against Enemy Player

Kiraya

No blockers available

Action step

Kiraya

Passed

buppy

Passed

Battle started: Nu Gundam against Axis

Kiraya

Axis received 4 damage, leaving 2 HP remaining

Battle ended

Battle initiated

buppy

Battle declared: Jegan against Enemy Player

Kiraya

No blockers available

Action step

Kiraya

Passed

buppy

Passed

Battle started: Jegan against Axis

Kiraya

Axis received 2 damage, now destroyed

Battle ended

Battle initiated

buppy

Battle declared: Jegan against Enemy Player

Kiraya

No blockers available

Action step

buppy

Passed

Kiraya

Passed

Battle started: Jegan against Enemy Player

Kiraya

No more shields available, game is over!

buppy

Winner!

Game ended!