Mobile Suit Arena - Battle logs
Game started!

Kiraya

Choose to play second

Choose to keep starting hand

Belele

Choose to keep starting hand

Turn 1 started!

Turn end phase started

Kiraya

Passed

Belele

Passed

Turn ended!

Turn 2 started!

Kiraya

Graze Custom deployed

Turn end phase started

Belele

Passed

Kiraya

Passed

Turn ended!

Turn 3 started!

Turn end phase started

Kiraya

Passed

Belele

Passed

Turn ended!

Turn 4 started!

Kiraya

Gundam Barbatos 1st Form deployed

Battle initiated

Kiraya

Battle declared: Graze Custom against Enemy Player

Belele

No blockers available

Action step

Belele

Passed

Kiraya

Passed

Battle started: Graze Custom against EX Base

Belele

EX Base received 2 damage, leaving 1 HP remaining

Battle ended

Turn end phase started

Belele

Passed

Kiraya

Passed

Turn ended!

Turn 5 started!

Turn end phase started

Kiraya

Passed

Belele

Passed

Turn ended!

Turn 6 started!

Battle initiated

Kiraya

Battle declared: Graze Custom against Enemy Player

Belele

No blockers available

Action step

Belele

Passed

Kiraya

Passed

Battle started: Graze Custom against EX Base

Belele

EX Base received 2 damage, now destroyed

Battle ended

Battle initiated

Kiraya

Battle declared: Gundam Barbatos 1st Form against Enemy Player

Belele

No blockers available

Action step

Belele

Passed

Kiraya

Passed

Battle started: Gundam Barbatos 1st Form against Enemy Shield

Belele

Shield card: Gundam Barbatos Lupus Rex revealed and discarded

Battle ended

Kiraya

Strike Rouge (Ootori) deployed

Turn end phase started

Belele

Passed

Kiraya

Passed

Turn ended!

Turn 7 started!

Belele

Played base: Axis

Shield card added to hand

Gundam Barbatos Adapt deployed

Selecting target for Gundam Barbatos Adapt

Gundam Barbatos Adapt: Dealt 1 damage to: Gundam Barbatos Adapt and Graze Custom

Turn end phase started

Kiraya

Passed

Belele

Passed

Turn ended!

Turn 8 started!

Kiraya

Linked pilot: Mikazuki Augus on unit Gundam Barbatos 1st Form

Selecting target for Mikazuki Augus

Mikazuki Augus: Dealt 1 damage to: Gundam Barbatos 1st Form and Gundam Barbatos Adapt

Battle initiated

Kiraya

Battle declared: Gundam Barbatos 1st Form against Enemy Player

Gundam Barbatos 1st Form: Draw a card

Belele

No blockers available

Action step

Belele

Passed

Kiraya

Passed

Battle started: Gundam Barbatos 1st Form against Axis

Belele

Axis received 5 damage, leaving 1 HP remaining

Battle ended

Battle initiated

Kiraya

Battle declared: Graze Custom against Enemy Player

Belele

No blockers available

Action step

Belele

Passed

Kiraya

Passed

Battle started: Graze Custom against Axis

Belele

Axis received 2 damage, now destroyed

Battle ended

Kiraya

Timeout 1

Turn end phase started

Belele

Passed

Kiraya

Passed

Turn ended!

Turn 9 started!

Belele

Paired pilot: Kira Yamato on unit Gundam Barbatos Adapt

Battle initiated

Belele

Battle declared: Gundam Barbatos Adapt against Gundam Barbatos 1st Form

Kiraya

Assigned Strike Rouge (Ootori) to block

Action step

Kiraya

Passed

Belele

Passed

Battle started: Gundam Barbatos Adapt against Strike Rouge (Ootori)

Kiraya

Strike Rouge (Ootori) received 4 damage, now destroyed

Belele

Gundam Barbatos Adapt received 3 damage, leaving 1 HP remaining

Battle ended

Belele

Shiden Custom (Ryusei-Go) deployed

Turn end phase started

Kiraya

Passed

Belele

Passed

Turn ended!

Turn 10 started!

Kiraya

Gundam Gusion Rebake deployed

Selecting target for Gundam Gusion Rebake

Gundam Gusion Rebake: Dealt 1 damage to: Gundam Gusion Rebake and Gundam Barbatos Adapt

Graze Custom deployed

Battle initiated

Kiraya

Battle declared: Gundam Barbatos 1st Form against Enemy Player

Gundam Barbatos 1st Form: Draw a card

Belele

Assigned Shiden Custom (Ryusei-Go) to block

Action step

Belele

Passed

Kiraya

Passed

Battle started: Gundam Barbatos 1st Form against Shiden Custom (Ryusei-Go)

Belele

Shiden Custom (Ryusei-Go) received 5 damage, now destroyed

Kiraya

Gundam Barbatos 1st Form received 4 damage, now destroyed

Battle ended

Battle initiated

Kiraya

Battle declared: Graze Custom against Enemy Player

Belele

No blockers available

Action step

Belele

Passed

Kiraya

Passed

Battle started: Graze Custom against Enemy Shield

Belele

Shield card: Graze Custom revealed and discarded

Battle ended

Turn end phase started

Belele

Passed

Kiraya

Passed

Turn ended!

Turn 11 started!

Belele

Gundam Barbatos 1st Form deployed

Gundam Gusion Rebake deployed

Selecting target for Gundam Gusion Rebake

Gundam Gusion Rebake: Dealt 1 damage to: Gundam Barbatos 1st Form and Graze Custom

Turn end phase started

Kiraya

Passed

Belele

Passed

Turn ended!

Turn 12 started!

Kiraya

Gundam Barbatos 1st Form deployed

Linked pilot: Mikazuki Augus on unit Gundam Barbatos 1st Form

Selecting target for Mikazuki Augus

Mikazuki Augus: Dealt 1 damage to: Gundam Barbatos 1st Form and Gundam Barbatos 1st Form

Battle initiated

Kiraya

Battle declared: Graze Custom against Enemy Player

Belele

Assigned no blocker

Action step

Belele

Passed

Kiraya

Passed

Battle started: Graze Custom against Enemy Shield

Belele

Shield card: Kira Yamato revealed

Shield card added to hand: Kira Yamato

Battle ended

Battle initiated

Kiraya

Battle declared: Gundam Barbatos 1st Form against Enemy Player

Gundam Barbatos 1st Form: Draw a card

Belele

Assigned Gundam Gusion Rebake to block

Action step

Belele

Passed

Kiraya

Passed

Battle started: Gundam Barbatos 1st Form against Gundam Gusion Rebake

Belele

Gundam Gusion Rebake received 5 damage, now destroyed

Kiraya

Gundam Barbatos 1st Form received 3 damage, now destroyed

Battle ended

Battle initiated

Kiraya

Battle declared: Gundam Gusion Rebake against Enemy Player

Belele

No blockers available

Action step

Belele

Passed

Kiraya

Passed

Battle started: Gundam Gusion Rebake against Enemy Shield

Belele

Shield card: Widespread Annihilation revealed and discarded

Battle ended

Kiraya

Replaced EX Base base: Axis

Shield card added to hand

Graze Custom deployed

Turn end phase started

Belele

Passed

Kiraya

Passed

Turn ended!

Turn 13 started!

Belele

Gundam Barbatos Lupus deployed

Activated: Gundam Barbatos Lupus

Graze Custom, Gundam Barbatos 1st Form and Gundam Gusion Rebake exiled from the game

Selecting target for Gundam Barbatos Lupus

Gundam Barbatos Lupus: Dealt 2 damage to Graze Custom, now destroyed

Activated: Gundam Barbatos Lupus

Gundam Barbatos Lupus Rex, Gundam Barbatos Adapt and Shiden Custom (Ryusei-Go) exiled from the game

Selecting target for Gundam Barbatos Lupus

Gundam Barbatos Lupus: Dealt 2 damage to Graze Custom, now destroyed

M1 Astray (Shrike) deployed

Selecting target for M1 Astray (Shrike)

M1 Astray (Shrike): Dealt 1 damage to Gundam Gusion Rebake, leaving 3 HP remaining

Turn end phase started

Kiraya

Passed

Belele

Passed

Turn ended!

Turn 14 started!

Kiraya

Strike Freedom Gundam deployed

Selecting target for Strike Freedom Gundam

Strike Freedom Gundam: Modifier applied to: Gundam Gusion Rebake

Strike Freedom Gundam: Modifier applied to: Strike Freedom Gundam

Strike Freedom Gundam: chose Gundam Gusion Rebake and Strike Freedom Gundam

Battle initiated

Kiraya

Battle declared: Gundam Gusion Rebake against Enemy Player

Belele

No blockers available

Action step

Belele

Passed

Kiraya

Passed

Battle started: Gundam Gusion Rebake against Enemy Shield

Belele

Shield card: M1 Astray (Shrike) revealed and discarded

Kiraya

Strike Freedom Gundam: Draw a card

Battle ended

Kiraya

Linked pilot: Kira Yamato on unit Strike Freedom Gundam

Kira Yamato: Draw a card

Battle initiated

Kiraya

Battle declared: Strike Freedom Gundam against Enemy Player

Selecting target for Strike Freedom Gundam

Belele

No blockers available

Action step

Kiraya

Winner!

Game ended!