Mobile Suit Arena - Battle logs
Game started!

Kiraya

Choose to play second

clairfryer

Choose to keep starting hand

Kiraya

Choose to mulligan starting hand

Turn 1 started!

Turn end phase started

Kiraya

Passed

clairfryer

Passed

Turn ended!

Turn 2 started!

Kiraya

Gundam Exia Repair deployed

Turn end phase started

clairfryer

Passed

Kiraya

Passed

Turn ended!

Turn 3 started!

clairfryer

Zoloat (League Militaire) deployed

Turn end phase started

Kiraya

Passed

clairfryer

Passed

Turn ended!

Turn 4 started!

Battle initiated

Kiraya

Battle declared: Gundam Exia Repair against Enemy Player

clairfryer

Assigned no blocker

Action step

clairfryer

Passed

Kiraya

Passed

Battle started: Gundam Exia Repair against EX Base

clairfryer

EX Base received 2 damage, leaving 1 HP remaining

Battle ended

Turn end phase started

clairfryer

Passed

Kiraya

Passed

Turn ended!

Turn 5 started!

clairfryer

Played action: Improved Technique

Improved Technique: Dealt 3 damage to Gundam Exia Repair, now destroyed

Kiraya

Gundam Exia Repair milled 2: Hyakuren and Gundam Barbatos Adapt moved to trash

Turn end phase started

Kiraya

Passed

clairfryer

Passed

Turn ended!

Turn 6 started!

Kiraya

Replaced EX Base base: Axis

Shield card added to hand

Gundam Barbatos Adapt deployed

Selecting target for Gundam Barbatos Adapt

Gundam Barbatos Adapt: Dealt 1 damage to: Gundam Barbatos Adapt and Zoloat (League Militaire)

Turn end phase started

clairfryer

Passed

Kiraya

Passed

Turn ended!

Turn 7 started!

clairfryer

Played action: Close Combat

Close Combat: Dealt 2 damage to Gundam Barbatos Adapt, leaving 1 HP remaining

Played action: Darkness Finger

Darkness Finger: Dealt 2 damage to Gundam Barbatos Adapt, now destroyed

Turn end phase started

Kiraya

Passed

clairfryer

Passed

Turn ended!

Turn 8 started!

Kiraya

Gundam Gusion Rebake deployed

Selecting target for Gundam Gusion Rebake

Gundam Gusion Rebake: Dealt 1 damage to: Gundam Gusion Rebake and Zoloat (League Militaire)

Turn end phase started

clairfryer

Played action: Darkness Finger

Darkness Finger: Dealt 2 damage to Gundam Gusion Rebake, leaving 2 HP remaining

Kiraya

Passed

clairfryer

Passed

Kiraya

Turn ended!

Turn 9 started!

clairfryer

Played action: Close Combat

Close Combat: Dealt 2 damage to Gundam Gusion Rebake, now destroyed

Strike Rouge (Ootori) deployed

Turn end phase started

Kiraya

Passed

clairfryer

Passed

Turn ended!

Turn 10 started!

Turn end phase started

clairfryer

Passed

Kiraya

Passed

Turn ended!

Turn 11 started!

clairfryer

Replaced EX Base base: Mining Asteroid Palau

Shield card added to hand

Battle initiated

clairfryer

Battle declared: Strike Rouge (Ootori) against Enemy Player

Kiraya

No blockers available

Action step

Kiraya

Passed

clairfryer

Passed

Battle started: Strike Rouge (Ootori) against Axis

Kiraya

Axis received 3 damage, leaving 3 HP remaining

Battle ended

Turn end phase started

Kiraya

Passed

clairfryer

Passed

Turn ended!

Turn 12 started!

Kiraya

Replaced Axis base: Axis

Shield card added to hand

M1 Astray (Shrike) deployed

Selecting target for M1 Astray (Shrike)

M1 Astray (Shrike): Dealt 1 damage to Strike Rouge (Ootori), leaving 3 HP remaining

Turn end phase started

clairfryer

Played action: Improved Technique

Improved Technique: Dealt 3 damage to M1 Astray (Shrike), now destroyed

Kiraya

Passed

clairfryer

Passed

Kiraya

Turn ended!

Turn 13 started!

Battle initiated

clairfryer

Battle declared: Strike Rouge (Ootori) against Enemy Player

Kiraya

No blockers available

Action step

Kiraya

Passed

clairfryer

Passed

Battle started: Strike Rouge (Ootori) against Axis

Kiraya

Axis received 3 damage, leaving 3 HP remaining

Battle ended

Turn end phase started

Kiraya

Passed

clairfryer

Passed

Turn ended!

Turn 14 started!

Kiraya

Played command: A Show of Resolve

A Show of Resolve: Draw 2 cards

Strike Rouge (Ootori) deployed

Turn end phase started

clairfryer

Passed

Kiraya

Passed

Turn ended!

Turn 15 started!

Battle initiated

clairfryer

Battle declared: Strike Rouge (Ootori) against Enemy Player

Kiraya

Assigned no blocker

Action step

Kiraya

Passed

clairfryer

Passed

Battle started: Strike Rouge (Ootori) against Axis

Kiraya

Axis received 3 damage, now destroyed

Battle ended

clairfryer

Strike Freedom Gundam deployed

Selecting target for Strike Freedom Gundam

Strike Freedom Gundam: Modifier applied to: Strike Rouge (Ootori)

Strike Freedom Gundam: Modifier applied to: Strike Freedom Gundam

Strike Freedom Gundam: chose Strike Rouge (Ootori) and Strike Freedom Gundam

Turn end phase started

Kiraya

Passed

clairfryer

Passed

Turn ended!

Turn 16 started!

Kiraya

Played base: Axis

Shield card added to hand

Strike Rouge (Ootori) deployed

Graze Custom deployed

Turn end phase started

clairfryer

Passed

Kiraya

Passed

Turn ended!

Turn 17 started!

Turn end phase started

Kiraya

Passed

clairfryer

Passed

Turn ended!

Turn 18 started!

Kiraya

Gundam Barbatos Lupus deployed

Gundam Barbatos 1st Form deployed

Turn end phase started

clairfryer

Passed

Kiraya

Passed

Turn ended!

Turn 19 started!

clairfryer

Played command: Airframe Seizure

Selecting target for Airframe Seizure

Marida Cruz discarded

Airframe Seizure: Draw 2 cards

Played command: A Show of Resolve

A Show of Resolve: Draw 2 cards

Played command: A Show of Resolve

A Show of Resolve: Draw 2 cards

Linked pilot: Kira Yamato on unit Strike Freedom Gundam

Kira Yamato: Draw a card

Played action: Close Combat

Close Combat: Dealt 2 damage to Gundam Barbatos 1st Form, now destroyed

Battle initiated

clairfryer

Battle declared: Strike Freedom Gundam against Enemy Player

Selecting target for Strike Freedom Gundam

Mining Asteroid Palau and A Show of Resolve discarded

Selecting target for Strike Freedom Gundam

Kiraya

Graze Custom returned to deck

Assigned Strike Rouge (Ootori) to block

Action step

Kiraya

Passed

clairfryer

Passed

Battle started: Strike Freedom Gundam against Strike Rouge (Ootori)

Kiraya

Strike Rouge (Ootori) received 7 damage, now destroyed

clairfryer

Strike Freedom Gundam received 3 damage, leaving 5 HP remaining

Battle ended

Turn end phase started

Kiraya

Passed

clairfryer

Passed

Turn ended!

Turn 20 started!

Kiraya

Activated: Gundam Barbatos Lupus

Gundam Barbatos Adapt, Gundam Gusion Rebake and Gundam Barbatos 1st Form exiled from the game

Selecting target for Gundam Barbatos Lupus

Gundam Barbatos Lupus: Dealt 2 damage to Strike Rouge (Ootori), leaving 1 HP remaining

Battle initiated

Kiraya

Battle declared: Gundam Barbatos Lupus against Strike Freedom Gundam

clairfryer

Assigned Strike Rouge (Ootori) to block

Action step

clairfryer

Passed

Kiraya

Passed

Battle started: Gundam Barbatos Lupus against Strike Rouge (Ootori)

clairfryer

Strike Rouge (Ootori) received 5 damage, now destroyed

Kiraya

Gundam Barbatos Lupus received 3 damage, leaving 2 HP remaining

Battle ended

Kiraya

Linked pilot: Kira Yamato on unit Strike Rouge (Ootori)

Kira Yamato: Draw a card

Battle initiated

Kiraya

Battle declared: Strike Rouge (Ootori) against Strike Freedom Gundam

clairfryer

No blockers available

Action step

clairfryer

Passed

Kiraya

Passed

Battle started: Strike Rouge (Ootori) against Strike Freedom Gundam

clairfryer

Strike Freedom Gundam received 5 damage, now destroyed

Kiraya

Strike Rouge (Ootori) received 7 damage, now destroyed

Battle ended

Kiraya

Hyakuren deployed

Gundam Barbatos Lupus deployed

Turn end phase started

clairfryer

Passed

Kiraya

Passed

Turn ended!

Turn 21 started!

clairfryer

Unicorn Gundam 02 Banshee (Destroy Mode) deployed

Linked pilot: Marida Cruz on unit Unicorn Gundam 02 Banshee (Destroy Mode)

Played command: Airframe Seizure

Selecting target for Airframe Seizure

Mining Asteroid Palau discarded

Airframe Seizure: Draw 2 cards

Played action: Improved Technique

Improved Technique: Dealt 3 damage to Hyakuren, now destroyed

Battle initiated

clairfryer

Battle declared: Unicorn Gundam 02 Banshee (Destroy Mode) against Gundam Barbatos Lupus

Selecting target for Unicorn Gundam 02 Banshee (Destroy Mode)

Returned to deck bottom

Set Active: Unicorn Gundam 02 Banshee (Destroy Mode)

Unicorn Gundam 02 Banshee (Destroy Mode): Modifier applied to: Unicorn Gundam 02 Banshee (Destroy Mode)

No targets for Marida Cruz

Kiraya

No blockers available

Action step

Kiraya

Passed

clairfryer

Passed

Battle started: Unicorn Gundam 02 Banshee (Destroy Mode) against Gundam Barbatos Lupus

Kiraya

Gundam Barbatos Lupus received 7 damage, now destroyed

clairfryer

Damage prevented

Unicorn Gundam 02 Banshee (Destroy Mode) received 0 damage, leaving 5 HP remaining

Battle ended

Battle initiated

clairfryer

Battle declared: Unicorn Gundam 02 Banshee (Destroy Mode) against Enemy Player

No targets for Marida Cruz

Kiraya

No blockers available

Action step

Kiraya

Passed

clairfryer

Passed

Battle started: Unicorn Gundam 02 Banshee (Destroy Mode) against Axis

Kiraya

Axis received 7 damage, now destroyed

Battle ended

Turn end phase started

Kiraya

Passed

clairfryer

Passed

Turn ended!

Turn 22 started!

Battle initiated

Kiraya

Battle declared: Gundam Barbatos Lupus against Unicorn Gundam 02 Banshee (Destroy Mode)

clairfryer

No blockers available

Action step

clairfryer

Passed

Kiraya

Passed

Battle started: Gundam Barbatos Lupus against Unicorn Gundam 02 Banshee (Destroy Mode)

clairfryer

Unicorn Gundam 02 Banshee (Destroy Mode) received 5 damage, now destroyed

Kiraya

Gundam Barbatos Lupus received 7 damage, now destroyed

Battle ended

Kiraya

Gundam Flauros (Ryusei-Go) deployed

No targets for Gundam Flauros (Ryusei-Go)

Gundam Gusion Rebake deployed

No targets for Gundam Gusion Rebake

Turn end phase started

clairfryer

Passed

Kiraya

Passed

Turn ended!

Turn 23 started!

clairfryer

Strike Freedom Gundam deployed

Selecting target for Strike Freedom Gundam

Strike Freedom Gundam: Modifier applied to: Strike Freedom Gundam

Strike Freedom Gundam: chose Strike Freedom Gundam

Unicorn Gundam 02 Banshee (Destroy Mode) deployed

Turn end phase started

Kiraya

Passed

clairfryer

Passed

Turn ended!

Turn 24 started!

Kiraya

Gundam Barbatos Lupus deployed

Graze Custom deployed

Turn end phase started

clairfryer

Passed

Kiraya

Passed

Turn ended!

Turn 25 started!

clairfryer

Linked pilot: Marida Cruz on unit Unicorn Gundam 02 Banshee (Destroy Mode)

Strike Freedom Gundam deployed

Selecting target for Strike Freedom Gundam

Strike Freedom Gundam: Modifier applied to: Strike Freedom Gundam

Strike Freedom Gundam: Modifier applied to: Unicorn Gundam 02 Banshee (Destroy Mode)

Strike Freedom Gundam: chose Strike Freedom Gundam and Unicorn Gundam 02 Banshee (Destroy Mode)

Battle initiated

clairfryer

Battle declared: Strike Freedom Gundam against Enemy Player

Kiraya

Assigned no blocker

Action step

Kiraya

Passed

clairfryer

Passed

Battle started: Strike Freedom Gundam against Enemy Shield

Kiraya

Shield card: Mikazuki Augus revealed

Shield card added to hand: Mikazuki Augus

clairfryer

Strike Freedom Gundam: Draw a card

Battle ended

clairfryer

Played command: Airframe Seizure

Selecting target for Airframe Seizure

Marida Cruz discarded

Airframe Seizure: Draw 2 cards

Battle initiated

clairfryer

Battle declared: Unicorn Gundam 02 Banshee (Destroy Mode) against Enemy Player

Selecting target for Marida Cruz

Marida Cruz: Dealt 1 damage to Graze Custom, leaving 1 HP remaining

Selecting target for Unicorn Gundam 02 Banshee (Destroy Mode)

Returned to deck bottom

Set Active: Unicorn Gundam 02 Banshee (Destroy Mode)

Unicorn Gundam 02 Banshee (Destroy Mode): Modifier applied to: Unicorn Gundam 02 Banshee (Destroy Mode)

Kiraya

Assigned no blocker

Action step

Kiraya

Passed

clairfryer

Passed

Battle started: Unicorn Gundam 02 Banshee (Destroy Mode) against Enemy Shield

Kiraya

Shield card: Hyakuren revealed and discarded

clairfryer

Strike Freedom Gundam: Draw a card

Battle ended

Battle initiated

clairfryer

Battle declared: Unicorn Gundam 02 Banshee (Destroy Mode) against Enemy Player

Selecting target for Marida Cruz

Marida Cruz: Dealt 1 damage to Graze Custom, now destroyed

Kiraya

Assigned no blocker

Action step

Kiraya

Passed

clairfryer

Passed

Battle started: Unicorn Gundam 02 Banshee (Destroy Mode) against Enemy Shield

Kiraya

Shield card: Hyakuren revealed and discarded

clairfryer

Strike Freedom Gundam: Draw a card

Battle ended

clairfryer

Replaced Mining Asteroid Palau base: Mining Asteroid Palau

Shield card added to hand

Turn end phase started

Kiraya

Passed

clairfryer

Passed

Turn ended!

Turn 26 started!

Kiraya

Activated: Gundam Barbatos Lupus

Gundam Barbatos Lupus, Hyakuren and Graze Custom exiled from the game

Selecting target for Gundam Barbatos Lupus

Gundam Barbatos Lupus: Dealt 2 damage to Strike Freedom Gundam, leaving 4 HP remaining

Activated: Gundam Barbatos Lupus

Hyakuren, Gundam Barbatos Lupus and Hyakuren exiled from the game

Selecting target for Gundam Barbatos Lupus

Gundam Barbatos Lupus: Dealt 2 damage to Strike Freedom Gundam, leaving 4 HP remaining

Battle initiated

Kiraya

Battle declared: Gundam Flauros (Ryusei-Go) against Strike Freedom Gundam

No targets for Gundam Flauros (Ryusei-Go)

clairfryer

No blockers available

Action step

clairfryer

Passed

Kiraya

Passed

Battle started: Gundam Flauros (Ryusei-Go) against Strike Freedom Gundam

clairfryer

Strike Freedom Gundam received 5 damage, now destroyed

Kiraya

Gundam Flauros (Ryusei-Go) received 5 damage, now destroyed

Battle ended

Kiraya

Activated: Gundam Barbatos Lupus

Hyakuren, Gundam Barbatos Adapt and Gundam Flauros (Ryusei-Go) exiled from the game

Selecting target for Gundam Barbatos Lupus

Gundam Barbatos Lupus: Dealt 2 damage to Strike Freedom Gundam, leaving 2 HP remaining

Battle initiated

Kiraya

Battle declared: Gundam Barbatos Lupus against Unicorn Gundam 02 Banshee (Destroy Mode)

clairfryer

No blockers available

Action step

clairfryer

Passed

Kiraya

Passed

Battle started: Gundam Barbatos Lupus against Unicorn Gundam 02 Banshee (Destroy Mode)

clairfryer

Unicorn Gundam 02 Banshee (Destroy Mode) received 5 damage, now destroyed

Kiraya

Gundam Barbatos Lupus received 7 damage, now destroyed

Battle ended

Kiraya

Gundam Exia Repair deployed

Turn end phase started

clairfryer

Passed

Kiraya

Passed

Turn ended!

Turn 27 started!

clairfryer

Played command: A Show of Resolve

A Show of Resolve: Draw 2 cards

Played action: Improved Technique

Improved Technique: Dealt 3 damage to Gundam Exia Repair, now destroyed

Kiraya

Gundam Exia Repair milled 2: Gundam Barbatos Adapt and Strike Freedom Gundam moved to trash

clairfryer

Zoloat (League Militaire) deployed

Zoloat (League Militaire) deployed

Battle initiated

clairfryer

Battle declared: Strike Freedom Gundam against Enemy Player

Kiraya

Assigned Gundam Gusion Rebake to block

Action step

Kiraya

Passed

clairfryer

Passed

Battle started: Strike Freedom Gundam against Gundam Gusion Rebake

Kiraya

Gundam Gusion Rebake received 5 damage, now destroyed

clairfryer

Strike Freedom Gundam received 3 damage, now destroyed

Battle ended

Turn end phase started

Kiraya

Passed

clairfryer

Passed

Turn ended!

Turn 28 started!

Kiraya

Played command: Widespread Annihilation

Widespread Annihilation: destroyed Zoloat (League Militaire) and Zoloat (League Militaire)

Turn end phase started

clairfryer

Passed

Kiraya

Passed

Turn ended!

Turn 29 started!

clairfryer

Strike Rouge (Ootori) deployed

Zoloat (League Militaire) deployed

Turn end phase started

Kiraya

Passed

clairfryer

Passed

Turn ended!

Turn 30 started!

Kiraya

Played command: Widespread Annihilation

Widespread Annihilation: destroyed Strike Rouge (Ootori) and Zoloat (League Militaire)

Graze Custom deployed

Turn end phase started

clairfryer

Played action: Close Combat

Close Combat: Dealt 2 damage to Graze Custom, now destroyed

Kiraya

Passed

clairfryer

Passed

Kiraya

Turn ended!

Turn 31 started!

Turn end phase started

Kiraya

Passed

clairfryer

Passed

Turn ended!

Turn 32 started!

Turn end phase started

clairfryer

Passed

Kiraya

Passed

Turn ended!

Turn 33 started!

clairfryer

Strike Rouge (Ootori) deployed

Turn end phase started

Kiraya

Passed

clairfryer

Passed

Turn ended!

Turn 34 started!

Kiraya

Gundam Barbatos 1st Form deployed

Linked pilot: Mikazuki Augus on unit Gundam Barbatos 1st Form

Selecting target for Mikazuki Augus

Mikazuki Augus: Dealt 1 damage to: Gundam Barbatos 1st Form and Strike Rouge (Ootori)

Battle initiated

Kiraya

Battle declared: Gundam Barbatos 1st Form against Enemy Player

Gundam Barbatos 1st Form: Draw a card

clairfryer

Assigned no blocker

Action step

clairfryer

Played action: Improved Technique

Improved Technique: Dealt 3 damage to Gundam Barbatos 1st Form, now destroyed

Kiraya

Passed

clairfryer

Passed

Battle ended

Kiraya

Gundam Barbatos 1st Form deployed

Linked pilot: Mikazuki Augus on unit Gundam Barbatos 1st Form

Selecting target for Mikazuki Augus

Mikazuki Augus: Dealt 1 damage to: Gundam Barbatos 1st Form and Strike Rouge (Ootori)

Battle initiated

Kiraya

Battle declared: Gundam Barbatos 1st Form against Enemy Player

Gundam Barbatos 1st Form: Draw a card

clairfryer

Assigned Strike Rouge (Ootori) to block

Action step

clairfryer

Passed

Kiraya

Passed

Battle started: Gundam Barbatos 1st Form against Strike Rouge (Ootori)

clairfryer

Strike Rouge (Ootori) received 5 damage, now destroyed

Kiraya

Gundam Barbatos 1st Form received 3 damage, now destroyed

Battle ended

Kiraya

Gundam Gusion Rebake deployed

No targets for Gundam Gusion Rebake

Turn end phase started

clairfryer

Passed

Kiraya

Passed

Turn ended!

Turn 35 started!

Turn end phase started

Kiraya

Passed

clairfryer

Passed

Turn ended!

Turn 36 started!

Kiraya

Strike Freedom Gundam deployed

Selecting target for Strike Freedom Gundam

Strike Freedom Gundam: Modifier applied to: Gundam Gusion Rebake

Strike Freedom Gundam: Modifier applied to: Strike Freedom Gundam

Strike Freedom Gundam: chose Gundam Gusion Rebake and Strike Freedom Gundam

Linked pilot: Kira Yamato on unit Strike Freedom Gundam

Kira Yamato: Draw a card

Battle initiated

Kiraya

Battle declared: Strike Freedom Gundam against Enemy Player

clairfryer

No blockers available

Action step

clairfryer

Passed

Kiraya

Passed

Battle started: Strike Freedom Gundam against Mining Asteroid Palau

clairfryer

Mining Asteroid Palau received 7 damage, now destroyed

Kiraya

Strike Freedom Gundam: Draw a card

Battle ended

Kiraya

Played command: A Show of Resolve

A Show of Resolve: Draw 2 cards

Graze Custom deployed

Turn end phase started

clairfryer

Passed

Kiraya

Passed

Turn ended!

Turn 37 started!

clairfryer

Strike Freedom Gundam deployed

Selecting target for Strike Freedom Gundam

Strike Freedom Gundam: Modifier applied to: Strike Freedom Gundam

Strike Freedom Gundam: chose Strike Freedom Gundam

Linked pilot: Kira Yamato on unit Strike Freedom Gundam

Kira Yamato: Draw a card

Played action: Close Combat

Close Combat: Dealt 2 damage to Graze Custom, now destroyed

Battle initiated

clairfryer

Battle declared: Strike Freedom Gundam against Strike Freedom Gundam

Kiraya

Assigned Gundam Gusion Rebake to block

Action step

Kiraya

Passed

clairfryer

Passed

Battle started: Strike Freedom Gundam against Gundam Gusion Rebake

Kiraya

Gundam Gusion Rebake received 7 damage, now destroyed

clairfryer

Strike Freedom Gundam received 3 damage, leaving 5 HP remaining

Strike Freedom Gundam: Draw a card

Battle ended

clairfryer

Played action: Darkness Finger

Darkness Finger: Dealt 2 damage to Strike Freedom Gundam, leaving 6 HP remaining

Turn end phase started

Kiraya

Passed

clairfryer

Passed

Turn ended!

Turn 38 started!

Battle initiated

Kiraya

Battle declared: Strike Freedom Gundam against Enemy Player

Selecting target for Strike Freedom Gundam

Kira Yamato and M1 Astray (Shrike) discarded

Selecting target for Strike Freedom Gundam

clairfryer

Strike Freedom Gundam and Kira Yamato returned to deck

No blockers available

Action step

clairfryer

Passed

Kiraya

Passed

Battle started: Strike Freedom Gundam against Enemy Shield

clairfryer

Shield card: Kshatriya revealed and discarded

Battle ended

Kiraya

Gundam Barbatos Adapt deployed

No targets for Gundam Barbatos Adapt

Turn end phase started

clairfryer

Passed

Kiraya

Passed

Turn ended!

Turn 39 started!

Turn end phase started

Kiraya

Passed

clairfryer

Passed

Turn ended!

Turn 40 started!

Battle initiated

Kiraya

Battle declared: Gundam Barbatos Adapt against Enemy Player

clairfryer

No blockers available

Action step

clairfryer

Passed

Kiraya

Passed

Battle started: Gundam Barbatos Adapt against Enemy Shield

clairfryer

Shield card: Zoloat (League Militaire) revealed and discarded

Battle ended

Battle initiated

Kiraya

Battle declared: Strike Freedom Gundam against Enemy Player

clairfryer

No blockers available

Action step

clairfryer

Passed

Kiraya

Passed

Battle started: Strike Freedom Gundam against Enemy Shield

clairfryer

Shield card: A Show of Resolve revealed and discarded

Battle ended

Kiraya

Strike Rouge (Ootori) deployed

Turn end phase started

clairfryer

Passed

Kiraya

Passed

Turn ended!

Turn 41 started!

clairfryer

Strike Rouge (Ootori) deployed

Paired pilot: Marida Cruz on unit Strike Rouge (Ootori)

Turn end phase started

Kiraya

Passed

clairfryer

Passed

Turn ended!

Turn 42 started!

Battle initiated

Kiraya

Battle declared: Strike Freedom Gundam against Enemy Player

Selecting target for Strike Freedom Gundam

Kira Yamato and Gundam Barbatos 1st Form discarded

Selecting target for Strike Freedom Gundam

clairfryer

Strike Rouge (Ootori) and Marida Cruz returned to deck

No blockers available

Action step

clairfryer

Passed

Kiraya

Passed

Battle started: Strike Freedom Gundam against Enemy Shield

clairfryer

Shield card: Kshatriya revealed and discarded

Battle ended

Battle initiated

Kiraya

Battle declared: Gundam Barbatos Adapt against Enemy Player

clairfryer

No blockers available

Action step

clairfryer

Passed

Kiraya

Passed

Battle started: Gundam Barbatos Adapt against Enemy Player

clairfryer

No more shields available, game is over!

Kiraya

Winner!

Game ended!