Mobile Suit Arena - Battle logs
Game started!

Kiraya

Choose to play second

Choose to keep starting hand

retro

Choose to keep starting hand

Turn 1 started!

Turn end phase started

Kiraya

Passed

retro

Passed

Turn ended!

Turn 2 started!

Kiraya

Gundam Exia Repair deployed

Turn end phase started

retro

Passed

Kiraya

Passed

Turn ended!

Turn 3 started!

retro

Graze Custom deployed

Turn end phase started

Kiraya

Passed

retro

Passed

Turn ended!

Turn 4 started!

Battle initiated

Kiraya

Battle declared: Gundam Exia Repair against Enemy Player

retro

No blockers available

Action step

retro

Passed

Kiraya

Passed

Battle started: Gundam Exia Repair against EX Base

retro

EX Base received 2 damage, leaving 1 HP remaining

Battle ended

Turn end phase started

retro

Passed

Kiraya

Passed

Turn ended!

Turn 5 started!

retro

Gundam Barbatos 1st Form deployed

Turn end phase started

Kiraya

Passed

retro

Passed

Turn ended!

Turn 6 started!

Battle initiated

Kiraya

Battle declared: Gundam Exia Repair against Enemy Player

retro

No blockers available

Action step

retro

Passed

Kiraya

Passed

Battle started: Gundam Exia Repair against EX Base

retro

EX Base received 2 damage, now destroyed

Battle ended

Kiraya

Strike Rouge (Ootori) deployed

Turn end phase started

retro

Passed

Kiraya

Passed

Turn ended!

Turn 7 started!

retro

Gundam Barbatos 1st Form deployed

Gundam Barbatos Adapt deployed

Selecting target for Gundam Barbatos Adapt

Gundam Barbatos Adapt: Dealt 1 damage to: Gundam Barbatos 1st Form and Gundam Exia Repair

Kiraya

Gundam Exia Repair milled 2: Strike Rouge (Ootori) and Hyakuren moved to trash

Battle initiated

retro

Battle declared: Gundam Barbatos 1st Form against Enemy Player

Gundam Barbatos 1st Form: Draw a card

Kiraya

Assigned no blocker

Action step

Kiraya

Passed

retro

Passed

Battle started: Gundam Barbatos 1st Form against EX Base

Kiraya

EX Base received 3 damage, now destroyed

Battle ended

Turn end phase started

Kiraya

Passed

retro

Passed

Turn ended!

Turn 8 started!

Kiraya

M1 Astray (Shrike) deployed

Selecting target for M1 Astray (Shrike)

M1 Astray (Shrike): Dealt 1 damage to Gundam Barbatos 1st Form, now destroyed

Played base: Axis

Shield card added to hand

M1 Astray (Shrike) deployed

No targets for M1 Astray (Shrike)

Turn end phase started

retro

Passed

Kiraya

Passed

Turn ended!

Turn 9 started!

retro

Gundam Flauros (Ryusei-Go) deployed

Selecting target for Gundam Flauros (Ryusei-Go)

Linked pilot: Mikazuki Augus on unit Gundam Flauros (Ryusei-Go)

Selecting target for Mikazuki Augus

Mikazuki Augus: Dealt 1 damage to: Gundam Barbatos 1st Form and Strike Rouge (Ootori)

Battle initiated

retro

Battle declared: Gundam Flauros (Ryusei-Go) against Enemy Player

Selecting target for Gundam Flauros (Ryusei-Go)

Kiraya

Assigned no blocker

Action step

Kiraya

Passed

retro

Passed

Battle started: Gundam Flauros (Ryusei-Go) against Axis

Kiraya

Axis received 7 damage, now destroyed

Battle ended

Battle initiated

retro

Battle declared: Gundam Barbatos 1st Form against Enemy Player

Gundam Barbatos 1st Form: Draw a card

Kiraya

Assigned no blocker

Action step

Kiraya

Passed

retro

Passed

Battle started: Gundam Barbatos 1st Form against Enemy Shield

Kiraya

Shield card: Gundam Barbatos Adapt revealed and discarded

Battle ended

Battle initiated

retro

Battle declared: Gundam Barbatos Adapt against Enemy Player

Kiraya

Assigned Strike Rouge (Ootori) to block

Action step

Kiraya

Passed

retro

Passed

Battle started: Gundam Barbatos Adapt against Strike Rouge (Ootori)

Kiraya

Strike Rouge (Ootori) received 2 damage, leaving 1 HP remaining

retro

Gundam Barbatos Adapt received 3 damage, leaving 1 HP remaining

Battle ended

Battle initiated

retro

Battle declared: Graze Custom against Enemy Player

Kiraya

No blockers available

Action step

Kiraya

Passed

retro

Passed

Battle started: Graze Custom against Enemy Shield

Kiraya

Shield card: Strike Freedom Gundam revealed and discarded

Battle ended

Turn end phase started

Kiraya

Passed

retro

Passed

Turn ended!

Turn 10 started!

Kiraya

Gundam Gusion Rebake deployed

Selecting target for Gundam Gusion Rebake

Gundam Gusion Rebake: Dealt 1 damage to: Gundam Gusion Rebake and Gundam Barbatos 1st Form

Turn end phase started

retro

Passed

Kiraya

Passed

Turn ended!

Turn 11 started!

retro

Gundam Gusion Rebake deployed

Selecting target for Gundam Gusion Rebake

Gundam Gusion Rebake: Dealt 1 damage to: Gundam Gusion Rebake and Strike Rouge (Ootori)

Battle initiated

retro

Battle declared: Gundam Flauros (Ryusei-Go) against Enemy Player

No targets for Gundam Flauros (Ryusei-Go)

Kiraya

Assigned Gundam Gusion Rebake to block

Action step

Kiraya

Passed

retro

Passed

Battle started: Gundam Flauros (Ryusei-Go) against Gundam Gusion Rebake

Kiraya

Gundam Gusion Rebake received 7 damage, now destroyed

retro

Gundam Flauros (Ryusei-Go) received 3 damage, leaving 1 HP remaining

Battle ended

Battle initiated

retro

Battle declared: Gundam Barbatos Adapt against Enemy Player

Kiraya

No blockers available

Action step

Kiraya

Passed

retro

Passed

Battle started: Gundam Barbatos Adapt against Enemy Shield

Kiraya

Shield card: Hyakuren revealed and discarded

Battle ended

Battle initiated

retro

Battle declared: Graze Custom against Enemy Player

Kiraya

No blockers available

Action step

Kiraya

Passed

retro

Passed

Battle started: Graze Custom against Enemy Shield

Kiraya

Shield card: Hyakuren revealed and discarded

Battle ended

retro

Ryusei-Go (Graze Custom Ⅱ) deployed

Selecting target for Ryusei-Go (Graze Custom Ⅱ)

Ryusei-Go (Graze Custom Ⅱ): Dealt 1 damage to Ryusei-Go (Graze Custom Ⅱ), leaving 1 HP remaining

Ryusei-Go (Graze Custom Ⅱ): Draw a card

Selecting target for Ryusei-Go (Graze Custom Ⅱ)

Ryusei-Go (Graze Custom Ⅱ) discarded

Turn end phase started

Kiraya

Passed

retro

Passed

Turn ended!

Turn 12 started!

Kiraya

Gundam Barbatos Lupus deployed

Linked pilot: Mikazuki Augus on unit Gundam Barbatos Lupus

Selecting target for Mikazuki Augus

Mikazuki Augus: Dealt 1 damage to: Gundam Barbatos Lupus and Gundam Flauros (Ryusei-Go)

Activated: Gundam Barbatos Lupus

Gundam Gusion Rebake, Hyakuren and Hyakuren exiled from the game

Selecting target for Gundam Barbatos Lupus

Gundam Barbatos Lupus: Dealt 2 damage to Graze Custom, now destroyed

Battle initiated

Kiraya

Battle declared: Gundam Barbatos Lupus against Gundam Barbatos Adapt

retro

Assigned no blocker

Action step

retro

Passed

Kiraya

Passed

Battle started: Gundam Barbatos Lupus against Gundam Barbatos Adapt

retro

Gundam Barbatos Adapt received 7 damage, now destroyed

Kiraya

Gundam Barbatos Lupus received 2 damage, leaving 3 HP remaining

Battle ended

Turn end phase started

retro

Passed

Kiraya

Passed

Turn ended!

Turn 13 started!

Battle initiated

retro

Battle declared: Ryusei-Go (Graze Custom Ⅱ) against Enemy Player

Kiraya

No blockers available

Action step

Kiraya

Passed

retro

Passed

Battle started: Ryusei-Go (Graze Custom Ⅱ) against Enemy Shield

Kiraya

Shield card: Gundam Barbatos Lupus revealed and discarded

Battle ended

retro

Gundam Barbatos Lupus deployed

Linked pilot: Mikazuki Augus on unit Gundam Barbatos Lupus

Selecting target for Mikazuki Augus

Mikazuki Augus: Dealt 1 damage to: Ryusei-Go (Graze Custom Ⅱ) and Gundam Barbatos Lupus

Activated: Gundam Barbatos Lupus

Gundam Barbatos 1st Form, Gundam Flauros (Ryusei-Go) and Graze Custom exiled from the game

Selecting target for Gundam Barbatos Lupus

Gundam Barbatos Lupus: Dealt 2 damage to Gundam Barbatos Lupus, now destroyed

Battle initiated

retro

Battle declared: Gundam Barbatos Lupus against Enemy Player

Kiraya

No blockers available

Action step

Kiraya

Passed

retro

Passed

Battle started: Gundam Barbatos Lupus against Enemy Player

Kiraya

No more shields available, game is over!

Kiraya

Winner!

Game ended!