Mobile Suit Arena - Battle logs
Game started!

buttsoup

Choose to play first

Choose to mulligan starting hand

Kiraya

Choose to keep starting hand

Turn 1 started!

Turn end phase started

Kiraya

Passed

buttsoup

Passed

Turn ended!

Turn 2 started!

Kiraya

Gundam Exia Repair deployed

Turn end phase started

buttsoup

Passed

Kiraya

Passed

Turn ended!

Turn 3 started!

buttsoup

Zoloat (League Militaire) deployed

Turn end phase started

Kiraya

Passed

buttsoup

Passed

Turn ended!

Turn 4 started!

Kiraya

Gundam Barbatos 1st Form deployed

Battle initiated

Kiraya

Battle declared: Gundam Exia Repair against Enemy Player

buttsoup

Assigned Zoloat (League Militaire) to block

Action step

buttsoup

Passed

Kiraya

Passed

Battle started: Gundam Exia Repair against Zoloat (League Militaire)

buttsoup

Zoloat (League Militaire) received 2 damage, now destroyed

Kiraya

Gundam Exia Repair received 3 damage, now destroyed

Gundam Exia Repair milled 2: Strike Freedom Gundam and Gundam Barbatos Lupus moved to trash

Battle ended

Turn end phase started

buttsoup

Passed

Kiraya

Passed

Turn ended!

Turn 5 started!

buttsoup

Timeout 1

Turn end phase started

Kiraya

Passed

buttsoup

Passed

Turn ended!

Turn 6 started!

Kiraya

Strike Rouge (Ootori) deployed

Battle initiated

Kiraya

Battle declared: Gundam Barbatos 1st Form against Enemy Player

buttsoup

No blockers available

Action step

buttsoup

Passed

Kiraya

Passed

Battle started: Gundam Barbatos 1st Form against EX Base

buttsoup

EX Base received 3 damage, now destroyed

Battle ended

Turn end phase started

buttsoup

Passed

Kiraya

Passed

Turn ended!

Turn 7 started!

buttsoup

Sword Strike Gundam deployed

Linked pilot: Kira Yamato on unit Sword Strike Gundam

Battle initiated

buttsoup

Battle declared: Sword Strike Gundam against Enemy Player

Selecting target for Sword Strike Gundam

Kiraya

Gundam Barbatos 1st Form returned to hand

buttsoup

Selecting target for Kira Yamato

Kira Yamato: Modifier applied to: Strike Rouge (Ootori)

Kiraya

Assigned Strike Rouge (Ootori) to block

Action step

Kiraya

Passed

buttsoup

Passed

Battle started: Sword Strike Gundam against Strike Rouge (Ootori)

Kiraya

Strike Rouge (Ootori) received 6 damage, now destroyed

buttsoup

Sword Strike Gundam received 1 damage, leaving 3 HP remaining

Battle ended

Turn end phase started

Kiraya

Passed

buttsoup

Passed

Turn ended!

Turn 8 started!

Kiraya

Gundam Gusion Rebake deployed

Selecting target for Gundam Gusion Rebake

Gundam Gusion Rebake: Dealt 1 damage to: Gundam Gusion Rebake and Sword Strike Gundam

Turn end phase started

buttsoup

Passed

Kiraya

Passed

Turn ended!

Turn 9 started!

buttsoup

Played command: Overflowing Affection

Overflowing Affection: Draw 2 cards

Selecting target for Overflowing Affection

Justice Gundam discarded

Zoloat (League Militaire) deployed

Zoloat (League Militaire) deployed

Battle initiated

buttsoup

Battle declared: Sword Strike Gundam against Enemy Player

Selecting target for Kira Yamato

Kira Yamato: Modifier applied to: Gundam Gusion Rebake

No targets for Sword Strike Gundam

Kiraya

Assigned no blocker

Action step

Kiraya

Passed

buttsoup

Passed

Battle started: Sword Strike Gundam against EX Base

Kiraya

EX Base received 6 damage, now destroyed

Battle ended

Turn end phase started

Kiraya

Passed

buttsoup

Passed

Turn ended!

Turn 10 started!

Kiraya

Played command: Widespread Annihilation

Widespread Annihilation: destroyed Sword Strike Gundam, Zoloat (League Militaire) and Zoloat (League Militaire)

Battle initiated

Kiraya

Battle declared: Gundam Gusion Rebake against Enemy Player

buttsoup

No blockers available

Action step

buttsoup

Passed

Kiraya

Passed

Battle started: Gundam Gusion Rebake against Enemy Shield

buttsoup

Shield card: Sword Strike Gundam revealed and discarded

Battle ended

Turn end phase started

buttsoup

Passed

Kiraya

Passed

Turn ended!

Turn 11 started!

buttsoup

Played command: Overflowing Affection

Overflowing Affection: Draw 2 cards

Selecting target for Overflowing Affection

Overflowing Affection discarded

Silver Bullet deployed

Gundam Lfrith deployed

Turn end phase started

Kiraya

Passed

buttsoup

Passed

Turn ended!

Turn 12 started!

Kiraya

Gundam Barbatos 1st Form deployed

Gundam Barbatos Adapt deployed

Selecting target for Gundam Barbatos Adapt

Gundam Barbatos Adapt: Dealt 1 damage to: Gundam Barbatos 1st Form and Gundam Lfrith

Played base: Axis

Shield card added to hand

Linked pilot: Mikazuki Augus on unit Gundam Barbatos 1st Form

Selecting target for Mikazuki Augus

Mikazuki Augus: Dealt 1 damage to: Gundam Barbatos Adapt and Gundam Lfrith

Battle initiated

Kiraya

Battle declared: Gundam Barbatos 1st Form against Enemy Player

Gundam Barbatos 1st Form: Draw a card

buttsoup

Assigned Gundam Lfrith to block

Action step

buttsoup

Passed

Kiraya

Passed

Battle started: Gundam Barbatos 1st Form against Gundam Lfrith

buttsoup

Gundam Lfrith received 5 damage, now destroyed

Kiraya

Gundam Barbatos 1st Form received 2 damage, now destroyed

Battle ended

Turn end phase started

buttsoup

Passed

Kiraya

Passed

Turn ended!

Turn 13 started!

buttsoup

Gundam deployed

Linked pilot: Amuro Ray on unit Gundam

Selecting target for Amuro Ray

Rested unit: Gundam Gusion Rebake

Battle initiated

buttsoup

Battle declared: Gundam against Gundam Gusion Rebake

Kiraya

No blockers available

Action step

Kiraya

Passed

buttsoup

Passed

Battle started: Gundam against Gundam Gusion Rebake

Kiraya

Gundam Gusion Rebake received 6 damage, now destroyed

buttsoup

Gundam received 3 damage, leaving 2 HP remaining

Battle ended

buttsoup

Gundam deployed

Turn end phase started

Kiraya

Passed

buttsoup

Passed

Gundam repaired 2 from [Repair 2]

Turn ended!

Turn 14 started!

Kiraya

Played command: A Show of Resolve

A Show of Resolve: Draw 2 cards

Gundam Flauros (Ryusei-Go) deployed

No targets for Gundam Flauros (Ryusei-Go)

Turn end phase started

buttsoup

Passed

Kiraya

Passed

Turn ended!

Turn 15 started!

Battle initiated

buttsoup

Battle declared: Gundam against Enemy Player

Kiraya

No blockers available

Action step

Kiraya

Passed

buttsoup

Passed

Battle started: Gundam against Axis

Kiraya

Axis received 6 damage, now destroyed

Battle ended

buttsoup

Linked pilot: Amuro Ray on unit Gundam

Selecting target for Amuro Ray

Rested unit: Gundam Barbatos Adapt

Battle initiated

buttsoup

Battle declared: Gundam against Gundam Barbatos Adapt

Kiraya

No blockers available

Action step

Kiraya

Passed

buttsoup

Passed

Battle started: Gundam against Gundam Barbatos Adapt

Kiraya

Gundam Barbatos Adapt received 7 damage, now destroyed

buttsoup

Gundam received 2 damage, leaving 3 HP remaining

Battle ended

buttsoup

Aile Strike Gundam deployed

Linked pilot: Kira Yamato on unit Aile Strike Gundam

Selecting target for Aile Strike Gundam

Kiraya

Gundam Flauros (Ryusei-Go) returned to hand

Turn end phase started

Kiraya

Passed

buttsoup

Passed

Gundam repaired 1 from [Repair 2]

Gundam repaired 2 from [Repair 2]

Turn ended!

Turn 16 started!

Kiraya

Played base: Axis

Shield card added to hand

Strike Freedom Gundam deployed

Selecting target for Strike Freedom Gundam

Strike Freedom Gundam: Modifier applied to: Strike Freedom Gundam

Strike Freedom Gundam: chose Strike Freedom Gundam

Linked pilot: Kira Yamato on unit Strike Freedom Gundam

Kira Yamato: Draw a card

Battle initiated

Kiraya

Battle declared: Strike Freedom Gundam against Gundam

Selecting target for Strike Freedom Gundam

Kira Yamato and Hyakuren discarded

Selecting target for Strike Freedom Gundam

buttsoup

Gundam and Amuro Ray returned to deck

Assigned Silver Bullet to block

Action step

buttsoup

Passed

Kiraya

Passed

Battle started: Strike Freedom Gundam against Silver Bullet

buttsoup

Silver Bullet received 7 damage, now destroyed

Kiraya

Strike Freedom Gundam received 4 damage, leaving 4 HP remaining

Strike Freedom Gundam: Draw a card

Battle ended

Turn end phase started

buttsoup

Passed

Kiraya

Passed

Turn ended!

Turn 17 started!

buttsoup

Played base: Argama

Shield card added to hand

Strike Freedom Gundam deployed

Selecting target for Strike Freedom Gundam

Strike Freedom Gundam: Modifier applied to: Gundam

Strike Freedom Gundam: Modifier applied to: Aile Strike Gundam

Strike Freedom Gundam: chose Gundam and Aile Strike Gundam

Battle initiated

buttsoup

Battle declared: Aile Strike Gundam against Strike Freedom Gundam

Kiraya

No blockers available

Action step

Kiraya

Passed

buttsoup

Passed

Battle started: Aile Strike Gundam against Strike Freedom Gundam

Kiraya

Strike Freedom Gundam received 7 damage, now destroyed

buttsoup

Aile Strike Gundam received 7 damage, now destroyed

Strike Freedom Gundam: Draw a card

Battle ended

Battle initiated

buttsoup

Battle declared: Gundam against Enemy Player

Kiraya

No blockers available

Action step

Kiraya

Passed

buttsoup

Passed

Battle started: Gundam against Axis

Kiraya

Axis received 6 damage, now destroyed

buttsoup

Strike Freedom Gundam: Draw a card

Battle ended

buttsoup

Rick Dias deployed

Turn end phase started

Kiraya

Passed

buttsoup

Passed

Turn ended!

Turn 18 started!

Kiraya

Played command: Widespread Annihilation

Widespread Annihilation: destroyed Gundam and Rick Dias

Played base: Axis

Shield card added to hand

Gundam Barbatos Adapt deployed

Selecting target for Gundam Barbatos Adapt

Gundam Barbatos Adapt: Dealt 1 damage to: Gundam Barbatos Adapt and Strike Freedom Gundam

Turn end phase started

buttsoup

Passed

Kiraya

Passed

Turn ended!

Turn 19 started!

buttsoup

Replaced Argama base: Argama

Shield card added to hand

Replaced Argama base: Argama

Shield card added to hand

Played command: Overflowing Affection

Overflowing Affection: Draw 2 cards

Selecting target for Overflowing Affection

Kira Yamato discarded

Justice Gundam deployed

Fatum-00 deployed

Battle initiated

buttsoup

Battle declared: Strike Freedom Gundam against Enemy Player

Kiraya

No blockers available

Action step

Kiraya

Passed

buttsoup

Passed

Battle started: Strike Freedom Gundam against Axis

Kiraya

Axis received 5 damage, leaving 1 HP remaining

Battle ended

Turn end phase started

Kiraya

Passed

buttsoup

Passed

Turn ended!

Turn 20 started!

Kiraya

Strike Freedom Gundam deployed

Selecting target for Strike Freedom Gundam

Strike Freedom Gundam: Modifier applied to: Gundam Barbatos Adapt

Strike Freedom Gundam: Modifier applied to: Strike Freedom Gundam

Strike Freedom Gundam: chose Gundam Barbatos Adapt and Strike Freedom Gundam

Linked pilot: Kira Yamato on unit Strike Freedom Gundam

Kira Yamato: Draw a card

Battle initiated

Kiraya

Battle declared: Strike Freedom Gundam against Enemy Player

Selecting target for Strike Freedom Gundam

buttsoup

Assigned Fatum-00 to block

Action step

buttsoup

Passed

Kiraya

Passed

Battle started: Strike Freedom Gundam against Fatum-00

buttsoup

Fatum-00 received 7 damage, now destroyed

Kiraya

Strike Freedom Gundam received 2 damage, leaving 6 HP remaining

Strike Freedom Gundam: Draw a card

Battle ended

Kiraya

Gundam Barbatos Adapt deployed

Selecting target for Gundam Barbatos Adapt

Gundam Barbatos Adapt: Dealt 1 damage to: Gundam Barbatos Adapt and Strike Freedom Gundam

M1 Astray (Shrike) deployed

Selecting target for M1 Astray (Shrike)

M1 Astray (Shrike): Dealt 1 damage to Strike Freedom Gundam, leaving 3 HP remaining

Battle initiated

Kiraya

Battle declared: Gundam Barbatos Adapt against Enemy Player

buttsoup

No blockers available

Action step

buttsoup

Passed

Kiraya

Passed

Battle started: Gundam Barbatos Adapt against Argama

buttsoup

Argama received 2 damage, leaving 3 HP remaining

Battle ended

Turn end phase started

buttsoup

Passed

Kiraya

Passed

Turn ended!

Turn 21 started!

Battle initiated

buttsoup

Battle declared: Strike Freedom Gundam against Gundam Barbatos Adapt

Kiraya

No blockers available

Action step

Kiraya

Passed

buttsoup

Passed

Battle started: Strike Freedom Gundam against Gundam Barbatos Adapt

Kiraya

Gundam Barbatos Adapt received 5 damage, now destroyed

buttsoup

Strike Freedom Gundam received 2 damage, leaving 1 HP remaining

Battle ended

Battle initiated

buttsoup

Battle declared: Justice Gundam against Enemy Player

Kiraya

No blockers available

Action step

Kiraya

Passed

buttsoup

Passed

Battle started: Justice Gundam against Axis

Kiraya

Axis received 5 damage, now destroyed

Battle ended

buttsoup

Silver Bullet deployed

Sword Strike Gundam deployed

Turn end phase started

Kiraya

Passed

buttsoup

Passed

Turn ended!

Turn 22 started!

Kiraya

Gundam Gusion Rebake deployed

Selecting target for Gundam Gusion Rebake

Gundam Gusion Rebake: Dealt 1 damage to: Gundam Barbatos Adapt and Strike Freedom Gundam

Battle initiated

Kiraya

Battle declared: Strike Freedom Gundam against Justice Gundam

Selecting target for Strike Freedom Gundam

Gundam Flauros (Ryusei-Go) and Gundam Barbatos Lupus discarded

Selecting target for Strike Freedom Gundam

buttsoup

Sword Strike Gundam returned to deck

Assigned no blocker

Action step

buttsoup

Passed

Kiraya

Passed

Battle started: Strike Freedom Gundam against Justice Gundam

buttsoup

Justice Gundam received 7 damage, now destroyed

Kiraya

Strike Freedom Gundam received 5 damage, leaving 1 HP remaining

Battle ended

Battle initiated

Kiraya

Battle declared: M1 Astray (Shrike) against Enemy Player

buttsoup

Assigned Silver Bullet to block

Action step

buttsoup

Passed

Kiraya

Passed

Battle started: M1 Astray (Shrike) against Silver Bullet

buttsoup

Silver Bullet received 1 damage, leaving 3 HP remaining

Kiraya

M1 Astray (Shrike) received 4 damage, now destroyed

Battle ended

Kiraya

Linked pilot: Mikazuki Augus on unit Gundam Barbatos Adapt

Selecting target for Mikazuki Augus

Mikazuki Augus: Dealt 1 damage to: Gundam Barbatos Adapt and Silver Bullet (reduced by 3)

Battle initiated

Kiraya

Battle declared: Gundam Barbatos Adapt against Silver Bullet

buttsoup

No blockers available

Action step

buttsoup

Passed

Kiraya

Passed

Battle started: Gundam Barbatos Adapt against Silver Bullet

buttsoup

Silver Bullet received 4 damage, now destroyed

Kiraya

Gundam Barbatos Adapt received 4 damage, now destroyed

Battle ended

Turn end phase started

buttsoup

Passed

Kiraya

Passed

Turn ended!

Turn 23 started!

Turn end phase started

Kiraya

Passed

buttsoup

Passed

Turn ended!

Turn 24 started!

Kiraya

Played base: Axis

Shield card added to hand

Battle initiated

Kiraya

Battle declared: Gundam Gusion Rebake against Enemy Player

buttsoup

No blockers available

Action step

buttsoup

Passed

Kiraya

Passed

Battle started: Gundam Gusion Rebake against Argama

buttsoup

Argama received 3 damage, now destroyed

Battle ended

Battle initiated

Kiraya

Battle declared: Strike Freedom Gundam against Enemy Player

buttsoup

No blockers available

Action step

buttsoup

Passed

Kiraya

Passed

Battle started: Strike Freedom Gundam against Enemy Shield

buttsoup

Shield card: Gundam Lfrith revealed and discarded

Battle ended

Kiraya

Gundam Barbatos Lupus deployed

Hyakuren deployed

Turn end phase started

buttsoup

Passed

Kiraya

Passed

Turn ended!

Turn 25 started!

Turn end phase started

Kiraya

Winner!

Game ended!