Mobile Suit Arena - Battle logs
Game started!

Kiraya

Choose to play second

Choose to keep starting hand

Roy Taric

Choose to keep starting hand

Turn 1 started!

Turn end phase started

Kiraya

Passed

Roy Taric

Passed

Turn ended!

Turn 2 started!

Kiraya

Graze Custom deployed

Turn end phase started

Roy Taric

Passed

Kiraya

Passed

Turn ended!

Turn 3 started!

Roy Taric

Javelin deployed

M1 Astray (Shrike) deployed

No targets for M1 Astray (Shrike)

Turn end phase started

Kiraya

Passed

Roy Taric

Passed

Turn ended!

Turn 4 started!

Kiraya

Hyakuren deployed

Turn end phase started

Roy Taric

Passed

Kiraya

Passed

Turn ended!

Turn 5 started!

Roy Taric

Replaced EX Base base: Vesalius

Shield card added to hand

ReZEL deployed

Turn end phase started

Kiraya

Passed

Roy Taric

Passed

Turn ended!

Turn 6 started!

Battle initiated

Kiraya

Battle declared: Hyakuren against Enemy Player

Roy Taric

No blockers available

Action step

Roy Taric

Passed

Kiraya

Passed

Battle started: Hyakuren against Vesalius

Roy Taric

Vesalius received 4 damage, leaving 1 HP remaining

Battle ended

Battle initiated

Kiraya

Battle declared: Graze Custom against Enemy Player

Roy Taric

No blockers available

Action step

Roy Taric

Passed

Kiraya

Passed

Battle started: Graze Custom against Vesalius

Roy Taric

Vesalius received 2 damage, now destroyed

Battle ended

Kiraya

Hyakuren deployed

Replaced EX Base base: Axis

Shield card added to hand

Turn end phase started

Roy Taric

Passed

Kiraya

Passed

Turn ended!

Turn 7 started!

Roy Taric

Gundam deployed

Linked pilot: Amuro Ray on unit Gundam

Selecting target for Amuro Ray

Rested unit: Hyakuren

Battle initiated

Roy Taric

Battle declared: Javelin against Hyakuren

Kiraya

No blockers available

Action step

Kiraya

Passed

Roy Taric

Passed

Battle started: Javelin against Hyakuren

Kiraya

Hyakuren received 3 damage, now destroyed

Roy Taric

Javelin received 4 damage, now destroyed

Battle ended

Battle initiated

Roy Taric

Battle declared: ReZEL against Graze Custom

Kiraya

No blockers available

Action step

Kiraya

Passed

Roy Taric

Passed

Battle started: ReZEL against Graze Custom

Kiraya

Graze Custom received 5 damage, now destroyed

Roy Taric

ReZEL received 2 damage, leaving 1 HP remaining

Battle ended

Battle initiated

Roy Taric

Battle declared: Gundam against Hyakuren

Kiraya

No blockers available

Action step

Kiraya

Passed

Roy Taric

Passed

Battle started: Gundam against Hyakuren

Kiraya

Hyakuren received 6 damage, now destroyed

Roy Taric

Gundam received 4 damage, leaving 1 HP remaining

Battle ended

Battle initiated

Roy Taric

Battle declared: M1 Astray (Shrike) against Enemy Player

Kiraya

No blockers available

Action step

Kiraya

Passed

Roy Taric

Passed

Battle started: M1 Astray (Shrike) against Axis

Kiraya

Axis received 2 damage, leaving 4 HP remaining

Battle ended

Turn end phase started

Kiraya

Passed

Roy Taric

Passed

Gundam repaired 2 from [Repair 2]

Turn ended!

Turn 8 started!

Kiraya

Gundam Gusion Rebake deployed

Selecting target for Gundam Gusion Rebake

Gundam Gusion Rebake: Dealt 1 damage to: Gundam Gusion Rebake and ReZEL

Turn end phase started

Roy Taric

Passed

Kiraya

Passed

Turn ended!

Turn 9 started!

Roy Taric

Aegis Gundam (MA Mode) deployed

Linked pilot: Athrun Zala on unit Aegis Gundam (MA Mode)

Battle initiated

Roy Taric

Battle declared: Aegis Gundam (MA Mode) against Gundam Gusion Rebake

Kiraya

No blockers available

Action step

Kiraya

Passed

Roy Taric

Passed

Battle started: Aegis Gundam (MA Mode) against Gundam Gusion Rebake

Kiraya

Gundam Gusion Rebake received 5 damage, now destroyed

Roy Taric

Aegis Gundam (MA Mode) received 3 damage, leaving 3 HP remaining

Kiraya

Breach 3: : Axis received 3 damage, leaving 1 HP remaining

Battle ended

Battle initiated

Roy Taric

Battle declared: M1 Astray (Shrike) against Enemy Player

Kiraya

No blockers available

Action step

Kiraya

Passed

Roy Taric

Passed

Battle started: M1 Astray (Shrike) against Axis

Kiraya

Axis received 2 damage, now destroyed

Battle ended

Battle initiated

Roy Taric

Battle declared: Gundam against Enemy Player

Kiraya

No blockers available

Action step

Kiraya

Passed

Roy Taric

Passed

Battle started: Gundam against Enemy Shield

Kiraya

Shield card: Mikazuki Augus revealed

Shield card added to hand: Mikazuki Augus

Battle ended

Turn end phase started

Kiraya

Passed

Roy Taric

Passed

Gundam repaired 2 from [Repair 2]

Turn ended!

Turn 10 started!

Kiraya

Played command: Widespread Annihilation

Widespread Annihilation: destroyed M1 Astray (Shrike), Gundam and Aegis Gundam (MA Mode)

Turn end phase started

Roy Taric

Passed

Kiraya

Passed

Turn ended!

Turn 11 started!

Roy Taric

Played base: Vesalius

Shield card added to hand

Javelin deployed

Gundam Virsago deployed

Turn end phase started

Kiraya

Passed

Roy Taric

Passed

Turn ended!

Turn 12 started!

Kiraya

Gundam Gusion Rebake deployed

Selecting target for Gundam Gusion Rebake

Gundam Gusion Rebake: Dealt 1 damage to: Gundam Gusion Rebake and Javelin

Gundam Barbatos Adapt deployed

Selecting target for Gundam Barbatos Adapt

Gundam Barbatos Adapt: Dealt 1 damage to: Gundam Barbatos Adapt and Javelin

Turn end phase started

Roy Taric

Passed

Kiraya

Passed

Turn ended!

Turn 13 started!

Roy Taric

Aegis Gundam (MA Mode) deployed

Linked pilot: Athrun Zala on unit Aegis Gundam (MA Mode)

Battle initiated

Roy Taric

Battle declared: Aegis Gundam (MA Mode) against Gundam Gusion Rebake

Kiraya

No blockers available

Action step

Kiraya

Passed

Roy Taric

Passed

Battle started: Aegis Gundam (MA Mode) against Gundam Gusion Rebake

Kiraya

Gundam Gusion Rebake received 4 damage, now destroyed

Roy Taric

Aegis Gundam (MA Mode) received 3 damage, leaving 3 HP remaining

Kiraya

Breach 3 Shield card: A Show of Resolve revealed and discarded

Battle ended

Battle initiated

Roy Taric

Battle declared: Gundam Virsago against Enemy Player

Kiraya

No blockers available

Action step

Kiraya

Passed

Roy Taric

Passed

Battle started: Gundam Virsago against Enemy Shield

Kiraya

Shield card: Strike Rouge (Ootori) revealed and discarded

Battle ended

Roy Taric

M1 Astray (Shrike) deployed

No targets for M1 Astray (Shrike)

Turn end phase started

Kiraya

Passed

Roy Taric

Passed

Turn ended!

Turn 14 started!

Battle initiated

Kiraya

Battle declared: Gundam Barbatos Adapt against Aegis Gundam (MA Mode)

Roy Taric

No blockers available

Action step

Roy Taric

Passed

Kiraya

Passed

Battle started: Gundam Barbatos Adapt against Aegis Gundam (MA Mode)

Roy Taric

Aegis Gundam (MA Mode) received 2 damage, leaving 1 HP remaining

Kiraya

Gundam Barbatos Adapt received 4 damage, now destroyed

Battle ended

Kiraya

Gundam Barbatos 1st Form deployed

Linked pilot: Mikazuki Augus on unit Gundam Barbatos 1st Form

Selecting target for Mikazuki Augus

Mikazuki Augus: Dealt 1 damage to: Gundam Barbatos 1st Form and Aegis Gundam (MA Mode)

Battle initiated

Kiraya

Battle declared: Gundam Barbatos 1st Form against Gundam Virsago

Gundam Barbatos 1st Form: Draw a card

Roy Taric

No blockers available

Action step

Roy Taric

Passed

Kiraya

Passed

Battle started: Gundam Barbatos 1st Form against Gundam Virsago

Roy Taric

Gundam Virsago received 5 damage, now destroyed

Kiraya

Gundam Barbatos 1st Form received 4 damage, now destroyed

Battle ended

Kiraya

Played base: Axis

Shield card added to hand

Strike Rouge (Ootori) deployed

Turn end phase started

Roy Taric

Passed

Kiraya

Passed

Turn ended!

Turn 15 started!

Kiraya

Winner!

Game ended!