Mobile Suit Arena - Battle logs
Game started!

Kiraya

Choose to play second

Bench

Choose to keep starting hand

Kiraya

Choose to mulligan starting hand

Turn 1 started!

Turn end phase started

Kiraya

Passed

Bench

Passed

Turn ended!

Turn 2 started!

Turn end phase started

Bench

Passed

Kiraya

Passed

Turn ended!

Turn 3 started!

Bench

Played command: Overflowing Affection

Overflowing Affection: Draw 2 cards

Selecting target for Overflowing Affection

Strike Rouge (Ootori) discarded

Turn end phase started

Kiraya

Passed

Bench

Passed

Turn ended!

Turn 4 started!

Kiraya

Graze Custom deployed

Turn end phase started

Bench

Passed

Kiraya

Passed

Turn ended!

Turn 5 started!

Bench

Gundam Lfrith deployed

Replaced EX Base base: Archangel

Shield card added to hand

Turn end phase started

Kiraya

Passed

Bench

Passed

Turn ended!

Turn 6 started!

Kiraya

Gundam Barbatos 1st Form deployed

Turn end phase started

Bench

Passed

Kiraya

Passed

Turn ended!

Turn 7 started!

Bench

Strike Rouge (Ootori) deployed

Paired pilot: Amuro Ray on unit Strike Rouge (Ootori)

Selecting target for Amuro Ray

Rested unit: Gundam Barbatos 1st Form

Battle initiated

Bench

Battle declared: Gundam Lfrith against Gundam Barbatos 1st Form

Kiraya

No blockers available

Action step

Kiraya

Passed

Bench

Passed

Battle started: Gundam Lfrith against Gundam Barbatos 1st Form

Kiraya

Gundam Barbatos 1st Form received 2 damage, now destroyed

Bench

Gundam Lfrith received 3 damage, leaving 1 HP remaining

Battle ended

Turn end phase started

Kiraya

Passed

Bench

Passed

Turn ended!

Turn 8 started!

Kiraya

Gundam Gusion Rebake deployed

Selecting target for Gundam Gusion Rebake

Gundam Gusion Rebake: Dealt 1 damage to: Gundam Gusion Rebake and Gundam Lfrith

Turn end phase started

Bench

Passed

Kiraya

Passed

Turn ended!

Turn 9 started!

Bench

Strike Rouge (Kira's Unit) deployed

Linked pilot: Kira Yamato on unit Strike Rouge (Kira's Unit)

Kira Yamato: Draw a card

Battle initiated

Bench

Battle declared: Strike Rouge (Kira's Unit) against Enemy Player

Kiraya

Assigned no blocker

Action step

Kiraya

Passed

Bench

Passed

Battle started: Strike Rouge (Kira's Unit) against EX Base

Kiraya

EX Base received 5 damage, now destroyed

Battle ended

Bench

Zowort deployed

Turn end phase started

Kiraya

Passed

Bench

Passed

Turn ended!

Turn 10 started!

Kiraya

Gundam Barbatos Adapt deployed

Selecting target for Gundam Barbatos Adapt

Gundam Barbatos Adapt: Dealt 1 damage to: Gundam Barbatos Adapt and Zowort

Linked pilot: Mikazuki Augus on unit Gundam Barbatos Adapt

Selecting target for Mikazuki Augus

Mikazuki Augus: Dealt 1 damage to: Gundam Barbatos Adapt and Zowort

Turn end phase started

Bench

Passed

Kiraya

Passed

Turn ended!

Turn 11 started!

Battle initiated

Bench

Battle declared: Strike Rouge (Kira's Unit) against Enemy Player

Kiraya

Assigned no blocker

Action step

Kiraya

Passed

Bench

Passed

Battle started: Strike Rouge (Kira's Unit) against Enemy Shield

Kiraya

Shield card: Gundam Barbatos Adapt revealed and discarded

Battle ended

Bench

M1 Astray (Shrike) deployed

No targets for M1 Astray (Shrike)

Turn end phase started

Kiraya

Passed

Bench

Passed

Turn ended!

Turn 12 started!

Battle initiated

Kiraya

Battle declared: Gundam Barbatos Adapt against Enemy Player

Bench

Assigned no blocker

Action step

Bench

Passed

Kiraya

Passed

Battle started: Gundam Barbatos Adapt against Archangel

Bench

Archangel received 4 damage, leaving 1 HP remaining

Battle ended

Battle initiated

Kiraya

Battle declared: Graze Custom against Enemy Player

Bench

Assigned Strike Rouge (Ootori) to block

Action step

Bench

Passed

Kiraya

Passed

Battle started: Graze Custom against Strike Rouge (Ootori)

Bench

Strike Rouge (Ootori) received 2 damage, leaving 3 HP remaining

Kiraya

Graze Custom received 5 damage, now destroyed

Battle ended

Kiraya

Played command: Widespread Annihilation

Widespread Annihilation: destroyed Strike Rouge (Ootori), Strike Rouge (Kira's Unit), M1 Astray (Shrike) and Gundam Barbatos Adapt

Battle initiated

Kiraya

Battle declared: Gundam Gusion Rebake against Enemy Player

Bench

No blockers available

Action step

Bench

Passed

Kiraya

Passed

Battle started: Gundam Gusion Rebake against Archangel

Bench

Archangel received 3 damage, now destroyed

Battle ended

Turn end phase started

Bench

Passed

Kiraya

Passed

Turn ended!

Turn 13 started!

Bench

Played base: Argama

Shield card added to hand

Aile Strike Gundam deployed

Turn end phase started

Kiraya

Passed

Bench

Passed

Turn ended!

Turn 14 started!

Kiraya

Strike Freedom Gundam deployed

Selecting target for Strike Freedom Gundam

Strike Freedom Gundam: Modifier applied to: Gundam Gusion Rebake

Strike Freedom Gundam: Modifier applied to: Strike Freedom Gundam

Strike Freedom Gundam: chose Gundam Gusion Rebake and Strike Freedom Gundam

Linked pilot: Kira Yamato on unit Strike Freedom Gundam

Kira Yamato: Draw a card

Played base: Axis

Shield card added to hand

Battle initiated

Kiraya

Battle declared: Strike Freedom Gundam against Enemy Player

Selecting target for Strike Freedom Gundam

Gundam Gusion Rebake and Mikazuki Augus discarded

Selecting target for Strike Freedom Gundam

Bench

Aile Strike Gundam returned to deck

No blockers available

Action step

Bench

Passed

Kiraya

Passed

Battle started: Strike Freedom Gundam against Argama

Bench

Argama received 7 damage, now destroyed

Kiraya

Strike Freedom Gundam: Draw a card

Battle ended

Battle initiated

Kiraya

Battle declared: Gundam Gusion Rebake against Enemy Player

Bench

No blockers available

Action step

Bench

Passed

Kiraya

Passed

Battle started: Gundam Gusion Rebake against Enemy Shield

Bench

Shield card: Amuro Ray revealed

Shield card added to hand: Amuro Ray

Kiraya

Strike Freedom Gundam: Draw a card

Battle ended

Turn end phase started

Bench

Passed

Kiraya

Passed

Turn ended!

Turn 15 started!

Bench

Strike Freedom Gundam deployed

Selecting target for Strike Freedom Gundam

Strike Freedom Gundam: Modifier applied to: Strike Freedom Gundam

Strike Freedom Gundam: chose Strike Freedom Gundam

Linked pilot: Kira Yamato on unit Strike Freedom Gundam

Kira Yamato: Draw a card

Battle initiated

Bench

Battle declared: Strike Freedom Gundam against Strike Freedom Gundam

Selecting target for Strike Freedom Gundam

Amuro Ray and Overflowing Affection discarded

Selecting target for Strike Freedom Gundam

Kiraya

Gundam Gusion Rebake returned to deck

No blockers available

Action step

Kiraya

Passed

Bench

Passed

Battle started: Strike Freedom Gundam against Strike Freedom Gundam

Kiraya

Strike Freedom Gundam received 7 damage, leaving 1 HP remaining

Bench

Strike Freedom Gundam received 7 damage, leaving 1 HP remaining

Battle ended

Turn end phase started

Kiraya

Passed

Bench

Passed

Turn ended!

Turn 16 started!

Kiraya

Winner!

Game ended!