Mobile Suit Arena - Battle logs
Game started!

Kiraya

Choose to play second

Choose to keep starting hand

Direshift

Choose to mulligan starting hand

Turn 1 started!

Turn end phase started

Kiraya

Passed

Direshift

Passed

Turn ended!

Turn 2 started!

Kiraya

Graze Custom deployed

Turn end phase started

Direshift

Passed

Kiraya

Passed

Turn ended!

Turn 3 started!

Direshift

Zoloat (League Militaire) deployed

Turn end phase started

Kiraya

Passed

Direshift

Passed

Turn ended!

Turn 4 started!

Kiraya

Hyakuren deployed

Turn end phase started

Direshift

Passed

Kiraya

Passed

Turn ended!

Turn 5 started!

Direshift

Victory Gundam deployed

Turn end phase started

Kiraya

Passed

Direshift

Passed

Turn ended!

Turn 6 started!

Kiraya

Played command: A Show of Resolve

A Show of Resolve: Draw 2 cards

Turn end phase started

Direshift

Passed

Kiraya

Passed

Turn ended!

Turn 7 started!

Turn end phase started

Kiraya

Passed

Direshift

Passed

Turn ended!

Turn 8 started!

Kiraya

Hyakuren deployed

Gundam Barbatos 1st Form deployed

Turn end phase started

Direshift

Passed

Kiraya

Passed

Turn ended!

Turn 9 started!

Direshift

Silver Bullet deployed

Turn end phase started

Kiraya

Passed

Direshift

Passed

Turn ended!

Turn 10 started!

Kiraya

Gundam Barbatos Adapt deployed

Selecting target for Gundam Barbatos Adapt

Gundam Barbatos Adapt: Dealt 1 damage to: Gundam Barbatos 1st Form and Zoloat (League Militaire)

Gundam Barbatos Adapt deployed

Selecting target for Gundam Barbatos Adapt

Gundam Barbatos Adapt: Dealt 1 damage to: Gundam Barbatos Adapt and Zoloat (League Militaire)

Battle initiated

Kiraya

Battle declared: Hyakuren against Enemy Player

Direshift

Assigned no blocker

Action step

Direshift

Passed

Kiraya

Passed

Battle started: Hyakuren against EX Base

Direshift

EX Base received 4 damage, now destroyed

Battle ended

Battle initiated

Kiraya

Battle declared: Hyakuren against Enemy Player

Direshift

Assigned no blocker

Action step

Direshift

Passed

Kiraya

Passed

Battle started: Hyakuren against Enemy Shield

Direshift

Shield card: Victory Gundam revealed and discarded

Battle ended

Battle initiated

Kiraya

Battle declared: Gundam Barbatos 1st Form against Enemy Player

Gundam Barbatos 1st Form: Draw a card

Direshift

Assigned Silver Bullet to block

Action step

Direshift

Passed

Kiraya

Passed

Battle started: Gundam Barbatos 1st Form against Silver Bullet

Direshift

Silver Bullet received 3 damage, leaving 1 HP remaining

Kiraya

Gundam Barbatos 1st Form received 4 damage, now destroyed

Battle ended

Kiraya

M1 Astray (Shrike) deployed

Selecting target for M1 Astray (Shrike)

M1 Astray (Shrike): Dealt 1 damage to Silver Bullet, reduced by 3, leaving 1 HP remaining

Battle initiated

Kiraya

Battle declared: Graze Custom against Silver Bullet

Direshift

No blockers available

Action step

Direshift

Passed

Kiraya

Passed

Battle started: Graze Custom against Silver Bullet

Direshift

Silver Bullet received 2 damage, now destroyed

Kiraya

Graze Custom received 4 damage, now destroyed

Battle ended

Turn end phase started

Direshift

Passed

Kiraya

Passed

Turn ended!

Turn 11 started!

Direshift

V-Dash Gundam deployed

Linked pilot: Üso Ewin on unit V-Dash Gundam

Parts deployed

Activated: V-Dash Gundam

Rested unit: Parts

Selecting target for V-Dash Gundam

Rested unit: Gundam Barbatos Adapt

Battle initiated

Direshift

Battle declared: Victory Gundam against Hyakuren

Kiraya

No blockers available

Action step

Kiraya

Passed

Direshift

Passed

Battle started: Victory Gundam against Hyakuren

Kiraya

Hyakuren received 3 damage, now destroyed

Direshift

Victory Gundam received 4 damage, now destroyed

Parts deployed

Battle ended

Battle initiated

Direshift

Battle declared: V-Dash Gundam against Gundam Barbatos Adapt

Kiraya

No blockers available

Action step

Kiraya

Passed

Direshift

Passed

Battle started: V-Dash Gundam against Gundam Barbatos Adapt

Kiraya

Gundam Barbatos Adapt received 6 damage, now destroyed

Direshift

V-Dash Gundam received 2 damage, leaving 4 HP remaining

Kiraya

Breach 3: : EX Base received 3 damage, now destroyed

Battle ended

Turn end phase started

Kiraya

Passed

Direshift

Passed

Turn ended!

Turn 12 started!

Kiraya

Gundam Barbatos Adapt deployed

Selecting target for Gundam Barbatos Adapt

Gundam Barbatos Adapt: Dealt 1 damage to: Gundam Barbatos Adapt and Parts

Gundam Gusion Rebake deployed

Selecting target for Gundam Gusion Rebake

Gundam Gusion Rebake: Dealt 1 damage to: Gundam Gusion Rebake and Parts

Battle initiated

Kiraya

Battle declared: Hyakuren against V-Dash Gundam

Direshift

No blockers available

Action step

Direshift

Passed

Kiraya

Passed

Battle started: Hyakuren against V-Dash Gundam

Direshift

V-Dash Gundam received 4 damage, now destroyed

Kiraya

Hyakuren received 6 damage, now destroyed

Battle ended

Battle initiated

Kiraya

Battle declared: M1 Astray (Shrike) against Enemy Player

Direshift

No blockers available

Action step

Direshift

Passed

Kiraya

Passed

Battle started: M1 Astray (Shrike) against Enemy Shield

Direshift

Shield card: Strike Freedom Gundam revealed and discarded

Battle ended

Battle initiated

Kiraya

Battle declared: Gundam Barbatos Adapt against Enemy Player

Direshift

No blockers available

Action step

Direshift

Passed

Kiraya

Passed

Battle started: Gundam Barbatos Adapt against Enemy Shield

Direshift

Shield card: Rick Dias revealed and discarded

Battle ended

Turn end phase started

Direshift

Passed

Kiraya

Passed

Turn ended!

Turn 13 started!

Direshift

Aile Strike Gundam deployed

Linked pilot: Kira Yamato on unit Aile Strike Gundam

Selecting target for Aile Strike Gundam

Kiraya

Gundam Gusion Rebake returned to hand

Battle initiated

Direshift

Battle declared: Aile Strike Gundam against Gundam Barbatos Adapt

Selecting target for Kira Yamato

Kira Yamato: Modifier applied to: Gundam Barbatos Adapt

Kiraya

No blockers available

Action step

Kiraya

Passed

Direshift

Passed

Battle started: Aile Strike Gundam against Gundam Barbatos Adapt

Kiraya

Gundam Barbatos Adapt received 6 damage, now destroyed

Direshift

Aile Strike Gundam received 0 damage, leaving 5 HP remaining

Battle ended

Turn end phase started

Kiraya

Passed

Direshift

Passed

Turn ended!

Turn 14 started!

Kiraya

Gundam Barbatos Lupus deployed

Activated: Gundam Barbatos Lupus

Gundam Barbatos Adapt, Hyakuren and Gundam Barbatos Adapt exiled from the game

Selecting target for Gundam Barbatos Lupus

Gundam Barbatos Lupus: Dealt 2 damage to Aile Strike Gundam, leaving 3 HP remaining

Activated: Gundam Barbatos Lupus

Gundam Barbatos 1st Form, Graze Custom and Hyakuren exiled from the game

Selecting target for Gundam Barbatos Lupus

Gundam Barbatos Lupus: Dealt 2 damage to Aile Strike Gundam, leaving 1 HP remaining

Battle initiated

Kiraya

Battle declared: M1 Astray (Shrike) against Aile Strike Gundam

Direshift

No blockers available

Action step

Direshift

Passed

Kiraya

Passed

Battle started: M1 Astray (Shrike) against Aile Strike Gundam

Direshift

Aile Strike Gundam received 1 damage, now destroyed

Kiraya

M1 Astray (Shrike) received 6 damage, now destroyed

Battle ended

Battle initiated

Kiraya

Battle declared: Gundam Barbatos Adapt against Enemy Player

Direshift

No blockers available

Action step

Direshift

Passed

Kiraya

Passed

Battle started: Gundam Barbatos Adapt against Enemy Shield

Direshift

Shield card: Kira Yamato revealed

Shield card added to hand: Kira Yamato

Battle ended

Kiraya

Graze Custom deployed

Turn end phase started

Direshift

Passed

Kiraya

Passed

Turn ended!

Turn 15 started!

Direshift

Aile Strike Gundam deployed

Linked pilot: Kira Yamato on unit Aile Strike Gundam

Selecting target for Aile Strike Gundam

Kiraya

Graze Custom returned to hand

Battle initiated

Direshift

Battle declared: Aile Strike Gundam against Gundam Barbatos Adapt

Selecting target for Kira Yamato

Kira Yamato: Modifier applied to: Gundam Barbatos Adapt

Kiraya

No blockers available

Action step

Kiraya

Passed

Direshift

Passed

Battle started: Aile Strike Gundam against Gundam Barbatos Adapt

Kiraya

Gundam Barbatos Adapt received 6 damage, now destroyed

Direshift

Aile Strike Gundam received 0 damage, leaving 5 HP remaining

Battle ended

Direshift

Silver Bullet deployed

Turn end phase started

Kiraya

Passed

Direshift

Passed

Turn ended!

Turn 16 started!

Battle initiated

Kiraya

Battle declared: Gundam Barbatos Lupus against Aile Strike Gundam

Direshift

Assigned no blocker

Action step

Direshift

Passed

Kiraya

Passed

Battle started: Gundam Barbatos Lupus against Aile Strike Gundam

Direshift

Aile Strike Gundam received 5 damage, now destroyed

Kiraya

Gundam Barbatos Lupus received 6 damage, now destroyed

Battle ended

Kiraya

Gundam Gusion Rebake deployed

Selecting target for Gundam Gusion Rebake

Gundam Gusion Rebake: Dealt 1 damage to: Gundam Gusion Rebake and Silver Bullet (reduced by 3)

Strike Rouge (Ootori) deployed

Graze Custom deployed

Turn end phase started

Direshift

Passed

Kiraya

Passed

Turn ended!

Turn 17 started!

Direshift

V-Dash Gundam deployed

V-Dash Gundam deployed

Activated: V-Dash Gundam

Rested unit: V-Dash Gundam

Selecting target for V-Dash Gundam

Rested unit: Strike Rouge (Ootori)

Battle initiated

Direshift

Battle declared: Silver Bullet against Strike Rouge (Ootori)

Kiraya

Assigned no blocker

Action step

Kiraya

Passed

Direshift

Passed

Battle started: Silver Bullet against Strike Rouge (Ootori)

Kiraya

Strike Rouge (Ootori) received 4 damage, now destroyed

Direshift

Silver Bullet received 3 damage, leaving 1 HP remaining

Battle ended

Turn end phase started

Kiraya

Passed

Direshift

Passed

Turn ended!

Turn 18 started!

Kiraya

Gundam Gusion Rebake deployed

Selecting target for Gundam Gusion Rebake

Gundam Gusion Rebake: Dealt 1 damage to: Graze Custom and V-Dash Gundam

Battle initiated

Kiraya

Battle declared: Graze Custom against Silver Bullet

Direshift

No blockers available

Action step

Direshift

Played action: Unforeseen Incident

Unforeseen Incident: Modifier applied to: Graze Custom

Kiraya

Passed

Direshift

Passed

Kiraya

Battle started: Graze Custom against Silver Bullet

Direshift

Silver Bullet received 0 damage, leaving 1 HP remaining

Kiraya

Graze Custom received 4 damage, now destroyed

Battle ended

Kiraya

Strike Rouge (Ootori) deployed

Turn end phase started

Direshift

Passed

Kiraya

Passed

Turn ended!

Turn 19 started!

Direshift

Played command: Overflowing Affection

Overflowing Affection: Draw 2 cards

Selecting target for Overflowing Affection

Kira Yamato discarded

Played base: Reineforce Jr.

Shield card added to hand

Parts deployed

Activated: V-Dash Gundam

Rested unit: Parts

Selecting target for V-Dash Gundam

Rested unit: Strike Rouge (Ootori)

Victory Gundam deployed

Activated: V-Dash Gundam

Rested unit: Victory Gundam

Selecting target for V-Dash Gundam

Rested unit: Gundam Gusion Rebake

Battle initiated

Direshift

Battle declared: V-Dash Gundam against Gundam Gusion Rebake

Kiraya

Assigned no blocker

Action step

Kiraya

Passed

Direshift

Passed

Battle started: V-Dash Gundam against Gundam Gusion Rebake

Kiraya

Gundam Gusion Rebake received 4 damage, now destroyed

Direshift

V-Dash Gundam received 3 damage, leaving 1 HP remaining

Kiraya

Breach 3 Shield card: Gundam Exia Repair revealed and discarded

Battle ended

Battle initiated

Direshift

Battle declared: V-Dash Gundam against Strike Rouge (Ootori)

Kiraya

Assigned no blocker

Action step

Kiraya

Passed

Direshift

Passed

Battle started: V-Dash Gundam against Strike Rouge (Ootori)

Kiraya

Strike Rouge (Ootori) received 4 damage, now destroyed

Direshift

V-Dash Gundam received 3 damage, leaving 2 HP remaining

Kiraya

Breach 3 Shield card: Gundam Gusion Rebake revealed and discarded

Battle ended

Direshift

Gundam Lfrith deployed

Turn end phase started

Kiraya

Passed

Direshift

Passed

Turn ended!

Turn 20 started!

Kiraya

Played command: Widespread Annihilation

Widespread Annihilation: destroyed Parts, Victory Gundam and Gundam Lfrith

Direshift

Parts deployed

Kiraya

M1 Astray (Shrike) deployed

Selecting target for M1 Astray (Shrike)

M1 Astray (Shrike): Dealt 1 damage to V-Dash Gundam, now destroyed

Turn end phase started

Direshift

Passed

Kiraya

Passed

Turn ended!

Turn 21 started!

Direshift

Linked pilot: Üso Ewin on unit V-Dash Gundam

Parts deployed

Activated: V-Dash Gundam

Rested unit: Parts

Selecting target for V-Dash Gundam

Rested unit: M1 Astray (Shrike)

Battle initiated

Direshift

Battle declared: V-Dash Gundam against M1 Astray (Shrike)

Kiraya

Assigned Gundam Gusion Rebake to block

Action step

Kiraya

Passed

Direshift

Passed

Battle started: V-Dash Gundam against Gundam Gusion Rebake

Kiraya

Gundam Gusion Rebake received 6 damage, now destroyed

Direshift

V-Dash Gundam received 3 damage, now destroyed

Kiraya

Breach 3 Shield card: Gundam Barbatos 1st Form revealed and discarded

Battle ended

Turn end phase started

Kiraya

Passed

Direshift

Passed

Turn ended!

Turn 22 started!

Kiraya

Played command: Widespread Annihilation

Widespread Annihilation: destroyed Parts, Parts and M1 Astray (Shrike)

Turn end phase started

Direshift

Passed

Kiraya

Passed

Turn ended!

Turn 23 started!

Direshift

Played command: Overflowing Affection

Overflowing Affection: Draw 2 cards

Selecting target for Overflowing Affection

Zoloat (League Militaire) discarded

Replaced Reineforce Jr. base: Argama

Shield card added to hand

Freedom Gundam deployed

Linked pilot: Kira Yamato on unit Freedom Gundam

Kira Yamato: Draw a card

No targets for Freedom Gundam

Battle initiated

Direshift

Battle declared: Silver Bullet against Enemy Player

Kiraya

No blockers available

Action step

Kiraya

Passed

Direshift

Passed

Battle started: Silver Bullet against Enemy Shield

Kiraya

Shield card: Axis revealed

Played base: Axis

Shield card added to hand

Battle ended

Direshift

Zoloat (League Militaire) deployed

Turn end phase started

Kiraya

Passed

Direshift

Passed

Turn ended!

Turn 24 started!

Kiraya

Gundam Barbatos 1st Form deployed

Linked pilot: Mikazuki Augus on unit Gundam Barbatos 1st Form

Selecting target for Mikazuki Augus

Mikazuki Augus: Dealt 1 damage to: Gundam Barbatos 1st Form and Zoloat (League Militaire)

Battle initiated

Kiraya

Battle declared: Gundam Barbatos 1st Form against Silver Bullet

Gundam Barbatos 1st Form: Draw a card

Direshift

Assigned Zoloat (League Militaire) to block

Action step

Direshift

Passed

Kiraya

Passed

Battle started: Gundam Barbatos 1st Form against Zoloat (League Militaire)

Direshift

Zoloat (League Militaire) received 5 damage, now destroyed

Kiraya

Gundam Barbatos 1st Form received 3 damage, now destroyed

Battle ended

Kiraya

Strike Freedom Gundam deployed

Selecting target for Strike Freedom Gundam

Strike Freedom Gundam: Modifier applied to: Strike Freedom Gundam

Strike Freedom Gundam: chose Strike Freedom Gundam

Linked pilot: Kira Yamato on unit Strike Freedom Gundam

Kira Yamato: Draw a card

Battle initiated

Kiraya

Battle declared: Strike Freedom Gundam against Enemy Player

Direshift

Assigned Freedom Gundam to block

Action step

Direshift

Passed

Kiraya

Passed

Battle started: Strike Freedom Gundam against Freedom Gundam

Direshift

Freedom Gundam received 7 damage, leaving 1 HP remaining

Kiraya

Strike Freedom Gundam received 6 damage, leaving 2 HP remaining

Battle ended

Turn end phase started

Direshift

Passed

Kiraya

Passed

Turn ended!

Turn 25 started!

Direshift

Played command: A Show of Resolve

A Show of Resolve: Draw 2 cards

Battle initiated

Direshift

Battle declared: Freedom Gundam against Strike Freedom Gundam

Kiraya

No blockers available

Action step

Kiraya

Passed

Direshift

Passed

Battle started: Freedom Gundam against Strike Freedom Gundam

Kiraya

Strike Freedom Gundam received 6 damage, now destroyed

Direshift

Freedom Gundam received 7 damage, now destroyed

Battle ended

Direshift

Victory Gundam deployed

Zoloat (League Militaire) deployed

Turn end phase started

Kiraya

Passed

Direshift

Passed

Turn ended!

Turn 26 started!

Kiraya

Hyakuren deployed

Turn end phase started

Direshift

Passed

Kiraya

Passed

Turn ended!

Turn 27 started!

Direshift

Replaced Argama base: Reineforce Jr.

No more Shield cards to add to hand

Parts deployed

Battle initiated

Direshift

Battle declared: Victory Gundam against Enemy Player

Victory Gundam: Draw a card

Kiraya

No blockers available

Action step

Kiraya

Passed

Direshift

Passed

Battle started: Victory Gundam against Axis

Kiraya

Axis received 3 damage, leaving 3 HP remaining

Battle ended

Turn end phase started

Kiraya

Passed

Direshift

Passed

Turn ended!

Turn 28 started!

Kiraya

Gundam Barbatos 1st Form deployed

Linked pilot: Mikazuki Augus on unit Gundam Barbatos 1st Form

Selecting target for Mikazuki Augus

Mikazuki Augus: Dealt 1 damage to: Gundam Barbatos 1st Form and Parts

Battle initiated

Kiraya

Battle declared: Gundam Barbatos 1st Form against Enemy Player

Gundam Barbatos 1st Form: Draw a card

Direshift

Assigned Zoloat (League Militaire) to block

Action step

Direshift

Passed

Kiraya

Passed

Battle started: Gundam Barbatos 1st Form against Zoloat (League Militaire)

Direshift

Zoloat (League Militaire) received 5 damage, now destroyed

Kiraya

Gundam Barbatos 1st Form received 3 damage, now destroyed

Battle ended

Battle initiated

Kiraya

Battle declared: Hyakuren against Victory Gundam

Direshift

Assigned no blocker

Action step

Direshift

Passed

Kiraya

Passed

Battle started: Hyakuren against Victory Gundam

Direshift

Victory Gundam received 4 damage, now destroyed

Kiraya

Hyakuren received 3 damage, now destroyed

Battle ended

Kiraya

Gundam Gusion Rebake deployed

Selecting target for Gundam Gusion Rebake

Gundam Gusion Rebake: Dealt 1 damage to: Gundam Gusion Rebake and Silver Bullet (reduced by 3)

Turn end phase started

Direshift

Passed

Kiraya

Passed

Turn ended!

Turn 29 started!

Battle initiated

Direshift

Battle declared: Silver Bullet against Enemy Player

Kiraya

Assigned no blocker

Action step

Kiraya

Passed

Direshift

Passed

Battle started: Silver Bullet against Axis

Kiraya

Axis received 4 damage, now destroyed

Battle ended

Direshift

Played command: Overflowing Affection

Overflowing Affection: Draw 2 cards

Selecting target for Overflowing Affection

Gundam Lfrith discarded

Freedom Gundam deployed

Turn end phase started

Kiraya

Passed

Direshift

Passed

Turn ended!

Turn 30 started!

Kiraya

Played command: A Show of Resolve

A Show of Resolve: Draw 2 cards

Played base: Axis

Shield card added to hand

Strike Freedom Gundam deployed

Selecting target for Strike Freedom Gundam

Strike Freedom Gundam: Modifier applied to: Gundam Gusion Rebake

Strike Freedom Gundam: Modifier applied to: Strike Freedom Gundam

Strike Freedom Gundam: chose Gundam Gusion Rebake and Strike Freedom Gundam

Turn end phase started

Direshift

Passed

Kiraya

Passed

Turn ended!

Turn 31 started!

Direshift

Gundam Lfrith deployed

Battle initiated

Direshift

Battle declared: Freedom Gundam against Enemy Player

Kiraya

Assigned no blocker

Action step

Kiraya

Passed

Direshift

Passed

Battle started: Freedom Gundam against Axis

Kiraya

Axis received 4 damage, leaving 2 HP remaining

Battle ended

Turn end phase started

Kiraya

Passed

Direshift

Passed

Turn ended!

Turn 32 started!

Kiraya

Gundam Barbatos Lupus deployed

Activated: Gundam Barbatos Lupus

Gundam Barbatos 1st Form, Gundam Barbatos 1st Form and Hyakuren exiled from the game

Selecting target for Gundam Barbatos Lupus

Gundam Barbatos Lupus: Dealt 2 damage to Freedom Gundam, leaving 4 HP remaining

Activated: Gundam Barbatos Lupus

Gundam Gusion Rebake, Gundam Gusion Rebake and Gundam Barbatos 1st Form exiled from the game

Selecting target for Gundam Barbatos Lupus

Gundam Barbatos Lupus: Dealt 2 damage to Freedom Gundam, leaving 2 HP remaining

Activated: Gundam Barbatos Lupus

Gundam Barbatos Lupus, Graze Custom and Gundam Gusion Rebake exiled from the game

Selecting target for Gundam Barbatos Lupus

Gundam Barbatos Lupus: Dealt 2 damage to Freedom Gundam, now destroyed

Linked pilot: Mikazuki Augus on unit Gundam Barbatos Lupus

Selecting target for Mikazuki Augus

Mikazuki Augus: Dealt 1 damage to: Gundam Gusion Rebake and Gundam Lfrith

Battle initiated

Kiraya

Battle declared: Gundam Barbatos Lupus against Enemy Player

Direshift

Assigned no blocker

Action step

Direshift

Passed

Kiraya

Passed

Battle started: Gundam Barbatos Lupus against Reineforce Jr.

Direshift

Reineforce Jr. received 7 damage, now destroyed

Battle ended

Battle initiated

Kiraya

Battle declared: Strike Freedom Gundam against Enemy Player

Direshift

Assigned Gundam Lfrith to block

Action step

Direshift

Passed

Kiraya

Passed

Battle started: Strike Freedom Gundam against Gundam Lfrith

Direshift

Gundam Lfrith received 5 damage, now destroyed

Kiraya

Strike Freedom Gundam received 2 damage, leaving 4 HP remaining

Battle ended

Battle initiated

Kiraya

Battle declared: Gundam Gusion Rebake against Enemy Player

Direshift

Assigned Silver Bullet to block

Action step

Direshift

Played action: Unforeseen Incident

Unforeseen Incident: Modifier applied to: Gundam Gusion Rebake

Kiraya

Passed

Direshift

Passed

Kiraya

Battle started: Gundam Gusion Rebake against Silver Bullet

Direshift

Silver Bullet received 0 damage, leaving 1 HP remaining

Kiraya

Gundam Gusion Rebake received 4 damage, now destroyed

Battle ended

Turn end phase started

Direshift

Passed

Kiraya

Passed

Turn ended!

Turn 33 started!

Kiraya

Winner!

Game ended!