Mobile Suit Arena - Battle logs
Game started!

Kiraya

Choose to play second

JayVin

Choose to keep starting hand

Kiraya

Choose to mulligan starting hand

Turn 1 started!

JayVin

Played command: Airframe Seizure

Selecting target for Airframe Seizure

Gundam Calibarn discarded

Airframe Seizure: Draw 2 cards

Turn end phase started

Kiraya

Passed

JayVin

Passed

Turn ended!

Turn 2 started!

Kiraya

Graze Custom deployed

Turn end phase started

JayVin

Passed

Kiraya

Passed

Turn ended!

Turn 3 started!

Turn end phase started

Kiraya

Passed

JayVin

Passed

Turn ended!

Turn 4 started!

Kiraya

Hyakuren deployed

Turn end phase started

JayVin

Passed

Kiraya

Passed

Turn ended!

Turn 5 started!

JayVin

Played action: Improved Technique

Improved Technique: Dealt 3 damage to Hyakuren, now destroyed

Turn end phase started

Kiraya

Passed

JayVin

Passed

Turn ended!

Turn 6 started!

Kiraya

Hyakuren deployed

Battle initiated

Kiraya

Battle declared: Graze Custom against Enemy Player

JayVin

No blockers available

Action step

JayVin

Passed

Kiraya

Passed

Battle started: Graze Custom against EX Base

JayVin

EX Base received 2 damage, leaving 1 HP remaining

Battle ended

Kiraya

M1 Astray (Shrike) deployed

No targets for M1 Astray (Shrike)

Turn end phase started

JayVin

Passed

Kiraya

Passed

Turn ended!

Turn 7 started!

JayVin

Michaelis deployed

Battle initiated

JayVin

Battle declared: Michaelis against Graze Custom

Kiraya

No blockers available

Action step

Kiraya

Passed

JayVin

Played action: Darkness Finger

Darkness Finger: Dealt 2 damage to M1 Astray (Shrike), now destroyed

Kiraya

Passed

JayVin

Passed

Battle started: Michaelis against Graze Custom

Kiraya

Graze Custom received 3 damage, now destroyed

JayVin

Michaelis received 2 damage, leaving 1 HP remaining

Battle ended

Turn end phase started

Kiraya

Passed

JayVin

Passed

Turn ended!

Turn 8 started!

Kiraya

Gundam Barbatos Adapt deployed

Selecting target for Gundam Barbatos Adapt

Gundam Barbatos Adapt: Dealt 1 damage to: Gundam Barbatos Adapt and Michaelis

Battle initiated

Kiraya

Battle declared: Hyakuren against Enemy Player

JayVin

No blockers available

Action step

JayVin

Passed

Kiraya

Passed

Battle started: Hyakuren against EX Base

JayVin

EX Base received 4 damage, now destroyed

Battle ended

Kiraya

Graze Custom deployed

Turn end phase started

JayVin

Passed

Kiraya

Passed

Turn ended!

Turn 9 started!

JayVin

Played base: Rewloola

Shield card added to hand

Selecting target for Rewloola

Rewloola: Dealt 1 damage to Hyakuren, leaving 2 HP remaining

Played action: Darkness Finger

Darkness Finger: Dealt 2 damage to Hyakuren, now destroyed

Played action: Close Combat

Close Combat: Dealt 2 damage to Graze Custom, now destroyed

Turn end phase started

Kiraya

Passed

JayVin

Passed

Turn ended!

Turn 10 started!

Kiraya

Strike Rouge (Ootori) deployed

Graze Custom deployed

Battle initiated

Kiraya

Battle declared: Gundam Barbatos Adapt against Enemy Player

JayVin

No blockers available

Action step

JayVin

Passed

Kiraya

Passed

Battle started: Gundam Barbatos Adapt against Rewloola

JayVin

Rewloola received 2 damage, leaving 3 HP remaining

Battle ended

Turn end phase started

JayVin

Passed

Kiraya

Passed

Turn ended!

Turn 11 started!

JayVin

Played action: Overwhelming Pressure

Overwhelming Pressure: Dealt 4 damage to Strike Rouge (Ootori), now destroyed

Turn end phase started

Kiraya

Passed

JayVin

Passed

Turn ended!

Turn 12 started!

Kiraya

Linked pilot: Mikazuki Augus on unit Gundam Barbatos Adapt

Battle initiated

Kiraya

Battle declared: Gundam Barbatos Adapt against Enemy Player

JayVin

No blockers available

Action step

JayVin

Passed

Kiraya

Passed

Battle started: Gundam Barbatos Adapt against Rewloola

JayVin

Rewloola received 4 damage, now destroyed

Battle ended

Battle initiated

Kiraya

Battle declared: Graze Custom against Enemy Player

JayVin

No blockers available

Action step

JayVin

Passed

Kiraya

Passed

Battle started: Graze Custom against Enemy Shield

JayVin

Shield card: Improved Technique revealed

Shield card: Improved Technique moved to trash

Selecting target for Improved Technique

Improved Technique: Dealt 3 damage to Gundam Barbatos Adapt, leaving 1 HP remaining

Battle ended

Kiraya

Strike Rouge (Ootori) deployed

Turn end phase started

JayVin

Passed

Kiraya

Passed

Turn ended!

Turn 13 started!

JayVin

Gundam Aerial Rebuild deployed

Selecting target for Gundam Aerial Rebuild

Card added to hand: Gundam Aerial Rebuild

Played base: Quiet Zero

Shield card added to hand

Played command: Airframe Seizure

Selecting target for Airframe Seizure

Gundam Aerial Rebuild discarded

Airframe Seizure: Draw 2 cards

Turn end phase started

Kiraya

Passed

JayVin

Passed

Turn ended!

Turn 14 started!

Battle initiated

Kiraya

Battle declared: Gundam Barbatos Adapt against Enemy Player

JayVin

No blockers available

Action step

JayVin

Passed

Kiraya

Passed

Battle started: Gundam Barbatos Adapt against Quiet Zero

JayVin

Quiet Zero received 4 damage, leaving 2 HP remaining

Battle ended

Kiraya

Gundam Barbatos Adapt deployed

Selecting target for Gundam Barbatos Adapt

Gundam Barbatos Adapt: Dealt 1 damage to: Gundam Barbatos Adapt and Gundam Aerial Rebuild

Battle initiated

Kiraya

Battle declared: Graze Custom against Enemy Player

JayVin

No blockers available

Action step

JayVin

Passed

Kiraya

Passed

Battle started: Graze Custom against Quiet Zero

JayVin

Quiet Zero received 2 damage, now destroyed

Battle ended

Kiraya

Gundam Flauros (Ryusei-Go) deployed

No targets for Gundam Flauros (Ryusei-Go)

Turn end phase started

JayVin

Passed

Kiraya

Passed

Turn ended!

Turn 15 started!

Kiraya

Winner!

Game ended!