Mobile Suit Arena - Battle logs
Game started!

Kiraya

Choose to play first

Choose to mulligan starting hand

Hichem

Choose to keep starting hand

Turn 1 started!

Turn end phase started

Hichem

Passed

Kiraya

Passed

Turn ended!

Turn 2 started!

Turn end phase started

Kiraya

Passed

Hichem

Passed

Turn ended!

Turn 3 started!

Kiraya

Graze Custom deployed

Turn end phase started

Hichem

Passed

Kiraya

Passed

Turn ended!

Turn 4 started!

Hichem

DINN deployed

Turn end phase started

Kiraya

Passed

Hichem

Passed

Turn ended!

Turn 5 started!

Kiraya

Hyakuren deployed

Battle initiated

Kiraya

Battle declared: Graze Custom against Enemy Player

Hichem

No blockers available

Action step

Hichem

Passed

Kiraya

Passed

Battle started: Graze Custom against EX Base

Hichem

EX Base received 2 damage, leaving 1 HP remaining

Battle ended

Kiraya

Replaced EX Base base: Isaribi

Shield card added to hand

Turn end phase started

Hichem

Passed

Kiraya

Passed

Turn ended!

Turn 6 started!

Hichem

Aegis Gundam deployed

Battle initiated

Hichem

Battle declared: DINN against Enemy Player

Kiraya

No blockers available

Action step

Kiraya

Passed

Hichem

Passed

Battle started: DINN against Isaribi

Kiraya

Isaribi received 3 damage, leaving 2 HP remaining

Battle ended

Turn end phase started

Kiraya

Passed

Hichem

Passed

Turn ended!

Turn 7 started!

Battle initiated

Kiraya

Battle declared: Graze Custom against Enemy Player

Hichem

No blockers available

Action step

Hichem

Passed

Kiraya

Passed

Battle started: Graze Custom against EX Base

Hichem

EX Base received 2 damage, now destroyed

Battle ended

Battle initiated

Kiraya

Battle declared: Hyakuren against Enemy Player

Hichem

No blockers available

Action step

Hichem

Passed

Kiraya

Passed

Battle started: Hyakuren against Enemy Shield

Hichem

Shield card: Destiny Gundam revealed and discarded

Battle ended

Kiraya

Hyakuren deployed

Turn end phase started

Hichem

Passed

Kiraya

Passed

Turn ended!

Turn 8 started!

Hichem

Played base: Vesalius

Shield card added to hand

Duel Gundam (Assault Shroud) deployed

Battle initiated

Hichem

Battle declared: Aegis Gundam against Graze Custom

Kiraya

No blockers available

Action step

Kiraya

Passed

Hichem

Passed

Battle started: Aegis Gundam against Graze Custom

Kiraya

Graze Custom received 4 damage, now destroyed

Hichem

Aegis Gundam received 2 damage, leaving 1 HP remaining

Battle ended

Battle initiated

Hichem

Battle declared: DINN against Hyakuren

Kiraya

No blockers available

Action step

Kiraya

Passed

Hichem

Passed

Battle started: DINN against Hyakuren

Kiraya

Hyakuren received 3 damage, now destroyed

Hichem

DINN received 4 damage, now destroyed

Battle ended

Turn end phase started

Kiraya

Passed

Hichem

Passed

Turn ended!

Turn 9 started!

Kiraya

Gundam Gusion Rebake deployed

Selecting target for Gundam Gusion Rebake

Gundam Gusion Rebake: Dealt 1 damage to: Gundam Gusion Rebake and Aegis Gundam

Paired pilot: Zeheart Galette on unit Hyakuren

Zeheart Galette milled 2: Mikazuki Augus and Gundam Barbatos Adapt moved to trash

Battle initiated

Kiraya

Battle declared: Hyakuren against Enemy Player

Hichem

No blockers available

Action step

Hichem

Passed

Kiraya

Passed

Battle started: Hyakuren against Vesalius

Hichem

Vesalius received 6 damage, now destroyed

Battle ended

Turn end phase started

Hichem

Passed

Kiraya

Passed

Turn ended!

Turn 10 started!

Hichem

Duel Gundam (Assault Shroud) deployed

Paired pilot: Athrun Zala on unit Duel Gundam (Assault Shroud)

Selecting target for Duel Gundam (Assault Shroud)

Impulse Gundam deployed

Returned to deck bottom

Turn end phase started

Kiraya

Passed

Hichem

Passed

Turn ended!

Turn 11 started!

Battle initiated

Kiraya

Battle declared: Hyakuren against Enemy Player

Hichem

No blockers available

Action step

Hichem

Passed

Kiraya

Passed

Battle started: Hyakuren against Enemy Shield

Hichem

Shield card: Yzak Jule revealed

Shield card added to hand: Yzak Jule

Battle ended

Kiraya

Gundam Flauros (Ryusei-Go) deployed

No targets for Gundam Flauros (Ryusei-Go)

Graze Custom deployed

Linked pilot: Mikazuki Augus on unit Gundam Flauros (Ryusei-Go)

Selecting target for Mikazuki Augus

Mikazuki Augus: Dealt 1 damage to: Graze Custom and Duel Gundam (Assault Shroud)

Battle initiated

Kiraya

Battle declared: Gundam Flauros (Ryusei-Go) against Enemy Player

No targets for Gundam Flauros (Ryusei-Go)

Hichem

No blockers available

Action step

Hichem

Passed

Kiraya

Passed

Battle started: Gundam Flauros (Ryusei-Go) against Enemy Shield

Hichem

Shield card: The Magic Bullet of Dusk revealed and discarded

Battle ended

Turn end phase started

Hichem

Passed

Kiraya

Passed

Turn ended!

Turn 12 started!

Hichem

Linked pilot: Yzak Jule on unit Duel Gundam (Assault Shroud)

Selecting target for Duel Gundam (Assault Shroud)

Impulse Gundam deployed

Returned to deck bottom

Blitz Gundam deployed

Selecting target for Blitz Gundam

Blitz Gundam: Modifier applied to: Duel Gundam (Assault Shroud)

Battle initiated

Hichem

Battle declared: Duel Gundam (Assault Shroud) against Gundam Flauros (Ryusei-Go)

Kiraya

Assigned Gundam Gusion Rebake to block

Action step

Kiraya

Passed

Hichem

Passed

Battle started: Duel Gundam (Assault Shroud) against Gundam Gusion Rebake

Kiraya

Gundam Gusion Rebake received 5 damage, now destroyed

Hichem

Damage prevented

Duel Gundam (Assault Shroud) received 0 damage, leaving 4 HP remaining

Battle ended

Battle initiated

Hichem

Battle declared: Impulse Gundam against Gundam Flauros (Ryusei-Go)

Kiraya

No blockers available

Action step

Kiraya

Passed

Hichem

Played action: Eliminate Target

Eliminate Target: destroyed Mikazuki Augus

Kiraya

Passed

Hichem

Passed

Battle started: Impulse Gundam against Gundam Flauros (Ryusei-Go)

Kiraya

Gundam Flauros (Ryusei-Go) received 3 damage, now destroyed

Hichem

Impulse Gundam received 5 damage, now destroyed

Battle ended

Battle initiated

Hichem

Battle declared: Duel Gundam (Assault Shroud) against Hyakuren

Kiraya

No blockers available

Action step

Kiraya

Passed

Hichem

Played action: Eliminate Target

Eliminate Target: destroyed Zeheart Galette

Kiraya

Passed

Hichem

Passed

Battle started: Duel Gundam (Assault Shroud) against Hyakuren

Kiraya

Hyakuren received 5 damage, now destroyed

Hichem

Duel Gundam (Assault Shroud) received 4 damage, leaving 2 HP remaining

Battle ended

Turn end phase started

Kiraya

Passed

Hichem

Passed

Turn ended!

Turn 13 started!

Kiraya

Gundam Barbatos Lupus deployed

Activated: Gundam Barbatos Lupus

Hyakuren, Gundam Flauros (Ryusei-Go) and Hyakuren exiled from the game

Selecting target for Gundam Barbatos Lupus

Gundam Barbatos Lupus: Dealt 2 damage to Duel Gundam (Assault Shroud), now destroyed

Activated: Isaribi

Rested base: Isaribi

Isaribi: Modifier applied to: Graze Custom

Battle initiated

Kiraya

Battle declared: Graze Custom against Duel Gundam (Assault Shroud)

Hichem

No blockers available

Action step

Hichem

Passed

Kiraya

Passed

Battle started: Graze Custom against Duel Gundam (Assault Shroud)

Hichem

Duel Gundam (Assault Shroud) received 4 damage, now destroyed

Kiraya

Graze Custom received 5 damage, now destroyed

Battle ended

Turn end phase started

Hichem

Passed

Kiraya

Passed

Turn ended!

Turn 14 started!

Hichem

Providence Gundam deployed

Impulse Gundam deployed

Battle initiated

Hichem

Battle declared: Impulse Gundam against Enemy Player

Kiraya

No blockers available

Action step

Kiraya

Passed

Hichem

Passed

Battle started: Impulse Gundam against Isaribi

Kiraya

Isaribi received 3 damage, now destroyed

Battle ended

Battle initiated

Hichem

Battle declared: Blitz Gundam against Enemy Player

Kiraya

No blockers available

Action step

Kiraya

Passed

Hichem

Passed

Battle started: Blitz Gundam against Enemy Shield

Kiraya

Shield card: Graze Custom revealed and discarded

Battle ended

Turn end phase started

Kiraya

Passed

Hichem

Passed

Turn ended!

Turn 15 started!

Kiraya

Ryusei-Go (Graze Custom Ⅱ) deployed

Selecting target for Ryusei-Go (Graze Custom Ⅱ)

Ryusei-Go (Graze Custom Ⅱ): Dealt 1 damage to Ryusei-Go (Graze Custom Ⅱ), leaving 1 HP remaining

Ryusei-Go (Graze Custom Ⅱ): Draw a card

Selecting target for Ryusei-Go (Graze Custom Ⅱ)

Gundam Barbatos Lupus discarded

Battle initiated

Kiraya

Battle declared: Gundam Barbatos Lupus against Impulse Gundam

Hichem

No blockers available

Action step

Hichem

Passed

Kiraya

Passed

Battle started: Gundam Barbatos Lupus against Impulse Gundam

Hichem

Impulse Gundam received 5 damage, now destroyed

Kiraya

Gundam Barbatos Lupus received 3 damage, leaving 2 HP remaining

Battle ended

Kiraya

Gundam Barbatos Lupus deployed

Activated: Gundam Barbatos Lupus

Gundam Gusion Rebake, Graze Custom and Gundam Barbatos Lupus exiled from the game

Selecting target for Gundam Barbatos Lupus

Gundam Barbatos Lupus: Dealt 2 damage to Blitz Gundam, leaving 1 HP remaining

Activated: Gundam Barbatos Lupus

Graze Custom, Gundam Barbatos Adapt and Graze Custom exiled from the game

Selecting target for Gundam Barbatos Lupus

Gundam Barbatos Lupus: Dealt 2 damage to Blitz Gundam, now destroyed

Turn end phase started

Hichem

Passed

Kiraya

Passed

Turn ended!

Turn 16 started!

Hichem

Played base: Jachin Due

Shield card added to hand

Selecting target for Jachin Due

Jachin Due: Modifier applied to: Providence Gundam

Blitz Gundam deployed

Selecting target for Blitz Gundam

Blitz Gundam: Modifier applied to: Providence Gundam

Force Impulse Gundam deployed

Battle initiated

Hichem

Battle declared: Providence Gundam against Gundam Barbatos Lupus

Selecting target for Providence Gundam

Providence Gundam: Dealt 2 damage to Ryusei-Go (Graze Custom Ⅱ), now destroyed

Kiraya

No blockers available

Action step

Kiraya

Passed

Hichem

Passed

Battle started: Providence Gundam against Gundam Barbatos Lupus

Kiraya

Gundam Barbatos Lupus received 8 damage, now destroyed

Hichem

Damage prevented

Providence Gundam received 0 damage, leaving 5 HP remaining

Battle ended

Battle initiated

Hichem

Battle declared: Impulse Gundam against Enemy Player

Kiraya

No blockers available

Action step

Kiraya

Passed

Hichem

Passed

Battle started: Impulse Gundam against Enemy Shield

Kiraya

Shield card: Darkness Finger revealed

Shield card: Darkness Finger moved to trash

Selecting target for Darkness Finger

Darkness Finger: Dealt 2 damage to Blitz Gundam, leaving 1 HP remaining

Battle ended

Turn end phase started

Kiraya

Passed

Hichem

Passed

Turn ended!

Turn 17 started!

Kiraya

Gundam Flauros (Ryusei-Go) deployed

No targets for Gundam Flauros (Ryusei-Go)

Shiden Custom (Ryusei-Go) deployed

Linked pilot: Mikazuki Augus on unit Gundam Flauros (Ryusei-Go)

Selecting target for Mikazuki Augus

Mikazuki Augus: Dealt 1 damage to: Gundam Barbatos Lupus and Blitz Gundam

Battle initiated

Kiraya

Battle declared: Gundam Barbatos Lupus against Providence Gundam

Hichem

No blockers available

Action step

Hichem

Passed

Kiraya

Passed

Battle started: Gundam Barbatos Lupus against Providence Gundam

Hichem

Providence Gundam received 5 damage, now destroyed

Kiraya

Gundam Barbatos Lupus received 5 damage, now destroyed

Battle ended

Battle initiated

Kiraya

Battle declared: Gundam Flauros (Ryusei-Go) against Enemy Player

No targets for Gundam Flauros (Ryusei-Go)

Hichem

No blockers available

Action step

Hichem

Passed

Kiraya

Passed

Battle started: Gundam Flauros (Ryusei-Go) against Jachin Due

Hichem

Jachin Due received 7 damage, now destroyed

Battle ended

Turn end phase started

Hichem

Passed

Kiraya

Passed

Turn ended!

Turn 18 started!

Hichem

Destiny Gundam deployed

Battle initiated

Hichem

Battle declared: Force Impulse Gundam against Enemy Player

Kiraya

Assigned no blocker

Action step

Kiraya

Passed

Hichem

Passed

Battle started: Force Impulse Gundam against Enemy Shield

Kiraya

Shield card: Graze Custom revealed and discarded

Battle ended

Battle initiated

Hichem

Battle declared: Impulse Gundam against Enemy Player

Kiraya

Assigned Shiden Custom (Ryusei-Go) to block

Action step

Kiraya

Passed

Hichem

Passed

Battle started: Impulse Gundam against Shiden Custom (Ryusei-Go)

Kiraya

Shiden Custom (Ryusei-Go) received 3 damage, now destroyed

Hichem

Impulse Gundam received 4 damage, now destroyed

Battle ended

Turn end phase started

Kiraya

Passed

Hichem

Passed

Turn ended!

Turn 19 started!

Battle initiated

Kiraya

Battle declared: Gundam Flauros (Ryusei-Go) against Force Impulse Gundam

No targets for Gundam Flauros (Ryusei-Go)

Hichem

No blockers available

Action step

Hichem

Passed

Kiraya

Passed

Battle started: Gundam Flauros (Ryusei-Go) against Force Impulse Gundam

Hichem

Force Impulse Gundam received 7 damage, now destroyed

Kiraya

Gundam Flauros (Ryusei-Go) received 3 damage, leaving 1 HP remaining

Battle ended

Turn end phase started

Hichem

Passed

Kiraya

Passed

Turn ended!

Turn 20 started!

Battle initiated

Hichem

Battle declared: Destiny Gundam against Gundam Flauros (Ryusei-Go)

Kiraya

No blockers available

Action step

Kiraya

Passed

Hichem

Passed

Battle started: Destiny Gundam against Gundam Flauros (Ryusei-Go)

Kiraya

Gundam Flauros (Ryusei-Go) received 5 damage, now destroyed

Hichem

Damage prevented

Destiny Gundam received 0 damage, leaving 6 HP remaining

Battle ended

Hichem

Aegis Gundam (MA Mode) deployed

Turn end phase started

Kiraya

Passed

Hichem

Passed

Turn ended!

Turn 21 started!

Kiraya

Gundam Barbatos Adapt deployed

Selecting target for Gundam Barbatos Adapt

Gundam Barbatos Adapt: Dealt 1 damage to: Gundam Barbatos Adapt and Destiny Gundam

Paired pilot: Zeheart Galette on unit Gundam Barbatos Adapt

Zeheart Galette milled 2: Gundam Gusion Rebake and Gundam Barbatos 1st Form moved to trash

Turn end phase started

Hichem

Passed

Kiraya

Passed

Turn ended!

Turn 22 started!

Hichem

Blast Impulse Gundam deployed

Battle initiated

Hichem

Battle declared: Destiny Gundam against Enemy Player

Kiraya

No blockers available

Action step

Kiraya

Passed

Hichem

Passed

Battle started: Destiny Gundam against Enemy Shield

Kiraya

Shield card: Gundam Barbatos Adapt revealed and discarded

Battle ended

Battle initiated

Hichem

Battle declared: Aegis Gundam (MA Mode) against Enemy Player

Kiraya

No blockers available

Action step

Kiraya

Passed

Hichem

Passed

Battle started: Aegis Gundam (MA Mode) against Enemy Shield

Kiraya

Shield card: Ryusei-Go (Graze Custom Ⅱ) revealed and discarded

Battle ended

Turn end phase started

Kiraya

Passed

Hichem

Passed

Turn ended!

Turn 23 started!

Battle initiated

Kiraya

Battle declared: Gundam Barbatos Adapt against Aegis Gundam (MA Mode)

Hichem

Assigned Blast Impulse Gundam to block

Action step

Hichem

Passed

Kiraya

Passed

Battle started: Gundam Barbatos Adapt against Blast Impulse Gundam

Hichem

Blast Impulse Gundam received 4 damage, now destroyed

Kiraya

Gundam Barbatos Adapt received 5 damage, now destroyed

Battle ended

Kiraya

Shiden Custom (Ryusei-Go) deployed

Turn end phase started

Hichem

Passed

Kiraya

Passed

Turn ended!

Turn 24 started!

Hichem

Duel Gundam (Assault Shroud) deployed

Paired pilot: Miguel Ayman on unit Duel Gundam (Assault Shroud)

Selecting target for Duel Gundam (Assault Shroud)

Blitz Gundam deployed

Returned to deck bottom

Selecting target for Blitz Gundam

Blitz Gundam: Modifier applied to: Destiny Gundam

Battle initiated

Hichem

Battle declared: Destiny Gundam against Enemy Player

Kiraya

Assigned Shiden Custom (Ryusei-Go) to block

Action step

Kiraya

Passed

Hichem

Passed

Battle started: Destiny Gundam against Shiden Custom (Ryusei-Go)

Kiraya

Shiden Custom (Ryusei-Go) received 5 damage, now destroyed

Hichem

Damage prevented

Destiny Gundam received 0 damage, leaving 5 HP remaining

Battle ended

Battle initiated

Hichem

Battle declared: Aegis Gundam (MA Mode) against Enemy Player

Kiraya

No blockers available

Action step

Kiraya

Passed

Hichem

Passed

Battle started: Aegis Gundam (MA Mode) against Enemy Player

Kiraya

No more shields available, game is over!

Hichem

Winner!

Game ended!