Mobile Suit Arena - Battle logs
Game started!

Kiraya

Choose to play second

dajematti

Choose to keep starting hand

Kiraya

Choose to keep starting hand

Turn 1 started!

dajematti

Played command: Airframe Seizure

Selecting target for Airframe Seizure

Shining Gundam discarded

Airframe Seizure: Draw 2 cards

Turn end phase started

Kiraya

Passed

dajematti

Passed

Turn ended!

Turn 2 started!

Kiraya

Gundam Exia Repair deployed

Turn end phase started

dajematti

Passed

Kiraya

Passed

Turn ended!

Turn 3 started!

Turn end phase started

Kiraya

Passed

dajematti

Passed

Turn ended!

Turn 4 started!

Battle initiated

Kiraya

Battle declared: Gundam Exia Repair against Enemy Player

dajematti

No blockers available

Action step

dajematti

Passed

Kiraya

Passed

Battle started: Gundam Exia Repair against EX Base

dajematti

EX Base received 2 damage, leaving 1 HP remaining

Battle ended

Turn end phase started

dajematti

Passed

Kiraya

Passed

Turn ended!

Turn 5 started!

dajematti

Gundam Maxter deployed

Turn end phase started

Kiraya

Passed

dajematti

Passed

Turn ended!

Turn 6 started!

Kiraya

Played action: Darkness Finger

Darkness Finger: Dealt 2 damage to Gundam Maxter, now destroyed

Battle initiated

Kiraya

Battle declared: Gundam Exia Repair against Enemy Player

dajematti

No blockers available

Action step

dajematti

Passed

Kiraya

Passed

Battle started: Gundam Exia Repair against EX Base

dajematti

EX Base received 2 damage, now destroyed

Battle ended

Kiraya

Replaced EX Base base: Minerva

Shield card added to hand

Selecting target for Minerva

Turn end phase started

dajematti

Passed

Kiraya

Passed

Turn ended!

Turn 7 started!

dajematti

Rising Gundam deployed

Linked pilot: Domon Kasshu on unit Rising Gundam

Selecting target for Rising Gundam

Already rested unit: Gundam Exia Repair

Domon Kasshu: Draw a card

Selecting target for Domon Kasshu

Rising Gundam discarded

Battle initiated

dajematti

Battle declared: Rising Gundam against Enemy Player

Kiraya

No blockers available

Action step

Kiraya

Passed

dajematti

Passed

Battle started: Rising Gundam against Minerva

Kiraya

Minerva received 6 damage, now destroyed

Battle ended

Turn end phase started

Kiraya

Played action: Darkness Finger

Darkness Finger: Dealt 2 damage to Rising Gundam, leaving 2 HP remaining

dajematti

Passed

Kiraya

Passed

dajematti

Turn ended!

Turn 8 started!

Kiraya

Gundam Barbatos 1st Form deployed

Gundam Barbatos Adapt deployed

Selecting target for Gundam Barbatos Adapt

Gundam Barbatos Adapt: Dealt 1 damage to: Gundam Barbatos 1st Form and Rising Gundam

Linked pilot: Mikazuki Augus on unit Gundam Barbatos 1st Form

Selecting target for Mikazuki Augus

Mikazuki Augus: Dealt 1 damage to: Gundam Barbatos Adapt and Rising Gundam

Battle initiated

Kiraya

Battle declared: Gundam Exia Repair against Enemy Player

dajematti

No blockers available

Action step

dajematti

Passed

Kiraya

Passed

Battle started: Gundam Exia Repair against Enemy Shield

dajematti

Shield card: Cyclone Punch revealed and discarded

Battle ended

Battle initiated

Kiraya

Battle declared: Gundam Barbatos 1st Form against Enemy Player

Gundam Barbatos 1st Form: Draw a card

dajematti

No blockers available

Action step

dajematti

Passed

Kiraya

Passed

Battle started: Gundam Barbatos 1st Form against Enemy Shield

dajematti

Shield card: Gundam Fight revealed

Played base: Gundam Fight

Shield card added to hand

Battle ended

Turn end phase started

dajematti

Passed

Kiraya

Passed

Turn ended!

Turn 9 started!

dajematti

Shining Gundam deployed

Selecting target for Shining Gundam

Shining Gundam and Rising Gundam exiled from the game

Selecting target for Shining Gundam

Cyclone Punch returned to hand

Linked pilot: Domon Kasshu on unit Shining Gundam

Domon Kasshu: Draw a card

Selecting target for Domon Kasshu

Cyclone Punch discarded

Selecting target for Domon Kasshu

Selecting target for Cyclone Punch

Cyclone Punch: Modifier applied to: Gundam Barbatos 1st Form

Battle initiated

dajematti

Battle declared: Shining Gundam against Gundam Barbatos 1st Form

Shining Gundam: 1 resource set as active

Kiraya

No blockers available

Action step

Kiraya

Passed

dajematti

Passed

Battle started: Shining Gundam against Gundam Barbatos 1st Form

Kiraya

Gundam Barbatos 1st Form received 5 damage, now destroyed

dajematti

Shining Gundam received 3 damage, leaving 2 HP remaining

Battle ended

dajematti

Played command: Overflowing Affection

Overflowing Affection: Draw 2 cards

Selecting target for Overflowing Affection

Master Gundam discarded

Played command: Overflowing Affection

Overflowing Affection: Draw 2 cards

Selecting target for Overflowing Affection

Cyclone Punch discarded

Turn end phase started

Kiraya

Passed

dajematti

Passed

Turn ended!

Turn 10 started!

Kiraya

Gundam Gusion Rebake deployed

Selecting target for Gundam Gusion Rebake

Gundam Gusion Rebake: Dealt 1 damage to: Gundam Gusion Rebake and Shining Gundam

Paired pilot: Mikazuki Augus on unit Gundam Gusion Rebake

Selecting target for Mikazuki Augus

Mikazuki Augus: Dealt 1 damage to: Gundam Barbatos Adapt and Shining Gundam

Turn end phase started

dajematti

Passed

Kiraya

Passed

Turn ended!

Turn 11 started!

dajematti

Shining Gundam deployed

Selecting target for Shining Gundam

Gundam Maxter and Rising Gundam exiled from the game

Selecting target for Shining Gundam

Cyclone Punch returned to hand

Shining Gundam deployed

Selecting target for Shining Gundam

Master Gundam and Shining Gundam exiled from the game

Selecting target for Shining Gundam

Cyclone Punch returned to hand

Turn end phase started

Kiraya

Passed

dajematti

Passed

Turn ended!

Turn 12 started!

Battle initiated

Kiraya

Battle declared: Gundam Gusion Rebake against Enemy Player

dajematti

No blockers available

Action step

dajematti

Passed

Kiraya

Passed

Battle started: Gundam Gusion Rebake against Gundam Fight

dajematti

Gundam Fight received 5 damage, now destroyed

Battle ended

Battle initiated

Kiraya

Battle declared: Gundam Exia Repair against Enemy Player

dajematti

No blockers available

Action step

dajematti

Passed

Kiraya

Passed

Battle started: Gundam Exia Repair against Enemy Shield

dajematti

Shield card: Master Asia revealed

Shield card added to hand: Master Asia

Battle ended

Battle initiated

Kiraya

Battle declared: Gundam Barbatos Adapt against Enemy Player

dajematti

No blockers available

Action step

dajematti

Passed

Kiraya

Passed

Battle started: Gundam Barbatos Adapt against Enemy Shield

dajematti

Shield card: Gundam Fight revealed

Played base: Gundam Fight

Shield card added to hand

Battle ended

Kiraya

Shiden Custom (Ryusei-Go) deployed

Graze Custom deployed

Gundam Barbatos Adapt deployed

Selecting target for Gundam Barbatos Adapt

Gundam Barbatos Adapt: Dealt 1 damage to: Gundam Barbatos Adapt and Shining Gundam

Turn end phase started

dajematti

Passed

Kiraya

Passed

Turn ended!

Turn 13 started!

dajematti

Master Gundam deployed

Linked pilot: Domon Kasshu on unit Shining Gundam

Domon Kasshu: Draw a card

Selecting target for Domon Kasshu

Cyclone Punch discarded

Selecting target for Domon Kasshu

Selecting target for Cyclone Punch

Cyclone Punch: Modifier applied to: Gundam Gusion Rebake

Selecting target for Cyclone Punch

Paired pilot: Chibodee Crocket on unit Shining Gundam

Battle initiated

dajematti

Battle declared: Shining Gundam against Gundam Gusion Rebake

Shining Gundam: 1 resource set as active

Kiraya

Assigned no blocker

Action step

Kiraya

Passed

dajematti

Passed

Battle started: Shining Gundam against Gundam Gusion Rebake

Kiraya

Gundam Gusion Rebake received 5 damage, now destroyed

dajematti

Shining Gundam received 3 damage, leaving 2 HP remaining

Battle ended

dajematti

Linked pilot: Master Asia on unit Master Gundam

Battle initiated

dajematti

Battle declared: Master Gundam against Gundam Exia Repair

Selecting target for Master Asia

Master Gundam: Dealt 2 damage to Graze Custom, now destroyed

Kiraya

Assigned no blocker

Action step

Kiraya

Passed

dajematti

Passed

Battle started: Master Gundam against Gundam Exia Repair

Kiraya

Gundam Exia Repair received 7 damage, now destroyed

dajematti

Master Gundam received 2 damage, leaving 5 HP remaining

Kiraya

Gundam Exia Repair milled 2: Hyakuren and Shiden Custom (Ryusei-Go) moved to trash

Battle ended

dajematti

Played command: Cyclone Punch

Cyclone Punch: Modifier applied to: Gundam Barbatos Adapt

Battle initiated

dajematti

Battle declared: Shining Gundam against Gundam Barbatos Adapt

Shining Gundam: 1 resource set as active

Kiraya

Assigned Shiden Custom (Ryusei-Go) to block

Action step

Kiraya

Passed

dajematti

Passed

Battle started: Shining Gundam against Shiden Custom (Ryusei-Go)

Kiraya

Shiden Custom (Ryusei-Go) received 4 damage, now destroyed

dajematti

Shining Gundam received 4 damage, now destroyed

Battle ended

dajematti

Played command: Airframe Seizure

Selecting target for Airframe Seizure

Gundam Maxter discarded

Airframe Seizure: Draw 2 cards

Turn end phase started

Kiraya

Passed

dajematti

Passed

Turn ended!

Turn 14 started!

Kiraya

Played command: Airframe Seizure

Selecting target for Airframe Seizure

Gundam Flauros (Ryusei-Go) discarded

Airframe Seizure: Draw 2 cards

Played base: Isaribi

Shield card added to hand

Paired pilot: Zeheart Galette on unit Gundam Barbatos Adapt

Zeheart Galette milled 2: Gundam Barbatos Lupus and Airframe Seizure moved to trash

Hyakuren deployed

Activated: Isaribi

Rested base: Isaribi

Isaribi: Modifier applied to: Gundam Barbatos Adapt