Mobile Suit Arena - Battle logs
Game started!

WanChin

Choose to play second

Choose to mulligan starting hand

Kiraya

Choose to keep starting hand

Turn 1 started!

Turn end phase started

WanChin

Passed

Kiraya

Passed

Turn ended!

Turn 2 started!

WanChin

Played command: Airframe Seizure

Selecting target for Airframe Seizure

Gaia Gundam (MA Mode) discarded

Airframe Seizure: Draw 2 cards

Turn end phase started

Kiraya

Passed

WanChin

Passed

Turn ended!

Turn 3 started!

Kiraya

Graze Custom deployed

Graze Custom deployed

Turn end phase started

WanChin

Passed

Kiraya

Passed

Turn ended!

Turn 4 started!

WanChin

Chaos Gundam deployed

Linked pilot: Sting Oakley on unit Chaos Gundam

Battle initiated

WanChin

Battle declared: Chaos Gundam against Enemy Player

Selecting target for Chaos Gundam

Chaos Gundam: Modifier applied to: Chaos Gundam

Kiraya

Can't block High-maneuver

Action step

Kiraya

Passed

WanChin

Passed

Battle started: Chaos Gundam against EX Base

Kiraya

EX Base received 5 damage, now destroyed

Battle ended

Turn end phase started

Kiraya

Passed

WanChin

Passed

Turn ended!

Turn 5 started!

Kiraya

Played base: Minerva

Shield card added to hand

Selecting target for Minerva

Battle initiated

Kiraya

Battle declared: Graze Custom against Enemy Player

WanChin

No blockers available

Action step

WanChin

Passed

Kiraya

Passed

Battle started: Graze Custom against EX Base

WanChin

EX Base received 2 damage, leaving 1 HP remaining

Battle ended

Battle initiated

Kiraya

Battle declared: Graze Custom against Enemy Player

WanChin

No blockers available

Action step

WanChin

Passed

Kiraya

Passed

Battle started: Graze Custom against EX Base

WanChin

EX Base received 2 damage, now destroyed

Battle ended

Kiraya

Hyakuren deployed

Turn end phase started

WanChin

Passed

Kiraya

Passed

Turn ended!

Turn 6 started!

Battle initiated

WanChin

Battle declared: Chaos Gundam against Graze Custom

Selecting target for Chaos Gundam

Chaos Gundam: Modifier applied to: Chaos Gundam

Kiraya

Can't block High-maneuver

Action step

Kiraya

Passed

WanChin

Passed

Battle started: Chaos Gundam against Graze Custom

Kiraya

Graze Custom received 5 damage, now destroyed

WanChin

Chaos Gundam received 2 damage, leaving 1 HP remaining

Battle ended

Turn end phase started

Kiraya

Passed

WanChin

Passed

Turn ended!

Turn 7 started!

Kiraya

Gundam Barbatos Adapt deployed

Selecting target for Gundam Barbatos Adapt

Gundam Barbatos Adapt: Dealt 1 damage to: Gundam Barbatos Adapt and Chaos Gundam

Battle initiated

Kiraya

Battle declared: Graze Custom against Enemy Player

WanChin

No blockers available

Action step

WanChin

Passed

Kiraya

Passed

Battle started: Graze Custom against Enemy Shield

WanChin

Shield card: Chaos Gundam (MA Mode) revealed and discarded

Battle ended

Battle initiated

Kiraya

Battle declared: Hyakuren against Enemy Player

WanChin

No blockers available

Action step

WanChin

Passed

Kiraya

Passed

Battle started: Hyakuren against Enemy Shield

WanChin

Shield card: Gaia Gundam revealed and discarded

Battle ended

Turn end phase started

WanChin

Passed

Kiraya

Passed

Turn ended!

Turn 8 started!

WanChin

Chaos Gundam (MA Mode) deployed

Linked pilot: Sting Oakley on unit Chaos Gundam (MA Mode)

Battle initiated

WanChin

Battle declared: Chaos Gundam (MA Mode) against Graze Custom

Kiraya

No blockers available

Action step

Kiraya

Played action: Darkness Finger

Darkness Finger: Dealt 2 damage to Chaos Gundam (MA Mode), leaving 3 HP remaining

WanChin

Passed

Kiraya

Passed

WanChin

Battle started: Chaos Gundam (MA Mode) against Graze Custom

Kiraya

Graze Custom received 4 damage, now destroyed

WanChin

Chaos Gundam (MA Mode) received 2 damage, leaving 1 HP remaining

Kiraya

Breach 3: : Minerva received 3 damage, leaving 2 HP remaining

Battle ended

Turn end phase started

Kiraya

Passed

WanChin

Passed

Turn ended!

Turn 9 started!

Kiraya

Gundam Gusion Rebake deployed

Selecting target for Gundam Gusion Rebake

Gundam Gusion Rebake: Dealt 1 damage to: Gundam Barbatos Adapt and Chaos Gundam (MA Mode)

Battle initiated

Kiraya

Battle declared: Gundam Barbatos Adapt against Enemy Player

WanChin

No blockers available

Action step

WanChin

Passed

Kiraya

Passed

Battle started: Gundam Barbatos Adapt against Enemy Shield

WanChin

Shield card: Darkness Finger revealed

Shield card: Darkness Finger moved to trash

Selecting target for Darkness Finger

Darkness Finger: Dealt 2 damage to Hyakuren, leaving 1 HP remaining

Battle ended

Battle initiated

Kiraya

Battle declared: Hyakuren against Enemy Player

WanChin

No blockers available

Action step

WanChin

Passed

Kiraya

Passed

Battle started: Hyakuren against Enemy Shield

WanChin

Shield card: Destroy Gundam revealed and discarded

Battle ended

Turn end phase started

WanChin

Passed

Kiraya

Passed

Turn ended!

Turn 10 started!

WanChin

Played action: Darkness Finger

Darkness Finger: Dealt 2 damage to Gundam Barbatos Adapt, now destroyed

Forbidden Gundam deployed

Turn end phase started

Kiraya

Passed

WanChin

Passed

Turn ended!

Turn 11 started!

Battle initiated

Kiraya

Battle declared: Hyakuren against Enemy Player

WanChin

Assigned no blocker

Action step

WanChin

Passed

Kiraya

Passed

Battle started: Hyakuren against Enemy Shield

WanChin

Shield card: Chaos Gundam (MA Mode) revealed and discarded

Battle ended

Kiraya

Gundam Flauros (Ryusei-Go) deployed

No targets for Gundam Flauros (Ryusei-Go)

Hyakuren deployed

Turn end phase started

WanChin

Passed

Kiraya

Passed

Turn ended!

Turn 12 started!

WanChin

GFreD deployed

Activated: GFreD

Sting Oakley exiled from the game

Rested 1 Resource

Dealt 1 damage to: Hyakuren, Gundam Gusion Rebake, Gundam Flauros (Ryusei-Go) and Hyakuren

Battle initiated

WanChin

Battle declared: Forbidden Gundam against Enemy Player

Kiraya

Winner!

Game ended!