Mobile Suit Arena - Battle logs
Game started!

Kiraya

Choose to play first

Chebycheff

Choose to keep starting hand

Kiraya

Choose to mulligan starting hand

Turn 1 started!

Turn end phase started

Chebycheff

Passed

Kiraya

Passed

Turn ended!

Turn 2 started!

Turn end phase started

Kiraya

Passed

Chebycheff

Passed

Turn ended!

Turn 3 started!

Turn end phase started

Chebycheff

Passed

Kiraya

Passed

Turn ended!

Turn 4 started!

Chebycheff

Zoloat (League Militaire) deployed

Turn end phase started

Kiraya

Passed

Chebycheff

Passed

Turn ended!

Turn 5 started!

Kiraya

Hyakuren deployed

Graze Custom deployed

Turn end phase started

Chebycheff

Passed

Kiraya

Passed

Turn ended!

Turn 6 started!

Chebycheff

Victory Gundam deployed

Replaced EX Base base: Reineforce Jr.

Shield card added to hand

Parts deployed

Turn end phase started

Kiraya

Passed

Chebycheff

Passed

Turn ended!

Turn 7 started!

Kiraya

Played action: Darkness Finger

Darkness Finger: Dealt 2 damage to Zoloat (League Militaire), now destroyed

Gundam Barbatos Adapt deployed

Selecting target for Gundam Barbatos Adapt

Gundam Barbatos Adapt: Dealt 1 damage to: Gundam Barbatos Adapt and Parts

Gundam Exia Repair deployed

Battle initiated

Kiraya

Battle declared: Hyakuren against Enemy Player

Chebycheff

No blockers available

Action step

Chebycheff

Passed

Kiraya

Passed

Battle started: Hyakuren against Reineforce Jr.

Chebycheff

Reineforce Jr. received 4 damage, leaving 1 HP remaining

Battle ended

Battle initiated

Kiraya

Battle declared: Graze Custom against Enemy Player

Chebycheff

No blockers available

Action step

Chebycheff

Passed

Kiraya

Passed

Battle started: Graze Custom against Reineforce Jr.

Chebycheff

Reineforce Jr. received 2 damage, now destroyed

Battle ended

Turn end phase started

Chebycheff

Passed

Kiraya

Passed

Turn ended!

Turn 8 started!

Chebycheff

Played command: Overflowing Affection

Overflowing Affection: Draw 2 cards

Selecting target for Overflowing Affection

Riddhe Marcenas discarded

Battle initiated

Chebycheff

Battle declared: Victory Gundam against Hyakuren

Kiraya

No blockers available

Action step

Kiraya

Passed

Chebycheff

Passed

Battle started: Victory Gundam against Hyakuren

Kiraya

Hyakuren received 3 damage, now destroyed

Chebycheff

Victory Gundam received 4 damage, now destroyed

Battle ended

Chebycheff

Zoloat (League Militaire) deployed

Played base: Reineforce Jr.

Shield card added to hand

Parts deployed

Played command: Overflowing Affection

Overflowing Affection: Draw 2 cards

Selecting target for Overflowing Affection

Victory Gundam discarded

Turn end phase started

Kiraya

Passed

Chebycheff

Passed

Turn ended!

Turn 9 started!

Kiraya

Gundam Flauros (Ryusei-Go) deployed

Selecting target for Gundam Flauros (Ryusei-Go)

Battle initiated

Kiraya

Battle declared: Graze Custom against Enemy Player

Chebycheff

No blockers available

Action step

Chebycheff

Passed

Kiraya

Passed

Battle started: Graze Custom against Reineforce Jr.

Chebycheff

Reineforce Jr. received 2 damage, leaving 3 HP remaining

Battle ended

Battle initiated

Kiraya

Battle declared: Gundam Barbatos Adapt against Enemy Player

Chebycheff

No blockers available

Action step

Chebycheff

Passed

Kiraya

Passed

Battle started: Gundam Barbatos Adapt against Reineforce Jr.

Chebycheff

Reineforce Jr. received 2 damage, leaving 1 HP remaining

Battle ended

Battle initiated

Kiraya

Battle declared: Gundam Exia Repair against Enemy Player

Chebycheff

No blockers available

Action step

Chebycheff

Passed

Kiraya

Passed

Battle started: Gundam Exia Repair against Reineforce Jr.

Chebycheff

Reineforce Jr. received 2 damage, now destroyed

Battle ended

Turn end phase started

Chebycheff

Passed

Kiraya

Passed

Turn ended!

Turn 10 started!

Chebycheff

Zoloat (League Militaire) deployed

Strike Rouge (Kira's Unit) deployed

Linked pilot: Kira Yamato on unit Strike Rouge (Kira's Unit)

Kira Yamato: Draw a card

Battle initiated

Chebycheff

Battle declared: Parts against Gundam Exia Repair

Kiraya

No blockers available

Action step

Kiraya

Passed

Chebycheff

Passed

Battle started: Parts against Gundam Exia Repair

Kiraya

Gundam Exia Repair received 1 damage, now destroyed

Chebycheff

Parts received 2 damage, now destroyed

Kiraya

Gundam Exia Repair milled 2: Darkness Finger and Gundam Barbatos 1st Form moved to trash

Battle ended

Battle initiated

Chebycheff

Battle declared: Strike Rouge (Kira's Unit) against Gundam Barbatos Adapt

Kiraya

No blockers available

Action step

Kiraya

Passed

Chebycheff

Passed

Battle started: Strike Rouge (Kira's Unit) against Gundam Barbatos Adapt

Kiraya

Gundam Barbatos Adapt received 5 damage, now destroyed

Chebycheff

Strike Rouge (Kira's Unit) received 2 damage, leaving 4 HP remaining

Battle ended

Turn end phase started

Kiraya

Passed

Chebycheff

Passed

Turn ended!

Turn 11 started!

Battle initiated

Kiraya

Battle declared: Gundam Flauros (Ryusei-Go) against Enemy Player

Selecting target for Gundam Flauros (Ryusei-Go)

Chebycheff

No blockers available

Action step

Chebycheff

Passed

Kiraya

Passed

Battle started: Gundam Flauros (Ryusei-Go) against Enemy Shield

Chebycheff

Shield card: Reineforce Jr. revealed

Played base: Reineforce Jr.

Shield card added to hand

Battle ended

Battle initiated

Kiraya

Battle declared: Graze Custom against Strike Rouge (Kira's Unit)

Chebycheff

No blockers available

Action step

Chebycheff

Passed

Kiraya

Passed

Battle started: Graze Custom against Strike Rouge (Kira's Unit)

Chebycheff

Strike Rouge (Kira's Unit) received 2 damage, leaving 2 HP remaining

Kiraya

Graze Custom received 5 damage, now destroyed

Battle ended

Kiraya

Gundam Gusion Rebake deployed

Selecting target for Gundam Gusion Rebake

Gundam Gusion Rebake: Dealt 1 damage to: Gundam Gusion Rebake and Strike Rouge (Kira's Unit)

Gundam Barbatos Adapt deployed

Selecting target for Gundam Barbatos Adapt

Gundam Barbatos Adapt: Dealt 1 damage to: Gundam Barbatos Adapt and Strike Rouge (Kira's Unit)

Turn end phase started

Chebycheff

Passed

Kiraya

Passed

Turn ended!

Turn 12 started!

Chebycheff

Played command: Overflowing Affection

Overflowing Affection: Draw 2 cards

Selecting target for Overflowing Affection

V-Dash Gundam discarded

Aile Strike Gundam deployed

Paired pilot: Riddhe Marcenas on unit Aile Strike Gundam

Selecting target for Aile Strike Gundam

Kiraya

Gundam Flauros (Ryusei-Go) returned to hand

Turn end phase started

Kiraya

Passed

Chebycheff

Passed

Turn ended!

Turn 13 started!

Kiraya

Replaced EX Base base: Isaribi

Shield card added to hand

Activated: Isaribi

Rested base: Isaribi

Isaribi: Modifier applied to: Gundam Barbatos Adapt

Battle initiated

Kiraya

Battle declared: Gundam Barbatos Adapt against Enemy Player

Chebycheff

Assigned no blocker

Action step

Chebycheff

Passed

Kiraya

Passed

Battle started: Gundam Barbatos Adapt against Reineforce Jr.

Chebycheff

Reineforce Jr. received 4 damage, leaving 1 HP remaining

Battle ended

Kiraya

Gundam Gusion Rebake deployed

Selecting target for Gundam Gusion Rebake

Gundam Gusion Rebake: Dealt 1 damage to: Gundam Barbatos Adapt and Aile Strike Gundam

Hyakuren deployed

Turn end phase started

Chebycheff

Passed

Kiraya

Passed

Turn ended!

Turn 14 started!

Battle initiated

Chebycheff

Battle declared: Aile Strike Gundam against Gundam Barbatos Adapt

Kiraya

Assigned Gundam Gusion Rebake to block

Action step

Kiraya

Passed

Chebycheff

Passed

Battle started: Aile Strike Gundam against Gundam Gusion Rebake

Kiraya

Gundam Gusion Rebake received 5 damage, now destroyed

Chebycheff

Aile Strike Gundam received 3 damage, leaving 2 HP remaining

Battle ended

Chebycheff

Aile Strike Gundam deployed

Strike Rouge (Ootori) deployed

Turn end phase started

Kiraya

Passed

Chebycheff

Passed

Turn ended!

Turn 15 started!

Kiraya

Activated: Isaribi

Rested base: Isaribi

Isaribi: Modifier applied to: Gundam Barbatos Adapt

Battle initiated

Kiraya

Battle declared: Gundam Barbatos Adapt against Aile Strike Gundam

Chebycheff

Assigned no blocker

Action step

Chebycheff

Passed

Kiraya

Passed

Battle started: Gundam Barbatos Adapt against Aile Strike Gundam

Chebycheff

Aile Strike Gundam received 4 damage, now destroyed

Kiraya

Gundam Barbatos Adapt received 5 damage, now destroyed

Battle ended

Kiraya

Gundam Barbatos Lupus deployed

Activated: Gundam Barbatos Lupus

Graze Custom, Gundam Gusion Rebake and Gundam Barbatos Adapt exiled from the game

Selecting target for Gundam Barbatos Lupus

Gundam Barbatos Lupus: Dealt 2 damage to Aile Strike Gundam, leaving 2 HP remaining

Activated: Gundam Barbatos Lupus

Hyakuren, Gundam Barbatos 1st Form and Gundam Barbatos Adapt exiled from the game

Selecting target for Gundam Barbatos Lupus

Gundam Barbatos Lupus: Dealt 2 damage to Aile Strike Gundam, now destroyed

Graze Custom deployed

Turn end phase started

Chebycheff

Passed

Kiraya

Passed

Turn ended!

Turn 16 started!

Chebycheff

Strike Rouge (Ootori) deployed

V-Dash Gundam deployed

Turn end phase started

Kiraya

Passed

Chebycheff

Passed

Turn ended!

Turn 17 started!

Kiraya

Gundam Barbatos Adapt deployed

Selecting target for Gundam Barbatos Adapt

Gundam Barbatos Adapt: Dealt 1 damage to: Graze Custom and V-Dash Gundam

Battle initiated

Kiraya

Battle declared: Hyakuren against Enemy Player

Chebycheff

Assigned Strike Rouge (Ootori) to block

Action step

Chebycheff

Passed

Kiraya

Passed

Battle started: Hyakuren against Strike Rouge (Ootori)

Chebycheff

Strike Rouge (Ootori) received 4 damage, now destroyed

Kiraya

Hyakuren received 3 damage, now destroyed

Battle ended

Kiraya

Activated: Isaribi

Rested base: Isaribi

Isaribi: Modifier applied to: Graze Custom

Battle initiated

Kiraya

Battle declared: Graze Custom against Enemy Player

Chebycheff

Assigned no blocker

Action step

Chebycheff

Passed

Kiraya

Passed

Battle started: Graze Custom against Reineforce Jr.

Chebycheff

Reineforce Jr. received 4 damage, now destroyed

Battle ended

Kiraya

Gundam Flauros (Ryusei-Go) deployed

No targets for Gundam Flauros (Ryusei-Go)

Battle initiated

Kiraya

Battle declared: Gundam Barbatos Lupus against Enemy Player

Chebycheff

Assigned no blocker

Action step

Chebycheff

Passed

Kiraya

Passed

Battle started: Gundam Barbatos Lupus against Enemy Shield

Chebycheff

Shield card: Strike Freedom Gundam revealed and discarded

Battle ended

Battle initiated

Kiraya

Battle declared: Gundam Gusion Rebake against Enemy Player

Chebycheff

Assigned Strike Rouge (Ootori) to block

Action step

Chebycheff

Passed

Kiraya

Passed

Battle started: Gundam Gusion Rebake against Strike Rouge (Ootori)

Chebycheff

Strike Rouge (Ootori) received 3 damage, leaving 1 HP remaining

Kiraya

Gundam Gusion Rebake received 3 damage, leaving 2 HP remaining

Battle ended

Turn end phase started

Chebycheff

Passed

Kiraya

Passed

Turn ended!

Turn 18 started!

Chebycheff

Played base: Reineforce Jr.

Shield card added to hand

Parts deployed

Strike Freedom Gundam deployed

Selecting target for Strike Freedom Gundam

Strike Freedom Gundam: chose V-Dash Gundam and Strike Freedom Gundam

Linked pilot: Kira Yamato on unit Strike Freedom Gundam

Activated: V-Dash Gundam

Rested unit: Parts

Selecting target for V-Dash Gundam

Rested unit: Gundam Flauros (Ryusei-Go)

Battle initiated

Chebycheff

Battle declared: V-Dash Gundam against Gundam Flauros (Ryusei-Go)

Kiraya

No blockers available

Action step

Kiraya

Passed

Chebycheff

Passed

Battle started: V-Dash Gundam against Gundam Flauros (Ryusei-Go)

Kiraya

Gundam Flauros (Ryusei-Go) received 4 damage, now destroyed

Chebycheff

V-Dash Gundam received 5 damage, now destroyed

Kiraya

Breach 3: : Isaribi received 3 damage, leaving 2 HP remaining

Chebycheff

Strike Freedom Gundam: Draw a card

Battle ended

Battle initiated

Chebycheff

Battle declared: Strike Freedom Gundam against Gundam Barbatos Lupus

Selecting target for Strike Freedom Gundam

Victory Gundam and Üso Ewin discarded

Selecting target for Strike Freedom Gundam

Victory Gundam and Üso Ewin discarded

Selecting target for Strike Freedom Gundam

Victory Gundam and Üso Ewin discarded

Selecting target for Strike Freedom Gundam

Kiraya

Graze Custom returned to deck

Chebycheff

Selecting target for Kira Yamato

Kira Yamato: Modifier applied to: Gundam Barbatos Lupus

Kiraya

No blockers available

Action step

Kiraya

Passed

Chebycheff

Passed

Battle started: Strike Freedom Gundam against Gundam Barbatos Lupus

Kiraya

Gundam Barbatos Lupus received 7 damage, now destroyed

Chebycheff

Strike Freedom Gundam received 3 damage, leaving 4 HP remaining

Strike Freedom Gundam: Draw a card

Battle ended

Chebycheff

Paired pilot: Kira Yamato on unit Strike Rouge (Ootori)

Battle initiated

Chebycheff

Battle declared: Strike Rouge (Ootori) against Gundam Gusion Rebake

Selecting target for Kira Yamato

Kira Yamato: Modifier applied to: Gundam Gusion Rebake

Kiraya

No blockers available

Action step

Kiraya

Passed

Chebycheff

Passed

Battle started: Strike Rouge (Ootori) against Gundam Gusion Rebake

Kiraya

Gundam Gusion Rebake received 5 damage, now destroyed

Chebycheff

Strike Rouge (Ootori) received 1 damage, leaving 1 HP remaining

Battle ended

Turn end phase started

Kiraya

Passed

Chebycheff

Passed

Turn ended!

Turn 19 started!

Kiraya

Gundam Barbatos Lupus deployed

Battle initiated

Kiraya

Battle declared: Gundam Barbatos Adapt against Strike Freedom Gundam

Chebycheff

No blockers available

Action step

Chebycheff

Passed

Kiraya

Passed

Battle started: Gundam Barbatos Adapt against Strike Freedom Gundam

Chebycheff

Strike Freedom Gundam received 2 damage, leaving 2 HP remaining

Kiraya

Gundam Barbatos Adapt received 7 damage, now destroyed

Battle ended

Kiraya

Activated: Gundam Barbatos Lupus

Gundam Barbatos Lupus, Gundam Gusion Rebake and Gundam Barbatos Adapt exiled from the game

Selecting target for Gundam Barbatos Lupus

Gundam Barbatos Lupus: Dealt 2 damage to Strike Freedom Gundam, now destroyed

Graze Custom deployed

Turn end phase started

Chebycheff

Passed

Kiraya

Passed

Turn ended!

Turn 20 started!

Chebycheff

Victory Gundam deployed

V-Dash Gundam deployed

Activated: V-Dash Gundam

Rested unit: Parts

Selecting target for V-Dash Gundam

Rested unit: Graze Custom

Battle initiated

Chebycheff

Battle declared: Strike Rouge (Ootori) against Graze Custom

Selecting target for Kira Yamato

Kira Yamato: Modifier applied to: Graze Custom

Kiraya

No blockers available

Action step

Kiraya

Passed

Chebycheff

Passed

Battle started: Strike Rouge (Ootori) against Graze Custom

Kiraya

Graze Custom received 5 damage, now destroyed

Chebycheff

Strike Rouge (Ootori) received 0 damage, leaving 1 HP remaining

Battle ended

Turn end phase started

Kiraya

Passed

Chebycheff

Passed

Turn ended!

Turn 21 started!

Kiraya

Activated: Gundam Barbatos Lupus

Hyakuren, Gundam Flauros (Ryusei-Go) and Graze Custom exiled from the game

Selecting target for Gundam Barbatos Lupus

Gundam Barbatos Lupus: Dealt 2 damage to Strike Rouge (Ootori), now destroyed

Played action: Darkness Finger

Darkness Finger: Dealt 2 damage to Victory Gundam, now destroyed

Chebycheff

Parts deployed

Battle initiated

Kiraya

Battle declared: Gundam Barbatos Lupus against Enemy Player

Chebycheff

No blockers available

Action step

Chebycheff

Passed

Kiraya

Passed

Battle started: Gundam Barbatos Lupus against Reineforce Jr.

Chebycheff

Reineforce Jr. received 5 damage, now destroyed

Battle ended

Turn end phase started

Chebycheff

Passed

Kiraya

Passed

Turn ended!

Turn 22 started!

Battle initiated

Chebycheff

Battle declared: Parts against Gundam Barbatos Lupus

Kiraya

No blockers available

Action step

Kiraya

Passed

Chebycheff

Passed

Battle started: Parts against Gundam Barbatos Lupus

Kiraya

Gundam Barbatos Lupus received 1 damage, leaving 4 HP remaining

Chebycheff

Parts received 5 damage, now destroyed

Battle ended

Battle initiated

Chebycheff

Battle declared: V-Dash Gundam against Gundam Barbatos Lupus

Kiraya

No blockers available

Action step

Kiraya

Passed

Chebycheff

Passed

Battle started: V-Dash Gundam against Gundam Barbatos Lupus

Kiraya

Gundam Barbatos Lupus received 4 damage, now destroyed

Chebycheff

V-Dash Gundam received 5 damage, now destroyed

Kiraya

Breach 3: : Isaribi received 3 damage, now destroyed

Battle ended

Chebycheff

Victory Gundam deployed

Turn end phase started

Kiraya

Passed

Chebycheff

Passed

Turn ended!

Turn 23 started!

Turn end phase started

Chebycheff

Passed

Kiraya

Passed

Turn ended!

Turn 24 started!

Battle initiated

Chebycheff

Battle declared: Victory Gundam against Enemy Player

Kiraya

No blockers available

Action step

Kiraya

Passed

Chebycheff

Passed

Battle started: Victory Gundam against Enemy Shield

Kiraya

Shield card: Gundam Gusion Rebake revealed and discarded

Battle ended

Turn end phase started

Kiraya

Passed

Chebycheff

Passed

Turn ended!

Turn 25 started!

Kiraya

Shiden Custom (Ryusei-Go) deployed

Paired pilot: Zeheart Galette on unit Shiden Custom (Ryusei-Go)

Zeheart Galette milled 2: Ryusei-Go (Graze Custom Ⅱ) and Shiden Custom (Ryusei-Go) moved to trash

Turn end phase started

Chebycheff

Passed

Kiraya

Passed

Turn ended!

Turn 26 started!

Chebycheff

Paired pilot: Kira Yamato on unit Victory Gundam

Battle initiated

Chebycheff

Battle declared: Victory Gundam against Enemy Player

Kiraya

Assigned no blocker

Action step

Kiraya

Passed

Chebycheff

Passed

Battle started: Victory Gundam against Enemy Shield

Kiraya

Shield card: Zeheart Galette revealed

Shield card added to hand: Zeheart Galette

Battle ended

Kiraya

Winner!

Game ended!