Mobile Suit Arena - Battle logs
Game started!

Kiraya

Choose to play first

Choose to keep starting hand

RYOMARU

Choose to keep starting hand

Turn 1 started!

Turn end phase started

RYOMARU

Passed

Kiraya

Passed

Turn ended!

Turn 2 started!

RYOMARU

Zaku Ⅱ deployed

Turn end phase started

Kiraya

Passed

RYOMARU

Passed

Turn ended!

Turn 3 started!

Kiraya

Gundam Exia Repair deployed

Replaced EX Base base: Minerva

Shield card added to hand

Selecting target for Minerva

Turn end phase started

RYOMARU

Passed

Kiraya

Passed

Turn ended!

Turn 4 started!

RYOMARU

Replaced EX Base base: Minerva

Shield card added to hand

Selecting target for Minerva

Zaku Ⅱ deployed

Turn end phase started

Kiraya

Passed

RYOMARU

Passed

Turn ended!

Turn 5 started!

Kiraya

Graze Custom deployed

Ryusei-Go (Graze Custom Ⅱ) deployed

Selecting target for Ryusei-Go (Graze Custom Ⅱ)

Ryusei-Go (Graze Custom Ⅱ): Dealt 1 damage to Ryusei-Go (Graze Custom Ⅱ), leaving 1 HP remaining

Ryusei-Go (Graze Custom Ⅱ): Draw a card

Selecting target for Ryusei-Go (Graze Custom Ⅱ)

Gundam Gusion Rebake discarded

Turn end phase started

RYOMARU

Passed

Kiraya

Passed

Turn ended!

Turn 6 started!

RYOMARU

Char's Zaku Ⅱ deployed

Linked pilot: Char Aznable on unit Char's Zaku Ⅱ

Battle initiated

RYOMARU

Battle declared: Char's Zaku Ⅱ against Enemy Player

Char Aznable: Modifier applied to: Char's Zaku Ⅱ

Kiraya

Can't block High-maneuver

Action step

Kiraya

Passed

RYOMARU

Passed

Battle started: Char's Zaku Ⅱ against Minerva

Kiraya

Minerva received 5 damage, now destroyed

Battle ended

Battle initiated

RYOMARU

Battle declared: Zaku Ⅱ against Enemy Player

Zaku Ⅱ: Modifier applied to: Zaku Ⅱ

Kiraya

No blockers available

Action step

Kiraya

Passed

RYOMARU

Passed

Battle started: Zaku Ⅱ against Enemy Shield

Kiraya

Shield card: Gundam Gusion Rebake revealed and discarded

Battle ended

Battle initiated

RYOMARU

Battle declared: Zaku Ⅱ against Enemy Player

Zaku Ⅱ: Modifier applied to: Zaku Ⅱ

Kiraya

No blockers available

Action step

Kiraya

Passed

RYOMARU

Passed

Battle started: Zaku Ⅱ against Enemy Shield

Kiraya

Shield card: Ryusei-Go (Graze Custom Ⅱ) revealed and discarded

Battle ended

Turn end phase started

Kiraya

Passed

RYOMARU

Passed

Turn ended!

Turn 7 started!

Battle initiated

Kiraya

Battle declared: Gundam Exia Repair against Zaku Ⅱ

RYOMARU

No blockers available

Action step

RYOMARU

Passed

Kiraya

Passed

Battle started: Gundam Exia Repair against Zaku Ⅱ

RYOMARU

Zaku Ⅱ received 2 damage, now destroyed

Kiraya

Gundam Exia Repair received 1 damage, now destroyed

Gundam Exia Repair milled 2: Isaribi and Gundam Barbatos 1st Form moved to trash

Battle ended

Battle initiated

Kiraya

Battle declared: Ryusei-Go (Graze Custom Ⅱ) against Zaku Ⅱ

RYOMARU

No blockers available

Action step

RYOMARU

Passed

Kiraya

Passed

Battle started: Ryusei-Go (Graze Custom Ⅱ) against Zaku Ⅱ

RYOMARU

Zaku Ⅱ received 2 damage, now destroyed

Kiraya

Ryusei-Go (Graze Custom Ⅱ) received 1 damage, now destroyed

Battle ended

Kiraya

Played action: Darkness Finger

Darkness Finger: Dealt 2 damage to Char's Zaku Ⅱ, leaving 1 HP remaining

Gundam Barbatos Adapt deployed

Selecting target for Gundam Barbatos Adapt

Gundam Barbatos Adapt: Dealt 1 damage to: Gundam Barbatos Adapt and Char's Zaku Ⅱ

RYOMARU

Char's Zaku Ⅱ deployed

Kiraya

Linked pilot: Mikazuki Augus on unit Gundam Barbatos Adapt

Selecting target for Mikazuki Augus

Mikazuki Augus: Dealt 1 damage to: Gundam Barbatos Adapt and Char's Zaku Ⅱ

Battle initiated

Kiraya

Battle declared: Gundam Barbatos Adapt against Enemy Player

RYOMARU

No blockers available

Action step

RYOMARU

Passed

Kiraya

Passed

Battle started: Gundam Barbatos Adapt against Minerva

RYOMARU

Minerva received 4 damage, leaving 1 HP remaining

Battle ended

Battle initiated

Kiraya

Battle declared: Graze Custom against Enemy Player

RYOMARU

No blockers available

Action step

RYOMARU

Passed

Kiraya

Passed

Battle started: Graze Custom against Minerva

RYOMARU

Minerva received 2 damage, now destroyed

Battle ended

Turn end phase started

RYOMARU

Passed

Kiraya

Passed

Turn ended!

Turn 8 started!

RYOMARU

Char's Zaku Ⅱ deployed

Linked pilot: Char Aznable on unit Char's Zaku Ⅱ

Battle initiated

RYOMARU

Battle declared: Char's Zaku Ⅱ against Enemy Player

Char Aznable: Modifier applied to: Char's Zaku Ⅱ

Kiraya

Can't block High-maneuver

Action step

Kiraya

Passed

RYOMARU

Passed

Battle started: Char's Zaku Ⅱ against Enemy Shield

Kiraya

Shield card: Gundam Barbatos 1st Form revealed and discarded

Battle ended

RYOMARU

Zaku Ⅱ deployed

Turn end phase started

Kiraya

Passed

RYOMARU

Passed

Turn ended!

Turn 9 started!

Kiraya

Played action: Darkness Finger

Darkness Finger: Dealt 2 damage to Char's Zaku Ⅱ, leaving 1 HP remaining

Gundam Barbatos Adapt deployed

Selecting target for Gundam Barbatos Adapt

Gundam Barbatos Adapt: Dealt 1 damage to: Gundam Barbatos Adapt and Char's Zaku Ⅱ

RYOMARU

Selecting target for Char's Zaku Ⅱ

Card added to hand: Char's Zaku Ⅱ

Battle initiated

Kiraya

Battle declared: Graze Custom against Enemy Player

RYOMARU

No blockers available

Action step

RYOMARU

Passed

Kiraya

Passed

Battle started: Graze Custom against Enemy Shield

RYOMARU

Shield card: Char Aznable revealed

Shield card added to hand: Char Aznable

Battle ended

Battle initiated

Kiraya

Battle declared: Gundam Barbatos Adapt against Enemy Player

RYOMARU

No blockers available

Action step

RYOMARU

Passed

Kiraya

Passed

Battle started: Gundam Barbatos Adapt against Enemy Shield

RYOMARU

Shield card: Dopp revealed and discarded

Battle ended

Turn end phase started

RYOMARU

Passed

Kiraya

Passed

Turn ended!

Turn 10 started!

RYOMARU

Zeong deployed

Linked pilot: Char Aznable on unit Zeong

Wire-Guided Arm deployed

Wire-Guided Arm deployed

Selecting target for Char Aznable

Battle initiated

RYOMARU

Battle declared: Zaku Ⅱ against Graze Custom

Kiraya

No blockers available

Action step

Kiraya

Passed

RYOMARU

Passed

Battle started: Zaku Ⅱ against Graze Custom

Kiraya

Graze Custom received 2 damage, now destroyed

RYOMARU

Zaku Ⅱ received 2 damage, now destroyed

Battle ended

Battle initiated

RYOMARU

Battle declared: Zeong against Enemy Player

Kiraya

No blockers available

Action step

Kiraya

Passed

RYOMARU

Passed

Battle started: Zeong against Enemy Shield

Kiraya

Shield card: Darkness Finger revealed

Shield card: Darkness Finger moved to trash

Selecting target for Darkness Finger

Darkness Finger: Dealt 2 damage to Wire-Guided Arm, now destroyed

Battle ended

Turn end phase started

Kiraya

Passed

RYOMARU

Passed

Turn ended!

Turn 11 started!

Kiraya

Shiden Custom (Ryusei-Go) deployed

Linked pilot: Mikazuki Augus on unit Shiden Custom (Ryusei-Go)

Selecting target for Mikazuki Augus

Mikazuki Augus: Dealt 1 damage to: Gundam Barbatos Adapt and Zeong

Battle initiated

Kiraya

Battle declared: Gundam Barbatos Adapt against Zeong

RYOMARU

No blockers available

Action step

RYOMARU

Passed

Kiraya

Passed

Battle started: Gundam Barbatos Adapt against Zeong

RYOMARU

Zeong received 4 damage, now destroyed

Kiraya

Gundam Barbatos Adapt received 6 damage, now destroyed

RYOMARU

Zeong (Head) deployed

Battle ended

Battle initiated

Kiraya

Battle declared: Gundam Barbatos Adapt against Zeong (Head)

RYOMARU

No blockers available

Action step

RYOMARU

Passed

Kiraya

Passed

Battle started: Gundam Barbatos Adapt against Zeong (Head)

RYOMARU

Zeong (Head) received 2 damage, now destroyed

Kiraya

Gundam Barbatos Adapt received 3 damage, now destroyed

Battle ended

Turn end phase started

RYOMARU

Passed

Kiraya

Passed

Turn ended!

Turn 12 started!

RYOMARU

Played base: Minerva

Shield card added to hand

Selecting target for Minerva

Char's Zaku Ⅱ deployed

Linked pilot: Char Aznable on unit Char's Zaku Ⅱ

Selecting target for Char Aznable

Battle initiated

RYOMARU

Battle declared: Char's Zaku Ⅱ against Enemy Player

Kiraya

Assigned no blocker

Action step

Kiraya

Passed

RYOMARU

Passed

Battle started: Char's Zaku Ⅱ against Enemy Shield

Kiraya

Shield card: Hyakuren revealed and discarded

Battle ended

RYOMARU

Zaku Ⅱ deployed

Turn end phase started

Kiraya

Passed

RYOMARU

Passed

Turn ended!

Turn 13 started!

Kiraya

Gundam Barbatos Lupus deployed

Activated: Gundam Barbatos Lupus

Gundam Barbatos Adapt, Gundam Barbatos Adapt and Hyakuren exiled from the game

Selecting target for Gundam Barbatos Lupus

Gundam Barbatos Lupus: Dealt 2 damage to Char's Zaku Ⅱ, leaving 2 HP remaining

Activated: Gundam Barbatos Lupus

Gundam Barbatos 1st Form, Ryusei-Go (Graze Custom Ⅱ) and Graze Custom exiled from the game

Selecting target for Gundam Barbatos Lupus

Gundam Barbatos Lupus: Dealt 2 damage to Char's Zaku Ⅱ, now destroyed

RYOMARU

Char's Zaku Ⅱ deployed

Kiraya

Activated: Gundam Barbatos Lupus

Gundam Gusion Rebake, Gundam Gusion Rebake and Ryusei-Go (Graze Custom Ⅱ) exiled from the game

Selecting target for Gundam Barbatos Lupus

Gundam Barbatos Lupus: Dealt 2 damage to Zaku Ⅱ, now destroyed

Battle initiated

Kiraya

Battle declared: Shiden Custom (Ryusei-Go) against Char's Zaku Ⅱ

RYOMARU

No blockers available

Action step

RYOMARU

Passed

Kiraya

Passed

Battle started: Shiden Custom (Ryusei-Go) against Char's Zaku Ⅱ

RYOMARU

Char's Zaku Ⅱ received 6 damage, now destroyed

Kiraya

Shiden Custom (Ryusei-Go) received 3 damage, leaving 1 HP remaining

Battle ended

Turn end phase started

RYOMARU

Passed

Kiraya

Passed

Turn ended!

Turn 14 started!

Battle initiated

RYOMARU

Battle declared: Wire-Guided Arm against Enemy Player

Kiraya

No blockers available

Action step

Kiraya

Passed

RYOMARU

Passed

Battle started: Wire-Guided Arm against Enemy Player

Kiraya

No more shields available, game is over!

RYOMARU

Winner!

Game ended!