Mobile Suit Arena - Battle logs
Game started!

Amo

Choose to play second

Kiraya

Choose to keep starting hand

Amo

Choose to keep starting hand

Turn 1 started!

Turn end phase started

Amo

Passed

Kiraya

Passed

Turn ended!

Turn 2 started!

Turn end phase started

Kiraya

Passed

Amo

Passed

Turn ended!

Turn 3 started!

Kiraya

Graze Custom deployed

Replaced EX Base base: Minerva

Shield card added to hand

Selecting target for Minerva

Turn end phase started

Amo

Passed

Kiraya

Passed

Turn ended!

Turn 4 started!

Amo

Ryusei-Go (Graze Custom Ⅱ) deployed

Selecting target for Ryusei-Go (Graze Custom Ⅱ)

Ryusei-Go (Graze Custom Ⅱ): Dealt 1 damage to Ryusei-Go (Graze Custom Ⅱ), leaving 1 HP remaining

Ryusei-Go (Graze Custom Ⅱ): Draw a card

Selecting target for Ryusei-Go (Graze Custom Ⅱ)

Gundam Barbatos Lupus discarded

Turn end phase started

Kiraya

Passed

Amo

Passed

Turn ended!

Turn 5 started!

Battle initiated

Kiraya

Battle declared: Graze Custom against Enemy Player

Amo

No blockers available

Action step

Amo

Passed

Kiraya

Passed

Battle started: Graze Custom against EX Base

Amo

EX Base received 2 damage, leaving 1 HP remaining

Battle ended

Turn end phase started

Amo

Passed

Kiraya

Passed

Turn ended!

Turn 6 started!

Amo

Gundam Barbatos Adapt deployed

Selecting target for Gundam Barbatos Adapt

Gundam Barbatos Adapt: Dealt 1 damage to: Gundam Barbatos Adapt and Graze Custom

Linked pilot: Mikazuki Augus on unit Gundam Barbatos Adapt

Selecting target for Mikazuki Augus

Mikazuki Augus: Dealt 1 damage to: Gundam Barbatos Adapt and Graze Custom

Battle initiated

Amo

Battle declared: Gundam Barbatos Adapt against Enemy Player

Kiraya

No blockers available

Action step

Kiraya

Passed

Amo

Passed

Battle started: Gundam Barbatos Adapt against Minerva

Kiraya

Minerva received 4 damage, leaving 1 HP remaining

Battle ended

Battle initiated

Amo

Battle declared: Ryusei-Go (Graze Custom Ⅱ) against Enemy Player

Kiraya

No blockers available

Action step

Kiraya

Passed

Amo

Passed

Battle started: Ryusei-Go (Graze Custom Ⅱ) against Minerva

Kiraya

Minerva received 2 damage, now destroyed

Battle ended

Turn end phase started

Kiraya

Passed

Amo

Passed

Turn ended!

Turn 7 started!

Kiraya

Played base: Isaribi

Shield card added to hand

Shiden Custom (Ryusei-Go) deployed

Turn end phase started

Amo

Passed

Kiraya

Passed

Turn ended!

Turn 8 started!

Amo

Replaced EX Base base: Rewloola

Shield card added to hand

Selecting target for Rewloola

Rewloola: Dealt 1 damage to Shiden Custom (Ryusei-Go), leaving 2 HP remaining

Hyakuren deployed

Turn end phase started

Kiraya

Passed

Amo

Passed

Turn ended!

Turn 9 started!

Kiraya

Gundam Flauros (Ryusei-Go) deployed

No targets for Gundam Flauros (Ryusei-Go)

Linked pilot: Mikazuki Augus on unit Gundam Flauros (Ryusei-Go)

Selecting target for Mikazuki Augus

Mikazuki Augus: Dealt 1 damage to: Gundam Flauros (Ryusei-Go) and Ryusei-Go (Graze Custom Ⅱ)

Activated: Isaribi

Rested base: Isaribi

Isaribi: Modifier applied to: Shiden Custom (Ryusei-Go)

Battle initiated

Kiraya

Battle declared: Shiden Custom (Ryusei-Go) against Enemy Player

Amo

No blockers available

Action step

Amo

Passed

Kiraya

Passed

Battle started: Shiden Custom (Ryusei-Go) against Rewloola

Amo

Rewloola received 6 damage, now destroyed

Battle ended

Turn end phase started

Amo

Passed

Kiraya

Passed

Turn ended!

Turn 10 started!

Amo

Gundam Gusion Rebake deployed

Selecting target for Gundam Gusion Rebake

Gundam Gusion Rebake: Dealt 1 damage to: Gundam Barbatos Adapt and Gundam Flauros (Ryusei-Go)

Battle initiated

Amo

Battle declared: Gundam Barbatos Adapt against Shiden Custom (Ryusei-Go)

Kiraya

No blockers available

Action step

Kiraya

Passed

Amo

Passed

Battle started: Gundam Barbatos Adapt against Shiden Custom (Ryusei-Go)

Kiraya

Shiden Custom (Ryusei-Go) received 4 damage, now destroyed

Amo

Gundam Barbatos Adapt received 4 damage, now destroyed

Battle ended

Battle initiated

Amo

Battle declared: Hyakuren against Enemy Player

Kiraya

No blockers available

Action step

Kiraya

Passed

Amo

Passed

Battle started: Hyakuren against Isaribi

Kiraya

Isaribi received 4 damage, leaving 1 HP remaining

Battle ended

Amo

Graze Custom deployed

Turn end phase started

Kiraya

Passed

Amo

Passed

Turn ended!

Turn 11 started!

Battle initiated

Kiraya

Battle declared: Gundam Flauros (Ryusei-Go) against Hyakuren

Selecting target for Gundam Flauros (Ryusei-Go)

Amo

Assigned no blocker

Action step

Amo

Passed

Kiraya

Passed

Battle started: Gundam Flauros (Ryusei-Go) against Hyakuren

Amo

Hyakuren received 7 damage, now destroyed

Kiraya

Gundam Flauros (Ryusei-Go) received 4 damage, now destroyed

Battle ended

Kiraya

Hyakuren deployed

Graze Custom deployed

Paired pilot: Zeheart Galette on unit Hyakuren

Zeheart Galette milled 2: Gundam Barbatos Adapt and Ryusei-Go (Graze Custom Ⅱ) moved to trash

Turn end phase started

Amo

Passed

Kiraya

Passed

Turn ended!

Turn 12 started!

Amo

Shiden Custom (Ryusei-Go) deployed

Gundam Gusion Rebake deployed

Selecting target for Gundam Gusion Rebake

Gundam Gusion Rebake: Dealt 1 damage to: Gundam Gusion Rebake and Hyakuren

Battle initiated

Amo

Battle declared: Gundam Gusion Rebake against Enemy Player

Kiraya

No blockers available

Action step

Kiraya

Passed

Amo

Passed

Battle started: Gundam Gusion Rebake against Isaribi

Kiraya

Isaribi received 3 damage, now destroyed

Battle ended

Turn end phase started

Kiraya

Passed

Amo

Passed

Turn ended!

Turn 13 started!

Battle initiated

Kiraya

Battle declared: Hyakuren against Enemy Player

Amo

Assigned Shiden Custom (Ryusei-Go) to block

Action step

Amo

Passed

Kiraya

Passed

Battle started: Hyakuren against Shiden Custom (Ryusei-Go)

Amo

Shiden Custom (Ryusei-Go) received 6 damage, now destroyed

Kiraya

Hyakuren received 4 damage, now destroyed

Battle ended

Kiraya

Gundam Barbatos Lupus deployed

Activated: Gundam Barbatos Lupus

Shiden Custom (Ryusei-Go), Gundam Flauros (Ryusei-Go) and Hyakuren exiled from the game

Selecting target for Gundam Barbatos Lupus

Gundam Barbatos Lupus: Dealt 2 damage to Gundam Gusion Rebake, leaving 2 HP remaining

Activated: Gundam Barbatos Lupus

Graze Custom, Gundam Barbatos Adapt and Ryusei-Go (Graze Custom Ⅱ) exiled from the game

Selecting target for Gundam Barbatos Lupus

Gundam Barbatos Lupus: Dealt 2 damage to Gundam Gusion Rebake, now destroyed

Gundam Exia Repair deployed

Turn end phase started

Amo

Passed

Kiraya

Passed

Turn ended!

Turn 14 started!

Amo

Sazabi deployed

Linked pilot: Char Aznable on unit Sazabi

Selecting target for Char Aznable

Played base: Rewloola

Shield card added to hand

Selecting target for Rewloola

Rewloola: Dealt 1 damage to Graze Custom, leaving 1 HP remaining

Paired pilot: Mikazuki Augus on unit Gundam Gusion Rebake

Selecting target for Mikazuki Augus

Mikazuki Augus: Dealt 1 damage to: Gundam Gusion Rebake and Graze Custom

Battle initiated

Amo

Battle declared: Sazabi against Enemy Player

Selecting target for Sazabi

Kiraya

No blockers available

Action step

Kiraya

Passed

Amo

Passed

Battle started: Sazabi against Enemy Shield

Kiraya

Shield cards: Hyakuren and Airframe Seizure revealed and discarded

Battle ended

Turn end phase started

Kiraya

Passed

Amo

Passed

Turn ended!

Turn 15 started!

Kiraya

Linked pilot: Mikazuki Augus on unit Gundam Barbatos Lupus

Selecting target for Mikazuki Augus

Mikazuki Augus: Dealt 1 damage to: Gundam Barbatos Lupus and Gundam Gusion Rebake

Battle initiated

Kiraya

Battle declared: Gundam Barbatos Lupus against Sazabi

Amo

Assigned Gundam Gusion Rebake to block

Action step

Amo

Passed

Kiraya

Passed

Battle started: Gundam Barbatos Lupus against Gundam Gusion Rebake

Amo

Gundam Gusion Rebake received 7 damage, now destroyed

Kiraya

Gundam Barbatos Lupus received 5 damage, now destroyed

Battle ended

Kiraya

Gundam Barbatos Lupus deployed

Paired pilot: Mikazuki Augus on unit Gundam Exia Repair

Selecting target for Mikazuki Augus

Mikazuki Augus: Dealt 1 damage to: Gundam Exia Repair and Sazabi

Battle initiated

Kiraya

Battle declared: Gundam Exia Repair against Sazabi

Amo

No blockers available

Action step

Amo

Passed

Kiraya

Passed

Battle started: Gundam Exia Repair against Sazabi

Amo

Sazabi received 4 damage, leaving 2 HP remaining

Kiraya

Gundam Exia Repair received 7 damage, now destroyed

Gundam Exia Repair milled 2: Gundam Barbatos Adapt and Gundam Barbatos Adapt moved to trash

Battle ended

Kiraya

Activated: Gundam Barbatos Lupus

Hyakuren, Gundam Barbatos Adapt and Gundam Barbatos Adapt exiled from the game

Selecting target for Gundam Barbatos Lupus

Gundam Barbatos Lupus: Dealt 2 damage to Sazabi, now destroyed

Turn end phase started

Amo

Passed

Kiraya

Passed

Turn ended!

Turn 16 started!

Amo

Hyakuren deployed

Turn end phase started

Kiraya

Passed

Amo

Passed

Turn ended!

Turn 17 started!

Kiraya

Shiden Custom (Ryusei-Go) deployed

Gundam Barbatos 1st Form deployed

Battle initiated

Kiraya

Battle declared: Gundam Barbatos Lupus against Enemy Player

Amo

No blockers available

Action step

Amo

Passed

Kiraya

Passed

Battle started: Gundam Barbatos Lupus against Rewloola

Amo

Rewloola received 5 damage, now destroyed

Battle ended

Turn end phase started

Amo

Passed

Kiraya

Passed

Turn ended!

Turn 18 started!

Amo

Shiden Custom (Ryusei-Go) deployed

Turn end phase started

Kiraya

Passed

Amo

Passed

Turn ended!

Turn 19 started!

Kiraya

Graze Custom deployed

Battle initiated

Kiraya

Battle declared: Gundam Barbatos Lupus against Enemy Player

Amo

Assigned Shiden Custom (Ryusei-Go) to block

Action step

Amo

Passed

Kiraya

Passed

Battle started: Gundam Barbatos Lupus against Shiden Custom (Ryusei-Go)

Amo

Shiden Custom (Ryusei-Go) received 5 damage, now destroyed

Kiraya

Gundam Barbatos Lupus received 4 damage, leaving 1 HP remaining

Battle ended

Battle initiated

Kiraya

Battle declared: Gundam Barbatos 1st Form against Enemy Player

Amo

No blockers available

Action step

Amo

Passed

Kiraya

Passed

Battle started: Gundam Barbatos 1st Form against Enemy Shield

Amo

Shield card: Gundam Barbatos 1st Form revealed and discarded

Battle ended

Turn end phase started

Amo

Passed

Kiraya

Passed

Turn ended!

Turn 20 started!

Battle initiated

Amo

Battle declared: Hyakuren against Enemy Player

Kiraya

Assigned Shiden Custom (Ryusei-Go) to block

Action step

Kiraya

Passed

Amo

Passed

Battle started: Hyakuren against Shiden Custom (Ryusei-Go)

Kiraya

Shiden Custom (Ryusei-Go) received 4 damage, now destroyed

Amo

Hyakuren received 4 damage, now destroyed

Battle ended

Amo

Played base: Rewloola

Shield card added to hand

Selecting target for Rewloola

Rewloola: Dealt 1 damage to Gundam Barbatos Lupus, now destroyed

Sazabi deployed

Linked pilot: Char Aznable on unit Sazabi

Selecting target for Char Aznable

Battle initiated

Amo

Battle declared: Sazabi against Enemy Player

Selecting target for Sazabi

Kiraya

No blockers available

Action step

Kiraya

Passed

Amo

Passed

Battle started: Sazabi against Enemy Shield

Kiraya

Shield cards: Gundam Barbatos Lupus and Hyakuren revealed and discarded

Battle ended

Turn end phase started

Kiraya

Passed

Amo

Passed

Turn ended!

Turn 21 started!

Kiraya

Gundam Barbatos Adapt deployed

Selecting target for Gundam Barbatos Adapt

Gundam Barbatos Adapt: Dealt 1 damage to: Gundam Barbatos 1st Form and Sazabi

Battle initiated

Kiraya

Battle declared: Gundam Barbatos 1st Form against Sazabi

Gundam Barbatos 1st Form: Draw a card

Amo

No blockers available

Action step

Amo

Passed

Kiraya

Passed

Battle started: Gundam Barbatos 1st Form against Sazabi

Amo

Sazabi received 3 damage, leaving 3 HP remaining

Kiraya

Gundam Barbatos 1st Form received 7 damage, now destroyed

Battle ended

Kiraya

Gundam Barbatos 1st Form deployed

Battle initiated

Kiraya

Battle declared: Graze Custom against Sazabi

Amo

No blockers available

Action step

Amo

Passed

Kiraya

Passed

Battle started: Graze Custom against Sazabi

Amo

Sazabi received 2 damage, leaving 1 HP remaining

Kiraya

Graze Custom received 7 damage, now destroyed

Battle ended

Turn end phase started

Amo

Passed

Kiraya

Passed

Turn ended!

Turn 22 started!

Amo

Gundam Barbatos Lupus deployed

Activated: Gundam Barbatos Lupus

Shiden Custom (Ryusei-Go), Gundam Barbatos 1st Form and Hyakuren exiled from the game

Selecting target for Gundam Barbatos Lupus

Gundam Barbatos Lupus: Dealt 2 damage to Gundam Barbatos 1st Form, now destroyed

Battle initiated

Amo

Battle declared: Sazabi against Enemy Player

Selecting target for Sazabi

Kiraya

No blockers available

Action step

Kiraya

Passed

Amo

Passed

Battle started: Sazabi against Enemy Player

Kiraya

No more shields available, game is over!

Amo

Winner!

Game ended!