Mobile Suit Arena - Battle logs
Game started!

Kiraya

Choose to play first

Fusiki

Choose to keep starting hand

Kiraya

Choose to mulligan starting hand

Turn 1 started!

Turn end phase started

Fusiki

Passed

Kiraya

Passed

Turn ended!

Turn 2 started!

Turn end phase started

Kiraya

Passed

Fusiki

Passed

Turn ended!

Turn 3 started!

Kiraya

Graze Custom deployed

Turn end phase started

Fusiki

Passed

Kiraya

Passed

Turn ended!

Turn 4 started!

Fusiki

Gundam Lfrith deployed

Turn end phase started

Kiraya

Passed

Fusiki

Passed

Turn ended!

Turn 5 started!

Kiraya

Hyakuren deployed

Turn end phase started

Fusiki

Passed

Kiraya

Passed

Turn ended!

Turn 6 started!

Fusiki

Rick Dias deployed

Turn end phase started

Kiraya

Passed

Fusiki

Passed

Turn ended!

Turn 7 started!

Kiraya

Gundam Barbatos 1st Form deployed

Linked pilot: Mikazuki Augus on unit Gundam Barbatos 1st Form

Selecting target for Mikazuki Augus

Mikazuki Augus: Dealt 1 damage to: Gundam Barbatos 1st Form and Rick Dias

Played command: Airframe Seizure

Selecting target for Airframe Seizure

Zeheart Galette discarded

Airframe Seizure: Draw 2 cards

Turn end phase started

Fusiki

Passed

Kiraya

Passed

Turn ended!

Turn 8 started!

Fusiki

Replaced EX Base base: Archangel

Shield card added to hand

Murasame (Andrew Waldfeld Unit) deployed

Turn end phase started

Kiraya

Passed

Fusiki

Passed

Turn ended!

Turn 9 started!

Kiraya

Replaced EX Base base: Isaribi

Shield card added to hand

Gundam Barbatos Adapt deployed

Selecting target for Gundam Barbatos Adapt

Gundam Barbatos Adapt: Dealt 1 damage to: Graze Custom and Gundam Lfrith

Activated: Isaribi

Rested base: Isaribi

Isaribi: Modifier applied to: Graze Custom

Battle initiated

Kiraya

Battle declared: Graze Custom against Enemy Player

Fusiki

Assigned no blocker

Action step

Fusiki

Passed

Kiraya

Passed

Battle started: Graze Custom against Archangel

Fusiki

Archangel received 4 damage, leaving 1 HP remaining

Battle ended

Turn end phase started

Fusiki

Passed

Kiraya

Passed

Turn ended!

Turn 10 started!

Fusiki

Aile Strike Gundam deployed

Linked pilot: Kira Yamato on unit Aile Strike Gundam

Selecting target for Aile Strike Gundam

Kiraya

Hyakuren returned to hand

Battle initiated

Fusiki

Battle declared: Aile Strike Gundam against Graze Custom

Selecting target for Kira Yamato

Kira Yamato: Modifier applied to: Graze Custom

Kiraya

No blockers available

Action step

Kiraya

Passed

Fusiki

Passed

Battle started: Aile Strike Gundam against Graze Custom

Kiraya

Graze Custom received 6 damage, now destroyed

Fusiki

Aile Strike Gundam received 0 damage, leaving 5 HP remaining

Battle ended

Turn end phase started

Kiraya

Passed

Fusiki

Passed

Turn ended!

Turn 11 started!

Kiraya

Gundam Barbatos Adapt deployed

Selecting target for Gundam Barbatos Adapt

Gundam Barbatos Adapt: Dealt 1 damage to: Gundam Barbatos Adapt and Aile Strike Gundam

Activated: Isaribi

Rested base: Isaribi

Isaribi: Modifier applied to: Gundam Barbatos Adapt

Battle initiated

Kiraya

Battle declared: Gundam Barbatos Adapt against Aile Strike Gundam

Fusiki

Assigned Rick Dias to block

Action step

Fusiki

Passed

Kiraya

Passed

Battle started: Gundam Barbatos Adapt against Rick Dias

Fusiki

Rick Dias received 4 damage, now destroyed

Kiraya

Gundam Barbatos Adapt received 3 damage, now destroyed

Battle ended

Kiraya

Shiden Custom (Ryusei-Go) deployed

Turn end phase started

Fusiki

Passed

Kiraya

Passed

Turn ended!

Turn 12 started!

Fusiki

Strike Rouge (Ootori) deployed

Gundam Lfrith deployed

Turn end phase started

Kiraya

Passed

Fusiki

Passed

Turn ended!

Turn 13 started!

Kiraya

Shiden Custom (Ryusei-Go) deployed

Hyakuren deployed

Graze Custom deployed

Battle initiated

Kiraya

Battle declared: Gundam Barbatos 1st Form against Enemy Player

Gundam Barbatos 1st Form: Draw a card

Fusiki

Assigned Gundam Lfrith to block

Action step

Fusiki

Passed

Kiraya

Passed

Battle started: Gundam Barbatos 1st Form against Gundam Lfrith

Fusiki

Gundam Lfrith received 5 damage, now destroyed

Kiraya

Gundam Barbatos 1st Form received 2 damage, now destroyed

Battle ended

Turn end phase started

Fusiki

Passed

Kiraya

Passed

Turn ended!

Turn 14 started!

Fusiki

Strike Freedom Gundam deployed

Selecting target for Strike Freedom Gundam

Strike Freedom Gundam: chose Murasame (Andrew Waldfeld Unit) and Strike Freedom Gundam

Linked pilot: Kira Yamato on unit Strike Freedom Gundam

Kira Yamato: Draw a card

Battle initiated

Fusiki

Battle declared: Strike Freedom Gundam against Enemy Player

Selecting target for Strike Freedom Gundam

Kiraya

Assigned no blocker

Action step

Kiraya

Passed

Fusiki

Passed

Battle started: Strike Freedom Gundam against Isaribi

Kiraya

Isaribi received 7 damage, now destroyed

Fusiki

Strike Freedom Gundam: Draw a card

Battle ended

Battle initiated

Fusiki

Battle declared: Murasame (Andrew Waldfeld Unit) against Enemy Player

Kiraya

Assigned Shiden Custom (Ryusei-Go) to block

Action step

Kiraya

Passed

Fusiki

Passed

Battle started: Murasame (Andrew Waldfeld Unit) against Shiden Custom (Ryusei-Go)

Kiraya

Shiden Custom (Ryusei-Go) received 2 damage, leaving 1 HP remaining

Fusiki

Murasame (Andrew Waldfeld Unit) received 4 damage, now destroyed

Murasame (Andrew Waldfeld Unit): Draw a card

Battle ended

Fusiki

M1 Astray (Shrike) deployed

Selecting target for M1 Astray (Shrike)

M1 Astray (Shrike): Dealt 1 damage to Shiden Custom (Ryusei-Go), now destroyed

Turn end phase started

Kiraya

Passed

Fusiki

Passed

Turn ended!

Turn 15 started!

Kiraya

Gundam Flauros (Ryusei-Go) deployed

Selecting target for Gundam Flauros (Ryusei-Go)

Played base: Minerva

Shield card added to hand

Selecting target for Minerva

Ryusei-Go (Graze Custom Ⅱ) deployed

Selecting target for Ryusei-Go (Graze Custom Ⅱ)

Ryusei-Go (Graze Custom Ⅱ): Dealt 1 damage to Graze Custom, leaving 1 HP remaining

Ryusei-Go (Graze Custom Ⅱ): Draw a card

Selecting target for Ryusei-Go (Graze Custom Ⅱ)

Gundam Barbatos Lupus discarded

Battle initiated

Kiraya

Battle declared: Graze Custom against Enemy Player

Fusiki

Assigned Gundam Lfrith to block

Action step

Fusiki

Passed

Kiraya

Passed

Battle started: Graze Custom against Gundam Lfrith

Fusiki

Gundam Lfrith received 2 damage, leaving 2 HP remaining

Kiraya

Graze Custom received 2 damage, now destroyed

Battle ended

Kiraya

Gundam Exia Repair deployed

Turn end phase started

Fusiki

Passed

Kiraya

Passed

Turn ended!

Turn 16 started!

Fusiki

Strike Freedom Gundam deployed

Selecting target for Strike Freedom Gundam

Strike Freedom Gundam: chose Strike Freedom Gundam and Strike Freedom Gundam

Linked pilot: Kira Yamato on unit Strike Freedom Gundam

Battle initiated

Fusiki

Battle declared: Strike Freedom Gundam against Enemy Player

Selecting target for Strike Freedom Gundam

M1 Astray (Shrike) and Rick Dias discarded

Selecting target for Strike Freedom Gundam

Kiraya

Gundam Exia Repair returned to deck

Assigned no blocker

Action step

Kiraya

Passed

Fusiki

Passed

Battle started: Strike Freedom Gundam against Minerva

Kiraya

Minerva received 7 damage, now destroyed

Fusiki

Strike Freedom Gundam: Draw a card

Battle ended

Battle initiated

Fusiki

Battle declared: Strike Freedom Gundam against Enemy Player

Selecting target for Kira Yamato

Kira Yamato: Modifier applied to: Gundam Barbatos Adapt

Selecting target for Strike Freedom Gundam

Kiraya

Assigned no blocker

Action step

Kiraya

Passed

Fusiki

Passed

Battle started: Strike Freedom Gundam against Enemy Shield

Kiraya

Shield card: Gundam Barbatos Adapt revealed and discarded

Fusiki

Strike Freedom Gundam: Draw a card

Battle ended

Fusiki

Linked pilot: Andrew Waldfeld on unit Strike Rouge (Ootori)

Turn end phase started

Kiraya

Passed

Fusiki

Passed

Turn ended!

Turn 17 started!

Kiraya

Played base: Isaribi

Shield card added to hand

Gundam Barbatos Lupus deployed

Activated: Gundam Barbatos Lupus

Gundam Barbatos Lupus, Graze Custom and Gundam Barbatos Adapt exiled from the game

Selecting target for Gundam Barbatos Lupus

Gundam Barbatos Lupus: Dealt 2 damage to Aile Strike Gundam, leaving 2 HP remaining

Activated: Gundam Barbatos Lupus

Gundam Barbatos 1st Form, Shiden Custom (Ryusei-Go) and Gundam Flauros (Ryusei-Go) exiled from the game

Selecting target for Gundam Barbatos Lupus

Gundam Barbatos Lupus: Dealt 2 damage to Aile Strike Gundam, now destroyed

Battle initiated

Kiraya

Battle declared: Ryusei-Go (Graze Custom Ⅱ) against Strike Freedom Gundam

Fusiki

Assigned Gundam Lfrith to block

Action step

Fusiki

Passed

Kiraya

Passed

Battle started: Ryusei-Go (Graze Custom Ⅱ) against Gundam Lfrith

Fusiki

Gundam Lfrith received 2 damage, now destroyed

Kiraya

Ryusei-Go (Graze Custom Ⅱ) received 2 damage, now destroyed

Battle ended

Battle initiated

Kiraya

Battle declared: Hyakuren against Enemy Player

Fusiki

Assigned no blocker

Action step

Fusiki

Passed

Kiraya

Passed

Battle started: Hyakuren against Archangel

Fusiki

Archangel received 4 damage, now destroyed

Battle ended

Kiraya

Gundam Barbatos 1st Form deployed

Battle initiated

Kiraya

Battle declared: Gundam Flauros (Ryusei-Go) against Enemy Player

No targets for Gundam Flauros (Ryusei-Go)

Fusiki

Assigned no blocker

Action step

Fusiki

Passed

Kiraya

Passed

Battle started: Gundam Flauros (Ryusei-Go) against Enemy Shield

Fusiki

Shield card: A Show of Resolve revealed and discarded

Battle ended

Battle initiated

Kiraya

Battle declared: Gundam Barbatos Adapt against Enemy Player

Fusiki

Assigned Strike Rouge (Ootori) to block

Action step

Fusiki

Passed

Kiraya

Passed

Battle started: Gundam Barbatos Adapt against Strike Rouge (Ootori)

Fusiki

Strike Rouge (Ootori) received 2 damage, leaving 3 HP remaining

Kiraya

Gundam Barbatos Adapt received 5 damage, now destroyed

Battle ended

Battle initiated

Kiraya

Battle declared: Shiden Custom (Ryusei-Go) against Strike Rouge (Ootori)

Fusiki

No blockers available

Action step

Fusiki

Passed

Kiraya

Passed

Battle started: Shiden Custom (Ryusei-Go) against Strike Rouge (Ootori)

Fusiki

Strike Rouge (Ootori) received 4 damage, now destroyed

Kiraya

Shiden Custom (Ryusei-Go) received 5 damage, now destroyed

Battle ended

Turn end phase started

Fusiki

Passed

Kiraya

Passed

Turn ended!

Turn 18 started!

Fusiki

Played command: A Show of Resolve

A Show of Resolve: Draw 2 cards

Strike Freedom Gundam deployed

Selecting target for Strike Freedom Gundam

Strike Freedom Gundam: chose Strike Freedom Gundam and Strike Freedom Gundam

Battle initiated

Fusiki

Battle declared: Strike Freedom Gundam against Hyakuren

Selecting target for Kira Yamato

Kira Yamato: Modifier applied to: Hyakuren

Selecting target for Strike Freedom Gundam

Aile Strike Gundam and Rick Dias discarded

Selecting target for Strike Freedom Gundam

Kiraya

Gundam Barbatos 1st Form returned to deck

No blockers available

Action step

Kiraya

Passed

Fusiki

Passed

Battle started: Strike Freedom Gundam against Hyakuren

Kiraya

Hyakuren received 7 damage, now destroyed

Fusiki

Strike Freedom Gundam received 2 damage, leaving 5 HP remaining

Strike Freedom Gundam: Draw a card

Battle ended

Battle initiated

Fusiki

Battle declared: Strike Freedom Gundam against Enemy Player

Selecting target for Strike Freedom Gundam

Gundam Lfrith and Sword Strike Gundam discarded

Selecting target for Strike Freedom Gundam

Kiraya

Gundam Flauros (Ryusei-Go) returned to deck

No blockers available

Action step

Kiraya

Passed

Fusiki

Passed

Battle started: Strike Freedom Gundam against Isaribi

Kiraya

Isaribi received 7 damage, now destroyed

Fusiki

Strike Freedom Gundam: Draw a card

Battle ended

Turn end phase started

Kiraya

Passed

Fusiki

Passed

Turn ended!

Turn 19 started!

Kiraya

Gundam Gusion Rebake deployed

Selecting target for Gundam Gusion Rebake

Gundam Gusion Rebake: Dealt 1 damage to: Gundam Barbatos Lupus and Strike Freedom Gundam

Activated: Gundam Barbatos Lupus

Gundam Barbatos Adapt, Shiden Custom (Ryusei-Go) and Hyakuren exiled from the game

Selecting target for Gundam Barbatos Lupus

Gundam Barbatos Lupus: Dealt 2 damage to Strike Freedom Gundam, leaving 2 HP remaining

Activated: Gundam Barbatos Lupus

Graze Custom, Gundam Barbatos Adapt and Ryusei-Go (Graze Custom Ⅱ) exiled from the game

Selecting target for Gundam Barbatos Lupus

Gundam Barbatos Lupus: Dealt 2 damage to Strike Freedom Gundam, now destroyed

Linked pilot: Mikazuki Augus on unit Gundam Barbatos Lupus

Selecting target for Mikazuki Augus

Mikazuki Augus: Dealt 1 damage to: Gundam Barbatos Lupus and Strike Freedom Gundam

Battle initiated

Kiraya

Battle declared: Gundam Barbatos Lupus against Strike Freedom Gundam

Fusiki

No blockers available

Action step

Fusiki

Passed

Kiraya

Passed

Battle started: Gundam Barbatos Lupus against Strike Freedom Gundam

Fusiki

Strike Freedom Gundam received 7 damage, now destroyed

Kiraya

Gundam Barbatos Lupus received 7 damage, now destroyed

Battle ended

Turn end phase started

Fusiki

Passed

Kiraya

Passed

Turn ended!

Turn 20 started!

Fusiki

Strike Rouge (Ootori) deployed

Strike Rouge (Ootori) deployed

Battle initiated

Fusiki

Battle declared: Strike Freedom Gundam against Enemy Player

Kiraya

Assigned no blocker

Action step

Kiraya

Passed

Fusiki

Passed

Battle started: Strike Freedom Gundam against Enemy Shield

Kiraya

Shield card: Gundam Gusion Rebake revealed and discarded

Battle ended

Fusiki

Linked pilot: Andrew Waldfeld on unit Strike Rouge (Ootori)

Battle initiated

Fusiki

Battle declared: Strike Rouge (Ootori) against Enemy Player

Kiraya

Assigned Gundam Gusion Rebake to block

Action step

Kiraya

Passed

Fusiki

Passed

Battle started: Strike Rouge (Ootori) against Gundam Gusion Rebake

Kiraya

Gundam Gusion Rebake received 3 damage, leaving 2 HP remaining

Fusiki

Strike Rouge (Ootori) received 5 damage, leaving 3 HP remaining

Battle ended

Turn end phase started

Kiraya

Passed

Fusiki

Passed

Strike Rouge (Ootori) received 3 damage, leaving 2 HP remaining

Fusiki

Strike Rouge (Ootori) received 5 damage, leaving 3 HP remaining

Battle ended

Turn end phase started

Kiraya

Passed

Fusiki

Passed

Strike Rouge (Ootori) repaired 2 from [Repair 2]

Turn ended!

Turn 21 started!

Turn end phase started

Fusiki

Passed

Kiraya

Passed

Turn ended!

Turn 22 started!

Fusiki

Winner!

Game ended!