Mobile Suit Arena - Battle logs
Game started!

Kiraya

Choose to play first

Choose to mulligan starting hand

ddd

Choose to keep starting hand

Turn 1 started!

Turn end phase started

ddd

Passed

Kiraya

Passed

Turn ended!

Turn 2 started!

Turn end phase started

Kiraya

Passed

ddd

Passed

Turn ended!

Turn 3 started!

Turn end phase started

ddd

Passed

Kiraya

Passed

Turn ended!

Turn 4 started!

ddd

Kayra's Re-GZ deployed

Selecting target for Kayra's Re-GZ

Returned to deck bottom

Turn end phase started

Kiraya

Passed

ddd

Passed

Turn ended!

Turn 5 started!

Kiraya

Hyakuren deployed

Turn end phase started

ddd

Passed

Kiraya

Passed

Turn ended!

Turn 6 started!

Battle initiated

ddd

Battle declared: Kayra's Re-GZ against Enemy Player

Kiraya

No blockers available

Action step

Kiraya

Passed

ddd

Passed

Battle started: Kayra's Re-GZ against EX Base

Kiraya

EX Base received 3 damage, now destroyed

Battle ended

ddd

Gundam deployed

Linked pilot: Amuro Ray on unit Gundam

Selecting target for Amuro Ray

Rested unit: Hyakuren

Battle initiated

ddd

Battle declared: Gundam against Hyakuren

Kiraya

No blockers available

Action step

Kiraya

Passed

ddd

Passed

Battle started: Gundam against Hyakuren

Kiraya

Hyakuren received 6 damage, now destroyed

ddd

Gundam received 4 damage, leaving 1 HP remaining

Battle ended

Turn end phase started

Kiraya

Passed

ddd

Passed

Gundam repaired 2 from [Repair 2]

Turn ended!

Turn 7 started!

Kiraya

Hyakuren deployed

Gundam Barbatos 1st Form deployed

Turn end phase started

ddd

Passed

Kiraya

Passed

Turn ended!

Turn 8 started!

Battle initiated

ddd

Battle declared: Kayra's Re-GZ against Enemy Player

Kiraya

No blockers available

Action step

Kiraya

Passed

ddd

Passed

Battle started: Kayra's Re-GZ against Enemy Shield

Kiraya

Shield card: Gundam Barbatos Lupus revealed and discarded

Battle ended

Battle initiated

ddd

Battle declared: Gundam against Enemy Player

Kiraya

No blockers available

Action step

Kiraya

Passed

ddd

Passed

Battle started: Gundam against Enemy Shield

Kiraya

Shield card: Shiden Custom (Ryusei-Go) revealed and discarded

Battle ended

ddd

Re-GZ deployed

Turn end phase started

Kiraya

Passed

ddd

Passed

Gundam repaired 2 from [Repair 2]

Turn ended!

Turn 9 started!

Battle initiated

Kiraya

Battle declared: Gundam Barbatos 1st Form against Enemy Player

ddd

No blockers available

Action step

ddd

Passed

Kiraya

Passed

Battle started: Gundam Barbatos 1st Form against EX Base

ddd

EX Base received 3 damage, now destroyed

Battle ended

Battle initiated

Kiraya

Battle declared: Hyakuren against Enemy Player

ddd

No blockers available

Action step

ddd

Passed

Kiraya

Passed

Battle started: Hyakuren against Enemy Shield

ddd

Shield card: Nu Gundam revealed and discarded

Battle ended

Kiraya

Shiden Custom (Ryusei-Go) deployed

Hyakuren deployed

Turn end phase started

ddd

Passed

Kiraya

Passed

Turn ended!

Turn 10 started!

Battle initiated

ddd

Battle declared: Kayra's Re-GZ against Gundam Barbatos 1st Form

Kiraya

Assigned Shiden Custom (Ryusei-Go) to block

Action step

Kiraya

Passed

ddd

Passed

Battle started: Kayra's Re-GZ against Shiden Custom (Ryusei-Go)

Kiraya

Shiden Custom (Ryusei-Go) received 4 damage, now destroyed

ddd

Kayra's Re-GZ received 4 damage, now destroyed

Battle ended

Battle initiated

ddd

Battle declared: Re-GZ against Hyakuren

Kiraya

No blockers available

Action step

Kiraya

Passed

ddd

Passed

Battle started: Re-GZ against Hyakuren

Kiraya

Hyakuren received 5 damage, now destroyed

ddd

Re-GZ received 4 damage, now destroyed

Selecting target for Re-GZ

Battle ended

Battle initiated

ddd

Battle declared: Gundam against Gundam Barbatos 1st Form

Kiraya

No blockers available

Action step

Kiraya

Passed

ddd

Passed

Battle started: Gundam against Gundam Barbatos 1st Form

Kiraya

Gundam Barbatos 1st Form received 6 damage, now destroyed

ddd

Gundam received 3 damage, leaving 2 HP remaining

Battle ended

ddd

Nu Gundam deployed

Placed 1 Resource EX

Jegan deployed

Turn end phase started

Kiraya

Passed

ddd

Passed

Gundam repaired 2 from [Repair 2]

Turn ended!

Turn 11 started!

Battle initiated

Kiraya

Battle declared: Hyakuren against Gundam

ddd

No blockers available

Action step

ddd

Passed

Kiraya

Passed

Battle started: Hyakuren against Gundam

ddd

Gundam received 4 damage, now destroyed

Kiraya

Hyakuren received 5 damage, now destroyed

Battle ended

Kiraya

Gundam Flauros (Ryusei-Go) deployed

Selecting target for Gundam Flauros (Ryusei-Go)

Hyakuren deployed

Turn end phase started

ddd

Passed

Kiraya

Passed

Turn ended!

Turn 12 started!

Battle initiated

ddd

Battle declared: Nu Gundam against Enemy Player

Kiraya

No blockers available

Action step

Kiraya

Passed

ddd

Passed

Battle started: Nu Gundam against Enemy Shield

Kiraya

Shield card: Mikazuki Augus revealed

Shield card added to hand: Mikazuki Augus

Battle ended

ddd

Gundam deployed

Gundam deployed

Turn end phase started

Kiraya

Passed

ddd

Passed

Turn ended!

Turn 13 started!

Kiraya

Gundam Barbatos 1st Form deployed

Linked pilot: Mikazuki Augus on unit Gundam Barbatos 1st Form

Selecting target for Mikazuki Augus

Mikazuki Augus: Dealt 1 damage to: Gundam Barbatos 1st Form and Gundam

Battle initiated

Kiraya

Battle declared: Gundam Barbatos 1st Form against Nu Gundam

Gundam Barbatos 1st Form: Draw a card

ddd

No blockers available

Action step

ddd

Passed

Kiraya

Passed

Battle started: Gundam Barbatos 1st Form against Nu Gundam

ddd

Nu Gundam received 5 damage, now destroyed

Kiraya

Gundam Barbatos 1st Form received 4 damage, now destroyed

Battle ended

Battle initiated

Kiraya

Battle declared: Hyakuren against Enemy Player

ddd

No blockers available

Action step

ddd

Passed

Kiraya

Passed

Battle started: Hyakuren against Enemy Shield

ddd

Shield card: Amuro Ray revealed

Shield card added to hand: Amuro Ray

Battle ended

Battle initiated

Kiraya

Battle declared: Gundam Flauros (Ryusei-Go) against Enemy Player

No targets for Gundam Flauros (Ryusei-Go)

ddd

No blockers available

Action step

ddd

Passed

Kiraya

Passed

Battle started: Gundam Flauros (Ryusei-Go) against Enemy Shield

ddd

Shield card: Re-GZ revealed and discarded

Battle ended

Kiraya

Gundam Barbatos Adapt deployed

Selecting target for Gundam Barbatos Adapt

Gundam Barbatos Adapt: Dealt 1 damage to: Gundam Barbatos Adapt and Gundam

Played command: Airframe Seizure

Selecting target for Airframe Seizure

Gundam Barbatos Lupus discarded

Airframe Seizure: Draw 2 cards

Linked pilot: Mikazuki Augus on unit Gundam Barbatos Adapt

Selecting target for Mikazuki Augus

Mikazuki Augus: Dealt 1 damage to: Gundam Barbatos Adapt and Gundam

Battle initiated

Kiraya

Battle declared: Gundam Barbatos Adapt against Enemy Player

ddd

No blockers available

Action step

ddd

Passed

Kiraya

Passed

Battle started: Gundam Barbatos Adapt against Enemy Shield

ddd

Shield card: Ra Cailum revealed

Played base: Ra Cailum

Shield card added to hand

Battle ended

Turn end phase started

ddd

Passed

Kiraya

Passed

Turn ended!

Turn 14 started!

Battle initiated

ddd

Battle declared: Gundam against Enemy Player

Kiraya

No blockers available

Action step

Kiraya

Passed

ddd

Passed

Battle started: Gundam against Enemy Shield

Kiraya

Shield card: Gundam Barbatos 1st Form revealed and discarded

Battle ended

ddd

Nu Gundam deployed

Activated: Ra Cailum

Rested base: Ra Cailum

Ra Cailum: Modifier applied to: Nu Gundam

Linked pilot: Amuro Ray on unit Nu Gundam

Selecting target for Nu Gundam

Nu Gundam, Kayra's Re-GZ and Re-GZ exiled from the game

Selecting target for Nu Gundam

Battle started: Nu Gundam against Gundam Barbatos Adapt

Kiraya

Gundam Barbatos Adapt received 7 damage, now destroyed

ddd

Nu Gundam received 4 damage, reduced by 1, leaving 3 HP remaining

Kiraya

Breach 5 Shield card: Ryusei-Go (Graze Custom Ⅱ) revealed and discarded

ddd

Selecting target for Amuro Ray

Already rested unit: Gundam Flauros (Ryusei-Go)

Battle ended

Battle initiated

ddd

Battle declared: Nu Gundam against Hyakuren

Kiraya

No blockers available

Action step

Kiraya

Passed

ddd

Passed

Battle started: Nu Gundam against Hyakuren

Kiraya

Hyakuren received 7 damage, now destroyed

ddd

Nu Gundam received 4 damage, reduced by 1, now destroyed

Kiraya

Breach 5 Shield card: Gundam Barbatos Lupus revealed and discarded

Battle ended

Battle initiated

ddd

Battle declared: Gundam against Enemy Player

Kiraya

No blockers available

Action step

Kiraya

Passed

ddd

Passed

Battle started: Gundam against Enemy Player

Kiraya

No more shields available, game is over!

ddd

Winner!

Game ended!