Mobile Suit Arena - Battle logs
Game started!

哪个男人

Choose to play first

Choose to mulligan starting hand

Kiraya

Choose to mulligan starting hand

Turn 1 started!

Turn end phase started

Kiraya

Passed

哪个男人

Passed

Turn ended!

Turn 2 started!

Kiraya

Replaced EX Base base: Minerva

Shield card added to hand

Selecting target for Minerva

Turn end phase started

哪个男人

Passed

Kiraya

Passed

Turn ended!

Turn 3 started!

Turn end phase started

Kiraya

Passed

哪个男人

Passed

Turn ended!

Turn 4 started!

Kiraya

Hyakuren deployed

Turn end phase started

哪个男人

Passed

Kiraya

Passed

Turn ended!

Turn 5 started!

Turn end phase started

Kiraya

Passed

哪个男人

Passed

Turn ended!

Turn 6 started!

Battle initiated

Kiraya

Battle declared: Hyakuren against Enemy Player

哪个男人

No blockers available

Action step

哪个男人

Passed

Kiraya

Passed

Battle started: Hyakuren against EX Base

哪个男人

EX Base received 4 damage, now destroyed

Battle ended

Kiraya

Hyakuren deployed

Gundam Exia Repair deployed

Turn end phase started

哪个男人

Passed

Kiraya

Passed

Turn ended!

Turn 7 started!

哪个男人

Gundam deployed

Linked pilot: Amuro Ray on unit Gundam

Selecting target for Amuro Ray

Rested unit: Hyakuren

Battle initiated

哪个男人

Battle declared: Gundam against Hyakuren

Kiraya

No blockers available

Action step

Kiraya

Played action: Darkness Finger

Darkness Finger: Dealt 2 damage to Gundam, leaving 3 HP remaining

哪个男人

Passed

Kiraya

Passed

哪个男人

Battle started: Gundam against Hyakuren

Kiraya

Hyakuren received 6 damage, now destroyed

哪个男人

Gundam received 4 damage, now destroyed

Battle ended

Turn end phase started

Kiraya

Passed

哪个男人

Passed

Turn ended!

Turn 8 started!

Battle initiated

Kiraya

Battle declared: Gundam Exia Repair against Enemy Player

哪个男人

No blockers available

Action step

哪个男人

Passed

Kiraya

Passed

Battle started: Gundam Exia Repair against Enemy Shield

哪个男人

Shield card: Re-GZ BWS revealed and discarded

Battle ended

Battle initiated

Kiraya

Battle declared: Hyakuren against Enemy Player

哪个男人

No blockers available

Action step

哪个男人

Passed

Kiraya

Passed

Battle started: Hyakuren against Enemy Shield

哪个男人

Shield card: Zaku Ⅱ revealed and discarded

Battle ended

Kiraya

Shiden Custom (Ryusei-Go) deployed

Turn end phase started

哪个男人

Passed

Kiraya

Passed

Turn ended!

Turn 9 started!

哪个男人

Nu Gundam deployed

Linked pilot: Amuro Ray on unit Nu Gundam

Selecting target for Amuro Ray

Rested unit: Shiden Custom (Ryusei-Go)

Battle initiated

哪个男人

Battle declared: Nu Gundam against Shiden Custom (Ryusei-Go)

Kiraya

No blockers available

Action step

Kiraya

Passed

哪个男人

Passed

Battle started: Nu Gundam against Shiden Custom (Ryusei-Go)

Kiraya

Shiden Custom (Ryusei-Go) received 6 damage, now destroyed

哪个男人

Nu Gundam received 4 damage, leaving 1 HP remaining

Kiraya

Breach 3: : Minerva received 3 damage, leaving 2 HP remaining

Battle ended

Turn end phase started

Kiraya

Passed

哪个男人

Passed

Turn ended!

Turn 10 started!

Kiraya

Gundam Barbatos 1st Form deployed

Gundam Barbatos Adapt deployed

Selecting target for Gundam Barbatos Adapt

Gundam Barbatos Adapt: Dealt 1 damage to: Gundam Barbatos 1st Form and Nu Gundam

Played command: Airframe Seizure

Selecting target for Airframe Seizure

Zeheart Galette discarded

Airframe Seizure: Draw 2 cards

Battle initiated

Kiraya

Battle declared: Gundam Exia Repair against Enemy Player

哪个男人

No blockers available

Action step

哪个男人

Passed

Kiraya

Passed

Battle started: Gundam Exia Repair against Enemy Shield

哪个男人

Shield card: Amuro Ray revealed

Shield card added to hand: Amuro Ray

Battle ended

Battle initiated

Kiraya

Battle declared: Hyakuren against Enemy Player

哪个男人

No blockers available

Action step

哪个男人

Passed

Kiraya

Passed

Battle started: Hyakuren against Enemy Shield

哪个男人

Shield card: Wing Gundam revealed and discarded

Battle ended

Turn end phase started

哪个男人

Passed

Kiraya

Passed

Turn ended!

Turn 11 started!

哪个男人

Played base: Peacemillion

Shield card added to hand

Nu Gundam deployed

Placed 1 Resource EX

Linked pilot: Amuro Ray on unit Nu Gundam

Selecting target for Amuro Ray

Rested unit: Gundam Barbatos 1st Form

Battle initiated

哪个男人

Battle declared: Nu Gundam against Gundam Barbatos 1st Form

Kiraya

No blockers available

Action step

Kiraya

Passed

哪个男人

Passed

Battle started: Nu Gundam against Gundam Barbatos 1st Form

Kiraya

Gundam Barbatos 1st Form received 6 damage, now destroyed

哪个男人

Nu Gundam received 3 damage, leaving 2 HP remaining

Kiraya

Breach 3: : Minerva received 3 damage, now destroyed

Battle ended

Turn end phase started

Kiraya

Passed

哪个男人

Passed

Turn ended!

Turn 12 started!

Battle initiated

Kiraya

Battle declared: Gundam Exia Repair against Nu Gundam

哪个男人

No blockers available

Action step

哪个男人

Passed

Kiraya

Passed

Battle started: Gundam Exia Repair against Nu Gundam

哪个男人

Nu Gundam received 2 damage, now destroyed

Kiraya

Gundam Exia Repair received 6 damage, now destroyed

Gundam Exia Repair milled 2: Darkness Finger and Mikazuki Augus moved to trash

Battle ended

Battle initiated

Kiraya

Battle declared: Hyakuren against Enemy Player

哪个男人

No blockers available

Action step

哪个男人

Passed

Kiraya

Passed

Battle started: Hyakuren against Peacemillion

哪个男人

Peacemillion received 4 damage, leaving 2 HP remaining

Battle ended

Battle initiated

Kiraya

Battle declared: Gundam Barbatos Adapt against Enemy Player

哪个男人

No blockers available

Action step

哪个男人

Passed

Kiraya

Passed

Battle started: Gundam Barbatos Adapt against Peacemillion

哪个男人

Peacemillion received 2 damage, now destroyed

Battle ended

Kiraya

Hyakuren deployed

Graze Custom deployed

Turn end phase started

哪个男人

Passed

Kiraya

Passed

Turn ended!

Turn 13 started!

哪个男人

Wing Gundam Zero deployed

Dealt 3 damage to: Hyakuren, Gundam Barbatos Adapt, Hyakuren and Graze Custom

Turn end phase started

Kiraya

Passed

哪个男人

Passed

Turn ended!

Turn 14 started!

Battle initiated

Kiraya

Battle declared: Gundam Barbatos Adapt against Enemy Player

哪个男人

No blockers available

Action step

哪个男人

Passed

Kiraya

Passed

Battle started: Gundam Barbatos Adapt against Enemy Shield

哪个男人

Shield card: Heero Yuy revealed

Shield card added to hand: Heero Yuy

Battle ended

Kiraya

Graze Custom deployed

Gundam Barbatos 1st Form deployed

Turn end phase started

哪个男人

Passed

Kiraya

Passed

Turn ended!

Turn 15 started!

哪个男人

Played base: Peacemillion

No more Shield cards to add to hand

Battle initiated

哪个男人

Battle declared: Wing Gundam Zero against Gundam Barbatos Adapt

Kiraya

Can't block High-maneuver

Action step

Kiraya

Passed

哪个男人

Passed

Battle started: Wing Gundam Zero against Gundam Barbatos Adapt

Kiraya

Gundam Barbatos Adapt received 5 damage, now destroyed

哪个男人

Wing Gundam Zero received 2 damage, leaving 5 HP remaining

Selecting target for Peacemillion

Healed 2 damage to: Wing Gundam Zero

Battle ended

哪个男人

Wing Gundam deployed

Linked pilot: Heero Yuy on unit Wing Gundam

Battle initiated

哪个男人

Battle declared: Wing Gundam against Gundam Barbatos 1st Form

Kiraya

No blockers available

Action step

Kiraya

Passed

哪个男人

Passed

Battle started: Wing Gundam against Gundam Barbatos 1st Form

Kiraya

Gundam Barbatos 1st Form received 7 damage, now destroyed

哪个男人

Wing Gundam received 3 damage, leaving 4 HP remaining

Kiraya

Breach 5 Shield card: Shiden Custom (Ryusei-Go) revealed and discarded

Battle ended

哪个男人

Kayra's Re-GZ deployed

Selecting target for Kayra's Re-GZ

Returned to deck top

Turn end phase started

Kiraya

Passed

哪个男人

Passed

Turn ended!

Turn 16 started!

Kiraya

Gundam Barbatos Lupus deployed

Activated: Gundam Barbatos Lupus

Gundam Barbatos Adapt, Gundam Barbatos 1st Form and Shiden Custom (Ryusei-Go) exiled from the game

Selecting target for Gundam Barbatos Lupus

Gundam Barbatos Lupus: Dealt 2 damage to Wing Gundam Zero, leaving 5 HP remaining

Activated: Gundam Barbatos Lupus

Hyakuren, Hyakuren and Graze Custom exiled from the game

Selecting target for Gundam Barbatos Lupus

Gundam Barbatos Lupus: Dealt 2 damage to Wing Gundam Zero, leaving 3 HP remaining

Activated: Gundam Barbatos Lupus

Hyakuren, Shiden Custom (Ryusei-Go) and Gundam Barbatos 1st Form exiled from the game

Selecting target for Gundam Barbatos Lupus

Gundam Barbatos Lupus: Dealt 2 damage to Wing Gundam Zero, leaving 1 HP remaining

Battle initiated

Kiraya

Battle declared: Graze Custom against Wing Gundam Zero

哪个男人

No blockers available

Action step

哪个男人

Passed

Kiraya

Passed

Battle started: Graze Custom against Wing Gundam Zero

哪个男人

Wing Gundam Zero received 2 damage, now destroyed

Kiraya

Graze Custom received 5 damage, now destroyed

Battle ended

Kiraya

Graze Custom deployed

Turn end phase started

哪个男人

Passed

Kiraya

Passed

Turn ended!

Turn 17 started!

哪个男人

Played command: A Show of Resolve

A Show of Resolve: Draw 2 cards

Strike Freedom Gundam deployed

Selecting target for Strike Freedom Gundam

Strike Freedom Gundam: chose Wing Gundam and Kayra's Re-GZ

Battle initiated

哪个男人

Battle declared: Wing Gundam against Graze Custom

Kiraya

No blockers available

Action step

Kiraya

Passed

哪个男人

Passed

Battle started: Wing Gundam against Graze Custom

Kiraya

Graze Custom received 7 damage, now destroyed

哪个男人

Wing Gundam received 2 damage, leaving 2 HP remaining

Strike Freedom Gundam: Draw a card

Selecting target for Peacemillion

Healed 2 damage to: Wing Gundam

Kiraya

Breach 5 Shield card: Mikazuki Augus revealed

Shield card added to hand: Mikazuki Augus

Battle ended

Turn end phase started

Kiraya

Passed

哪个男人

Passed

Turn ended!

Turn 18 started!

Kiraya

Activated: Gundam Barbatos Lupus

Ryusei-Go (Graze Custom Ⅱ), Graze Custom and Graze Custom exiled from the game

Selecting target for Gundam Barbatos Lupus

Gundam Barbatos Lupus: Dealt 2 damage to Wing Gundam, leaving 2 HP remaining

Played action: Darkness Finger

Darkness Finger: Dealt 2 damage to Wing Gundam, now destroyed

Turn end phase started

哪个男人

Passed

Kiraya

Passed

Turn ended!

Turn 19 started!

哪个男人

Played command: Interwoven Blessings

Kiraya

Shield cards: Shiden Custom (Ryusei-Go) and Gundam Flauros (Ryusei-Go) revealed and discarded

Battle initiated

哪个男人

Battle declared: Kayra's Re-GZ against Enemy Player

Kiraya

No blockers available

Action step

Kiraya

Passed

哪个男人

Passed

Battle started: Kayra's Re-GZ against Enemy Player

Kiraya

Shield card: Gundam Gusion Rebake revealed and discarded

Battle ended

Battle initiated

哪个男人

Battle declared: Strike Freedom Gundam against Enemy Player

Kiraya

No blockers available

Action step

Kiraya

Passed

哪个男人

Passed

Battle started: Strike Freedom Gundam against Enemy Player

Kiraya

No more shields available, game is over!

哪个男人

Winner!

Game ended!