Mobile Suit Arena - Battle logs
Game started!

Kiraya

Choose to play second

Choose to keep starting hand

Niki

Choose to keep starting hand

Turn 1 started!

Turn end phase started

Kiraya

Passed

Niki

Passed

Turn ended!

Turn 2 started!

Kiraya

Graze Custom deployed

Turn end phase started

Niki

Passed

Kiraya

Passed

Turn ended!

Turn 3 started!

Turn end phase started

Kiraya

Passed

Niki

Passed

Turn ended!

Turn 4 started!

Kiraya

Graze Custom deployed

Battle initiated

Kiraya

Battle declared: Graze Custom against Enemy Player

Niki

No blockers available

Action step

Niki

Passed

Kiraya

Passed

Battle started: Graze Custom against EX Base

Niki

EX Base received 2 damage, leaving 1 HP remaining

Battle ended

Turn end phase started

Niki

Passed

Kiraya

Passed

Turn ended!

Turn 5 started!

Niki

Gundam Lfrith deployed

Turn end phase started

Kiraya

Passed

Niki

Passed

Turn ended!

Turn 6 started!

Battle initiated

Kiraya

Battle declared: Graze Custom against Enemy Player

Niki

Assigned Gundam Lfrith to block

Action step

Niki

Passed

Kiraya

Passed

Battle started: Graze Custom against Gundam Lfrith

Niki

Gundam Lfrith received 2 damage, leaving 2 HP remaining

Kiraya

Graze Custom received 2 damage, now destroyed

Battle ended

Battle initiated

Kiraya

Battle declared: Graze Custom against Enemy Player

Niki

No blockers available

Action step

Niki

Passed

Kiraya

Passed

Battle started: Graze Custom against EX Base

Niki

EX Base received 2 damage, now destroyed

Battle ended

Kiraya

Gundam Barbatos Adapt deployed

Selecting target for Gundam Barbatos Adapt

Gundam Barbatos Adapt: Dealt 1 damage to: Gundam Barbatos Adapt and Gundam Lfrith

Linked pilot: Mikazuki Augus on unit Gundam Barbatos Adapt

Selecting target for Mikazuki Augus

Mikazuki Augus: Dealt 1 damage to: Gundam Barbatos Adapt and Gundam Lfrith

Battle initiated

Kiraya

Battle declared: Gundam Barbatos Adapt against Enemy Player

Niki

No blockers available

Action step

Niki

Passed

Kiraya

Passed

Battle started: Gundam Barbatos Adapt against Enemy Shield

Niki

Shield card: V-Dash Gundam revealed and discarded

Battle ended

Turn end phase started

Niki

Passed

Kiraya

Passed

Turn ended!

Turn 7 started!

Niki

Strike Rouge (Ootori) deployed

Played command: Overflowing Affection

Overflowing Affection: Draw 2 cards

Selecting target for Overflowing Affection

Unicorn Gundam 02 Banshee Norn (Destroy Mode) discarded

Turn end phase started

Kiraya

Passed

Niki

Passed

Turn ended!

Turn 8 started!

Battle initiated

Kiraya

Battle declared: Graze Custom against Enemy Player

Niki

Assigned no blocker

Action step

Niki

Passed

Kiraya

Passed

Battle started: Graze Custom against Enemy Shield

Niki

Shield card: Reineforce Jr. revealed

Played base: Reineforce Jr.

Shield card added to hand

Battle ended

Kiraya

Gundam Barbatos Adapt deployed

Selecting target for Gundam Barbatos Adapt

Gundam Barbatos Adapt: Dealt 1 damage to: Gundam Barbatos Adapt and Strike Rouge (Ootori)

Gundam Barbatos Adapt deployed

Selecting target for Gundam Barbatos Adapt

Gundam Barbatos Adapt: Dealt 1 damage to: Gundam Barbatos Adapt and Strike Rouge (Ootori)

Turn end phase started

Niki

Passed

Kiraya

Passed

Turn ended!

Turn 9 started!

Niki

Victory Gundam deployed

Zoloat (League Militaire) deployed

Turn end phase started

Kiraya

Passed

Niki

Passed

Turn ended!

Turn 10 started!

Kiraya

Gundam Flauros (Ryusei-Go) deployed

Selecting target for Gundam Flauros (Ryusei-Go)

Played command: Airframe Seizure

Selecting target for Airframe Seizure

Gundam Exia Repair discarded

Airframe Seizure: Draw 2 cards

Played action: Darkness Finger

Darkness Finger: Dealt 2 damage to Strike Rouge (Ootori), now destroyed

Battle initiated

Kiraya

Battle declared: Gundam Barbatos Adapt against Enemy Player

Niki

No blockers available

Action step

Niki

Passed

Kiraya

Passed

Battle started: Gundam Barbatos Adapt against Reineforce Jr.

Niki

Reineforce Jr. received 4 damage, leaving 1 HP remaining

Battle ended

Battle initiated

Kiraya

Battle declared: Graze Custom against Enemy Player

Niki

No blockers available

Action step

Niki

Passed

Kiraya

Passed

Battle started: Graze Custom against Reineforce Jr.

Niki

Reineforce Jr. received 2 damage, now destroyed

Battle ended

Battle initiated

Kiraya

Battle declared: Gundam Barbatos Adapt against Enemy Player

Niki

No blockers available

Action step

Niki

Passed

Kiraya

Passed

Battle started: Gundam Barbatos Adapt against Enemy Shield

Niki

Shield card: Üso Ewin revealed

Shield card added to hand: Üso Ewin

Battle ended

Battle initiated

Kiraya

Battle declared: Gundam Barbatos Adapt against Enemy Player

Niki

No blockers available

Action step

Niki

Passed

Kiraya

Passed

Battle started: Gundam Barbatos Adapt against Enemy Shield

Niki

Shield card: Gundam Lfrith revealed and discarded

Battle ended

Turn end phase started

Niki

Passed

Kiraya

Passed

Turn ended!

Turn 11 started!

Niki

Victory Gundam deployed

Linked pilot: Üso Ewin on unit Victory Gundam

Parts deployed

Battle initiated

Niki

Battle declared: Victory Gundam against Gundam Barbatos Adapt

Victory Gundam: Draw a card

Kiraya

No blockers available

Action step

Kiraya

Passed

Niki

Passed

Battle started: Victory Gundam against Gundam Barbatos Adapt

Kiraya

Gundam Barbatos Adapt received 5 damage, now destroyed

Niki

Victory Gundam received 2 damage, leaving 3 HP remaining

Battle ended

Battle initiated

Niki

Battle declared: Victory Gundam against Gundam Barbatos Adapt

Victory Gundam: Draw a card

Kiraya

No blockers available

Action step

Kiraya

Passed

Niki

Passed

Battle started: Victory Gundam against Gundam Barbatos Adapt

Kiraya

Gundam Barbatos Adapt received 3 damage, now destroyed

Niki

Victory Gundam received 4 damage, now destroyed

Battle ended

Niki

Played base: Reineforce Jr.

Shield card added to hand

Parts deployed

Played command: Overflowing Affection

Overflowing Affection: Draw 2 cards

Selecting target for Overflowing Affection

Strike Freedom Gundam discarded

Turn end phase started

Kiraya

Passed