Mobile Suit Arena - Battle logs
Game started!

kojiro

Choose to play first

Kiraya

Choose to keep starting hand

kojiro

Choose to keep starting hand

Turn 1 started!

Turn end phase started

Kiraya

Passed

kojiro

Passed

Turn ended!

Turn 2 started!

Turn end phase started

kojiro

Passed

Kiraya

Passed

Turn ended!

Turn 3 started!

kojiro

Jegan deployed

Zaku Ⅱ deployed

Turn end phase started

Kiraya

Passed

kojiro

Passed

Turn ended!

Turn 4 started!

Kiraya

Hyakuren deployed

Turn end phase started

kojiro

Passed

Kiraya

Passed

Turn ended!

Turn 5 started!

Battle initiated

kojiro

Battle declared: Zaku Ⅱ against Enemy Player

Zaku Ⅱ: Modifier applied to: Zaku Ⅱ

Kiraya

No blockers available

Action step

Kiraya

Passed

kojiro

Passed

Battle started: Zaku Ⅱ against EX Base

Kiraya

EX Base received 3 damage, now destroyed

Battle ended

Battle initiated

kojiro

Battle declared: Jegan against Enemy Player

Kiraya

No blockers available

Action step

Kiraya

Passed

kojiro

Passed

Battle started: Jegan against Enemy Shield

Kiraya

Shield card: Isaribi revealed

Played base: Isaribi

Shield card added to hand

Battle ended

kojiro

Replaced EX Base base: Ra Cailum

Shield card added to hand

Rick Dom deployed

Activated: Ra Cailum

Rested base: Ra Cailum

Ra Cailum: Modifier applied to: Jegan

Turn end phase started

Kiraya

Passed

kojiro

Passed

Turn ended!

Turn 6 started!

Kiraya

Gundam Barbatos 1st Form deployed

Linked pilot: Mikazuki Augus on unit Gundam Barbatos 1st Form

Selecting target for Mikazuki Augus

Mikazuki Augus: Dealt 1 damage to: Gundam Barbatos 1st Form and Rick Dom

Played action: Darkness Finger

Darkness Finger: Dealt 2 damage to Rick Dom, now destroyed

Battle initiated

Kiraya

Battle declared: Gundam Barbatos 1st Form against Enemy Player

Gundam Barbatos 1st Form: Draw a card

kojiro

No blockers available

Action step

kojiro

Passed

Kiraya

Passed

Battle started: Gundam Barbatos 1st Form against Ra Cailum

kojiro

Ra Cailum received 5 damage, now destroyed

Battle ended

Battle initiated

Kiraya

Battle declared: Hyakuren against Zaku Ⅱ

kojiro

No blockers available

Action step

kojiro

Passed

Kiraya

Passed

Battle started: Hyakuren against Zaku Ⅱ

kojiro

Zaku Ⅱ received 4 damage, now destroyed

Kiraya

Hyakuren received 1 damage, leaving 2 HP remaining

Battle ended

Turn end phase started

kojiro

Passed

Kiraya

Passed

Turn ended!

Turn 7 started!

Battle initiated

kojiro

Battle declared: Jegan against Gundam Barbatos 1st Form

Kiraya

No blockers available

Action step

Kiraya

Passed

kojiro

Passed

Battle started: Jegan against Gundam Barbatos 1st Form

Kiraya

Gundam Barbatos 1st Form received 2 damage, now destroyed

kojiro

Jegan received 5 damage, now destroyed

Battle ended

kojiro

Played base: Corsica Base

Shield card added to hand

Tallgeese deployed

Turn end phase started

Kiraya

Passed

kojiro

Passed

Turn ended!

Turn 8 started!

Kiraya

Hyakuren deployed

Paired pilot: Mikazuki Augus on unit Hyakuren

Selecting target for Mikazuki Augus

Mikazuki Augus: Dealt 1 damage to: Hyakuren and Tallgeese

Paired pilot: Mikazuki Augus on unit Hyakuren

Selecting target for Mikazuki Augus

Mikazuki Augus: Dealt 1 damage to: Hyakuren and Tallgeese

Battle initiated

Kiraya

Battle declared: Hyakuren against Enemy Player

kojiro

No blockers available

Action step

kojiro

Passed

Kiraya

Passed

Battle started: Hyakuren against Corsica Base

kojiro

Corsica Base received 6 damage, now destroyed

Battle ended

Turn end phase started

kojiro

Passed

Kiraya

Passed

Turn ended!

Turn 9 started!

kojiro

ReZEL deployed

ReZEL deployed

Turn end phase started

Kiraya

Passed

kojiro

Passed

Turn ended!

Turn 10 started!

Battle initiated

Kiraya

Battle declared: Hyakuren against Enemy Player

kojiro

No blockers available

Action step

kojiro

Passed

Kiraya

Passed

Battle started: Hyakuren against Enemy Shield

kojiro

Shield card: Re-GZ revealed and discarded

Battle ended

Battle initiated

Kiraya

Battle declared: Hyakuren against Enemy Player

kojiro

No blockers available

Action step

kojiro

Passed

Kiraya

Passed

Battle started: Hyakuren against Enemy Shield

kojiro

Shield card: Nu Gundam revealed and discarded

Battle ended

Kiraya

Shiden Custom (Ryusei-Go) deployed

Hyakuren deployed

Turn end phase started

kojiro

Passed

Kiraya

Passed

Turn ended!

Turn 11 started!

kojiro

Gundam deployed

Linked pilot: Amuro Ray on unit Gundam

Battle initiated

kojiro

Battle declared: ReZEL against Hyakuren

Kiraya

Assigned Shiden Custom (Ryusei-Go) to block

Action step

Kiraya

Passed

kojiro

Passed

Battle started: ReZEL against Shiden Custom (Ryusei-Go)

Kiraya

Shiden Custom (Ryusei-Go) received 5 damage, now destroyed

kojiro

ReZEL received 4 damage, now destroyed

Battle ended

Battle initiated

kojiro

Battle declared: ReZEL against Hyakuren

Kiraya

No blockers available

Action step

Kiraya

Passed

kojiro

Passed

Battle started: ReZEL against Hyakuren

Kiraya

Hyakuren received 5 damage, now destroyed

kojiro

ReZEL received 6 damage, now destroyed

Battle ended

Battle initiated

kojiro

Battle declared: Gundam against Hyakuren

Kiraya

No blockers available

Action step

Kiraya

Passed

kojiro

Passed

Battle started: Gundam against Hyakuren

Kiraya

Hyakuren received 6 damage, now destroyed

kojiro

Gundam received 6 damage, now destroyed

Battle ended

kojiro

Rick Dom deployed

Turn end phase started

Kiraya

Passed

kojiro

Passed

Turn ended!

Turn 12 started!

Battle initiated

Kiraya

Battle declared: Hyakuren against Enemy Player

kojiro

No blockers available

Action step

kojiro

Passed

Kiraya

Passed

Battle started: Hyakuren against Enemy Shield

kojiro

Shield card: Re-GZ revealed and discarded

Battle ended

Kiraya

Shiden Custom (Ryusei-Go) deployed

Graze Custom deployed

Paired pilot: Zeheart Galette on unit Shiden Custom (Ryusei-Go)

Zeheart Galette milled 2: Graze Custom and Graze Custom moved to trash

Turn end phase started

kojiro

Passed

Kiraya

Passed

Turn ended!

Turn 13 started!

kojiro

Played base: Ra Cailum

Shield card added to hand

Nu Gundam deployed

Battle initiated

kojiro

Battle declared: Rick Dom against Hyakuren

Kiraya

Assigned Shiden Custom (Ryusei-Go) to block

Action step

Kiraya

Passed

kojiro

Passed

Battle started: Rick Dom against Shiden Custom (Ryusei-Go)

Kiraya

Shiden Custom (Ryusei-Go) received 3 damage, leaving 2 HP remaining

kojiro

Rick Dom received 6 damage, now destroyed

Battle ended

Kiraya

Winner!

Game ended!