Mobile Suit Arena - Battle logs
Game started!

dadada

Choose to play second

Choose to mulligan starting hand

Kiraya

Choose to keep starting hand

Turn 1 started!

Turn end phase started

dadada

Passed

Kiraya

Passed

Turn ended!

Turn 2 started!

dadada

Jegan deployed

Turn end phase started

Kiraya

Passed

dadada

Passed

Turn ended!

Turn 3 started!

Kiraya

Gundam Exia Repair deployed

Turn end phase started

dadada

Passed

Kiraya

Passed

Turn ended!

Turn 4 started!

dadada

Kayra's Re-GZ deployed

Selecting target for Kayra's Re-GZ

Returned to deck top

Battle initiated

dadada

Battle declared: Jegan against Enemy Player

Kiraya

No blockers available

Action step

Kiraya

Passed

dadada

Passed

Battle started: Jegan against EX Base

Kiraya

EX Base received 2 damage, leaving 1 HP remaining

Battle ended

Turn end phase started

Kiraya

Passed

dadada

Passed

Turn ended!

Turn 5 started!

Kiraya

Hyakuren deployed

Battle initiated

Kiraya

Battle declared: Gundam Exia Repair against Jegan

dadada

No blockers available

Action step

dadada

Passed

Kiraya

Passed

Battle started: Gundam Exia Repair against Jegan

dadada

Jegan received 2 damage, now destroyed

Kiraya

Gundam Exia Repair received 2 damage, now destroyed

Gundam Exia Repair milled 2: Minerva and Gundam Gusion Rebake moved to trash

Battle ended

Turn end phase started

dadada

Passed

Kiraya

Passed

Turn ended!

Turn 6 started!

Battle initiated

dadada

Battle declared: Kayra's Re-GZ against Enemy Player

Kiraya

No blockers available

Action step

Kiraya

Passed

dadada

Passed

Battle started: Kayra's Re-GZ against EX Base

Kiraya

EX Base received 3 damage, now destroyed

Battle ended

dadada

Re-GZ deployed

Turn end phase started

Kiraya

Passed

dadada

Passed

Turn ended!

Turn 7 started!

Kiraya

Gundam Barbatos 1st Form deployed

Linked pilot: Mikazuki Augus on unit Gundam Barbatos 1st Form

Selecting target for Mikazuki Augus

Mikazuki Augus: Dealt 1 damage to: Gundam Barbatos 1st Form and Re-GZ

Battle initiated

Kiraya

Battle declared: Hyakuren against Kayra's Re-GZ

dadada

No blockers available

Action step

dadada

Passed

Kiraya

Passed

Battle started: Hyakuren against Kayra's Re-GZ

dadada

Kayra's Re-GZ received 4 damage, now destroyed

Kiraya

Hyakuren received 3 damage, now destroyed

Battle ended

Battle initiated

Kiraya

Battle declared: Gundam Barbatos 1st Form against Enemy Player

Gundam Barbatos 1st Form: Draw a card

dadada

No blockers available

Action step

dadada

Passed

Kiraya

Passed

Battle started: Gundam Barbatos 1st Form against EX Base

dadada

EX Base received 5 damage, now destroyed

Battle ended

Kiraya

Played command: Airframe Seizure

Selecting target for Airframe Seizure

Ryusei-Go (Graze Custom Ⅱ) discarded

Airframe Seizure: Draw 2 cards

Turn end phase started

dadada

Passed

Kiraya

Passed

Turn ended!

Turn 8 started!

Battle initiated

dadada

Battle declared: Re-GZ against Gundam Barbatos 1st Form

Kiraya

No blockers available

Action step

Kiraya

Passed

dadada

Passed

Battle started: Re-GZ against Gundam Barbatos 1st Form

Kiraya

Gundam Barbatos 1st Form received 4 damage, now destroyed

dadada

Re-GZ received 5 damage, now destroyed

Selecting target for Re-GZ

Card added to hand: Nu Gundam

Battle ended

dadada

Nu Gundam deployed

Placed 1 Resource EX

Turn end phase started

Kiraya

Passed

dadada

Passed

Turn ended!

Turn 9 started!

Kiraya

Shiden Custom (Ryusei-Go) deployed

Hyakuren deployed

Turn end phase started

dadada

Passed

Kiraya

Passed

Turn ended!

Turn 10 started!

dadada

Nu Gundam deployed

Linked pilot: Amuro Ray on unit Nu Gundam

Selecting target for Nu Gundam

Jegan, Kayra's Re-GZ and Re-GZ exiled from the game

Selecting target for Nu Gundam

Battle started: Nu Gundam against Shiden Custom (Ryusei-Go)

Kiraya

Shiden Custom (Ryusei-Go) received 7 damage, now destroyed

dadada

Nu Gundam received 4 damage, leaving 3 HP remaining

Healed 2 damage to: Nu Gundam

Kiraya

Breach 5 Shield card: Hyakuren revealed and discarded

Battle ended

Battle initiated

dadada

Battle declared: Nu Gundam against Enemy Player

Kiraya

No blockers available

Action step

Kiraya

Passed

dadada

Passed

Battle started: Nu Gundam against Enemy Shield

Kiraya

Shield card: Gundam Exia Repair revealed and discarded

Battle ended

Battle initiated

dadada

Battle declared: Nu Gundam against Enemy Player

Kiraya

No blockers available

Action step

Kiraya

Passed

dadada

Passed

Battle started: Nu Gundam against Enemy Shield

Kiraya

Shield card: Gundam Flauros (Ryusei-Go) revealed and discarded

Battle ended

Turn end phase started

Kiraya

Passed

dadada

Passed

Turn ended!

Turn 11 started!

Kiraya

Gundam Barbatos Adapt deployed

Selecting target for Gundam Barbatos Adapt

Gundam Barbatos Adapt: Dealt 1 damage to: Hyakuren and Nu Gundam

Linked pilot: Mikazuki Augus on unit Gundam Barbatos Adapt

Selecting target for Mikazuki Augus

Mikazuki Augus: Dealt 1 damage to: Hyakuren and Nu Gundam

Battle initiated

Kiraya

Battle declared: Hyakuren against Nu Gundam

dadada

No blockers available

Action step

dadada

Passed

Kiraya

Passed

Battle started: Hyakuren against Nu Gundam

dadada

Nu Gundam received 4 damage, now destroyed

Kiraya

Hyakuren received 7 damage, now destroyed

Battle ended

Battle initiated

Kiraya

Battle declared: Gundam Barbatos Adapt against Enemy Player

dadada

No blockers available

Action step

dadada

Passed

Kiraya

Passed

Battle started: Gundam Barbatos Adapt against Enemy Shield

dadada

Shield card: Jegan revealed and discarded

Battle ended

Kiraya

Shiden Custom (Ryusei-Go) deployed

Turn end phase started

dadada

Passed

Kiraya

Passed

Turn ended!

Turn 12 started!

dadada

Nu Gundam deployed

Linked pilot: Amuro Ray on unit Nu Gundam

Selecting target for Nu Gundam

Amuro Ray, Nu Gundam and Jegan exiled from the game

Selecting target for Nu Gundam

Battle started: Nu Gundam against Shiden Custom (Ryusei-Go)

Kiraya

Shiden Custom (Ryusei-Go) received 7 damage, now destroyed

dadada

Nu Gundam received 4 damage, leaving 2 HP remaining

Kiraya

Breach 5 Shield card: Shiden Custom (Ryusei-Go) revealed and discarded

dadada

Selecting target for Amuro Ray

Already rested unit: Gundam Barbatos Adapt

Battle ended

Battle initiated

dadada

Battle declared: Nu Gundam against Enemy Player

Kiraya

No blockers available

Action step

Kiraya

Passed

dadada

Passed

Battle started: Nu Gundam against Enemy Shield

Kiraya

Shield card: Ryusei-Go (Graze Custom Ⅱ) revealed and discarded

Battle ended

Battle initiated

dadada

Battle declared: Nu Gundam against Enemy Player

Kiraya

No blockers available

Action step

Kiraya

Passed

dadada

Passed

Battle started: Nu Gundam against Enemy Shield

Kiraya

Shield card: Gundam Barbatos Lupus revealed and discarded

Battle ended

Turn end phase started

Kiraya

Passed

dadada

Passed

Turn ended!

Turn 13 started!

Kiraya

Gundam Barbatos Adapt deployed

Selecting target for Gundam Barbatos Adapt

Gundam Barbatos Adapt: Dealt 1 damage to: Gundam Barbatos Adapt and Nu Gundam

Linked pilot: Mikazuki Augus on unit Gundam Barbatos Adapt

Selecting target for Mikazuki Augus

Mikazuki Augus: Dealt 1 damage to: Gundam Barbatos Adapt and Nu Gundam

Battle initiated

Kiraya

Battle declared: Gundam Barbatos Adapt against Nu Gundam

dadada

No blockers available

Action step

dadada

Passed

Kiraya

Passed

Battle started: Gundam Barbatos Adapt against Nu Gundam

dadada

Nu Gundam received 4 damage, now destroyed

Kiraya

Gundam Barbatos Adapt received 4 damage, now destroyed

Battle ended

Battle initiated

Kiraya

Battle declared: Gundam Barbatos Adapt against Enemy Player

dadada

No blockers available

Action step

dadada

Passed

Kiraya

Passed

Battle started: Gundam Barbatos Adapt against Enemy Shield

dadada

Shield card: Guntank revealed and discarded

Battle ended

Turn end phase started

dadada

Passed

Kiraya

Passed

Turn ended!

Turn 14 started!

dadada

Gundam deployed

Nu Gundam deployed

Placed 1 Resource EX

Guntank deployed

Selecting target for Guntank

Guntank: Dealt 1 damage to Gundam Barbatos Adapt, leaving 4 HP remaining

Linked pilot: Amuro Ray on unit Gundam

Selecting target for Amuro Ray

Already rested unit: Gundam Barbatos Adapt

Battle initiated

dadada

Battle declared: Gundam against Enemy Player

Kiraya

No blockers available

Action step

Kiraya

Passed

dadada

Passed

Battle started: Gundam against Enemy Player

Kiraya

No more shields available, game is over!

dadada

Winner!

Game ended!