Mobile Suit Arena - Battle logs
Game started!

Aaaa

Choose to play first

Choose to keep starting hand

Kiraya

Choose to mulligan starting hand

Turn 1 started!

Turn end phase started

Kiraya

Passed

Aaaa

Passed

Turn ended!

Turn 2 started!

Kiraya

Graze Custom deployed

Turn end phase started

Aaaa

Passed

Kiraya

Passed

Turn ended!

Turn 3 started!

Aaaa

Replaced EX Base base: Girty Lue

Shield card added to hand

Played command: Airframe Seizure

Selecting target for Airframe Seizure

Girty Lue discarded

Airframe Seizure: Draw 2 cards

Turn end phase started

Kiraya

Passed

Aaaa

Passed

Turn ended!

Turn 4 started!

Kiraya

Hyakuren deployed

Battle initiated

Kiraya

Battle declared: Graze Custom against Enemy Player

Aaaa

No blockers available

Action step

Aaaa

Passed

Kiraya

Passed

Battle started: Graze Custom against Girty Lue

Aaaa

Girty Lue received 2 damage, leaving 3 HP remaining

Battle ended

Turn end phase started

Aaaa

Passed

Kiraya

Passed

Turn ended!

Turn 5 started!

Aaaa

Abyss Gundam deployed

Linked pilot: Auel Neider on unit Abyss Gundam

Selecting target for Girty Lue

Girty Lue: Modifier applied to: Hyakuren

Battle initiated

Aaaa

Battle declared: Abyss Gundam against Graze Custom

Kiraya

No blockers available

Action step

Kiraya

Passed

Aaaa

Passed

Battle started: Abyss Gundam against Graze Custom

Kiraya

Graze Custom received 3 damage, now destroyed

Aaaa

Abyss Gundam received 2 damage, leaving 3 HP remaining

Battle ended

Turn end phase started

Kiraya

Passed

Aaaa

Passed

Turn ended!

Turn 6 started!

Battle initiated

Kiraya

Battle declared: Hyakuren against Enemy Player

Aaaa

No blockers available

Action step

Aaaa

Passed

Kiraya

Passed

Battle started: Hyakuren against Girty Lue

Aaaa

Girty Lue received 4 damage, now destroyed

Battle ended

Kiraya

Gundam Barbatos Adapt deployed

Selecting target for Gundam Barbatos Adapt

Gundam Barbatos Adapt: Dealt 1 damage to: Gundam Barbatos Adapt and Abyss Gundam

Played action: Darkness Finger

Darkness Finger: Dealt 2 damage to Abyss Gundam, now destroyed

Turn end phase started

Aaaa

Passed

Kiraya

Passed

Turn ended!

Turn 7 started!

Aaaa

Gaia Gundam deployed

Linked pilot: Stellar Loussier on unit Gaia Gundam

Battle initiated

Aaaa

Battle declared: Gaia Gundam against Enemy Player

Kiraya

No blockers available

Action step

Kiraya

Passed

Aaaa

Passed

Battle started: Gaia Gundam against EX Base

Kiraya

EX Base received 5 damage, now destroyed

Selecting target for Gaia Gundam

Airframe Seizure discarded

Battle ended

Aaaa

Played command: Airframe Seizure

Selecting target for Airframe Seizure

Exass discarded

Airframe Seizure: Draw 2 cards

Turn end phase started

Kiraya

Passed

Aaaa

Passed

Turn ended!

Turn 8 started!

Kiraya

Gundam Barbatos Adapt deployed

Selecting target for Gundam Barbatos Adapt

Gundam Barbatos Adapt: Dealt 1 damage to: Gundam Barbatos Adapt and Gaia Gundam

Battle initiated

Kiraya

Battle declared: Gundam Barbatos Adapt against Gaia Gundam

Aaaa

No blockers available

Action step

Aaaa

Passed

Kiraya

Passed

Battle started: Gundam Barbatos Adapt against Gaia Gundam

Aaaa

Gaia Gundam received 2 damage, now destroyed

Kiraya

Gundam Barbatos Adapt received 5 damage, now destroyed

Aaaa

Selecting target for Stellar Loussier

Battle ended

Battle initiated

Kiraya

Battle declared: Hyakuren against Enemy Player

Aaaa

No blockers available

Action step

Aaaa

Passed

Kiraya

Passed

Battle started: Hyakuren against Enemy Shield

Aaaa

Shield card: Forbidden Gundam revealed and discarded

Battle ended

Turn end phase started

Aaaa

Passed

Kiraya

Passed

Turn ended!

Turn 9 started!

Aaaa

Played command: Airframe Seizure

Selecting target for Airframe Seizure

Sting Oakley discarded

Airframe Seizure: Draw 2 cards

Gaia Gundam deployed

Linked pilot: Stellar Loussier on unit Gaia Gundam

Battle initiated

Aaaa

Battle declared: Gaia Gundam against Enemy Player

Kiraya

No blockers available

Action step

Kiraya

Passed

Aaaa

Passed

Battle started: Gaia Gundam against Enemy Shield

Kiraya

Shield card: Graze Custom revealed and discarded

Selecting target for Gaia Gundam

Aaaa

Selecting target for Gaia Gundam

Chaos Gundam deployed

Battle ended

Aaaa

Linked pilot: Sting Oakley on unit Chaos Gundam

Battle initiated

Aaaa

Battle declared: Chaos Gundam against Hyakuren

Selecting target for Chaos Gundam

Chaos Gundam: Modifier applied to: Chaos Gundam

Kiraya

Can't block High-maneuver

Action step

Kiraya

Passed

Aaaa

Passed

Battle started: Chaos Gundam against Hyakuren

Kiraya

Hyakuren received 5 damage, now destroyed

Aaaa

Chaos Gundam received 4 damage, now destroyed

Battle ended

Turn end phase started

Kiraya

Passed

Aaaa

Passed

Turn ended!

Turn 10 started!

Kiraya

Shiden Custom (Ryusei-Go) deployed

Gundam Barbatos 1st Form deployed

Battle initiated

Kiraya

Battle declared: Gundam Barbatos Adapt against Enemy Player

Aaaa

No blockers available

Action step

Aaaa

Passed

Kiraya

Passed

Battle started: Gundam Barbatos Adapt against Enemy Shield

Aaaa

Shield card: A Show of Resolve revealed and discarded

Battle ended

Turn end phase started

Aaaa

Passed

Kiraya

Passed

Turn ended!

Turn 11 started!

Aaaa

Played command: Airframe Seizure

Selecting target for Airframe Seizure

Abyss Gundam (MA Mode) discarded

Airframe Seizure: Draw 2 cards

Battle initiated

Aaaa

Battle declared: Gaia Gundam against Gundam Barbatos Adapt

Kiraya

Assigned Shiden Custom (Ryusei-Go) to block

Action step

Kiraya

Passed

Aaaa

Passed

Battle started: Gaia Gundam against Shiden Custom (Ryusei-Go)

Kiraya

Shiden Custom (Ryusei-Go) received 5 damage, now destroyed

Aaaa

Gaia Gundam received 4 damage, now destroyed

Selecting target for Stellar Loussier

Card added to hand: Chaos Gundam

Battle ended

Aaaa

Abyss Gundam (MA Mode) deployed

Chaos Gundam (MA Mode) deployed

Turn end phase started

Kiraya

Passed

Aaaa

Passed

Turn ended!

Turn 12 started!

Kiraya

Gundam Barbatos Lupus deployed

Activated: Gundam Barbatos Lupus

Graze Custom, Hyakuren and Shiden Custom (Ryusei-Go) exiled from the game

Selecting target for Gundam Barbatos Lupus

Gundam Barbatos Lupus: Dealt 2 damage to Chaos Gundam (MA Mode), leaving 2 HP remaining

Played action: Darkness Finger

Darkness Finger: Dealt 2 damage to Chaos Gundam (MA Mode), now destroyed

Battle initiated

Kiraya

Battle declared: Gundam Barbatos Adapt against Enemy Player

Aaaa

No blockers available

Action step

Aaaa

Passed

Kiraya

Passed

Battle started: Gundam Barbatos Adapt against Enemy Shield

Aaaa

Shield card: Exass revealed and discarded

Battle ended

Battle initiated

Kiraya

Battle declared: Gundam Barbatos 1st Form against Enemy Player

Aaaa

No blockers available

Action step

Aaaa

Passed

Kiraya

Passed

Battle started: Gundam Barbatos 1st Form against Enemy Shield

Aaaa

Shield card: Auel Neider revealed

Shield card added to hand: Auel Neider

Battle ended

Turn end phase started

Aaaa

Passed

Kiraya

Passed

Turn ended!

Turn 13 started!

Aaaa

Linked pilot: Auel Neider on unit Abyss Gundam (MA Mode)

Battle initiated

Aaaa

Battle declared: Abyss Gundam (MA Mode) against Gundam Barbatos Adapt

Kiraya

No blockers available

Action step

Kiraya

Passed

Aaaa

Passed

Battle started: Abyss Gundam (MA Mode) against Gundam Barbatos Adapt

Kiraya

Gundam Barbatos Adapt received 4 damage, now destroyed

Aaaa

Abyss Gundam (MA Mode) received 2 damage, leaving 2 HP remaining

Battle ended

Aaaa

Chaos Gundam deployed

Chaos Gundam (MA Mode) deployed

Turn end phase started

Kiraya

Passed

Aaaa

Passed

Turn ended!

Turn 14 started!

Kiraya

Activated: Gundam Barbatos Lupus

Graze Custom, Gundam Barbatos Adapt and Gundam Barbatos Adapt exiled from the game

Selecting target for Gundam Barbatos Lupus

Gundam Barbatos Lupus: Dealt 2 damage to Chaos Gundam, now destroyed

Battle initiated

Kiraya

Battle declared: Gundam Barbatos 1st Form against Enemy Player

Aaaa

No blockers available

Action step

Aaaa

Passed

Kiraya

Passed

Battle started: Gundam Barbatos 1st Form against Enemy Shield

Aaaa

Shield card: Abyss Gundam revealed and discarded

Battle ended

Kiraya

Winner!

Game ended!