Mobile Suit Arena - Battle logs
Game started!

Bill

Choose to play first

Kiraya

Choose to keep starting hand

Bill

Choose to mulligan starting hand

Turn 1 started!

Turn end phase started

Kiraya

Passed

Bill

Passed

Turn ended!

Turn 2 started!

Kiraya

Gundam Exia Repair deployed

Turn end phase started

Bill

Passed

Kiraya

Passed

Turn ended!

Turn 3 started!

Bill

Jegan deployed

Turn end phase started

Kiraya

Passed

Bill

Passed

Turn ended!

Turn 4 started!

Kiraya

Hyakuren deployed

Battle initiated

Kiraya

Battle declared: Gundam Exia Repair against Enemy Player

Bill

No blockers available

Action step

Bill

Passed

Kiraya

Passed

Battle started: Gundam Exia Repair against EX Base

Bill

EX Base received 2 damage, leaving 1 HP remaining

Battle ended

Turn end phase started

Bill

Passed

Kiraya

Passed

Turn ended!

Turn 5 started!

Bill

Re-GZ BWS deployed

Placed 1 Resource EX

Battle initiated

Bill

Battle declared: Jegan against Enemy Player

Kiraya

No blockers available

Action step

Kiraya

Passed

Bill

Passed

Battle started: Jegan against EX Base

Kiraya

EX Base received 2 damage, leaving 1 HP remaining

Battle ended

Turn end phase started

Kiraya

Passed

Bill

Passed

Turn ended!

Turn 6 started!

Battle initiated

Kiraya

Battle declared: Gundam Exia Repair against Enemy Player

Bill

No blockers available

Action step

Bill

Passed

Kiraya

Passed

Battle started: Gundam Exia Repair against EX Base

Bill

EX Base received 2 damage, now destroyed

Battle ended

Battle initiated

Kiraya

Battle declared: Hyakuren against Enemy Player

Bill

No blockers available

Action step

Bill

Passed

Kiraya

Passed

Battle started: Hyakuren against Enemy Shield

Bill

Shield card: Nu Gundam revealed and discarded

Battle ended

Kiraya

Shiden Custom (Ryusei-Go) deployed

Turn end phase started

Bill

Passed

Kiraya

Passed

Turn ended!

Turn 7 started!

Bill

Gundam deployed

Linked pilot: Amuro Ray on unit Gundam

Selecting target for Amuro Ray

Rested unit: Shiden Custom (Ryusei-Go)

Battle initiated

Bill

Battle declared: Jegan against Hyakuren

Kiraya

No blockers available

Action step

Kiraya

Passed

Bill

Passed

Battle started: Jegan against Hyakuren

Kiraya

Hyakuren received 3 damage, now destroyed

Bill

Jegan received 4 damage, now destroyed

Battle ended

Battle initiated

Bill

Battle declared: Re-GZ BWS against Shiden Custom (Ryusei-Go)

Kiraya

No blockers available

Action step

Kiraya

Passed

Bill

Passed

Battle started: Re-GZ BWS against Shiden Custom (Ryusei-Go)

Kiraya

Shiden Custom (Ryusei-Go) received 3 damage, now destroyed

Bill

Re-GZ BWS received 4 damage, now destroyed

Battle ended

Battle initiated

Bill

Battle declared: Gundam against Gundam Exia Repair

Kiraya

No blockers available

Action step

Kiraya

Passed

Bill

Passed

Battle started: Gundam against Gundam Exia Repair

Kiraya

Gundam Exia Repair received 6 damage, now destroyed

Bill

Gundam received 2 damage, leaving 3 HP remaining

Kiraya

Gundam Exia Repair milled 2: Airframe Seizure and Gundam Barbatos 1st Form moved to trash

Battle ended

Turn end phase started

Kiraya

Passed

Bill

Passed

Gundam repaired 2 from [Repair 2]

Turn ended!

Turn 8 started!

Kiraya

Gundam Barbatos 1st Form deployed

Linked pilot: Mikazuki Augus on unit Gundam Barbatos 1st Form

Selecting target for Mikazuki Augus

Mikazuki Augus: Dealt 1 damage to: Gundam Barbatos 1st Form and Gundam

Battle initiated

Kiraya

Battle declared: Gundam Barbatos 1st Form against Gundam

Gundam Barbatos 1st Form: Draw a card

Bill

No blockers available

Action step

Bill

Passed

Kiraya

Passed

Battle started: Gundam Barbatos 1st Form against Gundam

Bill

Gundam received 5 damage, now destroyed

Kiraya

Gundam Barbatos 1st Form received 5 damage, now destroyed

Battle ended

Kiraya

Replaced EX Base base: Minerva

Shield card added to hand

Selecting target for Minerva

Turn end phase started

Bill

Passed

Kiraya

Passed

Turn ended!

Turn 9 started!

Bill

Played command: A Show of Resolve

A Show of Resolve: Draw 2 cards

Played base: Ra Cailum

Shield card added to hand

Played action: Kindhearted

Kindhearted: Draw a card

Turn end phase started

Kiraya

Passed

Bill

Passed

Turn ended!

Turn 10 started!

Kiraya

Shiden Custom (Ryusei-Go) deployed

Gundam Barbatos 1st Form deployed

Turn end phase started

Bill

Passed

Kiraya

Passed

Turn ended!

Turn 11 started!

Bill

Nu Gundam deployed

Placed 1 Resource EX

Linked pilot: Amuro Ray on unit Nu Gundam

Activated: Ra Cailum

Rested base: Ra Cailum

Ra Cailum: Modifier applied to: Nu Gundam

Battle initiated

Bill

Battle declared: Nu Gundam against Enemy Player

Kiraya

Assigned Shiden Custom (Ryusei-Go) to block

Action step

Kiraya

Passed

Bill

Passed

Battle started: Nu Gundam against Shiden Custom (Ryusei-Go)

Kiraya

Shiden Custom (Ryusei-Go) received 6 damage, now destroyed

Bill

Nu Gundam received 4 damage, reduced by 1, leaving 3 HP remaining

Healed 2 damage to: Nu Gundam

Kiraya

Breach 3: : Minerva received 3 damage, leaving 2 HP remaining

Battle ended

Turn end phase started

Kiraya

Passed

Bill

Passed

Turn ended!

Turn 12 started!

Kiraya

Gundam Gusion Rebake deployed

Selecting target for Gundam Gusion Rebake

Gundam Gusion Rebake: Dealt 1 damage to: Gundam Barbatos 1st Form and Nu Gundam

Played action: Darkness Finger

Darkness Finger: Dealt 2 damage to Nu Gundam, leaving 2 HP remaining

Battle initiated

Kiraya

Battle declared: Gundam Barbatos 1st Form against Nu Gundam

Gundam Barbatos 1st Form: Draw a card

Bill

No blockers available

Action step

Bill

Passed

Kiraya

Passed

Battle started: Gundam Barbatos 1st Form against Nu Gundam

Bill

Nu Gundam received 3 damage, now destroyed

Kiraya

Gundam Barbatos 1st Form received 6 damage, now destroyed

Battle ended

Turn end phase started

Bill

Passed

Kiraya

Passed

Turn ended!

Turn 13 started!

Bill

Nu Gundam deployed

Placed 1 Resource EX

Linked pilot: Amuro Ray on unit Nu Gundam

Selecting target for Amuro Ray

Rested unit: Gundam Gusion Rebake

Activated: Ra Cailum

Rested base: Ra Cailum

Ra Cailum: Modifier applied to: Nu Gundam

Battle initiated

Bill

Battle declared: Nu Gundam against Gundam Gusion Rebake

Kiraya

No blockers available

Action step

Kiraya

Passed

Bill

Passed

Battle started: Nu Gundam against Gundam Gusion Rebake

Kiraya

Gundam Gusion Rebake received 6 damage, now destroyed

Bill

Nu Gundam received 3 damage, reduced by 1, leaving 3 HP remaining

Kiraya

Breach 3: : Minerva received 3 damage, now destroyed

Battle ended

Bill

Jegan deployed

Turn end phase started

Kiraya

Passed

Bill

Passed

Turn ended!

Turn 14 started!

Kiraya

Gundam Flauros (Ryusei-Go) deployed

Selecting target for Gundam Flauros (Ryusei-Go)

Gundam Barbatos 1st Form deployed

Gundam Exia Repair deployed

Turn end phase started

Bill

Passed

Kiraya

Passed

Turn ended!

Turn 15 started!

Bill

Kayra's Re-GZ deployed

Selecting target for Kayra's Re-GZ

Returned to deck top

Played command: A Show of Resolve

A Show of Resolve: Draw 2 cards

Played action: Kindhearted

Kindhearted: Draw a card

Played action: Kindhearted

Kindhearted: Draw a card

Gundam deployed

Activated: Ra Cailum

Rested base: Ra Cailum

Ra Cailum: Modifier applied to: Nu Gundam

Battle initiated

Bill

Battle declared: Nu Gundam against Enemy Player

Kiraya

No blockers available

Action step

Kiraya

Passed

Bill

Passed

Battle started: Nu Gundam against Enemy Shield

Kiraya

Shield card: Zeheart Galette revealed

Shield card added to hand: Zeheart Galette

Battle ended

Turn end phase started

Kiraya

Passed

Bill

Passed

Turn ended!

Turn 16 started!

Kiraya

Gundam Gusion Rebake deployed

Selecting target for Gundam Gusion Rebake

Gundam Gusion Rebake: Dealt 1 damage to: Gundam Barbatos 1st Form and Nu Gundam

Battle initiated

Kiraya

Battle declared: Gundam Exia Repair against Nu Gundam

Bill

No blockers available

Action step

Bill

Passed

Kiraya

Passed

Battle started: Gundam Exia Repair against Nu Gundam

Bill

Nu Gundam received 2 damage, now destroyed

Kiraya

Gundam Exia Repair received 6 damage, now destroyed

Gundam Exia Repair milled 2: Hyakuren and Gundam Barbatos Adapt moved to trash

Battle ended

Battle initiated

Kiraya

Battle declared: Gundam Flauros (Ryusei-Go) against Enemy Player

No targets for Gundam Flauros (Ryusei-Go)

Bill

No blockers available

Action step

Bill

Passed

Kiraya

Passed

Battle started: Gundam Flauros (Ryusei-Go) against Ra Cailum

Bill

Ra Cailum received 5 damage, now destroyed

Battle ended

Battle initiated

Kiraya

Battle declared: Gundam Barbatos 1st Form against Enemy Player

Gundam Barbatos 1st Form: Draw a card

Bill

No blockers available

Action step

Bill

Passed

Kiraya

Passed

Battle started: Gundam Barbatos 1st Form against Enemy Shield

Bill

Shield card: Ra Cailum revealed

Played base: Ra Cailum

Shield card added to hand

Battle ended

Kiraya

Gundam Gusion Rebake deployed

Selecting target for Gundam Gusion Rebake

Gundam Gusion Rebake: Dealt 1 damage to: Gundam Gusion Rebake and Gundam

Paired pilot: Zeheart Galette on unit Gundam Flauros (Ryusei-Go)

Zeheart Galette milled 2: Mikazuki Augus and Isaribi moved to trash

Turn end phase started

Bill

Passed

Kiraya

Passed

Turn ended!

Turn 17 started!

Bill

Activated: Ra Cailum

Rested base: Ra Cailum

Ra Cailum: Modifier applied to: Kayra's Re-GZ

Battle initiated

Bill

Battle declared: Kayra's Re-GZ against Gundam Barbatos 1st Form

Kiraya

Assigned Gundam Gusion Rebake to block

Action step

Kiraya

Passed

Bill

Passed

Battle started: Kayra's Re-GZ against Gundam Gusion Rebake

Kiraya

Gundam Gusion Rebake received 3 damage, leaving 2 HP remaining

Bill

Kayra's Re-GZ received 3 damage, reduced by 1, leaving 1 HP remaining

Battle ended

Bill

Gundam deployed

Gundam deployed

Jegan deployed

Battle initiated

Bill

Battle declared: Gundam against Gundam Barbatos 1st Form

Kiraya

Assigned Gundam Gusion Rebake to block

Action step

Kiraya

Passed

Bill

Passed

Battle started: Gundam against Gundam Gusion Rebake

Kiraya

Gundam Gusion Rebake received 3 damage, leaving 1 HP remaining

Bill

Gundam received 3 damage, now destroyed

Battle ended

Turn end phase started

Kiraya

Passed

Bill

Passed

Turn ended!

Turn 18 started!

Battle initiated

Kiraya

Battle declared: Gundam Flauros (Ryusei-Go) against Enemy Player

Selecting target for Gundam Flauros (Ryusei-Go)

Bill

No blockers available

Action step

Bill

Passed

Kiraya

Passed

Battle started: Gundam Flauros (Ryusei-Go) against Ra Cailum

Bill

Ra Cailum received 7 damage, now destroyed

Battle ended

Kiraya

Gundam Barbatos Lupus deployed

Activated: Gundam Barbatos Lupus

Gundam Barbatos 1st Form, Hyakuren and Gundam Barbatos Adapt exiled from the game

Selecting target for Gundam Barbatos Lupus

Gundam Barbatos Lupus: Dealt 2 damage to Gundam, leaving 2 HP remaining

Activated: Gundam Barbatos Lupus

Gundam Barbatos 1st Form, Graze Custom and Shiden Custom (Ryusei-Go) exiled from the game

Selecting target for Gundam Barbatos Lupus

Gundam Barbatos Lupus: Dealt 2 damage to Gundam, now destroyed

Winner!

Game ended!