Mobile Suit Arena - Battle logs
Game started!

Hichem

Choose to play first

Choose to keep starting hand

Kiraya

Choose to keep starting hand

Turn 1 started!

Turn end phase started

Kiraya

Passed

Hichem

Passed

Turn ended!

Turn 2 started!

Turn end phase started

Hichem

Passed

Kiraya

Passed

Turn ended!

Turn 3 started!

Turn end phase started

Kiraya

Passed

Hichem

Passed

Turn ended!

Turn 4 started!

Kiraya

Hyakuren deployed

Turn end phase started

Hichem

Passed

Kiraya

Passed

Turn ended!

Turn 5 started!

Hichem

Impulse Gundam deployed

Turn end phase started

Kiraya

Passed

Hichem

Passed

Turn ended!

Turn 6 started!

Battle initiated

Kiraya

Battle declared: Hyakuren against Enemy Player

Hichem

No blockers available

Action step

Hichem

Passed

Kiraya

Passed

Battle started: Hyakuren against EX Base

Hichem

EX Base received 4 damage, now destroyed

Battle ended

Kiraya

Hyakuren deployed

Graze Custom deployed

Turn end phase started

Hichem

Passed

Kiraya

Passed

Turn ended!

Turn 7 started!

Hichem

Played base: Gamow

Shield card added to hand

LaGOWE deployed

Linked pilot: Shinn Asuka on unit LaGOWE

Battle initiated

Hichem

Battle declared: LaGOWE against Hyakuren

Selecting target for LaGOWE

LaGOWE: Dealt 2 damage to Graze Custom, now destroyed

Kiraya

No blockers available

Action step

Kiraya

Passed

Hichem

Activated: Gamow

Rested base: Gamow

Gamow: Modifier applied to: LaGOWE

Kiraya

Passed

Hichem

Passed

Battle started: LaGOWE against Hyakuren

Kiraya

Hyakuren received 5 damage, now destroyed

Hichem

LaGOWE received 4 damage, now destroyed

Kiraya

Breach 3: : EX Base received 3 damage, now destroyed

Battle ended

Battle initiated

Hichem

Battle declared: Impulse Gundam against Enemy Player

Kiraya

No blockers available

Action step

Kiraya

Passed

Hichem

Passed

Battle started: Impulse Gundam against Enemy Shield

Kiraya

Shield card: Shiden Custom (Ryusei-Go) revealed and discarded

Battle ended

Turn end phase started

Kiraya

Passed

Hichem

Passed

Turn ended!

Turn 8 started!

Kiraya

Paired pilot: Zeheart Galette on unit Hyakuren

Zeheart Galette milled 2: Gundam Barbatos 1st Form and Shiden Custom (Ryusei-Go) moved to trash

Battle initiated

Kiraya

Battle declared: Hyakuren against Enemy Player

Hichem

No blockers available

Action step

Hichem

Passed

Kiraya

Passed

Battle started: Hyakuren against Gamow

Hichem

Gamow received 6 damage, now destroyed

Battle ended

Kiraya

Played base: Minerva

Shield card added to hand

Selecting target for Minerva

Ryusei-Go (Graze Custom Ⅱ) deployed

Selecting target for Ryusei-Go (Graze Custom Ⅱ)

Ryusei-Go (Graze Custom Ⅱ): Dealt 1 damage to Ryusei-Go (Graze Custom Ⅱ), leaving 1 HP remaining

Ryusei-Go (Graze Custom Ⅱ): Draw a card

Selecting target for Ryusei-Go (Graze Custom Ⅱ)

Gundam Gusion Rebake discarded

Turn end phase started

Hichem

Passed

Kiraya

Passed

Turn ended!

Turn 9 started!

Hichem

Blast Impulse Gundam deployed

Sword Impulse Gundam deployed

Turn end phase started

Kiraya

Passed

Hichem

Passed

Turn ended!

Turn 10 started!

Kiraya

Gundam Barbatos Adapt deployed

Selecting target for Gundam Barbatos Adapt

Gundam Barbatos Adapt: Dealt 1 damage to: Gundam Barbatos Adapt and Blast Impulse Gundam

Gundam Barbatos Adapt deployed

Selecting target for Gundam Barbatos Adapt

Gundam Barbatos Adapt: Dealt 1 damage to: Gundam Barbatos Adapt and Blast Impulse Gundam

Linked pilot: Mikazuki Augus on unit Gundam Barbatos Adapt

Selecting target for Mikazuki Augus

Mikazuki Augus: Dealt 1 damage to: Gundam Barbatos Adapt and Blast Impulse Gundam

Battle initiated

Kiraya

Battle declared: Ryusei-Go (Graze Custom Ⅱ) against Enemy Player

Hichem

No blockers available

Action step

Hichem

Passed

Kiraya

Passed

Battle started: Ryusei-Go (Graze Custom Ⅱ) against Enemy Shield

Hichem

Shield card: Shinn Asuka revealed

Shield card added to hand: Shinn Asuka

Battle ended

Battle initiated

Kiraya

Battle declared: Gundam Barbatos Adapt against Enemy Player

Hichem

No blockers available

Action step

Hichem

Passed

Kiraya

Passed

Battle started: Gundam Barbatos Adapt against Enemy Shield

Hichem

Shield card: Yzak Jule revealed

Shield card added to hand: Yzak Jule

Battle ended

Battle initiated

Kiraya

Battle declared: Hyakuren against Enemy Player

Hichem

No blockers available

Action step

Hichem

Passed

Kiraya

Passed

Battle started: Hyakuren against Enemy Shield

Hichem

Shield card: DINN revealed and discarded

Battle ended

Turn end phase started

Hichem

Passed

Kiraya

Passed

Turn ended!

Turn 11 started!

Battle initiated

Hichem

Battle declared: Sword Impulse Gundam against Gundam Barbatos Adapt

Kiraya

No blockers available

Action step

Kiraya

Played action: Darkness Finger

Darkness Finger: Dealt 2 damage to Sword Impulse Gundam, now destroyed

Hichem

Passed

Kiraya

Passed

Battle ended

Battle initiated

Hichem

Battle declared: Impulse Gundam against Ryusei-Go (Graze Custom Ⅱ)

Kiraya

No blockers available

Action step

Kiraya

Passed

Hichem

Passed

Battle started: Impulse Gundam against Ryusei-Go (Graze Custom Ⅱ)

Kiraya

Ryusei-Go (Graze Custom Ⅱ) received 3 damage, now destroyed

Hichem

Impulse Gundam received 2 damage, leaving 1 HP remaining

Battle ended

Hichem

Activated: Impulse Gundam

Rested 2 Resources

Impulse Gundam returned to deck

Sword Impulse Gundam deployed

Selecting target for Sword Impulse Gundam

Sword Impulse Gundam: destroyed Hyakuren

Aegis Gundam (MA Mode) deployed

Linked pilot: Athrun Zala on unit Aegis Gundam (MA Mode)

Battle initiated

Hichem

Battle declared: Aegis Gundam (MA Mode) against Gundam Barbatos Adapt

Kiraya

No blockers available

Action step

Kiraya

Passed

Hichem

Passed

Battle started: Aegis Gundam (MA Mode) against Gundam Barbatos Adapt

Kiraya

Gundam Barbatos Adapt received 4 damage, now destroyed

Hichem

Aegis Gundam (MA Mode) received 2 damage, leaving 4 HP remaining

Kiraya

Breach 3: : Minerva received 3 damage, leaving 2 HP remaining

Battle ended

Turn end phase started

Kiraya

Passed

Hichem

Passed

Turn ended!

Turn 12 started!

Battle initiated

Kiraya

Battle declared: Gundam Barbatos Adapt against Aegis Gundam (MA Mode)

Hichem

No blockers available

Action step

Hichem

Passed

Kiraya

Passed

Battle started: Gundam Barbatos Adapt against Aegis Gundam (MA Mode)

Hichem

Aegis Gundam (MA Mode) received 4 damage, now destroyed

Kiraya

Gundam Barbatos Adapt received 4 damage, now destroyed

Battle ended

Kiraya

Shiden Custom (Ryusei-Go) deployed

Turn end phase started

Hichem

Passed

Kiraya

Passed

Turn ended!

Turn 13 started!

Hichem

Duel Gundam (Assault Shroud) deployed

Linked pilot: Yzak Jule on unit Duel Gundam (Assault Shroud)

Selecting target for Duel Gundam (Assault Shroud)

Returned to deck bottom

Battle initiated

Hichem

Battle declared: Sword Impulse Gundam against Enemy Player

Kiraya

Assigned no blocker

Action step

Kiraya

Passed

Hichem

Passed

Battle started: Sword Impulse Gundam against Minerva

Kiraya

Minerva received 4 damage, now destroyed

Battle ended

Battle initiated

Hichem

Battle declared: Duel Gundam (Assault Shroud) against Enemy Player

Kiraya

Assigned Shiden Custom (Ryusei-Go) to block

Action step

Kiraya

Passed

Hichem

Passed

Battle started: Duel Gundam (Assault Shroud) against Shiden Custom (Ryusei-Go)

Kiraya

Shiden Custom (Ryusei-Go) received 5 damage, now destroyed

Hichem

Duel Gundam (Assault Shroud) received 4 damage, leaving 1 HP remaining

Battle ended

Turn end phase started

Kiraya

Passed

Hichem

Passed

Turn ended!

Turn 14 started!

Kiraya

Gundam Barbatos Lupus deployed

Activated: Gundam Barbatos Lupus

Ryusei-Go (Graze Custom Ⅱ), Gundam Barbatos Adapt and Shiden Custom (Ryusei-Go) exiled from the game

Selecting target for Gundam Barbatos Lupus

Gundam Barbatos Lupus: Dealt 2 damage to Duel Gundam (Assault Shroud), now destroyed

Activated: Gundam Barbatos Lupus

Gundam Barbatos 1st Form, Hyakuren and Gundam Barbatos Adapt exiled from the game

Selecting target for Gundam Barbatos Lupus

Gundam Barbatos Lupus: Dealt 2 damage to Sword Impulse Gundam, now destroyed

Turn end phase started

Hichem

Passed

Kiraya

Passed

Turn ended!

Turn 15 started!

Hichem

Aegis Gundam deployed

Sword Impulse Gundam deployed

Turn end phase started

Kiraya

Passed

Hichem

Passed

Turn ended!

Turn 16 started!

Kiraya

Activated: Gundam Barbatos Lupus

Hyakuren, Shiden Custom (Ryusei-Go) and Gundam Barbatos 1st Form exiled from the game

Selecting target for Gundam Barbatos Lupus

Gundam Barbatos Lupus: Dealt 2 damage to Sword Impulse Gundam, now destroyed

Gundam Flauros (Ryusei-Go) deployed

No targets for Gundam Flauros (Ryusei-Go)

Paired pilot: Zeheart Galette on unit Gundam Flauros (Ryusei-Go)

Zeheart Galette milled 2: Hyakuren and Gundam Exia Repair moved to trash

Turn end phase started

Hichem

Passed

Kiraya

Passed

Turn ended!

Turn 17 started!

Hichem

Impulse Gundam deployed

Activated: Impulse Gundam

Rested 2 Resources

Impulse Gundam returned to deck

Blast Impulse Gundam deployed

Paired pilot: Yzak Jule on unit Aegis Gundam

Battle initiated

Hichem

Battle declared: Aegis Gundam against Enemy Player

Selecting target for Aegis Gundam

Aegis Gundam: Dealt 3 damage to Gundam Barbatos Lupus, leaving 2 HP remaining

Kiraya

No blockers available

Action step

Kiraya

Passed

Hichem

Passed

Battle started: Aegis Gundam against Enemy Shield

Kiraya

Shield card: Gundam Barbatos Adapt revealed and discarded

Battle ended

Turn end phase started

Kiraya

Passed

Hichem

Passed

Turn ended!

Turn 18 started!

Kiraya

Played base: Isaribi

Shield card added to hand

Battle initiated

Kiraya

Battle declared: Gundam Flauros (Ryusei-Go) against Aegis Gundam

No targets for Gundam Flauros (Ryusei-Go)

Hichem

Assigned no blocker

Action step

Hichem

Passed

Kiraya

Passed

Battle started: Gundam Flauros (Ryusei-Go) against Aegis Gundam

Hichem

Aegis Gundam received 7 damage, now destroyed

Kiraya

Gundam Flauros (Ryusei-Go) received 5 damage, now destroyed

Battle ended

Kiraya

Activated: Gundam Barbatos Lupus

Hyakuren, Gundam Barbatos Adapt and Gundam Flauros (Ryusei-Go) exiled from the game

Selecting target for Gundam Barbatos Lupus

Gundam Barbatos Lupus: Dealt 2 damage to Blast Impulse Gundam, leaving 1 HP remaining

Activated: Gundam Barbatos Lupus

Graze Custom, Shiden Custom (Ryusei-Go) and Gundam Gusion Rebake exiled from the game

Selecting target for Gundam Barbatos Lupus

Gundam Barbatos Lupus: Dealt 2 damage to Blast Impulse Gundam, now destroyed

Battle initiated

Kiraya

Battle declared: Gundam Barbatos Lupus against Enemy Player

Hichem

No blockers available

Action step

Hichem

Passed

Kiraya

Passed

Battle started: Gundam Barbatos Lupus against Enemy Shield

Hichem

Shield card: Jachin Due revealed

Played base: Jachin Due

Shield card added to hand

No targets for Jachin Due

Battle ended

Kiraya

Graze Custom deployed

Turn end phase started

Hichem

Passed

Kiraya

Passed

Turn ended!

Turn 19 started!

Hichem

Duel Gundam (Assault Shroud) deployed

Paired pilot: Shinn Asuka on unit Duel Gundam (Assault Shroud)

Selecting target for Duel Gundam (Assault Shroud)

Blitz Gundam deployed

Returned to deck bottom

Selecting target for Blitz Gundam

Blitz Gundam: Modifier applied to: Duel Gundam (Assault Shroud)

Aegis Gundam (MA Mode) deployed

Turn end phase started

Kiraya

Passed

Hichem

Passed

Turn ended!

Turn 20 started!

Kiraya

Activated: Isaribi

Rested base: Isaribi

Isaribi: Modifier applied to: Gundam Barbatos Lupus

Battle initiated

Kiraya

Battle declared: Gundam Barbatos Lupus against Enemy Player

Hichem

No blockers available

Action step

Hichem

Passed

Kiraya

Passed

Battle started: Gundam Barbatos Lupus against Jachin Due

Hichem

Jachin Due received 7 damage, now destroyed

Battle ended

Kiraya

Graze Custom deployed

Battle initiated

Kiraya

Battle declared: Graze Custom against Enemy Player

Hichem

No blockers available

Action step

Hichem

Passed

Kiraya

Passed

Battle started: Graze Custom against Enemy Player

Hichem

No more shields available, game is over!

Kiraya

Winner!

Game ended!