Mobile Suit Arena - Battle logs
Game started!

Kiraya

Choose to play first

Choose to keep starting hand

240pBrian

Choose to keep starting hand

Turn 1 started!

Turn end phase started

240pBrian

Passed

Kiraya

Passed

Turn ended!

Turn 2 started!

240pBrian

Played command: Airframe Seizure

Selecting target for Airframe Seizure

Improved Technique discarded

Airframe Seizure: Draw 2 cards

Turn end phase started

Kiraya

Passed

240pBrian

Passed

Turn ended!

Turn 3 started!

Kiraya

Gundam Exia Repair deployed

Turn end phase started

240pBrian

Passed

Kiraya

Passed

Turn ended!

Turn 4 started!

Turn end phase started

Kiraya

Passed

240pBrian

Passed

Turn ended!

Turn 5 started!

Kiraya

Hyakuren deployed

Graze Custom deployed

Turn end phase started

240pBrian

Played action: Close Combat

Close Combat: Dealt 2 damage to Graze Custom, now destroyed

Kiraya

Passed

240pBrian

Passed

Kiraya

Turn ended!

Turn 6 started!

240pBrian

Played action: Improved Technique

Improved Technique: Dealt 3 damage to Hyakuren, now destroyed

Turn end phase started

Kiraya

Passed

240pBrian

Passed

Turn ended!

Turn 7 started!

Kiraya

Played command: Airframe Seizure

Selecting target for Airframe Seizure

Gundam Barbatos Lupus discarded

Airframe Seizure: Draw 2 cards

Battle initiated

Kiraya

Battle declared: Gundam Exia Repair against Enemy Player

240pBrian

No blockers available

Action step

240pBrian

Passed

Kiraya

Passed

Battle started: Gundam Exia Repair against EX Base

240pBrian

EX Base received 2 damage, leaving 1 HP remaining

Battle ended

Kiraya

Shiden Custom (Ryusei-Go) deployed

Turn end phase started

240pBrian

Passed

Kiraya

Passed

Turn ended!

Turn 8 started!

240pBrian

Played command: A Show of Resolve

A Show of Resolve: Draw 2 cards

Played action: Darkness Finger

Darkness Finger: Dealt 2 damage to Gundam Exia Repair, now destroyed

Kiraya

Gundam Exia Repair milled 2: Ryusei-Go (Graze Custom Ⅱ) and Zeheart Galette moved to trash

Turn end phase started

Kiraya

Passed

240pBrian

Passed

Turn ended!

Turn 9 started!

Battle initiated

Kiraya

Battle declared: Shiden Custom (Ryusei-Go) against Enemy Player

240pBrian

No blockers available

Action step

240pBrian

Passed

Kiraya

Passed

Battle started: Shiden Custom (Ryusei-Go) against EX Base

240pBrian

EX Base received 4 damage, now destroyed

Battle ended

Kiraya

Hyakuren deployed

Replaced EX Base base: Isaribi

Shield card added to hand

Gundam Barbatos 1st Form deployed

Turn end phase started

240pBrian

Passed

Kiraya

Passed

Turn ended!

Turn 10 started!

240pBrian

Played action: Darkness Finger

Darkness Finger: Dealt 2 damage to Gundam Barbatos 1st Form, now destroyed

Played base: Mining Asteroid Palau

Shield card added to hand

Played action: Improved Technique

Improved Technique: Dealt 3 damage to Hyakuren, now destroyed

Turn end phase started

Kiraya

Passed

240pBrian

Passed

Turn ended!

Turn 11 started!

Kiraya

Ryusei-Go (Graze Custom Ⅱ) deployed

Selecting target for Ryusei-Go (Graze Custom Ⅱ)

Ryusei-Go (Graze Custom Ⅱ): Dealt 1 damage to Ryusei-Go (Graze Custom Ⅱ), leaving 1 HP remaining

Ryusei-Go (Graze Custom Ⅱ): Draw a card

Selecting target for Ryusei-Go (Graze Custom Ⅱ)

Darkness Finger discarded

Gundam Gusion Rebake deployed

No targets for Gundam Gusion Rebake

Battle initiated

Kiraya

Battle declared: Shiden Custom (Ryusei-Go) against Enemy Player

240pBrian

No blockers available

Action step

240pBrian

Passed

Kiraya

Passed

Battle started: Shiden Custom (Ryusei-Go) against Mining Asteroid Palau

240pBrian

Mining Asteroid Palau received 4 damage, leaving 2 HP remaining

Battle ended

Turn end phase started

240pBrian

Passed

Kiraya

Passed

Turn ended!

Turn 12 started!

240pBrian

Played command: Airframe Seizure

Selecting target for Airframe Seizure

Strike Freedom Gundam discarded

Airframe Seizure: Draw 2 cards

Played action: Close Combat

Close Combat: Dealt 2 damage to Gundam Gusion Rebake, leaving 3 HP remaining

Played action: Battle of Aces

Battle of Aces: Dealt 3 damage to Gundam Gusion Rebake, now destroyed

Turn end phase started

Kiraya

Passed

240pBrian

Passed

Turn ended!

Turn 13 started!

Battle initiated

Kiraya

Battle declared: Ryusei-Go (Graze Custom Ⅱ) against Enemy Player

240pBrian

No blockers available

Action step

240pBrian

Passed

Kiraya

Passed

Battle started: Ryusei-Go (Graze Custom Ⅱ) against Mining Asteroid Palau

240pBrian

Mining Asteroid Palau received 2 damage, now destroyed

Battle ended

Battle initiated

Kiraya

Battle declared: Shiden Custom (Ryusei-Go) against Enemy Player

240pBrian

No blockers available

Action step

240pBrian

Passed

Kiraya

Passed

Battle started: Shiden Custom (Ryusei-Go) against Enemy Shield

240pBrian

Shield card: Marida Cruz revealed

Shield card added to hand: Marida Cruz

Battle ended

Kiraya

Gundam Barbatos Lupus deployed

Turn end phase started

240pBrian

Passed

Kiraya

Passed

Turn ended!

Turn 14 started!

240pBrian

Strike Freedom Gundam deployed

Selecting target for Strike Freedom Gundam

Strike Freedom Gundam: chose Strike Freedom Gundam

Linked pilot: Kira Yamato on unit Strike Freedom Gundam

Kira Yamato: Draw a card

Battle initiated

240pBrian

Battle declared: Strike Freedom Gundam against Shiden Custom (Ryusei-Go)

Selecting target for Strike Freedom Gundam

Kshatriya and Kshatriya discarded

Selecting target for Strike Freedom Gundam

Kiraya

Ryusei-Go (Graze Custom Ⅱ) returned to deck

No blockers available

Action step

Kiraya

Played action: Darkness Finger

Darkness Finger: Dealt 2 damage to Strike Freedom Gundam, leaving 6 HP remaining

240pBrian

Passed

Kiraya

Passed

240pBrian

Battle started: Strike Freedom Gundam against Shiden Custom (Ryusei-Go)

Kiraya

Shiden Custom (Ryusei-Go) received 7 damage, now destroyed

240pBrian

Strike Freedom Gundam received 4 damage, leaving 2 HP remaining

Strike Freedom Gundam: Draw a card

Battle ended

Turn end phase started

Kiraya

Passed

240pBrian

Passed

Turn ended!

Turn 15 started!

Kiraya

Gundam Barbatos 1st Form deployed

Gundam Barbatos Adapt deployed

Selecting target for Gundam Barbatos Adapt

Gundam Barbatos Adapt: Dealt 1 damage to: Gundam Barbatos 1st Form and Strike Freedom Gundam

Activated: Gundam Barbatos Lupus

Gundam Barbatos 1st Form, Gundam Gusion Rebake and Shiden Custom (Ryusei-Go) exiled from the game

Selecting target for Gundam Barbatos Lupus

Gundam Barbatos Lupus: Dealt 2 damage to Strike Freedom Gundam, now destroyed

Battle initiated

Kiraya

Battle declared: Gundam Barbatos Lupus against Enemy Player

240pBrian

No blockers available

Action step

240pBrian

Passed

Kiraya

Passed

Battle started: Gundam Barbatos Lupus against Enemy Shield

240pBrian

Shield card: Marida Cruz revealed

Shield card added to hand: Marida Cruz

Battle ended

Turn end phase started

240pBrian

Passed

Kiraya

Passed

Turn ended!

Turn 16 started!

240pBrian

Unicorn Gundam 02 Banshee (Destroy Mode) deployed

Linked pilot: Marida Cruz on unit Unicorn Gundam 02 Banshee (Destroy Mode)

Battle initiated

240pBrian

Battle declared: Unicorn Gundam 02 Banshee (Destroy Mode) against Enemy Player

Selecting target for Marida Cruz

Marida Cruz: Dealt 1 damage to Gundam Barbatos 1st Form, now destroyed

Selecting target for Unicorn Gundam 02 Banshee (Destroy Mode)

Returned to deck bottom

Set Active: Unicorn Gundam 02 Banshee (Destroy Mode)

Unicorn Gundam 02 Banshee (Destroy Mode): Modifier applied to: Unicorn Gundam 02 Banshee (Destroy Mode)

Kiraya

No blockers available

Action step

Kiraya

Passed

240pBrian

Passed

Battle started: Unicorn Gundam 02 Banshee (Destroy Mode) against Isaribi

Kiraya

Isaribi received 7 damage, now destroyed

Battle ended

Battle initiated

240pBrian

Battle declared: Unicorn Gundam 02 Banshee (Destroy Mode) against Gundam Barbatos Lupus

Selecting target for Marida Cruz

Marida Cruz: Dealt 1 damage to Gundam Barbatos Adapt, leaving 3 HP remaining

Kiraya

No blockers available

Action step

Kiraya

Passed

240pBrian

Passed

Battle started: Unicorn Gundam 02 Banshee (Destroy Mode) against Gundam Barbatos Lupus

Kiraya

Gundam Barbatos Lupus received 7 damage, now destroyed

240pBrian

Damage prevented

Unicorn Gundam 02 Banshee (Destroy Mode) received 0 damage, leaving 5 HP remaining

Battle ended

240pBrian

Played command: A Show of Resolve

A Show of Resolve: Draw 2 cards

Turn end phase started

Kiraya

Passed

240pBrian

Passed

Turn ended!

Turn 17 started!

Kiraya

Gundam Barbatos Lupus deployed

Activated: Gundam Barbatos Lupus

Hyakuren, Gundam Barbatos 1st Form and Gundam Barbatos Lupus exiled from the game

Selecting target for Gundam Barbatos Lupus

Gundam Barbatos Lupus: Dealt 2 damage to Unicorn Gundam 02 Banshee (Destroy Mode), leaving 3 HP remaining

Battle initiated

Kiraya

Battle declared: Gundam Barbatos Adapt against Unicorn Gundam 02 Banshee (Destroy Mode)

240pBrian

No blockers available

Action step

240pBrian

Passed

Kiraya

Passed

Battle started: Gundam Barbatos Adapt against Unicorn Gundam 02 Banshee (Destroy Mode)

240pBrian

Unicorn Gundam 02 Banshee (Destroy Mode) received 2 damage, leaving 1 HP remaining

Kiraya

Gundam Barbatos Adapt received 7 damage, now destroyed

Battle ended

Kiraya

Activated: Gundam Barbatos Lupus

Gundam Barbatos Lupus, Ryusei-Go (Graze Custom Ⅱ) and Gundam Barbatos Adapt exiled from the game

Selecting target for Gundam Barbatos Lupus

Gundam Barbatos Lupus: Dealt 2 damage to Unicorn Gundam 02 Banshee (Destroy Mode), now destroyed

Gundam Exia Repair deployed

Turn end phase started

240pBrian

Passed

Kiraya

Passed

Turn ended!

Turn 18 started!

240pBrian

Kshatriya deployed

Linked pilot: Marida Cruz on unit Kshatriya

Selecting target for Kshatriya

Kshatriya: Dealt 1 damage to: Gundam Barbatos Lupus and Gundam Exia Repair

Kiraya

Gundam Exia Repair milled 2: Gundam Gusion Rebake and Shiden Custom (Ryusei-Go) moved to trash

Battle initiated

240pBrian

Battle declared: Kshatriya against Enemy Player

No targets for Marida Cruz

Kiraya

No blockers available

Action step

Kiraya

Passed

240pBrian

Passed

Battle started: Kshatriya against Enemy Shield

Kiraya

Shield card: Graze Custom revealed and discarded

Battle ended

240pBrian

Played command: A Show of Resolve

A Show of Resolve: Draw 2 cards

Turn end phase started

Kiraya

Passed

240pBrian

Passed

Turn ended!

Turn 19 started!

Kiraya

Hyakuren deployed

Turn end phase started

240pBrian

Passed

Kiraya

Passed

Turn ended!

Turn 20 started!

240pBrian

Played action: Close Combat

Close Combat: Dealt 2 damage to Hyakuren, leaving 1 HP remaining

Battle initiated

240pBrian

Battle declared: Kshatriya against Enemy Player

Selecting target for Marida Cruz

Marida Cruz: Dealt 1 damage to Hyakuren, now destroyed

Kiraya

No blockers available

Action step

Kiraya

Passed

240pBrian

Passed

Battle started: Kshatriya against Enemy Shield

Kiraya

Shield card: Shiden Custom (Ryusei-Go) revealed and discarded

Battle ended

240pBrian

Strike Freedom Gundam deployed

Selecting target for Strike Freedom Gundam

Strike Freedom Gundam: chose Kshatriya and Strike Freedom Gundam

Linked pilot: Kira Yamato on unit Strike Freedom Gundam

Kira Yamato: Draw a card

Battle initiated

240pBrian

Battle declared: Strike Freedom Gundam against Enemy Player

Selecting target for Strike Freedom Gundam

Airframe Seizure and Darkness Finger discarded

Selecting target for Strike Freedom Gundam

Kiraya

Gundam Barbatos Lupus returned to deck

No blockers available

Action step

Kiraya

Passed

240pBrian

Passed

Battle started: Strike Freedom Gundam against Enemy Shield

Kiraya

Shield card: Gundam Gusion Rebake revealed and discarded

240pBrian

Strike Freedom Gundam: Draw a card

Battle ended

Turn end phase started

Kiraya

Passed

240pBrian

Passed

Turn ended!

Turn 21 started!

240pBrian

Winner!

Game ended!