Mobile Suit Arena - Battle logs
Game started!

OuO

Choose to play second

Kiraya

Choose to mulligan starting hand

OuO

Choose to mulligan starting hand

Turn 1 started!

Turn end phase started

OuO

Passed

Kiraya

Passed

Turn ended!

Turn 2 started!

OuO

Played command: Airframe Seizure

Selecting target for Airframe Seizure

Darkness Finger discarded

Airframe Seizure: Draw 2 cards

Turn end phase started

Kiraya

Passed

OuO

Passed

Turn ended!

Turn 3 started!

Kiraya

Graze Custom deployed

Turn end phase started

OuO

Passed

Kiraya

Passed

Turn ended!

Turn 4 started!

Turn end phase started

Kiraya

Passed

OuO

Passed

Turn ended!

Turn 5 started!

Kiraya

Replaced EX Base base: Isaribi

Shield card added to hand

Ryusei-Go (Graze Custom Ⅱ) deployed

Selecting target for Ryusei-Go (Graze Custom Ⅱ)

Ryusei-Go (Graze Custom Ⅱ): Dealt 1 damage to Ryusei-Go (Graze Custom Ⅱ), leaving 1 HP remaining

Ryusei-Go (Graze Custom Ⅱ): Draw a card

Selecting target for Ryusei-Go (Graze Custom Ⅱ)

Zeheart Galette discarded

Battle initiated

Kiraya

Battle declared: Graze Custom against Enemy Player

OuO

No blockers available

Action step

OuO

Played action: Close Combat

Close Combat: Dealt 2 damage to Graze Custom, now destroyed

Kiraya

Passed

OuO

Passed

Battle ended

Turn end phase started

OuO

Passed

Kiraya

Passed

Turn ended!

Turn 6 started!

Turn end phase started

Kiraya

Passed

OuO

Passed

Turn ended!

Turn 7 started!

Kiraya

Shiden Custom (Ryusei-Go) deployed

Activated: Isaribi

Rested base: Isaribi

Isaribi: Modifier applied to: Ryusei-Go (Graze Custom Ⅱ)

Battle initiated

Kiraya

Battle declared: Ryusei-Go (Graze Custom Ⅱ) against Enemy Player

OuO

No blockers available

Action step

OuO

Passed

Kiraya

Passed

Battle started: Ryusei-Go (Graze Custom Ⅱ) against EX Base

OuO

EX Base received 4 damage, now destroyed

Battle ended

Turn end phase started

OuO

Passed

Kiraya

Passed

Turn ended!

Turn 8 started!

OuO

Played base: Rewloola

Shield card added to hand

Selecting target for Rewloola

Rewloola: Dealt 1 damage to Ryusei-Go (Graze Custom Ⅱ), now destroyed

Played command: Airframe Seizure

Selecting target for Airframe Seizure

Strike Freedom Gundam discarded

Airframe Seizure: Draw 2 cards

Turn end phase started

Kiraya

Passed

OuO

Passed

Turn ended!

Turn 9 started!

Kiraya

Paired pilot: Zeheart Galette on unit Shiden Custom (Ryusei-Go)

Zeheart Galette milled 2: Gundam Barbatos Lupus and Gundam Barbatos Lupus moved to trash

Battle initiated

Kiraya

Battle declared: Shiden Custom (Ryusei-Go) against Enemy Player

OuO

No blockers available

Action step

OuO

Passed

Kiraya

Passed

Battle started: Shiden Custom (Ryusei-Go) against Rewloola

OuO

Rewloola received 6 damage, now destroyed

Battle ended

Kiraya

Shiden Custom (Ryusei-Go) deployed

Turn end phase started

OuO

Passed

Kiraya

Passed

Turn ended!

Turn 10 started!

OuO

Played base: Mining Asteroid Palau

Shield card added to hand

Strike Rouge (Ootori) deployed

Linked pilot: Kira Yamato on unit Strike Rouge (Ootori)

Kira Yamato: Draw a card

Battle initiated

OuO

Battle declared: Strike Rouge (Ootori) against Shiden Custom (Ryusei-Go)

Kiraya

Assigned Shiden Custom (Ryusei-Go) to block

Action step

Kiraya

Passed

OuO

Passed

Battle started: Strike Rouge (Ootori) against Shiden Custom (Ryusei-Go)

Kiraya

Shiden Custom (Ryusei-Go) received 5 damage, now destroyed

OuO

Strike Rouge (Ootori) received 4 damage, leaving 2 HP remaining

Battle ended

Turn end phase started

Kiraya

Passed

OuO

Passed

Turn ended!

Turn 11 started!

Kiraya

Gundam Barbatos 1st Form deployed

Linked pilot: Mikazuki Augus on unit Gundam Barbatos 1st Form

Selecting target for Mikazuki Augus

Mikazuki Augus: Dealt 1 damage to: Gundam Barbatos 1st Form and Strike Rouge (Ootori)

Battle initiated

Kiraya

Battle declared: Shiden Custom (Ryusei-Go) against Enemy Player

OuO

No blockers available

Action step

OuO

Passed

Kiraya

Passed

Battle started: Shiden Custom (Ryusei-Go) against Mining Asteroid Palau

OuO

Mining Asteroid Palau received 6 damage, now destroyed

Battle ended

Battle initiated

Kiraya

Battle declared: Gundam Barbatos 1st Form against Enemy Player

Gundam Barbatos 1st Form: Draw a card

OuO

No blockers available

Action step

OuO

Passed

Kiraya

Passed

Battle started: Gundam Barbatos 1st Form against Enemy Shield

OuO

Shield card: Close Combat revealed

Shield card: Close Combat moved to trash

Selecting target for Close Combat

Close Combat: Dealt 2 damage to Gundam Barbatos 1st Form, now destroyed

Battle ended

Kiraya

Gundam Exia Repair deployed

Paired pilot: Mikazuki Augus on unit Gundam Exia Repair

Selecting target for Mikazuki Augus

Mikazuki Augus: Dealt 1 damage to: Gundam Exia Repair and Strike Rouge (Ootori)

Turn end phase started

OuO

Passed

Kiraya

Passed

Turn ended!

Turn 12 started!

OuO

Played command: Airframe Seizure

Selecting target for Airframe Seizure

Marida Cruz discarded

Airframe Seizure: Draw 2 cards

Kshatriya deployed

Linked pilot: Marida Cruz on unit Kshatriya

Selecting target for Kshatriya

Kshatriya: Dealt 1 damage to: Shiden Custom (Ryusei-Go) and Gundam Exia Repair

Kiraya

Gundam Exia Repair milled 2: Gundam Barbatos Adapt and Airframe Seizure moved to trash

Battle initiated

OuO

Battle declared: Kshatriya against Enemy Player

Selecting target for Marida Cruz

Marida Cruz: Dealt 1 damage to Shiden Custom (Ryusei-Go), leaving 3 HP remaining

Kiraya

No blockers available

Action step

Kiraya

Passed

OuO

Passed

Battle started: Kshatriya against Isaribi

Kiraya

Isaribi received 7 damage, now destroyed

Battle ended

Turn end phase started

Kiraya

Passed

OuO

Passed

Turn ended!

Turn 13 started!

Battle initiated

Kiraya

Battle declared: Shiden Custom (Ryusei-Go) against Kshatriya

OuO

No blockers available

Action step

OuO

Passed

Kiraya

Passed

Battle started: Shiden Custom (Ryusei-Go) against Kshatriya

OuO

Kshatriya received 6 damage, now destroyed

Kiraya

Shiden Custom (Ryusei-Go) received 7 damage, now destroyed

Battle ended

Kiraya

Gundam Gusion Rebake deployed

No targets for Gundam Gusion Rebake

Played command: Airframe Seizure

Selecting target for Airframe Seizure

Gundam Flauros (Ryusei-Go) discarded

Airframe Seizure: Draw 2 cards

Hyakuren deployed

Turn end phase started

OuO

Passed

Kiraya

Passed

Turn ended!

Turn 14 started!

OuO

Unicorn Gundam 02 Banshee (Destroy Mode) deployed

Linked pilot: Marida Cruz on unit Unicorn Gundam 02 Banshee (Destroy Mode)

Battle initiated

OuO

Battle declared: Unicorn Gundam 02 Banshee (Destroy Mode) against Enemy Player

Selecting target for Marida Cruz

Marida Cruz: Dealt 1 damage to Hyakuren, leaving 2 HP remaining

Selecting target for Unicorn Gundam 02 Banshee (Destroy Mode)

Returned to deck bottom

Set Active: Unicorn Gundam 02 Banshee (Destroy Mode)

Unicorn Gundam 02 Banshee (Destroy Mode): Modifier applied to: Unicorn Gundam 02 Banshee (Destroy Mode)

Kiraya

Assigned no blocker

Action step

Kiraya

Passed

OuO

Passed

Battle started: Unicorn Gundam 02 Banshee (Destroy Mode) against Enemy Shield

Kiraya

Shield card: Graze Custom revealed and discarded

Battle ended

Battle initiated

OuO

Battle declared: Unicorn Gundam 02 Banshee (Destroy Mode) against Enemy Player

Selecting target for Marida Cruz

Marida Cruz: Dealt 1 damage to Gundam Gusion Rebake, leaving 4 HP remaining

Kiraya

Assigned no blocker

Action step

Kiraya

Passed

OuO

Passed

Battle started: Unicorn Gundam 02 Banshee (Destroy Mode) against Enemy Shield

Kiraya

Shield card: Shiden Custom (Ryusei-Go) revealed and discarded

Battle ended

Turn end phase started

Kiraya

Passed

OuO

Played action: Close Combat

Close Combat: Dealt 2 damage to Hyakuren, now destroyed

Kiraya

Passed

OuO

Passed

Turn ended!

Turn 15 started!

Kiraya

Gundam Barbatos Lupus deployed

Gundam Barbatos Adapt deployed

Selecting target for Gundam Barbatos Adapt

Gundam Barbatos Adapt: Dealt 1 damage to: Gundam Barbatos Adapt and Unicorn Gundam 02 Banshee (Destroy Mode)

Activated: Gundam Barbatos Lupus

Graze Custom, Shiden Custom (Ryusei-Go) and Hyakuren exiled from the game

Selecting target for Gundam Barbatos Lupus

Gundam Barbatos Lupus: Dealt 2 damage to Unicorn Gundam 02 Banshee (Destroy Mode), leaving 2 HP remaining

Activated: Gundam Barbatos Lupus

Gundam Barbatos Adapt, Shiden Custom (Ryusei-Go) and Gundam Flauros (Ryusei-Go) exiled from the game

Selecting target for Gundam Barbatos Lupus

Gundam Barbatos Lupus: Dealt 2 damage to Unicorn Gundam 02 Banshee (Destroy Mode), now destroyed

Battle initiated

Kiraya

Battle declared: Gundam Gusion Rebake against Enemy Player

OuO

No blockers available

Action step

OuO

Passed

Kiraya

Passed

Battle started: Gundam Gusion Rebake against Enemy Shield

OuO

Shield card: Kindhearted revealed

Kindhearted: Draw a card

Shield card: Kindhearted moved to trash

Battle ended

Turn end phase started

OuO

Passed

Kiraya

Passed

Turn ended!

Turn 16 started!

OuO

Played action: Battle of Aces

Battle of Aces: Dealt 3 damage to Gundam Barbatos Adapt, now destroyed

Played action: Kindhearted

Kindhearted: Draw a card

Strike Rouge (Ootori) deployed

Played command: Airframe Seizure

Selecting target for Airframe Seizure

A Show of Resolve discarded

Airframe Seizure: Draw 2 cards

Played base: Mining Asteroid Palau

Shield card added to hand

Turn end phase started

Kiraya

Passed

OuO

Passed

Turn ended!

Turn 17 started!

Kiraya

Activated: Gundam Barbatos Lupus

Gundam Barbatos Lupus, Gundam Barbatos 1st Form and Gundam Barbatos Adapt exiled from the game

Selecting target for Gundam Barbatos Lupus

Gundam Barbatos Lupus: Dealt 2 damage to Strike Rouge (Ootori), leaving 2 HP remaining

Activated: Gundam Barbatos Lupus

Graze Custom, Gundam Barbatos Lupus and Shiden Custom (Ryusei-Go) exiled from the game

Selecting target for Gundam Barbatos Lupus

Gundam Barbatos Lupus: Dealt 2 damage to Strike Rouge (Ootori), now destroyed

Battle initiated

Kiraya

Battle declared: Gundam Barbatos Lupus against Enemy Player

OuO

No blockers available

Action step

OuO

Passed

Kiraya

Passed

Battle started: Gundam Barbatos Lupus against Mining Asteroid Palau

OuO

Mining Asteroid Palau received 5 damage, leaving 1 HP remaining

Battle ended

Battle initiated

Kiraya

Battle declared: Gundam Gusion Rebake against Enemy Player

OuO

No blockers available

Action step

OuO

Passed

Kiraya

Passed

Battle started: Gundam Gusion Rebake against Mining Asteroid Palau

OuO

Mining Asteroid Palau received 3 damage, now destroyed

Battle ended

Kiraya

Hyakuren deployed

Turn end phase started

OuO

Passed

Kiraya

Passed

Turn ended!

Turn 18 started!

OuO

Played action: Improved Technique

Improved Technique: Dealt 3 damage to Hyakuren, now destroyed

Strike Freedom Gundam deployed

Selecting target for Strike Freedom Gundam

Strike Freedom Gundam: chose Strike Freedom Gundam

Linked pilot: Kira Yamato on unit Strike Freedom Gundam

Kira Yamato: Draw a card

Battle initiated

OuO

Battle declared: Strike Freedom Gundam against Gundam Gusion Rebake

Selecting target for Strike Freedom Gundam

Kshatriya and Unicorn Gundam 02 Banshee (Destroy Mode) discarded

Selecting target for Strike Freedom Gundam

Kiraya

Gundam Gusion Rebake returned to deck

Passed

OuO

Passed

Battle ended

Turn end phase started

Kiraya

Passed

OuO

Passed

Turn ended!

Turn 19 started!

Kiraya

Gundam Barbatos Adapt deployed

Selecting target for Gundam Barbatos Adapt

Gundam Barbatos Adapt: Dealt 1 damage to: Gundam Barbatos Adapt and Strike Freedom Gundam

Linked pilot: Mikazuki Augus on unit Gundam Barbatos Adapt

Selecting target for Mikazuki Augus

Mikazuki Augus: Dealt 1 damage to: Gundam Barbatos Adapt and Strike Freedom Gundam

Battle initiated

Kiraya

Battle declared: Gundam Barbatos Adapt against Enemy Player

OuO

No blockers available

Action step

OuO

Passed

Kiraya

Passed

Battle started: Gundam Barbatos Adapt against Enemy Shield

OuO

Shield card: A Show of Resolve revealed and discarded

Battle ended

Battle initiated

Kiraya

Battle declared: Gundam Barbatos Lupus against Enemy Player

OuO

No blockers available

Action step

OuO

Passed

Kiraya

Passed

Battle started: Gundam Barbatos Lupus against Enemy Player

OuO

No more shields available, game is over!

Kiraya

Winner!

Game ended!