Mobile Suit Arena - Battle logs
Game started!

Musou

Choose to play second

Choose to keep starting hand

Kiraya

Choose to mulligan starting hand

Turn 1 started!

Turn end phase started

Musou

Passed

Kiraya

Passed

Turn ended!

Turn 2 started!

Musou

Zaku Ⅱ deployed

Turn end phase started

Kiraya

Passed

Musou

Passed

Turn ended!

Turn 3 started!

Kiraya

Gundam Exia Repair deployed

Replaced EX Base base: Minerva

Shield card added to hand

Selecting target for Minerva

Turn end phase started

Musou

Passed

Kiraya

Passed

Turn ended!

Turn 4 started!

Musou

Played command: Overflowing Affection

Overflowing Affection: Draw 2 cards

Selecting target for Overflowing Affection

Overflowing Affection discarded

Battle initiated

Musou

Battle declared: Zaku Ⅱ against Enemy Player

Zaku Ⅱ: Modifier applied to: Zaku Ⅱ

Kiraya

No blockers available

Action step

Kiraya

Passed

Musou

Passed

Battle started: Zaku Ⅱ against Minerva

Kiraya

Minerva received 3 damage, leaving 2 HP remaining

Battle ended

Musou

Zaku Ⅱ deployed

Turn end phase started

Kiraya

Passed

Musou

Passed

Turn ended!

Turn 5 started!

Kiraya

Ryusei-Go (Graze Custom Ⅱ) deployed

Selecting target for Ryusei-Go (Graze Custom Ⅱ)

Ryusei-Go (Graze Custom Ⅱ): Dealt 1 damage to Ryusei-Go (Graze Custom Ⅱ), leaving 1 HP remaining

Ryusei-Go (Graze Custom Ⅱ): Draw a card

Selecting target for Ryusei-Go (Graze Custom Ⅱ)

Gundam Gusion Rebake discarded

Battle initiated

Kiraya

Battle declared: Gundam Exia Repair against Zaku Ⅱ

Musou

No blockers available

Action step

Musou

Passed

Kiraya

Passed

Battle started: Gundam Exia Repair against Zaku Ⅱ

Musou

Zaku Ⅱ received 2 damage, now destroyed

Kiraya

Gundam Exia Repair received 1 damage, now destroyed

Gundam Exia Repair milled 2: Graze Custom and Gundam Barbatos 1st Form moved to trash

Battle ended

Kiraya

Replaced Minerva base: Minerva

Shield card added to hand

Selecting target for Minerva

Turn end phase started

Musou

Passed

Kiraya

Passed

Turn ended!

Turn 6 started!

Musou

Gundam Geminass 01 deployed

Turn end phase started

Kiraya

Passed

Musou

Passed

Turn ended!

Turn 7 started!

Kiraya

Gundam Barbatos Adapt deployed

Selecting target for Gundam Barbatos Adapt

Gundam Barbatos Adapt: Dealt 1 damage to: Gundam Barbatos Adapt and Zaku Ⅱ

Linked pilot: Mikazuki Augus on unit Gundam Barbatos Adapt

Selecting target for Mikazuki Augus

Mikazuki Augus: Dealt 1 damage to: Gundam Barbatos Adapt and Zaku Ⅱ

Battle initiated

Kiraya

Battle declared: Gundam Barbatos Adapt against Enemy Player

Musou

No blockers available

Action step

Musou

Passed

Kiraya

Passed

Battle started: Gundam Barbatos Adapt against EX Base

Musou

EX Base received 4 damage, now destroyed

Battle ended

Battle initiated

Kiraya

Battle declared: Ryusei-Go (Graze Custom Ⅱ) against Enemy Player

Musou

No blockers available

Action step

Musou

Passed

Kiraya

Passed

Battle started: Ryusei-Go (Graze Custom Ⅱ) against Enemy Shield

Musou

Shield card: Overflowing Affection revealed and discarded

Battle ended

Turn end phase started

Musou

Passed

Kiraya

Passed

Turn ended!

Turn 8 started!

Musou

Gundam Heavyarms deployed

Selecting target for Gundam Heavyarms

Returned to deck bottom

Linked pilot: Heero Yuy on unit Gundam Heavyarms

Battle initiated

Musou

Battle declared: Gundam Heavyarms against Enemy Player

Kiraya

No blockers available

Action step

Kiraya

Passed

Musou

Passed

Battle started: Gundam Heavyarms against Minerva

Kiraya

Minerva received 6 damage, now destroyed

Battle ended

Battle initiated

Musou

Battle declared: Gundam Geminass 01 against Enemy Player

Kiraya

No blockers available

Action step

Kiraya

Played action: Darkness Finger

Darkness Finger: Dealt 2 damage to Gundam Geminass 01, leaving 1 HP remaining

Musou

Passed

Kiraya

Passed

Musou

Battle started: Gundam Geminass 01 against Enemy Shield

Kiraya

Shield card: Mikazuki Augus revealed

Shield card added to hand: Mikazuki Augus

Battle ended

Turn end phase started

Kiraya

Passed

Musou

Passed

Turn ended!

Turn 9 started!

Kiraya

Gundam Gusion Rebake deployed

Selecting target for Gundam Gusion Rebake

Gundam Gusion Rebake: Dealt 1 damage to: Gundam Barbatos Adapt and Gundam Geminass 01

Battle initiated

Kiraya

Battle declared: Ryusei-Go (Graze Custom Ⅱ) against Gundam Heavyarms

Musou

No blockers available

Action step

Musou

Passed

Kiraya

Passed

Battle started: Ryusei-Go (Graze Custom Ⅱ) against Gundam Heavyarms

Musou

Gundam Heavyarms received 2 damage, leaving 4 HP remaining

Kiraya

Ryusei-Go (Graze Custom Ⅱ) received 6 damage, now destroyed

Battle ended

Battle initiated

Kiraya

Battle declared: Gundam Barbatos Adapt against Gundam Heavyarms

Musou

No blockers available

Action step

Musou

Passed

Kiraya

Passed

Battle started: Gundam Barbatos Adapt against Gundam Heavyarms

Musou

Gundam Heavyarms received 4 damage, now destroyed

Kiraya

Gundam Barbatos Adapt received 6 damage, now destroyed

Battle ended

Turn end phase started

Musou

Passed

Kiraya

Passed

Turn ended!

Turn 10 started!

Musou

Played base: Peacemillion

Shield card added to hand

Gundam Heavyarms deployed

Selecting target for Gundam Heavyarms

Returned to deck bottom

Zaku Ⅱ deployed

Turn end phase started

Kiraya

Passed

Musou

Passed

Turn ended!

Turn 11 started!

Kiraya

Gundam Gusion Rebake deployed

Selecting target for Gundam Gusion Rebake

Gundam Gusion Rebake: Dealt 1 damage to: Gundam Gusion Rebake and Zaku Ⅱ

Paired pilot: Mikazuki Augus on unit Gundam Gusion Rebake

Selecting target for Mikazuki Augus

Mikazuki Augus: Dealt 1 damage to: Gundam Gusion Rebake and Zaku Ⅱ

Turn end phase started

Musou

Passed

Kiraya

Passed

Turn ended!

Turn 12 started!

Musou

Wing Gundam deployed

Linked pilot: Heero Yuy on unit Wing Gundam

Battle initiated

Musou

Battle declared: Wing Gundam against Enemy Player

Kiraya

Assigned Gundam Gusion Rebake to block

Action step

Kiraya

Passed

Musou

Passed

Battle started: Wing Gundam against Gundam Gusion Rebake

Kiraya

Gundam Gusion Rebake received 6 damage, now destroyed

Musou

Wing Gundam received 5 damage, leaving 1 HP remaining

Selecting target for Peacemillion

Healed 2 damage to: Wing Gundam

Kiraya

Breach 5 Shield card: Ryusei-Go (Graze Custom Ⅱ) revealed and discarded

Musou

Selecting target for Heero Yuy

Heero Yuy: Modifier applied to: Gundam Gusion Rebake

Battle ended

Battle initiated

Musou

Battle declared: Gundam Heavyarms against Enemy Player

Kiraya

Assigned no blocker

Action step

Kiraya

Passed

Musou

Passed

Battle started: Gundam Heavyarms against Enemy Shield

Kiraya

Shield card: Gundam Exia Repair revealed and discarded

Battle ended

Musou

Rick Dom deployed

Turn end phase started

Kiraya

Passed

Musou

Passed

Turn ended!

Turn 13 started!

Kiraya

Gundam Barbatos Lupus deployed

Activated: Gundam Barbatos Lupus

Ryusei-Go (Graze Custom Ⅱ), Gundam Gusion Rebake and Ryusei-Go (Graze Custom Ⅱ) exiled from the game

Selecting target for Gundam Barbatos Lupus

Gundam Barbatos Lupus: Dealt 2 damage to Rick Dom, leaving 1 HP remaining

Activated: Gundam Barbatos Lupus

Gundam Barbatos 1st Form, Graze Custom and Gundam Barbatos Adapt exiled from the game

Selecting target for Gundam Barbatos Lupus

Gundam Barbatos Lupus: Dealt 2 damage to Rick Dom, now destroyed

Battle initiated

Kiraya

Battle declared: Gundam Gusion Rebake against Wing Gundam

Musou

No blockers available

Action step

Musou

Passed

Kiraya

Passed

Battle started: Gundam Gusion Rebake against Wing Gundam

Musou

Wing Gundam received 3 damage, now destroyed

Kiraya

Gundam Gusion Rebake received 6 damage, now destroyed

Battle ended

Turn end phase started

Musou

Passed

Kiraya

Passed

Turn ended!

Turn 14 started!

Battle initiated

Musou

Battle declared: Gundam Heavyarms against Enemy Player

Kiraya

No blockers available

Action step

Kiraya

Passed

Musou

Passed

Battle started: Gundam Heavyarms against Enemy Shield

Kiraya

Shield card: Gundam Barbatos Lupus revealed and discarded

Battle ended

Musou

Gundam Ez8 High Mobility Custom deployed

Turn end phase started

Kiraya

Passed

Musou

Passed

Turn ended!

Turn 15 started!

Kiraya

Shiden Custom (Ryusei-Go) deployed

Shiden Custom (Ryusei-Go) deployed

Paired pilot: Zeheart Galette on unit Gundam Barbatos Lupus

Zeheart Galette milled 2: Darkness Finger and Mikazuki Augus moved to trash

Battle initiated

Kiraya

Battle declared: Gundam Barbatos Lupus against Enemy Player

Musou

No blockers available

Action step

Musou

Passed

Kiraya

Passed

Battle started: Gundam Barbatos Lupus against Peacemillion

Musou

Peacemillion received 7 damage, now destroyed

Battle ended

Turn end phase started

Musou

Passed

Kiraya

Passed

Turn ended!

Turn 16 started!

Musou

Wing Gundam deployed

Linked pilot: Heero Yuy on unit Wing Gundam

Battle initiated

Musou

Battle declared: Wing Gundam against Shiden Custom (Ryusei-Go)

Kiraya

Assigned no blocker

Action step

Kiraya

Passed

Musou

Passed

Battle started: Wing Gundam against Shiden Custom (Ryusei-Go)

Kiraya

Shiden Custom (Ryusei-Go) received 7 damage, now destroyed

Musou

Wing Gundam received 4 damage, leaving 3 HP remaining

Battle ended

Battle initiated

Musou

Battle declared: Gundam Ez8 High Mobility Custom against Enemy Player

Kiraya

Assigned Shiden Custom (Ryusei-Go) to block

Action step

Kiraya

Passed

Musou

Passed

Battle started: Gundam Ez8 High Mobility Custom against Shiden Custom (Ryusei-Go)

Kiraya

Shiden Custom (Ryusei-Go) received 4 damage, now destroyed

Musou

Gundam Ez8 High Mobility Custom received 4 damage, now destroyed

Battle ended

Battle initiated

Musou

Battle declared: Gundam Heavyarms against Enemy Player

Kiraya

No blockers available

Action step

Kiraya

Passed

Musou

Passed

Battle started: Gundam Heavyarms against Enemy Player

Kiraya

No more shields available, game is over!

Musou

Winner!

Game ended!