Mobile Suit Arena - Battle logs
Game started!

Kiraya

Choose to play first

Choose to mulligan starting hand

Ironman655

Choose to mulligan starting hand

Turn 1 started!

Turn end phase started

Ironman655

Passed

Kiraya

Passed

Turn ended!

Turn 2 started!

Turn end phase started

Kiraya

Passed

Ironman655

Passed

Turn ended!

Turn 3 started!

Kiraya

Gundam Exia Repair deployed

Turn end phase started

Ironman655

Passed

Kiraya

Passed

Turn ended!

Turn 4 started!

Ironman655

Gundam Virtue deployed

Turn end phase started

Kiraya

Passed

Ironman655

Passed

Turn ended!

Turn 5 started!

Battle initiated

Kiraya

Battle declared: Gundam Exia Repair against Enemy Player

Ironman655

No blockers available

Action step

Ironman655

Passed

Kiraya

Passed

Battle started: Gundam Exia Repair against EX Base

Ironman655

EX Base received 2 damage, leaving 1 HP remaining

Battle ended

Kiraya

Hyakuren deployed

Graze Custom deployed

Turn end phase started

Ironman655

Passed

Kiraya

Passed

Turn ended!

Turn 6 started!

Ironman655

Gundam Exia deployed

Selecting target for Gundam Exia

Gundam Exia: Dealt 2 damage to Gundam Exia Repair, now destroyed

Kiraya

Gundam Exia Repair milled 2: Gundam Barbatos Lupus and Gundam Barbatos Lupus moved to trash

Ironman655

Paired pilot: Nena Trinity on unit Gundam Virtue

Turn end phase started

Kiraya

Passed

Ironman655

Passed

Turn ended!

Turn 7 started!

Kiraya

Gundam Barbatos 1st Form deployed

Linked pilot: Mikazuki Augus on unit Gundam Barbatos 1st Form

Selecting target for Mikazuki Augus

Mikazuki Augus: Dealt 1 damage to: Gundam Barbatos 1st Form and Gundam Exia

Battle initiated

Kiraya

Battle declared: Hyakuren against Enemy Player

Ironman655

Assigned Gundam Virtue to block

Action step

Ironman655

Passed

Kiraya

Passed

Battle started: Hyakuren against Gundam Virtue

Ironman655

Gundam Virtue received 4 damage, leaving 2 HP remaining

Kiraya

Hyakuren received 3 damage, now destroyed

Battle ended

Battle initiated

Kiraya

Battle declared: Graze Custom against Gundam Virtue

Ironman655

No blockers available

Action step

Ironman655

Passed

Kiraya

Passed

Battle started: Graze Custom against Gundam Virtue

Ironman655

Gundam Virtue received 2 damage, now destroyed

Kiraya

Graze Custom received 3 damage, now destroyed

Battle ended

Battle initiated

Kiraya

Battle declared: Gundam Barbatos 1st Form against Enemy Player

Gundam Barbatos 1st Form: Draw a card

Ironman655

No blockers available

Action step

Ironman655

Passed

Kiraya

Passed

Battle started: Gundam Barbatos 1st Form against EX Base

Ironman655

EX Base received 5 damage, now destroyed

Battle ended

Kiraya

Graze Custom deployed

Turn end phase started

Ironman655

Passed

Kiraya

Passed

Turn ended!

Turn 8 started!

Ironman655

Gundam Kyrios (Flight Mode) deployed

Battle initiated

Ironman655

Battle declared: Gundam Kyrios (Flight Mode) against Gundam Barbatos 1st Form

Kiraya

No blockers available

Action step

Kiraya

Passed

Ironman655

Passed

Battle started: Gundam Kyrios (Flight Mode) against Gundam Barbatos 1st Form

Kiraya

Gundam Barbatos 1st Form received 3 damage, now destroyed

Ironman655

Gundam Kyrios (Flight Mode) received 5 damage, now destroyed

Battle ended

Turn end phase started

Kiraya

Passed

Ironman655

Passed

Turn ended!

Turn 9 started!

Battle initiated

Kiraya

Battle declared: Graze Custom against Enemy Player

Ironman655

No blockers available

Action step

Ironman655

Passed

Kiraya

Passed

Battle started: Graze Custom against Enemy Shield

Ironman655

Shield card: Gundam Kyrios (Trans-Am) revealed and discarded

Battle ended

Kiraya

Shiden Custom (Ryusei-Go) deployed

Hyakuren deployed

Turn end phase started

Ironman655

Passed

Kiraya

Passed

Turn ended!

Turn 10 started!

Ironman655

Played base: Trinity Warship

Shield card added to hand

Gundam Exia Repair deployed

Turn end phase started

Kiraya

Passed

Ironman655

Passed

Turn ended!

Turn 11 started!

Kiraya

Shiden Custom (Ryusei-Go) deployed

Paired pilot: Mikazuki Augus on unit Hyakuren

Selecting target for Mikazuki Augus

Mikazuki Augus: Dealt 1 damage to: Graze Custom and Gundam Exia Repair

Ironman655

Gundam Exia Repair milled 2: GN Armor Type-E and Gundam Kyrios moved to trash

Battle initiated

Kiraya

Battle declared: Hyakuren against Enemy Player

Ironman655

No blockers available

Action step

Ironman655

Passed

Kiraya

Passed

Battle started: Hyakuren against Trinity Warship

Ironman655

Trinity Warship received 6 damage, now destroyed

Battle ended

Battle initiated

Kiraya

Battle declared: Graze Custom against Enemy Player

Ironman655

No blockers available

Action step

Ironman655

Passed

Kiraya

Passed

Battle started: Graze Custom against Enemy Shield

Ironman655

Shield card: Gundam Exia revealed and discarded

Battle ended

Kiraya

Paired pilot: Zeheart Galette on unit Shiden Custom (Ryusei-Go)

Zeheart Galette milled 2: Hyakuren and Graze Custom moved to trash

Replaced EX Base base: Isaribi

Shield card added to hand

Turn end phase started

Ironman655

Passed

Kiraya

Passed

Turn ended!

Turn 12 started!

Ironman655

Gundam Exia (Trans-Am) deployed

Linked pilot: Setsuna F. Seiei on unit Gundam Exia (Trans-Am)

Battle initiated

Ironman655

Battle declared: Gundam Exia (Trans-Am) against Enemy Player

Setsuna F. Seiei: Modifier applied to: Gundam Exia (Trans-Am)

Kiraya

Assigned Shiden Custom (Ryusei-Go) to block

Action step

Kiraya

Passed

Ironman655

Passed

Battle started: Gundam Exia (Trans-Am) against Shiden Custom (Ryusei-Go)

Kiraya

Shiden Custom (Ryusei-Go) received 9 damage, now destroyed

Ironman655

Gundam Exia (Trans-Am) received 6 damage, now destroyed

Battle ended

Turn end phase started

Kiraya

Passed

Ironman655

Passed

Turn ended!

Turn 13 started!

Battle initiated

Kiraya

Battle declared: Graze Custom against Enemy Player

Ironman655

No blockers available

Action step

Ironman655

Passed

Kiraya

Passed

Battle started: Graze Custom against Enemy Shield

Ironman655

Shield card: Gundam Throne Eins revealed and discarded

Battle ended

Battle initiated

Kiraya

Battle declared: Hyakuren against Enemy Player

Ironman655

No blockers available

Action step

Ironman655

Passed

Kiraya

Passed

Battle started: Hyakuren against Enemy Shield

Ironman655

Shield card: Gundam Exia (Trans-Am) revealed and discarded

Battle ended

Battle initiated

Kiraya

Battle declared: Shiden Custom (Ryusei-Go) against Enemy Player

Ironman655

No blockers available

Action step

Ironman655

Passed

Kiraya

Passed

Battle started: Shiden Custom (Ryusei-Go) against Enemy Shield

Ironman655

Shield card: Trinity revealed and discarded

Battle ended

Kiraya

Gundam Gusion Rebake deployed

No targets for Gundam Gusion Rebake

Turn end phase started

Ironman655

Passed

Kiraya

Passed

Turn ended!

Turn 14 started!

Ironman655

GN Armor Type-E deployed

No targets for GN Armor Type-E

GN Armor (Type-E) deployed

Linked pilot: Hallelujah Haptism on unit GN Armor (Type-E)

Battle initiated

Ironman655

Battle declared: GN Armor (Type-E) against Shiden Custom (Ryusei-Go)

Kiraya

Assigned Gundam Gusion Rebake to block

Action step

Kiraya

Passed

Ironman655

Passed

Battle started: GN Armor (Type-E) against Gundam Gusion Rebake

Kiraya

Gundam Gusion Rebake received 7 damage, now destroyed

Ironman655

GN Armor (Type-E) received 3 damage, leaving 2 HP remaining

Selecting target for Hallelujah Haptism

Card added to hand: Gundam Kyrios

Battle ended

Turn end phase started

Kiraya

Passed

Ironman655

Passed

Turn ended!

Turn 15 started!

Kiraya

Played command: Airframe Seizure

Selecting target for Airframe Seizure

Gundam Barbatos 1st Form discarded

Airframe Seizure: Draw 2 cards

Hyakuren deployed

Battle initiated

Kiraya

Battle declared: Graze Custom against Enemy Player

Ironman655

No blockers available

Action step

Kiraya

Passed

Battle started: Graze Custom against Enemy Player

Ironman655

No more shields available, game is over!

Kiraya

Winner!

Game ended!