Mobile Suit Arena - Battle logs
Game started!

Kiraya

Choose to play first

Choose to mulligan starting hand

Ja Rul

Choose to keep starting hand

Turn 1 started!

Kiraya

Played command: Airframe Seizure

Selecting target for Airframe Seizure

Ryusei-Go (Graze Custom Ⅱ) discarded

Airframe Seizure: Draw 2 cards

Turn end phase started

Ja Rul

Passed

Kiraya

Passed

Turn ended!

Turn 2 started!

Turn end phase started

Kiraya

Passed

Ja Rul

Passed

Turn ended!

Turn 3 started!

Kiraya

Gundam Exia Repair deployed

Replaced EX Base base: Minerva

Shield card added to hand

Selecting target for Minerva

Turn end phase started

Ja Rul

Passed

Kiraya

Passed

Turn ended!

Turn 4 started!

Turn end phase started

Kiraya

Passed

Ja Rul

Passed

Turn ended!

Turn 5 started!

Kiraya

Hyakuren deployed

Graze Custom deployed

Battle initiated

Kiraya

Battle declared: Gundam Exia Repair against Enemy Player

Ja Rul

No blockers available

Action step

Ja Rul

Played action: Close Combat

Close Combat: Dealt 2 damage to Gundam Exia Repair, now destroyed

Kiraya

Gundam Exia Repair milled 2: Gundam Barbatos Adapt and Darkness Finger moved to trash

Passed

Ja Rul

Passed

Battle ended

Turn end phase started

Ja Rul

Passed

Kiraya

Passed

Turn ended!

Turn 6 started!

Ja Rul

Played action: Improved Technique

Improved Technique: Dealt 3 damage to Hyakuren, now destroyed

Turn end phase started

Kiraya

Passed

Ja Rul

Passed

Turn ended!

Turn 7 started!

Kiraya

Hyakuren deployed

Turn end phase started

Ja Rul

Passed

Kiraya

Passed

Turn ended!

Turn 8 started!

Ja Rul

Played action: Improved Technique

Improved Technique: Dealt 3 damage to Hyakuren, now destroyed

Turn end phase started

Kiraya

Passed

Ja Rul

Passed

Turn ended!

Turn 9 started!

Kiraya

Shiden Custom (Ryusei-Go) deployed

Graze Custom deployed

Linked pilot: Mikazuki Augus on unit Shiden Custom (Ryusei-Go)

Battle initiated

Kiraya

Battle declared: Shiden Custom (Ryusei-Go) against Enemy Player

Ja Rul

No blockers available

Action step

Ja Rul

Played action: Darkness Finger

Darkness Finger: Dealt 2 damage to Graze Custom, now destroyed

Kiraya

Passed

Ja Rul

Passed

Kiraya

Battle started: Shiden Custom (Ryusei-Go) against EX Base

Ja Rul

EX Base received 6 damage, now destroyed

Battle ended

Turn end phase started

Ja Rul

Passed

Kiraya

Passed

Turn ended!

Turn 10 started!

Ja Rul

Played action: Overwhelming Pressure

Overwhelming Pressure: Dealt 4 damage to Shiden Custom (Ryusei-Go), now destroyed

Played command: A Healthy Curiosity

A Healthy Curiosity: Draw a card

Turn end phase started

Kiraya

Passed

Ja Rul

Passed

Turn ended!

Turn 11 started!

Battle initiated

Kiraya

Battle declared: Graze Custom against Enemy Player

Ja Rul

No blockers available

Action step

Ja Rul

Passed

Kiraya

Passed

Battle started: Graze Custom against Enemy Shield

Ja Rul

Shield card: Unicorn Gundam 02 Banshee (Destroy Mode) revealed and discarded

Battle ended

Kiraya

Gundam Barbatos 1st Form deployed

Gundam Gusion Rebake deployed

No targets for Gundam Gusion Rebake

Turn end phase started

Ja Rul

Played action: Kindhearted

Kindhearted: Draw a card

Kiraya

Passed

Ja Rul

Played action: Kindhearted

Kindhearted: Draw a card

Kiraya

Passed

Ja Rul

Passed

Kiraya

Turn ended!

Turn 12 started!

Ja Rul

Played action: Improved Technique

Improved Technique: Dealt 3 damage to Gundam Barbatos 1st Form, now destroyed

Played command: A Show of Resolve

A Show of Resolve: Draw 2 cards

Turn end phase started

Kiraya

Passed

Ja Rul

Passed

Turn ended!

Turn 13 started!

Battle initiated

Kiraya

Battle declared: Graze Custom against Enemy Player

Ja Rul

No blockers available

Action step

Ja Rul

Passed

Kiraya

Passed

Battle started: Graze Custom against Enemy Shield

Ja Rul

Shield card: A Healthy Curiosity revealed and discarded

Battle ended

Kiraya

Hyakuren deployed

Gundam Flauros (Ryusei-Go) deployed

No targets for Gundam Flauros (Ryusei-Go)

Battle initiated

Kiraya

Battle declared: Gundam Gusion Rebake against Enemy Player

Ja Rul

No blockers available

Action step

Ja Rul

Passed

Kiraya

Passed

Battle started: Gundam Gusion Rebake against Enemy Shield

Ja Rul

Shield card: A Show of Resolve revealed and discarded

Battle ended

Turn end phase started

Ja Rul

Passed

Kiraya

Passed

Turn ended!

Turn 14 started!

Ja Rul

Played base: Rewloola

Shield card added to hand

Selecting target for Rewloola

Rewloola: Dealt 1 damage to Gundam Flauros (Ryusei-Go), leaving 2 HP remaining

Played action: Darkness Finger

Darkness Finger: Dealt 2 damage to Gundam Flauros (Ryusei-Go), now destroyed

Strike Rouge (Ootori) deployed

Linked pilot: Kira Yamato on unit Strike Rouge (Ootori)

Kira Yamato: Draw a card

Battle initiated

Ja Rul

Battle declared: Strike Rouge (Ootori) against Gundam Gusion Rebake

Kiraya

No blockers available

Action step

Kiraya

Played action: Darkness Finger

Darkness Finger: Dealt 2 damage to Strike Rouge (Ootori), leaving 4 HP remaining

Ja Rul

Passed

Kiraya

Passed

Ja Rul

Battle started: Strike Rouge (Ootori) against Gundam Gusion Rebake

Kiraya

Gundam Gusion Rebake received 5 damage, now destroyed

Ja Rul

Strike Rouge (Ootori) received 3 damage, leaving 1 HP remaining

Battle ended

Turn end phase started

Kiraya

Passed

Ja Rul

Passed

Turn ended!

Turn 15 started!

Kiraya

Gundam Barbatos Adapt deployed

Selecting target for Gundam Barbatos Adapt

Gundam Barbatos Adapt: Dealt 1 damage to: Gundam Barbatos Adapt and Strike Rouge (Ootori)

Battle initiated

Kiraya

Battle declared: Hyakuren against Enemy Player

Ja Rul

No blockers available

Action step

Ja Rul

Passed

Kiraya

Passed

Battle started: Hyakuren against Rewloola

Ja Rul

Rewloola received 4 damage, leaving 1 HP remaining

Battle ended

Battle initiated

Kiraya

Battle declared: Graze Custom against Enemy Player

Ja Rul

No blockers available

Action step

Ja Rul

Passed

Kiraya

Passed

Battle started: Graze Custom against Rewloola

Ja Rul

Rewloola received 2 damage, now destroyed

Battle ended

Turn end phase started

Ja Rul

Passed

Kiraya

Passed

Turn ended!

Turn 16 started!

Ja Rul

Strike Freedom Gundam deployed

Selecting target for Strike Freedom Gundam

Strike Freedom Gundam: chose Strike Freedom Gundam

Linked pilot: Kira Yamato on unit Strike Freedom Gundam

Kira Yamato: Draw a card

Battle initiated

Ja Rul

Battle declared: Strike Freedom Gundam against Hyakuren

Selecting target for Strike Freedom Gundam

ReZEL and Kshatriya discarded

Selecting target for Strike Freedom Gundam

Kiraya

Graze Custom returned to deck

No blockers available

Action step

Kiraya

Passed

Ja Rul

Passed

Battle started: Strike Freedom Gundam against Hyakuren

Kiraya

Hyakuren received 7 damage, now destroyed

Ja Rul

Strike Freedom Gundam received 4 damage, leaving 4 HP remaining

Strike Freedom Gundam: Draw a card

Battle ended

Turn end phase started

Kiraya

Passed

Ja Rul

Passed

Turn ended!

Turn 17 started!

Battle initiated

Kiraya

Battle declared: Gundam Barbatos Adapt against Enemy Player

Ja Rul

No blockers available

Action step

Ja Rul

Passed

Kiraya

Passed

Battle started: Gundam Barbatos Adapt against Enemy Shield

Ja Rul

Shield card: Close Combat revealed

Shield card: Close Combat moved to trash

Selecting target for Close Combat

Close Combat: Dealt 2 damage to Gundam Barbatos Adapt, leaving 1 HP remaining

Battle ended

Turn end phase started

Ja Rul

Passed

Kiraya

Passed

Turn ended!

Turn 18 started!

Ja Rul

Played base: Rewloola

Shield card added to hand

Selecting target for Rewloola

Rewloola: Dealt 1 damage to Gundam Barbatos Adapt, now destroyed

Battle initiated

Ja Rul

Battle declared: Strike Freedom Gundam against Enemy Player

Kiraya

No blockers available

Action step

Kiraya

Passed

Ja Rul

Passed

Battle started: Strike Freedom Gundam against Enemy Player

Kiraya

Minerva received 7 damage, now destroyed

Battle ended

Ja Rul

Strike Freedom Gundam deployed

Selecting target for Strike Freedom Gundam

Strike Freedom Gundam: chose Strike Freedom Gundam

Linked pilot: Kira Yamato on unit Strike Freedom Gundam

Kira Yamato: Draw a card

Battle initiated

Ja Rul

Battle declared: Strike Freedom Gundam against Enemy Player

Kiraya

No blockers available

Action step

Kiraya

Passed

Ja Rul

Passed

Battle started: Strike Freedom Gundam against Enemy Shield

Kiraya

Shield card: Gundam Gusion Rebake revealed and discarded

Ja Rul

Strike Freedom Gundam: Draw a card

Battle ended

Turn end phase started

Kiraya

Passed

Ja Rul

Passed

Turn ended!

Turn 19 started!

Kiraya

Played command: Airframe Seizure

Selecting target for Airframe Seizure

Mikazuki Augus discarded

Airframe Seizure: Draw 2 cards

Played base: Isaribi

Shield card added to hand

Gundam Barbatos 1st Form deployed

Linked pilot: Mikazuki Augus on unit Gundam Barbatos 1st Form

Selecting target for Mikazuki Augus

Mikazuki Augus: Dealt 1 damage to: Gundam Barbatos 1st Form and Strike Freedom Gundam

Battle initiated

Kiraya

Battle declared: Gundam Barbatos 1st Form against Strike Freedom Gundam

Gundam Barbatos 1st Form: Draw a card

Ja Rul

No blockers available

Action step

Ja Rul

Passed

Kiraya

Passed

Battle started: Gundam Barbatos 1st Form against Strike Freedom Gundam

Ja Rul

Strike Freedom Gundam received 5 damage, now destroyed

Kiraya

Gundam Barbatos 1st Form received 7 damage, now destroyed

Battle ended

Kiraya

Ryusei-Go (Graze Custom Ⅱ) deployed

Selecting target for Ryusei-Go (Graze Custom Ⅱ)

Ryusei-Go (Graze Custom Ⅱ): Dealt 1 damage to Ryusei-Go (Graze Custom Ⅱ), leaving 1 HP remaining

Ryusei-Go (Graze Custom Ⅱ): Draw a card

Selecting target for Ryusei-Go (Graze Custom Ⅱ)

Gundam Flauros (Ryusei-Go) discarded

Turn end phase started

Ja Rul

Passed

Kiraya

Passed

Turn ended!

Turn 20 started!

Ja Rul

Played action: Kindhearted

Kindhearted: Draw a card

Played action: Improved Technique

Improved Technique: Dealt 3 damage to Ryusei-Go (Graze Custom Ⅱ), now destroyed

Unicorn Gundam 02 Banshee (Destroy Mode) deployed

Linked pilot: Marida Cruz on unit Unicorn Gundam 02 Banshee (Destroy Mode)

Battle initiated

Ja Rul

Battle declared: Unicorn Gundam 02 Banshee (Destroy Mode) against Enemy Player

Selecting target for Unicorn Gundam 02 Banshee (Destroy Mode)

Returned to deck bottom

Set Active: Unicorn Gundam 02 Banshee (Destroy Mode)

Unicorn Gundam 02 Banshee (Destroy Mode): Modifier applied to: Unicorn Gundam 02 Banshee (Destroy Mode)

No targets for Marida Cruz

Kiraya

No blockers available

Action step

Kiraya

Passed

Ja Rul

Passed

Battle started: Unicorn Gundam 02 Banshee (Destroy Mode) against Isaribi

Kiraya

Isaribi received 7 damage, now destroyed

Battle ended

Battle initiated

Ja Rul

Battle declared: Unicorn Gundam 02 Banshee (Destroy Mode) against Enemy Player

Selecting target for Unicorn Gundam 02 Banshee (Destroy Mode)

Returned to deck bottom

Set Active: Unicorn Gundam 02 Banshee (Destroy Mode)

Unicorn Gundam 02 Banshee (Destroy Mode): Modifier applied to: Unicorn Gundam 02 Banshee (Destroy Mode)

No targets for Marida Cruz

Kiraya

No blockers available

Action step

Kiraya

Passed

Ja Rul

Passed

Battle started: Unicorn Gundam 02 Banshee (Destroy Mode) against Enemy Shield

Kiraya

Shield card: Graze Custom revealed and discarded

Battle ended

Battle initiated

Ja Rul

Battle declared: Unicorn Gundam 02 Banshee (Destroy Mode) against Enemy Player

No targets for Marida Cruz

Kiraya

No blockers available

Action step

Kiraya

Passed

Ja Rul

Passed

Battle started: Unicorn Gundam 02 Banshee (Destroy Mode) against Enemy Shield

Kiraya

Shield card: Airframe Seizure revealed and discarded

Battle ended

Battle initiated

Ja Rul

Battle declared: Strike Freedom Gundam against Enemy Player

Kiraya

No blockers available

Action step

Ja Rul

Passed

Battle started: Strike Freedom Gundam against Enemy Shield

Kiraya

Shield card: Gundam Barbatos Lupus revealed and discarded

Battle ended

Turn end phase started

Kiraya

Passed

Ja Rul

Passed

Turn ended!

Turn 21 started!

Turn end phase started

Ja Rul

Passed

Winner!

Game ended!