Mobile Suit Arena - Battle logs
Game started!

Kiraya

Choose to play first

Choose to mulligan starting hand

HortyPidge

Choose to mulligan starting hand

Turn 1 started!

Turn end phase started

HortyPidge

Passed

Kiraya

Passed

Turn ended!

Turn 2 started!

HortyPidge

Zaku Ⅱ deployed

Turn end phase started

Kiraya

Passed

HortyPidge

Passed

Turn ended!

Turn 3 started!

Kiraya

Gundam Exia Repair deployed

Gundam Exia Repair deployed

Turn end phase started

HortyPidge

Passed

Kiraya

Passed

Turn ended!

Turn 4 started!

HortyPidge

Char's Zaku Ⅱ deployed

Linked pilot: Char Aznable on unit Char's Zaku Ⅱ

Battle initiated

HortyPidge

Battle declared: Char's Zaku Ⅱ against Enemy Player

Char Aznable: Modifier applied to: Char's Zaku Ⅱ

Kiraya

Can't block High-maneuver

Action step

Kiraya

Passed

HortyPidge

Passed

Battle started: Char's Zaku Ⅱ against EX Base

Kiraya

EX Base received 5 damage, now destroyed

Battle ended

Battle initiated

HortyPidge

Battle declared: Zaku Ⅱ against Enemy Player

Kiraya

No blockers available

Action step

Kiraya

Passed

HortyPidge

Passed

Battle started: Zaku Ⅱ against Enemy Shield

Kiraya

Shield card: Mikazuki Augus revealed

Shield card added to hand: Mikazuki Augus

Battle ended

Turn end phase started

Kiraya

Passed

HortyPidge

Passed

Turn ended!

Turn 5 started!

Kiraya

Played base: Isaribi

Shield card added to hand

Battle initiated

Kiraya

Battle declared: Gundam Exia Repair against Zaku Ⅱ

HortyPidge

No blockers available

Action step

HortyPidge

Passed

Kiraya

Passed

Battle started: Gundam Exia Repair against Zaku Ⅱ

HortyPidge

Zaku Ⅱ received 2 damage, now destroyed

Kiraya

Gundam Exia Repair received 2 damage, now destroyed

Gundam Exia Repair milled 2: Hyakuren and Minerva moved to trash

Battle ended

Kiraya

Played command: Airframe Seizure

Selecting target for Airframe Seizure

Gundam Gusion Rebake discarded

Airframe Seizure: Draw 2 cards

Battle initiated

Kiraya

Battle declared: Gundam Exia Repair against Enemy Player

HortyPidge

No blockers available

Action step

HortyPidge

Passed

Kiraya

Passed

Battle started: Gundam Exia Repair against EX Base

HortyPidge

EX Base received 2 damage, leaving 1 HP remaining

Battle ended

Turn end phase started

HortyPidge

Passed

Kiraya

Passed

Turn ended!

Turn 6 started!

HortyPidge

Char's Zaku Ⅱ deployed

Linked pilot: Char Aznable on unit Char's Zaku Ⅱ

Battle initiated

HortyPidge

Battle declared: Char's Zaku Ⅱ against Enemy Player

Char Aznable: Modifier applied to: Char's Zaku Ⅱ

Kiraya

Can't block High-maneuver

Action step

Kiraya

Passed

HortyPidge

Passed

Battle started: Char's Zaku Ⅱ against Isaribi

Kiraya

Isaribi received 5 damage, now destroyed

Battle ended

Battle initiated

HortyPidge

Battle declared: Char's Zaku Ⅱ against Enemy Player

Char Aznable: Modifier applied to: Char's Zaku Ⅱ

Kiraya

Can't block High-maneuver

Action step

Kiraya

Passed

HortyPidge

Passed

Battle started: Char's Zaku Ⅱ against Enemy Shield

Kiraya

Shield card: Gundam Barbatos Lupus revealed and discarded

Battle ended

Turn end phase started

Kiraya

Passed

HortyPidge

Passed

Turn ended!

Turn 7 started!

Kiraya

Gundam Barbatos 1st Form deployed

Linked pilot: Mikazuki Augus on unit Gundam Barbatos 1st Form

Selecting target for Mikazuki Augus

Mikazuki Augus: Dealt 1 damage to: Gundam Barbatos 1st Form and Char's Zaku Ⅱ

Battle initiated

Kiraya

Battle declared: Gundam Exia Repair against Char's Zaku Ⅱ

HortyPidge

No blockers available

Action step

HortyPidge

Passed

Kiraya

Passed

Battle started: Gundam Exia Repair against Char's Zaku Ⅱ

HortyPidge

Char's Zaku Ⅱ received 2 damage, now destroyed

Kiraya

Gundam Exia Repair received 4 damage, now destroyed

Gundam Exia Repair milled 2: Gundam Barbatos Adapt and Graze Custom moved to trash

HortyPidge

Char's Zaku Ⅱ deployed

Battle ended

Battle initiated

Kiraya

Battle declared: Gundam Barbatos 1st Form against Char's Zaku Ⅱ

Gundam Barbatos 1st Form: Draw a card

HortyPidge

No blockers available

Action step

HortyPidge

Passed

Kiraya

Passed

Battle started: Gundam Barbatos 1st Form against Char's Zaku Ⅱ

HortyPidge

Char's Zaku Ⅱ received 5 damage, now destroyed

Kiraya

Gundam Barbatos 1st Form received 4 damage, now destroyed

HortyPidge

Selecting target for Char's Zaku Ⅱ

Card added to hand: Rick Dom

Battle ended

Kiraya

Played action: Darkness Finger

Darkness Finger: Dealt 2 damage to Char's Zaku Ⅱ, now destroyed

Turn end phase started

HortyPidge

Passed

Kiraya

Passed

Turn ended!

Turn 8 started!

HortyPidge

Z’Gok E deployed

Hy-Gogg deployed

Turn end phase started

Kiraya

Passed

HortyPidge

Passed

Turn ended!

Turn 9 started!

Kiraya

Shiden Custom (Ryusei-Go) deployed

Hyakuren deployed

Turn end phase started

HortyPidge

Passed

Kiraya

Passed

Turn ended!

Turn 10 started!

HortyPidge

Gelgoog deployed

Rick Dom deployed

Zaku Ⅱ deployed

Battle initiated

HortyPidge

Battle declared: Hy-Gogg against Enemy Player

Kiraya

Assigned no blocker

Action step

Kiraya

Passed

HortyPidge

Passed

Battle started: Hy-Gogg against Enemy Shield

Kiraya

Shield card: Gundam Gusion Rebake revealed and discarded

Battle ended

Battle initiated

HortyPidge

Battle declared: Z’Gok E against Enemy Player

Kiraya

Assigned Shiden Custom (Ryusei-Go) to block

Action step

Kiraya

Passed

HortyPidge

Passed

Battle started: Z’Gok E against Shiden Custom (Ryusei-Go)

Kiraya

Shiden Custom (Ryusei-Go) received 3 damage, now destroyed

HortyPidge

Z’Gok E received 4 damage, now destroyed

Battle ended

Turn end phase started

Kiraya

Passed

HortyPidge

Passed

Turn ended!

Turn 11 started!

Kiraya

Gundam Barbatos Adapt deployed

Selecting target for Gundam Barbatos Adapt

Gundam Barbatos Adapt: Dealt 1 damage to: Hyakuren and Zaku Ⅱ

Linked pilot: Mikazuki Augus on unit Gundam Barbatos Adapt

Selecting target for Mikazuki Augus

Mikazuki Augus: Dealt 1 damage to: Hyakuren and Zaku Ⅱ

Battle initiated

Kiraya

Battle declared: Hyakuren against Hy-Gogg

HortyPidge

No blockers available

Action step

HortyPidge

Passed

Kiraya

Passed

Battle started: Hyakuren against Hy-Gogg

HortyPidge

Hy-Gogg received 4 damage, now destroyed

Kiraya

Hyakuren received 3 damage, now destroyed

Battle ended

Kiraya

Shiden Custom (Ryusei-Go) deployed

Battle initiated

Kiraya

Battle declared: Gundam Barbatos Adapt against Enemy Player

HortyPidge

No blockers available

Action step

HortyPidge

Passed

Kiraya

Passed

Battle started: Gundam Barbatos Adapt against EX Base

HortyPidge

EX Base received 4 damage, now destroyed

Battle ended

Turn end phase started

HortyPidge

Passed

Kiraya

Passed

Turn ended!

Turn 12 started!

HortyPidge

Played command: A Show of Resolve

A Show of Resolve: Draw 2 cards

Linked pilot: Mikhail Kaminsky on unit Gelgoog

Battle initiated

HortyPidge

Battle declared: Gelgoog against Enemy Player

No targets for Mikhail Kaminsky

Kiraya

Assigned Shiden Custom (Ryusei-Go) to block

Action step

Kiraya

Passed

HortyPidge

Passed

Battle started: Gelgoog against Shiden Custom (Ryusei-Go)

Kiraya

Shiden Custom (Ryusei-Go) received 6 damage, now destroyed

HortyPidge

Gelgoog received 4 damage, now destroyed

Battle ended

Battle initiated

HortyPidge

Battle declared: Rick Dom against Enemy Player

Kiraya

No blockers available

Action step

Kiraya

Passed

HortyPidge

Passed

Battle started: Rick Dom against Enemy Shield

Kiraya

Shield card: Darkness Finger revealed

Shield card: Darkness Finger moved to trash

Selecting target for Darkness Finger

Darkness Finger: Dealt 2 damage to Rick Dom, leaving 1 HP remaining

Battle ended

HortyPidge

Rick Dom deployed

Turn end phase started

Kiraya

Passed

HortyPidge

Passed

Turn ended!

Turn 13 started!

Kiraya

Gundam Barbatos Lupus deployed

Activated: Gundam Barbatos Lupus

Shiden Custom (Ryusei-Go), Hyakuren and Shiden Custom (Ryusei-Go) exiled from the game

Selecting target for Gundam Barbatos Lupus

Gundam Barbatos Lupus: Dealt 2 damage to Rick Dom, leaving 1 HP remaining

Activated: Gundam Barbatos Lupus

Gundam Barbatos Adapt, Graze Custom and Gundam Gusion Rebake exiled from the game

Selecting target for Gundam Barbatos Lupus

Gundam Barbatos Lupus: Dealt 2 damage to Rick Dom, now destroyed

Activated: Gundam Barbatos Lupus

Gundam Gusion Rebake, Gundam Barbatos Lupus and Gundam Barbatos 1st Form exiled from the game

Selecting target for Gundam Barbatos Lupus

Gundam Barbatos Lupus: Dealt 2 damage to Rick Dom, now destroyed

Battle initiated

Kiraya

Battle declared: Gundam Barbatos Adapt against Enemy Player

HortyPidge

No blockers available

Action step

HortyPidge

Passed

Kiraya

Passed

Battle started: Gundam Barbatos Adapt against Enemy Shield

HortyPidge

Shield card: Z’Gok E revealed and discarded

Battle ended

Kiraya

Played command: Airframe Seizure

Selecting target for Airframe Seizure

Zeheart Galette discarded

Airframe Seizure: Draw 2 cards

Turn end phase started

HortyPidge

Passed

Kiraya

Passed

Turn ended!

Turn 14 started!

HortyPidge

Gelgoog deployed

Turn end phase started

Kiraya

Passed

HortyPidge

Passed

Turn ended!

Turn 15 started!

Kiraya

Gundam Flauros (Ryusei-Go) deployed

No targets for Gundam Flauros (Ryusei-Go)

Gundam Barbatos 1st Form deployed

Gundam Barbatos 1st Form deployed

Battle initiated

Kiraya

Battle declared: Gundam Barbatos Adapt against Enemy Player

HortyPidge

No blockers available

Action step

HortyPidge

Passed

Kiraya

Passed

Battle started: Gundam Barbatos Adapt against Enemy Shield

HortyPidge

Shield card: Zaku Ⅱ revealed and discarded

Battle ended

Battle initiated

Kiraya

Battle declared: Gundam Barbatos Lupus against Enemy Player

HortyPidge

No blockers available

Action step

HortyPidge

Passed

Kiraya

Passed

Battle started: Gundam Barbatos Lupus against Enemy Shield

HortyPidge

Shield card: Char's Zaku Ⅱ revealed and discarded

Battle ended

Turn end phase started

HortyPidge

Passed

Kiraya

Passed

Turn ended!

Turn 16 started!

HortyPidge

Kämpfer deployed

Linked pilot: Mikhail Kaminsky on unit Kämpfer

Kämpfer: Modifier applied to: Kämpfer

Battle initiated

HortyPidge

Battle declared: Gelgoog against Enemy Player

Kiraya

No blockers available

Action step

Kiraya

Passed

HortyPidge

Passed

Battle started: Gelgoog against Enemy Shield

Kiraya

Shield card: Isaribi revealed

Played base: Isaribi

No more Shield cards to add to hand

Battle ended

Battle initiated

HortyPidge

Battle declared: Kämpfer against Enemy Player

Selecting target for Mikhail Kaminsky

Mikhail Kaminsky: Modifier applied to: Kämpfer

Kiraya

No blockers available

Action step

Kiraya

Passed

HortyPidge

Passed

Battle started: Kämpfer against Isaribi

Kiraya

Isaribi received 6 damage, now destroyed

Battle ended

Turn end phase started

Kiraya

Passed

HortyPidge

Passed

Turn ended!

Turn 17 started!

Battle initiated

Kiraya

Battle declared: Gundam Barbatos 1st Form against Enemy Player

HortyPidge

No blockers available

Action step

HortyPidge

Passed

Kiraya

Passed

Battle started: Gundam Barbatos 1st Form against Enemy Shield

HortyPidge

Shield card: Zaku Ⅱ revealed and discarded

Battle ended

Battle initiated

Kiraya

Battle declared: Gundam Barbatos 1st Form against Enemy Player

HortyPidge

No blockers available

Action step

HortyPidge

Passed

Kiraya

Passed

Battle started: Gundam Barbatos 1st Form against Enemy Shield

HortyPidge

Shield card: Kämpfer revealed

Timeout 1

Shield card: Kämpfer moved to trash

Battle ended

Battle initiated

Kiraya

Battle declared: Gundam Barbatos Lupus against Enemy Player

HortyPidge

No blockers available

Action step

HortyPidge

Passed

Kiraya

Passed

Battle started: Gundam Barbatos Lupus against Enemy Shield

HortyPidge

Shield card: Mikhail Kaminsky revealed

Timeout 1

Shield card: Mikhail Kaminsky moved to trash

Battle ended

Battle initiated

Kiraya

Battle declared: Gundam Barbatos Adapt against Enemy Player

HortyPidge

No blockers available

Action step

HortyPidge

Passed

Kiraya

Passed

Battle started: Gundam Barbatos Adapt against Enemy Player

HortyPidge

No more shields available, game is over!

Kiraya

Winner!

Game ended!