Mobile Suit Arena - Battle logs
Game started!

bladee

Choose to play second

Kiraya

Choose to mulligan starting hand

bladee

Choose to keep starting hand

Turn 1 started!

Turn end phase started

bladee

Passed

Kiraya

Passed

Turn ended!

Turn 2 started!

Turn end phase started

Kiraya

Passed

bladee

Passed

Turn ended!

Turn 3 started!

Kiraya

Graze Custom deployed

Graze Custom deployed

Turn end phase started

bladee

Passed

Kiraya

Passed

Turn ended!

Turn 4 started!

bladee

Flat (Militia) deployed

Turn end phase started

Kiraya

Passed

bladee

Passed

Turn ended!

Turn 5 started!

Kiraya

Hyakuren deployed

Turn end phase started

bladee

Passed

Kiraya

Passed

Turn ended!

Turn 6 started!

bladee

Gundam Heavyarms deployed

Selecting target for Gundam Heavyarms

Returned to deck top

Turn end phase started

Kiraya

Passed

bladee

Passed

Turn ended!

Turn 7 started!

Battle initiated

Kiraya

Battle declared: Hyakuren against Enemy Player

bladee

Assigned no blocker

Action step

bladee

Passed

Kiraya

Passed

Battle started: Hyakuren against EX Base

bladee

EX Base received 4 damage, now destroyed

Battle ended

Battle initiated

Kiraya

Battle declared: Graze Custom against Enemy Player

bladee

Assigned no blocker

Action step

bladee

Passed

Kiraya

Passed

Battle started: Graze Custom against Enemy Shield

bladee

Shield card: Gundam Heavyarms revealed and discarded

Battle ended

Kiraya

Shiden Custom (Ryusei-Go) deployed

Turn end phase started

bladee

Passed

Kiraya

Passed

Turn ended!

Turn 8 started!

bladee

Gundam Lfrith deployed

Paired pilot: Heero Yuy on unit Flat (Militia)

Battle initiated

bladee

Battle declared: Flat (Militia) against Enemy Player

Kiraya

Assigned no blocker

Action step

Kiraya

Passed

bladee

Passed

Battle started: Flat (Militia) against EX Base

Kiraya

EX Base received 4 damage, now destroyed

bladee

Selecting target for Heero Yuy

Heero Yuy: Modifier applied to: Hyakuren

Battle ended

Battle initiated

bladee

Battle declared: Gundam Heavyarms against Hyakuren

Kiraya

Assigned Shiden Custom (Ryusei-Go) to block

Action step

Kiraya

Passed

bladee

Passed

Battle started: Gundam Heavyarms against Shiden Custom (Ryusei-Go)

Kiraya

Shiden Custom (Ryusei-Go) received 3 damage, now destroyed

bladee

Gundam Heavyarms received 4 damage, now destroyed

Battle ended

bladee

Played command: The Path to Victory or Defeat

Selecting target for The Path to Victory or Defeat

Card added to hand: Wing Gundam Zero (EW)

Turn end phase started

Kiraya

Passed

bladee

Passed

Turn ended!

Turn 9 started!

Battle initiated

Kiraya

Battle declared: Graze Custom against Enemy Player

bladee

Assigned no blocker

Action step

bladee

Passed

Kiraya

Passed

Battle started: Graze Custom against Enemy Shield

bladee

Shield card: Altron Gundam revealed and discarded

Battle ended

Battle initiated

Kiraya

Battle declared: Graze Custom against Enemy Player

bladee

Assigned Gundam Lfrith to block

Action step

bladee

Passed

Kiraya

Passed

Battle started: Graze Custom against Gundam Lfrith

bladee

Gundam Lfrith received 2 damage, leaving 2 HP remaining

Kiraya

Graze Custom received 2 damage, now destroyed

Battle ended

Kiraya

Played action: Darkness Finger

Darkness Finger: Dealt 2 damage to Gundam Lfrith, now destroyed

Gundam Barbatos 1st Form deployed

Linked pilot: Mikazuki Augus on unit Gundam Barbatos 1st Form

Selecting target for Mikazuki Augus

Mikazuki Augus: Dealt 1 damage to: Gundam Barbatos 1st Form and Flat (Militia)

Battle initiated

Kiraya

Battle declared: Gundam Barbatos 1st Form against Enemy Player

Gundam Barbatos 1st Form: Draw a card

bladee

No blockers available

Action step

bladee

Passed

Kiraya

Passed

Battle started: Gundam Barbatos 1st Form against Enemy Shield

bladee

Shield card: Flat (Militia) revealed and discarded

Battle ended

Battle initiated

Kiraya

Battle declared: Hyakuren against Flat (Militia)

bladee

No blockers available

Action step

bladee

Passed

Kiraya

Passed

Battle started: Hyakuren against Flat (Militia)

bladee

Flat (Militia) received 4 damage, now destroyed

Kiraya

Hyakuren received 4 damage, now destroyed

Battle ended

Turn end phase started

bladee

Passed

Kiraya

Passed

Turn ended!

Turn 10 started!

bladee

Played base: Underground Desert Base

Shield card added to hand

Silver Bullet deployed

Gundam Lfrith deployed

Turn end phase started

Kiraya

Passed

bladee

Passed

Turn ended!

Turn 11 started!

Battle initiated

Kiraya

Battle declared: Gundam Barbatos 1st Form against Enemy Player

Gundam Barbatos 1st Form: Draw a card

bladee

Assigned no blocker

Action step

bladee

Passed

Kiraya

Passed

Battle started: Gundam Barbatos 1st Form against Underground Desert Base

bladee

Underground Desert Base received 5 damage, leaving 1 HP remaining

Battle ended

Kiraya

Hyakuren deployed

Turn end phase started

bladee

Passed

Kiraya

Passed

Turn ended!

Turn 12 started!

bladee

Wing Gundam Zero (EW) deployed

Linked pilot: Heero Yuy on unit Wing Gundam Zero (EW)

Battle initiated

bladee

Battle declared: Wing Gundam Zero (EW) against Enemy Player

Selecting target for Wing Gundam Zero (EW)

Rested unit: Hyakuren

Kiraya

No blockers available

Action step

Kiraya

Passed

bladee

Passed

Battle started: Wing Gundam Zero (EW) against Enemy Shield

Kiraya

Shield cards: Graze Custom and Gundam Exia Repair revealed and discarded

bladee

Selecting target for Heero Yuy

Heero Yuy: Modifier applied to: Gundam Barbatos 1st Form

Battle ended

Battle initiated

bladee

Battle declared: Silver Bullet against Gundam Barbatos 1st Form

Kiraya

No blockers available

Action step

Kiraya

Passed

bladee

Passed

Battle started: Silver Bullet against Gundam Barbatos 1st Form

Kiraya

Gundam Barbatos 1st Form received 4 damage, now destroyed

bladee

Silver Bullet received 3 damage, leaving 1 HP remaining

Battle ended

Turn end phase started

Kiraya

Passed

bladee

Passed

Turn ended!

Turn 13 started!

Battle initiated

Kiraya

Battle declared: Graze Custom against Silver Bullet

bladee

Assigned no blocker

Action step

bladee

Passed

Kiraya

Passed

Battle started: Graze Custom against Silver Bullet

bladee

Silver Bullet received 2 damage, now destroyed

Kiraya

Graze Custom received 4 damage, now destroyed

Battle ended

Kiraya

Gundam Barbatos Lupus deployed

Linked pilot: Mikazuki Augus on unit Gundam Barbatos Lupus

Selecting target for Mikazuki Augus

Mikazuki Augus: Dealt 1 damage to: Gundam Barbatos Lupus and Wing Gundam Zero (EW)

Activated: Gundam Barbatos Lupus

Hyakuren, Gundam Barbatos 1st Form and Graze Custom exiled from the game

Selecting target for Gundam Barbatos Lupus

Gundam Barbatos Lupus: Dealt 2 damage to Gundam Lfrith, leaving 2 HP remaining

Activated: Gundam Barbatos Lupus

Shiden Custom (Ryusei-Go), Graze Custom and Graze Custom exiled from the game

Selecting target for Gundam Barbatos Lupus

Gundam Barbatos Lupus: Dealt 2 damage to Gundam Lfrith, now destroyed

Battle initiated

Kiraya

Battle declared: Hyakuren against Wing Gundam Zero (EW)

bladee

No blockers available

Action step

bladee

Passed

Kiraya

Passed

Battle started: Hyakuren against Wing Gundam Zero (EW)

bladee

Wing Gundam Zero (EW) received 4 damage, now destroyed

Kiraya

Hyakuren received 7 damage, now destroyed

Battle ended

Battle initiated

Kiraya

Battle declared: Gundam Barbatos Lupus against Enemy Player

bladee

No blockers available

Action step

bladee

Passed

Kiraya

Passed

Battle started: Gundam Barbatos Lupus against Underground Desert Base

bladee

Underground Desert Base received 7 damage, now destroyed

Battle ended

Turn end phase started

bladee

Passed

Kiraya

Passed

Turn ended!

Turn 14 started!

bladee

Played command: Overflowing Affection

Overflowing Affection: Draw 2 cards

Selecting target for Overflowing Affection

Altron Gundam discarded

Wing Gundam deployed

Linked pilot: Heero Yuy on unit Wing Gundam

Battle initiated

bladee

Battle declared: Wing Gundam against Gundam Barbatos Lupus

Kiraya

No blockers available

Action step

Kiraya

Passed

bladee

Passed

Battle started: Wing Gundam against Gundam Barbatos Lupus

Kiraya

Gundam Barbatos Lupus received 7 damage, now destroyed

bladee

Wing Gundam received 7 damage, now destroyed

Kiraya

Breach 5 Shield card: Shiden Custom (Ryusei-Go) revealed and discarded

Battle ended

Turn end phase started

Kiraya

Passed

bladee

Passed

Turn ended!

Turn 15 started!

Kiraya

Played base: Isaribi

Shield card added to hand

Played command: Airframe Seizure

Selecting target for Airframe Seizure

Airframe Seizure discarded

Airframe Seizure: Draw 2 cards

Shiden Custom (Ryusei-Go) deployed

Ryusei-Go (Graze Custom Ⅱ) deployed

Selecting target for Ryusei-Go (Graze Custom Ⅱ)

Ryusei-Go (Graze Custom Ⅱ): Dealt 1 damage to Ryusei-Go (Graze Custom Ⅱ), leaving 1 HP remaining

Ryusei-Go (Graze Custom Ⅱ): Draw a card

Selecting target for Ryusei-Go (Graze Custom Ⅱ)

Gundam Barbatos Adapt discarded

Turn end phase started

bladee

Passed

Kiraya

Passed

Turn ended!

Turn 16 started!

bladee

Gundam Lfrith deployed

Gundam Deathscythe deployed

Turn end phase started

Kiraya

Passed

bladee

Passed

Turn ended!

Turn 17 started!

Battle initiated

Kiraya

Battle declared: Ryusei-Go (Graze Custom Ⅱ) against Enemy Player

bladee

Assigned no blocker

Action step

bladee

Passed

Kiraya

Passed

Battle started: Ryusei-Go (Graze Custom Ⅱ) against Enemy Shield

bladee

Shield card: Silver Bullet revealed and discarded

Battle ended

Kiraya

Gundam Barbatos Adapt deployed

Selecting target for Gundam Barbatos Adapt

Gundam Barbatos Adapt: Dealt 1 damage to: Gundam Barbatos Adapt and Gundam Lfrith

Linked pilot: Mikazuki Augus on unit Gundam Barbatos Adapt

Selecting target for Mikazuki Augus

Mikazuki Augus: Dealt 1 damage to: Gundam Barbatos Adapt and Gundam Lfrith

Gundam Barbatos Lupus deployed

Activated: Gundam Barbatos Lupus

Hyakuren, Shiden Custom (Ryusei-Go) and Gundam Barbatos Adapt exiled from the game

Selecting target for Gundam Barbatos Lupus

Gundam Barbatos Lupus: Dealt 2 damage to Gundam Lfrith, now destroyed

Battle initiated

Kiraya

Battle declared: Shiden Custom (Ryusei-Go) against Enemy Player

bladee

No blockers available

Action step

bladee

Passed

Kiraya

Passed

Battle started: Shiden Custom (Ryusei-Go) against Enemy Shield

bladee

Shield card: Duo Maxwell revealed

Shield card added to hand: Duo Maxwell

Battle ended

Winner!

Game ended!