Mobile Suit Arena - Battle logs
Game started!

Kiraya

Choose to play first

Choose to mulligan starting hand

AnyingORNG

Choose to keep starting hand

Turn 1 started!

Turn end phase started

AnyingORNG

Passed

Kiraya

Passed

Turn ended!

Turn 2 started!

AnyingORNG

Played command: Overflowing Affection

Overflowing Affection: Draw 2 cards

Selecting target for Overflowing Affection

Ryusei-Go (Graze Custom Ⅱ) discarded

Turn end phase started

Kiraya

Passed

AnyingORNG

Passed

Turn ended!

Turn 3 started!

Kiraya

Gundam Exia Repair deployed

Turn end phase started

AnyingORNG

Passed

Kiraya

Passed

Turn ended!

Turn 4 started!

AnyingORNG

Gundam Barbatos 1st Form deployed

Turn end phase started

Kiraya

Passed

AnyingORNG

Passed

Turn ended!

Turn 5 started!

Kiraya

Hyakuren deployed

Battle initiated

Kiraya

Battle declared: Gundam Exia Repair against Enemy Player

AnyingORNG

No blockers available

Action step

AnyingORNG

Passed

Kiraya

Passed

Battle started: Gundam Exia Repair against EX Base

AnyingORNG

EX Base received 2 damage, leaving 1 HP remaining

Battle ended

Turn end phase started

AnyingORNG

Passed

Kiraya

Passed

Turn ended!

Turn 6 started!

AnyingORNG

Ryusei-Go (Graze Custom Ⅱ) deployed

Selecting target for Ryusei-Go (Graze Custom Ⅱ)

Ryusei-Go (Graze Custom Ⅱ): Dealt 1 damage to Gundam Barbatos 1st Form, leaving 1 HP remaining

Ryusei-Go (Graze Custom Ⅱ): Draw a card

Selecting target for Ryusei-Go (Graze Custom Ⅱ)

Isaribi discarded

Battle initiated

AnyingORNG

Battle declared: Gundam Barbatos 1st Form against Enemy Player

Gundam Barbatos 1st Form: Draw a card

Kiraya

No blockers available

Action step

Kiraya

Passed

AnyingORNG

Passed

Battle started: Gundam Barbatos 1st Form against EX Base

Kiraya

EX Base received 3 damage, now destroyed

Battle ended

Turn end phase started

Kiraya

Passed

AnyingORNG

Passed

Turn ended!

Turn 7 started!

Kiraya

Gundam Barbatos 1st Form deployed

Gundam Barbatos Adapt deployed

Selecting target for Gundam Barbatos Adapt

Gundam Barbatos Adapt: Dealt 1 damage to: Gundam Barbatos 1st Form and Gundam Barbatos 1st Form

Battle initiated

Kiraya

Battle declared: Gundam Exia Repair against Enemy Player

AnyingORNG

No blockers available

Action step

AnyingORNG

Passed

Kiraya

Passed

Battle started: Gundam Exia Repair against EX Base

AnyingORNG

EX Base received 2 damage, now destroyed

Battle ended

Battle initiated

Kiraya

Battle declared: Hyakuren against Enemy Player

AnyingORNG

No blockers available

Action step

AnyingORNG

Passed

Kiraya

Passed

Battle started: Hyakuren against Enemy Shield

AnyingORNG

Shield card: Gundam Gusion Rebake revealed and discarded

Battle ended

Turn end phase started

AnyingORNG

Passed

Kiraya

Passed

Turn ended!

Turn 8 started!

AnyingORNG

Ryusei-Go (Graze Custom Ⅱ) deployed

Selecting target for Ryusei-Go (Graze Custom Ⅱ)

Ryusei-Go (Graze Custom Ⅱ): Dealt 1 damage to Ryusei-Go (Graze Custom Ⅱ), leaving 1 HP remaining

Ryusei-Go (Graze Custom Ⅱ): Draw a card

Selecting target for Ryusei-Go (Graze Custom Ⅱ)

McGillis' Schwalbe Graze discarded

Graze Commander Type deployed

Battle initiated

AnyingORNG

Battle declared: Ryusei-Go (Graze Custom Ⅱ) against Gundam Exia Repair

Kiraya

No blockers available

Action step

Kiraya

Passed

AnyingORNG

Passed

Battle started: Ryusei-Go (Graze Custom Ⅱ) against Gundam Exia Repair

Kiraya

Gundam Exia Repair received 2 damage, now destroyed

AnyingORNG

Ryusei-Go (Graze Custom Ⅱ) received 2 damage, now destroyed

Kiraya

Gundam Exia Repair milled 2: Darkness Finger and Mikazuki Augus moved to trash

Battle ended

Turn end phase started

Kiraya

Passed

AnyingORNG

Passed

Turn ended!

Turn 9 started!

Kiraya

Played action: Darkness Finger

Darkness Finger: Dealt 2 damage to Graze Commander Type, now destroyed

Battle initiated

Kiraya

Battle declared: Gundam Barbatos 1st Form against Enemy Player

Gundam Barbatos 1st Form: Draw a card

AnyingORNG

No blockers available

Action step

AnyingORNG

Passed

Kiraya

Passed

Battle started: Gundam Barbatos 1st Form against Enemy Shield

AnyingORNG

Shield card: Isaribi revealed

Played base: Isaribi

Shield card added to hand

Battle ended

Battle initiated

Kiraya

Battle declared: Hyakuren against Enemy Player

AnyingORNG

No blockers available

Action step

AnyingORNG

Passed

Kiraya

Passed

Battle started: Hyakuren against Isaribi

AnyingORNG

Isaribi received 4 damage, leaving 1 HP remaining

Battle ended

Battle initiated

Kiraya

Battle declared: Gundam Barbatos Adapt against Enemy Player

AnyingORNG

No blockers available

Action step

AnyingORNG

Passed

Kiraya

Passed

Battle started: Gundam Barbatos Adapt against Isaribi

AnyingORNG

Isaribi received 2 damage, now destroyed

Battle ended

Kiraya

Shiden Custom (Ryusei-Go) deployed

Graze Custom deployed

Turn end phase started

AnyingORNG

Passed

Kiraya

Passed

Turn ended!

Turn 10 started!

AnyingORNG

Gundam Barbatos 1st Form deployed

Gundam Gusion Rebake deployed

Selecting target for Gundam Gusion Rebake

Gundam Gusion Rebake: Dealt 1 damage to: Gundam Barbatos 1st Form and Gundam Barbatos 1st Form

Turn end phase started

Kiraya

Passed

AnyingORNG

Passed

Turn ended!

Turn 11 started!

Battle initiated

Kiraya

Battle declared: Graze Custom against Enemy Player

AnyingORNG

Assigned Gundam Gusion Rebake to block

Action step

AnyingORNG

Passed

Kiraya

Passed

Battle started: Graze Custom against Gundam Gusion Rebake

AnyingORNG

Gundam Gusion Rebake received 2 damage, leaving 3 HP remaining

Kiraya

Graze Custom received 3 damage, now destroyed

Battle ended

Battle initiated

Kiraya

Battle declared: Gundam Barbatos Adapt against Enemy Player

AnyingORNG

No blockers available

Action step

AnyingORNG

Passed

Kiraya

Passed

Battle started: Gundam Barbatos Adapt against Enemy Shield

AnyingORNG

Shield card: Graze Commander Type revealed and discarded

Battle ended

Battle initiated

Kiraya

Battle declared: Hyakuren against Enemy Player

AnyingORNG

No blockers available

Action step

AnyingORNG

Passed

Kiraya

Passed

Battle started: Hyakuren against Enemy Shield

AnyingORNG

Shield card: Mikazuki Augus revealed

Shield card added to hand: Mikazuki Augus

Battle ended

Kiraya

Gundam Gusion Rebake deployed

Selecting target for Gundam Gusion Rebake

Gundam Gusion Rebake: Dealt 1 damage to: Gundam Barbatos Adapt and Gundam Barbatos 1st Form

Played command: Airframe Seizure

Selecting target for Airframe Seizure

Gundam Barbatos Lupus discarded

Airframe Seizure: Draw 2 cards

Turn end phase started

AnyingORNG

Passed

Kiraya

Passed

Turn ended!

Turn 12 started!

Battle initiated

AnyingORNG

Battle declared: Ryusei-Go (Graze Custom Ⅱ) against Hyakuren

Kiraya

Assigned Gundam Gusion Rebake to block

Action step

Kiraya

Passed

AnyingORNG

Passed

Battle started: Ryusei-Go (Graze Custom Ⅱ) against Gundam Gusion Rebake

Kiraya

Gundam Gusion Rebake received 2 damage, leaving 3 HP remaining

AnyingORNG

Ryusei-Go (Graze Custom Ⅱ) received 3 damage, now destroyed

Battle ended

Battle initiated

AnyingORNG

Battle declared: Gundam Gusion Rebake against Gundam Gusion Rebake

Kiraya

Assigned no blocker

Action step

Kiraya

Passed

AnyingORNG

Passed

Battle started: Gundam Gusion Rebake against Gundam Gusion Rebake

Kiraya

Gundam Gusion Rebake received 3 damage, now destroyed

AnyingORNG

Gundam Gusion Rebake received 3 damage, now destroyed

Battle ended

AnyingORNG

Gaelio's Schwalbe Graze deployed

McGillis' Schwalbe Graze deployed

Turn end phase started

Kiraya

Passed

AnyingORNG

Passed

Turn ended!

Turn 13 started!

Kiraya

Gundam Gusion Rebake deployed

Selecting target for Gundam Gusion Rebake

Gundam Gusion Rebake: Dealt 1 damage to: Gundam Gusion Rebake and McGillis' Schwalbe Graze

Gundam Barbatos 1st Form deployed

Linked pilot: Mikazuki Augus on unit Gundam Barbatos 1st Form

Selecting target for Mikazuki Augus

Winner!

Game ended!